[2026-05-09T11:18:35.570+0000] {processor.py:161} INFO - Started process (PID=6929) to work on /home/vscode/.local/lib/python3.11/site-packages/airflow/example_dags/plugins/event_listener.py
[2026-05-09T11:18:35.571+0000] {processor.py:830} INFO - Processing file /home/vscode/.local/lib/python3.11/site-packages/airflow/example_dags/plugins/event_listener.py for tasks to queue
[2026-05-09T11:18:35.571+0000] {logging_mixin.py:188} INFO - [2026-05-09T11:18:35.571+0000] {dagbag.py:545} INFO - Filling up the DagBag from /home/vscode/.local/lib/python3.11/site-packages/airflow/example_dags/plugins/event_listener.py
[2026-05-09T11:18:35.573+0000] {processor.py:842} WARNING - No viable dags retrieved from /home/vscode/.local/lib/python3.11/site-packages/airflow/example_dags/plugins/event_listener.py
[2026-05-09T11:18:35.580+0000] {processor.py:183} INFO - Processing /home/vscode/.local/lib/python3.11/site-packages/airflow/example_dags/plugins/event_listener.py took 0.018 seconds
[2026-05-09T11:19:32.586+0000] {processor.py:161} INFO - Started process (PID=7490) to work on /home/vscode/.local/lib/python3.11/site-packages/airflow/example_dags/plugins/event_listener.py
[2026-05-09T11:19:32.587+0000] {processor.py:830} INFO - Processing file /home/vscode/.local/lib/python3.11/site-packages/airflow/example_dags/plugins/event_listener.py for tasks to queue
[2026-05-09T11:19:32.587+0000] {logging_mixin.py:188} INFO - [2026-05-09T11:19:32.587+0000] {dagbag.py:545} INFO - Filling up the DagBag from /home/vscode/.local/lib/python3.11/site-packages/airflow/example_dags/plugins/event_listener.py
[2026-05-09T11:19:32.589+0000] {processor.py:842} WARNING - No viable dags retrieved from /home/vscode/.local/lib/python3.11/site-packages/airflow/example_dags/plugins/event_listener.py
[2026-05-09T11:19:32.596+0000] {processor.py:183} INFO - Processing /home/vscode/.local/lib/python3.11/site-packages/airflow/example_dags/plugins/event_listener.py took 0.016 seconds
[2026-05-09T11:20:27.879+0000] {processor.py:161} INFO - Started process (PID=7945) to work on /home/vscode/.local/lib/python3.11/site-packages/airflow/example_dags/plugins/event_listener.py
[2026-05-09T11:20:27.880+0000] {processor.py:830} INFO - Processing file /home/vscode/.local/lib/python3.11/site-packages/airflow/example_dags/plugins/event_listener.py for tasks to queue
[2026-05-09T11:20:27.880+0000] {logging_mixin.py:188} INFO - [2026-05-09T11:20:27.880+0000] {dagbag.py:545} INFO - Filling up the DagBag from /home/vscode/.local/lib/python3.11/site-packages/airflow/example_dags/plugins/event_listener.py
[2026-05-09T11:20:27.882+0000] {processor.py:842} WARNING - No viable dags retrieved from /home/vscode/.local/lib/python3.11/site-packages/airflow/example_dags/plugins/event_listener.py
[2026-05-09T11:20:27.890+0000] {processor.py:183} INFO - Processing /home/vscode/.local/lib/python3.11/site-packages/airflow/example_dags/plugins/event_listener.py took 0.017 seconds
[2026-05-09T11:21:12.041+0000] {processor.py:161} INFO - Started process (PID=8338) to work on /home/vscode/.local/lib/python3.11/site-packages/airflow/example_dags/plugins/event_listener.py
[2026-05-09T11:21:12.042+0000] {processor.py:830} INFO - Processing file /home/vscode/.local/lib/python3.11/site-packages/airflow/example_dags/plugins/event_listener.py for tasks to queue
[2026-05-09T11:21:12.042+0000] {logging_mixin.py:188} INFO - [2026-05-09T11:21:12.042+0000] {dagbag.py:545} INFO - Filling up the DagBag from /home/vscode/.local/lib/python3.11/site-packages/airflow/example_dags/plugins/event_listener.py
[2026-05-09T11:21:12.044+0000] {processor.py:842} WARNING - No viable dags retrieved from /home/vscode/.local/lib/python3.11/site-packages/airflow/example_dags/plugins/event_listener.py
[2026-05-09T11:21:12.054+0000] {processor.py:183} INFO - Processing /home/vscode/.local/lib/python3.11/site-packages/airflow/example_dags/plugins/event_listener.py took 0.019 seconds
[2026-05-09T11:21:52.741+0000] {processor.py:161} INFO - Started process (PID=8815) to work on /home/vscode/.local/lib/python3.11/site-packages/airflow/example_dags/plugins/event_listener.py
[2026-05-09T11:21:52.742+0000] {processor.py:830} INFO - Processing file /home/vscode/.local/lib/python3.11/site-packages/airflow/example_dags/plugins/event_listener.py for tasks to queue
[2026-05-09T11:21:52.742+0000] {logging_mixin.py:188} INFO - [2026-05-09T11:21:52.742+0000] {dagbag.py:545} INFO - Filling up the DagBag from /home/vscode/.local/lib/python3.11/site-packages/airflow/example_dags/plugins/event_listener.py
[2026-05-09T11:21:52.744+0000] {processor.py:842} WARNING - No viable dags retrieved from /home/vscode/.local/lib/python3.11/site-packages/airflow/example_dags/plugins/event_listener.py
[2026-05-09T11:21:52.751+0000] {processor.py:183} INFO - Processing /home/vscode/.local/lib/python3.11/site-packages/airflow/example_dags/plugins/event_listener.py took 0.015 seconds
[2026-05-09T11:22:31.980+0000] {processor.py:161} INFO - Started process (PID=9248) to work on /home/vscode/.local/lib/python3.11/site-packages/airflow/example_dags/plugins/event_listener.py
[2026-05-09T11:22:31.980+0000] {processor.py:830} INFO - Processing file /home/vscode/.local/lib/python3.11/site-packages/airflow/example_dags/plugins/event_listener.py for tasks to queue
[2026-05-09T11:22:31.981+0000] {logging_mixin.py:188} INFO - [2026-05-09T11:22:31.980+0000] {dagbag.py:545} INFO - Filling up the DagBag from /home/vscode/.local/lib/python3.11/site-packages/airflow/example_dags/plugins/event_listener.py
[2026-05-09T11:22:31.982+0000] {processor.py:842} WARNING - No viable dags retrieved from /home/vscode/.local/lib/python3.11/site-packages/airflow/example_dags/plugins/event_listener.py
[2026-05-09T11:22:31.989+0000] {processor.py:183} INFO - Processing /home/vscode/.local/lib/python3.11/site-packages/airflow/example_dags/plugins/event_listener.py took 0.016 seconds
[2026-05-09T11:23:08.553+0000] {processor.py:161} INFO - Started process (PID=9677) to work on /home/vscode/.local/lib/python3.11/site-packages/airflow/example_dags/plugins/event_listener.py
[2026-05-09T11:23:08.555+0000] {processor.py:830} INFO - Processing file /home/vscode/.local/lib/python3.11/site-packages/airflow/example_dags/plugins/event_listener.py for tasks to queue
[2026-05-09T11:23:08.556+0000] {logging_mixin.py:188} INFO - [2026-05-09T11:23:08.556+0000] {dagbag.py:545} INFO - Filling up the DagBag from /home/vscode/.local/lib/python3.11/site-packages/airflow/example_dags/plugins/event_listener.py
[2026-05-09T11:23:08.559+0000] {processor.py:842} WARNING - No viable dags retrieved from /home/vscode/.local/lib/python3.11/site-packages/airflow/example_dags/plugins/event_listener.py
[2026-05-09T11:23:08.571+0000] {processor.py:183} INFO - Processing /home/vscode/.local/lib/python3.11/site-packages/airflow/example_dags/plugins/event_listener.py took 0.027 seconds
[2026-05-09T11:23:48.656+0000] {processor.py:161} INFO - Started process (PID=10238) to work on /home/vscode/.local/lib/python3.11/site-packages/airflow/example_dags/plugins/event_listener.py
[2026-05-09T11:23:48.657+0000] {processor.py:830} INFO - Processing file /home/vscode/.local/lib/python3.11/site-packages/airflow/example_dags/plugins/event_listener.py for tasks to queue
[2026-05-09T11:23:48.657+0000] {logging_mixin.py:188} INFO - [2026-05-09T11:23:48.657+0000] {dagbag.py:545} INFO - Filling up the DagBag from /home/vscode/.local/lib/python3.11/site-packages/airflow/example_dags/plugins/event_listener.py
[2026-05-09T11:23:48.659+0000] {processor.py:842} WARNING - No viable dags retrieved from /home/vscode/.local/lib/python3.11/site-packages/airflow/example_dags/plugins/event_listener.py
[2026-05-09T11:23:48.666+0000] {processor.py:183} INFO - Processing /home/vscode/.local/lib/python3.11/site-packages/airflow/example_dags/plugins/event_listener.py took 0.015 seconds
[2026-05-09T11:24:29.837+0000] {processor.py:161} INFO - Started process (PID=10785) to work on /home/vscode/.local/lib/python3.11/site-packages/airflow/example_dags/plugins/event_listener.py
[2026-05-09T11:24:29.837+0000] {processor.py:830} INFO - Processing file /home/vscode/.local/lib/python3.11/site-packages/airflow/example_dags/plugins/event_listener.py for tasks to queue
[2026-05-09T11:24:29.838+0000] {logging_mixin.py:188} INFO - [2026-05-09T11:24:29.838+0000] {dagbag.py:545} INFO - Filling up the DagBag from /home/vscode/.local/lib/python3.11/site-packages/airflow/example_dags/plugins/event_listener.py
[2026-05-09T11:24:29.840+0000] {processor.py:842} WARNING - No viable dags retrieved from /home/vscode/.local/lib/python3.11/site-packages/airflow/example_dags/plugins/event_listener.py
[2026-05-09T11:24:29.847+0000] {processor.py:183} INFO - Processing /home/vscode/.local/lib/python3.11/site-packages/airflow/example_dags/plugins/event_listener.py took 0.016 seconds
[2026-05-09T11:25:09.930+0000] {processor.py:161} INFO - Started process (PID=11245) to work on /home/vscode/.local/lib/python3.11/site-packages/airflow/example_dags/plugins/event_listener.py
[2026-05-09T11:25:09.931+0000] {processor.py:830} INFO - Processing file /home/vscode/.local/lib/python3.11/site-packages/airflow/example_dags/plugins/event_listener.py for tasks to queue
[2026-05-09T11:25:09.931+0000] {logging_mixin.py:188} INFO - [2026-05-09T11:25:09.931+0000] {dagbag.py:545} INFO - Filling up the DagBag from /home/vscode/.local/lib/python3.11/site-packages/airflow/example_dags/plugins/event_listener.py
[2026-05-09T11:25:09.933+0000] {processor.py:842} WARNING - No viable dags retrieved from /home/vscode/.local/lib/python3.11/site-packages/airflow/example_dags/plugins/event_listener.py
[2026-05-09T11:25:09.940+0000] {processor.py:183} INFO - Processing /home/vscode/.local/lib/python3.11/site-packages/airflow/example_dags/plugins/event_listener.py took 0.016 seconds
[2026-05-09T11:25:50.885+0000] {processor.py:161} INFO - Started process (PID=11575) to work on /home/vscode/.local/lib/python3.11/site-packages/airflow/example_dags/plugins/event_listener.py
[2026-05-09T11:25:50.886+0000] {processor.py:830} INFO - Processing file /home/vscode/.local/lib/python3.11/site-packages/airflow/example_dags/plugins/event_listener.py for tasks to queue
[2026-05-09T11:25:50.886+0000] {logging_mixin.py:188} INFO - [2026-05-09T11:25:50.886+0000] {dagbag.py:545} INFO - Filling up the DagBag from /home/vscode/.local/lib/python3.11/site-packages/airflow/example_dags/plugins/event_listener.py
[2026-05-09T11:25:50.888+0000] {processor.py:842} WARNING - No viable dags retrieved from /home/vscode/.local/lib/python3.11/site-packages/airflow/example_dags/plugins/event_listener.py
[2026-05-09T11:25:50.895+0000] {processor.py:183} INFO - Processing /home/vscode/.local/lib/python3.11/site-packages/airflow/example_dags/plugins/event_listener.py took 0.016 seconds
[2026-05-09T11:26:30.931+0000] {processor.py:161} INFO - Started process (PID=11949) to work on /home/vscode/.local/lib/python3.11/site-packages/airflow/example_dags/plugins/event_listener.py
[2026-05-09T11:26:30.935+0000] {processor.py:830} INFO - Processing file /home/vscode/.local/lib/python3.11/site-packages/airflow/example_dags/plugins/event_listener.py for tasks to queue
[2026-05-09T11:26:30.936+0000] {logging_mixin.py:188} INFO - [2026-05-09T11:26:30.936+0000] {dagbag.py:545} INFO - Filling up the DagBag from /home/vscode/.local/lib/python3.11/site-packages/airflow/example_dags/plugins/event_listener.py
[2026-05-09T11:26:30.941+0000] {processor.py:842} WARNING - No viable dags retrieved from /home/vscode/.local/lib/python3.11/site-packages/airflow/example_dags/plugins/event_listener.py
[2026-05-09T11:26:30.958+0000] {processor.py:183} INFO - Processing /home/vscode/.local/lib/python3.11/site-packages/airflow/example_dags/plugins/event_listener.py took 0.044 seconds
[2026-05-09T11:27:10.532+0000] {processor.py:161} INFO - Started process (PID=12427) to work on /home/vscode/.local/lib/python3.11/site-packages/airflow/example_dags/plugins/event_listener.py
[2026-05-09T11:27:10.533+0000] {processor.py:830} INFO - Processing file /home/vscode/.local/lib/python3.11/site-packages/airflow/example_dags/plugins/event_listener.py for tasks to queue
[2026-05-09T11:27:10.533+0000] {logging_mixin.py:188} INFO - [2026-05-09T11:27:10.533+0000] {dagbag.py:545} INFO - Filling up the DagBag from /home/vscode/.local/lib/python3.11/site-packages/airflow/example_dags/plugins/event_listener.py
[2026-05-09T11:27:10.535+0000] {processor.py:842} WARNING - No viable dags retrieved from /home/vscode/.local/lib/python3.11/site-packages/airflow/example_dags/plugins/event_listener.py
[2026-05-09T11:27:10.542+0000] {processor.py:183} INFO - Processing /home/vscode/.local/lib/python3.11/site-packages/airflow/example_dags/plugins/event_listener.py took 0.016 seconds
[2026-05-09T11:27:49.935+0000] {processor.py:161} INFO - Started process (PID=12923) to work on /home/vscode/.local/lib/python3.11/site-packages/airflow/example_dags/plugins/event_listener.py
[2026-05-09T11:27:49.935+0000] {processor.py:830} INFO - Processing file /home/vscode/.local/lib/python3.11/site-packages/airflow/example_dags/plugins/event_listener.py for tasks to queue
[2026-05-09T11:27:49.936+0000] {logging_mixin.py:188} INFO - [2026-05-09T11:27:49.936+0000] {dagbag.py:545} INFO - Filling up the DagBag from /home/vscode/.local/lib/python3.11/site-packages/airflow/example_dags/plugins/event_listener.py
[2026-05-09T11:27:49.939+0000] {processor.py:842} WARNING - No viable dags retrieved from /home/vscode/.local/lib/python3.11/site-packages/airflow/example_dags/plugins/event_listener.py
[2026-05-09T11:27:49.952+0000] {processor.py:183} INFO - Processing /home/vscode/.local/lib/python3.11/site-packages/airflow/example_dags/plugins/event_listener.py took 0.028 seconds
[2026-05-09T11:28:30.599+0000] {processor.py:161} INFO - Started process (PID=13397) to work on /home/vscode/.local/lib/python3.11/site-packages/airflow/example_dags/plugins/event_listener.py
[2026-05-09T11:28:30.599+0000] {processor.py:830} INFO - Processing file /home/vscode/.local/lib/python3.11/site-packages/airflow/example_dags/plugins/event_listener.py for tasks to queue
[2026-05-09T11:28:30.600+0000] {logging_mixin.py:188} INFO - [2026-05-09T11:28:30.600+0000] {dagbag.py:545} INFO - Filling up the DagBag from /home/vscode/.local/lib/python3.11/site-packages/airflow/example_dags/plugins/event_listener.py
[2026-05-09T11:28:30.602+0000] {processor.py:842} WARNING - No viable dags retrieved from /home/vscode/.local/lib/python3.11/site-packages/airflow/example_dags/plugins/event_listener.py
[2026-05-09T11:28:30.612+0000] {processor.py:183} INFO - Processing /home/vscode/.local/lib/python3.11/site-packages/airflow/example_dags/plugins/event_listener.py took 0.024 seconds
[2026-05-09T11:29:09.863+0000] {processor.py:161} INFO - Started process (PID=13813) to work on /home/vscode/.local/lib/python3.11/site-packages/airflow/example_dags/plugins/event_listener.py
[2026-05-09T11:29:09.863+0000] {processor.py:830} INFO - Processing file /home/vscode/.local/lib/python3.11/site-packages/airflow/example_dags/plugins/event_listener.py for tasks to queue
[2026-05-09T11:29:09.864+0000] {logging_mixin.py:188} INFO - [2026-05-09T11:29:09.864+0000] {dagbag.py:545} INFO - Filling up the DagBag from /home/vscode/.local/lib/python3.11/site-packages/airflow/example_dags/plugins/event_listener.py
[2026-05-09T11:29:09.866+0000] {processor.py:842} WARNING - No viable dags retrieved from /home/vscode/.local/lib/python3.11/site-packages/airflow/example_dags/plugins/event_listener.py
[2026-05-09T11:29:09.873+0000] {processor.py:183} INFO - Processing /home/vscode/.local/lib/python3.11/site-packages/airflow/example_dags/plugins/event_listener.py took 0.017 seconds
[2026-05-09T11:29:54.357+0000] {processor.py:161} INFO - Started process (PID=14213) to work on /home/vscode/.local/lib/python3.11/site-packages/airflow/example_dags/plugins/event_listener.py
[2026-05-09T11:29:54.358+0000] {processor.py:830} INFO - Processing file /home/vscode/.local/lib/python3.11/site-packages/airflow/example_dags/plugins/event_listener.py for tasks to queue
[2026-05-09T11:29:54.358+0000] {logging_mixin.py:188} INFO - [2026-05-09T11:29:54.358+0000] {dagbag.py:545} INFO - Filling up the DagBag from /home/vscode/.local/lib/python3.11/site-packages/airflow/example_dags/plugins/event_listener.py
[2026-05-09T11:29:54.361+0000] {processor.py:842} WARNING - No viable dags retrieved from /home/vscode/.local/lib/python3.11/site-packages/airflow/example_dags/plugins/event_listener.py
[2026-05-09T11:29:54.371+0000] {processor.py:183} INFO - Processing /home/vscode/.local/lib/python3.11/site-packages/airflow/example_dags/plugins/event_listener.py took 0.023 seconds
[2026-05-09T11:30:36.548+0000] {processor.py:161} INFO - Started process (PID=14728) to work on /home/vscode/.local/lib/python3.11/site-packages/airflow/example_dags/plugins/event_listener.py
[2026-05-09T11:30:36.549+0000] {processor.py:830} INFO - Processing file /home/vscode/.local/lib/python3.11/site-packages/airflow/example_dags/plugins/event_listener.py for tasks to queue
[2026-05-09T11:30:36.549+0000] {logging_mixin.py:188} INFO - [2026-05-09T11:30:36.549+0000] {dagbag.py:545} INFO - Filling up the DagBag from /home/vscode/.local/lib/python3.11/site-packages/airflow/example_dags/plugins/event_listener.py
[2026-05-09T11:30:36.551+0000] {processor.py:842} WARNING - No viable dags retrieved from /home/vscode/.local/lib/python3.11/site-packages/airflow/example_dags/plugins/event_listener.py
[2026-05-09T11:30:36.560+0000] {processor.py:183} INFO - Processing /home/vscode/.local/lib/python3.11/site-packages/airflow/example_dags/plugins/event_listener.py took 0.018 seconds
[2026-05-09T11:31:14.571+0000] {processor.py:161} INFO - Started process (PID=15196) to work on /home/vscode/.local/lib/python3.11/site-packages/airflow/example_dags/plugins/event_listener.py
[2026-05-09T11:31:14.571+0000] {processor.py:830} INFO - Processing file /home/vscode/.local/lib/python3.11/site-packages/airflow/example_dags/plugins/event_listener.py for tasks to queue
[2026-05-09T11:31:14.572+0000] {logging_mixin.py:188} INFO - [2026-05-09T11:31:14.572+0000] {dagbag.py:545} INFO - Filling up the DagBag from /home/vscode/.local/lib/python3.11/site-packages/airflow/example_dags/plugins/event_listener.py
[2026-05-09T11:31:14.574+0000] {processor.py:842} WARNING - No viable dags retrieved from /home/vscode/.local/lib/python3.11/site-packages/airflow/example_dags/plugins/event_listener.py
[2026-05-09T11:31:14.581+0000] {processor.py:183} INFO - Processing /home/vscode/.local/lib/python3.11/site-packages/airflow/example_dags/plugins/event_listener.py took 0.017 seconds
[2026-05-09T11:31:59.180+0000] {processor.py:161} INFO - Started process (PID=15679) to work on /home/vscode/.local/lib/python3.11/site-packages/airflow/example_dags/plugins/event_listener.py
[2026-05-09T11:31:59.180+0000] {processor.py:830} INFO - Processing file /home/vscode/.local/lib/python3.11/site-packages/airflow/example_dags/plugins/event_listener.py for tasks to queue
[2026-05-09T11:31:59.181+0000] {logging_mixin.py:188} INFO - [2026-05-09T11:31:59.180+0000] {dagbag.py:545} INFO - Filling up the DagBag from /home/vscode/.local/lib/python3.11/site-packages/airflow/example_dags/plugins/event_listener.py
[2026-05-09T11:31:59.182+0000] {processor.py:842} WARNING - No viable dags retrieved from /home/vscode/.local/lib/python3.11/site-packages/airflow/example_dags/plugins/event_listener.py
[2026-05-09T11:31:59.190+0000] {processor.py:183} INFO - Processing /home/vscode/.local/lib/python3.11/site-packages/airflow/example_dags/plugins/event_listener.py took 0.016 seconds
[2026-05-09T11:32:42.742+0000] {processor.py:161} INFO - Started process (PID=16054) to work on /home/vscode/.local/lib/python3.11/site-packages/airflow/example_dags/plugins/event_listener.py
[2026-05-09T11:32:42.743+0000] {processor.py:830} INFO - Processing file /home/vscode/.local/lib/python3.11/site-packages/airflow/example_dags/plugins/event_listener.py for tasks to queue
[2026-05-09T11:32:42.743+0000] {logging_mixin.py:188} INFO - [2026-05-09T11:32:42.743+0000] {dagbag.py:545} INFO - Filling up the DagBag from /home/vscode/.local/lib/python3.11/site-packages/airflow/example_dags/plugins/event_listener.py
[2026-05-09T11:32:42.745+0000] {processor.py:842} WARNING - No viable dags retrieved from /home/vscode/.local/lib/python3.11/site-packages/airflow/example_dags/plugins/event_listener.py
[2026-05-09T11:32:42.753+0000] {processor.py:183} INFO - Processing /home/vscode/.local/lib/python3.11/site-packages/airflow/example_dags/plugins/event_listener.py took 0.017 seconds
[2026-05-09T11:33:26.552+0000] {processor.py:161} INFO - Started process (PID=16375) to work on /home/vscode/.local/lib/python3.11/site-packages/airflow/example_dags/plugins/event_listener.py
[2026-05-09T11:33:26.555+0000] {processor.py:830} INFO - Processing file /home/vscode/.local/lib/python3.11/site-packages/airflow/example_dags/plugins/event_listener.py for tasks to queue
[2026-05-09T11:33:26.556+0000] {logging_mixin.py:188} INFO - [2026-05-09T11:33:26.556+0000] {dagbag.py:545} INFO - Filling up the DagBag from /home/vscode/.local/lib/python3.11/site-packages/airflow/example_dags/plugins/event_listener.py
[2026-05-09T11:33:26.561+0000] {processor.py:842} WARNING - No viable dags retrieved from /home/vscode/.local/lib/python3.11/site-packages/airflow/example_dags/plugins/event_listener.py
[2026-05-09T11:33:26.575+0000] {processor.py:183} INFO - Processing /home/vscode/.local/lib/python3.11/site-packages/airflow/example_dags/plugins/event_listener.py took 0.045 seconds
[2026-05-09T11:34:08.410+0000] {processor.py:161} INFO - Started process (PID=16809) to work on /home/vscode/.local/lib/python3.11/site-packages/airflow/example_dags/plugins/event_listener.py
[2026-05-09T11:34:08.410+0000] {processor.py:830} INFO - Processing file /home/vscode/.local/lib/python3.11/site-packages/airflow/example_dags/plugins/event_listener.py for tasks to queue
[2026-05-09T11:34:08.411+0000] {logging_mixin.py:188} INFO - [2026-05-09T11:34:08.410+0000] {dagbag.py:545} INFO - Filling up the DagBag from /home/vscode/.local/lib/python3.11/site-packages/airflow/example_dags/plugins/event_listener.py
[2026-05-09T11:34:08.412+0000] {processor.py:842} WARNING - No viable dags retrieved from /home/vscode/.local/lib/python3.11/site-packages/airflow/example_dags/plugins/event_listener.py
[2026-05-09T11:34:08.419+0000] {processor.py:183} INFO - Processing /home/vscode/.local/lib/python3.11/site-packages/airflow/example_dags/plugins/event_listener.py took 0.016 seconds
[2026-05-09T11:34:49.993+0000] {processor.py:161} INFO - Started process (PID=17182) to work on /home/vscode/.local/lib/python3.11/site-packages/airflow/example_dags/plugins/event_listener.py
[2026-05-09T11:34:49.994+0000] {processor.py:830} INFO - Processing file /home/vscode/.local/lib/python3.11/site-packages/airflow/example_dags/plugins/event_listener.py for tasks to queue
[2026-05-09T11:34:49.994+0000] {logging_mixin.py:188} INFO - [2026-05-09T11:34:49.994+0000] {dagbag.py:545} INFO - Filling up the DagBag from /home/vscode/.local/lib/python3.11/site-packages/airflow/example_dags/plugins/event_listener.py
[2026-05-09T11:34:49.996+0000] {processor.py:842} WARNING - No viable dags retrieved from /home/vscode/.local/lib/python3.11/site-packages/airflow/example_dags/plugins/event_listener.py
[2026-05-09T11:34:50.003+0000] {processor.py:183} INFO - Processing /home/vscode/.local/lib/python3.11/site-packages/airflow/example_dags/plugins/event_listener.py took 0.016 seconds
[2026-05-09T11:35:30.058+0000] {processor.py:161} INFO - Started process (PID=17476) to work on /home/vscode/.local/lib/python3.11/site-packages/airflow/example_dags/plugins/event_listener.py
[2026-05-09T11:35:30.059+0000] {processor.py:830} INFO - Processing file /home/vscode/.local/lib/python3.11/site-packages/airflow/example_dags/plugins/event_listener.py for tasks to queue
[2026-05-09T11:35:30.060+0000] {logging_mixin.py:188} INFO - [2026-05-09T11:35:30.059+0000] {dagbag.py:545} INFO - Filling up the DagBag from /home/vscode/.local/lib/python3.11/site-packages/airflow/example_dags/plugins/event_listener.py
[2026-05-09T11:35:30.062+0000] {processor.py:842} WARNING - No viable dags retrieved from /home/vscode/.local/lib/python3.11/site-packages/airflow/example_dags/plugins/event_listener.py
[2026-05-09T11:35:30.076+0000] {processor.py:183} INFO - Processing /home/vscode/.local/lib/python3.11/site-packages/airflow/example_dags/plugins/event_listener.py took 0.084 seconds
[2026-05-09T11:36:07.961+0000] {processor.py:161} INFO - Started process (PID=17820) to work on /home/vscode/.local/lib/python3.11/site-packages/airflow/example_dags/plugins/event_listener.py
[2026-05-09T11:36:07.962+0000] {processor.py:830} INFO - Processing file /home/vscode/.local/lib/python3.11/site-packages/airflow/example_dags/plugins/event_listener.py for tasks to queue
[2026-05-09T11:36:07.962+0000] {logging_mixin.py:188} INFO - [2026-05-09T11:36:07.962+0000] {dagbag.py:545} INFO - Filling up the DagBag from /home/vscode/.local/lib/python3.11/site-packages/airflow/example_dags/plugins/event_listener.py
[2026-05-09T11:36:07.964+0000] {processor.py:842} WARNING - No viable dags retrieved from /home/vscode/.local/lib/python3.11/site-packages/airflow/example_dags/plugins/event_listener.py
[2026-05-09T11:36:07.972+0000] {processor.py:183} INFO - Processing /home/vscode/.local/lib/python3.11/site-packages/airflow/example_dags/plugins/event_listener.py took 0.017 seconds
[2026-05-09T11:36:49.664+0000] {processor.py:161} INFO - Started process (PID=18186) to work on /home/vscode/.local/lib/python3.11/site-packages/airflow/example_dags/plugins/event_listener.py
[2026-05-09T11:36:49.665+0000] {processor.py:830} INFO - Processing file /home/vscode/.local/lib/python3.11/site-packages/airflow/example_dags/plugins/event_listener.py for tasks to queue
[2026-05-09T11:36:49.665+0000] {logging_mixin.py:188} INFO - [2026-05-09T11:36:49.665+0000] {dagbag.py:545} INFO - Filling up the DagBag from /home/vscode/.local/lib/python3.11/site-packages/airflow/example_dags/plugins/event_listener.py
[2026-05-09T11:36:49.667+0000] {processor.py:842} WARNING - No viable dags retrieved from /home/vscode/.local/lib/python3.11/site-packages/airflow/example_dags/plugins/event_listener.py
[2026-05-09T11:36:49.675+0000] {processor.py:183} INFO - Processing /home/vscode/.local/lib/python3.11/site-packages/airflow/example_dags/plugins/event_listener.py took 0.017 seconds
[2026-05-09T11:37:30.474+0000] {processor.py:161} INFO - Started process (PID=18652) to work on /home/vscode/.local/lib/python3.11/site-packages/airflow/example_dags/plugins/event_listener.py
[2026-05-09T11:37:30.474+0000] {processor.py:830} INFO - Processing file /home/vscode/.local/lib/python3.11/site-packages/airflow/example_dags/plugins/event_listener.py for tasks to queue
[2026-05-09T11:37:30.475+0000] {logging_mixin.py:188} INFO - [2026-05-09T11:37:30.474+0000] {dagbag.py:545} INFO - Filling up the DagBag from /home/vscode/.local/lib/python3.11/site-packages/airflow/example_dags/plugins/event_listener.py
[2026-05-09T11:37:30.476+0000] {processor.py:842} WARNING - No viable dags retrieved from /home/vscode/.local/lib/python3.11/site-packages/airflow/example_dags/plugins/event_listener.py
[2026-05-09T11:37:30.483+0000] {processor.py:183} INFO - Processing /home/vscode/.local/lib/python3.11/site-packages/airflow/example_dags/plugins/event_listener.py took 0.015 seconds
[2026-05-09T11:38:11.587+0000] {processor.py:161} INFO - Started process (PID=19234) to work on /home/vscode/.local/lib/python3.11/site-packages/airflow/example_dags/plugins/event_listener.py
[2026-05-09T11:38:11.587+0000] {processor.py:830} INFO - Processing file /home/vscode/.local/lib/python3.11/site-packages/airflow/example_dags/plugins/event_listener.py for tasks to queue
[2026-05-09T11:38:11.588+0000] {logging_mixin.py:188} INFO - [2026-05-09T11:38:11.588+0000] {dagbag.py:545} INFO - Filling up the DagBag from /home/vscode/.local/lib/python3.11/site-packages/airflow/example_dags/plugins/event_listener.py
[2026-05-09T11:38:11.590+0000] {processor.py:842} WARNING - No viable dags retrieved from /home/vscode/.local/lib/python3.11/site-packages/airflow/example_dags/plugins/event_listener.py
[2026-05-09T11:38:11.597+0000] {processor.py:183} INFO - Processing /home/vscode/.local/lib/python3.11/site-packages/airflow/example_dags/plugins/event_listener.py took 0.016 seconds
[2026-05-09T11:38:53.024+0000] {processor.py:161} INFO - Started process (PID=19650) to work on /home/vscode/.local/lib/python3.11/site-packages/airflow/example_dags/plugins/event_listener.py
[2026-05-09T11:38:53.025+0000] {processor.py:830} INFO - Processing file /home/vscode/.local/lib/python3.11/site-packages/airflow/example_dags/plugins/event_listener.py for tasks to queue
[2026-05-09T11:38:53.025+0000] {logging_mixin.py:188} INFO - [2026-05-09T11:38:53.025+0000] {dagbag.py:545} INFO - Filling up the DagBag from /home/vscode/.local/lib/python3.11/site-packages/airflow/example_dags/plugins/event_listener.py
[2026-05-09T11:38:53.027+0000] {processor.py:842} WARNING - No viable dags retrieved from /home/vscode/.local/lib/python3.11/site-packages/airflow/example_dags/plugins/event_listener.py
[2026-05-09T11:38:53.035+0000] {processor.py:183} INFO - Processing /home/vscode/.local/lib/python3.11/site-packages/airflow/example_dags/plugins/event_listener.py took 0.017 seconds
[2026-05-09T11:39:31.885+0000] {processor.py:161} INFO - Started process (PID=20218) to work on /home/vscode/.local/lib/python3.11/site-packages/airflow/example_dags/plugins/event_listener.py
[2026-05-09T11:39:31.886+0000] {processor.py:830} INFO - Processing file /home/vscode/.local/lib/python3.11/site-packages/airflow/example_dags/plugins/event_listener.py for tasks to queue
[2026-05-09T11:39:31.886+0000] {logging_mixin.py:188} INFO - [2026-05-09T11:39:31.886+0000] {dagbag.py:545} INFO - Filling up the DagBag from /home/vscode/.local/lib/python3.11/site-packages/airflow/example_dags/plugins/event_listener.py
[2026-05-09T11:39:31.888+0000] {processor.py:842} WARNING - No viable dags retrieved from /home/vscode/.local/lib/python3.11/site-packages/airflow/example_dags/plugins/event_listener.py
[2026-05-09T11:39:31.895+0000] {processor.py:183} INFO - Processing /home/vscode/.local/lib/python3.11/site-packages/airflow/example_dags/plugins/event_listener.py took 0.016 seconds
[2026-05-09T11:40:13.826+0000] {processor.py:161} INFO - Started process (PID=20565) to work on /home/vscode/.local/lib/python3.11/site-packages/airflow/example_dags/plugins/event_listener.py
[2026-05-09T11:40:13.826+0000] {processor.py:830} INFO - Processing file /home/vscode/.local/lib/python3.11/site-packages/airflow/example_dags/plugins/event_listener.py for tasks to queue
[2026-05-09T11:40:13.827+0000] {logging_mixin.py:188} INFO - [2026-05-09T11:40:13.827+0000] {dagbag.py:545} INFO - Filling up the DagBag from /home/vscode/.local/lib/python3.11/site-packages/airflow/example_dags/plugins/event_listener.py
[2026-05-09T11:40:13.829+0000] {processor.py:842} WARNING - No viable dags retrieved from /home/vscode/.local/lib/python3.11/site-packages/airflow/example_dags/plugins/event_listener.py
[2026-05-09T11:40:13.836+0000] {processor.py:183} INFO - Processing /home/vscode/.local/lib/python3.11/site-packages/airflow/example_dags/plugins/event_listener.py took 0.020 seconds
[2026-05-09T11:40:56.331+0000] {processor.py:161} INFO - Started process (PID=20915) to work on /home/vscode/.local/lib/python3.11/site-packages/airflow/example_dags/plugins/event_listener.py
[2026-05-09T11:40:56.332+0000] {processor.py:830} INFO - Processing file /home/vscode/.local/lib/python3.11/site-packages/airflow/example_dags/plugins/event_listener.py for tasks to queue
[2026-05-09T11:40:56.332+0000] {logging_mixin.py:188} INFO - [2026-05-09T11:40:56.332+0000] {dagbag.py:545} INFO - Filling up the DagBag from /home/vscode/.local/lib/python3.11/site-packages/airflow/example_dags/plugins/event_listener.py
[2026-05-09T11:40:56.334+0000] {processor.py:842} WARNING - No viable dags retrieved from /home/vscode/.local/lib/python3.11/site-packages/airflow/example_dags/plugins/event_listener.py
[2026-05-09T11:40:56.342+0000] {processor.py:183} INFO - Processing /home/vscode/.local/lib/python3.11/site-packages/airflow/example_dags/plugins/event_listener.py took 0.017 seconds
[2026-05-09T11:41:39.524+0000] {processor.py:161} INFO - Started process (PID=21449) to work on /home/vscode/.local/lib/python3.11/site-packages/airflow/example_dags/plugins/event_listener.py
[2026-05-09T11:41:39.524+0000] {processor.py:830} INFO - Processing file /home/vscode/.local/lib/python3.11/site-packages/airflow/example_dags/plugins/event_listener.py for tasks to queue
[2026-05-09T11:41:39.525+0000] {logging_mixin.py:188} INFO - [2026-05-09T11:41:39.524+0000] {dagbag.py:545} INFO - Filling up the DagBag from /home/vscode/.local/lib/python3.11/site-packages/airflow/example_dags/plugins/event_listener.py
[2026-05-09T11:41:39.527+0000] {processor.py:842} WARNING - No viable dags retrieved from /home/vscode/.local/lib/python3.11/site-packages/airflow/example_dags/plugins/event_listener.py
[2026-05-09T11:41:39.537+0000] {processor.py:183} INFO - Processing /home/vscode/.local/lib/python3.11/site-packages/airflow/example_dags/plugins/event_listener.py took 0.026 seconds
[2026-05-09T11:42:24.663+0000] {processor.py:161} INFO - Started process (PID=21785) to work on /home/vscode/.local/lib/python3.11/site-packages/airflow/example_dags/plugins/event_listener.py
[2026-05-09T11:42:24.663+0000] {processor.py:830} INFO - Processing file /home/vscode/.local/lib/python3.11/site-packages/airflow/example_dags/plugins/event_listener.py for tasks to queue
[2026-05-09T11:42:24.664+0000] {logging_mixin.py:188} INFO - [2026-05-09T11:42:24.664+0000] {dagbag.py:545} INFO - Filling up the DagBag from /home/vscode/.local/lib/python3.11/site-packages/airflow/example_dags/plugins/event_listener.py
[2026-05-09T11:42:24.667+0000] {processor.py:842} WARNING - No viable dags retrieved from /home/vscode/.local/lib/python3.11/site-packages/airflow/example_dags/plugins/event_listener.py
[2026-05-09T11:42:24.674+0000] {processor.py:183} INFO - Processing /home/vscode/.local/lib/python3.11/site-packages/airflow/example_dags/plugins/event_listener.py took 0.018 seconds
[2026-05-09T11:43:08.461+0000] {processor.py:161} INFO - Started process (PID=22167) to work on /home/vscode/.local/lib/python3.11/site-packages/airflow/example_dags/plugins/event_listener.py
[2026-05-09T11:43:08.461+0000] {processor.py:830} INFO - Processing file /home/vscode/.local/lib/python3.11/site-packages/airflow/example_dags/plugins/event_listener.py for tasks to queue
[2026-05-09T11:43:08.462+0000] {logging_mixin.py:188} INFO - [2026-05-09T11:43:08.462+0000] {dagbag.py:545} INFO - Filling up the DagBag from /home/vscode/.local/lib/python3.11/site-packages/airflow/example_dags/plugins/event_listener.py
[2026-05-09T11:43:08.464+0000] {processor.py:842} WARNING - No viable dags retrieved from /home/vscode/.local/lib/python3.11/site-packages/airflow/example_dags/plugins/event_listener.py
[2026-05-09T11:43:08.471+0000] {processor.py:183} INFO - Processing /home/vscode/.local/lib/python3.11/site-packages/airflow/example_dags/plugins/event_listener.py took 0.017 seconds
[2026-05-09T11:43:52.601+0000] {processor.py:161} INFO - Started process (PID=22615) to work on /home/vscode/.local/lib/python3.11/site-packages/airflow/example_dags/plugins/event_listener.py
[2026-05-09T11:43:52.602+0000] {processor.py:830} INFO - Processing file /home/vscode/.local/lib/python3.11/site-packages/airflow/example_dags/plugins/event_listener.py for tasks to queue
[2026-05-09T11:43:52.603+0000] {logging_mixin.py:188} INFO - [2026-05-09T11:43:52.602+0000] {dagbag.py:545} INFO - Filling up the DagBag from /home/vscode/.local/lib/python3.11/site-packages/airflow/example_dags/plugins/event_listener.py
[2026-05-09T11:43:52.605+0000] {processor.py:842} WARNING - No viable dags retrieved from /home/vscode/.local/lib/python3.11/site-packages/airflow/example_dags/plugins/event_listener.py
[2026-05-09T11:43:52.615+0000] {processor.py:183} INFO - Processing /home/vscode/.local/lib/python3.11/site-packages/airflow/example_dags/plugins/event_listener.py took 0.021 seconds
[2026-05-09T11:44:33.346+0000] {processor.py:161} INFO - Started process (PID=22938) to work on /home/vscode/.local/lib/python3.11/site-packages/airflow/example_dags/plugins/event_listener.py
[2026-05-09T11:44:33.346+0000] {processor.py:830} INFO - Processing file /home/vscode/.local/lib/python3.11/site-packages/airflow/example_dags/plugins/event_listener.py for tasks to queue
[2026-05-09T11:44:33.347+0000] {logging_mixin.py:188} INFO - [2026-05-09T11:44:33.347+0000] {dagbag.py:545} INFO - Filling up the DagBag from /home/vscode/.local/lib/python3.11/site-packages/airflow/example_dags/plugins/event_listener.py
[2026-05-09T11:44:33.349+0000] {processor.py:842} WARNING - No viable dags retrieved from /home/vscode/.local/lib/python3.11/site-packages/airflow/example_dags/plugins/event_listener.py
[2026-05-09T11:44:33.356+0000] {processor.py:183} INFO - Processing /home/vscode/.local/lib/python3.11/site-packages/airflow/example_dags/plugins/event_listener.py took 0.016 seconds
[2026-05-09T11:45:15.608+0000] {processor.py:161} INFO - Started process (PID=23291) to work on /home/vscode/.local/lib/python3.11/site-packages/airflow/example_dags/plugins/event_listener.py
[2026-05-09T11:45:15.609+0000] {processor.py:830} INFO - Processing file /home/vscode/.local/lib/python3.11/site-packages/airflow/example_dags/plugins/event_listener.py for tasks to queue
[2026-05-09T11:45:15.610+0000] {logging_mixin.py:188} INFO - [2026-05-09T11:45:15.609+0000] {dagbag.py:545} INFO - Filling up the DagBag from /home/vscode/.local/lib/python3.11/site-packages/airflow/example_dags/plugins/event_listener.py
[2026-05-09T11:45:15.612+0000] {processor.py:842} WARNING - No viable dags retrieved from /home/vscode/.local/lib/python3.11/site-packages/airflow/example_dags/plugins/event_listener.py
[2026-05-09T11:45:15.623+0000] {processor.py:183} INFO - Processing /home/vscode/.local/lib/python3.11/site-packages/airflow/example_dags/plugins/event_listener.py took 0.033 seconds
[2026-05-09T11:46:00.560+0000] {processor.py:161} INFO - Started process (PID=23682) to work on /home/vscode/.local/lib/python3.11/site-packages/airflow/example_dags/plugins/event_listener.py
[2026-05-09T11:46:00.560+0000] {processor.py:830} INFO - Processing file /home/vscode/.local/lib/python3.11/site-packages/airflow/example_dags/plugins/event_listener.py for tasks to queue
[2026-05-09T11:46:00.561+0000] {logging_mixin.py:188} INFO - [2026-05-09T11:46:00.560+0000] {dagbag.py:545} INFO - Filling up the DagBag from /home/vscode/.local/lib/python3.11/site-packages/airflow/example_dags/plugins/event_listener.py
[2026-05-09T11:46:00.562+0000] {processor.py:842} WARNING - No viable dags retrieved from /home/vscode/.local/lib/python3.11/site-packages/airflow/example_dags/plugins/event_listener.py
[2026-05-09T11:46:00.569+0000] {processor.py:183} INFO - Processing /home/vscode/.local/lib/python3.11/site-packages/airflow/example_dags/plugins/event_listener.py took 0.016 seconds
[2026-05-09T11:46:43.362+0000] {processor.py:161} INFO - Started process (PID=24057) to work on /home/vscode/.local/lib/python3.11/site-packages/airflow/example_dags/plugins/event_listener.py
[2026-05-09T11:46:43.363+0000] {processor.py:830} INFO - Processing file /home/vscode/.local/lib/python3.11/site-packages/airflow/example_dags/plugins/event_listener.py for tasks to queue
[2026-05-09T11:46:43.364+0000] {logging_mixin.py:188} INFO - [2026-05-09T11:46:43.363+0000] {dagbag.py:545} INFO - Filling up the DagBag from /home/vscode/.local/lib/python3.11/site-packages/airflow/example_dags/plugins/event_listener.py
[2026-05-09T11:46:43.365+0000] {processor.py:842} WARNING - No viable dags retrieved from /home/vscode/.local/lib/python3.11/site-packages/airflow/example_dags/plugins/event_listener.py
[2026-05-09T11:46:43.373+0000] {processor.py:183} INFO - Processing /home/vscode/.local/lib/python3.11/site-packages/airflow/example_dags/plugins/event_listener.py took 0.017 seconds
[2026-05-09T11:47:29.254+0000] {processor.py:161} INFO - Started process (PID=24539) to work on /home/vscode/.local/lib/python3.11/site-packages/airflow/example_dags/plugins/event_listener.py
[2026-05-09T11:47:29.255+0000] {processor.py:830} INFO - Processing file /home/vscode/.local/lib/python3.11/site-packages/airflow/example_dags/plugins/event_listener.py for tasks to queue
[2026-05-09T11:47:29.255+0000] {logging_mixin.py:188} INFO - [2026-05-09T11:47:29.255+0000] {dagbag.py:545} INFO - Filling up the DagBag from /home/vscode/.local/lib/python3.11/site-packages/airflow/example_dags/plugins/event_listener.py
[2026-05-09T11:47:29.257+0000] {processor.py:842} WARNING - No viable dags retrieved from /home/vscode/.local/lib/python3.11/site-packages/airflow/example_dags/plugins/event_listener.py
[2026-05-09T11:47:29.264+0000] {processor.py:183} INFO - Processing /home/vscode/.local/lib/python3.11/site-packages/airflow/example_dags/plugins/event_listener.py took 0.016 seconds
[2026-05-09T11:48:12.950+0000] {processor.py:161} INFO - Started process (PID=24898) to work on /home/vscode/.local/lib/python3.11/site-packages/airflow/example_dags/plugins/event_listener.py
[2026-05-09T11:48:12.950+0000] {processor.py:830} INFO - Processing file /home/vscode/.local/lib/python3.11/site-packages/airflow/example_dags/plugins/event_listener.py for tasks to queue
[2026-05-09T11:48:12.951+0000] {logging_mixin.py:188} INFO - [2026-05-09T11:48:12.951+0000] {dagbag.py:545} INFO - Filling up the DagBag from /home/vscode/.local/lib/python3.11/site-packages/airflow/example_dags/plugins/event_listener.py
[2026-05-09T11:48:12.952+0000] {processor.py:842} WARNING - No viable dags retrieved from /home/vscode/.local/lib/python3.11/site-packages/airflow/example_dags/plugins/event_listener.py
[2026-05-09T11:48:12.959+0000] {processor.py:183} INFO - Processing /home/vscode/.local/lib/python3.11/site-packages/airflow/example_dags/plugins/event_listener.py took 0.015 seconds
[2026-05-09T11:48:55.512+0000] {processor.py:161} INFO - Started process (PID=25337) to work on /home/vscode/.local/lib/python3.11/site-packages/airflow/example_dags/plugins/event_listener.py
[2026-05-09T11:48:55.512+0000] {processor.py:830} INFO - Processing file /home/vscode/.local/lib/python3.11/site-packages/airflow/example_dags/plugins/event_listener.py for tasks to queue
[2026-05-09T11:48:55.513+0000] {logging_mixin.py:188} INFO - [2026-05-09T11:48:55.513+0000] {dagbag.py:545} INFO - Filling up the DagBag from /home/vscode/.local/lib/python3.11/site-packages/airflow/example_dags/plugins/event_listener.py
[2026-05-09T11:48:55.514+0000] {processor.py:842} WARNING - No viable dags retrieved from /home/vscode/.local/lib/python3.11/site-packages/airflow/example_dags/plugins/event_listener.py
[2026-05-09T11:48:55.521+0000] {processor.py:183} INFO - Processing /home/vscode/.local/lib/python3.11/site-packages/airflow/example_dags/plugins/event_listener.py took 0.015 seconds
[2026-05-09T11:49:34.210+0000] {processor.py:161} INFO - Started process (PID=25680) to work on /home/vscode/.local/lib/python3.11/site-packages/airflow/example_dags/plugins/event_listener.py
[2026-05-09T11:49:34.210+0000] {processor.py:830} INFO - Processing file /home/vscode/.local/lib/python3.11/site-packages/airflow/example_dags/plugins/event_listener.py for tasks to queue
[2026-05-09T11:49:34.211+0000] {logging_mixin.py:188} INFO - [2026-05-09T11:49:34.211+0000] {dagbag.py:545} INFO - Filling up the DagBag from /home/vscode/.local/lib/python3.11/site-packages/airflow/example_dags/plugins/event_listener.py
[2026-05-09T11:49:34.213+0000] {processor.py:842} WARNING - No viable dags retrieved from /home/vscode/.local/lib/python3.11/site-packages/airflow/example_dags/plugins/event_listener.py
[2026-05-09T11:49:34.223+0000] {processor.py:183} INFO - Processing /home/vscode/.local/lib/python3.11/site-packages/airflow/example_dags/plugins/event_listener.py took 0.025 seconds
[2026-05-09T11:50:18.331+0000] {processor.py:161} INFO - Started process (PID=26128) to work on /home/vscode/.local/lib/python3.11/site-packages/airflow/example_dags/plugins/event_listener.py
[2026-05-09T11:50:18.332+0000] {processor.py:830} INFO - Processing file /home/vscode/.local/lib/python3.11/site-packages/airflow/example_dags/plugins/event_listener.py for tasks to queue
[2026-05-09T11:50:18.333+0000] {logging_mixin.py:188} INFO - [2026-05-09T11:50:18.332+0000] {dagbag.py:545} INFO - Filling up the DagBag from /home/vscode/.local/lib/python3.11/site-packages/airflow/example_dags/plugins/event_listener.py
[2026-05-09T11:50:18.334+0000] {processor.py:842} WARNING - No viable dags retrieved from /home/vscode/.local/lib/python3.11/site-packages/airflow/example_dags/plugins/event_listener.py
[2026-05-09T11:50:18.342+0000] {processor.py:183} INFO - Processing /home/vscode/.local/lib/python3.11/site-packages/airflow/example_dags/plugins/event_listener.py took 0.017 seconds
[2026-05-09T11:51:00.632+0000] {processor.py:161} INFO - Started process (PID=26686) to work on /home/vscode/.local/lib/python3.11/site-packages/airflow/example_dags/plugins/event_listener.py
[2026-05-09T11:51:00.632+0000] {processor.py:830} INFO - Processing file /home/vscode/.local/lib/python3.11/site-packages/airflow/example_dags/plugins/event_listener.py for tasks to queue
[2026-05-09T11:51:00.633+0000] {logging_mixin.py:188} INFO - [2026-05-09T11:51:00.633+0000] {dagbag.py:545} INFO - Filling up the DagBag from /home/vscode/.local/lib/python3.11/site-packages/airflow/example_dags/plugins/event_listener.py
[2026-05-09T11:51:00.635+0000] {processor.py:842} WARNING - No viable dags retrieved from /home/vscode/.local/lib/python3.11/site-packages/airflow/example_dags/plugins/event_listener.py
[2026-05-09T11:51:00.642+0000] {processor.py:183} INFO - Processing /home/vscode/.local/lib/python3.11/site-packages/airflow/example_dags/plugins/event_listener.py took 0.016 seconds
[2026-05-09T11:51:43.899+0000] {processor.py:161} INFO - Started process (PID=27125) to work on /home/vscode/.local/lib/python3.11/site-packages/airflow/example_dags/plugins/event_listener.py
[2026-05-09T11:51:43.900+0000] {processor.py:830} INFO - Processing file /home/vscode/.local/lib/python3.11/site-packages/airflow/example_dags/plugins/event_listener.py for tasks to queue
[2026-05-09T11:51:43.900+0000] {logging_mixin.py:188} INFO - [2026-05-09T11:51:43.900+0000] {dagbag.py:545} INFO - Filling up the DagBag from /home/vscode/.local/lib/python3.11/site-packages/airflow/example_dags/plugins/event_listener.py
[2026-05-09T11:51:43.902+0000] {processor.py:842} WARNING - No viable dags retrieved from /home/vscode/.local/lib/python3.11/site-packages/airflow/example_dags/plugins/event_listener.py
[2026-05-09T11:51:43.909+0000] {processor.py:183} INFO - Processing /home/vscode/.local/lib/python3.11/site-packages/airflow/example_dags/plugins/event_listener.py took 0.016 seconds
[2026-05-09T11:52:25.142+0000] {processor.py:161} INFO - Started process (PID=27459) to work on /home/vscode/.local/lib/python3.11/site-packages/airflow/example_dags/plugins/event_listener.py
[2026-05-09T11:52:25.143+0000] {processor.py:830} INFO - Processing file /home/vscode/.local/lib/python3.11/site-packages/airflow/example_dags/plugins/event_listener.py for tasks to queue
[2026-05-09T11:52:25.143+0000] {logging_mixin.py:188} INFO - [2026-05-09T11:52:25.143+0000] {dagbag.py:545} INFO - Filling up the DagBag from /home/vscode/.local/lib/python3.11/site-packages/airflow/example_dags/plugins/event_listener.py
[2026-05-09T11:52:25.145+0000] {processor.py:842} WARNING - No viable dags retrieved from /home/vscode/.local/lib/python3.11/site-packages/airflow/example_dags/plugins/event_listener.py
[2026-05-09T11:52:25.152+0000] {processor.py:183} INFO - Processing /home/vscode/.local/lib/python3.11/site-packages/airflow/example_dags/plugins/event_listener.py took 0.016 seconds
[2026-05-09T11:53:03.979+0000] {processor.py:161} INFO - Started process (PID=27807) to work on /home/vscode/.local/lib/python3.11/site-packages/airflow/example_dags/plugins/event_listener.py
[2026-05-09T11:53:03.980+0000] {processor.py:830} INFO - Processing file /home/vscode/.local/lib/python3.11/site-packages/airflow/example_dags/plugins/event_listener.py for tasks to queue
[2026-05-09T11:53:03.980+0000] {logging_mixin.py:188} INFO - [2026-05-09T11:53:03.980+0000] {dagbag.py:545} INFO - Filling up the DagBag from /home/vscode/.local/lib/python3.11/site-packages/airflow/example_dags/plugins/event_listener.py
[2026-05-09T11:53:03.982+0000] {processor.py:842} WARNING - No viable dags retrieved from /home/vscode/.local/lib/python3.11/site-packages/airflow/example_dags/plugins/event_listener.py
[2026-05-09T11:53:03.989+0000] {processor.py:183} INFO - Processing /home/vscode/.local/lib/python3.11/site-packages/airflow/example_dags/plugins/event_listener.py took 0.016 seconds
[2026-05-09T11:53:45.186+0000] {processor.py:161} INFO - Started process (PID=28219) to work on /home/vscode/.local/lib/python3.11/site-packages/airflow/example_dags/plugins/event_listener.py
[2026-05-09T11:53:45.186+0000] {processor.py:830} INFO - Processing file /home/vscode/.local/lib/python3.11/site-packages/airflow/example_dags/plugins/event_listener.py for tasks to queue
[2026-05-09T11:53:45.187+0000] {logging_mixin.py:188} INFO - [2026-05-09T11:53:45.186+0000] {dagbag.py:545} INFO - Filling up the DagBag from /home/vscode/.local/lib/python3.11/site-packages/airflow/example_dags/plugins/event_listener.py
[2026-05-09T11:53:45.188+0000] {processor.py:842} WARNING - No viable dags retrieved from /home/vscode/.local/lib/python3.11/site-packages/airflow/example_dags/plugins/event_listener.py
[2026-05-09T11:53:45.196+0000] {processor.py:183} INFO - Processing /home/vscode/.local/lib/python3.11/site-packages/airflow/example_dags/plugins/event_listener.py took 0.016 seconds
[2026-05-09T11:54:24.846+0000] {processor.py:161} INFO - Started process (PID=28505) to work on /home/vscode/.local/lib/python3.11/site-packages/airflow/example_dags/plugins/event_listener.py
[2026-05-09T11:54:24.847+0000] {processor.py:830} INFO - Processing file /home/vscode/.local/lib/python3.11/site-packages/airflow/example_dags/plugins/event_listener.py for tasks to queue
[2026-05-09T11:54:24.847+0000] {logging_mixin.py:188} INFO - [2026-05-09T11:54:24.847+0000] {dagbag.py:545} INFO - Filling up the DagBag from /home/vscode/.local/lib/python3.11/site-packages/airflow/example_dags/plugins/event_listener.py
[2026-05-09T11:54:24.849+0000] {processor.py:842} WARNING - No viable dags retrieved from /home/vscode/.local/lib/python3.11/site-packages/airflow/example_dags/plugins/event_listener.py
[2026-05-09T11:54:24.856+0000] {processor.py:183} INFO - Processing /home/vscode/.local/lib/python3.11/site-packages/airflow/example_dags/plugins/event_listener.py took 0.016 seconds
[2026-05-09T11:55:06.943+0000] {processor.py:161} INFO - Started process (PID=28861) to work on /home/vscode/.local/lib/python3.11/site-packages/airflow/example_dags/plugins/event_listener.py
[2026-05-09T11:55:06.943+0000] {processor.py:830} INFO - Processing file /home/vscode/.local/lib/python3.11/site-packages/airflow/example_dags/plugins/event_listener.py for tasks to queue
[2026-05-09T11:55:06.944+0000] {logging_mixin.py:188} INFO - [2026-05-09T11:55:06.944+0000] {dagbag.py:545} INFO - Filling up the DagBag from /home/vscode/.local/lib/python3.11/site-packages/airflow/example_dags/plugins/event_listener.py
[2026-05-09T11:55:06.946+0000] {processor.py:842} WARNING - No viable dags retrieved from /home/vscode/.local/lib/python3.11/site-packages/airflow/example_dags/plugins/event_listener.py
[2026-05-09T11:55:06.953+0000] {processor.py:183} INFO - Processing /home/vscode/.local/lib/python3.11/site-packages/airflow/example_dags/plugins/event_listener.py took 0.016 seconds
[2026-05-09T11:55:48.588+0000] {processor.py:161} INFO - Started process (PID=29222) to work on /home/vscode/.local/lib/python3.11/site-packages/airflow/example_dags/plugins/event_listener.py
[2026-05-09T11:55:48.588+0000] {processor.py:830} INFO - Processing file /home/vscode/.local/lib/python3.11/site-packages/airflow/example_dags/plugins/event_listener.py for tasks to queue
[2026-05-09T11:55:48.589+0000] {logging_mixin.py:188} INFO - [2026-05-09T11:55:48.588+0000] {dagbag.py:545} INFO - Filling up the DagBag from /home/vscode/.local/lib/python3.11/site-packages/airflow/example_dags/plugins/event_listener.py
[2026-05-09T11:55:48.591+0000] {processor.py:842} WARNING - No viable dags retrieved from /home/vscode/.local/lib/python3.11/site-packages/airflow/example_dags/plugins/event_listener.py
[2026-05-09T11:55:48.600+0000] {processor.py:183} INFO - Processing /home/vscode/.local/lib/python3.11/site-packages/airflow/example_dags/plugins/event_listener.py took 0.021 seconds
[2026-05-09T11:56:30.045+0000] {processor.py:161} INFO - Started process (PID=29514) to work on /home/vscode/.local/lib/python3.11/site-packages/airflow/example_dags/plugins/event_listener.py
[2026-05-09T11:56:30.046+0000] {processor.py:830} INFO - Processing file /home/vscode/.local/lib/python3.11/site-packages/airflow/example_dags/plugins/event_listener.py for tasks to queue
[2026-05-09T11:56:30.046+0000] {logging_mixin.py:188} INFO - [2026-05-09T11:56:30.046+0000] {dagbag.py:545} INFO - Filling up the DagBag from /home/vscode/.local/lib/python3.11/site-packages/airflow/example_dags/plugins/event_listener.py
[2026-05-09T11:56:30.048+0000] {processor.py:842} WARNING - No viable dags retrieved from /home/vscode/.local/lib/python3.11/site-packages/airflow/example_dags/plugins/event_listener.py
[2026-05-09T11:56:30.055+0000] {processor.py:183} INFO - Processing /home/vscode/.local/lib/python3.11/site-packages/airflow/example_dags/plugins/event_listener.py took 0.016 seconds
[2026-05-09T11:57:09.103+0000] {processor.py:161} INFO - Started process (PID=29854) to work on /home/vscode/.local/lib/python3.11/site-packages/airflow/example_dags/plugins/event_listener.py
[2026-05-09T11:57:09.104+0000] {processor.py:830} INFO - Processing file /home/vscode/.local/lib/python3.11/site-packages/airflow/example_dags/plugins/event_listener.py for tasks to queue
[2026-05-09T11:57:09.104+0000] {logging_mixin.py:188} INFO - [2026-05-09T11:57:09.104+0000] {dagbag.py:545} INFO - Filling up the DagBag from /home/vscode/.local/lib/python3.11/site-packages/airflow/example_dags/plugins/event_listener.py
[2026-05-09T11:57:09.106+0000] {processor.py:842} WARNING - No viable dags retrieved from /home/vscode/.local/lib/python3.11/site-packages/airflow/example_dags/plugins/event_listener.py
[2026-05-09T11:57:09.113+0000] {processor.py:183} INFO - Processing /home/vscode/.local/lib/python3.11/site-packages/airflow/example_dags/plugins/event_listener.py took 0.016 seconds
[2026-05-09T11:57:52.508+0000] {processor.py:161} INFO - Started process (PID=30219) to work on /home/vscode/.local/lib/python3.11/site-packages/airflow/example_dags/plugins/event_listener.py
[2026-05-09T11:57:52.509+0000] {processor.py:830} INFO - Processing file /home/vscode/.local/lib/python3.11/site-packages/airflow/example_dags/plugins/event_listener.py for tasks to queue
[2026-05-09T11:57:52.509+0000] {logging_mixin.py:188} INFO - [2026-05-09T11:57:52.509+0000] {dagbag.py:545} INFO - Filling up the DagBag from /home/vscode/.local/lib/python3.11/site-packages/airflow/example_dags/plugins/event_listener.py
[2026-05-09T11:57:52.511+0000] {processor.py:842} WARNING - No viable dags retrieved from /home/vscode/.local/lib/python3.11/site-packages/airflow/example_dags/plugins/event_listener.py
[2026-05-09T11:57:52.518+0000] {processor.py:183} INFO - Processing /home/vscode/.local/lib/python3.11/site-packages/airflow/example_dags/plugins/event_listener.py took 0.016 seconds
[2026-05-09T11:58:35.140+0000] {processor.py:161} INFO - Started process (PID=30517) to work on /home/vscode/.local/lib/python3.11/site-packages/airflow/example_dags/plugins/event_listener.py
[2026-05-09T11:58:35.140+0000] {processor.py:830} INFO - Processing file /home/vscode/.local/lib/python3.11/site-packages/airflow/example_dags/plugins/event_listener.py for tasks to queue
[2026-05-09T11:58:35.141+0000] {logging_mixin.py:188} INFO - [2026-05-09T11:58:35.141+0000] {dagbag.py:545} INFO - Filling up the DagBag from /home/vscode/.local/lib/python3.11/site-packages/airflow/example_dags/plugins/event_listener.py
[2026-05-09T11:58:35.142+0000] {processor.py:842} WARNING - No viable dags retrieved from /home/vscode/.local/lib/python3.11/site-packages/airflow/example_dags/plugins/event_listener.py
[2026-05-09T11:58:35.149+0000] {processor.py:183} INFO - Processing /home/vscode/.local/lib/python3.11/site-packages/airflow/example_dags/plugins/event_listener.py took 0.016 seconds
[2026-05-09T11:59:18.140+0000] {processor.py:161} INFO - Started process (PID=30877) to work on /home/vscode/.local/lib/python3.11/site-packages/airflow/example_dags/plugins/event_listener.py
[2026-05-09T11:59:18.141+0000] {processor.py:830} INFO - Processing file /home/vscode/.local/lib/python3.11/site-packages/airflow/example_dags/plugins/event_listener.py for tasks to queue
[2026-05-09T11:59:18.141+0000] {logging_mixin.py:188} INFO - [2026-05-09T11:59:18.141+0000] {dagbag.py:545} INFO - Filling up the DagBag from /home/vscode/.local/lib/python3.11/site-packages/airflow/example_dags/plugins/event_listener.py
[2026-05-09T11:59:18.143+0000] {processor.py:842} WARNING - No viable dags retrieved from /home/vscode/.local/lib/python3.11/site-packages/airflow/example_dags/plugins/event_listener.py
[2026-05-09T11:59:18.150+0000] {processor.py:183} INFO - Processing /home/vscode/.local/lib/python3.11/site-packages/airflow/example_dags/plugins/event_listener.py took 0.016 seconds
[2026-05-09T11:59:59.720+0000] {processor.py:161} INFO - Started process (PID=31240) to work on /home/vscode/.local/lib/python3.11/site-packages/airflow/example_dags/plugins/event_listener.py
[2026-05-09T11:59:59.720+0000] {processor.py:830} INFO - Processing file /home/vscode/.local/lib/python3.11/site-packages/airflow/example_dags/plugins/event_listener.py for tasks to queue
[2026-05-09T11:59:59.721+0000] {logging_mixin.py:188} INFO - [2026-05-09T11:59:59.721+0000] {dagbag.py:545} INFO - Filling up the DagBag from /home/vscode/.local/lib/python3.11/site-packages/airflow/example_dags/plugins/event_listener.py
[2026-05-09T11:59:59.723+0000] {processor.py:842} WARNING - No viable dags retrieved from /home/vscode/.local/lib/python3.11/site-packages/airflow/example_dags/plugins/event_listener.py
[2026-05-09T11:59:59.730+0000] {processor.py:183} INFO - Processing /home/vscode/.local/lib/python3.11/site-packages/airflow/example_dags/plugins/event_listener.py took 0.017 seconds
[2026-05-09T12:00:38.698+0000] {processor.py:161} INFO - Started process (PID=31533) to work on /home/vscode/.local/lib/python3.11/site-packages/airflow/example_dags/plugins/event_listener.py
[2026-05-09T12:00:38.702+0000] {processor.py:830} INFO - Processing file /home/vscode/.local/lib/python3.11/site-packages/airflow/example_dags/plugins/event_listener.py for tasks to queue
[2026-05-09T12:00:38.703+0000] {logging_mixin.py:188} INFO - [2026-05-09T12:00:38.703+0000] {dagbag.py:545} INFO - Filling up the DagBag from /home/vscode/.local/lib/python3.11/site-packages/airflow/example_dags/plugins/event_listener.py
[2026-05-09T12:00:38.705+0000] {processor.py:842} WARNING - No viable dags retrieved from /home/vscode/.local/lib/python3.11/site-packages/airflow/example_dags/plugins/event_listener.py
[2026-05-09T12:00:38.714+0000] {processor.py:183} INFO - Processing /home/vscode/.local/lib/python3.11/site-packages/airflow/example_dags/plugins/event_listener.py took 0.038 seconds
[2026-05-09T12:01:23.544+0000] {processor.py:161} INFO - Started process (PID=31893) to work on /home/vscode/.local/lib/python3.11/site-packages/airflow/example_dags/plugins/event_listener.py
[2026-05-09T12:01:23.545+0000] {processor.py:830} INFO - Processing file /home/vscode/.local/lib/python3.11/site-packages/airflow/example_dags/plugins/event_listener.py for tasks to queue
[2026-05-09T12:01:23.545+0000] {logging_mixin.py:188} INFO - [2026-05-09T12:01:23.545+0000] {dagbag.py:545} INFO - Filling up the DagBag from /home/vscode/.local/lib/python3.11/site-packages/airflow/example_dags/plugins/event_listener.py
[2026-05-09T12:01:23.547+0000] {processor.py:842} WARNING - No viable dags retrieved from /home/vscode/.local/lib/python3.11/site-packages/airflow/example_dags/plugins/event_listener.py
[2026-05-09T12:01:23.554+0000] {processor.py:183} INFO - Processing /home/vscode/.local/lib/python3.11/site-packages/airflow/example_dags/plugins/event_listener.py took 0.016 seconds
[2026-05-09T12:02:06.028+0000] {processor.py:161} INFO - Started process (PID=32245) to work on /home/vscode/.local/lib/python3.11/site-packages/airflow/example_dags/plugins/event_listener.py
[2026-05-09T12:02:06.029+0000] {processor.py:830} INFO - Processing file /home/vscode/.local/lib/python3.11/site-packages/airflow/example_dags/plugins/event_listener.py for tasks to queue
[2026-05-09T12:02:06.029+0000] {logging_mixin.py:188} INFO - [2026-05-09T12:02:06.029+0000] {dagbag.py:545} INFO - Filling up the DagBag from /home/vscode/.local/lib/python3.11/site-packages/airflow/example_dags/plugins/event_listener.py
[2026-05-09T12:02:06.031+0000] {processor.py:842} WARNING - No viable dags retrieved from /home/vscode/.local/lib/python3.11/site-packages/airflow/example_dags/plugins/event_listener.py
[2026-05-09T12:02:06.038+0000] {processor.py:183} INFO - Processing /home/vscode/.local/lib/python3.11/site-packages/airflow/example_dags/plugins/event_listener.py took 0.015 seconds
[2026-05-09T12:02:47.492+0000] {processor.py:161} INFO - Started process (PID=32602) to work on /home/vscode/.local/lib/python3.11/site-packages/airflow/example_dags/plugins/event_listener.py
[2026-05-09T12:02:47.493+0000] {processor.py:830} INFO - Processing file /home/vscode/.local/lib/python3.11/site-packages/airflow/example_dags/plugins/event_listener.py for tasks to queue
[2026-05-09T12:02:47.493+0000] {logging_mixin.py:188} INFO - [2026-05-09T12:02:47.493+0000] {dagbag.py:545} INFO - Filling up the DagBag from /home/vscode/.local/lib/python3.11/site-packages/airflow/example_dags/plugins/event_listener.py
[2026-05-09T12:02:47.495+0000] {processor.py:842} WARNING - No viable dags retrieved from /home/vscode/.local/lib/python3.11/site-packages/airflow/example_dags/plugins/event_listener.py
[2026-05-09T12:02:47.502+0000] {processor.py:183} INFO - Processing /home/vscode/.local/lib/python3.11/site-packages/airflow/example_dags/plugins/event_listener.py took 0.015 seconds
[2026-05-09T12:03:29.132+0000] {processor.py:161} INFO - Started process (PID=32899) to work on /home/vscode/.local/lib/python3.11/site-packages/airflow/example_dags/plugins/event_listener.py
[2026-05-09T12:03:29.133+0000] {processor.py:830} INFO - Processing file /home/vscode/.local/lib/python3.11/site-packages/airflow/example_dags/plugins/event_listener.py for tasks to queue
[2026-05-09T12:03:29.133+0000] {logging_mixin.py:188} INFO - [2026-05-09T12:03:29.133+0000] {dagbag.py:545} INFO - Filling up the DagBag from /home/vscode/.local/lib/python3.11/site-packages/airflow/example_dags/plugins/event_listener.py
[2026-05-09T12:03:29.135+0000] {processor.py:842} WARNING - No viable dags retrieved from /home/vscode/.local/lib/python3.11/site-packages/airflow/example_dags/plugins/event_listener.py
[2026-05-09T12:03:29.143+0000] {processor.py:183} INFO - Processing /home/vscode/.local/lib/python3.11/site-packages/airflow/example_dags/plugins/event_listener.py took 0.016 seconds
[2026-05-09T12:04:10.425+0000] {processor.py:161} INFO - Started process (PID=33311) to work on /home/vscode/.local/lib/python3.11/site-packages/airflow/example_dags/plugins/event_listener.py
[2026-05-09T12:04:10.425+0000] {processor.py:830} INFO - Processing file /home/vscode/.local/lib/python3.11/site-packages/airflow/example_dags/plugins/event_listener.py for tasks to queue
[2026-05-09T12:04:10.426+0000] {logging_mixin.py:188} INFO - [2026-05-09T12:04:10.425+0000] {dagbag.py:545} INFO - Filling up the DagBag from /home/vscode/.local/lib/python3.11/site-packages/airflow/example_dags/plugins/event_listener.py
[2026-05-09T12:04:10.427+0000] {processor.py:842} WARNING - No viable dags retrieved from /home/vscode/.local/lib/python3.11/site-packages/airflow/example_dags/plugins/event_listener.py
[2026-05-09T12:04:10.434+0000] {processor.py:183} INFO - Processing /home/vscode/.local/lib/python3.11/site-packages/airflow/example_dags/plugins/event_listener.py took 0.016 seconds
[2026-05-09T12:04:53.436+0000] {processor.py:161} INFO - Started process (PID=33676) to work on /home/vscode/.local/lib/python3.11/site-packages/airflow/example_dags/plugins/event_listener.py
[2026-05-09T12:04:53.437+0000] {processor.py:830} INFO - Processing file /home/vscode/.local/lib/python3.11/site-packages/airflow/example_dags/plugins/event_listener.py for tasks to queue
[2026-05-09T12:04:53.438+0000] {logging_mixin.py:188} INFO - [2026-05-09T12:04:53.438+0000] {dagbag.py:545} INFO - Filling up the DagBag from /home/vscode/.local/lib/python3.11/site-packages/airflow/example_dags/plugins/event_listener.py
[2026-05-09T12:04:53.440+0000] {processor.py:842} WARNING - No viable dags retrieved from /home/vscode/.local/lib/python3.11/site-packages/airflow/example_dags/plugins/event_listener.py
[2026-05-09T12:04:53.448+0000] {processor.py:183} INFO - Processing /home/vscode/.local/lib/python3.11/site-packages/airflow/example_dags/plugins/event_listener.py took 0.021 seconds
[2026-05-09T12:05:34.732+0000] {processor.py:161} INFO - Started process (PID=33971) to work on /home/vscode/.local/lib/python3.11/site-packages/airflow/example_dags/plugins/event_listener.py
[2026-05-09T12:05:34.732+0000] {processor.py:830} INFO - Processing file /home/vscode/.local/lib/python3.11/site-packages/airflow/example_dags/plugins/event_listener.py for tasks to queue
[2026-05-09T12:05:34.733+0000] {logging_mixin.py:188} INFO - [2026-05-09T12:05:34.733+0000] {dagbag.py:545} INFO - Filling up the DagBag from /home/vscode/.local/lib/python3.11/site-packages/airflow/example_dags/plugins/event_listener.py
[2026-05-09T12:05:34.735+0000] {processor.py:842} WARNING - No viable dags retrieved from /home/vscode/.local/lib/python3.11/site-packages/airflow/example_dags/plugins/event_listener.py
[2026-05-09T12:05:34.744+0000] {processor.py:183} INFO - Processing /home/vscode/.local/lib/python3.11/site-packages/airflow/example_dags/plugins/event_listener.py took 0.021 seconds
[2026-05-09T12:06:16.501+0000] {processor.py:161} INFO - Started process (PID=34325) to work on /home/vscode/.local/lib/python3.11/site-packages/airflow/example_dags/plugins/event_listener.py
[2026-05-09T12:06:16.502+0000] {processor.py:830} INFO - Processing file /home/vscode/.local/lib/python3.11/site-packages/airflow/example_dags/plugins/event_listener.py for tasks to queue
[2026-05-09T12:06:16.503+0000] {logging_mixin.py:188} INFO - [2026-05-09T12:06:16.502+0000] {dagbag.py:545} INFO - Filling up the DagBag from /home/vscode/.local/lib/python3.11/site-packages/airflow/example_dags/plugins/event_listener.py
[2026-05-09T12:06:16.505+0000] {processor.py:842} WARNING - No viable dags retrieved from /home/vscode/.local/lib/python3.11/site-packages/airflow/example_dags/plugins/event_listener.py
[2026-05-09T12:06:16.514+0000] {processor.py:183} INFO - Processing /home/vscode/.local/lib/python3.11/site-packages/airflow/example_dags/plugins/event_listener.py took 0.022 seconds
[2026-05-09T12:07:00.923+0000] {processor.py:161} INFO - Started process (PID=34693) to work on /home/vscode/.local/lib/python3.11/site-packages/airflow/example_dags/plugins/event_listener.py
[2026-05-09T12:07:00.923+0000] {processor.py:830} INFO - Processing file /home/vscode/.local/lib/python3.11/site-packages/airflow/example_dags/plugins/event_listener.py for tasks to queue
[2026-05-09T12:07:00.924+0000] {logging_mixin.py:188} INFO - [2026-05-09T12:07:00.924+0000] {dagbag.py:545} INFO - Filling up the DagBag from /home/vscode/.local/lib/python3.11/site-packages/airflow/example_dags/plugins/event_listener.py
[2026-05-09T12:07:00.926+0000] {processor.py:842} WARNING - No viable dags retrieved from /home/vscode/.local/lib/python3.11/site-packages/airflow/example_dags/plugins/event_listener.py
[2026-05-09T12:07:00.949+0000] {processor.py:183} INFO - Processing /home/vscode/.local/lib/python3.11/site-packages/airflow/example_dags/plugins/event_listener.py took 0.032 seconds
[2026-05-09T12:07:44.720+0000] {processor.py:161} INFO - Started process (PID=35066) to work on /home/vscode/.local/lib/python3.11/site-packages/airflow/example_dags/plugins/event_listener.py
[2026-05-09T12:07:44.721+0000] {processor.py:830} INFO - Processing file /home/vscode/.local/lib/python3.11/site-packages/airflow/example_dags/plugins/event_listener.py for tasks to queue
[2026-05-09T12:07:44.721+0000] {logging_mixin.py:188} INFO - [2026-05-09T12:07:44.721+0000] {dagbag.py:545} INFO - Filling up the DagBag from /home/vscode/.local/lib/python3.11/site-packages/airflow/example_dags/plugins/event_listener.py
[2026-05-09T12:07:44.723+0000] {processor.py:842} WARNING - No viable dags retrieved from /home/vscode/.local/lib/python3.11/site-packages/airflow/example_dags/plugins/event_listener.py
[2026-05-09T12:07:44.732+0000] {processor.py:183} INFO - Processing /home/vscode/.local/lib/python3.11/site-packages/airflow/example_dags/plugins/event_listener.py took 0.018 seconds
[2026-05-09T12:08:24.529+0000] {processor.py:161} INFO - Started process (PID=35353) to work on /home/vscode/.local/lib/python3.11/site-packages/airflow/example_dags/plugins/event_listener.py
[2026-05-09T12:08:24.530+0000] {processor.py:830} INFO - Processing file /home/vscode/.local/lib/python3.11/site-packages/airflow/example_dags/plugins/event_listener.py for tasks to queue
[2026-05-09T12:08:24.530+0000] {logging_mixin.py:188} INFO - [2026-05-09T12:08:24.530+0000] {dagbag.py:545} INFO - Filling up the DagBag from /home/vscode/.local/lib/python3.11/site-packages/airflow/example_dags/plugins/event_listener.py
[2026-05-09T12:08:24.532+0000] {processor.py:842} WARNING - No viable dags retrieved from /home/vscode/.local/lib/python3.11/site-packages/airflow/example_dags/plugins/event_listener.py
[2026-05-09T12:08:24.542+0000] {processor.py:183} INFO - Processing /home/vscode/.local/lib/python3.11/site-packages/airflow/example_dags/plugins/event_listener.py took 0.021 seconds
[2026-05-09T12:09:06.377+0000] {processor.py:161} INFO - Started process (PID=35766) to work on /home/vscode/.local/lib/python3.11/site-packages/airflow/example_dags/plugins/event_listener.py
[2026-05-09T12:09:06.378+0000] {processor.py:830} INFO - Processing file /home/vscode/.local/lib/python3.11/site-packages/airflow/example_dags/plugins/event_listener.py for tasks to queue
[2026-05-09T12:09:06.378+0000] {logging_mixin.py:188} INFO - [2026-05-09T12:09:06.378+0000] {dagbag.py:545} INFO - Filling up the DagBag from /home/vscode/.local/lib/python3.11/site-packages/airflow/example_dags/plugins/event_listener.py
[2026-05-09T12:09:06.380+0000] {processor.py:842} WARNING - No viable dags retrieved from /home/vscode/.local/lib/python3.11/site-packages/airflow/example_dags/plugins/event_listener.py
[2026-05-09T12:09:06.388+0000] {processor.py:183} INFO - Processing /home/vscode/.local/lib/python3.11/site-packages/airflow/example_dags/plugins/event_listener.py took 0.019 seconds
[2026-05-09T12:09:44.093+0000] {processor.py:161} INFO - Started process (PID=36105) to work on /home/vscode/.local/lib/python3.11/site-packages/airflow/example_dags/plugins/event_listener.py
[2026-05-09T12:09:44.093+0000] {processor.py:830} INFO - Processing file /home/vscode/.local/lib/python3.11/site-packages/airflow/example_dags/plugins/event_listener.py for tasks to queue
[2026-05-09T12:09:44.094+0000] {logging_mixin.py:188} INFO - [2026-05-09T12:09:44.094+0000] {dagbag.py:545} INFO - Filling up the DagBag from /home/vscode/.local/lib/python3.11/site-packages/airflow/example_dags/plugins/event_listener.py
[2026-05-09T12:09:44.095+0000] {processor.py:842} WARNING - No viable dags retrieved from /home/vscode/.local/lib/python3.11/site-packages/airflow/example_dags/plugins/event_listener.py
[2026-05-09T12:09:44.103+0000] {processor.py:183} INFO - Processing /home/vscode/.local/lib/python3.11/site-packages/airflow/example_dags/plugins/event_listener.py took 0.018 seconds
[2026-05-09T12:10:25.253+0000] {processor.py:161} INFO - Started process (PID=36399) to work on /home/vscode/.local/lib/python3.11/site-packages/airflow/example_dags/plugins/event_listener.py
[2026-05-09T12:10:25.254+0000] {processor.py:830} INFO - Processing file /home/vscode/.local/lib/python3.11/site-packages/airflow/example_dags/plugins/event_listener.py for tasks to queue
[2026-05-09T12:10:25.254+0000] {logging_mixin.py:188} INFO - [2026-05-09T12:10:25.254+0000] {dagbag.py:545} INFO - Filling up the DagBag from /home/vscode/.local/lib/python3.11/site-packages/airflow/example_dags/plugins/event_listener.py
[2026-05-09T12:10:25.256+0000] {processor.py:842} WARNING - No viable dags retrieved from /home/vscode/.local/lib/python3.11/site-packages/airflow/example_dags/plugins/event_listener.py
[2026-05-09T12:10:25.264+0000] {processor.py:183} INFO - Processing /home/vscode/.local/lib/python3.11/site-packages/airflow/example_dags/plugins/event_listener.py took 0.017 seconds
[2026-05-09T12:11:06.393+0000] {processor.py:161} INFO - Started process (PID=36743) to work on /home/vscode/.local/lib/python3.11/site-packages/airflow/example_dags/plugins/event_listener.py
[2026-05-09T12:11:06.394+0000] {processor.py:830} INFO - Processing file /home/vscode/.local/lib/python3.11/site-packages/airflow/example_dags/plugins/event_listener.py for tasks to queue
[2026-05-09T12:11:06.394+0000] {logging_mixin.py:188} INFO - [2026-05-09T12:11:06.394+0000] {dagbag.py:545} INFO - Filling up the DagBag from /home/vscode/.local/lib/python3.11/site-packages/airflow/example_dags/plugins/event_listener.py
[2026-05-09T12:11:06.396+0000] {processor.py:842} WARNING - No viable dags retrieved from /home/vscode/.local/lib/python3.11/site-packages/airflow/example_dags/plugins/event_listener.py
[2026-05-09T12:11:06.403+0000] {processor.py:183} INFO - Processing /home/vscode/.local/lib/python3.11/site-packages/airflow/example_dags/plugins/event_listener.py took 0.016 seconds
[2026-05-09T12:11:46.481+0000] {processor.py:161} INFO - Started process (PID=37098) to work on /home/vscode/.local/lib/python3.11/site-packages/airflow/example_dags/plugins/event_listener.py
[2026-05-09T12:11:46.481+0000] {processor.py:830} INFO - Processing file /home/vscode/.local/lib/python3.11/site-packages/airflow/example_dags/plugins/event_listener.py for tasks to queue
[2026-05-09T12:11:46.482+0000] {logging_mixin.py:188} INFO - [2026-05-09T12:11:46.482+0000] {dagbag.py:545} INFO - Filling up the DagBag from /home/vscode/.local/lib/python3.11/site-packages/airflow/example_dags/plugins/event_listener.py
[2026-05-09T12:11:46.483+0000] {processor.py:842} WARNING - No viable dags retrieved from /home/vscode/.local/lib/python3.11/site-packages/airflow/example_dags/plugins/event_listener.py
[2026-05-09T12:11:46.491+0000] {processor.py:183} INFO - Processing /home/vscode/.local/lib/python3.11/site-packages/airflow/example_dags/plugins/event_listener.py took 0.016 seconds
[2026-05-09T12:12:28.143+0000] {processor.py:161} INFO - Started process (PID=37387) to work on /home/vscode/.local/lib/python3.11/site-packages/airflow/example_dags/plugins/event_listener.py
[2026-05-09T12:12:28.143+0000] {processor.py:830} INFO - Processing file /home/vscode/.local/lib/python3.11/site-packages/airflow/example_dags/plugins/event_listener.py for tasks to queue
[2026-05-09T12:12:28.144+0000] {logging_mixin.py:188} INFO - [2026-05-09T12:12:28.143+0000] {dagbag.py:545} INFO - Filling up the DagBag from /home/vscode/.local/lib/python3.11/site-packages/airflow/example_dags/plugins/event_listener.py
[2026-05-09T12:12:28.145+0000] {processor.py:842} WARNING - No viable dags retrieved from /home/vscode/.local/lib/python3.11/site-packages/airflow/example_dags/plugins/event_listener.py
[2026-05-09T12:12:28.152+0000] {processor.py:183} INFO - Processing /home/vscode/.local/lib/python3.11/site-packages/airflow/example_dags/plugins/event_listener.py took 0.018 seconds
[2026-05-09T12:13:07.488+0000] {processor.py:161} INFO - Started process (PID=37729) to work on /home/vscode/.local/lib/python3.11/site-packages/airflow/example_dags/plugins/event_listener.py
[2026-05-09T12:13:07.488+0000] {processor.py:830} INFO - Processing file /home/vscode/.local/lib/python3.11/site-packages/airflow/example_dags/plugins/event_listener.py for tasks to queue
[2026-05-09T12:13:07.489+0000] {logging_mixin.py:188} INFO - [2026-05-09T12:13:07.489+0000] {dagbag.py:545} INFO - Filling up the DagBag from /home/vscode/.local/lib/python3.11/site-packages/airflow/example_dags/plugins/event_listener.py
[2026-05-09T12:13:07.490+0000] {processor.py:842} WARNING - No viable dags retrieved from /home/vscode/.local/lib/python3.11/site-packages/airflow/example_dags/plugins/event_listener.py
[2026-05-09T12:13:07.497+0000] {processor.py:183} INFO - Processing /home/vscode/.local/lib/python3.11/site-packages/airflow/example_dags/plugins/event_listener.py took 0.015 seconds
[2026-05-09T12:13:50.573+0000] {processor.py:161} INFO - Started process (PID=38152) to work on /home/vscode/.local/lib/python3.11/site-packages/airflow/example_dags/plugins/event_listener.py
[2026-05-09T12:13:50.574+0000] {processor.py:830} INFO - Processing file /home/vscode/.local/lib/python3.11/site-packages/airflow/example_dags/plugins/event_listener.py for tasks to queue
[2026-05-09T12:13:50.574+0000] {logging_mixin.py:188} INFO - [2026-05-09T12:13:50.574+0000] {dagbag.py:545} INFO - Filling up the DagBag from /home/vscode/.local/lib/python3.11/site-packages/airflow/example_dags/plugins/event_listener.py
[2026-05-09T12:13:50.576+0000] {processor.py:842} WARNING - No viable dags retrieved from /home/vscode/.local/lib/python3.11/site-packages/airflow/example_dags/plugins/event_listener.py
[2026-05-09T12:13:50.583+0000] {processor.py:183} INFO - Processing /home/vscode/.local/lib/python3.11/site-packages/airflow/example_dags/plugins/event_listener.py took 0.016 seconds
[2026-05-09T12:14:35.241+0000] {processor.py:161} INFO - Started process (PID=38466) to work on /home/vscode/.local/lib/python3.11/site-packages/airflow/example_dags/plugins/event_listener.py
[2026-05-09T12:14:35.242+0000] {processor.py:830} INFO - Processing file /home/vscode/.local/lib/python3.11/site-packages/airflow/example_dags/plugins/event_listener.py for tasks to queue
[2026-05-09T12:14:35.242+0000] {logging_mixin.py:188} INFO - [2026-05-09T12:14:35.242+0000] {dagbag.py:545} INFO - Filling up the DagBag from /home/vscode/.local/lib/python3.11/site-packages/airflow/example_dags/plugins/event_listener.py
[2026-05-09T12:14:35.244+0000] {processor.py:842} WARNING - No viable dags retrieved from /home/vscode/.local/lib/python3.11/site-packages/airflow/example_dags/plugins/event_listener.py
[2026-05-09T12:14:35.251+0000] {processor.py:183} INFO - Processing /home/vscode/.local/lib/python3.11/site-packages/airflow/example_dags/plugins/event_listener.py took 0.019 seconds
[2026-05-09T12:15:16.278+0000] {processor.py:161} INFO - Started process (PID=38817) to work on /home/vscode/.local/lib/python3.11/site-packages/airflow/example_dags/plugins/event_listener.py
[2026-05-09T12:15:16.278+0000] {processor.py:830} INFO - Processing file /home/vscode/.local/lib/python3.11/site-packages/airflow/example_dags/plugins/event_listener.py for tasks to queue
[2026-05-09T12:15:16.279+0000] {logging_mixin.py:188} INFO - [2026-05-09T12:15:16.279+0000] {dagbag.py:545} INFO - Filling up the DagBag from /home/vscode/.local/lib/python3.11/site-packages/airflow/example_dags/plugins/event_listener.py
[2026-05-09T12:15:16.281+0000] {processor.py:842} WARNING - No viable dags retrieved from /home/vscode/.local/lib/python3.11/site-packages/airflow/example_dags/plugins/event_listener.py
[2026-05-09T12:15:16.288+0000] {processor.py:183} INFO - Processing /home/vscode/.local/lib/python3.11/site-packages/airflow/example_dags/plugins/event_listener.py took 0.017 seconds
[2026-05-09T12:15:58.816+0000] {processor.py:161} INFO - Started process (PID=39175) to work on /home/vscode/.local/lib/python3.11/site-packages/airflow/example_dags/plugins/event_listener.py
[2026-05-09T12:15:58.817+0000] {processor.py:830} INFO - Processing file /home/vscode/.local/lib/python3.11/site-packages/airflow/example_dags/plugins/event_listener.py for tasks to queue
[2026-05-09T12:15:58.817+0000] {logging_mixin.py:188} INFO - [2026-05-09T12:15:58.817+0000] {dagbag.py:545} INFO - Filling up the DagBag from /home/vscode/.local/lib/python3.11/site-packages/airflow/example_dags/plugins/event_listener.py
[2026-05-09T12:15:58.819+0000] {processor.py:842} WARNING - No viable dags retrieved from /home/vscode/.local/lib/python3.11/site-packages/airflow/example_dags/plugins/event_listener.py
[2026-05-09T12:15:58.828+0000] {processor.py:183} INFO - Processing /home/vscode/.local/lib/python3.11/site-packages/airflow/example_dags/plugins/event_listener.py took 0.018 seconds
[2026-05-09T12:16:43.321+0000] {processor.py:161} INFO - Started process (PID=39547) to work on /home/vscode/.local/lib/python3.11/site-packages/airflow/example_dags/plugins/event_listener.py
[2026-05-09T12:16:43.322+0000] {processor.py:830} INFO - Processing file /home/vscode/.local/lib/python3.11/site-packages/airflow/example_dags/plugins/event_listener.py for tasks to queue
[2026-05-09T12:16:43.323+0000] {logging_mixin.py:188} INFO - [2026-05-09T12:16:43.323+0000] {dagbag.py:545} INFO - Filling up the DagBag from /home/vscode/.local/lib/python3.11/site-packages/airflow/example_dags/plugins/event_listener.py
[2026-05-09T12:16:43.327+0000] {processor.py:842} WARNING - No viable dags retrieved from /home/vscode/.local/lib/python3.11/site-packages/airflow/example_dags/plugins/event_listener.py
[2026-05-09T12:16:43.342+0000] {processor.py:183} INFO - Processing /home/vscode/.local/lib/python3.11/site-packages/airflow/example_dags/plugins/event_listener.py took 0.033 seconds
[2026-05-09T12:17:29.441+0000] {processor.py:161} INFO - Started process (PID=39871) to work on /home/vscode/.local/lib/python3.11/site-packages/airflow/example_dags/plugins/event_listener.py
[2026-05-09T12:17:29.442+0000] {processor.py:830} INFO - Processing file /home/vscode/.local/lib/python3.11/site-packages/airflow/example_dags/plugins/event_listener.py for tasks to queue
[2026-05-09T12:17:29.443+0000] {logging_mixin.py:188} INFO - [2026-05-09T12:17:29.443+0000] {dagbag.py:545} INFO - Filling up the DagBag from /home/vscode/.local/lib/python3.11/site-packages/airflow/example_dags/plugins/event_listener.py
[2026-05-09T12:17:29.444+0000] {processor.py:842} WARNING - No viable dags retrieved from /home/vscode/.local/lib/python3.11/site-packages/airflow/example_dags/plugins/event_listener.py
[2026-05-09T12:17:29.455+0000] {processor.py:183} INFO - Processing /home/vscode/.local/lib/python3.11/site-packages/airflow/example_dags/plugins/event_listener.py took 0.022 seconds
[2026-05-09T12:18:11.415+0000] {processor.py:161} INFO - Started process (PID=40225) to work on /home/vscode/.local/lib/python3.11/site-packages/airflow/example_dags/plugins/event_listener.py
[2026-05-09T12:18:11.416+0000] {processor.py:830} INFO - Processing file /home/vscode/.local/lib/python3.11/site-packages/airflow/example_dags/plugins/event_listener.py for tasks to queue
[2026-05-09T12:18:11.416+0000] {logging_mixin.py:188} INFO - [2026-05-09T12:18:11.416+0000] {dagbag.py:545} INFO - Filling up the DagBag from /home/vscode/.local/lib/python3.11/site-packages/airflow/example_dags/plugins/event_listener.py
[2026-05-09T12:18:11.418+0000] {processor.py:842} WARNING - No viable dags retrieved from /home/vscode/.local/lib/python3.11/site-packages/airflow/example_dags/plugins/event_listener.py
[2026-05-09T12:18:11.426+0000] {processor.py:183} INFO - Processing /home/vscode/.local/lib/python3.11/site-packages/airflow/example_dags/plugins/event_listener.py took 0.017 seconds
[2026-05-09T12:18:51.952+0000] {processor.py:161} INFO - Started process (PID=40634) to work on /home/vscode/.local/lib/python3.11/site-packages/airflow/example_dags/plugins/event_listener.py
[2026-05-09T12:18:51.952+0000] {processor.py:830} INFO - Processing file /home/vscode/.local/lib/python3.11/site-packages/airflow/example_dags/plugins/event_listener.py for tasks to queue
[2026-05-09T12:18:51.953+0000] {logging_mixin.py:188} INFO - [2026-05-09T12:18:51.953+0000] {dagbag.py:545} INFO - Filling up the DagBag from /home/vscode/.local/lib/python3.11/site-packages/airflow/example_dags/plugins/event_listener.py
[2026-05-09T12:18:51.954+0000] {processor.py:842} WARNING - No viable dags retrieved from /home/vscode/.local/lib/python3.11/site-packages/airflow/example_dags/plugins/event_listener.py
[2026-05-09T12:18:51.962+0000] {processor.py:183} INFO - Processing /home/vscode/.local/lib/python3.11/site-packages/airflow/example_dags/plugins/event_listener.py took 0.017 seconds
[2026-05-09T12:19:33.485+0000] {processor.py:161} INFO - Started process (PID=40928) to work on /home/vscode/.local/lib/python3.11/site-packages/airflow/example_dags/plugins/event_listener.py
[2026-05-09T12:19:33.485+0000] {processor.py:830} INFO - Processing file /home/vscode/.local/lib/python3.11/site-packages/airflow/example_dags/plugins/event_listener.py for tasks to queue
[2026-05-09T12:19:33.486+0000] {logging_mixin.py:188} INFO - [2026-05-09T12:19:33.486+0000] {dagbag.py:545} INFO - Filling up the DagBag from /home/vscode/.local/lib/python3.11/site-packages/airflow/example_dags/plugins/event_listener.py
[2026-05-09T12:19:33.488+0000] {processor.py:842} WARNING - No viable dags retrieved from /home/vscode/.local/lib/python3.11/site-packages/airflow/example_dags/plugins/event_listener.py
[2026-05-09T12:19:33.495+0000] {processor.py:183} INFO - Processing /home/vscode/.local/lib/python3.11/site-packages/airflow/example_dags/plugins/event_listener.py took 0.019 seconds
[2026-05-09T12:20:20.122+0000] {processor.py:161} INFO - Started process (PID=41307) to work on /home/vscode/.local/lib/python3.11/site-packages/airflow/example_dags/plugins/event_listener.py
[2026-05-09T12:20:20.123+0000] {processor.py:830} INFO - Processing file /home/vscode/.local/lib/python3.11/site-packages/airflow/example_dags/plugins/event_listener.py for tasks to queue
[2026-05-09T12:20:20.123+0000] {logging_mixin.py:188} INFO - [2026-05-09T12:20:20.123+0000] {dagbag.py:545} INFO - Filling up the DagBag from /home/vscode/.local/lib/python3.11/site-packages/airflow/example_dags/plugins/event_listener.py
[2026-05-09T12:20:20.125+0000] {processor.py:842} WARNING - No viable dags retrieved from /home/vscode/.local/lib/python3.11/site-packages/airflow/example_dags/plugins/event_listener.py
[2026-05-09T12:20:20.135+0000] {processor.py:183} INFO - Processing /home/vscode/.local/lib/python3.11/site-packages/airflow/example_dags/plugins/event_listener.py took 0.019 seconds
[2026-05-09T12:21:00.732+0000] {processor.py:161} INFO - Started process (PID=41664) to work on /home/vscode/.local/lib/python3.11/site-packages/airflow/example_dags/plugins/event_listener.py
[2026-05-09T12:21:00.732+0000] {processor.py:830} INFO - Processing file /home/vscode/.local/lib/python3.11/site-packages/airflow/example_dags/plugins/event_listener.py for tasks to queue
[2026-05-09T12:21:00.733+0000] {logging_mixin.py:188} INFO - [2026-05-09T12:21:00.733+0000] {dagbag.py:545} INFO - Filling up the DagBag from /home/vscode/.local/lib/python3.11/site-packages/airflow/example_dags/plugins/event_listener.py
[2026-05-09T12:21:00.735+0000] {processor.py:842} WARNING - No viable dags retrieved from /home/vscode/.local/lib/python3.11/site-packages/airflow/example_dags/plugins/event_listener.py
[2026-05-09T12:21:00.745+0000] {processor.py:183} INFO - Processing /home/vscode/.local/lib/python3.11/site-packages/airflow/example_dags/plugins/event_listener.py took 0.021 seconds
