[2026-05-09T11:18:34.057+0000] {processor.py:161} INFO - Started process (PID=6913) to work on /home/vscode/.local/lib/python3.11/site-packages/airflow/example_dags/plugins/listener_plugin.py
[2026-05-09T11:18:34.058+0000] {processor.py:830} INFO - Processing file /home/vscode/.local/lib/python3.11/site-packages/airflow/example_dags/plugins/listener_plugin.py for tasks to queue
[2026-05-09T11:18:34.059+0000] {logging_mixin.py:188} INFO - [2026-05-09T11:18:34.058+0000] {dagbag.py:545} INFO - Filling up the DagBag from /home/vscode/.local/lib/python3.11/site-packages/airflow/example_dags/plugins/listener_plugin.py
[2026-05-09T11:18:34.062+0000] {processor.py:842} WARNING - No viable dags retrieved from /home/vscode/.local/lib/python3.11/site-packages/airflow/example_dags/plugins/listener_plugin.py
[2026-05-09T11:18:34.072+0000] {processor.py:183} INFO - Processing /home/vscode/.local/lib/python3.11/site-packages/airflow/example_dags/plugins/listener_plugin.py took 0.023 seconds
[2026-05-09T11:19:31.097+0000] {processor.py:161} INFO - Started process (PID=7456) to work on /home/vscode/.local/lib/python3.11/site-packages/airflow/example_dags/plugins/listener_plugin.py
[2026-05-09T11:19:31.098+0000] {processor.py:830} INFO - Processing file /home/vscode/.local/lib/python3.11/site-packages/airflow/example_dags/plugins/listener_plugin.py for tasks to queue
[2026-05-09T11:19:31.098+0000] {logging_mixin.py:188} INFO - [2026-05-09T11:19:31.098+0000] {dagbag.py:545} INFO - Filling up the DagBag from /home/vscode/.local/lib/python3.11/site-packages/airflow/example_dags/plugins/listener_plugin.py
[2026-05-09T11:19:31.100+0000] {processor.py:842} WARNING - No viable dags retrieved from /home/vscode/.local/lib/python3.11/site-packages/airflow/example_dags/plugins/listener_plugin.py
[2026-05-09T11:19:31.107+0000] {processor.py:183} INFO - Processing /home/vscode/.local/lib/python3.11/site-packages/airflow/example_dags/plugins/listener_plugin.py took 0.017 seconds
[2026-05-09T11:20:25.620+0000] {processor.py:161} INFO - Started process (PID=7927) to work on /home/vscode/.local/lib/python3.11/site-packages/airflow/example_dags/plugins/listener_plugin.py
[2026-05-09T11:20:25.620+0000] {processor.py:830} INFO - Processing file /home/vscode/.local/lib/python3.11/site-packages/airflow/example_dags/plugins/listener_plugin.py for tasks to queue
[2026-05-09T11:20:25.621+0000] {logging_mixin.py:188} INFO - [2026-05-09T11:20:25.621+0000] {dagbag.py:545} INFO - Filling up the DagBag from /home/vscode/.local/lib/python3.11/site-packages/airflow/example_dags/plugins/listener_plugin.py
[2026-05-09T11:20:25.623+0000] {processor.py:842} WARNING - No viable dags retrieved from /home/vscode/.local/lib/python3.11/site-packages/airflow/example_dags/plugins/listener_plugin.py
[2026-05-09T11:20:25.634+0000] {processor.py:183} INFO - Processing /home/vscode/.local/lib/python3.11/site-packages/airflow/example_dags/plugins/listener_plugin.py took 0.028 seconds
[2026-05-09T11:21:10.503+0000] {processor.py:161} INFO - Started process (PID=8325) to work on /home/vscode/.local/lib/python3.11/site-packages/airflow/example_dags/plugins/listener_plugin.py
[2026-05-09T11:21:10.503+0000] {processor.py:830} INFO - Processing file /home/vscode/.local/lib/python3.11/site-packages/airflow/example_dags/plugins/listener_plugin.py for tasks to queue
[2026-05-09T11:21:10.504+0000] {logging_mixin.py:188} INFO - [2026-05-09T11:21:10.504+0000] {dagbag.py:545} INFO - Filling up the DagBag from /home/vscode/.local/lib/python3.11/site-packages/airflow/example_dags/plugins/listener_plugin.py
[2026-05-09T11:21:10.506+0000] {processor.py:842} WARNING - No viable dags retrieved from /home/vscode/.local/lib/python3.11/site-packages/airflow/example_dags/plugins/listener_plugin.py
[2026-05-09T11:21:10.513+0000] {processor.py:183} INFO - Processing /home/vscode/.local/lib/python3.11/site-packages/airflow/example_dags/plugins/listener_plugin.py took 0.016 seconds
[2026-05-09T11:21:50.481+0000] {processor.py:161} INFO - Started process (PID=8799) to work on /home/vscode/.local/lib/python3.11/site-packages/airflow/example_dags/plugins/listener_plugin.py
[2026-05-09T11:21:50.481+0000] {processor.py:830} INFO - Processing file /home/vscode/.local/lib/python3.11/site-packages/airflow/example_dags/plugins/listener_plugin.py for tasks to queue
[2026-05-09T11:21:50.482+0000] {logging_mixin.py:188} INFO - [2026-05-09T11:21:50.482+0000] {dagbag.py:545} INFO - Filling up the DagBag from /home/vscode/.local/lib/python3.11/site-packages/airflow/example_dags/plugins/listener_plugin.py
[2026-05-09T11:21:50.484+0000] {processor.py:842} WARNING - No viable dags retrieved from /home/vscode/.local/lib/python3.11/site-packages/airflow/example_dags/plugins/listener_plugin.py
[2026-05-09T11:21:50.490+0000] {processor.py:183} INFO - Processing /home/vscode/.local/lib/python3.11/site-packages/airflow/example_dags/plugins/listener_plugin.py took 0.016 seconds
[2026-05-09T11:22:30.700+0000] {processor.py:161} INFO - Started process (PID=9214) to work on /home/vscode/.local/lib/python3.11/site-packages/airflow/example_dags/plugins/listener_plugin.py
[2026-05-09T11:22:30.701+0000] {processor.py:830} INFO - Processing file /home/vscode/.local/lib/python3.11/site-packages/airflow/example_dags/plugins/listener_plugin.py for tasks to queue
[2026-05-09T11:22:30.701+0000] {logging_mixin.py:188} INFO - [2026-05-09T11:22:30.701+0000] {dagbag.py:545} INFO - Filling up the DagBag from /home/vscode/.local/lib/python3.11/site-packages/airflow/example_dags/plugins/listener_plugin.py
[2026-05-09T11:22:30.703+0000] {processor.py:842} WARNING - No viable dags retrieved from /home/vscode/.local/lib/python3.11/site-packages/airflow/example_dags/plugins/listener_plugin.py
[2026-05-09T11:22:30.710+0000] {processor.py:183} INFO - Processing /home/vscode/.local/lib/python3.11/site-packages/airflow/example_dags/plugins/listener_plugin.py took 0.017 seconds
[2026-05-09T11:23:06.282+0000] {processor.py:161} INFO - Started process (PID=9656) to work on /home/vscode/.local/lib/python3.11/site-packages/airflow/example_dags/plugins/listener_plugin.py
[2026-05-09T11:23:06.282+0000] {processor.py:830} INFO - Processing file /home/vscode/.local/lib/python3.11/site-packages/airflow/example_dags/plugins/listener_plugin.py for tasks to queue
[2026-05-09T11:23:06.283+0000] {logging_mixin.py:188} INFO - [2026-05-09T11:23:06.283+0000] {dagbag.py:545} INFO - Filling up the DagBag from /home/vscode/.local/lib/python3.11/site-packages/airflow/example_dags/plugins/listener_plugin.py
[2026-05-09T11:23:06.285+0000] {processor.py:842} WARNING - No viable dags retrieved from /home/vscode/.local/lib/python3.11/site-packages/airflow/example_dags/plugins/listener_plugin.py
[2026-05-09T11:23:06.292+0000] {processor.py:183} INFO - Processing /home/vscode/.local/lib/python3.11/site-packages/airflow/example_dags/plugins/listener_plugin.py took 0.017 seconds
[2026-05-09T11:23:46.351+0000] {processor.py:161} INFO - Started process (PID=10214) to work on /home/vscode/.local/lib/python3.11/site-packages/airflow/example_dags/plugins/listener_plugin.py
[2026-05-09T11:23:46.352+0000] {processor.py:830} INFO - Processing file /home/vscode/.local/lib/python3.11/site-packages/airflow/example_dags/plugins/listener_plugin.py for tasks to queue
[2026-05-09T11:23:46.352+0000] {logging_mixin.py:188} INFO - [2026-05-09T11:23:46.352+0000] {dagbag.py:545} INFO - Filling up the DagBag from /home/vscode/.local/lib/python3.11/site-packages/airflow/example_dags/plugins/listener_plugin.py
[2026-05-09T11:23:46.354+0000] {processor.py:842} WARNING - No viable dags retrieved from /home/vscode/.local/lib/python3.11/site-packages/airflow/example_dags/plugins/listener_plugin.py
[2026-05-09T11:23:46.362+0000] {processor.py:183} INFO - Processing /home/vscode/.local/lib/python3.11/site-packages/airflow/example_dags/plugins/listener_plugin.py took 0.017 seconds
[2026-05-09T11:24:27.571+0000] {processor.py:161} INFO - Started process (PID=10703) to work on /home/vscode/.local/lib/python3.11/site-packages/airflow/example_dags/plugins/listener_plugin.py
[2026-05-09T11:24:27.572+0000] {processor.py:830} INFO - Processing file /home/vscode/.local/lib/python3.11/site-packages/airflow/example_dags/plugins/listener_plugin.py for tasks to queue
[2026-05-09T11:24:27.572+0000] {logging_mixin.py:188} INFO - [2026-05-09T11:24:27.572+0000] {dagbag.py:545} INFO - Filling up the DagBag from /home/vscode/.local/lib/python3.11/site-packages/airflow/example_dags/plugins/listener_plugin.py
[2026-05-09T11:24:27.574+0000] {processor.py:842} WARNING - No viable dags retrieved from /home/vscode/.local/lib/python3.11/site-packages/airflow/example_dags/plugins/listener_plugin.py
[2026-05-09T11:24:27.581+0000] {processor.py:183} INFO - Processing /home/vscode/.local/lib/python3.11/site-packages/airflow/example_dags/plugins/listener_plugin.py took 0.017 seconds
[2026-05-09T11:25:07.727+0000] {processor.py:161} INFO - Started process (PID=11222) to work on /home/vscode/.local/lib/python3.11/site-packages/airflow/example_dags/plugins/listener_plugin.py
[2026-05-09T11:25:07.727+0000] {processor.py:830} INFO - Processing file /home/vscode/.local/lib/python3.11/site-packages/airflow/example_dags/plugins/listener_plugin.py for tasks to queue
[2026-05-09T11:25:07.728+0000] {logging_mixin.py:188} INFO - [2026-05-09T11:25:07.728+0000] {dagbag.py:545} INFO - Filling up the DagBag from /home/vscode/.local/lib/python3.11/site-packages/airflow/example_dags/plugins/listener_plugin.py
[2026-05-09T11:25:07.730+0000] {processor.py:842} WARNING - No viable dags retrieved from /home/vscode/.local/lib/python3.11/site-packages/airflow/example_dags/plugins/listener_plugin.py
[2026-05-09T11:25:07.736+0000] {processor.py:183} INFO - Processing /home/vscode/.local/lib/python3.11/site-packages/airflow/example_dags/plugins/listener_plugin.py took 0.016 seconds
[2026-05-09T11:25:49.535+0000] {processor.py:161} INFO - Started process (PID=11566) to work on /home/vscode/.local/lib/python3.11/site-packages/airflow/example_dags/plugins/listener_plugin.py
[2026-05-09T11:25:49.535+0000] {processor.py:830} INFO - Processing file /home/vscode/.local/lib/python3.11/site-packages/airflow/example_dags/plugins/listener_plugin.py for tasks to queue
[2026-05-09T11:25:49.536+0000] {logging_mixin.py:188} INFO - [2026-05-09T11:25:49.535+0000] {dagbag.py:545} INFO - Filling up the DagBag from /home/vscode/.local/lib/python3.11/site-packages/airflow/example_dags/plugins/listener_plugin.py
[2026-05-09T11:25:49.538+0000] {processor.py:842} WARNING - No viable dags retrieved from /home/vscode/.local/lib/python3.11/site-packages/airflow/example_dags/plugins/listener_plugin.py
[2026-05-09T11:25:49.545+0000] {processor.py:183} INFO - Processing /home/vscode/.local/lib/python3.11/site-packages/airflow/example_dags/plugins/listener_plugin.py took 0.016 seconds
[2026-05-09T11:26:28.856+0000] {processor.py:161} INFO - Started process (PID=11923) to work on /home/vscode/.local/lib/python3.11/site-packages/airflow/example_dags/plugins/listener_plugin.py
[2026-05-09T11:26:28.857+0000] {processor.py:830} INFO - Processing file /home/vscode/.local/lib/python3.11/site-packages/airflow/example_dags/plugins/listener_plugin.py for tasks to queue
[2026-05-09T11:26:28.857+0000] {logging_mixin.py:188} INFO - [2026-05-09T11:26:28.857+0000] {dagbag.py:545} INFO - Filling up the DagBag from /home/vscode/.local/lib/python3.11/site-packages/airflow/example_dags/plugins/listener_plugin.py
[2026-05-09T11:26:28.859+0000] {processor.py:842} WARNING - No viable dags retrieved from /home/vscode/.local/lib/python3.11/site-packages/airflow/example_dags/plugins/listener_plugin.py
[2026-05-09T11:26:28.866+0000] {processor.py:183} INFO - Processing /home/vscode/.local/lib/python3.11/site-packages/airflow/example_dags/plugins/listener_plugin.py took 0.016 seconds
[2026-05-09T11:27:08.262+0000] {processor.py:161} INFO - Started process (PID=12396) to work on /home/vscode/.local/lib/python3.11/site-packages/airflow/example_dags/plugins/listener_plugin.py
[2026-05-09T11:27:08.262+0000] {processor.py:830} INFO - Processing file /home/vscode/.local/lib/python3.11/site-packages/airflow/example_dags/plugins/listener_plugin.py for tasks to queue
[2026-05-09T11:27:08.263+0000] {logging_mixin.py:188} INFO - [2026-05-09T11:27:08.263+0000] {dagbag.py:545} INFO - Filling up the DagBag from /home/vscode/.local/lib/python3.11/site-packages/airflow/example_dags/plugins/listener_plugin.py
[2026-05-09T11:27:08.265+0000] {processor.py:842} WARNING - No viable dags retrieved from /home/vscode/.local/lib/python3.11/site-packages/airflow/example_dags/plugins/listener_plugin.py
[2026-05-09T11:27:08.272+0000] {processor.py:183} INFO - Processing /home/vscode/.local/lib/python3.11/site-packages/airflow/example_dags/plugins/listener_plugin.py took 0.017 seconds
[2026-05-09T11:27:48.223+0000] {processor.py:161} INFO - Started process (PID=12911) to work on /home/vscode/.local/lib/python3.11/site-packages/airflow/example_dags/plugins/listener_plugin.py
[2026-05-09T11:27:48.224+0000] {processor.py:830} INFO - Processing file /home/vscode/.local/lib/python3.11/site-packages/airflow/example_dags/plugins/listener_plugin.py for tasks to queue
[2026-05-09T11:27:48.224+0000] {logging_mixin.py:188} INFO - [2026-05-09T11:27:48.224+0000] {dagbag.py:545} INFO - Filling up the DagBag from /home/vscode/.local/lib/python3.11/site-packages/airflow/example_dags/plugins/listener_plugin.py
[2026-05-09T11:27:48.226+0000] {processor.py:842} WARNING - No viable dags retrieved from /home/vscode/.local/lib/python3.11/site-packages/airflow/example_dags/plugins/listener_plugin.py
[2026-05-09T11:27:48.234+0000] {processor.py:183} INFO - Processing /home/vscode/.local/lib/python3.11/site-packages/airflow/example_dags/plugins/listener_plugin.py took 0.017 seconds
[2026-05-09T11:28:29.300+0000] {processor.py:161} INFO - Started process (PID=13382) to work on /home/vscode/.local/lib/python3.11/site-packages/airflow/example_dags/plugins/listener_plugin.py
[2026-05-09T11:28:29.301+0000] {processor.py:830} INFO - Processing file /home/vscode/.local/lib/python3.11/site-packages/airflow/example_dags/plugins/listener_plugin.py for tasks to queue
[2026-05-09T11:28:29.301+0000] {logging_mixin.py:188} INFO - [2026-05-09T11:28:29.301+0000] {dagbag.py:545} INFO - Filling up the DagBag from /home/vscode/.local/lib/python3.11/site-packages/airflow/example_dags/plugins/listener_plugin.py
[2026-05-09T11:28:29.303+0000] {processor.py:842} WARNING - No viable dags retrieved from /home/vscode/.local/lib/python3.11/site-packages/airflow/example_dags/plugins/listener_plugin.py
[2026-05-09T11:28:29.310+0000] {processor.py:183} INFO - Processing /home/vscode/.local/lib/python3.11/site-packages/airflow/example_dags/plugins/listener_plugin.py took 0.017 seconds
[2026-05-09T11:29:07.820+0000] {processor.py:161} INFO - Started process (PID=13796) to work on /home/vscode/.local/lib/python3.11/site-packages/airflow/example_dags/plugins/listener_plugin.py
[2026-05-09T11:29:07.821+0000] {processor.py:830} INFO - Processing file /home/vscode/.local/lib/python3.11/site-packages/airflow/example_dags/plugins/listener_plugin.py for tasks to queue
[2026-05-09T11:29:07.822+0000] {logging_mixin.py:188} INFO - [2026-05-09T11:29:07.821+0000] {dagbag.py:545} INFO - Filling up the DagBag from /home/vscode/.local/lib/python3.11/site-packages/airflow/example_dags/plugins/listener_plugin.py
[2026-05-09T11:29:07.824+0000] {processor.py:842} WARNING - No viable dags retrieved from /home/vscode/.local/lib/python3.11/site-packages/airflow/example_dags/plugins/listener_plugin.py
[2026-05-09T11:29:07.831+0000] {processor.py:183} INFO - Processing /home/vscode/.local/lib/python3.11/site-packages/airflow/example_dags/plugins/listener_plugin.py took 0.017 seconds
[2026-05-09T11:29:52.092+0000] {processor.py:161} INFO - Started process (PID=14192) to work on /home/vscode/.local/lib/python3.11/site-packages/airflow/example_dags/plugins/listener_plugin.py
[2026-05-09T11:29:52.093+0000] {processor.py:830} INFO - Processing file /home/vscode/.local/lib/python3.11/site-packages/airflow/example_dags/plugins/listener_plugin.py for tasks to queue
[2026-05-09T11:29:52.094+0000] {logging_mixin.py:188} INFO - [2026-05-09T11:29:52.094+0000] {dagbag.py:545} INFO - Filling up the DagBag from /home/vscode/.local/lib/python3.11/site-packages/airflow/example_dags/plugins/listener_plugin.py
[2026-05-09T11:29:52.096+0000] {processor.py:842} WARNING - No viable dags retrieved from /home/vscode/.local/lib/python3.11/site-packages/airflow/example_dags/plugins/listener_plugin.py
[2026-05-09T11:29:52.104+0000] {processor.py:183} INFO - Processing /home/vscode/.local/lib/python3.11/site-packages/airflow/example_dags/plugins/listener_plugin.py took 0.019 seconds
[2026-05-09T11:30:34.291+0000] {processor.py:161} INFO - Started process (PID=14705) to work on /home/vscode/.local/lib/python3.11/site-packages/airflow/example_dags/plugins/listener_plugin.py
[2026-05-09T11:30:34.291+0000] {processor.py:830} INFO - Processing file /home/vscode/.local/lib/python3.11/site-packages/airflow/example_dags/plugins/listener_plugin.py for tasks to queue
[2026-05-09T11:30:34.292+0000] {logging_mixin.py:188} INFO - [2026-05-09T11:30:34.292+0000] {dagbag.py:545} INFO - Filling up the DagBag from /home/vscode/.local/lib/python3.11/site-packages/airflow/example_dags/plugins/listener_plugin.py
[2026-05-09T11:30:34.294+0000] {processor.py:842} WARNING - No viable dags retrieved from /home/vscode/.local/lib/python3.11/site-packages/airflow/example_dags/plugins/listener_plugin.py
[2026-05-09T11:30:34.306+0000] {processor.py:183} INFO - Processing /home/vscode/.local/lib/python3.11/site-packages/airflow/example_dags/plugins/listener_plugin.py took 0.025 seconds
[2026-05-09T11:31:12.897+0000] {processor.py:161} INFO - Started process (PID=15171) to work on /home/vscode/.local/lib/python3.11/site-packages/airflow/example_dags/plugins/listener_plugin.py
[2026-05-09T11:31:12.897+0000] {processor.py:830} INFO - Processing file /home/vscode/.local/lib/python3.11/site-packages/airflow/example_dags/plugins/listener_plugin.py for tasks to queue
[2026-05-09T11:31:12.898+0000] {logging_mixin.py:188} INFO - [2026-05-09T11:31:12.898+0000] {dagbag.py:545} INFO - Filling up the DagBag from /home/vscode/.local/lib/python3.11/site-packages/airflow/example_dags/plugins/listener_plugin.py
[2026-05-09T11:31:12.900+0000] {processor.py:842} WARNING - No viable dags retrieved from /home/vscode/.local/lib/python3.11/site-packages/airflow/example_dags/plugins/listener_plugin.py
[2026-05-09T11:31:12.909+0000] {processor.py:183} INFO - Processing /home/vscode/.local/lib/python3.11/site-packages/airflow/example_dags/plugins/listener_plugin.py took 0.019 seconds
[2026-05-09T11:31:56.919+0000] {processor.py:161} INFO - Started process (PID=15663) to work on /home/vscode/.local/lib/python3.11/site-packages/airflow/example_dags/plugins/listener_plugin.py
[2026-05-09T11:31:56.919+0000] {processor.py:830} INFO - Processing file /home/vscode/.local/lib/python3.11/site-packages/airflow/example_dags/plugins/listener_plugin.py for tasks to queue
[2026-05-09T11:31:56.920+0000] {logging_mixin.py:188} INFO - [2026-05-09T11:31:56.920+0000] {dagbag.py:545} INFO - Filling up the DagBag from /home/vscode/.local/lib/python3.11/site-packages/airflow/example_dags/plugins/listener_plugin.py
[2026-05-09T11:31:56.922+0000] {processor.py:842} WARNING - No viable dags retrieved from /home/vscode/.local/lib/python3.11/site-packages/airflow/example_dags/plugins/listener_plugin.py
[2026-05-09T11:31:56.929+0000] {processor.py:183} INFO - Processing /home/vscode/.local/lib/python3.11/site-packages/airflow/example_dags/plugins/listener_plugin.py took 0.016 seconds
[2026-05-09T11:32:41.193+0000] {processor.py:161} INFO - Started process (PID=16040) to work on /home/vscode/.local/lib/python3.11/site-packages/airflow/example_dags/plugins/listener_plugin.py
[2026-05-09T11:32:41.193+0000] {processor.py:830} INFO - Processing file /home/vscode/.local/lib/python3.11/site-packages/airflow/example_dags/plugins/listener_plugin.py for tasks to queue
[2026-05-09T11:32:41.194+0000] {logging_mixin.py:188} INFO - [2026-05-09T11:32:41.194+0000] {dagbag.py:545} INFO - Filling up the DagBag from /home/vscode/.local/lib/python3.11/site-packages/airflow/example_dags/plugins/listener_plugin.py
[2026-05-09T11:32:41.196+0000] {processor.py:842} WARNING - No viable dags retrieved from /home/vscode/.local/lib/python3.11/site-packages/airflow/example_dags/plugins/listener_plugin.py
[2026-05-09T11:32:41.203+0000] {processor.py:183} INFO - Processing /home/vscode/.local/lib/python3.11/site-packages/airflow/example_dags/plugins/listener_plugin.py took 0.017 seconds
[2026-05-09T11:33:24.240+0000] {processor.py:161} INFO - Started process (PID=16362) to work on /home/vscode/.local/lib/python3.11/site-packages/airflow/example_dags/plugins/listener_plugin.py
[2026-05-09T11:33:24.243+0000] {processor.py:830} INFO - Processing file /home/vscode/.local/lib/python3.11/site-packages/airflow/example_dags/plugins/listener_plugin.py for tasks to queue
[2026-05-09T11:33:24.244+0000] {logging_mixin.py:188} INFO - [2026-05-09T11:33:24.243+0000] {dagbag.py:545} INFO - Filling up the DagBag from /home/vscode/.local/lib/python3.11/site-packages/airflow/example_dags/plugins/listener_plugin.py
[2026-05-09T11:33:24.246+0000] {processor.py:842} WARNING - No viable dags retrieved from /home/vscode/.local/lib/python3.11/site-packages/airflow/example_dags/plugins/listener_plugin.py
[2026-05-09T11:33:24.255+0000] {processor.py:183} INFO - Processing /home/vscode/.local/lib/python3.11/site-packages/airflow/example_dags/plugins/listener_plugin.py took 0.031 seconds
[2026-05-09T11:34:06.151+0000] {processor.py:161} INFO - Started process (PID=16797) to work on /home/vscode/.local/lib/python3.11/site-packages/airflow/example_dags/plugins/listener_plugin.py
[2026-05-09T11:34:06.152+0000] {processor.py:830} INFO - Processing file /home/vscode/.local/lib/python3.11/site-packages/airflow/example_dags/plugins/listener_plugin.py for tasks to queue
[2026-05-09T11:34:06.152+0000] {logging_mixin.py:188} INFO - [2026-05-09T11:34:06.152+0000] {dagbag.py:545} INFO - Filling up the DagBag from /home/vscode/.local/lib/python3.11/site-packages/airflow/example_dags/plugins/listener_plugin.py
[2026-05-09T11:34:06.154+0000] {processor.py:842} WARNING - No viable dags retrieved from /home/vscode/.local/lib/python3.11/site-packages/airflow/example_dags/plugins/listener_plugin.py
[2026-05-09T11:34:06.161+0000] {processor.py:183} INFO - Processing /home/vscode/.local/lib/python3.11/site-packages/airflow/example_dags/plugins/listener_plugin.py took 0.016 seconds
[2026-05-09T11:34:47.733+0000] {processor.py:161} INFO - Started process (PID=17166) to work on /home/vscode/.local/lib/python3.11/site-packages/airflow/example_dags/plugins/listener_plugin.py
[2026-05-09T11:34:47.733+0000] {processor.py:830} INFO - Processing file /home/vscode/.local/lib/python3.11/site-packages/airflow/example_dags/plugins/listener_plugin.py for tasks to queue
[2026-05-09T11:34:47.734+0000] {logging_mixin.py:188} INFO - [2026-05-09T11:34:47.734+0000] {dagbag.py:545} INFO - Filling up the DagBag from /home/vscode/.local/lib/python3.11/site-packages/airflow/example_dags/plugins/listener_plugin.py
[2026-05-09T11:34:47.736+0000] {processor.py:842} WARNING - No viable dags retrieved from /home/vscode/.local/lib/python3.11/site-packages/airflow/example_dags/plugins/listener_plugin.py
[2026-05-09T11:34:47.743+0000] {processor.py:183} INFO - Processing /home/vscode/.local/lib/python3.11/site-packages/airflow/example_dags/plugins/listener_plugin.py took 0.017 seconds
[2026-05-09T11:35:27.683+0000] {processor.py:161} INFO - Started process (PID=17469) to work on /home/vscode/.local/lib/python3.11/site-packages/airflow/example_dags/plugins/listener_plugin.py
[2026-05-09T11:35:27.684+0000] {processor.py:830} INFO - Processing file /home/vscode/.local/lib/python3.11/site-packages/airflow/example_dags/plugins/listener_plugin.py for tasks to queue
[2026-05-09T11:35:27.684+0000] {logging_mixin.py:188} INFO - [2026-05-09T11:35:27.684+0000] {dagbag.py:545} INFO - Filling up the DagBag from /home/vscode/.local/lib/python3.11/site-packages/airflow/example_dags/plugins/listener_plugin.py
[2026-05-09T11:35:27.686+0000] {processor.py:842} WARNING - No viable dags retrieved from /home/vscode/.local/lib/python3.11/site-packages/airflow/example_dags/plugins/listener_plugin.py
[2026-05-09T11:35:27.694+0000] {processor.py:183} INFO - Processing /home/vscode/.local/lib/python3.11/site-packages/airflow/example_dags/plugins/listener_plugin.py took 0.017 seconds
[2026-05-09T11:36:05.687+0000] {processor.py:161} INFO - Started process (PID=17799) to work on /home/vscode/.local/lib/python3.11/site-packages/airflow/example_dags/plugins/listener_plugin.py
[2026-05-09T11:36:05.687+0000] {processor.py:830} INFO - Processing file /home/vscode/.local/lib/python3.11/site-packages/airflow/example_dags/plugins/listener_plugin.py for tasks to queue
[2026-05-09T11:36:05.688+0000] {logging_mixin.py:188} INFO - [2026-05-09T11:36:05.687+0000] {dagbag.py:545} INFO - Filling up the DagBag from /home/vscode/.local/lib/python3.11/site-packages/airflow/example_dags/plugins/listener_plugin.py
[2026-05-09T11:36:05.690+0000] {processor.py:842} WARNING - No viable dags retrieved from /home/vscode/.local/lib/python3.11/site-packages/airflow/example_dags/plugins/listener_plugin.py
[2026-05-09T11:36:05.697+0000] {processor.py:183} INFO - Processing /home/vscode/.local/lib/python3.11/site-packages/airflow/example_dags/plugins/listener_plugin.py took 0.017 seconds
[2026-05-09T11:36:47.371+0000] {processor.py:161} INFO - Started process (PID=18171) to work on /home/vscode/.local/lib/python3.11/site-packages/airflow/example_dags/plugins/listener_plugin.py
[2026-05-09T11:36:47.371+0000] {processor.py:830} INFO - Processing file /home/vscode/.local/lib/python3.11/site-packages/airflow/example_dags/plugins/listener_plugin.py for tasks to queue
[2026-05-09T11:36:47.372+0000] {logging_mixin.py:188} INFO - [2026-05-09T11:36:47.372+0000] {dagbag.py:545} INFO - Filling up the DagBag from /home/vscode/.local/lib/python3.11/site-packages/airflow/example_dags/plugins/listener_plugin.py
[2026-05-09T11:36:47.374+0000] {processor.py:842} WARNING - No viable dags retrieved from /home/vscode/.local/lib/python3.11/site-packages/airflow/example_dags/plugins/listener_plugin.py
[2026-05-09T11:36:47.381+0000] {processor.py:183} INFO - Processing /home/vscode/.local/lib/python3.11/site-packages/airflow/example_dags/plugins/listener_plugin.py took 0.016 seconds
[2026-05-09T11:37:28.213+0000] {processor.py:161} INFO - Started process (PID=18636) to work on /home/vscode/.local/lib/python3.11/site-packages/airflow/example_dags/plugins/listener_plugin.py
[2026-05-09T11:37:28.214+0000] {processor.py:830} INFO - Processing file /home/vscode/.local/lib/python3.11/site-packages/airflow/example_dags/plugins/listener_plugin.py for tasks to queue
[2026-05-09T11:37:28.214+0000] {logging_mixin.py:188} INFO - [2026-05-09T11:37:28.214+0000] {dagbag.py:545} INFO - Filling up the DagBag from /home/vscode/.local/lib/python3.11/site-packages/airflow/example_dags/plugins/listener_plugin.py
[2026-05-09T11:37:28.216+0000] {processor.py:842} WARNING - No viable dags retrieved from /home/vscode/.local/lib/python3.11/site-packages/airflow/example_dags/plugins/listener_plugin.py
[2026-05-09T11:37:28.224+0000] {processor.py:183} INFO - Processing /home/vscode/.local/lib/python3.11/site-packages/airflow/example_dags/plugins/listener_plugin.py took 0.017 seconds
[2026-05-09T11:38:10.105+0000] {processor.py:161} INFO - Started process (PID=19225) to work on /home/vscode/.local/lib/python3.11/site-packages/airflow/example_dags/plugins/listener_plugin.py
[2026-05-09T11:38:10.105+0000] {processor.py:830} INFO - Processing file /home/vscode/.local/lib/python3.11/site-packages/airflow/example_dags/plugins/listener_plugin.py for tasks to queue
[2026-05-09T11:38:10.106+0000] {logging_mixin.py:188} INFO - [2026-05-09T11:38:10.106+0000] {dagbag.py:545} INFO - Filling up the DagBag from /home/vscode/.local/lib/python3.11/site-packages/airflow/example_dags/plugins/listener_plugin.py
[2026-05-09T11:38:10.108+0000] {processor.py:842} WARNING - No viable dags retrieved from /home/vscode/.local/lib/python3.11/site-packages/airflow/example_dags/plugins/listener_plugin.py
[2026-05-09T11:38:10.115+0000] {processor.py:183} INFO - Processing /home/vscode/.local/lib/python3.11/site-packages/airflow/example_dags/plugins/listener_plugin.py took 0.016 seconds
[2026-05-09T11:38:50.759+0000] {processor.py:161} INFO - Started process (PID=19639) to work on /home/vscode/.local/lib/python3.11/site-packages/airflow/example_dags/plugins/listener_plugin.py
[2026-05-09T11:38:50.760+0000] {processor.py:830} INFO - Processing file /home/vscode/.local/lib/python3.11/site-packages/airflow/example_dags/plugins/listener_plugin.py for tasks to queue
[2026-05-09T11:38:50.761+0000] {logging_mixin.py:188} INFO - [2026-05-09T11:38:50.760+0000] {dagbag.py:545} INFO - Filling up the DagBag from /home/vscode/.local/lib/python3.11/site-packages/airflow/example_dags/plugins/listener_plugin.py
[2026-05-09T11:38:50.762+0000] {processor.py:842} WARNING - No viable dags retrieved from /home/vscode/.local/lib/python3.11/site-packages/airflow/example_dags/plugins/listener_plugin.py
[2026-05-09T11:38:50.770+0000] {processor.py:183} INFO - Processing /home/vscode/.local/lib/python3.11/site-packages/airflow/example_dags/plugins/listener_plugin.py took 0.017 seconds
[2026-05-09T11:39:29.623+0000] {processor.py:161} INFO - Started process (PID=20208) to work on /home/vscode/.local/lib/python3.11/site-packages/airflow/example_dags/plugins/listener_plugin.py
[2026-05-09T11:39:29.623+0000] {processor.py:830} INFO - Processing file /home/vscode/.local/lib/python3.11/site-packages/airflow/example_dags/plugins/listener_plugin.py for tasks to queue
[2026-05-09T11:39:29.624+0000] {logging_mixin.py:188} INFO - [2026-05-09T11:39:29.624+0000] {dagbag.py:545} INFO - Filling up the DagBag from /home/vscode/.local/lib/python3.11/site-packages/airflow/example_dags/plugins/listener_plugin.py
[2026-05-09T11:39:29.627+0000] {processor.py:842} WARNING - No viable dags retrieved from /home/vscode/.local/lib/python3.11/site-packages/airflow/example_dags/plugins/listener_plugin.py
[2026-05-09T11:39:29.640+0000] {processor.py:183} INFO - Processing /home/vscode/.local/lib/python3.11/site-packages/airflow/example_dags/plugins/listener_plugin.py took 0.027 seconds
[2026-05-09T11:40:11.646+0000] {processor.py:161} INFO - Started process (PID=20543) to work on /home/vscode/.local/lib/python3.11/site-packages/airflow/example_dags/plugins/listener_plugin.py
[2026-05-09T11:40:11.647+0000] {processor.py:830} INFO - Processing file /home/vscode/.local/lib/python3.11/site-packages/airflow/example_dags/plugins/listener_plugin.py for tasks to queue
[2026-05-09T11:40:11.647+0000] {logging_mixin.py:188} INFO - [2026-05-09T11:40:11.647+0000] {dagbag.py:545} INFO - Filling up the DagBag from /home/vscode/.local/lib/python3.11/site-packages/airflow/example_dags/plugins/listener_plugin.py
[2026-05-09T11:40:11.649+0000] {processor.py:842} WARNING - No viable dags retrieved from /home/vscode/.local/lib/python3.11/site-packages/airflow/example_dags/plugins/listener_plugin.py
[2026-05-09T11:40:11.656+0000] {processor.py:183} INFO - Processing /home/vscode/.local/lib/python3.11/site-packages/airflow/example_dags/plugins/listener_plugin.py took 0.016 seconds
[2026-05-09T11:40:54.065+0000] {processor.py:161} INFO - Started process (PID=20894) to work on /home/vscode/.local/lib/python3.11/site-packages/airflow/example_dags/plugins/listener_plugin.py
[2026-05-09T11:40:54.066+0000] {processor.py:830} INFO - Processing file /home/vscode/.local/lib/python3.11/site-packages/airflow/example_dags/plugins/listener_plugin.py for tasks to queue
[2026-05-09T11:40:54.066+0000] {logging_mixin.py:188} INFO - [2026-05-09T11:40:54.066+0000] {dagbag.py:545} INFO - Filling up the DagBag from /home/vscode/.local/lib/python3.11/site-packages/airflow/example_dags/plugins/listener_plugin.py
[2026-05-09T11:40:54.068+0000] {processor.py:842} WARNING - No viable dags retrieved from /home/vscode/.local/lib/python3.11/site-packages/airflow/example_dags/plugins/listener_plugin.py
[2026-05-09T11:40:54.076+0000] {processor.py:183} INFO - Processing /home/vscode/.local/lib/python3.11/site-packages/airflow/example_dags/plugins/listener_plugin.py took 0.017 seconds
[2026-05-09T11:41:37.975+0000] {processor.py:161} INFO - Started process (PID=21442) to work on /home/vscode/.local/lib/python3.11/site-packages/airflow/example_dags/plugins/listener_plugin.py
[2026-05-09T11:41:37.975+0000] {processor.py:830} INFO - Processing file /home/vscode/.local/lib/python3.11/site-packages/airflow/example_dags/plugins/listener_plugin.py for tasks to queue
[2026-05-09T11:41:37.976+0000] {logging_mixin.py:188} INFO - [2026-05-09T11:41:37.975+0000] {dagbag.py:545} INFO - Filling up the DagBag from /home/vscode/.local/lib/python3.11/site-packages/airflow/example_dags/plugins/listener_plugin.py
[2026-05-09T11:41:37.978+0000] {processor.py:842} WARNING - No viable dags retrieved from /home/vscode/.local/lib/python3.11/site-packages/airflow/example_dags/plugins/listener_plugin.py
[2026-05-09T11:41:37.986+0000] {processor.py:183} INFO - Processing /home/vscode/.local/lib/python3.11/site-packages/airflow/example_dags/plugins/listener_plugin.py took 0.020 seconds
[2026-05-09T11:42:22.395+0000] {processor.py:161} INFO - Started process (PID=21758) to work on /home/vscode/.local/lib/python3.11/site-packages/airflow/example_dags/plugins/listener_plugin.py
[2026-05-09T11:42:22.396+0000] {processor.py:830} INFO - Processing file /home/vscode/.local/lib/python3.11/site-packages/airflow/example_dags/plugins/listener_plugin.py for tasks to queue
[2026-05-09T11:42:22.396+0000] {logging_mixin.py:188} INFO - [2026-05-09T11:42:22.396+0000] {dagbag.py:545} INFO - Filling up the DagBag from /home/vscode/.local/lib/python3.11/site-packages/airflow/example_dags/plugins/listener_plugin.py
[2026-05-09T11:42:22.398+0000] {processor.py:842} WARNING - No viable dags retrieved from /home/vscode/.local/lib/python3.11/site-packages/airflow/example_dags/plugins/listener_plugin.py
[2026-05-09T11:42:22.404+0000] {processor.py:183} INFO - Processing /home/vscode/.local/lib/python3.11/site-packages/airflow/example_dags/plugins/listener_plugin.py took 0.016 seconds
[2026-05-09T11:43:06.143+0000] {processor.py:161} INFO - Started process (PID=22150) to work on /home/vscode/.local/lib/python3.11/site-packages/airflow/example_dags/plugins/listener_plugin.py
[2026-05-09T11:43:06.144+0000] {processor.py:830} INFO - Processing file /home/vscode/.local/lib/python3.11/site-packages/airflow/example_dags/plugins/listener_plugin.py for tasks to queue
[2026-05-09T11:43:06.144+0000] {logging_mixin.py:188} INFO - [2026-05-09T11:43:06.144+0000] {dagbag.py:545} INFO - Filling up the DagBag from /home/vscode/.local/lib/python3.11/site-packages/airflow/example_dags/plugins/listener_plugin.py
[2026-05-09T11:43:06.147+0000] {processor.py:842} WARNING - No viable dags retrieved from /home/vscode/.local/lib/python3.11/site-packages/airflow/example_dags/plugins/listener_plugin.py
[2026-05-09T11:43:06.154+0000] {processor.py:183} INFO - Processing /home/vscode/.local/lib/python3.11/site-packages/airflow/example_dags/plugins/listener_plugin.py took 0.018 seconds
[2026-05-09T11:43:52.153+0000] {processor.py:161} INFO - Started process (PID=22607) to work on /home/vscode/.local/lib/python3.11/site-packages/airflow/example_dags/plugins/listener_plugin.py
[2026-05-09T11:43:52.154+0000] {processor.py:830} INFO - Processing file /home/vscode/.local/lib/python3.11/site-packages/airflow/example_dags/plugins/listener_plugin.py for tasks to queue
[2026-05-09T11:43:52.156+0000] {logging_mixin.py:188} INFO - [2026-05-09T11:43:52.156+0000] {dagbag.py:545} INFO - Filling up the DagBag from /home/vscode/.local/lib/python3.11/site-packages/airflow/example_dags/plugins/listener_plugin.py
[2026-05-09T11:43:52.170+0000] {processor.py:842} WARNING - No viable dags retrieved from /home/vscode/.local/lib/python3.11/site-packages/airflow/example_dags/plugins/listener_plugin.py
[2026-05-09T11:43:52.200+0000] {processor.py:183} INFO - Processing /home/vscode/.local/lib/python3.11/site-packages/airflow/example_dags/plugins/listener_plugin.py took 0.084 seconds
[2026-05-09T11:44:31.268+0000] {processor.py:161} INFO - Started process (PID=22903) to work on /home/vscode/.local/lib/python3.11/site-packages/airflow/example_dags/plugins/listener_plugin.py
[2026-05-09T11:44:31.269+0000] {processor.py:830} INFO - Processing file /home/vscode/.local/lib/python3.11/site-packages/airflow/example_dags/plugins/listener_plugin.py for tasks to queue
[2026-05-09T11:44:31.271+0000] {logging_mixin.py:188} INFO - [2026-05-09T11:44:31.270+0000] {dagbag.py:545} INFO - Filling up the DagBag from /home/vscode/.local/lib/python3.11/site-packages/airflow/example_dags/plugins/listener_plugin.py
[2026-05-09T11:44:31.278+0000] {processor.py:842} WARNING - No viable dags retrieved from /home/vscode/.local/lib/python3.11/site-packages/airflow/example_dags/plugins/listener_plugin.py
[2026-05-09T11:44:31.292+0000] {processor.py:183} INFO - Processing /home/vscode/.local/lib/python3.11/site-packages/airflow/example_dags/plugins/listener_plugin.py took 0.037 seconds
[2026-05-09T11:45:13.901+0000] {processor.py:161} INFO - Started process (PID=23272) to work on /home/vscode/.local/lib/python3.11/site-packages/airflow/example_dags/plugins/listener_plugin.py
[2026-05-09T11:45:13.902+0000] {processor.py:830} INFO - Processing file /home/vscode/.local/lib/python3.11/site-packages/airflow/example_dags/plugins/listener_plugin.py for tasks to queue
[2026-05-09T11:45:13.902+0000] {logging_mixin.py:188} INFO - [2026-05-09T11:45:13.902+0000] {dagbag.py:545} INFO - Filling up the DagBag from /home/vscode/.local/lib/python3.11/site-packages/airflow/example_dags/plugins/listener_plugin.py
[2026-05-09T11:45:13.905+0000] {processor.py:842} WARNING - No viable dags retrieved from /home/vscode/.local/lib/python3.11/site-packages/airflow/example_dags/plugins/listener_plugin.py
[2026-05-09T11:45:13.916+0000] {processor.py:183} INFO - Processing /home/vscode/.local/lib/python3.11/site-packages/airflow/example_dags/plugins/listener_plugin.py took 0.022 seconds
[2026-05-09T11:45:58.284+0000] {processor.py:161} INFO - Started process (PID=23668) to work on /home/vscode/.local/lib/python3.11/site-packages/airflow/example_dags/plugins/listener_plugin.py
[2026-05-09T11:45:58.285+0000] {processor.py:830} INFO - Processing file /home/vscode/.local/lib/python3.11/site-packages/airflow/example_dags/plugins/listener_plugin.py for tasks to queue
[2026-05-09T11:45:58.285+0000] {logging_mixin.py:188} INFO - [2026-05-09T11:45:58.285+0000] {dagbag.py:545} INFO - Filling up the DagBag from /home/vscode/.local/lib/python3.11/site-packages/airflow/example_dags/plugins/listener_plugin.py
[2026-05-09T11:45:58.288+0000] {processor.py:842} WARNING - No viable dags retrieved from /home/vscode/.local/lib/python3.11/site-packages/airflow/example_dags/plugins/listener_plugin.py
[2026-05-09T11:45:58.297+0000] {processor.py:183} INFO - Processing /home/vscode/.local/lib/python3.11/site-packages/airflow/example_dags/plugins/listener_plugin.py took 0.019 seconds
[2026-05-09T11:46:42.048+0000] {processor.py:161} INFO - Started process (PID=24047) to work on /home/vscode/.local/lib/python3.11/site-packages/airflow/example_dags/plugins/listener_plugin.py
[2026-05-09T11:46:42.049+0000] {processor.py:830} INFO - Processing file /home/vscode/.local/lib/python3.11/site-packages/airflow/example_dags/plugins/listener_plugin.py for tasks to queue
[2026-05-09T11:46:42.049+0000] {logging_mixin.py:188} INFO - [2026-05-09T11:46:42.049+0000] {dagbag.py:545} INFO - Filling up the DagBag from /home/vscode/.local/lib/python3.11/site-packages/airflow/example_dags/plugins/listener_plugin.py
[2026-05-09T11:46:42.052+0000] {processor.py:842} WARNING - No viable dags retrieved from /home/vscode/.local/lib/python3.11/site-packages/airflow/example_dags/plugins/listener_plugin.py
[2026-05-09T11:46:42.060+0000] {processor.py:183} INFO - Processing /home/vscode/.local/lib/python3.11/site-packages/airflow/example_dags/plugins/listener_plugin.py took 0.019 seconds
[2026-05-09T11:47:26.996+0000] {processor.py:161} INFO - Started process (PID=24529) to work on /home/vscode/.local/lib/python3.11/site-packages/airflow/example_dags/plugins/listener_plugin.py
[2026-05-09T11:47:26.996+0000] {processor.py:830} INFO - Processing file /home/vscode/.local/lib/python3.11/site-packages/airflow/example_dags/plugins/listener_plugin.py for tasks to queue
[2026-05-09T11:47:26.997+0000] {logging_mixin.py:188} INFO - [2026-05-09T11:47:26.997+0000] {dagbag.py:545} INFO - Filling up the DagBag from /home/vscode/.local/lib/python3.11/site-packages/airflow/example_dags/plugins/listener_plugin.py
[2026-05-09T11:47:26.999+0000] {processor.py:842} WARNING - No viable dags retrieved from /home/vscode/.local/lib/python3.11/site-packages/airflow/example_dags/plugins/listener_plugin.py
[2026-05-09T11:47:27.006+0000] {processor.py:183} INFO - Processing /home/vscode/.local/lib/python3.11/site-packages/airflow/example_dags/plugins/listener_plugin.py took 0.017 seconds
[2026-05-09T11:48:10.683+0000] {processor.py:161} INFO - Started process (PID=24888) to work on /home/vscode/.local/lib/python3.11/site-packages/airflow/example_dags/plugins/listener_plugin.py
[2026-05-09T11:48:10.683+0000] {processor.py:830} INFO - Processing file /home/vscode/.local/lib/python3.11/site-packages/airflow/example_dags/plugins/listener_plugin.py for tasks to queue
[2026-05-09T11:48:10.684+0000] {logging_mixin.py:188} INFO - [2026-05-09T11:48:10.684+0000] {dagbag.py:545} INFO - Filling up the DagBag from /home/vscode/.local/lib/python3.11/site-packages/airflow/example_dags/plugins/listener_plugin.py
[2026-05-09T11:48:10.686+0000] {processor.py:842} WARNING - No viable dags retrieved from /home/vscode/.local/lib/python3.11/site-packages/airflow/example_dags/plugins/listener_plugin.py
[2026-05-09T11:48:10.693+0000] {processor.py:183} INFO - Processing /home/vscode/.local/lib/python3.11/site-packages/airflow/example_dags/plugins/listener_plugin.py took 0.016 seconds
[2026-05-09T11:48:53.251+0000] {processor.py:161} INFO - Started process (PID=25322) to work on /home/vscode/.local/lib/python3.11/site-packages/airflow/example_dags/plugins/listener_plugin.py
[2026-05-09T11:48:53.251+0000] {processor.py:830} INFO - Processing file /home/vscode/.local/lib/python3.11/site-packages/airflow/example_dags/plugins/listener_plugin.py for tasks to queue
[2026-05-09T11:48:53.252+0000] {logging_mixin.py:188} INFO - [2026-05-09T11:48:53.252+0000] {dagbag.py:545} INFO - Filling up the DagBag from /home/vscode/.local/lib/python3.11/site-packages/airflow/example_dags/plugins/listener_plugin.py
[2026-05-09T11:48:53.254+0000] {processor.py:842} WARNING - No viable dags retrieved from /home/vscode/.local/lib/python3.11/site-packages/airflow/example_dags/plugins/listener_plugin.py
[2026-05-09T11:48:53.270+0000] {processor.py:183} INFO - Processing /home/vscode/.local/lib/python3.11/site-packages/airflow/example_dags/plugins/listener_plugin.py took 0.029 seconds
[2026-05-09T11:49:32.933+0000] {processor.py:161} INFO - Started process (PID=25674) to work on /home/vscode/.local/lib/python3.11/site-packages/airflow/example_dags/plugins/listener_plugin.py
[2026-05-09T11:49:32.933+0000] {processor.py:830} INFO - Processing file /home/vscode/.local/lib/python3.11/site-packages/airflow/example_dags/plugins/listener_plugin.py for tasks to queue
[2026-05-09T11:49:32.934+0000] {logging_mixin.py:188} INFO - [2026-05-09T11:49:32.934+0000] {dagbag.py:545} INFO - Filling up the DagBag from /home/vscode/.local/lib/python3.11/site-packages/airflow/example_dags/plugins/listener_plugin.py
[2026-05-09T11:49:32.936+0000] {processor.py:842} WARNING - No viable dags retrieved from /home/vscode/.local/lib/python3.11/site-packages/airflow/example_dags/plugins/listener_plugin.py
[2026-05-09T11:49:32.943+0000] {processor.py:183} INFO - Processing /home/vscode/.local/lib/python3.11/site-packages/airflow/example_dags/plugins/listener_plugin.py took 0.017 seconds
[2026-05-09T11:50:17.058+0000] {processor.py:161} INFO - Started process (PID=26125) to work on /home/vscode/.local/lib/python3.11/site-packages/airflow/example_dags/plugins/listener_plugin.py
[2026-05-09T11:50:17.059+0000] {processor.py:830} INFO - Processing file /home/vscode/.local/lib/python3.11/site-packages/airflow/example_dags/plugins/listener_plugin.py for tasks to queue
[2026-05-09T11:50:17.060+0000] {logging_mixin.py:188} INFO - [2026-05-09T11:50:17.059+0000] {dagbag.py:545} INFO - Filling up the DagBag from /home/vscode/.local/lib/python3.11/site-packages/airflow/example_dags/plugins/listener_plugin.py
[2026-05-09T11:50:17.062+0000] {processor.py:842} WARNING - No viable dags retrieved from /home/vscode/.local/lib/python3.11/site-packages/airflow/example_dags/plugins/listener_plugin.py
[2026-05-09T11:50:17.069+0000] {processor.py:183} INFO - Processing /home/vscode/.local/lib/python3.11/site-packages/airflow/example_dags/plugins/listener_plugin.py took 0.017 seconds
[2026-05-09T11:50:58.685+0000] {processor.py:161} INFO - Started process (PID=26635) to work on /home/vscode/.local/lib/python3.11/site-packages/airflow/example_dags/plugins/listener_plugin.py
[2026-05-09T11:50:58.686+0000] {processor.py:830} INFO - Processing file /home/vscode/.local/lib/python3.11/site-packages/airflow/example_dags/plugins/listener_plugin.py for tasks to queue
[2026-05-09T11:50:58.686+0000] {logging_mixin.py:188} INFO - [2026-05-09T11:50:58.686+0000] {dagbag.py:545} INFO - Filling up the DagBag from /home/vscode/.local/lib/python3.11/site-packages/airflow/example_dags/plugins/listener_plugin.py
[2026-05-09T11:50:58.688+0000] {processor.py:842} WARNING - No viable dags retrieved from /home/vscode/.local/lib/python3.11/site-packages/airflow/example_dags/plugins/listener_plugin.py
[2026-05-09T11:50:58.696+0000] {processor.py:183} INFO - Processing /home/vscode/.local/lib/python3.11/site-packages/airflow/example_dags/plugins/listener_plugin.py took 0.017 seconds
[2026-05-09T11:51:41.632+0000] {processor.py:161} INFO - Started process (PID=27104) to work on /home/vscode/.local/lib/python3.11/site-packages/airflow/example_dags/plugins/listener_plugin.py
[2026-05-09T11:51:41.633+0000] {processor.py:830} INFO - Processing file /home/vscode/.local/lib/python3.11/site-packages/airflow/example_dags/plugins/listener_plugin.py for tasks to queue
[2026-05-09T11:51:41.633+0000] {logging_mixin.py:188} INFO - [2026-05-09T11:51:41.633+0000] {dagbag.py:545} INFO - Filling up the DagBag from /home/vscode/.local/lib/python3.11/site-packages/airflow/example_dags/plugins/listener_plugin.py
[2026-05-09T11:51:41.635+0000] {processor.py:842} WARNING - No viable dags retrieved from /home/vscode/.local/lib/python3.11/site-packages/airflow/example_dags/plugins/listener_plugin.py
[2026-05-09T11:51:41.643+0000] {processor.py:183} INFO - Processing /home/vscode/.local/lib/python3.11/site-packages/airflow/example_dags/plugins/listener_plugin.py took 0.016 seconds
[2026-05-09T11:52:22.870+0000] {processor.py:161} INFO - Started process (PID=27448) to work on /home/vscode/.local/lib/python3.11/site-packages/airflow/example_dags/plugins/listener_plugin.py
[2026-05-09T11:52:22.871+0000] {processor.py:830} INFO - Processing file /home/vscode/.local/lib/python3.11/site-packages/airflow/example_dags/plugins/listener_plugin.py for tasks to queue
[2026-05-09T11:52:22.872+0000] {logging_mixin.py:188} INFO - [2026-05-09T11:52:22.871+0000] {dagbag.py:545} INFO - Filling up the DagBag from /home/vscode/.local/lib/python3.11/site-packages/airflow/example_dags/plugins/listener_plugin.py
[2026-05-09T11:52:22.874+0000] {processor.py:842} WARNING - No viable dags retrieved from /home/vscode/.local/lib/python3.11/site-packages/airflow/example_dags/plugins/listener_plugin.py
[2026-05-09T11:52:22.884+0000] {processor.py:183} INFO - Processing /home/vscode/.local/lib/python3.11/site-packages/airflow/example_dags/plugins/listener_plugin.py took 0.024 seconds
[2026-05-09T11:53:02.540+0000] {processor.py:161} INFO - Started process (PID=27798) to work on /home/vscode/.local/lib/python3.11/site-packages/airflow/example_dags/plugins/listener_plugin.py
[2026-05-09T11:53:02.540+0000] {processor.py:830} INFO - Processing file /home/vscode/.local/lib/python3.11/site-packages/airflow/example_dags/plugins/listener_plugin.py for tasks to queue
[2026-05-09T11:53:02.541+0000] {logging_mixin.py:188} INFO - [2026-05-09T11:53:02.541+0000] {dagbag.py:545} INFO - Filling up the DagBag from /home/vscode/.local/lib/python3.11/site-packages/airflow/example_dags/plugins/listener_plugin.py
[2026-05-09T11:53:02.543+0000] {processor.py:842} WARNING - No viable dags retrieved from /home/vscode/.local/lib/python3.11/site-packages/airflow/example_dags/plugins/listener_plugin.py
[2026-05-09T11:53:02.550+0000] {processor.py:183} INFO - Processing /home/vscode/.local/lib/python3.11/site-packages/airflow/example_dags/plugins/listener_plugin.py took 0.016 seconds
[2026-05-09T11:53:43.075+0000] {processor.py:161} INFO - Started process (PID=28173) to work on /home/vscode/.local/lib/python3.11/site-packages/airflow/example_dags/plugins/listener_plugin.py
[2026-05-09T11:53:43.076+0000] {processor.py:830} INFO - Processing file /home/vscode/.local/lib/python3.11/site-packages/airflow/example_dags/plugins/listener_plugin.py for tasks to queue
[2026-05-09T11:53:43.076+0000] {logging_mixin.py:188} INFO - [2026-05-09T11:53:43.076+0000] {dagbag.py:545} INFO - Filling up the DagBag from /home/vscode/.local/lib/python3.11/site-packages/airflow/example_dags/plugins/listener_plugin.py
[2026-05-09T11:53:43.078+0000] {processor.py:842} WARNING - No viable dags retrieved from /home/vscode/.local/lib/python3.11/site-packages/airflow/example_dags/plugins/listener_plugin.py
[2026-05-09T11:53:43.086+0000] {processor.py:183} INFO - Processing /home/vscode/.local/lib/python3.11/site-packages/airflow/example_dags/plugins/listener_plugin.py took 0.017 seconds
[2026-05-09T11:54:22.581+0000] {processor.py:161} INFO - Started process (PID=28460) to work on /home/vscode/.local/lib/python3.11/site-packages/airflow/example_dags/plugins/listener_plugin.py
[2026-05-09T11:54:22.582+0000] {processor.py:830} INFO - Processing file /home/vscode/.local/lib/python3.11/site-packages/airflow/example_dags/plugins/listener_plugin.py for tasks to queue
[2026-05-09T11:54:22.582+0000] {logging_mixin.py:188} INFO - [2026-05-09T11:54:22.582+0000] {dagbag.py:545} INFO - Filling up the DagBag from /home/vscode/.local/lib/python3.11/site-packages/airflow/example_dags/plugins/listener_plugin.py
[2026-05-09T11:54:22.584+0000] {processor.py:842} WARNING - No viable dags retrieved from /home/vscode/.local/lib/python3.11/site-packages/airflow/example_dags/plugins/listener_plugin.py
[2026-05-09T11:54:22.591+0000] {processor.py:183} INFO - Processing /home/vscode/.local/lib/python3.11/site-packages/airflow/example_dags/plugins/listener_plugin.py took 0.016 seconds
[2026-05-09T11:55:05.156+0000] {processor.py:161} INFO - Started process (PID=28851) to work on /home/vscode/.local/lib/python3.11/site-packages/airflow/example_dags/plugins/listener_plugin.py
[2026-05-09T11:55:05.157+0000] {processor.py:830} INFO - Processing file /home/vscode/.local/lib/python3.11/site-packages/airflow/example_dags/plugins/listener_plugin.py for tasks to queue
[2026-05-09T11:55:05.157+0000] {logging_mixin.py:188} INFO - [2026-05-09T11:55:05.157+0000] {dagbag.py:545} INFO - Filling up the DagBag from /home/vscode/.local/lib/python3.11/site-packages/airflow/example_dags/plugins/listener_plugin.py
[2026-05-09T11:55:05.159+0000] {processor.py:842} WARNING - No viable dags retrieved from /home/vscode/.local/lib/python3.11/site-packages/airflow/example_dags/plugins/listener_plugin.py
[2026-05-09T11:55:05.166+0000] {processor.py:183} INFO - Processing /home/vscode/.local/lib/python3.11/site-packages/airflow/example_dags/plugins/listener_plugin.py took 0.017 seconds
[2026-05-09T11:55:46.304+0000] {processor.py:161} INFO - Started process (PID=29202) to work on /home/vscode/.local/lib/python3.11/site-packages/airflow/example_dags/plugins/listener_plugin.py
[2026-05-09T11:55:46.304+0000] {processor.py:830} INFO - Processing file /home/vscode/.local/lib/python3.11/site-packages/airflow/example_dags/plugins/listener_plugin.py for tasks to queue
[2026-05-09T11:55:46.305+0000] {logging_mixin.py:188} INFO - [2026-05-09T11:55:46.305+0000] {dagbag.py:545} INFO - Filling up the DagBag from /home/vscode/.local/lib/python3.11/site-packages/airflow/example_dags/plugins/listener_plugin.py
[2026-05-09T11:55:46.307+0000] {processor.py:842} WARNING - No viable dags retrieved from /home/vscode/.local/lib/python3.11/site-packages/airflow/example_dags/plugins/listener_plugin.py
[2026-05-09T11:55:46.313+0000] {processor.py:183} INFO - Processing /home/vscode/.local/lib/python3.11/site-packages/airflow/example_dags/plugins/listener_plugin.py took 0.016 seconds
[2026-05-09T11:56:28.608+0000] {processor.py:161} INFO - Started process (PID=29505) to work on /home/vscode/.local/lib/python3.11/site-packages/airflow/example_dags/plugins/listener_plugin.py
[2026-05-09T11:56:28.608+0000] {processor.py:830} INFO - Processing file /home/vscode/.local/lib/python3.11/site-packages/airflow/example_dags/plugins/listener_plugin.py for tasks to queue
[2026-05-09T11:56:28.609+0000] {logging_mixin.py:188} INFO - [2026-05-09T11:56:28.608+0000] {dagbag.py:545} INFO - Filling up the DagBag from /home/vscode/.local/lib/python3.11/site-packages/airflow/example_dags/plugins/listener_plugin.py
[2026-05-09T11:56:28.611+0000] {processor.py:842} WARNING - No viable dags retrieved from /home/vscode/.local/lib/python3.11/site-packages/airflow/example_dags/plugins/listener_plugin.py
[2026-05-09T11:56:28.618+0000] {processor.py:183} INFO - Processing /home/vscode/.local/lib/python3.11/site-packages/airflow/example_dags/plugins/listener_plugin.py took 0.018 seconds
[2026-05-09T11:57:06.815+0000] {processor.py:161} INFO - Started process (PID=29803) to work on /home/vscode/.local/lib/python3.11/site-packages/airflow/example_dags/plugins/listener_plugin.py
[2026-05-09T11:57:06.816+0000] {processor.py:830} INFO - Processing file /home/vscode/.local/lib/python3.11/site-packages/airflow/example_dags/plugins/listener_plugin.py for tasks to queue
[2026-05-09T11:57:06.816+0000] {logging_mixin.py:188} INFO - [2026-05-09T11:57:06.816+0000] {dagbag.py:545} INFO - Filling up the DagBag from /home/vscode/.local/lib/python3.11/site-packages/airflow/example_dags/plugins/listener_plugin.py
[2026-05-09T11:57:06.818+0000] {processor.py:842} WARNING - No viable dags retrieved from /home/vscode/.local/lib/python3.11/site-packages/airflow/example_dags/plugins/listener_plugin.py
[2026-05-09T11:57:06.825+0000] {processor.py:183} INFO - Processing /home/vscode/.local/lib/python3.11/site-packages/airflow/example_dags/plugins/listener_plugin.py took 0.017 seconds
[2026-05-09T11:57:51.179+0000] {processor.py:161} INFO - Started process (PID=30210) to work on /home/vscode/.local/lib/python3.11/site-packages/airflow/example_dags/plugins/listener_plugin.py
[2026-05-09T11:57:51.179+0000] {processor.py:830} INFO - Processing file /home/vscode/.local/lib/python3.11/site-packages/airflow/example_dags/plugins/listener_plugin.py for tasks to queue
[2026-05-09T11:57:51.180+0000] {logging_mixin.py:188} INFO - [2026-05-09T11:57:51.180+0000] {dagbag.py:545} INFO - Filling up the DagBag from /home/vscode/.local/lib/python3.11/site-packages/airflow/example_dags/plugins/listener_plugin.py
[2026-05-09T11:57:51.182+0000] {processor.py:842} WARNING - No viable dags retrieved from /home/vscode/.local/lib/python3.11/site-packages/airflow/example_dags/plugins/listener_plugin.py
[2026-05-09T11:57:51.188+0000] {processor.py:183} INFO - Processing /home/vscode/.local/lib/python3.11/site-packages/airflow/example_dags/plugins/listener_plugin.py took 0.016 seconds
[2026-05-09T11:58:33.655+0000] {processor.py:161} INFO - Started process (PID=30475) to work on /home/vscode/.local/lib/python3.11/site-packages/airflow/example_dags/plugins/listener_plugin.py
[2026-05-09T11:58:33.656+0000] {processor.py:830} INFO - Processing file /home/vscode/.local/lib/python3.11/site-packages/airflow/example_dags/plugins/listener_plugin.py for tasks to queue
[2026-05-09T11:58:33.657+0000] {logging_mixin.py:188} INFO - [2026-05-09T11:58:33.657+0000] {dagbag.py:545} INFO - Filling up the DagBag from /home/vscode/.local/lib/python3.11/site-packages/airflow/example_dags/plugins/listener_plugin.py
[2026-05-09T11:58:33.659+0000] {processor.py:842} WARNING - No viable dags retrieved from /home/vscode/.local/lib/python3.11/site-packages/airflow/example_dags/plugins/listener_plugin.py
[2026-05-09T11:58:33.669+0000] {processor.py:183} INFO - Processing /home/vscode/.local/lib/python3.11/site-packages/airflow/example_dags/plugins/listener_plugin.py took 0.034 seconds
[2026-05-09T11:59:15.881+0000] {processor.py:161} INFO - Started process (PID=30832) to work on /home/vscode/.local/lib/python3.11/site-packages/airflow/example_dags/plugins/listener_plugin.py
[2026-05-09T11:59:15.882+0000] {processor.py:830} INFO - Processing file /home/vscode/.local/lib/python3.11/site-packages/airflow/example_dags/plugins/listener_plugin.py for tasks to queue
[2026-05-09T11:59:15.882+0000] {logging_mixin.py:188} INFO - [2026-05-09T11:59:15.882+0000] {dagbag.py:545} INFO - Filling up the DagBag from /home/vscode/.local/lib/python3.11/site-packages/airflow/example_dags/plugins/listener_plugin.py
[2026-05-09T11:59:15.884+0000] {processor.py:842} WARNING - No viable dags retrieved from /home/vscode/.local/lib/python3.11/site-packages/airflow/example_dags/plugins/listener_plugin.py
[2026-05-09T11:59:15.891+0000] {processor.py:183} INFO - Processing /home/vscode/.local/lib/python3.11/site-packages/airflow/example_dags/plugins/listener_plugin.py took 0.016 seconds
[2026-05-09T11:59:57.460+0000] {processor.py:161} INFO - Started process (PID=31224) to work on /home/vscode/.local/lib/python3.11/site-packages/airflow/example_dags/plugins/listener_plugin.py
[2026-05-09T11:59:57.461+0000] {processor.py:830} INFO - Processing file /home/vscode/.local/lib/python3.11/site-packages/airflow/example_dags/plugins/listener_plugin.py for tasks to queue
[2026-05-09T11:59:57.461+0000] {logging_mixin.py:188} INFO - [2026-05-09T11:59:57.461+0000] {dagbag.py:545} INFO - Filling up the DagBag from /home/vscode/.local/lib/python3.11/site-packages/airflow/example_dags/plugins/listener_plugin.py
[2026-05-09T11:59:57.463+0000] {processor.py:842} WARNING - No viable dags retrieved from /home/vscode/.local/lib/python3.11/site-packages/airflow/example_dags/plugins/listener_plugin.py
[2026-05-09T11:59:57.470+0000] {processor.py:183} INFO - Processing /home/vscode/.local/lib/python3.11/site-packages/airflow/example_dags/plugins/listener_plugin.py took 0.017 seconds
[2026-05-09T12:00:37.092+0000] {processor.py:161} INFO - Started process (PID=31512) to work on /home/vscode/.local/lib/python3.11/site-packages/airflow/example_dags/plugins/listener_plugin.py
[2026-05-09T12:00:37.092+0000] {processor.py:830} INFO - Processing file /home/vscode/.local/lib/python3.11/site-packages/airflow/example_dags/plugins/listener_plugin.py for tasks to queue
[2026-05-09T12:00:37.093+0000] {logging_mixin.py:188} INFO - [2026-05-09T12:00:37.092+0000] {dagbag.py:545} INFO - Filling up the DagBag from /home/vscode/.local/lib/python3.11/site-packages/airflow/example_dags/plugins/listener_plugin.py
[2026-05-09T12:00:37.094+0000] {processor.py:842} WARNING - No viable dags retrieved from /home/vscode/.local/lib/python3.11/site-packages/airflow/example_dags/plugins/listener_plugin.py
[2026-05-09T12:00:37.102+0000] {processor.py:183} INFO - Processing /home/vscode/.local/lib/python3.11/site-packages/airflow/example_dags/plugins/listener_plugin.py took 0.016 seconds
[2026-05-09T12:01:21.284+0000] {processor.py:161} INFO - Started process (PID=31883) to work on /home/vscode/.local/lib/python3.11/site-packages/airflow/example_dags/plugins/listener_plugin.py
[2026-05-09T12:01:21.285+0000] {processor.py:830} INFO - Processing file /home/vscode/.local/lib/python3.11/site-packages/airflow/example_dags/plugins/listener_plugin.py for tasks to queue
[2026-05-09T12:01:21.285+0000] {logging_mixin.py:188} INFO - [2026-05-09T12:01:21.285+0000] {dagbag.py:545} INFO - Filling up the DagBag from /home/vscode/.local/lib/python3.11/site-packages/airflow/example_dags/plugins/listener_plugin.py
[2026-05-09T12:01:21.287+0000] {processor.py:842} WARNING - No viable dags retrieved from /home/vscode/.local/lib/python3.11/site-packages/airflow/example_dags/plugins/listener_plugin.py
[2026-05-09T12:01:21.294+0000] {processor.py:183} INFO - Processing /home/vscode/.local/lib/python3.11/site-packages/airflow/example_dags/plugins/listener_plugin.py took 0.017 seconds
[2026-05-09T12:02:04.567+0000] {processor.py:161} INFO - Started process (PID=32242) to work on /home/vscode/.local/lib/python3.11/site-packages/airflow/example_dags/plugins/listener_plugin.py
[2026-05-09T12:02:04.567+0000] {processor.py:830} INFO - Processing file /home/vscode/.local/lib/python3.11/site-packages/airflow/example_dags/plugins/listener_plugin.py for tasks to queue
[2026-05-09T12:02:04.568+0000] {logging_mixin.py:188} INFO - [2026-05-09T12:02:04.568+0000] {dagbag.py:545} INFO - Filling up the DagBag from /home/vscode/.local/lib/python3.11/site-packages/airflow/example_dags/plugins/listener_plugin.py
[2026-05-09T12:02:04.570+0000] {processor.py:842} WARNING - No viable dags retrieved from /home/vscode/.local/lib/python3.11/site-packages/airflow/example_dags/plugins/listener_plugin.py
[2026-05-09T12:02:04.577+0000] {processor.py:183} INFO - Processing /home/vscode/.local/lib/python3.11/site-packages/airflow/example_dags/plugins/listener_plugin.py took 0.016 seconds
[2026-05-09T12:02:45.894+0000] {processor.py:161} INFO - Started process (PID=32557) to work on /home/vscode/.local/lib/python3.11/site-packages/airflow/example_dags/plugins/listener_plugin.py
[2026-05-09T12:02:45.894+0000] {processor.py:830} INFO - Processing file /home/vscode/.local/lib/python3.11/site-packages/airflow/example_dags/plugins/listener_plugin.py for tasks to queue
[2026-05-09T12:02:45.895+0000] {logging_mixin.py:188} INFO - [2026-05-09T12:02:45.895+0000] {dagbag.py:545} INFO - Filling up the DagBag from /home/vscode/.local/lib/python3.11/site-packages/airflow/example_dags/plugins/listener_plugin.py
[2026-05-09T12:02:45.897+0000] {processor.py:842} WARNING - No viable dags retrieved from /home/vscode/.local/lib/python3.11/site-packages/airflow/example_dags/plugins/listener_plugin.py
[2026-05-09T12:02:45.904+0000] {processor.py:183} INFO - Processing /home/vscode/.local/lib/python3.11/site-packages/airflow/example_dags/plugins/listener_plugin.py took 0.018 seconds
[2026-05-09T12:03:27.002+0000] {processor.py:161} INFO - Started process (PID=32854) to work on /home/vscode/.local/lib/python3.11/site-packages/airflow/example_dags/plugins/listener_plugin.py
[2026-05-09T12:03:27.003+0000] {processor.py:830} INFO - Processing file /home/vscode/.local/lib/python3.11/site-packages/airflow/example_dags/plugins/listener_plugin.py for tasks to queue
[2026-05-09T12:03:27.003+0000] {logging_mixin.py:188} INFO - [2026-05-09T12:03:27.003+0000] {dagbag.py:545} INFO - Filling up the DagBag from /home/vscode/.local/lib/python3.11/site-packages/airflow/example_dags/plugins/listener_plugin.py
[2026-05-09T12:03:27.005+0000] {processor.py:842} WARNING - No viable dags retrieved from /home/vscode/.local/lib/python3.11/site-packages/airflow/example_dags/plugins/listener_plugin.py
[2026-05-09T12:03:27.013+0000] {processor.py:183} INFO - Processing /home/vscode/.local/lib/python3.11/site-packages/airflow/example_dags/plugins/listener_plugin.py took 0.017 seconds
[2026-05-09T12:04:08.571+0000] {processor.py:161} INFO - Started process (PID=33260) to work on /home/vscode/.local/lib/python3.11/site-packages/airflow/example_dags/plugins/listener_plugin.py
[2026-05-09T12:04:08.571+0000] {processor.py:830} INFO - Processing file /home/vscode/.local/lib/python3.11/site-packages/airflow/example_dags/plugins/listener_plugin.py for tasks to queue
[2026-05-09T12:04:08.572+0000] {logging_mixin.py:188} INFO - [2026-05-09T12:04:08.572+0000] {dagbag.py:545} INFO - Filling up the DagBag from /home/vscode/.local/lib/python3.11/site-packages/airflow/example_dags/plugins/listener_plugin.py
[2026-05-09T12:04:08.575+0000] {processor.py:842} WARNING - No viable dags retrieved from /home/vscode/.local/lib/python3.11/site-packages/airflow/example_dags/plugins/listener_plugin.py
[2026-05-09T12:04:08.584+0000] {processor.py:183} INFO - Processing /home/vscode/.local/lib/python3.11/site-packages/airflow/example_dags/plugins/listener_plugin.py took 0.030 seconds
[2026-05-09T12:04:51.180+0000] {processor.py:161} INFO - Started process (PID=33661) to work on /home/vscode/.local/lib/python3.11/site-packages/airflow/example_dags/plugins/listener_plugin.py
[2026-05-09T12:04:51.180+0000] {processor.py:830} INFO - Processing file /home/vscode/.local/lib/python3.11/site-packages/airflow/example_dags/plugins/listener_plugin.py for tasks to queue
[2026-05-09T12:04:51.181+0000] {logging_mixin.py:188} INFO - [2026-05-09T12:04:51.181+0000] {dagbag.py:545} INFO - Filling up the DagBag from /home/vscode/.local/lib/python3.11/site-packages/airflow/example_dags/plugins/listener_plugin.py
[2026-05-09T12:04:51.184+0000] {processor.py:842} WARNING - No viable dags retrieved from /home/vscode/.local/lib/python3.11/site-packages/airflow/example_dags/plugins/listener_plugin.py
[2026-05-09T12:04:51.197+0000] {processor.py:183} INFO - Processing /home/vscode/.local/lib/python3.11/site-packages/airflow/example_dags/plugins/listener_plugin.py took 0.030 seconds
[2026-05-09T12:05:32.467+0000] {processor.py:161} INFO - Started process (PID=33925) to work on /home/vscode/.local/lib/python3.11/site-packages/airflow/example_dags/plugins/listener_plugin.py
[2026-05-09T12:05:32.468+0000] {processor.py:830} INFO - Processing file /home/vscode/.local/lib/python3.11/site-packages/airflow/example_dags/plugins/listener_plugin.py for tasks to queue
[2026-05-09T12:05:32.468+0000] {logging_mixin.py:188} INFO - [2026-05-09T12:05:32.468+0000] {dagbag.py:545} INFO - Filling up the DagBag from /home/vscode/.local/lib/python3.11/site-packages/airflow/example_dags/plugins/listener_plugin.py
[2026-05-09T12:05:32.470+0000] {processor.py:842} WARNING - No viable dags retrieved from /home/vscode/.local/lib/python3.11/site-packages/airflow/example_dags/plugins/listener_plugin.py
[2026-05-09T12:05:32.477+0000] {processor.py:183} INFO - Processing /home/vscode/.local/lib/python3.11/site-packages/airflow/example_dags/plugins/listener_plugin.py took 0.017 seconds
[2026-05-09T12:06:14.228+0000] {processor.py:161} INFO - Started process (PID=34315) to work on /home/vscode/.local/lib/python3.11/site-packages/airflow/example_dags/plugins/listener_plugin.py
[2026-05-09T12:06:14.229+0000] {processor.py:830} INFO - Processing file /home/vscode/.local/lib/python3.11/site-packages/airflow/example_dags/plugins/listener_plugin.py for tasks to queue
[2026-05-09T12:06:14.229+0000] {logging_mixin.py:188} INFO - [2026-05-09T12:06:14.229+0000] {dagbag.py:545} INFO - Filling up the DagBag from /home/vscode/.local/lib/python3.11/site-packages/airflow/example_dags/plugins/listener_plugin.py
[2026-05-09T12:06:14.232+0000] {processor.py:842} WARNING - No viable dags retrieved from /home/vscode/.local/lib/python3.11/site-packages/airflow/example_dags/plugins/listener_plugin.py
[2026-05-09T12:06:14.242+0000] {processor.py:183} INFO - Processing /home/vscode/.local/lib/python3.11/site-packages/airflow/example_dags/plugins/listener_plugin.py took 0.023 seconds
[2026-05-09T12:06:59.271+0000] {processor.py:161} INFO - Started process (PID=34683) to work on /home/vscode/.local/lib/python3.11/site-packages/airflow/example_dags/plugins/listener_plugin.py
[2026-05-09T12:06:59.272+0000] {processor.py:830} INFO - Processing file /home/vscode/.local/lib/python3.11/site-packages/airflow/example_dags/plugins/listener_plugin.py for tasks to queue
[2026-05-09T12:06:59.273+0000] {logging_mixin.py:188} INFO - [2026-05-09T12:06:59.272+0000] {dagbag.py:545} INFO - Filling up the DagBag from /home/vscode/.local/lib/python3.11/site-packages/airflow/example_dags/plugins/listener_plugin.py
[2026-05-09T12:06:59.274+0000] {processor.py:842} WARNING - No viable dags retrieved from /home/vscode/.local/lib/python3.11/site-packages/airflow/example_dags/plugins/listener_plugin.py
[2026-05-09T12:06:59.281+0000] {processor.py:183} INFO - Processing /home/vscode/.local/lib/python3.11/site-packages/airflow/example_dags/plugins/listener_plugin.py took 0.016 seconds
[2026-05-09T12:07:42.454+0000] {processor.py:161} INFO - Started process (PID=35056) to work on /home/vscode/.local/lib/python3.11/site-packages/airflow/example_dags/plugins/listener_plugin.py
[2026-05-09T12:07:42.454+0000] {processor.py:830} INFO - Processing file /home/vscode/.local/lib/python3.11/site-packages/airflow/example_dags/plugins/listener_plugin.py for tasks to queue
[2026-05-09T12:07:42.455+0000] {logging_mixin.py:188} INFO - [2026-05-09T12:07:42.454+0000] {dagbag.py:545} INFO - Filling up the DagBag from /home/vscode/.local/lib/python3.11/site-packages/airflow/example_dags/plugins/listener_plugin.py
[2026-05-09T12:07:42.456+0000] {processor.py:842} WARNING - No viable dags retrieved from /home/vscode/.local/lib/python3.11/site-packages/airflow/example_dags/plugins/listener_plugin.py
[2026-05-09T12:07:42.464+0000] {processor.py:183} INFO - Processing /home/vscode/.local/lib/python3.11/site-packages/airflow/example_dags/plugins/listener_plugin.py took 0.017 seconds
[2026-05-09T12:08:22.262+0000] {processor.py:161} INFO - Started process (PID=35302) to work on /home/vscode/.local/lib/python3.11/site-packages/airflow/example_dags/plugins/listener_plugin.py
[2026-05-09T12:08:22.263+0000] {processor.py:830} INFO - Processing file /home/vscode/.local/lib/python3.11/site-packages/airflow/example_dags/plugins/listener_plugin.py for tasks to queue
[2026-05-09T12:08:22.264+0000] {logging_mixin.py:188} INFO - [2026-05-09T12:08:22.263+0000] {dagbag.py:545} INFO - Filling up the DagBag from /home/vscode/.local/lib/python3.11/site-packages/airflow/example_dags/plugins/listener_plugin.py
[2026-05-09T12:08:22.266+0000] {processor.py:842} WARNING - No viable dags retrieved from /home/vscode/.local/lib/python3.11/site-packages/airflow/example_dags/plugins/listener_plugin.py
[2026-05-09T12:08:22.273+0000] {processor.py:183} INFO - Processing /home/vscode/.local/lib/python3.11/site-packages/airflow/example_dags/plugins/listener_plugin.py took 0.017 seconds
[2026-05-09T12:09:04.110+0000] {processor.py:161} INFO - Started process (PID=35756) to work on /home/vscode/.local/lib/python3.11/site-packages/airflow/example_dags/plugins/listener_plugin.py
[2026-05-09T12:09:04.110+0000] {processor.py:830} INFO - Processing file /home/vscode/.local/lib/python3.11/site-packages/airflow/example_dags/plugins/listener_plugin.py for tasks to queue
[2026-05-09T12:09:04.111+0000] {logging_mixin.py:188} INFO - [2026-05-09T12:09:04.111+0000] {dagbag.py:545} INFO - Filling up the DagBag from /home/vscode/.local/lib/python3.11/site-packages/airflow/example_dags/plugins/listener_plugin.py
[2026-05-09T12:09:04.113+0000] {processor.py:842} WARNING - No viable dags retrieved from /home/vscode/.local/lib/python3.11/site-packages/airflow/example_dags/plugins/listener_plugin.py
[2026-05-09T12:09:04.120+0000] {processor.py:183} INFO - Processing /home/vscode/.local/lib/python3.11/site-packages/airflow/example_dags/plugins/listener_plugin.py took 0.016 seconds
[2026-05-09T12:09:42.658+0000] {processor.py:161} INFO - Started process (PID=36096) to work on /home/vscode/.local/lib/python3.11/site-packages/airflow/example_dags/plugins/listener_plugin.py
[2026-05-09T12:09:42.658+0000] {processor.py:830} INFO - Processing file /home/vscode/.local/lib/python3.11/site-packages/airflow/example_dags/plugins/listener_plugin.py for tasks to queue
[2026-05-09T12:09:42.659+0000] {logging_mixin.py:188} INFO - [2026-05-09T12:09:42.658+0000] {dagbag.py:545} INFO - Filling up the DagBag from /home/vscode/.local/lib/python3.11/site-packages/airflow/example_dags/plugins/listener_plugin.py
[2026-05-09T12:09:42.661+0000] {processor.py:842} WARNING - No viable dags retrieved from /home/vscode/.local/lib/python3.11/site-packages/airflow/example_dags/plugins/listener_plugin.py
[2026-05-09T12:09:42.670+0000] {processor.py:183} INFO - Processing /home/vscode/.local/lib/python3.11/site-packages/airflow/example_dags/plugins/listener_plugin.py took 0.019 seconds
[2026-05-09T12:10:24.016+0000] {processor.py:161} INFO - Started process (PID=36384) to work on /home/vscode/.local/lib/python3.11/site-packages/airflow/example_dags/plugins/listener_plugin.py
[2026-05-09T12:10:24.016+0000] {processor.py:830} INFO - Processing file /home/vscode/.local/lib/python3.11/site-packages/airflow/example_dags/plugins/listener_plugin.py for tasks to queue
[2026-05-09T12:10:24.017+0000] {logging_mixin.py:188} INFO - [2026-05-09T12:10:24.016+0000] {dagbag.py:545} INFO - Filling up the DagBag from /home/vscode/.local/lib/python3.11/site-packages/airflow/example_dags/plugins/listener_plugin.py
[2026-05-09T12:10:24.019+0000] {processor.py:842} WARNING - No viable dags retrieved from /home/vscode/.local/lib/python3.11/site-packages/airflow/example_dags/plugins/listener_plugin.py
[2026-05-09T12:10:24.027+0000] {processor.py:183} INFO - Processing /home/vscode/.local/lib/python3.11/site-packages/airflow/example_dags/plugins/listener_plugin.py took 0.018 seconds
[2026-05-09T12:11:04.713+0000] {processor.py:161} INFO - Started process (PID=36739) to work on /home/vscode/.local/lib/python3.11/site-packages/airflow/example_dags/plugins/listener_plugin.py
[2026-05-09T12:11:04.713+0000] {processor.py:830} INFO - Processing file /home/vscode/.local/lib/python3.11/site-packages/airflow/example_dags/plugins/listener_plugin.py for tasks to queue
[2026-05-09T12:11:04.714+0000] {logging_mixin.py:188} INFO - [2026-05-09T12:11:04.714+0000] {dagbag.py:545} INFO - Filling up the DagBag from /home/vscode/.local/lib/python3.11/site-packages/airflow/example_dags/plugins/listener_plugin.py
[2026-05-09T12:11:04.716+0000] {processor.py:842} WARNING - No viable dags retrieved from /home/vscode/.local/lib/python3.11/site-packages/airflow/example_dags/plugins/listener_plugin.py
[2026-05-09T12:11:04.723+0000] {processor.py:183} INFO - Processing /home/vscode/.local/lib/python3.11/site-packages/airflow/example_dags/plugins/listener_plugin.py took 0.017 seconds
[2026-05-09T12:11:44.519+0000] {processor.py:161} INFO - Started process (PID=37088) to work on /home/vscode/.local/lib/python3.11/site-packages/airflow/example_dags/plugins/listener_plugin.py
[2026-05-09T12:11:44.520+0000] {processor.py:830} INFO - Processing file /home/vscode/.local/lib/python3.11/site-packages/airflow/example_dags/plugins/listener_plugin.py for tasks to queue
[2026-05-09T12:11:44.520+0000] {logging_mixin.py:188} INFO - [2026-05-09T12:11:44.520+0000] {dagbag.py:545} INFO - Filling up the DagBag from /home/vscode/.local/lib/python3.11/site-packages/airflow/example_dags/plugins/listener_plugin.py
[2026-05-09T12:11:44.522+0000] {processor.py:842} WARNING - No viable dags retrieved from /home/vscode/.local/lib/python3.11/site-packages/airflow/example_dags/plugins/listener_plugin.py
[2026-05-09T12:11:44.531+0000] {processor.py:183} INFO - Processing /home/vscode/.local/lib/python3.11/site-packages/airflow/example_dags/plugins/listener_plugin.py took 0.018 seconds
[2026-05-09T12:12:25.877+0000] {processor.py:161} INFO - Started process (PID=37371) to work on /home/vscode/.local/lib/python3.11/site-packages/airflow/example_dags/plugins/listener_plugin.py
[2026-05-09T12:12:25.877+0000] {processor.py:830} INFO - Processing file /home/vscode/.local/lib/python3.11/site-packages/airflow/example_dags/plugins/listener_plugin.py for tasks to queue
[2026-05-09T12:12:25.878+0000] {logging_mixin.py:188} INFO - [2026-05-09T12:12:25.878+0000] {dagbag.py:545} INFO - Filling up the DagBag from /home/vscode/.local/lib/python3.11/site-packages/airflow/example_dags/plugins/listener_plugin.py
[2026-05-09T12:12:25.880+0000] {processor.py:842} WARNING - No viable dags retrieved from /home/vscode/.local/lib/python3.11/site-packages/airflow/example_dags/plugins/listener_plugin.py
[2026-05-09T12:12:25.890+0000] {processor.py:183} INFO - Processing /home/vscode/.local/lib/python3.11/site-packages/airflow/example_dags/plugins/listener_plugin.py took 0.020 seconds
[2026-05-09T12:13:06.215+0000] {processor.py:161} INFO - Started process (PID=37690) to work on /home/vscode/.local/lib/python3.11/site-packages/airflow/example_dags/plugins/listener_plugin.py
[2026-05-09T12:13:06.216+0000] {processor.py:830} INFO - Processing file /home/vscode/.local/lib/python3.11/site-packages/airflow/example_dags/plugins/listener_plugin.py for tasks to queue
[2026-05-09T12:13:06.216+0000] {logging_mixin.py:188} INFO - [2026-05-09T12:13:06.216+0000] {dagbag.py:545} INFO - Filling up the DagBag from /home/vscode/.local/lib/python3.11/site-packages/airflow/example_dags/plugins/listener_plugin.py
[2026-05-09T12:13:06.218+0000] {processor.py:842} WARNING - No viable dags retrieved from /home/vscode/.local/lib/python3.11/site-packages/airflow/example_dags/plugins/listener_plugin.py
[2026-05-09T12:13:06.225+0000] {processor.py:183} INFO - Processing /home/vscode/.local/lib/python3.11/site-packages/airflow/example_dags/plugins/listener_plugin.py took 0.017 seconds
[2026-05-09T12:13:48.308+0000] {processor.py:161} INFO - Started process (PID=38142) to work on /home/vscode/.local/lib/python3.11/site-packages/airflow/example_dags/plugins/listener_plugin.py
[2026-05-09T12:13:48.309+0000] {processor.py:830} INFO - Processing file /home/vscode/.local/lib/python3.11/site-packages/airflow/example_dags/plugins/listener_plugin.py for tasks to queue
[2026-05-09T12:13:48.309+0000] {logging_mixin.py:188} INFO - [2026-05-09T12:13:48.309+0000] {dagbag.py:545} INFO - Filling up the DagBag from /home/vscode/.local/lib/python3.11/site-packages/airflow/example_dags/plugins/listener_plugin.py
[2026-05-09T12:13:48.311+0000] {processor.py:842} WARNING - No viable dags retrieved from /home/vscode/.local/lib/python3.11/site-packages/airflow/example_dags/plugins/listener_plugin.py
[2026-05-09T12:13:48.319+0000] {processor.py:183} INFO - Processing /home/vscode/.local/lib/python3.11/site-packages/airflow/example_dags/plugins/listener_plugin.py took 0.018 seconds
[2026-05-09T12:14:33.813+0000] {processor.py:161} INFO - Started process (PID=38422) to work on /home/vscode/.local/lib/python3.11/site-packages/airflow/example_dags/plugins/listener_plugin.py
[2026-05-09T12:14:33.813+0000] {processor.py:830} INFO - Processing file /home/vscode/.local/lib/python3.11/site-packages/airflow/example_dags/plugins/listener_plugin.py for tasks to queue
[2026-05-09T12:14:33.814+0000] {logging_mixin.py:188} INFO - [2026-05-09T12:14:33.814+0000] {dagbag.py:545} INFO - Filling up the DagBag from /home/vscode/.local/lib/python3.11/site-packages/airflow/example_dags/plugins/listener_plugin.py
[2026-05-09T12:14:33.816+0000] {processor.py:842} WARNING - No viable dags retrieved from /home/vscode/.local/lib/python3.11/site-packages/airflow/example_dags/plugins/listener_plugin.py
[2026-05-09T12:14:33.825+0000] {processor.py:183} INFO - Processing /home/vscode/.local/lib/python3.11/site-packages/airflow/example_dags/plugins/listener_plugin.py took 0.027 seconds
[2026-05-09T12:15:14.742+0000] {processor.py:161} INFO - Started process (PID=38807) to work on /home/vscode/.local/lib/python3.11/site-packages/airflow/example_dags/plugins/listener_plugin.py
[2026-05-09T12:15:14.743+0000] {processor.py:830} INFO - Processing file /home/vscode/.local/lib/python3.11/site-packages/airflow/example_dags/plugins/listener_plugin.py for tasks to queue
[2026-05-09T12:15:14.743+0000] {logging_mixin.py:188} INFO - [2026-05-09T12:15:14.743+0000] {dagbag.py:545} INFO - Filling up the DagBag from /home/vscode/.local/lib/python3.11/site-packages/airflow/example_dags/plugins/listener_plugin.py
[2026-05-09T12:15:14.745+0000] {processor.py:842} WARNING - No viable dags retrieved from /home/vscode/.local/lib/python3.11/site-packages/airflow/example_dags/plugins/listener_plugin.py
[2026-05-09T12:15:14.752+0000] {processor.py:183} INFO - Processing /home/vscode/.local/lib/python3.11/site-packages/airflow/example_dags/plugins/listener_plugin.py took 0.019 seconds
[2026-05-09T12:15:57.374+0000] {processor.py:161} INFO - Started process (PID=39172) to work on /home/vscode/.local/lib/python3.11/site-packages/airflow/example_dags/plugins/listener_plugin.py
[2026-05-09T12:15:57.375+0000] {processor.py:830} INFO - Processing file /home/vscode/.local/lib/python3.11/site-packages/airflow/example_dags/plugins/listener_plugin.py for tasks to queue
[2026-05-09T12:15:57.375+0000] {logging_mixin.py:188} INFO - [2026-05-09T12:15:57.375+0000] {dagbag.py:545} INFO - Filling up the DagBag from /home/vscode/.local/lib/python3.11/site-packages/airflow/example_dags/plugins/listener_plugin.py
[2026-05-09T12:15:57.377+0000] {processor.py:842} WARNING - No viable dags retrieved from /home/vscode/.local/lib/python3.11/site-packages/airflow/example_dags/plugins/listener_plugin.py
[2026-05-09T12:15:57.384+0000] {processor.py:183} INFO - Processing /home/vscode/.local/lib/python3.11/site-packages/airflow/example_dags/plugins/listener_plugin.py took 0.016 seconds
[2026-05-09T12:16:41.017+0000] {processor.py:161} INFO - Started process (PID=39498) to work on /home/vscode/.local/lib/python3.11/site-packages/airflow/example_dags/plugins/listener_plugin.py
[2026-05-09T12:16:41.018+0000] {processor.py:830} INFO - Processing file /home/vscode/.local/lib/python3.11/site-packages/airflow/example_dags/plugins/listener_plugin.py for tasks to queue
[2026-05-09T12:16:41.018+0000] {logging_mixin.py:188} INFO - [2026-05-09T12:16:41.018+0000] {dagbag.py:545} INFO - Filling up the DagBag from /home/vscode/.local/lib/python3.11/site-packages/airflow/example_dags/plugins/listener_plugin.py
[2026-05-09T12:16:41.020+0000] {processor.py:842} WARNING - No viable dags retrieved from /home/vscode/.local/lib/python3.11/site-packages/airflow/example_dags/plugins/listener_plugin.py
[2026-05-09T12:16:41.029+0000] {processor.py:183} INFO - Processing /home/vscode/.local/lib/python3.11/site-packages/airflow/example_dags/plugins/listener_plugin.py took 0.019 seconds
[2026-05-09T12:17:27.171+0000] {processor.py:161} INFO - Started process (PID=39816) to work on /home/vscode/.local/lib/python3.11/site-packages/airflow/example_dags/plugins/listener_plugin.py
[2026-05-09T12:17:27.173+0000] {processor.py:830} INFO - Processing file /home/vscode/.local/lib/python3.11/site-packages/airflow/example_dags/plugins/listener_plugin.py for tasks to queue
[2026-05-09T12:17:27.175+0000] {logging_mixin.py:188} INFO - [2026-05-09T12:17:27.175+0000] {dagbag.py:545} INFO - Filling up the DagBag from /home/vscode/.local/lib/python3.11/site-packages/airflow/example_dags/plugins/listener_plugin.py
[2026-05-09T12:17:27.187+0000] {processor.py:842} WARNING - No viable dags retrieved from /home/vscode/.local/lib/python3.11/site-packages/airflow/example_dags/plugins/listener_plugin.py
[2026-05-09T12:17:27.212+0000] {processor.py:183} INFO - Processing /home/vscode/.local/lib/python3.11/site-packages/airflow/example_dags/plugins/listener_plugin.py took 0.052 seconds
[2026-05-09T12:18:09.716+0000] {processor.py:161} INFO - Started process (PID=40180) to work on /home/vscode/.local/lib/python3.11/site-packages/airflow/example_dags/plugins/listener_plugin.py
[2026-05-09T12:18:09.716+0000] {processor.py:830} INFO - Processing file /home/vscode/.local/lib/python3.11/site-packages/airflow/example_dags/plugins/listener_plugin.py for tasks to queue
[2026-05-09T12:18:09.717+0000] {logging_mixin.py:188} INFO - [2026-05-09T12:18:09.716+0000] {dagbag.py:545} INFO - Filling up the DagBag from /home/vscode/.local/lib/python3.11/site-packages/airflow/example_dags/plugins/listener_plugin.py
[2026-05-09T12:18:09.719+0000] {processor.py:842} WARNING - No viable dags retrieved from /home/vscode/.local/lib/python3.11/site-packages/airflow/example_dags/plugins/listener_plugin.py
[2026-05-09T12:18:09.727+0000] {processor.py:183} INFO - Processing /home/vscode/.local/lib/python3.11/site-packages/airflow/example_dags/plugins/listener_plugin.py took 0.017 seconds
[2026-05-09T12:18:50.670+0000] {processor.py:161} INFO - Started process (PID=40626) to work on /home/vscode/.local/lib/python3.11/site-packages/airflow/example_dags/plugins/listener_plugin.py
[2026-05-09T12:18:50.673+0000] {processor.py:830} INFO - Processing file /home/vscode/.local/lib/python3.11/site-packages/airflow/example_dags/plugins/listener_plugin.py for tasks to queue
[2026-05-09T12:18:50.674+0000] {logging_mixin.py:188} INFO - [2026-05-09T12:18:50.673+0000] {dagbag.py:545} INFO - Filling up the DagBag from /home/vscode/.local/lib/python3.11/site-packages/airflow/example_dags/plugins/listener_plugin.py
[2026-05-09T12:18:50.679+0000] {processor.py:842} WARNING - No viable dags retrieved from /home/vscode/.local/lib/python3.11/site-packages/airflow/example_dags/plugins/listener_plugin.py
[2026-05-09T12:18:50.698+0000] {processor.py:183} INFO - Processing /home/vscode/.local/lib/python3.11/site-packages/airflow/example_dags/plugins/listener_plugin.py took 0.043 seconds
[2026-05-09T12:19:31.332+0000] {processor.py:161} INFO - Started process (PID=40883) to work on /home/vscode/.local/lib/python3.11/site-packages/airflow/example_dags/plugins/listener_plugin.py
[2026-05-09T12:19:31.332+0000] {processor.py:830} INFO - Processing file /home/vscode/.local/lib/python3.11/site-packages/airflow/example_dags/plugins/listener_plugin.py for tasks to queue
[2026-05-09T12:19:31.333+0000] {logging_mixin.py:188} INFO - [2026-05-09T12:19:31.333+0000] {dagbag.py:545} INFO - Filling up the DagBag from /home/vscode/.local/lib/python3.11/site-packages/airflow/example_dags/plugins/listener_plugin.py
[2026-05-09T12:19:31.335+0000] {processor.py:842} WARNING - No viable dags retrieved from /home/vscode/.local/lib/python3.11/site-packages/airflow/example_dags/plugins/listener_plugin.py
[2026-05-09T12:19:31.345+0000] {processor.py:183} INFO - Processing /home/vscode/.local/lib/python3.11/site-packages/airflow/example_dags/plugins/listener_plugin.py took 0.022 seconds
[2026-05-09T12:20:18.507+0000] {processor.py:161} INFO - Started process (PID=41265) to work on /home/vscode/.local/lib/python3.11/site-packages/airflow/example_dags/plugins/listener_plugin.py
[2026-05-09T12:20:18.507+0000] {processor.py:830} INFO - Processing file /home/vscode/.local/lib/python3.11/site-packages/airflow/example_dags/plugins/listener_plugin.py for tasks to queue
[2026-05-09T12:20:18.508+0000] {logging_mixin.py:188} INFO - [2026-05-09T12:20:18.508+0000] {dagbag.py:545} INFO - Filling up the DagBag from /home/vscode/.local/lib/python3.11/site-packages/airflow/example_dags/plugins/listener_plugin.py
[2026-05-09T12:20:18.511+0000] {processor.py:842} WARNING - No viable dags retrieved from /home/vscode/.local/lib/python3.11/site-packages/airflow/example_dags/plugins/listener_plugin.py
[2026-05-09T12:20:18.521+0000] {processor.py:183} INFO - Processing /home/vscode/.local/lib/python3.11/site-packages/airflow/example_dags/plugins/listener_plugin.py took 0.025 seconds
[2026-05-09T12:20:58.463+0000] {processor.py:161} INFO - Started process (PID=41618) to work on /home/vscode/.local/lib/python3.11/site-packages/airflow/example_dags/plugins/listener_plugin.py
[2026-05-09T12:20:58.463+0000] {processor.py:830} INFO - Processing file /home/vscode/.local/lib/python3.11/site-packages/airflow/example_dags/plugins/listener_plugin.py for tasks to queue
[2026-05-09T12:20:58.464+0000] {logging_mixin.py:188} INFO - [2026-05-09T12:20:58.464+0000] {dagbag.py:545} INFO - Filling up the DagBag from /home/vscode/.local/lib/python3.11/site-packages/airflow/example_dags/plugins/listener_plugin.py
[2026-05-09T12:20:58.466+0000] {processor.py:842} WARNING - No viable dags retrieved from /home/vscode/.local/lib/python3.11/site-packages/airflow/example_dags/plugins/listener_plugin.py
[2026-05-09T12:20:58.474+0000] {processor.py:183} INFO - Processing /home/vscode/.local/lib/python3.11/site-packages/airflow/example_dags/plugins/listener_plugin.py took 0.018 seconds
[2026-05-09T12:21:38.732+0000] {processor.py:161} INFO - Started process (PID=41944) to work on /home/vscode/.local/lib/python3.11/site-packages/airflow/example_dags/plugins/listener_plugin.py
[2026-05-09T12:21:38.732+0000] {processor.py:830} INFO - Processing file /home/vscode/.local/lib/python3.11/site-packages/airflow/example_dags/plugins/listener_plugin.py for tasks to queue
[2026-05-09T12:21:38.733+0000] {logging_mixin.py:188} INFO - [2026-05-09T12:21:38.733+0000] {dagbag.py:545} INFO - Filling up the DagBag from /home/vscode/.local/lib/python3.11/site-packages/airflow/example_dags/plugins/listener_plugin.py
[2026-05-09T12:21:38.735+0000] {processor.py:842} WARNING - No viable dags retrieved from /home/vscode/.local/lib/python3.11/site-packages/airflow/example_dags/plugins/listener_plugin.py
[2026-05-09T12:21:38.745+0000] {processor.py:183} INFO - Processing /home/vscode/.local/lib/python3.11/site-packages/airflow/example_dags/plugins/listener_plugin.py took 0.022 seconds
