[2026-05-09T11:18:31.861+0000] {processor.py:161} INFO - Started process (PID=6869) to work on /home/vscode/.local/lib/python3.11/site-packages/airflow/example_dags/plugins/workday.py
[2026-05-09T11:18:31.864+0000] {processor.py:830} INFO - Processing file /home/vscode/.local/lib/python3.11/site-packages/airflow/example_dags/plugins/workday.py for tasks to queue
[2026-05-09T11:18:31.864+0000] {logging_mixin.py:188} INFO - [2026-05-09T11:18:31.864+0000] {dagbag.py:545} INFO - Filling up the DagBag from /home/vscode/.local/lib/python3.11/site-packages/airflow/example_dags/plugins/workday.py
[2026-05-09T11:18:32.862+0000] {processor.py:842} WARNING - No viable dags retrieved from /home/vscode/.local/lib/python3.11/site-packages/airflow/example_dags/plugins/workday.py
[2026-05-09T11:18:32.877+0000] {processor.py:183} INFO - Processing /home/vscode/.local/lib/python3.11/site-packages/airflow/example_dags/plugins/workday.py took 1.026 seconds
[2026-05-09T11:19:30.180+0000] {processor.py:161} INFO - Started process (PID=7453) to work on /home/vscode/.local/lib/python3.11/site-packages/airflow/example_dags/plugins/workday.py
[2026-05-09T11:19:30.181+0000] {processor.py:830} INFO - Processing file /home/vscode/.local/lib/python3.11/site-packages/airflow/example_dags/plugins/workday.py for tasks to queue
[2026-05-09T11:19:30.181+0000] {logging_mixin.py:188} INFO - [2026-05-09T11:19:30.181+0000] {dagbag.py:545} INFO - Filling up the DagBag from /home/vscode/.local/lib/python3.11/site-packages/airflow/example_dags/plugins/workday.py
[2026-05-09T11:19:30.561+0000] {processor.py:842} WARNING - No viable dags retrieved from /home/vscode/.local/lib/python3.11/site-packages/airflow/example_dags/plugins/workday.py
[2026-05-09T11:19:30.567+0000] {processor.py:183} INFO - Processing /home/vscode/.local/lib/python3.11/site-packages/airflow/example_dags/plugins/workday.py took 0.393 seconds
[2026-05-09T11:20:25.019+0000] {processor.py:161} INFO - Started process (PID=7921) to work on /home/vscode/.local/lib/python3.11/site-packages/airflow/example_dags/plugins/workday.py
[2026-05-09T11:20:25.020+0000] {processor.py:830} INFO - Processing file /home/vscode/.local/lib/python3.11/site-packages/airflow/example_dags/plugins/workday.py for tasks to queue
[2026-05-09T11:20:25.021+0000] {logging_mixin.py:188} INFO - [2026-05-09T11:20:25.020+0000] {dagbag.py:545} INFO - Filling up the DagBag from /home/vscode/.local/lib/python3.11/site-packages/airflow/example_dags/plugins/workday.py
[2026-05-09T11:20:25.303+0000] {processor.py:842} WARNING - No viable dags retrieved from /home/vscode/.local/lib/python3.11/site-packages/airflow/example_dags/plugins/workday.py
[2026-05-09T11:20:25.310+0000] {processor.py:183} INFO - Processing /home/vscode/.local/lib/python3.11/site-packages/airflow/example_dags/plugins/workday.py took 0.297 seconds
[2026-05-09T11:21:09.172+0000] {processor.py:161} INFO - Started process (PID=8315) to work on /home/vscode/.local/lib/python3.11/site-packages/airflow/example_dags/plugins/workday.py
[2026-05-09T11:21:09.173+0000] {processor.py:830} INFO - Processing file /home/vscode/.local/lib/python3.11/site-packages/airflow/example_dags/plugins/workday.py for tasks to queue
[2026-05-09T11:21:09.173+0000] {logging_mixin.py:188} INFO - [2026-05-09T11:21:09.173+0000] {dagbag.py:545} INFO - Filling up the DagBag from /home/vscode/.local/lib/python3.11/site-packages/airflow/example_dags/plugins/workday.py
[2026-05-09T11:21:09.425+0000] {processor.py:842} WARNING - No viable dags retrieved from /home/vscode/.local/lib/python3.11/site-packages/airflow/example_dags/plugins/workday.py
[2026-05-09T11:21:09.432+0000] {processor.py:183} INFO - Processing /home/vscode/.local/lib/python3.11/site-packages/airflow/example_dags/plugins/workday.py took 0.266 seconds
[2026-05-09T11:21:49.021+0000] {processor.py:161} INFO - Started process (PID=8784) to work on /home/vscode/.local/lib/python3.11/site-packages/airflow/example_dags/plugins/workday.py
[2026-05-09T11:21:49.022+0000] {processor.py:830} INFO - Processing file /home/vscode/.local/lib/python3.11/site-packages/airflow/example_dags/plugins/workday.py for tasks to queue
[2026-05-09T11:21:49.023+0000] {logging_mixin.py:188} INFO - [2026-05-09T11:21:49.022+0000] {dagbag.py:545} INFO - Filling up the DagBag from /home/vscode/.local/lib/python3.11/site-packages/airflow/example_dags/plugins/workday.py
[2026-05-09T11:21:49.369+0000] {processor.py:842} WARNING - No viable dags retrieved from /home/vscode/.local/lib/python3.11/site-packages/airflow/example_dags/plugins/workday.py
[2026-05-09T11:21:49.394+0000] {processor.py:183} INFO - Processing /home/vscode/.local/lib/python3.11/site-packages/airflow/example_dags/plugins/workday.py took 0.380 seconds
[2026-05-09T11:22:30.168+0000] {processor.py:161} INFO - Started process (PID=9211) to work on /home/vscode/.local/lib/python3.11/site-packages/airflow/example_dags/plugins/workday.py
[2026-05-09T11:22:30.168+0000] {processor.py:830} INFO - Processing file /home/vscode/.local/lib/python3.11/site-packages/airflow/example_dags/plugins/workday.py for tasks to queue
[2026-05-09T11:22:30.169+0000] {logging_mixin.py:188} INFO - [2026-05-09T11:22:30.168+0000] {dagbag.py:545} INFO - Filling up the DagBag from /home/vscode/.local/lib/python3.11/site-packages/airflow/example_dags/plugins/workday.py
[2026-05-09T11:22:30.444+0000] {processor.py:842} WARNING - No viable dags retrieved from /home/vscode/.local/lib/python3.11/site-packages/airflow/example_dags/plugins/workday.py
[2026-05-09T11:22:30.451+0000] {processor.py:183} INFO - Processing /home/vscode/.local/lib/python3.11/site-packages/airflow/example_dags/plugins/workday.py took 0.290 seconds
[2026-05-09T11:23:04.943+0000] {processor.py:161} INFO - Started process (PID=9653) to work on /home/vscode/.local/lib/python3.11/site-packages/airflow/example_dags/plugins/workday.py
[2026-05-09T11:23:04.943+0000] {processor.py:830} INFO - Processing file /home/vscode/.local/lib/python3.11/site-packages/airflow/example_dags/plugins/workday.py for tasks to queue
[2026-05-09T11:23:04.944+0000] {logging_mixin.py:188} INFO - [2026-05-09T11:23:04.943+0000] {dagbag.py:545} INFO - Filling up the DagBag from /home/vscode/.local/lib/python3.11/site-packages/airflow/example_dags/plugins/workday.py
[2026-05-09T11:23:05.203+0000] {processor.py:842} WARNING - No viable dags retrieved from /home/vscode/.local/lib/python3.11/site-packages/airflow/example_dags/plugins/workday.py
[2026-05-09T11:23:05.211+0000] {processor.py:183} INFO - Processing /home/vscode/.local/lib/python3.11/site-packages/airflow/example_dags/plugins/workday.py took 0.274 seconds
[2026-05-09T11:23:45.239+0000] {processor.py:161} INFO - Started process (PID=10196) to work on /home/vscode/.local/lib/python3.11/site-packages/airflow/example_dags/plugins/workday.py
[2026-05-09T11:23:45.240+0000] {processor.py:830} INFO - Processing file /home/vscode/.local/lib/python3.11/site-packages/airflow/example_dags/plugins/workday.py for tasks to queue
[2026-05-09T11:23:45.240+0000] {logging_mixin.py:188} INFO - [2026-05-09T11:23:45.240+0000] {dagbag.py:545} INFO - Filling up the DagBag from /home/vscode/.local/lib/python3.11/site-packages/airflow/example_dags/plugins/workday.py
[2026-05-09T11:23:45.494+0000] {processor.py:842} WARNING - No viable dags retrieved from /home/vscode/.local/lib/python3.11/site-packages/airflow/example_dags/plugins/workday.py
[2026-05-09T11:23:45.501+0000] {processor.py:183} INFO - Processing /home/vscode/.local/lib/python3.11/site-packages/airflow/example_dags/plugins/workday.py took 0.268 seconds
[2026-05-09T11:24:26.975+0000] {processor.py:161} INFO - Started process (PID=10701) to work on /home/vscode/.local/lib/python3.11/site-packages/airflow/example_dags/plugins/workday.py
[2026-05-09T11:24:26.975+0000] {processor.py:830} INFO - Processing file /home/vscode/.local/lib/python3.11/site-packages/airflow/example_dags/plugins/workday.py for tasks to queue
[2026-05-09T11:24:26.976+0000] {logging_mixin.py:188} INFO - [2026-05-09T11:24:26.976+0000] {dagbag.py:545} INFO - Filling up the DagBag from /home/vscode/.local/lib/python3.11/site-packages/airflow/example_dags/plugins/workday.py
[2026-05-09T11:24:27.254+0000] {processor.py:842} WARNING - No viable dags retrieved from /home/vscode/.local/lib/python3.11/site-packages/airflow/example_dags/plugins/workday.py
[2026-05-09T11:24:27.264+0000] {processor.py:183} INFO - Processing /home/vscode/.local/lib/python3.11/site-packages/airflow/example_dags/plugins/workday.py took 0.296 seconds
[2026-05-09T11:25:06.395+0000] {processor.py:161} INFO - Started process (PID=11218) to work on /home/vscode/.local/lib/python3.11/site-packages/airflow/example_dags/plugins/workday.py
[2026-05-09T11:25:06.396+0000] {processor.py:830} INFO - Processing file /home/vscode/.local/lib/python3.11/site-packages/airflow/example_dags/plugins/workday.py for tasks to queue
[2026-05-09T11:25:06.396+0000] {logging_mixin.py:188} INFO - [2026-05-09T11:25:06.396+0000] {dagbag.py:545} INFO - Filling up the DagBag from /home/vscode/.local/lib/python3.11/site-packages/airflow/example_dags/plugins/workday.py
[2026-05-09T11:25:06.651+0000] {processor.py:842} WARNING - No viable dags retrieved from /home/vscode/.local/lib/python3.11/site-packages/airflow/example_dags/plugins/workday.py
[2026-05-09T11:25:06.658+0000] {processor.py:183} INFO - Processing /home/vscode/.local/lib/python3.11/site-packages/airflow/example_dags/plugins/workday.py took 0.269 seconds
[2026-05-09T11:25:48.104+0000] {processor.py:161} INFO - Started process (PID=11557) to work on /home/vscode/.local/lib/python3.11/site-packages/airflow/example_dags/plugins/workday.py
[2026-05-09T11:25:48.105+0000] {processor.py:830} INFO - Processing file /home/vscode/.local/lib/python3.11/site-packages/airflow/example_dags/plugins/workday.py for tasks to queue
[2026-05-09T11:25:48.106+0000] {logging_mixin.py:188} INFO - [2026-05-09T11:25:48.105+0000] {dagbag.py:545} INFO - Filling up the DagBag from /home/vscode/.local/lib/python3.11/site-packages/airflow/example_dags/plugins/workday.py
[2026-05-09T11:25:48.397+0000] {processor.py:842} WARNING - No viable dags retrieved from /home/vscode/.local/lib/python3.11/site-packages/airflow/example_dags/plugins/workday.py
[2026-05-09T11:25:48.407+0000] {processor.py:183} INFO - Processing /home/vscode/.local/lib/python3.11/site-packages/airflow/example_dags/plugins/workday.py took 0.308 seconds
[2026-05-09T11:26:27.500+0000] {processor.py:161} INFO - Started process (PID=11917) to work on /home/vscode/.local/lib/python3.11/site-packages/airflow/example_dags/plugins/workday.py
[2026-05-09T11:26:27.500+0000] {processor.py:830} INFO - Processing file /home/vscode/.local/lib/python3.11/site-packages/airflow/example_dags/plugins/workday.py for tasks to queue
[2026-05-09T11:26:27.501+0000] {logging_mixin.py:188} INFO - [2026-05-09T11:26:27.501+0000] {dagbag.py:545} INFO - Filling up the DagBag from /home/vscode/.local/lib/python3.11/site-packages/airflow/example_dags/plugins/workday.py
[2026-05-09T11:26:27.775+0000] {processor.py:842} WARNING - No viable dags retrieved from /home/vscode/.local/lib/python3.11/site-packages/airflow/example_dags/plugins/workday.py
[2026-05-09T11:26:27.785+0000] {processor.py:183} INFO - Processing /home/vscode/.local/lib/python3.11/site-packages/airflow/example_dags/plugins/workday.py took 0.291 seconds
[2026-05-09T11:27:06.821+0000] {processor.py:161} INFO - Started process (PID=12386) to work on /home/vscode/.local/lib/python3.11/site-packages/airflow/example_dags/plugins/workday.py
[2026-05-09T11:27:06.822+0000] {processor.py:830} INFO - Processing file /home/vscode/.local/lib/python3.11/site-packages/airflow/example_dags/plugins/workday.py for tasks to queue
[2026-05-09T11:27:06.822+0000] {logging_mixin.py:188} INFO - [2026-05-09T11:27:06.822+0000] {dagbag.py:545} INFO - Filling up the DagBag from /home/vscode/.local/lib/python3.11/site-packages/airflow/example_dags/plugins/workday.py
[2026-05-09T11:27:07.123+0000] {processor.py:842} WARNING - No viable dags retrieved from /home/vscode/.local/lib/python3.11/site-packages/airflow/example_dags/plugins/workday.py
[2026-05-09T11:27:07.130+0000] {processor.py:183} INFO - Processing /home/vscode/.local/lib/python3.11/site-packages/airflow/example_dags/plugins/workday.py took 0.316 seconds
[2026-05-09T11:27:47.738+0000] {processor.py:161} INFO - Started process (PID=12908) to work on /home/vscode/.local/lib/python3.11/site-packages/airflow/example_dags/plugins/workday.py
[2026-05-09T11:27:47.739+0000] {processor.py:830} INFO - Processing file /home/vscode/.local/lib/python3.11/site-packages/airflow/example_dags/plugins/workday.py for tasks to queue
[2026-05-09T11:27:47.739+0000] {logging_mixin.py:188} INFO - [2026-05-09T11:27:47.739+0000] {dagbag.py:545} INFO - Filling up the DagBag from /home/vscode/.local/lib/python3.11/site-packages/airflow/example_dags/plugins/workday.py
[2026-05-09T11:27:47.996+0000] {processor.py:842} WARNING - No viable dags retrieved from /home/vscode/.local/lib/python3.11/site-packages/airflow/example_dags/plugins/workday.py
[2026-05-09T11:27:48.003+0000] {processor.py:183} INFO - Processing /home/vscode/.local/lib/python3.11/site-packages/airflow/example_dags/plugins/workday.py took 0.272 seconds
[2026-05-09T11:28:28.837+0000] {processor.py:161} INFO - Started process (PID=13379) to work on /home/vscode/.local/lib/python3.11/site-packages/airflow/example_dags/plugins/workday.py
[2026-05-09T11:28:28.837+0000] {processor.py:830} INFO - Processing file /home/vscode/.local/lib/python3.11/site-packages/airflow/example_dags/plugins/workday.py for tasks to queue
[2026-05-09T11:28:28.838+0000] {logging_mixin.py:188} INFO - [2026-05-09T11:28:28.838+0000] {dagbag.py:545} INFO - Filling up the DagBag from /home/vscode/.local/lib/python3.11/site-packages/airflow/example_dags/plugins/workday.py
[2026-05-09T11:28:29.098+0000] {processor.py:842} WARNING - No viable dags retrieved from /home/vscode/.local/lib/python3.11/site-packages/airflow/example_dags/plugins/workday.py
[2026-05-09T11:28:29.105+0000] {processor.py:183} INFO - Processing /home/vscode/.local/lib/python3.11/site-packages/airflow/example_dags/plugins/workday.py took 0.275 seconds
[2026-05-09T11:29:06.482+0000] {processor.py:161} INFO - Started process (PID=13788) to work on /home/vscode/.local/lib/python3.11/site-packages/airflow/example_dags/plugins/workday.py
[2026-05-09T11:29:06.482+0000] {processor.py:830} INFO - Processing file /home/vscode/.local/lib/python3.11/site-packages/airflow/example_dags/plugins/workday.py for tasks to queue
[2026-05-09T11:29:06.483+0000] {logging_mixin.py:188} INFO - [2026-05-09T11:29:06.482+0000] {dagbag.py:545} INFO - Filling up the DagBag from /home/vscode/.local/lib/python3.11/site-packages/airflow/example_dags/plugins/workday.py
[2026-05-09T11:29:06.741+0000] {processor.py:842} WARNING - No viable dags retrieved from /home/vscode/.local/lib/python3.11/site-packages/airflow/example_dags/plugins/workday.py
[2026-05-09T11:29:06.748+0000] {processor.py:183} INFO - Processing /home/vscode/.local/lib/python3.11/site-packages/airflow/example_dags/plugins/workday.py took 0.273 seconds
[2026-05-09T11:29:51.535+0000] {processor.py:161} INFO - Started process (PID=14184) to work on /home/vscode/.local/lib/python3.11/site-packages/airflow/example_dags/plugins/workday.py
[2026-05-09T11:29:51.535+0000] {processor.py:830} INFO - Processing file /home/vscode/.local/lib/python3.11/site-packages/airflow/example_dags/plugins/workday.py for tasks to queue
[2026-05-09T11:29:51.536+0000] {logging_mixin.py:188} INFO - [2026-05-09T11:29:51.536+0000] {dagbag.py:545} INFO - Filling up the DagBag from /home/vscode/.local/lib/python3.11/site-packages/airflow/example_dags/plugins/workday.py
[2026-05-09T11:29:51.836+0000] {processor.py:842} WARNING - No viable dags retrieved from /home/vscode/.local/lib/python3.11/site-packages/airflow/example_dags/plugins/workday.py
[2026-05-09T11:29:51.843+0000] {processor.py:183} INFO - Processing /home/vscode/.local/lib/python3.11/site-packages/airflow/example_dags/plugins/workday.py took 0.314 seconds
[2026-05-09T11:30:32.921+0000] {processor.py:161} INFO - Started process (PID=14647) to work on /home/vscode/.local/lib/python3.11/site-packages/airflow/example_dags/plugins/workday.py
[2026-05-09T11:30:32.921+0000] {processor.py:830} INFO - Processing file /home/vscode/.local/lib/python3.11/site-packages/airflow/example_dags/plugins/workday.py for tasks to queue
[2026-05-09T11:30:32.922+0000] {logging_mixin.py:188} INFO - [2026-05-09T11:30:32.922+0000] {dagbag.py:545} INFO - Filling up the DagBag from /home/vscode/.local/lib/python3.11/site-packages/airflow/example_dags/plugins/workday.py
[2026-05-09T11:30:33.175+0000] {processor.py:842} WARNING - No viable dags retrieved from /home/vscode/.local/lib/python3.11/site-packages/airflow/example_dags/plugins/workday.py
[2026-05-09T11:30:33.182+0000] {processor.py:183} INFO - Processing /home/vscode/.local/lib/python3.11/site-packages/airflow/example_dags/plugins/workday.py took 0.268 seconds
[2026-05-09T11:31:11.462+0000] {processor.py:161} INFO - Started process (PID=15161) to work on /home/vscode/.local/lib/python3.11/site-packages/airflow/example_dags/plugins/workday.py
[2026-05-09T11:31:11.463+0000] {processor.py:830} INFO - Processing file /home/vscode/.local/lib/python3.11/site-packages/airflow/example_dags/plugins/workday.py for tasks to queue
[2026-05-09T11:31:11.463+0000] {logging_mixin.py:188} INFO - [2026-05-09T11:31:11.463+0000] {dagbag.py:545} INFO - Filling up the DagBag from /home/vscode/.local/lib/python3.11/site-packages/airflow/example_dags/plugins/workday.py
[2026-05-09T11:31:11.790+0000] {processor.py:842} WARNING - No viable dags retrieved from /home/vscode/.local/lib/python3.11/site-packages/airflow/example_dags/plugins/workday.py
[2026-05-09T11:31:11.797+0000] {processor.py:183} INFO - Processing /home/vscode/.local/lib/python3.11/site-packages/airflow/example_dags/plugins/workday.py took 0.342 seconds
[2026-05-09T11:31:55.534+0000] {processor.py:161} INFO - Started process (PID=15653) to work on /home/vscode/.local/lib/python3.11/site-packages/airflow/example_dags/plugins/workday.py
[2026-05-09T11:31:55.535+0000] {processor.py:830} INFO - Processing file /home/vscode/.local/lib/python3.11/site-packages/airflow/example_dags/plugins/workday.py for tasks to queue
[2026-05-09T11:31:55.536+0000] {logging_mixin.py:188} INFO - [2026-05-09T11:31:55.535+0000] {dagbag.py:545} INFO - Filling up the DagBag from /home/vscode/.local/lib/python3.11/site-packages/airflow/example_dags/plugins/workday.py
[2026-05-09T11:31:55.795+0000] {processor.py:842} WARNING - No viable dags retrieved from /home/vscode/.local/lib/python3.11/site-packages/airflow/example_dags/plugins/workday.py
[2026-05-09T11:31:55.802+0000] {processor.py:183} INFO - Processing /home/vscode/.local/lib/python3.11/site-packages/airflow/example_dags/plugins/workday.py took 0.274 seconds
[2026-05-09T11:32:39.756+0000] {processor.py:161} INFO - Started process (PID=16028) to work on /home/vscode/.local/lib/python3.11/site-packages/airflow/example_dags/plugins/workday.py
[2026-05-09T11:32:39.757+0000] {processor.py:830} INFO - Processing file /home/vscode/.local/lib/python3.11/site-packages/airflow/example_dags/plugins/workday.py for tasks to queue
[2026-05-09T11:32:39.757+0000] {logging_mixin.py:188} INFO - [2026-05-09T11:32:39.757+0000] {dagbag.py:545} INFO - Filling up the DagBag from /home/vscode/.local/lib/python3.11/site-packages/airflow/example_dags/plugins/workday.py
[2026-05-09T11:32:40.076+0000] {processor.py:842} WARNING - No viable dags retrieved from /home/vscode/.local/lib/python3.11/site-packages/airflow/example_dags/plugins/workday.py
[2026-05-09T11:32:40.083+0000] {processor.py:183} INFO - Processing /home/vscode/.local/lib/python3.11/site-packages/airflow/example_dags/plugins/workday.py took 0.333 seconds
[2026-05-09T11:33:23.236+0000] {processor.py:161} INFO - Started process (PID=16355) to work on /home/vscode/.local/lib/python3.11/site-packages/airflow/example_dags/plugins/workday.py
[2026-05-09T11:33:23.236+0000] {processor.py:830} INFO - Processing file /home/vscode/.local/lib/python3.11/site-packages/airflow/example_dags/plugins/workday.py for tasks to queue
[2026-05-09T11:33:23.237+0000] {logging_mixin.py:188} INFO - [2026-05-09T11:33:23.236+0000] {dagbag.py:545} INFO - Filling up the DagBag from /home/vscode/.local/lib/python3.11/site-packages/airflow/example_dags/plugins/workday.py
[2026-05-09T11:33:23.494+0000] {processor.py:842} WARNING - No viable dags retrieved from /home/vscode/.local/lib/python3.11/site-packages/airflow/example_dags/plugins/workday.py
[2026-05-09T11:33:23.500+0000] {processor.py:183} INFO - Processing /home/vscode/.local/lib/python3.11/site-packages/airflow/example_dags/plugins/workday.py took 0.271 seconds
[2026-05-09T11:34:04.811+0000] {processor.py:161} INFO - Started process (PID=16788) to work on /home/vscode/.local/lib/python3.11/site-packages/airflow/example_dags/plugins/workday.py
[2026-05-09T11:34:04.811+0000] {processor.py:830} INFO - Processing file /home/vscode/.local/lib/python3.11/site-packages/airflow/example_dags/plugins/workday.py for tasks to queue
[2026-05-09T11:34:04.812+0000] {logging_mixin.py:188} INFO - [2026-05-09T11:34:04.812+0000] {dagbag.py:545} INFO - Filling up the DagBag from /home/vscode/.local/lib/python3.11/site-packages/airflow/example_dags/plugins/workday.py
[2026-05-09T11:34:05.085+0000] {processor.py:842} WARNING - No viable dags retrieved from /home/vscode/.local/lib/python3.11/site-packages/airflow/example_dags/plugins/workday.py
[2026-05-09T11:34:05.092+0000] {processor.py:183} INFO - Processing /home/vscode/.local/lib/python3.11/site-packages/airflow/example_dags/plugins/workday.py took 0.287 seconds
[2026-05-09T11:34:46.296+0000] {processor.py:161} INFO - Started process (PID=17156) to work on /home/vscode/.local/lib/python3.11/site-packages/airflow/example_dags/plugins/workday.py
[2026-05-09T11:34:46.296+0000] {processor.py:830} INFO - Processing file /home/vscode/.local/lib/python3.11/site-packages/airflow/example_dags/plugins/workday.py for tasks to queue
[2026-05-09T11:34:46.297+0000] {logging_mixin.py:188} INFO - [2026-05-09T11:34:46.297+0000] {dagbag.py:545} INFO - Filling up the DagBag from /home/vscode/.local/lib/python3.11/site-packages/airflow/example_dags/plugins/workday.py
[2026-05-09T11:34:46.638+0000] {processor.py:842} WARNING - No viable dags retrieved from /home/vscode/.local/lib/python3.11/site-packages/airflow/example_dags/plugins/workday.py
[2026-05-09T11:34:46.648+0000] {processor.py:183} INFO - Processing /home/vscode/.local/lib/python3.11/site-packages/airflow/example_dags/plugins/workday.py took 0.358 seconds
[2026-05-09T11:35:26.415+0000] {processor.py:161} INFO - Started process (PID=17455) to work on /home/vscode/.local/lib/python3.11/site-packages/airflow/example_dags/plugins/workday.py
[2026-05-09T11:35:26.416+0000] {processor.py:830} INFO - Processing file /home/vscode/.local/lib/python3.11/site-packages/airflow/example_dags/plugins/workday.py for tasks to queue
[2026-05-09T11:35:26.417+0000] {logging_mixin.py:188} INFO - [2026-05-09T11:35:26.416+0000] {dagbag.py:545} INFO - Filling up the DagBag from /home/vscode/.local/lib/python3.11/site-packages/airflow/example_dags/plugins/workday.py
[2026-05-09T11:35:26.751+0000] {processor.py:842} WARNING - No viable dags retrieved from /home/vscode/.local/lib/python3.11/site-packages/airflow/example_dags/plugins/workday.py
[2026-05-09T11:35:26.761+0000] {processor.py:183} INFO - Processing /home/vscode/.local/lib/python3.11/site-packages/airflow/example_dags/plugins/workday.py took 0.352 seconds
[2026-05-09T11:36:04.843+0000] {processor.py:161} INFO - Started process (PID=17796) to work on /home/vscode/.local/lib/python3.11/site-packages/airflow/example_dags/plugins/workday.py
[2026-05-09T11:36:04.843+0000] {processor.py:830} INFO - Processing file /home/vscode/.local/lib/python3.11/site-packages/airflow/example_dags/plugins/workday.py for tasks to queue
[2026-05-09T11:36:04.844+0000] {logging_mixin.py:188} INFO - [2026-05-09T11:36:04.844+0000] {dagbag.py:545} INFO - Filling up the DagBag from /home/vscode/.local/lib/python3.11/site-packages/airflow/example_dags/plugins/workday.py
[2026-05-09T11:36:05.115+0000] {processor.py:842} WARNING - No viable dags retrieved from /home/vscode/.local/lib/python3.11/site-packages/airflow/example_dags/plugins/workday.py
[2026-05-09T11:36:05.122+0000] {processor.py:183} INFO - Processing /home/vscode/.local/lib/python3.11/site-packages/airflow/example_dags/plugins/workday.py took 0.286 seconds
[2026-05-09T11:36:46.036+0000] {processor.py:161} INFO - Started process (PID=18162) to work on /home/vscode/.local/lib/python3.11/site-packages/airflow/example_dags/plugins/workday.py
[2026-05-09T11:36:46.037+0000] {processor.py:830} INFO - Processing file /home/vscode/.local/lib/python3.11/site-packages/airflow/example_dags/plugins/workday.py for tasks to queue
[2026-05-09T11:36:46.037+0000] {logging_mixin.py:188} INFO - [2026-05-09T11:36:46.037+0000] {dagbag.py:545} INFO - Filling up the DagBag from /home/vscode/.local/lib/python3.11/site-packages/airflow/example_dags/plugins/workday.py
[2026-05-09T11:36:46.301+0000] {processor.py:842} WARNING - No viable dags retrieved from /home/vscode/.local/lib/python3.11/site-packages/airflow/example_dags/plugins/workday.py
[2026-05-09T11:36:46.309+0000] {processor.py:183} INFO - Processing /home/vscode/.local/lib/python3.11/site-packages/airflow/example_dags/plugins/workday.py took 0.279 seconds
[2026-05-09T11:37:26.782+0000] {processor.py:161} INFO - Started process (PID=18633) to work on /home/vscode/.local/lib/python3.11/site-packages/airflow/example_dags/plugins/workday.py
[2026-05-09T11:37:26.783+0000] {processor.py:830} INFO - Processing file /home/vscode/.local/lib/python3.11/site-packages/airflow/example_dags/plugins/workday.py for tasks to queue
[2026-05-09T11:37:26.783+0000] {logging_mixin.py:188} INFO - [2026-05-09T11:37:26.783+0000] {dagbag.py:545} INFO - Filling up the DagBag from /home/vscode/.local/lib/python3.11/site-packages/airflow/example_dags/plugins/workday.py
[2026-05-09T11:37:27.075+0000] {processor.py:842} WARNING - No viable dags retrieved from /home/vscode/.local/lib/python3.11/site-packages/airflow/example_dags/plugins/workday.py
[2026-05-09T11:37:27.082+0000] {processor.py:183} INFO - Processing /home/vscode/.local/lib/python3.11/site-packages/airflow/example_dags/plugins/workday.py took 0.307 seconds
[2026-05-09T11:38:08.767+0000] {processor.py:161} INFO - Started process (PID=19221) to work on /home/vscode/.local/lib/python3.11/site-packages/airflow/example_dags/plugins/workday.py
[2026-05-09T11:38:08.768+0000] {processor.py:830} INFO - Processing file /home/vscode/.local/lib/python3.11/site-packages/airflow/example_dags/plugins/workday.py for tasks to queue
[2026-05-09T11:38:08.769+0000] {logging_mixin.py:188} INFO - [2026-05-09T11:38:08.768+0000] {dagbag.py:545} INFO - Filling up the DagBag from /home/vscode/.local/lib/python3.11/site-packages/airflow/example_dags/plugins/workday.py
[2026-05-09T11:38:09.050+0000] {processor.py:842} WARNING - No viable dags retrieved from /home/vscode/.local/lib/python3.11/site-packages/airflow/example_dags/plugins/workday.py
[2026-05-09T11:38:09.058+0000] {processor.py:183} INFO - Processing /home/vscode/.local/lib/python3.11/site-packages/airflow/example_dags/plugins/workday.py took 0.297 seconds
[2026-05-09T11:38:49.424+0000] {processor.py:161} INFO - Started process (PID=19624) to work on /home/vscode/.local/lib/python3.11/site-packages/airflow/example_dags/plugins/workday.py
[2026-05-09T11:38:49.425+0000] {processor.py:830} INFO - Processing file /home/vscode/.local/lib/python3.11/site-packages/airflow/example_dags/plugins/workday.py for tasks to queue
[2026-05-09T11:38:49.425+0000] {logging_mixin.py:188} INFO - [2026-05-09T11:38:49.425+0000] {dagbag.py:545} INFO - Filling up the DagBag from /home/vscode/.local/lib/python3.11/site-packages/airflow/example_dags/plugins/workday.py
[2026-05-09T11:38:49.699+0000] {processor.py:842} WARNING - No viable dags retrieved from /home/vscode/.local/lib/python3.11/site-packages/airflow/example_dags/plugins/workday.py
[2026-05-09T11:38:49.707+0000] {processor.py:183} INFO - Processing /home/vscode/.local/lib/python3.11/site-packages/airflow/example_dags/plugins/workday.py took 0.289 seconds
[2026-05-09T11:39:28.357+0000] {processor.py:161} INFO - Started process (PID=20165) to work on /home/vscode/.local/lib/python3.11/site-packages/airflow/example_dags/plugins/workday.py
[2026-05-09T11:39:28.357+0000] {processor.py:830} INFO - Processing file /home/vscode/.local/lib/python3.11/site-packages/airflow/example_dags/plugins/workday.py for tasks to queue
[2026-05-09T11:39:28.358+0000] {logging_mixin.py:188} INFO - [2026-05-09T11:39:28.358+0000] {dagbag.py:545} INFO - Filling up the DagBag from /home/vscode/.local/lib/python3.11/site-packages/airflow/example_dags/plugins/workday.py
[2026-05-09T11:39:28.647+0000] {processor.py:842} WARNING - No viable dags retrieved from /home/vscode/.local/lib/python3.11/site-packages/airflow/example_dags/plugins/workday.py
[2026-05-09T11:39:28.654+0000] {processor.py:183} INFO - Processing /home/vscode/.local/lib/python3.11/site-packages/airflow/example_dags/plugins/workday.py took 0.306 seconds
[2026-05-09T11:40:10.310+0000] {processor.py:161} INFO - Started process (PID=20540) to work on /home/vscode/.local/lib/python3.11/site-packages/airflow/example_dags/plugins/workday.py
[2026-05-09T11:40:10.310+0000] {processor.py:830} INFO - Processing file /home/vscode/.local/lib/python3.11/site-packages/airflow/example_dags/plugins/workday.py for tasks to queue
[2026-05-09T11:40:10.311+0000] {logging_mixin.py:188} INFO - [2026-05-09T11:40:10.311+0000] {dagbag.py:545} INFO - Filling up the DagBag from /home/vscode/.local/lib/python3.11/site-packages/airflow/example_dags/plugins/workday.py
[2026-05-09T11:40:10.566+0000] {processor.py:842} WARNING - No viable dags retrieved from /home/vscode/.local/lib/python3.11/site-packages/airflow/example_dags/plugins/workday.py
[2026-05-09T11:40:10.573+0000] {processor.py:183} INFO - Processing /home/vscode/.local/lib/python3.11/site-packages/airflow/example_dags/plugins/workday.py took 0.269 seconds
[2026-05-09T11:40:52.735+0000] {processor.py:161} INFO - Started process (PID=20879) to work on /home/vscode/.local/lib/python3.11/site-packages/airflow/example_dags/plugins/workday.py
[2026-05-09T11:40:52.736+0000] {processor.py:830} INFO - Processing file /home/vscode/.local/lib/python3.11/site-packages/airflow/example_dags/plugins/workday.py for tasks to queue
[2026-05-09T11:40:52.736+0000] {logging_mixin.py:188} INFO - [2026-05-09T11:40:52.736+0000] {dagbag.py:545} INFO - Filling up the DagBag from /home/vscode/.local/lib/python3.11/site-packages/airflow/example_dags/plugins/workday.py
[2026-05-09T11:40:52.990+0000] {processor.py:842} WARNING - No viable dags retrieved from /home/vscode/.local/lib/python3.11/site-packages/airflow/example_dags/plugins/workday.py
[2026-05-09T11:40:52.997+0000] {processor.py:183} INFO - Processing /home/vscode/.local/lib/python3.11/site-packages/airflow/example_dags/plugins/workday.py took 0.268 seconds
[2026-05-09T11:41:36.636+0000] {processor.py:161} INFO - Started process (PID=21428) to work on /home/vscode/.local/lib/python3.11/site-packages/airflow/example_dags/plugins/workday.py
[2026-05-09T11:41:36.636+0000] {processor.py:830} INFO - Processing file /home/vscode/.local/lib/python3.11/site-packages/airflow/example_dags/plugins/workday.py for tasks to queue
[2026-05-09T11:41:36.637+0000] {logging_mixin.py:188} INFO - [2026-05-09T11:41:36.637+0000] {dagbag.py:545} INFO - Filling up the DagBag from /home/vscode/.local/lib/python3.11/site-packages/airflow/example_dags/plugins/workday.py
[2026-05-09T11:41:36.907+0000] {processor.py:842} WARNING - No viable dags retrieved from /home/vscode/.local/lib/python3.11/site-packages/airflow/example_dags/plugins/workday.py
[2026-05-09T11:41:36.914+0000] {processor.py:183} INFO - Processing /home/vscode/.local/lib/python3.11/site-packages/airflow/example_dags/plugins/workday.py took 0.284 seconds
[2026-05-09T11:42:21.065+0000] {processor.py:161} INFO - Started process (PID=21755) to work on /home/vscode/.local/lib/python3.11/site-packages/airflow/example_dags/plugins/workday.py
[2026-05-09T11:42:21.066+0000] {processor.py:830} INFO - Processing file /home/vscode/.local/lib/python3.11/site-packages/airflow/example_dags/plugins/workday.py for tasks to queue
[2026-05-09T11:42:21.066+0000] {logging_mixin.py:188} INFO - [2026-05-09T11:42:21.066+0000] {dagbag.py:545} INFO - Filling up the DagBag from /home/vscode/.local/lib/python3.11/site-packages/airflow/example_dags/plugins/workday.py
[2026-05-09T11:42:21.337+0000] {processor.py:842} WARNING - No viable dags retrieved from /home/vscode/.local/lib/python3.11/site-packages/airflow/example_dags/plugins/workday.py
[2026-05-09T11:42:21.344+0000] {processor.py:183} INFO - Processing /home/vscode/.local/lib/python3.11/site-packages/airflow/example_dags/plugins/workday.py took 0.287 seconds
[2026-05-09T11:43:04.245+0000] {processor.py:161} INFO - Started process (PID=22130) to work on /home/vscode/.local/lib/python3.11/site-packages/airflow/example_dags/plugins/workday.py
[2026-05-09T11:43:04.249+0000] {processor.py:830} INFO - Processing file /home/vscode/.local/lib/python3.11/site-packages/airflow/example_dags/plugins/workday.py for tasks to queue
[2026-05-09T11:43:04.252+0000] {logging_mixin.py:188} INFO - [2026-05-09T11:43:04.251+0000] {dagbag.py:545} INFO - Filling up the DagBag from /home/vscode/.local/lib/python3.11/site-packages/airflow/example_dags/plugins/workday.py
[2026-05-09T11:43:05.148+0000] {processor.py:842} WARNING - No viable dags retrieved from /home/vscode/.local/lib/python3.11/site-packages/airflow/example_dags/plugins/workday.py
[2026-05-09T11:43:05.158+0000] {processor.py:183} INFO - Processing /home/vscode/.local/lib/python3.11/site-packages/airflow/example_dags/plugins/workday.py took 0.937 seconds
[2026-05-09T11:43:50.658+0000] {processor.py:161} INFO - Started process (PID=22597) to work on /home/vscode/.local/lib/python3.11/site-packages/airflow/example_dags/plugins/workday.py
[2026-05-09T11:43:50.659+0000] {processor.py:830} INFO - Processing file /home/vscode/.local/lib/python3.11/site-packages/airflow/example_dags/plugins/workday.py for tasks to queue
[2026-05-09T11:43:50.660+0000] {logging_mixin.py:188} INFO - [2026-05-09T11:43:50.659+0000] {dagbag.py:545} INFO - Filling up the DagBag from /home/vscode/.local/lib/python3.11/site-packages/airflow/example_dags/plugins/workday.py
[2026-05-09T11:43:50.947+0000] {processor.py:842} WARNING - No viable dags retrieved from /home/vscode/.local/lib/python3.11/site-packages/airflow/example_dags/plugins/workday.py
[2026-05-09T11:43:50.954+0000] {processor.py:183} INFO - Processing /home/vscode/.local/lib/python3.11/site-packages/airflow/example_dags/plugins/workday.py took 0.302 seconds
[2026-05-09T11:44:29.817+0000] {processor.py:161} INFO - Started process (PID=22883) to work on /home/vscode/.local/lib/python3.11/site-packages/airflow/example_dags/plugins/workday.py
[2026-05-09T11:44:29.817+0000] {processor.py:830} INFO - Processing file /home/vscode/.local/lib/python3.11/site-packages/airflow/example_dags/plugins/workday.py for tasks to queue
[2026-05-09T11:44:29.818+0000] {logging_mixin.py:188} INFO - [2026-05-09T11:44:29.818+0000] {dagbag.py:545} INFO - Filling up the DagBag from /home/vscode/.local/lib/python3.11/site-packages/airflow/example_dags/plugins/workday.py
[2026-05-09T11:44:30.197+0000] {processor.py:842} WARNING - No viable dags retrieved from /home/vscode/.local/lib/python3.11/site-packages/airflow/example_dags/plugins/workday.py
[2026-05-09T11:44:30.202+0000] {processor.py:183} INFO - Processing /home/vscode/.local/lib/python3.11/site-packages/airflow/example_dags/plugins/workday.py took 0.392 seconds
[2026-05-09T11:45:12.722+0000] {processor.py:161} INFO - Started process (PID=23259) to work on /home/vscode/.local/lib/python3.11/site-packages/airflow/example_dags/plugins/workday.py
[2026-05-09T11:45:12.723+0000] {processor.py:830} INFO - Processing file /home/vscode/.local/lib/python3.11/site-packages/airflow/example_dags/plugins/workday.py for tasks to queue
[2026-05-09T11:45:12.723+0000] {logging_mixin.py:188} INFO - [2026-05-09T11:45:12.723+0000] {dagbag.py:545} INFO - Filling up the DagBag from /home/vscode/.local/lib/python3.11/site-packages/airflow/example_dags/plugins/workday.py
[2026-05-09T11:45:13.300+0000] {processor.py:842} WARNING - No viable dags retrieved from /home/vscode/.local/lib/python3.11/site-packages/airflow/example_dags/plugins/workday.py
[2026-05-09T11:45:13.305+0000] {processor.py:183} INFO - Processing /home/vscode/.local/lib/python3.11/site-packages/airflow/example_dags/plugins/workday.py took 0.590 seconds
[2026-05-09T11:45:56.741+0000] {processor.py:161} INFO - Started process (PID=23652) to work on /home/vscode/.local/lib/python3.11/site-packages/airflow/example_dags/plugins/workday.py
[2026-05-09T11:45:56.742+0000] {processor.py:830} INFO - Processing file /home/vscode/.local/lib/python3.11/site-packages/airflow/example_dags/plugins/workday.py for tasks to queue
[2026-05-09T11:45:56.742+0000] {logging_mixin.py:188} INFO - [2026-05-09T11:45:56.742+0000] {dagbag.py:545} INFO - Filling up the DagBag from /home/vscode/.local/lib/python3.11/site-packages/airflow/example_dags/plugins/workday.py
[2026-05-09T11:45:57.205+0000] {processor.py:842} WARNING - No viable dags retrieved from /home/vscode/.local/lib/python3.11/site-packages/airflow/example_dags/plugins/workday.py
[2026-05-09T11:45:57.210+0000] {processor.py:183} INFO - Processing /home/vscode/.local/lib/python3.11/site-packages/airflow/example_dags/plugins/workday.py took 0.476 seconds
[2026-05-09T11:46:40.518+0000] {processor.py:161} INFO - Started process (PID=24038) to work on /home/vscode/.local/lib/python3.11/site-packages/airflow/example_dags/plugins/workday.py
[2026-05-09T11:46:40.519+0000] {processor.py:830} INFO - Processing file /home/vscode/.local/lib/python3.11/site-packages/airflow/example_dags/plugins/workday.py for tasks to queue
[2026-05-09T11:46:40.519+0000] {logging_mixin.py:188} INFO - [2026-05-09T11:46:40.519+0000] {dagbag.py:545} INFO - Filling up the DagBag from /home/vscode/.local/lib/python3.11/site-packages/airflow/example_dags/plugins/workday.py
[2026-05-09T11:46:40.907+0000] {processor.py:842} WARNING - No viable dags retrieved from /home/vscode/.local/lib/python3.11/site-packages/airflow/example_dags/plugins/workday.py
[2026-05-09T11:46:40.913+0000] {processor.py:183} INFO - Processing /home/vscode/.local/lib/python3.11/site-packages/airflow/example_dags/plugins/workday.py took 0.402 seconds
[2026-05-09T11:47:25.556+0000] {processor.py:161} INFO - Started process (PID=24514) to work on /home/vscode/.local/lib/python3.11/site-packages/airflow/example_dags/plugins/workday.py
[2026-05-09T11:47:25.557+0000] {processor.py:830} INFO - Processing file /home/vscode/.local/lib/python3.11/site-packages/airflow/example_dags/plugins/workday.py for tasks to queue
[2026-05-09T11:47:25.557+0000] {logging_mixin.py:188} INFO - [2026-05-09T11:47:25.557+0000] {dagbag.py:545} INFO - Filling up the DagBag from /home/vscode/.local/lib/python3.11/site-packages/airflow/example_dags/plugins/workday.py
[2026-05-09T11:47:25.931+0000] {processor.py:842} WARNING - No viable dags retrieved from /home/vscode/.local/lib/python3.11/site-packages/airflow/example_dags/plugins/workday.py
[2026-05-09T11:47:25.936+0000] {processor.py:183} INFO - Processing /home/vscode/.local/lib/python3.11/site-packages/airflow/example_dags/plugins/workday.py took 0.386 seconds
[2026-05-09T11:48:09.801+0000] {processor.py:161} INFO - Started process (PID=24879) to work on /home/vscode/.local/lib/python3.11/site-packages/airflow/example_dags/plugins/workday.py
[2026-05-09T11:48:09.802+0000] {processor.py:830} INFO - Processing file /home/vscode/.local/lib/python3.11/site-packages/airflow/example_dags/plugins/workday.py for tasks to queue
[2026-05-09T11:48:09.802+0000] {logging_mixin.py:188} INFO - [2026-05-09T11:48:09.802+0000] {dagbag.py:545} INFO - Filling up the DagBag from /home/vscode/.local/lib/python3.11/site-packages/airflow/example_dags/plugins/workday.py
[2026-05-09T11:48:10.182+0000] {processor.py:842} WARNING - No viable dags retrieved from /home/vscode/.local/lib/python3.11/site-packages/airflow/example_dags/plugins/workday.py
[2026-05-09T11:48:10.190+0000] {processor.py:183} INFO - Processing /home/vscode/.local/lib/python3.11/site-packages/airflow/example_dags/plugins/workday.py took 0.395 seconds
[2026-05-09T11:48:51.801+0000] {processor.py:161} INFO - Started process (PID=25307) to work on /home/vscode/.local/lib/python3.11/site-packages/airflow/example_dags/plugins/workday.py
[2026-05-09T11:48:51.802+0000] {processor.py:830} INFO - Processing file /home/vscode/.local/lib/python3.11/site-packages/airflow/example_dags/plugins/workday.py for tasks to queue
[2026-05-09T11:48:51.803+0000] {logging_mixin.py:188} INFO - [2026-05-09T11:48:51.802+0000] {dagbag.py:545} INFO - Filling up the DagBag from /home/vscode/.local/lib/python3.11/site-packages/airflow/example_dags/plugins/workday.py
[2026-05-09T11:48:52.159+0000] {processor.py:842} WARNING - No viable dags retrieved from /home/vscode/.local/lib/python3.11/site-packages/airflow/example_dags/plugins/workday.py
[2026-05-09T11:48:52.164+0000] {processor.py:183} INFO - Processing /home/vscode/.local/lib/python3.11/site-packages/airflow/example_dags/plugins/workday.py took 0.369 seconds
[2026-05-09T11:49:31.487+0000] {processor.py:161} INFO - Started process (PID=25629) to work on /home/vscode/.local/lib/python3.11/site-packages/airflow/example_dags/plugins/workday.py
[2026-05-09T11:49:31.487+0000] {processor.py:830} INFO - Processing file /home/vscode/.local/lib/python3.11/site-packages/airflow/example_dags/plugins/workday.py for tasks to queue
[2026-05-09T11:49:31.488+0000] {logging_mixin.py:188} INFO - [2026-05-09T11:49:31.488+0000] {dagbag.py:545} INFO - Filling up the DagBag from /home/vscode/.local/lib/python3.11/site-packages/airflow/example_dags/plugins/workday.py
[2026-05-09T11:49:31.872+0000] {processor.py:842} WARNING - No viable dags retrieved from /home/vscode/.local/lib/python3.11/site-packages/airflow/example_dags/plugins/workday.py
[2026-05-09T11:49:31.878+0000] {processor.py:183} INFO - Processing /home/vscode/.local/lib/python3.11/site-packages/airflow/example_dags/plugins/workday.py took 0.397 seconds
[2026-05-09T11:50:15.532+0000] {processor.py:161} INFO - Started process (PID=26067) to work on /home/vscode/.local/lib/python3.11/site-packages/airflow/example_dags/plugins/workday.py
[2026-05-09T11:50:15.533+0000] {processor.py:830} INFO - Processing file /home/vscode/.local/lib/python3.11/site-packages/airflow/example_dags/plugins/workday.py for tasks to queue
[2026-05-09T11:50:15.534+0000] {logging_mixin.py:188} INFO - [2026-05-09T11:50:15.534+0000] {dagbag.py:545} INFO - Filling up the DagBag from /home/vscode/.local/lib/python3.11/site-packages/airflow/example_dags/plugins/workday.py
[2026-05-09T11:50:15.986+0000] {processor.py:842} WARNING - No viable dags retrieved from /home/vscode/.local/lib/python3.11/site-packages/airflow/example_dags/plugins/workday.py
[2026-05-09T11:50:15.995+0000] {processor.py:183} INFO - Processing /home/vscode/.local/lib/python3.11/site-packages/airflow/example_dags/plugins/workday.py took 0.474 seconds
[2026-05-09T11:50:57.775+0000] {processor.py:161} INFO - Started process (PID=26602) to work on /home/vscode/.local/lib/python3.11/site-packages/airflow/example_dags/plugins/workday.py
[2026-05-09T11:50:57.775+0000] {processor.py:830} INFO - Processing file /home/vscode/.local/lib/python3.11/site-packages/airflow/example_dags/plugins/workday.py for tasks to queue
[2026-05-09T11:50:57.776+0000] {logging_mixin.py:188} INFO - [2026-05-09T11:50:57.776+0000] {dagbag.py:545} INFO - Filling up the DagBag from /home/vscode/.local/lib/python3.11/site-packages/airflow/example_dags/plugins/workday.py
[2026-05-09T11:50:58.145+0000] {processor.py:842} WARNING - No viable dags retrieved from /home/vscode/.local/lib/python3.11/site-packages/airflow/example_dags/plugins/workday.py
[2026-05-09T11:50:58.150+0000] {processor.py:183} INFO - Processing /home/vscode/.local/lib/python3.11/site-packages/airflow/example_dags/plugins/workday.py took 0.381 seconds
[2026-05-09T11:51:40.235+0000] {processor.py:161} INFO - Started process (PID=27064) to work on /home/vscode/.local/lib/python3.11/site-packages/airflow/example_dags/plugins/workday.py
[2026-05-09T11:51:40.236+0000] {processor.py:830} INFO - Processing file /home/vscode/.local/lib/python3.11/site-packages/airflow/example_dags/plugins/workday.py for tasks to queue
[2026-05-09T11:51:40.236+0000] {logging_mixin.py:188} INFO - [2026-05-09T11:51:40.236+0000] {dagbag.py:545} INFO - Filling up the DagBag from /home/vscode/.local/lib/python3.11/site-packages/airflow/example_dags/plugins/workday.py
[2026-05-09T11:51:40.650+0000] {processor.py:842} WARNING - No viable dags retrieved from /home/vscode/.local/lib/python3.11/site-packages/airflow/example_dags/plugins/workday.py
[2026-05-09T11:51:40.655+0000] {processor.py:183} INFO - Processing /home/vscode/.local/lib/python3.11/site-packages/airflow/example_dags/plugins/workday.py took 0.437 seconds
[2026-05-09T11:52:21.837+0000] {processor.py:161} INFO - Started process (PID=27404) to work on /home/vscode/.local/lib/python3.11/site-packages/airflow/example_dags/plugins/workday.py
[2026-05-09T11:52:21.837+0000] {processor.py:830} INFO - Processing file /home/vscode/.local/lib/python3.11/site-packages/airflow/example_dags/plugins/workday.py for tasks to queue
[2026-05-09T11:52:21.838+0000] {logging_mixin.py:188} INFO - [2026-05-09T11:52:21.838+0000] {dagbag.py:545} INFO - Filling up the DagBag from /home/vscode/.local/lib/python3.11/site-packages/airflow/example_dags/plugins/workday.py
[2026-05-09T11:52:22.228+0000] {processor.py:842} WARNING - No viable dags retrieved from /home/vscode/.local/lib/python3.11/site-packages/airflow/example_dags/plugins/workday.py
[2026-05-09T11:52:22.233+0000] {processor.py:183} INFO - Processing /home/vscode/.local/lib/python3.11/site-packages/airflow/example_dags/plugins/workday.py took 0.404 seconds
[2026-05-09T11:53:01.111+0000] {processor.py:161} INFO - Started process (PID=27754) to work on /home/vscode/.local/lib/python3.11/site-packages/airflow/example_dags/plugins/workday.py
[2026-05-09T11:53:01.112+0000] {processor.py:830} INFO - Processing file /home/vscode/.local/lib/python3.11/site-packages/airflow/example_dags/plugins/workday.py for tasks to queue
[2026-05-09T11:53:01.113+0000] {logging_mixin.py:188} INFO - [2026-05-09T11:53:01.112+0000] {dagbag.py:545} INFO - Filling up the DagBag from /home/vscode/.local/lib/python3.11/site-packages/airflow/example_dags/plugins/workday.py
[2026-05-09T11:53:01.463+0000] {processor.py:842} WARNING - No viable dags retrieved from /home/vscode/.local/lib/python3.11/site-packages/airflow/example_dags/plugins/workday.py
[2026-05-09T11:53:01.468+0000] {processor.py:183} INFO - Processing /home/vscode/.local/lib/python3.11/site-packages/airflow/example_dags/plugins/workday.py took 0.363 seconds
[2026-05-09T11:53:41.646+0000] {processor.py:161} INFO - Started process (PID=28145) to work on /home/vscode/.local/lib/python3.11/site-packages/airflow/example_dags/plugins/workday.py
[2026-05-09T11:53:41.646+0000] {processor.py:830} INFO - Processing file /home/vscode/.local/lib/python3.11/site-packages/airflow/example_dags/plugins/workday.py for tasks to queue
[2026-05-09T11:53:41.647+0000] {logging_mixin.py:188} INFO - [2026-05-09T11:53:41.647+0000] {dagbag.py:545} INFO - Filling up the DagBag from /home/vscode/.local/lib/python3.11/site-packages/airflow/example_dags/plugins/workday.py
[2026-05-09T11:53:42.000+0000] {processor.py:842} WARNING - No viable dags retrieved from /home/vscode/.local/lib/python3.11/site-packages/airflow/example_dags/plugins/workday.py
[2026-05-09T11:53:42.005+0000] {processor.py:183} INFO - Processing /home/vscode/.local/lib/python3.11/site-packages/airflow/example_dags/plugins/workday.py took 0.365 seconds
[2026-05-09T11:54:21.145+0000] {processor.py:161} INFO - Started process (PID=28431) to work on /home/vscode/.local/lib/python3.11/site-packages/airflow/example_dags/plugins/workday.py
[2026-05-09T11:54:21.146+0000] {processor.py:830} INFO - Processing file /home/vscode/.local/lib/python3.11/site-packages/airflow/example_dags/plugins/workday.py for tasks to queue
[2026-05-09T11:54:21.147+0000] {logging_mixin.py:188} INFO - [2026-05-09T11:54:21.146+0000] {dagbag.py:545} INFO - Filling up the DagBag from /home/vscode/.local/lib/python3.11/site-packages/airflow/example_dags/plugins/workday.py
[2026-05-09T11:54:21.497+0000] {processor.py:842} WARNING - No viable dags retrieved from /home/vscode/.local/lib/python3.11/site-packages/airflow/example_dags/plugins/workday.py
[2026-05-09T11:54:21.502+0000] {processor.py:183} INFO - Processing /home/vscode/.local/lib/python3.11/site-packages/airflow/example_dags/plugins/workday.py took 0.363 seconds
[2026-05-09T11:55:03.727+0000] {processor.py:161} INFO - Started process (PID=28803) to work on /home/vscode/.local/lib/python3.11/site-packages/airflow/example_dags/plugins/workday.py
[2026-05-09T11:55:03.727+0000] {processor.py:830} INFO - Processing file /home/vscode/.local/lib/python3.11/site-packages/airflow/example_dags/plugins/workday.py for tasks to queue
[2026-05-09T11:55:03.728+0000] {logging_mixin.py:188} INFO - [2026-05-09T11:55:03.728+0000] {dagbag.py:545} INFO - Filling up the DagBag from /home/vscode/.local/lib/python3.11/site-packages/airflow/example_dags/plugins/workday.py
[2026-05-09T11:55:04.095+0000] {processor.py:842} WARNING - No viable dags retrieved from /home/vscode/.local/lib/python3.11/site-packages/airflow/example_dags/plugins/workday.py
[2026-05-09T11:55:04.100+0000] {processor.py:183} INFO - Processing /home/vscode/.local/lib/python3.11/site-packages/airflow/example_dags/plugins/workday.py took 0.385 seconds
[2026-05-09T11:55:44.880+0000] {processor.py:161} INFO - Started process (PID=29164) to work on /home/vscode/.local/lib/python3.11/site-packages/airflow/example_dags/plugins/workday.py
[2026-05-09T11:55:44.881+0000] {processor.py:830} INFO - Processing file /home/vscode/.local/lib/python3.11/site-packages/airflow/example_dags/plugins/workday.py for tasks to queue
[2026-05-09T11:55:44.882+0000] {logging_mixin.py:188} INFO - [2026-05-09T11:55:44.881+0000] {dagbag.py:545} INFO - Filling up the DagBag from /home/vscode/.local/lib/python3.11/site-packages/airflow/example_dags/plugins/workday.py
[2026-05-09T11:55:45.229+0000] {processor.py:842} WARNING - No viable dags retrieved from /home/vscode/.local/lib/python3.11/site-packages/airflow/example_dags/plugins/workday.py
[2026-05-09T11:55:45.234+0000] {processor.py:183} INFO - Processing /home/vscode/.local/lib/python3.11/site-packages/airflow/example_dags/plugins/workday.py took 0.365 seconds
[2026-05-09T11:56:27.176+0000] {processor.py:161} INFO - Started process (PID=29460) to work on /home/vscode/.local/lib/python3.11/site-packages/airflow/example_dags/plugins/workday.py
[2026-05-09T11:56:27.177+0000] {processor.py:830} INFO - Processing file /home/vscode/.local/lib/python3.11/site-packages/airflow/example_dags/plugins/workday.py for tasks to queue
[2026-05-09T11:56:27.177+0000] {logging_mixin.py:188} INFO - [2026-05-09T11:56:27.177+0000] {dagbag.py:545} INFO - Filling up the DagBag from /home/vscode/.local/lib/python3.11/site-packages/airflow/example_dags/plugins/workday.py
[2026-05-09T11:56:27.536+0000] {processor.py:842} WARNING - No viable dags retrieved from /home/vscode/.local/lib/python3.11/site-packages/airflow/example_dags/plugins/workday.py
[2026-05-09T11:56:27.541+0000] {processor.py:183} INFO - Processing /home/vscode/.local/lib/python3.11/site-packages/airflow/example_dags/plugins/workday.py took 0.372 seconds
[2026-05-09T11:57:05.954+0000] {processor.py:161} INFO - Started process (PID=29775) to work on /home/vscode/.local/lib/python3.11/site-packages/airflow/example_dags/plugins/workday.py
[2026-05-09T11:57:05.955+0000] {processor.py:830} INFO - Processing file /home/vscode/.local/lib/python3.11/site-packages/airflow/example_dags/plugins/workday.py for tasks to queue
[2026-05-09T11:57:05.955+0000] {logging_mixin.py:188} INFO - [2026-05-09T11:57:05.955+0000] {dagbag.py:545} INFO - Filling up the DagBag from /home/vscode/.local/lib/python3.11/site-packages/airflow/example_dags/plugins/workday.py
[2026-05-09T11:57:06.378+0000] {processor.py:842} WARNING - No viable dags retrieved from /home/vscode/.local/lib/python3.11/site-packages/airflow/example_dags/plugins/workday.py
[2026-05-09T11:57:06.384+0000] {processor.py:183} INFO - Processing /home/vscode/.local/lib/python3.11/site-packages/airflow/example_dags/plugins/workday.py took 0.436 seconds
[2026-05-09T11:57:49.653+0000] {processor.py:161} INFO - Started process (PID=30166) to work on /home/vscode/.local/lib/python3.11/site-packages/airflow/example_dags/plugins/workday.py
[2026-05-09T11:57:49.654+0000] {processor.py:830} INFO - Processing file /home/vscode/.local/lib/python3.11/site-packages/airflow/example_dags/plugins/workday.py for tasks to queue
[2026-05-09T11:57:49.654+0000] {logging_mixin.py:188} INFO - [2026-05-09T11:57:49.654+0000] {dagbag.py:545} INFO - Filling up the DagBag from /home/vscode/.local/lib/python3.11/site-packages/airflow/example_dags/plugins/workday.py
[2026-05-09T11:57:50.095+0000] {processor.py:842} WARNING - No viable dags retrieved from /home/vscode/.local/lib/python3.11/site-packages/airflow/example_dags/plugins/workday.py
[2026-05-09T11:57:50.101+0000] {processor.py:183} INFO - Processing /home/vscode/.local/lib/python3.11/site-packages/airflow/example_dags/plugins/workday.py took 0.460 seconds
[2026-05-09T11:58:32.826+0000] {processor.py:161} INFO - Started process (PID=30470) to work on /home/vscode/.local/lib/python3.11/site-packages/airflow/example_dags/plugins/workday.py
[2026-05-09T11:58:32.827+0000] {processor.py:830} INFO - Processing file /home/vscode/.local/lib/python3.11/site-packages/airflow/example_dags/plugins/workday.py for tasks to queue
[2026-05-09T11:58:32.828+0000] {logging_mixin.py:188} INFO - [2026-05-09T11:58:32.827+0000] {dagbag.py:545} INFO - Filling up the DagBag from /home/vscode/.local/lib/python3.11/site-packages/airflow/example_dags/plugins/workday.py
[2026-05-09T11:58:33.193+0000] {processor.py:842} WARNING - No viable dags retrieved from /home/vscode/.local/lib/python3.11/site-packages/airflow/example_dags/plugins/workday.py
[2026-05-09T11:58:33.198+0000] {processor.py:183} INFO - Processing /home/vscode/.local/lib/python3.11/site-packages/airflow/example_dags/plugins/workday.py took 0.378 seconds
[2026-05-09T11:59:14.443+0000] {processor.py:161} INFO - Started process (PID=30797) to work on /home/vscode/.local/lib/python3.11/site-packages/airflow/example_dags/plugins/workday.py
[2026-05-09T11:59:14.444+0000] {processor.py:830} INFO - Processing file /home/vscode/.local/lib/python3.11/site-packages/airflow/example_dags/plugins/workday.py for tasks to queue
[2026-05-09T11:59:14.444+0000] {logging_mixin.py:188} INFO - [2026-05-09T11:59:14.444+0000] {dagbag.py:545} INFO - Filling up the DagBag from /home/vscode/.local/lib/python3.11/site-packages/airflow/example_dags/plugins/workday.py
[2026-05-09T11:59:14.806+0000] {processor.py:842} WARNING - No viable dags retrieved from /home/vscode/.local/lib/python3.11/site-packages/airflow/example_dags/plugins/workday.py
[2026-05-09T11:59:14.810+0000] {processor.py:183} INFO - Processing /home/vscode/.local/lib/python3.11/site-packages/airflow/example_dags/plugins/workday.py took 0.373 seconds
[2026-05-09T11:59:55.920+0000] {processor.py:161} INFO - Started process (PID=31155) to work on /home/vscode/.local/lib/python3.11/site-packages/airflow/example_dags/plugins/workday.py
[2026-05-09T11:59:55.920+0000] {processor.py:830} INFO - Processing file /home/vscode/.local/lib/python3.11/site-packages/airflow/example_dags/plugins/workday.py for tasks to queue
[2026-05-09T11:59:55.921+0000] {logging_mixin.py:188} INFO - [2026-05-09T11:59:55.920+0000] {dagbag.py:545} INFO - Filling up the DagBag from /home/vscode/.local/lib/python3.11/site-packages/airflow/example_dags/plugins/workday.py
[2026-05-09T11:59:56.368+0000] {processor.py:842} WARNING - No viable dags retrieved from /home/vscode/.local/lib/python3.11/site-packages/airflow/example_dags/plugins/workday.py
[2026-05-09T11:59:56.374+0000] {processor.py:183} INFO - Processing /home/vscode/.local/lib/python3.11/site-packages/airflow/example_dags/plugins/workday.py took 0.461 seconds
[2026-05-09T12:00:35.658+0000] {processor.py:161} INFO - Started process (PID=31502) to work on /home/vscode/.local/lib/python3.11/site-packages/airflow/example_dags/plugins/workday.py
[2026-05-09T12:00:35.659+0000] {processor.py:830} INFO - Processing file /home/vscode/.local/lib/python3.11/site-packages/airflow/example_dags/plugins/workday.py for tasks to queue
[2026-05-09T12:00:35.659+0000] {logging_mixin.py:188} INFO - [2026-05-09T12:00:35.659+0000] {dagbag.py:545} INFO - Filling up the DagBag from /home/vscode/.local/lib/python3.11/site-packages/airflow/example_dags/plugins/workday.py
[2026-05-09T12:00:36.011+0000] {processor.py:842} WARNING - No viable dags retrieved from /home/vscode/.local/lib/python3.11/site-packages/airflow/example_dags/plugins/workday.py
[2026-05-09T12:00:36.016+0000] {processor.py:183} INFO - Processing /home/vscode/.local/lib/python3.11/site-packages/airflow/example_dags/plugins/workday.py took 0.365 seconds
[2026-05-09T12:01:19.761+0000] {processor.py:161} INFO - Started process (PID=31827) to work on /home/vscode/.local/lib/python3.11/site-packages/airflow/example_dags/plugins/workday.py
[2026-05-09T12:01:19.762+0000] {processor.py:830} INFO - Processing file /home/vscode/.local/lib/python3.11/site-packages/airflow/example_dags/plugins/workday.py for tasks to queue
[2026-05-09T12:01:19.763+0000] {logging_mixin.py:188} INFO - [2026-05-09T12:01:19.762+0000] {dagbag.py:545} INFO - Filling up the DagBag from /home/vscode/.local/lib/python3.11/site-packages/airflow/example_dags/plugins/workday.py
[2026-05-09T12:01:20.142+0000] {processor.py:842} WARNING - No viable dags retrieved from /home/vscode/.local/lib/python3.11/site-packages/airflow/example_dags/plugins/workday.py
[2026-05-09T12:01:20.147+0000] {processor.py:183} INFO - Processing /home/vscode/.local/lib/python3.11/site-packages/airflow/example_dags/plugins/workday.py took 0.398 seconds
[2026-05-09T12:02:03.136+0000] {processor.py:161} INFO - Started process (PID=32197) to work on /home/vscode/.local/lib/python3.11/site-packages/airflow/example_dags/plugins/workday.py
[2026-05-09T12:02:03.137+0000] {processor.py:830} INFO - Processing file /home/vscode/.local/lib/python3.11/site-packages/airflow/example_dags/plugins/workday.py for tasks to queue
[2026-05-09T12:02:03.138+0000] {logging_mixin.py:188} INFO - [2026-05-09T12:02:03.137+0000] {dagbag.py:545} INFO - Filling up the DagBag from /home/vscode/.local/lib/python3.11/site-packages/airflow/example_dags/plugins/workday.py
[2026-05-09T12:02:03.507+0000] {processor.py:842} WARNING - No viable dags retrieved from /home/vscode/.local/lib/python3.11/site-packages/airflow/example_dags/plugins/workday.py
[2026-05-09T12:02:03.512+0000] {processor.py:183} INFO - Processing /home/vscode/.local/lib/python3.11/site-packages/airflow/example_dags/plugins/workday.py took 0.382 seconds
[2026-05-09T12:02:45.286+0000] {processor.py:161} INFO - Started process (PID=32555) to work on /home/vscode/.local/lib/python3.11/site-packages/airflow/example_dags/plugins/workday.py
[2026-05-09T12:02:45.286+0000] {processor.py:830} INFO - Processing file /home/vscode/.local/lib/python3.11/site-packages/airflow/example_dags/plugins/workday.py for tasks to queue
[2026-05-09T12:02:45.287+0000] {logging_mixin.py:188} INFO - [2026-05-09T12:02:45.286+0000] {dagbag.py:545} INFO - Filling up the DagBag from /home/vscode/.local/lib/python3.11/site-packages/airflow/example_dags/plugins/workday.py
[2026-05-09T12:02:45.665+0000] {processor.py:842} WARNING - No viable dags retrieved from /home/vscode/.local/lib/python3.11/site-packages/airflow/example_dags/plugins/workday.py
[2026-05-09T12:02:45.670+0000] {processor.py:183} INFO - Processing /home/vscode/.local/lib/python3.11/site-packages/airflow/example_dags/plugins/workday.py took 0.391 seconds
[2026-05-09T12:03:26.160+0000] {processor.py:161} INFO - Started process (PID=32851) to work on /home/vscode/.local/lib/python3.11/site-packages/airflow/example_dags/plugins/workday.py
[2026-05-09T12:03:26.160+0000] {processor.py:830} INFO - Processing file /home/vscode/.local/lib/python3.11/site-packages/airflow/example_dags/plugins/workday.py for tasks to queue
[2026-05-09T12:03:26.161+0000] {logging_mixin.py:188} INFO - [2026-05-09T12:03:26.160+0000] {dagbag.py:545} INFO - Filling up the DagBag from /home/vscode/.local/lib/python3.11/site-packages/airflow/example_dags/plugins/workday.py
[2026-05-09T12:03:26.518+0000] {processor.py:842} WARNING - No viable dags retrieved from /home/vscode/.local/lib/python3.11/site-packages/airflow/example_dags/plugins/workday.py
[2026-05-09T12:03:26.523+0000] {processor.py:183} INFO - Processing /home/vscode/.local/lib/python3.11/site-packages/airflow/example_dags/plugins/workday.py took 0.370 seconds
[2026-05-09T12:04:08.060+0000] {processor.py:161} INFO - Started process (PID=33238) to work on /home/vscode/.local/lib/python3.11/site-packages/airflow/example_dags/plugins/workday.py
[2026-05-09T12:04:08.061+0000] {processor.py:830} INFO - Processing file /home/vscode/.local/lib/python3.11/site-packages/airflow/example_dags/plugins/workday.py for tasks to queue
[2026-05-09T12:04:08.062+0000] {logging_mixin.py:188} INFO - [2026-05-09T12:04:08.061+0000] {dagbag.py:545} INFO - Filling up the DagBag from /home/vscode/.local/lib/python3.11/site-packages/airflow/example_dags/plugins/workday.py
[2026-05-09T12:04:08.417+0000] {processor.py:842} WARNING - No viable dags retrieved from /home/vscode/.local/lib/python3.11/site-packages/airflow/example_dags/plugins/workday.py
[2026-05-09T12:04:08.422+0000] {processor.py:183} INFO - Processing /home/vscode/.local/lib/python3.11/site-packages/airflow/example_dags/plugins/workday.py took 0.368 seconds
[2026-05-09T12:04:49.603+0000] {processor.py:161} INFO - Started process (PID=33594) to work on /home/vscode/.local/lib/python3.11/site-packages/airflow/example_dags/plugins/workday.py
[2026-05-09T12:04:49.604+0000] {processor.py:830} INFO - Processing file /home/vscode/.local/lib/python3.11/site-packages/airflow/example_dags/plugins/workday.py for tasks to queue
[2026-05-09T12:04:49.604+0000] {logging_mixin.py:188} INFO - [2026-05-09T12:04:49.604+0000] {dagbag.py:545} INFO - Filling up the DagBag from /home/vscode/.local/lib/python3.11/site-packages/airflow/example_dags/plugins/workday.py
[2026-05-09T12:04:50.001+0000] {processor.py:842} WARNING - No viable dags retrieved from /home/vscode/.local/lib/python3.11/site-packages/airflow/example_dags/plugins/workday.py
[2026-05-09T12:04:50.007+0000] {processor.py:183} INFO - Processing /home/vscode/.local/lib/python3.11/site-packages/airflow/example_dags/plugins/workday.py took 0.417 seconds
[2026-05-09T12:05:30.930+0000] {processor.py:161} INFO - Started process (PID=33886) to work on /home/vscode/.local/lib/python3.11/site-packages/airflow/example_dags/plugins/workday.py
[2026-05-09T12:05:30.930+0000] {processor.py:830} INFO - Processing file /home/vscode/.local/lib/python3.11/site-packages/airflow/example_dags/plugins/workday.py for tasks to queue
[2026-05-09T12:05:30.931+0000] {logging_mixin.py:188} INFO - [2026-05-09T12:05:30.931+0000] {dagbag.py:545} INFO - Filling up the DagBag from /home/vscode/.local/lib/python3.11/site-packages/airflow/example_dags/plugins/workday.py
[2026-05-09T12:05:31.327+0000] {processor.py:842} WARNING - No viable dags retrieved from /home/vscode/.local/lib/python3.11/site-packages/airflow/example_dags/plugins/workday.py
[2026-05-09T12:05:31.334+0000] {processor.py:183} INFO - Processing /home/vscode/.local/lib/python3.11/site-packages/airflow/example_dags/plugins/workday.py took 0.413 seconds
[2026-05-09T12:06:12.470+0000] {processor.py:161} INFO - Started process (PID=34243) to work on /home/vscode/.local/lib/python3.11/site-packages/airflow/example_dags/plugins/workday.py
[2026-05-09T12:06:12.471+0000] {processor.py:830} INFO - Processing file /home/vscode/.local/lib/python3.11/site-packages/airflow/example_dags/plugins/workday.py for tasks to queue
[2026-05-09T12:06:12.472+0000] {logging_mixin.py:188} INFO - [2026-05-09T12:06:12.471+0000] {dagbag.py:545} INFO - Filling up the DagBag from /home/vscode/.local/lib/python3.11/site-packages/airflow/example_dags/plugins/workday.py
[2026-05-09T12:06:13.109+0000] {processor.py:842} WARNING - No viable dags retrieved from /home/vscode/.local/lib/python3.11/site-packages/airflow/example_dags/plugins/workday.py
[2026-05-09T12:06:13.116+0000] {processor.py:183} INFO - Processing /home/vscode/.local/lib/python3.11/site-packages/airflow/example_dags/plugins/workday.py took 0.654 seconds
[2026-05-09T12:06:58.190+0000] {processor.py:161} INFO - Started process (PID=34645) to work on /home/vscode/.local/lib/python3.11/site-packages/airflow/example_dags/plugins/workday.py
[2026-05-09T12:06:58.190+0000] {processor.py:830} INFO - Processing file /home/vscode/.local/lib/python3.11/site-packages/airflow/example_dags/plugins/workday.py for tasks to queue
[2026-05-09T12:06:58.191+0000] {logging_mixin.py:188} INFO - [2026-05-09T12:06:58.190+0000] {dagbag.py:545} INFO - Filling up the DagBag from /home/vscode/.local/lib/python3.11/site-packages/airflow/example_dags/plugins/workday.py
[2026-05-09T12:06:58.556+0000] {processor.py:842} WARNING - No viable dags retrieved from /home/vscode/.local/lib/python3.11/site-packages/airflow/example_dags/plugins/workday.py
[2026-05-09T12:06:58.561+0000] {processor.py:183} INFO - Processing /home/vscode/.local/lib/python3.11/site-packages/airflow/example_dags/plugins/workday.py took 0.381 seconds
[2026-05-09T12:07:41.358+0000] {processor.py:161} INFO - Started process (PID=35006) to work on /home/vscode/.local/lib/python3.11/site-packages/airflow/example_dags/plugins/workday.py
[2026-05-09T12:07:41.358+0000] {processor.py:830} INFO - Processing file /home/vscode/.local/lib/python3.11/site-packages/airflow/example_dags/plugins/workday.py for tasks to queue
[2026-05-09T12:07:41.359+0000] {logging_mixin.py:188} INFO - [2026-05-09T12:07:41.359+0000] {dagbag.py:545} INFO - Filling up the DagBag from /home/vscode/.local/lib/python3.11/site-packages/airflow/example_dags/plugins/workday.py
[2026-05-09T12:07:41.806+0000] {processor.py:842} WARNING - No viable dags retrieved from /home/vscode/.local/lib/python3.11/site-packages/airflow/example_dags/plugins/workday.py
[2026-05-09T12:07:41.818+0000] {processor.py:183} INFO - Processing /home/vscode/.local/lib/python3.11/site-packages/airflow/example_dags/plugins/workday.py took 0.467 seconds
[2026-05-09T12:08:21.424+0000] {processor.py:161} INFO - Started process (PID=35263) to work on /home/vscode/.local/lib/python3.11/site-packages/airflow/example_dags/plugins/workday.py
[2026-05-09T12:08:21.426+0000] {processor.py:830} INFO - Processing file /home/vscode/.local/lib/python3.11/site-packages/airflow/example_dags/plugins/workday.py for tasks to queue
[2026-05-09T12:08:21.427+0000] {logging_mixin.py:188} INFO - [2026-05-09T12:08:21.426+0000] {dagbag.py:545} INFO - Filling up the DagBag from /home/vscode/.local/lib/python3.11/site-packages/airflow/example_dags/plugins/workday.py
[2026-05-09T12:08:21.847+0000] {processor.py:842} WARNING - No viable dags retrieved from /home/vscode/.local/lib/python3.11/site-packages/airflow/example_dags/plugins/workday.py
[2026-05-09T12:08:21.865+0000] {processor.py:183} INFO - Processing /home/vscode/.local/lib/python3.11/site-packages/airflow/example_dags/plugins/workday.py took 0.453 seconds
[2026-05-09T12:09:02.669+0000] {processor.py:161} INFO - Started process (PID=35711) to work on /home/vscode/.local/lib/python3.11/site-packages/airflow/example_dags/plugins/workday.py
[2026-05-09T12:09:02.670+0000] {processor.py:830} INFO - Processing file /home/vscode/.local/lib/python3.11/site-packages/airflow/example_dags/plugins/workday.py for tasks to queue
[2026-05-09T12:09:02.671+0000] {logging_mixin.py:188} INFO - [2026-05-09T12:09:02.670+0000] {dagbag.py:545} INFO - Filling up the DagBag from /home/vscode/.local/lib/python3.11/site-packages/airflow/example_dags/plugins/workday.py
[2026-05-09T12:09:03.045+0000] {processor.py:842} WARNING - No viable dags retrieved from /home/vscode/.local/lib/python3.11/site-packages/airflow/example_dags/plugins/workday.py
[2026-05-09T12:09:03.051+0000] {processor.py:183} INFO - Processing /home/vscode/.local/lib/python3.11/site-packages/airflow/example_dags/plugins/workday.py took 0.391 seconds
[2026-05-09T12:09:41.221+0000] {processor.py:161} INFO - Started process (PID=36052) to work on /home/vscode/.local/lib/python3.11/site-packages/airflow/example_dags/plugins/workday.py
[2026-05-09T12:09:41.222+0000] {processor.py:830} INFO - Processing file /home/vscode/.local/lib/python3.11/site-packages/airflow/example_dags/plugins/workday.py for tasks to queue
[2026-05-09T12:09:41.223+0000] {logging_mixin.py:188} INFO - [2026-05-09T12:09:41.222+0000] {dagbag.py:545} INFO - Filling up the DagBag from /home/vscode/.local/lib/python3.11/site-packages/airflow/example_dags/plugins/workday.py
[2026-05-09T12:09:41.601+0000] {processor.py:842} WARNING - No viable dags retrieved from /home/vscode/.local/lib/python3.11/site-packages/airflow/example_dags/plugins/workday.py
[2026-05-09T12:09:41.606+0000] {processor.py:183} INFO - Processing /home/vscode/.local/lib/python3.11/site-packages/airflow/example_dags/plugins/workday.py took 0.391 seconds
[2026-05-09T12:10:22.384+0000] {processor.py:161} INFO - Started process (PID=36334) to work on /home/vscode/.local/lib/python3.11/site-packages/airflow/example_dags/plugins/workday.py
[2026-05-09T12:10:22.384+0000] {processor.py:830} INFO - Processing file /home/vscode/.local/lib/python3.11/site-packages/airflow/example_dags/plugins/workday.py for tasks to queue
[2026-05-09T12:10:22.385+0000] {logging_mixin.py:188} INFO - [2026-05-09T12:10:22.385+0000] {dagbag.py:545} INFO - Filling up the DagBag from /home/vscode/.local/lib/python3.11/site-packages/airflow/example_dags/plugins/workday.py
[2026-05-09T12:10:22.886+0000] {processor.py:842} WARNING - No viable dags retrieved from /home/vscode/.local/lib/python3.11/site-packages/airflow/example_dags/plugins/workday.py
[2026-05-09T12:10:22.891+0000] {processor.py:183} INFO - Processing /home/vscode/.local/lib/python3.11/site-packages/airflow/example_dags/plugins/workday.py took 0.514 seconds
[2026-05-09T12:11:03.539+0000] {processor.py:161} INFO - Started process (PID=36695) to work on /home/vscode/.local/lib/python3.11/site-packages/airflow/example_dags/plugins/workday.py
[2026-05-09T12:11:03.540+0000] {processor.py:830} INFO - Processing file /home/vscode/.local/lib/python3.11/site-packages/airflow/example_dags/plugins/workday.py for tasks to queue
[2026-05-09T12:11:03.541+0000] {logging_mixin.py:188} INFO - [2026-05-09T12:11:03.540+0000] {dagbag.py:545} INFO - Filling up the DagBag from /home/vscode/.local/lib/python3.11/site-packages/airflow/example_dags/plugins/workday.py
[2026-05-09T12:11:03.917+0000] {processor.py:842} WARNING - No viable dags retrieved from /home/vscode/.local/lib/python3.11/site-packages/airflow/example_dags/plugins/workday.py
[2026-05-09T12:11:03.923+0000] {processor.py:183} INFO - Processing /home/vscode/.local/lib/python3.11/site-packages/airflow/example_dags/plugins/workday.py took 0.393 seconds
[2026-05-09T12:11:43.509+0000] {processor.py:161} INFO - Started process (PID=37044) to work on /home/vscode/.local/lib/python3.11/site-packages/airflow/example_dags/plugins/workday.py
[2026-05-09T12:11:43.509+0000] {processor.py:830} INFO - Processing file /home/vscode/.local/lib/python3.11/site-packages/airflow/example_dags/plugins/workday.py for tasks to queue
[2026-05-09T12:11:43.510+0000] {logging_mixin.py:188} INFO - [2026-05-09T12:11:43.510+0000] {dagbag.py:545} INFO - Filling up the DagBag from /home/vscode/.local/lib/python3.11/site-packages/airflow/example_dags/plugins/workday.py
[2026-05-09T12:11:43.875+0000] {processor.py:842} WARNING - No viable dags retrieved from /home/vscode/.local/lib/python3.11/site-packages/airflow/example_dags/plugins/workday.py
[2026-05-09T12:11:43.881+0000] {processor.py:183} INFO - Processing /home/vscode/.local/lib/python3.11/site-packages/airflow/example_dags/plugins/workday.py took 0.379 seconds
[2026-05-09T12:12:24.680+0000] {processor.py:161} INFO - Started process (PID=37333) to work on /home/vscode/.local/lib/python3.11/site-packages/airflow/example_dags/plugins/workday.py
[2026-05-09T12:12:24.680+0000] {processor.py:830} INFO - Processing file /home/vscode/.local/lib/python3.11/site-packages/airflow/example_dags/plugins/workday.py for tasks to queue
[2026-05-09T12:12:24.681+0000] {logging_mixin.py:188} INFO - [2026-05-09T12:12:24.680+0000] {dagbag.py:545} INFO - Filling up the DagBag from /home/vscode/.local/lib/python3.11/site-packages/airflow/example_dags/plugins/workday.py
[2026-05-09T12:12:25.040+0000] {processor.py:842} WARNING - No viable dags retrieved from /home/vscode/.local/lib/python3.11/site-packages/airflow/example_dags/plugins/workday.py
[2026-05-09T12:12:25.046+0000] {processor.py:183} INFO - Processing /home/vscode/.local/lib/python3.11/site-packages/airflow/example_dags/plugins/workday.py took 0.373 seconds
[2026-05-09T12:13:04.771+0000] {processor.py:161} INFO - Started process (PID=37656) to work on /home/vscode/.local/lib/python3.11/site-packages/airflow/example_dags/plugins/workday.py
[2026-05-09T12:13:04.772+0000] {processor.py:830} INFO - Processing file /home/vscode/.local/lib/python3.11/site-packages/airflow/example_dags/plugins/workday.py for tasks to queue
[2026-05-09T12:13:04.772+0000] {logging_mixin.py:188} INFO - [2026-05-09T12:13:04.772+0000] {dagbag.py:545} INFO - Filling up the DagBag from /home/vscode/.local/lib/python3.11/site-packages/airflow/example_dags/plugins/workday.py
[2026-05-09T12:13:05.152+0000] {processor.py:842} WARNING - No viable dags retrieved from /home/vscode/.local/lib/python3.11/site-packages/airflow/example_dags/plugins/workday.py
[2026-05-09T12:13:05.157+0000] {processor.py:183} INFO - Processing /home/vscode/.local/lib/python3.11/site-packages/airflow/example_dags/plugins/workday.py took 0.393 seconds
[2026-05-09T12:13:46.770+0000] {processor.py:161} INFO - Started process (PID=38073) to work on /home/vscode/.local/lib/python3.11/site-packages/airflow/example_dags/plugins/workday.py
[2026-05-09T12:13:46.771+0000] {processor.py:830} INFO - Processing file /home/vscode/.local/lib/python3.11/site-packages/airflow/example_dags/plugins/workday.py for tasks to queue
[2026-05-09T12:13:46.771+0000] {logging_mixin.py:188} INFO - [2026-05-09T12:13:46.771+0000] {dagbag.py:545} INFO - Filling up the DagBag from /home/vscode/.local/lib/python3.11/site-packages/airflow/example_dags/plugins/workday.py
[2026-05-09T12:13:47.250+0000] {processor.py:842} WARNING - No viable dags retrieved from /home/vscode/.local/lib/python3.11/site-packages/airflow/example_dags/plugins/workday.py
[2026-05-09T12:13:47.255+0000] {processor.py:183} INFO - Processing /home/vscode/.local/lib/python3.11/site-packages/airflow/example_dags/plugins/workday.py took 0.492 seconds
[2026-05-09T12:14:32.358+0000] {processor.py:161} INFO - Started process (PID=38387) to work on /home/vscode/.local/lib/python3.11/site-packages/airflow/example_dags/plugins/workday.py
[2026-05-09T12:14:32.359+0000] {processor.py:830} INFO - Processing file /home/vscode/.local/lib/python3.11/site-packages/airflow/example_dags/plugins/workday.py for tasks to queue
[2026-05-09T12:14:32.360+0000] {logging_mixin.py:188} INFO - [2026-05-09T12:14:32.359+0000] {dagbag.py:545} INFO - Filling up the DagBag from /home/vscode/.local/lib/python3.11/site-packages/airflow/example_dags/plugins/workday.py
[2026-05-09T12:14:32.722+0000] {processor.py:842} WARNING - No viable dags retrieved from /home/vscode/.local/lib/python3.11/site-packages/airflow/example_dags/plugins/workday.py
[2026-05-09T12:14:32.728+0000] {processor.py:183} INFO - Processing /home/vscode/.local/lib/python3.11/site-packages/airflow/example_dags/plugins/workday.py took 0.376 seconds
[2026-05-09T12:15:13.121+0000] {processor.py:161} INFO - Started process (PID=38753) to work on /home/vscode/.local/lib/python3.11/site-packages/airflow/example_dags/plugins/workday.py
[2026-05-09T12:15:13.123+0000] {processor.py:830} INFO - Processing file /home/vscode/.local/lib/python3.11/site-packages/airflow/example_dags/plugins/workday.py for tasks to queue
[2026-05-09T12:15:13.124+0000] {logging_mixin.py:188} INFO - [2026-05-09T12:15:13.123+0000] {dagbag.py:545} INFO - Filling up the DagBag from /home/vscode/.local/lib/python3.11/site-packages/airflow/example_dags/plugins/workday.py
[2026-05-09T12:15:13.591+0000] {processor.py:842} WARNING - No viable dags retrieved from /home/vscode/.local/lib/python3.11/site-packages/airflow/example_dags/plugins/workday.py
[2026-05-09T12:15:13.596+0000] {processor.py:183} INFO - Processing /home/vscode/.local/lib/python3.11/site-packages/airflow/example_dags/plugins/workday.py took 0.498 seconds
[2026-05-09T12:15:55.944+0000] {processor.py:161} INFO - Started process (PID=39127) to work on /home/vscode/.local/lib/python3.11/site-packages/airflow/example_dags/plugins/workday.py
[2026-05-09T12:15:55.945+0000] {processor.py:830} INFO - Processing file /home/vscode/.local/lib/python3.11/site-packages/airflow/example_dags/plugins/workday.py for tasks to queue
[2026-05-09T12:15:55.945+0000] {logging_mixin.py:188} INFO - [2026-05-09T12:15:55.945+0000] {dagbag.py:545} INFO - Filling up the DagBag from /home/vscode/.local/lib/python3.11/site-packages/airflow/example_dags/plugins/workday.py
[2026-05-09T12:15:56.310+0000] {processor.py:842} WARNING - No viable dags retrieved from /home/vscode/.local/lib/python3.11/site-packages/airflow/example_dags/plugins/workday.py
[2026-05-09T12:15:56.316+0000] {processor.py:183} INFO - Processing /home/vscode/.local/lib/python3.11/site-packages/airflow/example_dags/plugins/workday.py took 0.381 seconds
[2026-05-09T12:16:40.346+0000] {processor.py:161} INFO - Started process (PID=39496) to work on /home/vscode/.local/lib/python3.11/site-packages/airflow/example_dags/plugins/workday.py
[2026-05-09T12:16:40.346+0000] {processor.py:830} INFO - Processing file /home/vscode/.local/lib/python3.11/site-packages/airflow/example_dags/plugins/workday.py for tasks to queue
[2026-05-09T12:16:40.347+0000] {logging_mixin.py:188} INFO - [2026-05-09T12:16:40.347+0000] {dagbag.py:545} INFO - Filling up the DagBag from /home/vscode/.local/lib/python3.11/site-packages/airflow/example_dags/plugins/workday.py
[2026-05-09T12:16:40.714+0000] {processor.py:842} WARNING - No viable dags retrieved from /home/vscode/.local/lib/python3.11/site-packages/airflow/example_dags/plugins/workday.py
[2026-05-09T12:16:40.719+0000] {processor.py:183} INFO - Processing /home/vscode/.local/lib/python3.11/site-packages/airflow/example_dags/plugins/workday.py took 0.381 seconds
[2026-05-09T12:17:26.578+0000] {processor.py:161} INFO - Started process (PID=39811) to work on /home/vscode/.local/lib/python3.11/site-packages/airflow/example_dags/plugins/workday.py
[2026-05-09T12:17:26.579+0000] {processor.py:830} INFO - Processing file /home/vscode/.local/lib/python3.11/site-packages/airflow/example_dags/plugins/workday.py for tasks to queue
[2026-05-09T12:17:26.579+0000] {logging_mixin.py:188} INFO - [2026-05-09T12:17:26.579+0000] {dagbag.py:545} INFO - Filling up the DagBag from /home/vscode/.local/lib/python3.11/site-packages/airflow/example_dags/plugins/workday.py
[2026-05-09T12:17:26.958+0000] {processor.py:842} WARNING - No viable dags retrieved from /home/vscode/.local/lib/python3.11/site-packages/airflow/example_dags/plugins/workday.py
[2026-05-09T12:17:26.964+0000] {processor.py:183} INFO - Processing /home/vscode/.local/lib/python3.11/site-packages/airflow/example_dags/plugins/workday.py took 0.397 seconds
[2026-05-09T12:18:08.276+0000] {processor.py:161} INFO - Started process (PID=40145) to work on /home/vscode/.local/lib/python3.11/site-packages/airflow/example_dags/plugins/workday.py
[2026-05-09T12:18:08.277+0000] {processor.py:830} INFO - Processing file /home/vscode/.local/lib/python3.11/site-packages/airflow/example_dags/plugins/workday.py for tasks to queue
[2026-05-09T12:18:08.278+0000] {logging_mixin.py:188} INFO - [2026-05-09T12:18:08.277+0000] {dagbag.py:545} INFO - Filling up the DagBag from /home/vscode/.local/lib/python3.11/site-packages/airflow/example_dags/plugins/workday.py
[2026-05-09T12:18:08.641+0000] {processor.py:842} WARNING - No viable dags retrieved from /home/vscode/.local/lib/python3.11/site-packages/airflow/example_dags/plugins/workday.py
[2026-05-09T12:18:08.647+0000] {processor.py:183} INFO - Processing /home/vscode/.local/lib/python3.11/site-packages/airflow/example_dags/plugins/workday.py took 0.378 seconds
[2026-05-09T12:18:49.218+0000] {processor.py:161} INFO - Started process (PID=40586) to work on /home/vscode/.local/lib/python3.11/site-packages/airflow/example_dags/plugins/workday.py
[2026-05-09T12:18:49.219+0000] {processor.py:830} INFO - Processing file /home/vscode/.local/lib/python3.11/site-packages/airflow/example_dags/plugins/workday.py for tasks to queue
[2026-05-09T12:18:49.219+0000] {logging_mixin.py:188} INFO - [2026-05-09T12:18:49.219+0000] {dagbag.py:545} INFO - Filling up the DagBag from /home/vscode/.local/lib/python3.11/site-packages/airflow/example_dags/plugins/workday.py
[2026-05-09T12:18:49.584+0000] {processor.py:842} WARNING - No viable dags retrieved from /home/vscode/.local/lib/python3.11/site-packages/airflow/example_dags/plugins/workday.py
[2026-05-09T12:18:49.589+0000] {processor.py:183} INFO - Processing /home/vscode/.local/lib/python3.11/site-packages/airflow/example_dags/plugins/workday.py took 0.377 seconds
[2026-05-09T12:19:30.632+0000] {processor.py:161} INFO - Started process (PID=40856) to work on /home/vscode/.local/lib/python3.11/site-packages/airflow/example_dags/plugins/workday.py
[2026-05-09T12:19:30.633+0000] {processor.py:830} INFO - Processing file /home/vscode/.local/lib/python3.11/site-packages/airflow/example_dags/plugins/workday.py for tasks to queue
[2026-05-09T12:19:30.633+0000] {logging_mixin.py:188} INFO - [2026-05-09T12:19:30.633+0000] {dagbag.py:545} INFO - Filling up the DagBag from /home/vscode/.local/lib/python3.11/site-packages/airflow/example_dags/plugins/workday.py
[2026-05-09T12:19:31.000+0000] {processor.py:842} WARNING - No viable dags retrieved from /home/vscode/.local/lib/python3.11/site-packages/airflow/example_dags/plugins/workday.py
[2026-05-09T12:19:31.005+0000] {processor.py:183} INFO - Processing /home/vscode/.local/lib/python3.11/site-packages/airflow/example_dags/plugins/workday.py took 0.382 seconds
[2026-05-09T12:20:17.054+0000] {processor.py:161} INFO - Started process (PID=41234) to work on /home/vscode/.local/lib/python3.11/site-packages/airflow/example_dags/plugins/workday.py
[2026-05-09T12:20:17.054+0000] {processor.py:830} INFO - Processing file /home/vscode/.local/lib/python3.11/site-packages/airflow/example_dags/plugins/workday.py for tasks to queue
[2026-05-09T12:20:17.055+0000] {logging_mixin.py:188} INFO - [2026-05-09T12:20:17.054+0000] {dagbag.py:545} INFO - Filling up the DagBag from /home/vscode/.local/lib/python3.11/site-packages/airflow/example_dags/plugins/workday.py
[2026-05-09T12:20:17.421+0000] {processor.py:842} WARNING - No viable dags retrieved from /home/vscode/.local/lib/python3.11/site-packages/airflow/example_dags/plugins/workday.py
[2026-05-09T12:20:17.427+0000] {processor.py:183} INFO - Processing /home/vscode/.local/lib/python3.11/site-packages/airflow/example_dags/plugins/workday.py took 0.381 seconds
[2026-05-09T12:20:57.881+0000] {processor.py:161} INFO - Started process (PID=41610) to work on /home/vscode/.local/lib/python3.11/site-packages/airflow/example_dags/plugins/workday.py
[2026-05-09T12:20:57.881+0000] {processor.py:830} INFO - Processing file /home/vscode/.local/lib/python3.11/site-packages/airflow/example_dags/plugins/workday.py for tasks to queue
[2026-05-09T12:20:57.882+0000] {logging_mixin.py:188} INFO - [2026-05-09T12:20:57.882+0000] {dagbag.py:545} INFO - Filling up the DagBag from /home/vscode/.local/lib/python3.11/site-packages/airflow/example_dags/plugins/workday.py
[2026-05-09T12:20:58.297+0000] {processor.py:842} WARNING - No viable dags retrieved from /home/vscode/.local/lib/python3.11/site-packages/airflow/example_dags/plugins/workday.py
[2026-05-09T12:20:58.304+0000] {processor.py:183} INFO - Processing /home/vscode/.local/lib/python3.11/site-packages/airflow/example_dags/plugins/workday.py took 0.430 seconds
[2026-05-09T12:21:38.096+0000] {processor.py:161} INFO - Started process (PID=41939) to work on /home/vscode/.local/lib/python3.11/site-packages/airflow/example_dags/plugins/workday.py
[2026-05-09T12:21:38.098+0000] {processor.py:830} INFO - Processing file /home/vscode/.local/lib/python3.11/site-packages/airflow/example_dags/plugins/workday.py for tasks to queue
[2026-05-09T12:21:38.101+0000] {logging_mixin.py:188} INFO - [2026-05-09T12:21:38.101+0000] {dagbag.py:545} INFO - Filling up the DagBag from /home/vscode/.local/lib/python3.11/site-packages/airflow/example_dags/plugins/workday.py
[2026-05-09T12:21:38.476+0000] {processor.py:842} WARNING - No viable dags retrieved from /home/vscode/.local/lib/python3.11/site-packages/airflow/example_dags/plugins/workday.py
[2026-05-09T12:21:38.481+0000] {processor.py:183} INFO - Processing /home/vscode/.local/lib/python3.11/site-packages/airflow/example_dags/plugins/workday.py took 0.394 seconds
