[2026-05-23T11:27:11.452+0000] {processor.py:161} INFO - Started process (PID=3485) to work on /home/vscode/.local/lib/python3.11/site-packages/airflow/example_dags/example_bash_operator.py
[2026-05-23T11:27:11.453+0000] {processor.py:830} INFO - Processing file /home/vscode/.local/lib/python3.11/site-packages/airflow/example_dags/example_bash_operator.py for tasks to queue
[2026-05-23T11:27:11.453+0000] {logging_mixin.py:188} INFO - [2026-05-23T11:27:11.453+0000] {dagbag.py:545} INFO - Filling up the DagBag from /home/vscode/.local/lib/python3.11/site-packages/airflow/example_dags/example_bash_operator.py
[2026-05-23T11:27:11.462+0000] {processor.py:840} INFO - DAG(s) 'example_bash_operator' retrieved from /home/vscode/.local/lib/python3.11/site-packages/airflow/example_dags/example_bash_operator.py
[2026-05-23T11:27:11.615+0000] {logging_mixin.py:188} INFO - [2026-05-23T11:27:11.614+0000] {dag.py:3096} INFO - Sync 1 DAGs
[2026-05-23T11:27:11.626+0000] {logging_mixin.py:188} INFO - [2026-05-23T11:27:11.626+0000] {dag.py:3954} INFO - Setting next_dagrun for example_bash_operator to 2026-05-22 00:00:00+00:00, run_after=2026-05-23 00:00:00+00:00
[2026-05-23T11:27:11.641+0000] {processor.py:183} INFO - Processing /home/vscode/.local/lib/python3.11/site-packages/airflow/example_dags/example_bash_operator.py took 0.194 seconds
[2026-05-23T11:28:08.219+0000] {processor.py:161} INFO - Started process (PID=4200) to work on /home/vscode/.local/lib/python3.11/site-packages/airflow/example_dags/example_bash_operator.py
[2026-05-23T11:28:08.219+0000] {processor.py:830} INFO - Processing file /home/vscode/.local/lib/python3.11/site-packages/airflow/example_dags/example_bash_operator.py for tasks to queue
[2026-05-23T11:28:08.220+0000] {logging_mixin.py:188} INFO - [2026-05-23T11:28:08.220+0000] {dagbag.py:545} INFO - Filling up the DagBag from /home/vscode/.local/lib/python3.11/site-packages/airflow/example_dags/example_bash_operator.py
[2026-05-23T11:28:08.229+0000] {processor.py:840} INFO - DAG(s) 'example_bash_operator' retrieved from /home/vscode/.local/lib/python3.11/site-packages/airflow/example_dags/example_bash_operator.py
[2026-05-23T11:28:08.246+0000] {logging_mixin.py:188} INFO - [2026-05-23T11:28:08.246+0000] {dag.py:3096} INFO - Sync 1 DAGs
[2026-05-23T11:28:08.260+0000] {logging_mixin.py:188} INFO - [2026-05-23T11:28:08.260+0000] {dag.py:3954} INFO - Setting next_dagrun for example_bash_operator to 2026-05-22 00:00:00+00:00, run_after=2026-05-23 00:00:00+00:00
[2026-05-23T11:28:08.277+0000] {processor.py:183} INFO - Processing /home/vscode/.local/lib/python3.11/site-packages/airflow/example_dags/example_bash_operator.py took 0.069 seconds
[2026-05-23T11:29:14.748+0000] {processor.py:161} INFO - Started process (PID=4768) to work on /home/vscode/.local/lib/python3.11/site-packages/airflow/example_dags/example_bash_operator.py
[2026-05-23T11:29:14.749+0000] {processor.py:830} INFO - Processing file /home/vscode/.local/lib/python3.11/site-packages/airflow/example_dags/example_bash_operator.py for tasks to queue
[2026-05-23T11:29:14.750+0000] {logging_mixin.py:188} INFO - [2026-05-23T11:29:14.750+0000] {dagbag.py:545} INFO - Filling up the DagBag from /home/vscode/.local/lib/python3.11/site-packages/airflow/example_dags/example_bash_operator.py
[2026-05-23T11:29:14.761+0000] {processor.py:840} INFO - DAG(s) 'example_bash_operator' retrieved from /home/vscode/.local/lib/python3.11/site-packages/airflow/example_dags/example_bash_operator.py
[2026-05-23T11:29:14.778+0000] {logging_mixin.py:188} INFO - [2026-05-23T11:29:14.777+0000] {dag.py:3096} INFO - Sync 1 DAGs
[2026-05-23T11:29:14.792+0000] {logging_mixin.py:188} INFO - [2026-05-23T11:29:14.791+0000] {dag.py:3954} INFO - Setting next_dagrun for example_bash_operator to 2026-05-22 00:00:00+00:00, run_after=2026-05-23 00:00:00+00:00
[2026-05-23T11:29:14.807+0000] {processor.py:183} INFO - Processing /home/vscode/.local/lib/python3.11/site-packages/airflow/example_dags/example_bash_operator.py took 0.068 seconds
[2026-05-23T11:30:18.276+0000] {processor.py:161} INFO - Started process (PID=5413) to work on /home/vscode/.local/lib/python3.11/site-packages/airflow/example_dags/example_bash_operator.py
[2026-05-23T11:30:18.277+0000] {processor.py:830} INFO - Processing file /home/vscode/.local/lib/python3.11/site-packages/airflow/example_dags/example_bash_operator.py for tasks to queue
[2026-05-23T11:30:18.277+0000] {logging_mixin.py:188} INFO - [2026-05-23T11:30:18.277+0000] {dagbag.py:545} INFO - Filling up the DagBag from /home/vscode/.local/lib/python3.11/site-packages/airflow/example_dags/example_bash_operator.py
[2026-05-23T11:30:18.286+0000] {processor.py:840} INFO - DAG(s) 'example_bash_operator' retrieved from /home/vscode/.local/lib/python3.11/site-packages/airflow/example_dags/example_bash_operator.py
[2026-05-23T11:30:18.302+0000] {logging_mixin.py:188} INFO - [2026-05-23T11:30:18.302+0000] {dag.py:3096} INFO - Sync 1 DAGs
[2026-05-23T11:30:18.316+0000] {logging_mixin.py:188} INFO - [2026-05-23T11:30:18.316+0000] {dag.py:3954} INFO - Setting next_dagrun for example_bash_operator to 2026-05-22 00:00:00+00:00, run_after=2026-05-23 00:00:00+00:00
[2026-05-23T11:30:18.331+0000] {processor.py:183} INFO - Processing /home/vscode/.local/lib/python3.11/site-packages/airflow/example_dags/example_bash_operator.py took 0.061 seconds
[2026-05-23T11:31:19.723+0000] {processor.py:161} INFO - Started process (PID=5947) to work on /home/vscode/.local/lib/python3.11/site-packages/airflow/example_dags/example_bash_operator.py
[2026-05-23T11:31:19.724+0000] {processor.py:830} INFO - Processing file /home/vscode/.local/lib/python3.11/site-packages/airflow/example_dags/example_bash_operator.py for tasks to queue
[2026-05-23T11:31:19.724+0000] {logging_mixin.py:188} INFO - [2026-05-23T11:31:19.724+0000] {dagbag.py:545} INFO - Filling up the DagBag from /home/vscode/.local/lib/python3.11/site-packages/airflow/example_dags/example_bash_operator.py
[2026-05-23T11:31:19.732+0000] {processor.py:840} INFO - DAG(s) 'example_bash_operator' retrieved from /home/vscode/.local/lib/python3.11/site-packages/airflow/example_dags/example_bash_operator.py
[2026-05-23T11:31:19.749+0000] {logging_mixin.py:188} INFO - [2026-05-23T11:31:19.749+0000] {dag.py:3096} INFO - Sync 1 DAGs
[2026-05-23T11:31:19.764+0000] {logging_mixin.py:188} INFO - [2026-05-23T11:31:19.764+0000] {dag.py:3954} INFO - Setting next_dagrun for example_bash_operator to 2026-05-22 00:00:00+00:00, run_after=2026-05-23 00:00:00+00:00
[2026-05-23T11:31:19.779+0000] {processor.py:183} INFO - Processing /home/vscode/.local/lib/python3.11/site-packages/airflow/example_dags/example_bash_operator.py took 0.062 seconds
[2026-05-23T11:32:22.468+0000] {processor.py:161} INFO - Started process (PID=6629) to work on /home/vscode/.local/lib/python3.11/site-packages/airflow/example_dags/example_bash_operator.py
[2026-05-23T11:32:22.468+0000] {processor.py:830} INFO - Processing file /home/vscode/.local/lib/python3.11/site-packages/airflow/example_dags/example_bash_operator.py for tasks to queue
[2026-05-23T11:32:22.469+0000] {logging_mixin.py:188} INFO - [2026-05-23T11:32:22.469+0000] {dagbag.py:545} INFO - Filling up the DagBag from /home/vscode/.local/lib/python3.11/site-packages/airflow/example_dags/example_bash_operator.py
[2026-05-23T11:32:22.477+0000] {processor.py:840} INFO - DAG(s) 'example_bash_operator' retrieved from /home/vscode/.local/lib/python3.11/site-packages/airflow/example_dags/example_bash_operator.py
[2026-05-23T11:32:22.493+0000] {logging_mixin.py:188} INFO - [2026-05-23T11:32:22.493+0000] {dag.py:3096} INFO - Sync 1 DAGs
[2026-05-23T11:32:22.507+0000] {logging_mixin.py:188} INFO - [2026-05-23T11:32:22.507+0000] {dag.py:3954} INFO - Setting next_dagrun for example_bash_operator to 2026-05-22 00:00:00+00:00, run_after=2026-05-23 00:00:00+00:00
[2026-05-23T11:32:22.522+0000] {processor.py:183} INFO - Processing /home/vscode/.local/lib/python3.11/site-packages/airflow/example_dags/example_bash_operator.py took 0.060 seconds
[2026-05-23T11:33:29.200+0000] {processor.py:161} INFO - Started process (PID=8325) to work on /home/vscode/.local/lib/python3.11/site-packages/airflow/example_dags/example_bash_operator.py
[2026-05-23T11:33:29.201+0000] {processor.py:830} INFO - Processing file /home/vscode/.local/lib/python3.11/site-packages/airflow/example_dags/example_bash_operator.py for tasks to queue
[2026-05-23T11:33:29.201+0000] {logging_mixin.py:188} INFO - [2026-05-23T11:33:29.201+0000] {dagbag.py:545} INFO - Filling up the DagBag from /home/vscode/.local/lib/python3.11/site-packages/airflow/example_dags/example_bash_operator.py
[2026-05-23T11:33:29.209+0000] {processor.py:840} INFO - DAG(s) 'example_bash_operator' retrieved from /home/vscode/.local/lib/python3.11/site-packages/airflow/example_dags/example_bash_operator.py
[2026-05-23T11:33:29.225+0000] {logging_mixin.py:188} INFO - [2026-05-23T11:33:29.225+0000] {dag.py:3096} INFO - Sync 1 DAGs
[2026-05-23T11:33:29.238+0000] {logging_mixin.py:188} INFO - [2026-05-23T11:33:29.238+0000] {dag.py:3954} INFO - Setting next_dagrun for example_bash_operator to 2026-05-22 00:00:00+00:00, run_after=2026-05-23 00:00:00+00:00
[2026-05-23T11:33:29.253+0000] {processor.py:183} INFO - Processing /home/vscode/.local/lib/python3.11/site-packages/airflow/example_dags/example_bash_operator.py took 0.059 seconds
[2026-05-23T11:34:39.126+0000] {processor.py:161} INFO - Started process (PID=8809) to work on /home/vscode/.local/lib/python3.11/site-packages/airflow/example_dags/example_bash_operator.py
[2026-05-23T11:34:39.127+0000] {processor.py:830} INFO - Processing file /home/vscode/.local/lib/python3.11/site-packages/airflow/example_dags/example_bash_operator.py for tasks to queue
[2026-05-23T11:34:39.127+0000] {logging_mixin.py:188} INFO - [2026-05-23T11:34:39.127+0000] {dagbag.py:545} INFO - Filling up the DagBag from /home/vscode/.local/lib/python3.11/site-packages/airflow/example_dags/example_bash_operator.py
[2026-05-23T11:34:39.135+0000] {processor.py:840} INFO - DAG(s) 'example_bash_operator' retrieved from /home/vscode/.local/lib/python3.11/site-packages/airflow/example_dags/example_bash_operator.py
[2026-05-23T11:34:39.152+0000] {logging_mixin.py:188} INFO - [2026-05-23T11:34:39.151+0000] {dag.py:3096} INFO - Sync 1 DAGs
[2026-05-23T11:34:39.165+0000] {logging_mixin.py:188} INFO - [2026-05-23T11:34:39.165+0000] {dag.py:3954} INFO - Setting next_dagrun for example_bash_operator to 2026-05-22 00:00:00+00:00, run_after=2026-05-23 00:00:00+00:00
[2026-05-23T11:34:39.180+0000] {processor.py:183} INFO - Processing /home/vscode/.local/lib/python3.11/site-packages/airflow/example_dags/example_bash_operator.py took 0.060 seconds
[2026-05-23T11:35:45.422+0000] {processor.py:161} INFO - Started process (PID=9280) to work on /home/vscode/.local/lib/python3.11/site-packages/airflow/example_dags/example_bash_operator.py
[2026-05-23T11:35:45.423+0000] {processor.py:830} INFO - Processing file /home/vscode/.local/lib/python3.11/site-packages/airflow/example_dags/example_bash_operator.py for tasks to queue
[2026-05-23T11:35:45.425+0000] {logging_mixin.py:188} INFO - [2026-05-23T11:35:45.424+0000] {dagbag.py:545} INFO - Filling up the DagBag from /home/vscode/.local/lib/python3.11/site-packages/airflow/example_dags/example_bash_operator.py
[2026-05-23T11:35:45.439+0000] {processor.py:840} INFO - DAG(s) 'example_bash_operator' retrieved from /home/vscode/.local/lib/python3.11/site-packages/airflow/example_dags/example_bash_operator.py
[2026-05-23T11:35:45.481+0000] {logging_mixin.py:188} INFO - [2026-05-23T11:35:45.480+0000] {dag.py:3096} INFO - Sync 1 DAGs
[2026-05-23T11:35:45.498+0000] {logging_mixin.py:188} INFO - [2026-05-23T11:35:45.498+0000] {dag.py:3954} INFO - Setting next_dagrun for example_bash_operator to 2026-05-22 00:00:00+00:00, run_after=2026-05-23 00:00:00+00:00
[2026-05-23T11:35:45.514+0000] {processor.py:183} INFO - Processing /home/vscode/.local/lib/python3.11/site-packages/airflow/example_dags/example_bash_operator.py took 0.101 seconds
[2026-05-23T11:36:48.689+0000] {processor.py:161} INFO - Started process (PID=9896) to work on /home/vscode/.local/lib/python3.11/site-packages/airflow/example_dags/example_bash_operator.py
[2026-05-23T11:36:48.689+0000] {processor.py:830} INFO - Processing file /home/vscode/.local/lib/python3.11/site-packages/airflow/example_dags/example_bash_operator.py for tasks to queue
[2026-05-23T11:36:48.690+0000] {logging_mixin.py:188} INFO - [2026-05-23T11:36:48.689+0000] {dagbag.py:545} INFO - Filling up the DagBag from /home/vscode/.local/lib/python3.11/site-packages/airflow/example_dags/example_bash_operator.py
[2026-05-23T11:36:48.698+0000] {processor.py:840} INFO - DAG(s) 'example_bash_operator' retrieved from /home/vscode/.local/lib/python3.11/site-packages/airflow/example_dags/example_bash_operator.py
[2026-05-23T11:36:48.715+0000] {logging_mixin.py:188} INFO - [2026-05-23T11:36:48.715+0000] {dag.py:3096} INFO - Sync 1 DAGs
[2026-05-23T11:36:48.728+0000] {logging_mixin.py:188} INFO - [2026-05-23T11:36:48.728+0000] {dag.py:3954} INFO - Setting next_dagrun for example_bash_operator to 2026-05-22 00:00:00+00:00, run_after=2026-05-23 00:00:00+00:00
[2026-05-23T11:36:48.743+0000] {processor.py:183} INFO - Processing /home/vscode/.local/lib/python3.11/site-packages/airflow/example_dags/example_bash_operator.py took 0.062 seconds
[2026-05-23T11:37:57.805+0000] {processor.py:161} INFO - Started process (PID=10451) to work on /home/vscode/.local/lib/python3.11/site-packages/airflow/example_dags/example_bash_operator.py
[2026-05-23T11:37:57.805+0000] {processor.py:830} INFO - Processing file /home/vscode/.local/lib/python3.11/site-packages/airflow/example_dags/example_bash_operator.py for tasks to queue
[2026-05-23T11:37:57.806+0000] {logging_mixin.py:188} INFO - [2026-05-23T11:37:57.806+0000] {dagbag.py:545} INFO - Filling up the DagBag from /home/vscode/.local/lib/python3.11/site-packages/airflow/example_dags/example_bash_operator.py
[2026-05-23T11:37:57.814+0000] {processor.py:840} INFO - DAG(s) 'example_bash_operator' retrieved from /home/vscode/.local/lib/python3.11/site-packages/airflow/example_dags/example_bash_operator.py
[2026-05-23T11:37:57.830+0000] {logging_mixin.py:188} INFO - [2026-05-23T11:37:57.830+0000] {dag.py:3096} INFO - Sync 1 DAGs
[2026-05-23T11:37:57.844+0000] {logging_mixin.py:188} INFO - [2026-05-23T11:37:57.844+0000] {dag.py:3954} INFO - Setting next_dagrun for example_bash_operator to 2026-05-22 00:00:00+00:00, run_after=2026-05-23 00:00:00+00:00
[2026-05-23T11:37:57.859+0000] {processor.py:183} INFO - Processing /home/vscode/.local/lib/python3.11/site-packages/airflow/example_dags/example_bash_operator.py took 0.060 seconds
[2026-05-23T11:38:58.506+0000] {processor.py:161} INFO - Started process (PID=11006) to work on /home/vscode/.local/lib/python3.11/site-packages/airflow/example_dags/example_bash_operator.py
[2026-05-23T11:38:58.506+0000] {processor.py:830} INFO - Processing file /home/vscode/.local/lib/python3.11/site-packages/airflow/example_dags/example_bash_operator.py for tasks to queue
[2026-05-23T11:38:58.507+0000] {logging_mixin.py:188} INFO - [2026-05-23T11:38:58.506+0000] {dagbag.py:545} INFO - Filling up the DagBag from /home/vscode/.local/lib/python3.11/site-packages/airflow/example_dags/example_bash_operator.py
[2026-05-23T11:38:58.515+0000] {processor.py:840} INFO - DAG(s) 'example_bash_operator' retrieved from /home/vscode/.local/lib/python3.11/site-packages/airflow/example_dags/example_bash_operator.py
[2026-05-23T11:38:58.530+0000] {logging_mixin.py:188} INFO - [2026-05-23T11:38:58.530+0000] {dag.py:3096} INFO - Sync 1 DAGs
[2026-05-23T11:38:58.544+0000] {logging_mixin.py:188} INFO - [2026-05-23T11:38:58.544+0000] {dag.py:3954} INFO - Setting next_dagrun for example_bash_operator to 2026-05-22 00:00:00+00:00, run_after=2026-05-23 00:00:00+00:00
[2026-05-23T11:38:58.560+0000] {processor.py:183} INFO - Processing /home/vscode/.local/lib/python3.11/site-packages/airflow/example_dags/example_bash_operator.py took 0.060 seconds
[2026-05-23T11:40:02.226+0000] {processor.py:161} INFO - Started process (PID=11529) to work on /home/vscode/.local/lib/python3.11/site-packages/airflow/example_dags/example_bash_operator.py
[2026-05-23T11:40:02.227+0000] {processor.py:830} INFO - Processing file /home/vscode/.local/lib/python3.11/site-packages/airflow/example_dags/example_bash_operator.py for tasks to queue
[2026-05-23T11:40:02.227+0000] {logging_mixin.py:188} INFO - [2026-05-23T11:40:02.227+0000] {dagbag.py:545} INFO - Filling up the DagBag from /home/vscode/.local/lib/python3.11/site-packages/airflow/example_dags/example_bash_operator.py
[2026-05-23T11:40:02.236+0000] {processor.py:840} INFO - DAG(s) 'example_bash_operator' retrieved from /home/vscode/.local/lib/python3.11/site-packages/airflow/example_dags/example_bash_operator.py
[2026-05-23T11:40:02.252+0000] {logging_mixin.py:188} INFO - [2026-05-23T11:40:02.252+0000] {dag.py:3096} INFO - Sync 1 DAGs
[2026-05-23T11:40:02.265+0000] {logging_mixin.py:188} INFO - [2026-05-23T11:40:02.265+0000] {dag.py:3954} INFO - Setting next_dagrun for example_bash_operator to 2026-05-22 00:00:00+00:00, run_after=2026-05-23 00:00:00+00:00
[2026-05-23T11:40:02.281+0000] {processor.py:183} INFO - Processing /home/vscode/.local/lib/python3.11/site-packages/airflow/example_dags/example_bash_operator.py took 0.061 seconds
[2026-05-23T11:41:06.395+0000] {processor.py:161} INFO - Started process (PID=12105) to work on /home/vscode/.local/lib/python3.11/site-packages/airflow/example_dags/example_bash_operator.py
[2026-05-23T11:41:06.396+0000] {processor.py:830} INFO - Processing file /home/vscode/.local/lib/python3.11/site-packages/airflow/example_dags/example_bash_operator.py for tasks to queue
[2026-05-23T11:41:06.396+0000] {logging_mixin.py:188} INFO - [2026-05-23T11:41:06.396+0000] {dagbag.py:545} INFO - Filling up the DagBag from /home/vscode/.local/lib/python3.11/site-packages/airflow/example_dags/example_bash_operator.py
[2026-05-23T11:41:06.404+0000] {processor.py:840} INFO - DAG(s) 'example_bash_operator' retrieved from /home/vscode/.local/lib/python3.11/site-packages/airflow/example_dags/example_bash_operator.py
[2026-05-23T11:41:06.420+0000] {logging_mixin.py:188} INFO - [2026-05-23T11:41:06.420+0000] {dag.py:3096} INFO - Sync 1 DAGs
[2026-05-23T11:41:06.433+0000] {logging_mixin.py:188} INFO - [2026-05-23T11:41:06.433+0000] {dag.py:3954} INFO - Setting next_dagrun for example_bash_operator to 2026-05-22 00:00:00+00:00, run_after=2026-05-23 00:00:00+00:00
[2026-05-23T11:41:06.449+0000] {processor.py:183} INFO - Processing /home/vscode/.local/lib/python3.11/site-packages/airflow/example_dags/example_bash_operator.py took 0.060 seconds
[2026-05-23T11:42:09.911+0000] {processor.py:161} INFO - Started process (PID=12701) to work on /home/vscode/.local/lib/python3.11/site-packages/airflow/example_dags/example_bash_operator.py
[2026-05-23T11:42:09.911+0000] {processor.py:830} INFO - Processing file /home/vscode/.local/lib/python3.11/site-packages/airflow/example_dags/example_bash_operator.py for tasks to queue
[2026-05-23T11:42:09.912+0000] {logging_mixin.py:188} INFO - [2026-05-23T11:42:09.911+0000] {dagbag.py:545} INFO - Filling up the DagBag from /home/vscode/.local/lib/python3.11/site-packages/airflow/example_dags/example_bash_operator.py
[2026-05-23T11:42:09.920+0000] {processor.py:840} INFO - DAG(s) 'example_bash_operator' retrieved from /home/vscode/.local/lib/python3.11/site-packages/airflow/example_dags/example_bash_operator.py
[2026-05-23T11:42:09.936+0000] {logging_mixin.py:188} INFO - [2026-05-23T11:42:09.936+0000] {dag.py:3096} INFO - Sync 1 DAGs
[2026-05-23T11:42:09.949+0000] {logging_mixin.py:188} INFO - [2026-05-23T11:42:09.949+0000] {dag.py:3954} INFO - Setting next_dagrun for example_bash_operator to 2026-05-22 00:00:00+00:00, run_after=2026-05-23 00:00:00+00:00
[2026-05-23T11:42:09.965+0000] {processor.py:183} INFO - Processing /home/vscode/.local/lib/python3.11/site-packages/airflow/example_dags/example_bash_operator.py took 0.060 seconds
[2026-05-23T11:43:16.084+0000] {processor.py:161} INFO - Started process (PID=13296) to work on /home/vscode/.local/lib/python3.11/site-packages/airflow/example_dags/example_bash_operator.py
[2026-05-23T11:43:16.085+0000] {processor.py:830} INFO - Processing file /home/vscode/.local/lib/python3.11/site-packages/airflow/example_dags/example_bash_operator.py for tasks to queue
[2026-05-23T11:43:16.086+0000] {logging_mixin.py:188} INFO - [2026-05-23T11:43:16.085+0000] {dagbag.py:545} INFO - Filling up the DagBag from /home/vscode/.local/lib/python3.11/site-packages/airflow/example_dags/example_bash_operator.py
[2026-05-23T11:43:16.115+0000] {processor.py:840} INFO - DAG(s) 'example_bash_operator' retrieved from /home/vscode/.local/lib/python3.11/site-packages/airflow/example_dags/example_bash_operator.py
[2026-05-23T11:43:16.150+0000] {logging_mixin.py:188} INFO - [2026-05-23T11:43:16.150+0000] {dag.py:3096} INFO - Sync 1 DAGs
[2026-05-23T11:43:16.166+0000] {logging_mixin.py:188} INFO - [2026-05-23T11:43:16.166+0000] {dag.py:3954} INFO - Setting next_dagrun for example_bash_operator to 2026-05-22 00:00:00+00:00, run_after=2026-05-23 00:00:00+00:00
[2026-05-23T11:43:16.181+0000] {processor.py:183} INFO - Processing /home/vscode/.local/lib/python3.11/site-packages/airflow/example_dags/example_bash_operator.py took 0.117 seconds
[2026-05-23T11:44:21.464+0000] {processor.py:161} INFO - Started process (PID=13839) to work on /home/vscode/.local/lib/python3.11/site-packages/airflow/example_dags/example_bash_operator.py
[2026-05-23T11:44:21.465+0000] {processor.py:830} INFO - Processing file /home/vscode/.local/lib/python3.11/site-packages/airflow/example_dags/example_bash_operator.py for tasks to queue
[2026-05-23T11:44:21.466+0000] {logging_mixin.py:188} INFO - [2026-05-23T11:44:21.465+0000] {dagbag.py:545} INFO - Filling up the DagBag from /home/vscode/.local/lib/python3.11/site-packages/airflow/example_dags/example_bash_operator.py
[2026-05-23T11:44:21.473+0000] {processor.py:840} INFO - DAG(s) 'example_bash_operator' retrieved from /home/vscode/.local/lib/python3.11/site-packages/airflow/example_dags/example_bash_operator.py
[2026-05-23T11:44:21.489+0000] {logging_mixin.py:188} INFO - [2026-05-23T11:44:21.489+0000] {dag.py:3096} INFO - Sync 1 DAGs
[2026-05-23T11:44:21.506+0000] {logging_mixin.py:188} INFO - [2026-05-23T11:44:21.506+0000] {dag.py:3954} INFO - Setting next_dagrun for example_bash_operator to 2026-05-22 00:00:00+00:00, run_after=2026-05-23 00:00:00+00:00
[2026-05-23T11:44:21.535+0000] {processor.py:183} INFO - Processing /home/vscode/.local/lib/python3.11/site-packages/airflow/example_dags/example_bash_operator.py took 0.076 seconds
[2026-05-23T11:45:28.107+0000] {processor.py:161} INFO - Started process (PID=14510) to work on /home/vscode/.local/lib/python3.11/site-packages/airflow/example_dags/example_bash_operator.py
[2026-05-23T11:45:28.108+0000] {processor.py:830} INFO - Processing file /home/vscode/.local/lib/python3.11/site-packages/airflow/example_dags/example_bash_operator.py for tasks to queue
[2026-05-23T11:45:28.108+0000] {logging_mixin.py:188} INFO - [2026-05-23T11:45:28.108+0000] {dagbag.py:545} INFO - Filling up the DagBag from /home/vscode/.local/lib/python3.11/site-packages/airflow/example_dags/example_bash_operator.py
[2026-05-23T11:45:28.117+0000] {processor.py:840} INFO - DAG(s) 'example_bash_operator' retrieved from /home/vscode/.local/lib/python3.11/site-packages/airflow/example_dags/example_bash_operator.py
[2026-05-23T11:45:28.133+0000] {logging_mixin.py:188} INFO - [2026-05-23T11:45:28.133+0000] {dag.py:3096} INFO - Sync 1 DAGs
[2026-05-23T11:45:28.147+0000] {logging_mixin.py:188} INFO - [2026-05-23T11:45:28.147+0000] {dag.py:3954} INFO - Setting next_dagrun for example_bash_operator to 2026-05-22 00:00:00+00:00, run_after=2026-05-23 00:00:00+00:00
[2026-05-23T11:45:28.161+0000] {processor.py:183} INFO - Processing /home/vscode/.local/lib/python3.11/site-packages/airflow/example_dags/example_bash_operator.py took 0.060 seconds
[2026-05-23T11:46:28.047+0000] {processor.py:161} INFO - Started process (PID=15268) to work on /home/vscode/.local/lib/python3.11/site-packages/airflow/example_dags/example_bash_operator.py
[2026-05-23T11:46:28.048+0000] {processor.py:830} INFO - Processing file /home/vscode/.local/lib/python3.11/site-packages/airflow/example_dags/example_bash_operator.py for tasks to queue
[2026-05-23T11:46:28.048+0000] {logging_mixin.py:188} INFO - [2026-05-23T11:46:28.048+0000] {dagbag.py:545} INFO - Filling up the DagBag from /home/vscode/.local/lib/python3.11/site-packages/airflow/example_dags/example_bash_operator.py
[2026-05-23T11:46:28.056+0000] {processor.py:840} INFO - DAG(s) 'example_bash_operator' retrieved from /home/vscode/.local/lib/python3.11/site-packages/airflow/example_dags/example_bash_operator.py
[2026-05-23T11:46:28.072+0000] {logging_mixin.py:188} INFO - [2026-05-23T11:46:28.072+0000] {dag.py:3096} INFO - Sync 1 DAGs
[2026-05-23T11:46:28.086+0000] {logging_mixin.py:188} INFO - [2026-05-23T11:46:28.086+0000] {dag.py:3954} INFO - Setting next_dagrun for example_bash_operator to 2026-05-22 00:00:00+00:00, run_after=2026-05-23 00:00:00+00:00
[2026-05-23T11:46:28.101+0000] {processor.py:183} INFO - Processing /home/vscode/.local/lib/python3.11/site-packages/airflow/example_dags/example_bash_operator.py took 0.060 seconds
[2026-05-23T11:47:28.548+0000] {processor.py:161} INFO - Started process (PID=15840) to work on /home/vscode/.local/lib/python3.11/site-packages/airflow/example_dags/example_bash_operator.py
[2026-05-23T11:47:28.549+0000] {processor.py:830} INFO - Processing file /home/vscode/.local/lib/python3.11/site-packages/airflow/example_dags/example_bash_operator.py for tasks to queue
[2026-05-23T11:47:28.549+0000] {logging_mixin.py:188} INFO - [2026-05-23T11:47:28.549+0000] {dagbag.py:545} INFO - Filling up the DagBag from /home/vscode/.local/lib/python3.11/site-packages/airflow/example_dags/example_bash_operator.py
[2026-05-23T11:47:28.558+0000] {processor.py:840} INFO - DAG(s) 'example_bash_operator' retrieved from /home/vscode/.local/lib/python3.11/site-packages/airflow/example_dags/example_bash_operator.py
[2026-05-23T11:47:28.576+0000] {logging_mixin.py:188} INFO - [2026-05-23T11:47:28.576+0000] {dag.py:3096} INFO - Sync 1 DAGs
[2026-05-23T11:47:28.591+0000] {logging_mixin.py:188} INFO - [2026-05-23T11:47:28.590+0000] {dag.py:3954} INFO - Setting next_dagrun for example_bash_operator to 2026-05-22 00:00:00+00:00, run_after=2026-05-23 00:00:00+00:00
[2026-05-23T11:47:28.608+0000] {processor.py:183} INFO - Processing /home/vscode/.local/lib/python3.11/site-packages/airflow/example_dags/example_bash_operator.py took 0.066 seconds
[2026-05-23T11:48:33.812+0000] {processor.py:161} INFO - Started process (PID=16384) to work on /home/vscode/.local/lib/python3.11/site-packages/airflow/example_dags/example_bash_operator.py
[2026-05-23T11:48:33.812+0000] {processor.py:830} INFO - Processing file /home/vscode/.local/lib/python3.11/site-packages/airflow/example_dags/example_bash_operator.py for tasks to queue
[2026-05-23T11:48:33.813+0000] {logging_mixin.py:188} INFO - [2026-05-23T11:48:33.813+0000] {dagbag.py:545} INFO - Filling up the DagBag from /home/vscode/.local/lib/python3.11/site-packages/airflow/example_dags/example_bash_operator.py
[2026-05-23T11:48:33.822+0000] {processor.py:840} INFO - DAG(s) 'example_bash_operator' retrieved from /home/vscode/.local/lib/python3.11/site-packages/airflow/example_dags/example_bash_operator.py
[2026-05-23T11:48:33.839+0000] {logging_mixin.py:188} INFO - [2026-05-23T11:48:33.839+0000] {dag.py:3096} INFO - Sync 1 DAGs
[2026-05-23T11:48:33.863+0000] {logging_mixin.py:188} INFO - [2026-05-23T11:48:33.863+0000] {dag.py:3954} INFO - Setting next_dagrun for example_bash_operator to 2026-05-22 00:00:00+00:00, run_after=2026-05-23 00:00:00+00:00
[2026-05-23T11:48:33.895+0000] {processor.py:183} INFO - Processing /home/vscode/.local/lib/python3.11/site-packages/airflow/example_dags/example_bash_operator.py took 0.090 seconds
[2026-05-23T11:49:35.482+0000] {processor.py:161} INFO - Started process (PID=17022) to work on /home/vscode/.local/lib/python3.11/site-packages/airflow/example_dags/example_bash_operator.py
[2026-05-23T11:49:35.483+0000] {processor.py:830} INFO - Processing file /home/vscode/.local/lib/python3.11/site-packages/airflow/example_dags/example_bash_operator.py for tasks to queue
[2026-05-23T11:49:35.483+0000] {logging_mixin.py:188} INFO - [2026-05-23T11:49:35.483+0000] {dagbag.py:545} INFO - Filling up the DagBag from /home/vscode/.local/lib/python3.11/site-packages/airflow/example_dags/example_bash_operator.py
[2026-05-23T11:49:35.491+0000] {processor.py:840} INFO - DAG(s) 'example_bash_operator' retrieved from /home/vscode/.local/lib/python3.11/site-packages/airflow/example_dags/example_bash_operator.py
[2026-05-23T11:49:35.510+0000] {logging_mixin.py:188} INFO - [2026-05-23T11:49:35.510+0000] {dag.py:3096} INFO - Sync 1 DAGs
[2026-05-23T11:49:35.523+0000] {logging_mixin.py:188} INFO - [2026-05-23T11:49:35.523+0000] {dag.py:3954} INFO - Setting next_dagrun for example_bash_operator to 2026-05-22 00:00:00+00:00, run_after=2026-05-23 00:00:00+00:00
[2026-05-23T11:49:35.538+0000] {processor.py:183} INFO - Processing /home/vscode/.local/lib/python3.11/site-packages/airflow/example_dags/example_bash_operator.py took 0.062 seconds
[2026-05-23T11:50:40.126+0000] {processor.py:161} INFO - Started process (PID=18091) to work on /home/vscode/.local/lib/python3.11/site-packages/airflow/example_dags/example_bash_operator.py
[2026-05-23T11:50:40.126+0000] {processor.py:830} INFO - Processing file /home/vscode/.local/lib/python3.11/site-packages/airflow/example_dags/example_bash_operator.py for tasks to queue
[2026-05-23T11:50:40.127+0000] {logging_mixin.py:188} INFO - [2026-05-23T11:50:40.127+0000] {dagbag.py:545} INFO - Filling up the DagBag from /home/vscode/.local/lib/python3.11/site-packages/airflow/example_dags/example_bash_operator.py
[2026-05-23T11:50:40.135+0000] {processor.py:840} INFO - DAG(s) 'example_bash_operator' retrieved from /home/vscode/.local/lib/python3.11/site-packages/airflow/example_dags/example_bash_operator.py
[2026-05-23T11:50:40.152+0000] {logging_mixin.py:188} INFO - [2026-05-23T11:50:40.151+0000] {dag.py:3096} INFO - Sync 1 DAGs
[2026-05-23T11:50:40.166+0000] {logging_mixin.py:188} INFO - [2026-05-23T11:50:40.166+0000] {dag.py:3954} INFO - Setting next_dagrun for example_bash_operator to 2026-05-22 00:00:00+00:00, run_after=2026-05-23 00:00:00+00:00
[2026-05-23T11:50:40.181+0000] {processor.py:183} INFO - Processing /home/vscode/.local/lib/python3.11/site-packages/airflow/example_dags/example_bash_operator.py took 0.062 seconds
[2026-05-23T11:51:40.308+0000] {processor.py:161} INFO - Started process (PID=18779) to work on /home/vscode/.local/lib/python3.11/site-packages/airflow/example_dags/example_bash_operator.py
[2026-05-23T11:51:40.308+0000] {processor.py:830} INFO - Processing file /home/vscode/.local/lib/python3.11/site-packages/airflow/example_dags/example_bash_operator.py for tasks to queue
[2026-05-23T11:51:40.309+0000] {logging_mixin.py:188} INFO - [2026-05-23T11:51:40.309+0000] {dagbag.py:545} INFO - Filling up the DagBag from /home/vscode/.local/lib/python3.11/site-packages/airflow/example_dags/example_bash_operator.py
[2026-05-23T11:51:40.317+0000] {processor.py:840} INFO - DAG(s) 'example_bash_operator' retrieved from /home/vscode/.local/lib/python3.11/site-packages/airflow/example_dags/example_bash_operator.py
[2026-05-23T11:51:40.334+0000] {logging_mixin.py:188} INFO - [2026-05-23T11:51:40.334+0000] {dag.py:3096} INFO - Sync 1 DAGs
[2026-05-23T11:51:40.348+0000] {logging_mixin.py:188} INFO - [2026-05-23T11:51:40.348+0000] {dag.py:3954} INFO - Setting next_dagrun for example_bash_operator to 2026-05-22 00:00:00+00:00, run_after=2026-05-23 00:00:00+00:00
[2026-05-23T11:51:40.364+0000] {processor.py:183} INFO - Processing /home/vscode/.local/lib/python3.11/site-packages/airflow/example_dags/example_bash_operator.py took 0.063 seconds
[2026-05-23T11:52:41.677+0000] {processor.py:161} INFO - Started process (PID=19298) to work on /home/vscode/.local/lib/python3.11/site-packages/airflow/example_dags/example_bash_operator.py
[2026-05-23T11:52:41.677+0000] {processor.py:830} INFO - Processing file /home/vscode/.local/lib/python3.11/site-packages/airflow/example_dags/example_bash_operator.py for tasks to queue
[2026-05-23T11:52:41.678+0000] {logging_mixin.py:188} INFO - [2026-05-23T11:52:41.677+0000] {dagbag.py:545} INFO - Filling up the DagBag from /home/vscode/.local/lib/python3.11/site-packages/airflow/example_dags/example_bash_operator.py
[2026-05-23T11:52:41.688+0000] {processor.py:840} INFO - DAG(s) 'example_bash_operator' retrieved from /home/vscode/.local/lib/python3.11/site-packages/airflow/example_dags/example_bash_operator.py
[2026-05-23T11:52:41.707+0000] {logging_mixin.py:188} INFO - [2026-05-23T11:52:41.707+0000] {dag.py:3096} INFO - Sync 1 DAGs
[2026-05-23T11:52:41.721+0000] {logging_mixin.py:188} INFO - [2026-05-23T11:52:41.721+0000] {dag.py:3954} INFO - Setting next_dagrun for example_bash_operator to 2026-05-22 00:00:00+00:00, run_after=2026-05-23 00:00:00+00:00
[2026-05-23T11:52:41.736+0000] {processor.py:183} INFO - Processing /home/vscode/.local/lib/python3.11/site-packages/airflow/example_dags/example_bash_operator.py took 0.066 seconds
[2026-05-23T11:53:39.522+0000] {processor.py:161} INFO - Started process (PID=20059) to work on /home/vscode/.local/lib/python3.11/site-packages/airflow/example_dags/example_bash_operator.py
[2026-05-23T11:53:39.522+0000] {processor.py:830} INFO - Processing file /home/vscode/.local/lib/python3.11/site-packages/airflow/example_dags/example_bash_operator.py for tasks to queue
[2026-05-23T11:53:39.523+0000] {logging_mixin.py:188} INFO - [2026-05-23T11:53:39.523+0000] {dagbag.py:545} INFO - Filling up the DagBag from /home/vscode/.local/lib/python3.11/site-packages/airflow/example_dags/example_bash_operator.py
[2026-05-23T11:53:39.531+0000] {processor.py:840} INFO - DAG(s) 'example_bash_operator' retrieved from /home/vscode/.local/lib/python3.11/site-packages/airflow/example_dags/example_bash_operator.py
[2026-05-23T11:53:39.549+0000] {logging_mixin.py:188} INFO - [2026-05-23T11:53:39.549+0000] {dag.py:3096} INFO - Sync 1 DAGs
[2026-05-23T11:53:39.562+0000] {logging_mixin.py:188} INFO - [2026-05-23T11:53:39.562+0000] {dag.py:3954} INFO - Setting next_dagrun for example_bash_operator to 2026-05-22 00:00:00+00:00, run_after=2026-05-23 00:00:00+00:00
[2026-05-23T11:53:39.577+0000] {processor.py:183} INFO - Processing /home/vscode/.local/lib/python3.11/site-packages/airflow/example_dags/example_bash_operator.py took 0.062 seconds
[2026-05-23T11:54:47.264+0000] {processor.py:161} INFO - Started process (PID=21006) to work on /home/vscode/.local/lib/python3.11/site-packages/airflow/example_dags/example_bash_operator.py
[2026-05-23T11:54:47.265+0000] {processor.py:830} INFO - Processing file /home/vscode/.local/lib/python3.11/site-packages/airflow/example_dags/example_bash_operator.py for tasks to queue
[2026-05-23T11:54:47.265+0000] {logging_mixin.py:188} INFO - [2026-05-23T11:54:47.265+0000] {dagbag.py:545} INFO - Filling up the DagBag from /home/vscode/.local/lib/python3.11/site-packages/airflow/example_dags/example_bash_operator.py
[2026-05-23T11:54:47.279+0000] {processor.py:840} INFO - DAG(s) 'example_bash_operator' retrieved from /home/vscode/.local/lib/python3.11/site-packages/airflow/example_dags/example_bash_operator.py
[2026-05-23T11:54:47.305+0000] {logging_mixin.py:188} INFO - [2026-05-23T11:54:47.304+0000] {dag.py:3096} INFO - Sync 1 DAGs
[2026-05-23T11:54:47.326+0000] {logging_mixin.py:188} INFO - [2026-05-23T11:54:47.326+0000] {dag.py:3954} INFO - Setting next_dagrun for example_bash_operator to 2026-05-22 00:00:00+00:00, run_after=2026-05-23 00:00:00+00:00
[2026-05-23T11:54:47.349+0000] {processor.py:183} INFO - Processing /home/vscode/.local/lib/python3.11/site-packages/airflow/example_dags/example_bash_operator.py took 0.106 seconds
[2026-05-23T11:56:03.363+0000] {processor.py:161} INFO - Started process (PID=22032) to work on /home/vscode/.local/lib/python3.11/site-packages/airflow/example_dags/example_bash_operator.py
[2026-05-23T11:56:03.364+0000] {processor.py:830} INFO - Processing file /home/vscode/.local/lib/python3.11/site-packages/airflow/example_dags/example_bash_operator.py for tasks to queue
[2026-05-23T11:56:03.365+0000] {logging_mixin.py:188} INFO - [2026-05-23T11:56:03.364+0000] {dagbag.py:545} INFO - Filling up the DagBag from /home/vscode/.local/lib/python3.11/site-packages/airflow/example_dags/example_bash_operator.py
[2026-05-23T11:56:03.377+0000] {processor.py:840} INFO - DAG(s) 'example_bash_operator' retrieved from /home/vscode/.local/lib/python3.11/site-packages/airflow/example_dags/example_bash_operator.py
[2026-05-23T11:56:03.403+0000] {logging_mixin.py:188} INFO - [2026-05-23T11:56:03.403+0000] {dag.py:3096} INFO - Sync 1 DAGs
[2026-05-23T11:56:03.425+0000] {logging_mixin.py:188} INFO - [2026-05-23T11:56:03.425+0000] {dag.py:3954} INFO - Setting next_dagrun for example_bash_operator to 2026-05-22 00:00:00+00:00, run_after=2026-05-23 00:00:00+00:00
[2026-05-23T11:56:03.450+0000] {processor.py:183} INFO - Processing /home/vscode/.local/lib/python3.11/site-packages/airflow/example_dags/example_bash_operator.py took 0.096 seconds
[2026-05-23T11:57:16.981+0000] {processor.py:161} INFO - Started process (PID=22798) to work on /home/vscode/.local/lib/python3.11/site-packages/airflow/example_dags/example_bash_operator.py
[2026-05-23T11:57:16.982+0000] {processor.py:830} INFO - Processing file /home/vscode/.local/lib/python3.11/site-packages/airflow/example_dags/example_bash_operator.py for tasks to queue
[2026-05-23T11:57:16.982+0000] {logging_mixin.py:188} INFO - [2026-05-23T11:57:16.982+0000] {dagbag.py:545} INFO - Filling up the DagBag from /home/vscode/.local/lib/python3.11/site-packages/airflow/example_dags/example_bash_operator.py
[2026-05-23T11:57:16.995+0000] {processor.py:840} INFO - DAG(s) 'example_bash_operator' retrieved from /home/vscode/.local/lib/python3.11/site-packages/airflow/example_dags/example_bash_operator.py
[2026-05-23T11:57:17.028+0000] {logging_mixin.py:188} INFO - [2026-05-23T11:57:17.027+0000] {dag.py:3096} INFO - Sync 1 DAGs
[2026-05-23T11:57:17.049+0000] {logging_mixin.py:188} INFO - [2026-05-23T11:57:17.049+0000] {dag.py:3954} INFO - Setting next_dagrun for example_bash_operator to 2026-05-22 00:00:00+00:00, run_after=2026-05-23 00:00:00+00:00
[2026-05-23T11:57:17.079+0000] {processor.py:183} INFO - Processing /home/vscode/.local/lib/python3.11/site-packages/airflow/example_dags/example_bash_operator.py took 0.108 seconds
[2026-05-23T11:58:31.540+0000] {processor.py:161} INFO - Started process (PID=23579) to work on /home/vscode/.local/lib/python3.11/site-packages/airflow/example_dags/example_bash_operator.py
[2026-05-23T11:58:31.541+0000] {processor.py:830} INFO - Processing file /home/vscode/.local/lib/python3.11/site-packages/airflow/example_dags/example_bash_operator.py for tasks to queue
[2026-05-23T11:58:31.541+0000] {logging_mixin.py:188} INFO - [2026-05-23T11:58:31.541+0000] {dagbag.py:545} INFO - Filling up the DagBag from /home/vscode/.local/lib/python3.11/site-packages/airflow/example_dags/example_bash_operator.py
[2026-05-23T11:58:31.554+0000] {processor.py:840} INFO - DAG(s) 'example_bash_operator' retrieved from /home/vscode/.local/lib/python3.11/site-packages/airflow/example_dags/example_bash_operator.py
[2026-05-23T11:58:31.580+0000] {logging_mixin.py:188} INFO - [2026-05-23T11:58:31.580+0000] {dag.py:3096} INFO - Sync 1 DAGs
[2026-05-23T11:58:31.604+0000] {logging_mixin.py:188} INFO - [2026-05-23T11:58:31.604+0000] {dag.py:3954} INFO - Setting next_dagrun for example_bash_operator to 2026-05-22 00:00:00+00:00, run_after=2026-05-23 00:00:00+00:00
[2026-05-23T11:58:31.673+0000] {processor.py:183} INFO - Processing /home/vscode/.local/lib/python3.11/site-packages/airflow/example_dags/example_bash_operator.py took 0.143 seconds
