[2026-05-23T11:26:33.952+0000] {processor.py:161} INFO - Started process (PID=3022) to work on /home/vscode/.local/lib/python3.11/site-packages/airflow/example_dags/example_trigger_controller_dag.py
[2026-05-23T11:26:33.953+0000] {processor.py:830} INFO - Processing file /home/vscode/.local/lib/python3.11/site-packages/airflow/example_dags/example_trigger_controller_dag.py for tasks to queue
[2026-05-23T11:26:33.953+0000] {logging_mixin.py:188} INFO - [2026-05-23T11:26:33.953+0000] {dagbag.py:545} INFO - Filling up the DagBag from /home/vscode/.local/lib/python3.11/site-packages/airflow/example_dags/example_trigger_controller_dag.py
[2026-05-23T11:26:33.958+0000] {processor.py:840} INFO - DAG(s) 'example_trigger_controller_dag' retrieved from /home/vscode/.local/lib/python3.11/site-packages/airflow/example_dags/example_trigger_controller_dag.py
[2026-05-23T11:26:33.964+0000] {logging_mixin.py:188} INFO - [2026-05-23T11:26:33.964+0000] {dag.py:3096} INFO - Sync 1 DAGs
[2026-05-23T11:26:33.979+0000] {logging_mixin.py:188} INFO - [2026-05-23T11:26:33.979+0000] {dag.py:3954} INFO - Setting next_dagrun for example_trigger_controller_dag to 2021-01-01 00:00:00+00:00, run_after=2021-01-01 00:00:00+00:00
[2026-05-23T11:26:33.995+0000] {processor.py:183} INFO - Processing /home/vscode/.local/lib/python3.11/site-packages/airflow/example_dags/example_trigger_controller_dag.py took 0.049 seconds
[2026-05-23T11:27:29.853+0000] {processor.py:161} INFO - Started process (PID=3718) to work on /home/vscode/.local/lib/python3.11/site-packages/airflow/example_dags/example_trigger_controller_dag.py
[2026-05-23T11:27:29.854+0000] {processor.py:830} INFO - Processing file /home/vscode/.local/lib/python3.11/site-packages/airflow/example_dags/example_trigger_controller_dag.py for tasks to queue
[2026-05-23T11:27:29.855+0000] {logging_mixin.py:188} INFO - [2026-05-23T11:27:29.855+0000] {dagbag.py:545} INFO - Filling up the DagBag from /home/vscode/.local/lib/python3.11/site-packages/airflow/example_dags/example_trigger_controller_dag.py
[2026-05-23T11:27:29.860+0000] {processor.py:840} INFO - DAG(s) 'example_trigger_controller_dag' retrieved from /home/vscode/.local/lib/python3.11/site-packages/airflow/example_dags/example_trigger_controller_dag.py
[2026-05-23T11:27:30.109+0000] {logging_mixin.py:188} INFO - [2026-05-23T11:27:30.109+0000] {dag.py:3096} INFO - Sync 1 DAGs
[2026-05-23T11:27:30.120+0000] {logging_mixin.py:188} INFO - [2026-05-23T11:27:30.120+0000] {dag.py:3954} INFO - Setting next_dagrun for example_trigger_controller_dag to 2021-01-01 00:00:00+00:00, run_after=2021-01-01 00:00:00+00:00
[2026-05-23T11:27:30.135+0000] {processor.py:183} INFO - Processing /home/vscode/.local/lib/python3.11/site-packages/airflow/example_dags/example_trigger_controller_dag.py took 0.290 seconds
[2026-05-23T11:28:23.025+0000] {processor.py:161} INFO - Started process (PID=4366) to work on /home/vscode/.local/lib/python3.11/site-packages/airflow/example_dags/example_trigger_controller_dag.py
[2026-05-23T11:28:23.026+0000] {processor.py:830} INFO - Processing file /home/vscode/.local/lib/python3.11/site-packages/airflow/example_dags/example_trigger_controller_dag.py for tasks to queue
[2026-05-23T11:28:23.026+0000] {logging_mixin.py:188} INFO - [2026-05-23T11:28:23.026+0000] {dagbag.py:545} INFO - Filling up the DagBag from /home/vscode/.local/lib/python3.11/site-packages/airflow/example_dags/example_trigger_controller_dag.py
[2026-05-23T11:28:23.031+0000] {processor.py:840} INFO - DAG(s) 'example_trigger_controller_dag' retrieved from /home/vscode/.local/lib/python3.11/site-packages/airflow/example_dags/example_trigger_controller_dag.py
[2026-05-23T11:28:23.050+0000] {logging_mixin.py:188} INFO - [2026-05-23T11:28:23.050+0000] {dag.py:3096} INFO - Sync 1 DAGs
[2026-05-23T11:28:23.074+0000] {logging_mixin.py:188} INFO - [2026-05-23T11:28:23.073+0000] {dag.py:3954} INFO - Setting next_dagrun for example_trigger_controller_dag to 2021-01-01 00:00:00+00:00, run_after=2021-01-01 00:00:00+00:00
[2026-05-23T11:28:23.141+0000] {processor.py:183} INFO - Processing /home/vscode/.local/lib/python3.11/site-packages/airflow/example_dags/example_trigger_controller_dag.py took 0.119 seconds
[2026-05-23T11:29:07.958+0000] {processor.py:161} INFO - Started process (PID=4714) to work on /home/vscode/.local/lib/python3.11/site-packages/airflow/example_dags/example_trigger_controller_dag.py
[2026-05-23T11:29:07.958+0000] {processor.py:830} INFO - Processing file /home/vscode/.local/lib/python3.11/site-packages/airflow/example_dags/example_trigger_controller_dag.py for tasks to queue
[2026-05-23T11:29:07.959+0000] {logging_mixin.py:188} INFO - [2026-05-23T11:29:07.958+0000] {dagbag.py:545} INFO - Filling up the DagBag from /home/vscode/.local/lib/python3.11/site-packages/airflow/example_dags/example_trigger_controller_dag.py
[2026-05-23T11:29:07.962+0000] {processor.py:840} INFO - DAG(s) 'example_trigger_controller_dag' retrieved from /home/vscode/.local/lib/python3.11/site-packages/airflow/example_dags/example_trigger_controller_dag.py
[2026-05-23T11:29:07.972+0000] {logging_mixin.py:188} INFO - [2026-05-23T11:29:07.972+0000] {dag.py:3096} INFO - Sync 1 DAGs
[2026-05-23T11:29:07.986+0000] {logging_mixin.py:188} INFO - [2026-05-23T11:29:07.986+0000] {dag.py:3954} INFO - Setting next_dagrun for example_trigger_controller_dag to 2021-01-01 00:00:00+00:00, run_after=2021-01-01 00:00:00+00:00
[2026-05-23T11:29:08.001+0000] {processor.py:183} INFO - Processing /home/vscode/.local/lib/python3.11/site-packages/airflow/example_dags/example_trigger_controller_dag.py took 0.050 seconds
[2026-05-23T11:29:51.884+0000] {processor.py:161} INFO - Started process (PID=5112) to work on /home/vscode/.local/lib/python3.11/site-packages/airflow/example_dags/example_trigger_controller_dag.py
[2026-05-23T11:29:51.885+0000] {processor.py:830} INFO - Processing file /home/vscode/.local/lib/python3.11/site-packages/airflow/example_dags/example_trigger_controller_dag.py for tasks to queue
[2026-05-23T11:29:51.885+0000] {logging_mixin.py:188} INFO - [2026-05-23T11:29:51.885+0000] {dagbag.py:545} INFO - Filling up the DagBag from /home/vscode/.local/lib/python3.11/site-packages/airflow/example_dags/example_trigger_controller_dag.py
[2026-05-23T11:29:51.889+0000] {processor.py:840} INFO - DAG(s) 'example_trigger_controller_dag' retrieved from /home/vscode/.local/lib/python3.11/site-packages/airflow/example_dags/example_trigger_controller_dag.py
[2026-05-23T11:29:51.900+0000] {logging_mixin.py:188} INFO - [2026-05-23T11:29:51.900+0000] {dag.py:3096} INFO - Sync 1 DAGs
[2026-05-23T11:29:51.914+0000] {logging_mixin.py:188} INFO - [2026-05-23T11:29:51.913+0000] {dag.py:3954} INFO - Setting next_dagrun for example_trigger_controller_dag to 2021-01-01 00:00:00+00:00, run_after=2021-01-01 00:00:00+00:00
[2026-05-23T11:29:51.928+0000] {processor.py:183} INFO - Processing /home/vscode/.local/lib/python3.11/site-packages/airflow/example_dags/example_trigger_controller_dag.py took 0.050 seconds
[2026-05-23T11:30:42.136+0000] {processor.py:161} INFO - Started process (PID=5683) to work on /home/vscode/.local/lib/python3.11/site-packages/airflow/example_dags/example_trigger_controller_dag.py
[2026-05-23T11:30:42.137+0000] {processor.py:830} INFO - Processing file /home/vscode/.local/lib/python3.11/site-packages/airflow/example_dags/example_trigger_controller_dag.py for tasks to queue
[2026-05-23T11:30:42.137+0000] {logging_mixin.py:188} INFO - [2026-05-23T11:30:42.137+0000] {dagbag.py:545} INFO - Filling up the DagBag from /home/vscode/.local/lib/python3.11/site-packages/airflow/example_dags/example_trigger_controller_dag.py
[2026-05-23T11:30:42.141+0000] {processor.py:840} INFO - DAG(s) 'example_trigger_controller_dag' retrieved from /home/vscode/.local/lib/python3.11/site-packages/airflow/example_dags/example_trigger_controller_dag.py
[2026-05-23T11:30:42.156+0000] {logging_mixin.py:188} INFO - [2026-05-23T11:30:42.155+0000] {dag.py:3096} INFO - Sync 1 DAGs
[2026-05-23T11:30:42.176+0000] {logging_mixin.py:188} INFO - [2026-05-23T11:30:42.176+0000] {dag.py:3954} INFO - Setting next_dagrun for example_trigger_controller_dag to 2021-01-01 00:00:00+00:00, run_after=2021-01-01 00:00:00+00:00
[2026-05-23T11:30:42.199+0000] {processor.py:183} INFO - Processing /home/vscode/.local/lib/python3.11/site-packages/airflow/example_dags/example_trigger_controller_dag.py took 0.069 seconds
[2026-05-23T11:31:26.162+0000] {processor.py:161} INFO - Started process (PID=6085) to work on /home/vscode/.local/lib/python3.11/site-packages/airflow/example_dags/example_trigger_controller_dag.py
[2026-05-23T11:31:26.163+0000] {processor.py:830} INFO - Processing file /home/vscode/.local/lib/python3.11/site-packages/airflow/example_dags/example_trigger_controller_dag.py for tasks to queue
[2026-05-23T11:31:26.163+0000] {logging_mixin.py:188} INFO - [2026-05-23T11:31:26.163+0000] {dagbag.py:545} INFO - Filling up the DagBag from /home/vscode/.local/lib/python3.11/site-packages/airflow/example_dags/example_trigger_controller_dag.py
[2026-05-23T11:31:26.167+0000] {processor.py:840} INFO - DAG(s) 'example_trigger_controller_dag' retrieved from /home/vscode/.local/lib/python3.11/site-packages/airflow/example_dags/example_trigger_controller_dag.py
[2026-05-23T11:31:26.178+0000] {logging_mixin.py:188} INFO - [2026-05-23T11:31:26.178+0000] {dag.py:3096} INFO - Sync 1 DAGs
[2026-05-23T11:31:26.192+0000] {logging_mixin.py:188} INFO - [2026-05-23T11:31:26.192+0000] {dag.py:3954} INFO - Setting next_dagrun for example_trigger_controller_dag to 2021-01-01 00:00:00+00:00, run_after=2021-01-01 00:00:00+00:00
[2026-05-23T11:31:26.207+0000] {processor.py:183} INFO - Processing /home/vscode/.local/lib/python3.11/site-packages/airflow/example_dags/example_trigger_controller_dag.py took 0.052 seconds
[2026-05-23T11:32:09.318+0000] {processor.py:161} INFO - Started process (PID=6478) to work on /home/vscode/.local/lib/python3.11/site-packages/airflow/example_dags/example_trigger_controller_dag.py
[2026-05-23T11:32:09.318+0000] {processor.py:830} INFO - Processing file /home/vscode/.local/lib/python3.11/site-packages/airflow/example_dags/example_trigger_controller_dag.py for tasks to queue
[2026-05-23T11:32:09.319+0000] {logging_mixin.py:188} INFO - [2026-05-23T11:32:09.319+0000] {dagbag.py:545} INFO - Filling up the DagBag from /home/vscode/.local/lib/python3.11/site-packages/airflow/example_dags/example_trigger_controller_dag.py
[2026-05-23T11:32:09.322+0000] {processor.py:840} INFO - DAG(s) 'example_trigger_controller_dag' retrieved from /home/vscode/.local/lib/python3.11/site-packages/airflow/example_dags/example_trigger_controller_dag.py
[2026-05-23T11:32:09.333+0000] {logging_mixin.py:188} INFO - [2026-05-23T11:32:09.333+0000] {dag.py:3096} INFO - Sync 1 DAGs
[2026-05-23T11:32:09.345+0000] {logging_mixin.py:188} INFO - [2026-05-23T11:32:09.345+0000] {dag.py:3954} INFO - Setting next_dagrun for example_trigger_controller_dag to 2021-01-01 00:00:00+00:00, run_after=2021-01-01 00:00:00+00:00
[2026-05-23T11:32:09.364+0000] {processor.py:183} INFO - Processing /home/vscode/.local/lib/python3.11/site-packages/airflow/example_dags/example_trigger_controller_dag.py took 0.052 seconds
[2026-05-23T11:32:50.940+0000] {processor.py:161} INFO - Started process (PID=7408) to work on /home/vscode/.local/lib/python3.11/site-packages/airflow/example_dags/example_trigger_controller_dag.py
[2026-05-23T11:32:50.941+0000] {processor.py:830} INFO - Processing file /home/vscode/.local/lib/python3.11/site-packages/airflow/example_dags/example_trigger_controller_dag.py for tasks to queue
[2026-05-23T11:32:50.941+0000] {logging_mixin.py:188} INFO - [2026-05-23T11:32:50.941+0000] {dagbag.py:545} INFO - Filling up the DagBag from /home/vscode/.local/lib/python3.11/site-packages/airflow/example_dags/example_trigger_controller_dag.py
[2026-05-23T11:32:50.945+0000] {processor.py:840} INFO - DAG(s) 'example_trigger_controller_dag' retrieved from /home/vscode/.local/lib/python3.11/site-packages/airflow/example_dags/example_trigger_controller_dag.py
[2026-05-23T11:32:50.955+0000] {logging_mixin.py:188} INFO - [2026-05-23T11:32:50.955+0000] {dag.py:3096} INFO - Sync 1 DAGs
[2026-05-23T11:32:50.969+0000] {logging_mixin.py:188} INFO - [2026-05-23T11:32:50.969+0000] {dag.py:3954} INFO - Setting next_dagrun for example_trigger_controller_dag to 2021-01-01 00:00:00+00:00, run_after=2021-01-01 00:00:00+00:00
[2026-05-23T11:32:50.984+0000] {processor.py:183} INFO - Processing /home/vscode/.local/lib/python3.11/site-packages/airflow/example_dags/example_trigger_controller_dag.py took 0.050 seconds
[2026-05-23T11:33:36.189+0000] {processor.py:161} INFO - Started process (PID=8410) to work on /home/vscode/.local/lib/python3.11/site-packages/airflow/example_dags/example_trigger_controller_dag.py
[2026-05-23T11:33:36.189+0000] {processor.py:830} INFO - Processing file /home/vscode/.local/lib/python3.11/site-packages/airflow/example_dags/example_trigger_controller_dag.py for tasks to queue
[2026-05-23T11:33:36.190+0000] {logging_mixin.py:188} INFO - [2026-05-23T11:33:36.190+0000] {dagbag.py:545} INFO - Filling up the DagBag from /home/vscode/.local/lib/python3.11/site-packages/airflow/example_dags/example_trigger_controller_dag.py
[2026-05-23T11:33:36.193+0000] {processor.py:840} INFO - DAG(s) 'example_trigger_controller_dag' retrieved from /home/vscode/.local/lib/python3.11/site-packages/airflow/example_dags/example_trigger_controller_dag.py
[2026-05-23T11:33:36.204+0000] {logging_mixin.py:188} INFO - [2026-05-23T11:33:36.204+0000] {dag.py:3096} INFO - Sync 1 DAGs
[2026-05-23T11:33:36.217+0000] {logging_mixin.py:188} INFO - [2026-05-23T11:33:36.217+0000] {dag.py:3954} INFO - Setting next_dagrun for example_trigger_controller_dag to 2021-01-01 00:00:00+00:00, run_after=2021-01-01 00:00:00+00:00
[2026-05-23T11:33:36.231+0000] {processor.py:183} INFO - Processing /home/vscode/.local/lib/python3.11/site-packages/airflow/example_dags/example_trigger_controller_dag.py took 0.049 seconds
[2026-05-23T11:34:23.971+0000] {processor.py:161} INFO - Started process (PID=8677) to work on /home/vscode/.local/lib/python3.11/site-packages/airflow/example_dags/example_trigger_controller_dag.py
[2026-05-23T11:34:23.971+0000] {processor.py:830} INFO - Processing file /home/vscode/.local/lib/python3.11/site-packages/airflow/example_dags/example_trigger_controller_dag.py for tasks to queue
[2026-05-23T11:34:23.972+0000] {logging_mixin.py:188} INFO - [2026-05-23T11:34:23.971+0000] {dagbag.py:545} INFO - Filling up the DagBag from /home/vscode/.local/lib/python3.11/site-packages/airflow/example_dags/example_trigger_controller_dag.py
[2026-05-23T11:34:23.975+0000] {processor.py:840} INFO - DAG(s) 'example_trigger_controller_dag' retrieved from /home/vscode/.local/lib/python3.11/site-packages/airflow/example_dags/example_trigger_controller_dag.py
[2026-05-23T11:34:23.986+0000] {logging_mixin.py:188} INFO - [2026-05-23T11:34:23.986+0000] {dag.py:3096} INFO - Sync 1 DAGs
[2026-05-23T11:34:24.000+0000] {logging_mixin.py:188} INFO - [2026-05-23T11:34:24.000+0000] {dag.py:3954} INFO - Setting next_dagrun for example_trigger_controller_dag to 2021-01-01 00:00:00+00:00, run_after=2021-01-01 00:00:00+00:00
[2026-05-23T11:34:24.016+0000] {processor.py:183} INFO - Processing /home/vscode/.local/lib/python3.11/site-packages/airflow/example_dags/example_trigger_controller_dag.py took 0.051 seconds
[2026-05-23T11:35:08.397+0000] {processor.py:161} INFO - Started process (PID=9019) to work on /home/vscode/.local/lib/python3.11/site-packages/airflow/example_dags/example_trigger_controller_dag.py
[2026-05-23T11:35:08.397+0000] {processor.py:830} INFO - Processing file /home/vscode/.local/lib/python3.11/site-packages/airflow/example_dags/example_trigger_controller_dag.py for tasks to queue
[2026-05-23T11:35:08.398+0000] {logging_mixin.py:188} INFO - [2026-05-23T11:35:08.398+0000] {dagbag.py:545} INFO - Filling up the DagBag from /home/vscode/.local/lib/python3.11/site-packages/airflow/example_dags/example_trigger_controller_dag.py
[2026-05-23T11:35:08.401+0000] {processor.py:840} INFO - DAG(s) 'example_trigger_controller_dag' retrieved from /home/vscode/.local/lib/python3.11/site-packages/airflow/example_dags/example_trigger_controller_dag.py
[2026-05-23T11:35:08.413+0000] {logging_mixin.py:188} INFO - [2026-05-23T11:35:08.412+0000] {dag.py:3096} INFO - Sync 1 DAGs
[2026-05-23T11:35:08.426+0000] {logging_mixin.py:188} INFO - [2026-05-23T11:35:08.426+0000] {dag.py:3954} INFO - Setting next_dagrun for example_trigger_controller_dag to 2021-01-01 00:00:00+00:00, run_after=2021-01-01 00:00:00+00:00
[2026-05-23T11:35:08.443+0000] {processor.py:183} INFO - Processing /home/vscode/.local/lib/python3.11/site-packages/airflow/example_dags/example_trigger_controller_dag.py took 0.053 seconds
[2026-05-23T11:35:51.685+0000] {processor.py:161} INFO - Started process (PID=9377) to work on /home/vscode/.local/lib/python3.11/site-packages/airflow/example_dags/example_trigger_controller_dag.py
[2026-05-23T11:35:51.685+0000] {processor.py:830} INFO - Processing file /home/vscode/.local/lib/python3.11/site-packages/airflow/example_dags/example_trigger_controller_dag.py for tasks to queue
[2026-05-23T11:35:51.686+0000] {logging_mixin.py:188} INFO - [2026-05-23T11:35:51.686+0000] {dagbag.py:545} INFO - Filling up the DagBag from /home/vscode/.local/lib/python3.11/site-packages/airflow/example_dags/example_trigger_controller_dag.py
[2026-05-23T11:35:51.689+0000] {processor.py:840} INFO - DAG(s) 'example_trigger_controller_dag' retrieved from /home/vscode/.local/lib/python3.11/site-packages/airflow/example_dags/example_trigger_controller_dag.py
[2026-05-23T11:35:51.700+0000] {logging_mixin.py:188} INFO - [2026-05-23T11:35:51.700+0000] {dag.py:3096} INFO - Sync 1 DAGs
[2026-05-23T11:35:51.713+0000] {logging_mixin.py:188} INFO - [2026-05-23T11:35:51.712+0000] {dag.py:3954} INFO - Setting next_dagrun for example_trigger_controller_dag to 2021-01-01 00:00:00+00:00, run_after=2021-01-01 00:00:00+00:00
[2026-05-23T11:35:51.727+0000] {processor.py:183} INFO - Processing /home/vscode/.local/lib/python3.11/site-packages/airflow/example_dags/example_trigger_controller_dag.py took 0.049 seconds
[2026-05-23T11:36:33.851+0000] {processor.py:161} INFO - Started process (PID=9805) to work on /home/vscode/.local/lib/python3.11/site-packages/airflow/example_dags/example_trigger_controller_dag.py
[2026-05-23T11:36:33.851+0000] {processor.py:830} INFO - Processing file /home/vscode/.local/lib/python3.11/site-packages/airflow/example_dags/example_trigger_controller_dag.py for tasks to queue
[2026-05-23T11:36:33.852+0000] {logging_mixin.py:188} INFO - [2026-05-23T11:36:33.852+0000] {dagbag.py:545} INFO - Filling up the DagBag from /home/vscode/.local/lib/python3.11/site-packages/airflow/example_dags/example_trigger_controller_dag.py
[2026-05-23T11:36:33.855+0000] {processor.py:840} INFO - DAG(s) 'example_trigger_controller_dag' retrieved from /home/vscode/.local/lib/python3.11/site-packages/airflow/example_dags/example_trigger_controller_dag.py
[2026-05-23T11:36:33.866+0000] {logging_mixin.py:188} INFO - [2026-05-23T11:36:33.866+0000] {dag.py:3096} INFO - Sync 1 DAGs
[2026-05-23T11:36:33.880+0000] {logging_mixin.py:188} INFO - [2026-05-23T11:36:33.880+0000] {dag.py:3954} INFO - Setting next_dagrun for example_trigger_controller_dag to 2021-01-01 00:00:00+00:00, run_after=2021-01-01 00:00:00+00:00
[2026-05-23T11:36:33.896+0000] {processor.py:183} INFO - Processing /home/vscode/.local/lib/python3.11/site-packages/airflow/example_dags/example_trigger_controller_dag.py took 0.052 seconds
[2026-05-23T11:37:20.784+0000] {processor.py:161} INFO - Started process (PID=10158) to work on /home/vscode/.local/lib/python3.11/site-packages/airflow/example_dags/example_trigger_controller_dag.py
[2026-05-23T11:37:20.784+0000] {processor.py:830} INFO - Processing file /home/vscode/.local/lib/python3.11/site-packages/airflow/example_dags/example_trigger_controller_dag.py for tasks to queue
[2026-05-23T11:37:20.785+0000] {logging_mixin.py:188} INFO - [2026-05-23T11:37:20.785+0000] {dagbag.py:545} INFO - Filling up the DagBag from /home/vscode/.local/lib/python3.11/site-packages/airflow/example_dags/example_trigger_controller_dag.py
[2026-05-23T11:37:20.789+0000] {processor.py:840} INFO - DAG(s) 'example_trigger_controller_dag' retrieved from /home/vscode/.local/lib/python3.11/site-packages/airflow/example_dags/example_trigger_controller_dag.py
[2026-05-23T11:37:20.800+0000] {logging_mixin.py:188} INFO - [2026-05-23T11:37:20.800+0000] {dag.py:3096} INFO - Sync 1 DAGs
[2026-05-23T11:37:20.814+0000] {logging_mixin.py:188} INFO - [2026-05-23T11:37:20.814+0000] {dag.py:3954} INFO - Setting next_dagrun for example_trigger_controller_dag to 2021-01-01 00:00:00+00:00, run_after=2021-01-01 00:00:00+00:00
[2026-05-23T11:37:20.831+0000] {processor.py:183} INFO - Processing /home/vscode/.local/lib/python3.11/site-packages/airflow/example_dags/example_trigger_controller_dag.py took 0.055 seconds
[2026-05-23T11:38:05.136+0000] {processor.py:161} INFO - Started process (PID=10549) to work on /home/vscode/.local/lib/python3.11/site-packages/airflow/example_dags/example_trigger_controller_dag.py
[2026-05-23T11:38:05.137+0000] {processor.py:830} INFO - Processing file /home/vscode/.local/lib/python3.11/site-packages/airflow/example_dags/example_trigger_controller_dag.py for tasks to queue
[2026-05-23T11:38:05.137+0000] {logging_mixin.py:188} INFO - [2026-05-23T11:38:05.137+0000] {dagbag.py:545} INFO - Filling up the DagBag from /home/vscode/.local/lib/python3.11/site-packages/airflow/example_dags/example_trigger_controller_dag.py
[2026-05-23T11:38:05.141+0000] {processor.py:840} INFO - DAG(s) 'example_trigger_controller_dag' retrieved from /home/vscode/.local/lib/python3.11/site-packages/airflow/example_dags/example_trigger_controller_dag.py
[2026-05-23T11:38:05.151+0000] {logging_mixin.py:188} INFO - [2026-05-23T11:38:05.151+0000] {dag.py:3096} INFO - Sync 1 DAGs
[2026-05-23T11:38:05.165+0000] {logging_mixin.py:188} INFO - [2026-05-23T11:38:05.165+0000] {dag.py:3954} INFO - Setting next_dagrun for example_trigger_controller_dag to 2021-01-01 00:00:00+00:00, run_after=2021-01-01 00:00:00+00:00
[2026-05-23T11:38:05.186+0000] {processor.py:183} INFO - Processing /home/vscode/.local/lib/python3.11/site-packages/airflow/example_dags/example_trigger_controller_dag.py took 0.058 seconds
[2026-05-23T11:38:45.116+0000] {processor.py:161} INFO - Started process (PID=10925) to work on /home/vscode/.local/lib/python3.11/site-packages/airflow/example_dags/example_trigger_controller_dag.py
[2026-05-23T11:38:45.117+0000] {processor.py:830} INFO - Processing file /home/vscode/.local/lib/python3.11/site-packages/airflow/example_dags/example_trigger_controller_dag.py for tasks to queue
[2026-05-23T11:38:45.117+0000] {logging_mixin.py:188} INFO - [2026-05-23T11:38:45.117+0000] {dagbag.py:545} INFO - Filling up the DagBag from /home/vscode/.local/lib/python3.11/site-packages/airflow/example_dags/example_trigger_controller_dag.py
[2026-05-23T11:38:45.121+0000] {processor.py:840} INFO - DAG(s) 'example_trigger_controller_dag' retrieved from /home/vscode/.local/lib/python3.11/site-packages/airflow/example_dags/example_trigger_controller_dag.py
[2026-05-23T11:38:45.132+0000] {logging_mixin.py:188} INFO - [2026-05-23T11:38:45.132+0000] {dag.py:3096} INFO - Sync 1 DAGs
[2026-05-23T11:38:45.145+0000] {logging_mixin.py:188} INFO - [2026-05-23T11:38:45.145+0000] {dag.py:3954} INFO - Setting next_dagrun for example_trigger_controller_dag to 2021-01-01 00:00:00+00:00, run_after=2021-01-01 00:00:00+00:00
[2026-05-23T11:38:45.161+0000] {processor.py:183} INFO - Processing /home/vscode/.local/lib/python3.11/site-packages/airflow/example_dags/example_trigger_controller_dag.py took 0.051 seconds
[2026-05-23T11:39:27.638+0000] {processor.py:161} INFO - Started process (PID=11308) to work on /home/vscode/.local/lib/python3.11/site-packages/airflow/example_dags/example_trigger_controller_dag.py
[2026-05-23T11:39:27.639+0000] {processor.py:830} INFO - Processing file /home/vscode/.local/lib/python3.11/site-packages/airflow/example_dags/example_trigger_controller_dag.py for tasks to queue
[2026-05-23T11:39:27.639+0000] {logging_mixin.py:188} INFO - [2026-05-23T11:39:27.639+0000] {dagbag.py:545} INFO - Filling up the DagBag from /home/vscode/.local/lib/python3.11/site-packages/airflow/example_dags/example_trigger_controller_dag.py
[2026-05-23T11:39:27.644+0000] {processor.py:840} INFO - DAG(s) 'example_trigger_controller_dag' retrieved from /home/vscode/.local/lib/python3.11/site-packages/airflow/example_dags/example_trigger_controller_dag.py
[2026-05-23T11:39:27.655+0000] {logging_mixin.py:188} INFO - [2026-05-23T11:39:27.655+0000] {dag.py:3096} INFO - Sync 1 DAGs
[2026-05-23T11:39:27.669+0000] {logging_mixin.py:188} INFO - [2026-05-23T11:39:27.669+0000] {dag.py:3954} INFO - Setting next_dagrun for example_trigger_controller_dag to 2021-01-01 00:00:00+00:00, run_after=2021-01-01 00:00:00+00:00
[2026-05-23T11:39:27.686+0000] {processor.py:183} INFO - Processing /home/vscode/.local/lib/python3.11/site-packages/airflow/example_dags/example_trigger_controller_dag.py took 0.055 seconds
[2026-05-23T11:40:09.622+0000] {processor.py:161} INFO - Started process (PID=11633) to work on /home/vscode/.local/lib/python3.11/site-packages/airflow/example_dags/example_trigger_controller_dag.py
[2026-05-23T11:40:09.623+0000] {processor.py:830} INFO - Processing file /home/vscode/.local/lib/python3.11/site-packages/airflow/example_dags/example_trigger_controller_dag.py for tasks to queue
[2026-05-23T11:40:09.623+0000] {logging_mixin.py:188} INFO - [2026-05-23T11:40:09.623+0000] {dagbag.py:545} INFO - Filling up the DagBag from /home/vscode/.local/lib/python3.11/site-packages/airflow/example_dags/example_trigger_controller_dag.py
[2026-05-23T11:40:09.627+0000] {processor.py:840} INFO - DAG(s) 'example_trigger_controller_dag' retrieved from /home/vscode/.local/lib/python3.11/site-packages/airflow/example_dags/example_trigger_controller_dag.py
[2026-05-23T11:40:09.638+0000] {logging_mixin.py:188} INFO - [2026-05-23T11:40:09.637+0000] {dag.py:3096} INFO - Sync 1 DAGs
[2026-05-23T11:40:09.650+0000] {logging_mixin.py:188} INFO - [2026-05-23T11:40:09.650+0000] {dag.py:3954} INFO - Setting next_dagrun for example_trigger_controller_dag to 2021-01-01 00:00:00+00:00, run_after=2021-01-01 00:00:00+00:00
[2026-05-23T11:40:09.666+0000] {processor.py:183} INFO - Processing /home/vscode/.local/lib/python3.11/site-packages/airflow/example_dags/example_trigger_controller_dag.py took 0.050 seconds
[2026-05-23T11:40:51.743+0000] {processor.py:161} INFO - Started process (PID=12023) to work on /home/vscode/.local/lib/python3.11/site-packages/airflow/example_dags/example_trigger_controller_dag.py
[2026-05-23T11:40:51.744+0000] {processor.py:830} INFO - Processing file /home/vscode/.local/lib/python3.11/site-packages/airflow/example_dags/example_trigger_controller_dag.py for tasks to queue
[2026-05-23T11:40:51.744+0000] {logging_mixin.py:188} INFO - [2026-05-23T11:40:51.744+0000] {dagbag.py:545} INFO - Filling up the DagBag from /home/vscode/.local/lib/python3.11/site-packages/airflow/example_dags/example_trigger_controller_dag.py
[2026-05-23T11:40:51.747+0000] {processor.py:840} INFO - DAG(s) 'example_trigger_controller_dag' retrieved from /home/vscode/.local/lib/python3.11/site-packages/airflow/example_dags/example_trigger_controller_dag.py
[2026-05-23T11:40:51.758+0000] {logging_mixin.py:188} INFO - [2026-05-23T11:40:51.757+0000] {dag.py:3096} INFO - Sync 1 DAGs
[2026-05-23T11:40:51.771+0000] {logging_mixin.py:188} INFO - [2026-05-23T11:40:51.770+0000] {dag.py:3954} INFO - Setting next_dagrun for example_trigger_controller_dag to 2021-01-01 00:00:00+00:00, run_after=2021-01-01 00:00:00+00:00
[2026-05-23T11:40:51.786+0000] {processor.py:183} INFO - Processing /home/vscode/.local/lib/python3.11/site-packages/airflow/example_dags/example_trigger_controller_dag.py took 0.051 seconds
[2026-05-23T11:41:33.846+0000] {processor.py:161} INFO - Started process (PID=12465) to work on /home/vscode/.local/lib/python3.11/site-packages/airflow/example_dags/example_trigger_controller_dag.py
[2026-05-23T11:41:33.846+0000] {processor.py:830} INFO - Processing file /home/vscode/.local/lib/python3.11/site-packages/airflow/example_dags/example_trigger_controller_dag.py for tasks to queue
[2026-05-23T11:41:33.847+0000] {logging_mixin.py:188} INFO - [2026-05-23T11:41:33.847+0000] {dagbag.py:545} INFO - Filling up the DagBag from /home/vscode/.local/lib/python3.11/site-packages/airflow/example_dags/example_trigger_controller_dag.py
[2026-05-23T11:41:33.850+0000] {processor.py:840} INFO - DAG(s) 'example_trigger_controller_dag' retrieved from /home/vscode/.local/lib/python3.11/site-packages/airflow/example_dags/example_trigger_controller_dag.py
[2026-05-23T11:41:33.861+0000] {logging_mixin.py:188} INFO - [2026-05-23T11:41:33.861+0000] {dag.py:3096} INFO - Sync 1 DAGs
[2026-05-23T11:41:33.874+0000] {logging_mixin.py:188} INFO - [2026-05-23T11:41:33.874+0000] {dag.py:3954} INFO - Setting next_dagrun for example_trigger_controller_dag to 2021-01-01 00:00:00+00:00, run_after=2021-01-01 00:00:00+00:00
[2026-05-23T11:41:33.890+0000] {processor.py:183} INFO - Processing /home/vscode/.local/lib/python3.11/site-packages/airflow/example_dags/example_trigger_controller_dag.py took 0.051 seconds
[2026-05-23T11:42:16.189+0000] {processor.py:161} INFO - Started process (PID=12793) to work on /home/vscode/.local/lib/python3.11/site-packages/airflow/example_dags/example_trigger_controller_dag.py
[2026-05-23T11:42:16.190+0000] {processor.py:830} INFO - Processing file /home/vscode/.local/lib/python3.11/site-packages/airflow/example_dags/example_trigger_controller_dag.py for tasks to queue
[2026-05-23T11:42:16.190+0000] {logging_mixin.py:188} INFO - [2026-05-23T11:42:16.190+0000] {dagbag.py:545} INFO - Filling up the DagBag from /home/vscode/.local/lib/python3.11/site-packages/airflow/example_dags/example_trigger_controller_dag.py
[2026-05-23T11:42:16.194+0000] {processor.py:840} INFO - DAG(s) 'example_trigger_controller_dag' retrieved from /home/vscode/.local/lib/python3.11/site-packages/airflow/example_dags/example_trigger_controller_dag.py
[2026-05-23T11:42:16.205+0000] {logging_mixin.py:188} INFO - [2026-05-23T11:42:16.204+0000] {dag.py:3096} INFO - Sync 1 DAGs
[2026-05-23T11:42:16.217+0000] {logging_mixin.py:188} INFO - [2026-05-23T11:42:16.217+0000] {dag.py:3954} INFO - Setting next_dagrun for example_trigger_controller_dag to 2021-01-01 00:00:00+00:00, run_after=2021-01-01 00:00:00+00:00
[2026-05-23T11:42:16.232+0000] {processor.py:183} INFO - Processing /home/vscode/.local/lib/python3.11/site-packages/airflow/example_dags/example_trigger_controller_dag.py took 0.049 seconds
[2026-05-23T11:43:00.907+0000] {processor.py:161} INFO - Started process (PID=13201) to work on /home/vscode/.local/lib/python3.11/site-packages/airflow/example_dags/example_trigger_controller_dag.py
[2026-05-23T11:43:00.907+0000] {processor.py:830} INFO - Processing file /home/vscode/.local/lib/python3.11/site-packages/airflow/example_dags/example_trigger_controller_dag.py for tasks to queue
[2026-05-23T11:43:00.908+0000] {logging_mixin.py:188} INFO - [2026-05-23T11:43:00.908+0000] {dagbag.py:545} INFO - Filling up the DagBag from /home/vscode/.local/lib/python3.11/site-packages/airflow/example_dags/example_trigger_controller_dag.py
[2026-05-23T11:43:00.912+0000] {processor.py:840} INFO - DAG(s) 'example_trigger_controller_dag' retrieved from /home/vscode/.local/lib/python3.11/site-packages/airflow/example_dags/example_trigger_controller_dag.py
[2026-05-23T11:43:00.929+0000] {logging_mixin.py:188} INFO - [2026-05-23T11:43:00.929+0000] {dag.py:3096} INFO - Sync 1 DAGs
[2026-05-23T11:43:00.958+0000] {logging_mixin.py:188} INFO - [2026-05-23T11:43:00.958+0000] {dag.py:3954} INFO - Setting next_dagrun for example_trigger_controller_dag to 2021-01-01 00:00:00+00:00, run_after=2021-01-01 00:00:00+00:00
[2026-05-23T11:43:00.986+0000] {processor.py:183} INFO - Processing /home/vscode/.local/lib/python3.11/site-packages/airflow/example_dags/example_trigger_controller_dag.py took 0.085 seconds
[2026-05-23T11:43:46.301+0000] {processor.py:161} INFO - Started process (PID=13615) to work on /home/vscode/.local/lib/python3.11/site-packages/airflow/example_dags/example_trigger_controller_dag.py
[2026-05-23T11:43:46.301+0000] {processor.py:830} INFO - Processing file /home/vscode/.local/lib/python3.11/site-packages/airflow/example_dags/example_trigger_controller_dag.py for tasks to queue
[2026-05-23T11:43:46.302+0000] {logging_mixin.py:188} INFO - [2026-05-23T11:43:46.302+0000] {dagbag.py:545} INFO - Filling up the DagBag from /home/vscode/.local/lib/python3.11/site-packages/airflow/example_dags/example_trigger_controller_dag.py
[2026-05-23T11:43:46.305+0000] {processor.py:840} INFO - DAG(s) 'example_trigger_controller_dag' retrieved from /home/vscode/.local/lib/python3.11/site-packages/airflow/example_dags/example_trigger_controller_dag.py
[2026-05-23T11:43:46.316+0000] {logging_mixin.py:188} INFO - [2026-05-23T11:43:46.316+0000] {dag.py:3096} INFO - Sync 1 DAGs
[2026-05-23T11:43:46.334+0000] {logging_mixin.py:188} INFO - [2026-05-23T11:43:46.334+0000] {dag.py:3954} INFO - Setting next_dagrun for example_trigger_controller_dag to 2021-01-01 00:00:00+00:00, run_after=2021-01-01 00:00:00+00:00
[2026-05-23T11:43:46.360+0000] {processor.py:183} INFO - Processing /home/vscode/.local/lib/python3.11/site-packages/airflow/example_dags/example_trigger_controller_dag.py took 0.065 seconds
[2026-05-23T11:44:28.931+0000] {processor.py:161} INFO - Started process (PID=14009) to work on /home/vscode/.local/lib/python3.11/site-packages/airflow/example_dags/example_trigger_controller_dag.py
[2026-05-23T11:44:28.932+0000] {processor.py:830} INFO - Processing file /home/vscode/.local/lib/python3.11/site-packages/airflow/example_dags/example_trigger_controller_dag.py for tasks to queue
[2026-05-23T11:44:28.932+0000] {logging_mixin.py:188} INFO - [2026-05-23T11:44:28.932+0000] {dagbag.py:545} INFO - Filling up the DagBag from /home/vscode/.local/lib/python3.11/site-packages/airflow/example_dags/example_trigger_controller_dag.py
[2026-05-23T11:44:28.935+0000] {processor.py:840} INFO - DAG(s) 'example_trigger_controller_dag' retrieved from /home/vscode/.local/lib/python3.11/site-packages/airflow/example_dags/example_trigger_controller_dag.py
[2026-05-23T11:44:28.946+0000] {logging_mixin.py:188} INFO - [2026-05-23T11:44:28.946+0000] {dag.py:3096} INFO - Sync 1 DAGs
[2026-05-23T11:44:28.958+0000] {logging_mixin.py:188} INFO - [2026-05-23T11:44:28.958+0000] {dag.py:3954} INFO - Setting next_dagrun for example_trigger_controller_dag to 2021-01-01 00:00:00+00:00, run_after=2021-01-01 00:00:00+00:00
[2026-05-23T11:44:28.973+0000] {processor.py:183} INFO - Processing /home/vscode/.local/lib/python3.11/site-packages/airflow/example_dags/example_trigger_controller_dag.py took 0.048 seconds
[2026-05-23T11:45:14.376+0000] {processor.py:161} INFO - Started process (PID=14359) to work on /home/vscode/.local/lib/python3.11/site-packages/airflow/example_dags/example_trigger_controller_dag.py
[2026-05-23T11:45:14.377+0000] {processor.py:830} INFO - Processing file /home/vscode/.local/lib/python3.11/site-packages/airflow/example_dags/example_trigger_controller_dag.py for tasks to queue
[2026-05-23T11:45:14.377+0000] {logging_mixin.py:188} INFO - [2026-05-23T11:45:14.377+0000] {dagbag.py:545} INFO - Filling up the DagBag from /home/vscode/.local/lib/python3.11/site-packages/airflow/example_dags/example_trigger_controller_dag.py
[2026-05-23T11:45:14.380+0000] {processor.py:840} INFO - DAG(s) 'example_trigger_controller_dag' retrieved from /home/vscode/.local/lib/python3.11/site-packages/airflow/example_dags/example_trigger_controller_dag.py
[2026-05-23T11:45:14.391+0000] {logging_mixin.py:188} INFO - [2026-05-23T11:45:14.391+0000] {dag.py:3096} INFO - Sync 1 DAGs
[2026-05-23T11:45:14.404+0000] {logging_mixin.py:188} INFO - [2026-05-23T11:45:14.404+0000] {dag.py:3954} INFO - Setting next_dagrun for example_trigger_controller_dag to 2021-01-01 00:00:00+00:00, run_after=2021-01-01 00:00:00+00:00
[2026-05-23T11:45:14.418+0000] {processor.py:183} INFO - Processing /home/vscode/.local/lib/python3.11/site-packages/airflow/example_dags/example_trigger_controller_dag.py took 0.049 seconds
[2026-05-23T11:45:55.522+0000] {processor.py:161} INFO - Started process (PID=14935) to work on /home/vscode/.local/lib/python3.11/site-packages/airflow/example_dags/example_trigger_controller_dag.py
[2026-05-23T11:45:55.522+0000] {processor.py:830} INFO - Processing file /home/vscode/.local/lib/python3.11/site-packages/airflow/example_dags/example_trigger_controller_dag.py for tasks to queue
[2026-05-23T11:45:55.523+0000] {logging_mixin.py:188} INFO - [2026-05-23T11:45:55.523+0000] {dagbag.py:545} INFO - Filling up the DagBag from /home/vscode/.local/lib/python3.11/site-packages/airflow/example_dags/example_trigger_controller_dag.py
[2026-05-23T11:45:55.526+0000] {processor.py:840} INFO - DAG(s) 'example_trigger_controller_dag' retrieved from /home/vscode/.local/lib/python3.11/site-packages/airflow/example_dags/example_trigger_controller_dag.py
[2026-05-23T11:45:55.538+0000] {logging_mixin.py:188} INFO - [2026-05-23T11:45:55.537+0000] {dag.py:3096} INFO - Sync 1 DAGs
[2026-05-23T11:45:55.551+0000] {logging_mixin.py:188} INFO - [2026-05-23T11:45:55.551+0000] {dag.py:3954} INFO - Setting next_dagrun for example_trigger_controller_dag to 2021-01-01 00:00:00+00:00, run_after=2021-01-01 00:00:00+00:00
[2026-05-23T11:45:55.566+0000] {processor.py:183} INFO - Processing /home/vscode/.local/lib/python3.11/site-packages/airflow/example_dags/example_trigger_controller_dag.py took 0.051 seconds
[2026-05-23T11:46:35.448+0000] {processor.py:161} INFO - Started process (PID=15373) to work on /home/vscode/.local/lib/python3.11/site-packages/airflow/example_dags/example_trigger_controller_dag.py
[2026-05-23T11:46:35.449+0000] {processor.py:830} INFO - Processing file /home/vscode/.local/lib/python3.11/site-packages/airflow/example_dags/example_trigger_controller_dag.py for tasks to queue
[2026-05-23T11:46:35.449+0000] {logging_mixin.py:188} INFO - [2026-05-23T11:46:35.449+0000] {dagbag.py:545} INFO - Filling up the DagBag from /home/vscode/.local/lib/python3.11/site-packages/airflow/example_dags/example_trigger_controller_dag.py
[2026-05-23T11:46:35.452+0000] {processor.py:840} INFO - DAG(s) 'example_trigger_controller_dag' retrieved from /home/vscode/.local/lib/python3.11/site-packages/airflow/example_dags/example_trigger_controller_dag.py
[2026-05-23T11:46:35.463+0000] {logging_mixin.py:188} INFO - [2026-05-23T11:46:35.463+0000] {dag.py:3096} INFO - Sync 1 DAGs
[2026-05-23T11:46:35.476+0000] {logging_mixin.py:188} INFO - [2026-05-23T11:46:35.476+0000] {dag.py:3954} INFO - Setting next_dagrun for example_trigger_controller_dag to 2021-01-01 00:00:00+00:00, run_after=2021-01-01 00:00:00+00:00
[2026-05-23T11:46:35.491+0000] {processor.py:183} INFO - Processing /home/vscode/.local/lib/python3.11/site-packages/airflow/example_dags/example_trigger_controller_dag.py took 0.050 seconds
[2026-05-23T11:47:15.503+0000] {processor.py:161} INFO - Started process (PID=15698) to work on /home/vscode/.local/lib/python3.11/site-packages/airflow/example_dags/example_trigger_controller_dag.py
[2026-05-23T11:47:15.504+0000] {processor.py:830} INFO - Processing file /home/vscode/.local/lib/python3.11/site-packages/airflow/example_dags/example_trigger_controller_dag.py for tasks to queue
[2026-05-23T11:47:15.504+0000] {logging_mixin.py:188} INFO - [2026-05-23T11:47:15.504+0000] {dagbag.py:545} INFO - Filling up the DagBag from /home/vscode/.local/lib/python3.11/site-packages/airflow/example_dags/example_trigger_controller_dag.py
[2026-05-23T11:47:15.507+0000] {processor.py:840} INFO - DAG(s) 'example_trigger_controller_dag' retrieved from /home/vscode/.local/lib/python3.11/site-packages/airflow/example_dags/example_trigger_controller_dag.py
[2026-05-23T11:47:15.518+0000] {logging_mixin.py:188} INFO - [2026-05-23T11:47:15.518+0000] {dag.py:3096} INFO - Sync 1 DAGs
[2026-05-23T11:47:15.533+0000] {logging_mixin.py:188} INFO - [2026-05-23T11:47:15.533+0000] {dag.py:3954} INFO - Setting next_dagrun for example_trigger_controller_dag to 2021-01-01 00:00:00+00:00, run_after=2021-01-01 00:00:00+00:00
[2026-05-23T11:47:15.550+0000] {processor.py:183} INFO - Processing /home/vscode/.local/lib/python3.11/site-packages/airflow/example_dags/example_trigger_controller_dag.py took 0.053 seconds
[2026-05-23T11:47:57.842+0000] {processor.py:161} INFO - Started process (PID=16092) to work on /home/vscode/.local/lib/python3.11/site-packages/airflow/example_dags/example_trigger_controller_dag.py
[2026-05-23T11:47:57.843+0000] {processor.py:830} INFO - Processing file /home/vscode/.local/lib/python3.11/site-packages/airflow/example_dags/example_trigger_controller_dag.py for tasks to queue
[2026-05-23T11:47:57.843+0000] {logging_mixin.py:188} INFO - [2026-05-23T11:47:57.843+0000] {dagbag.py:545} INFO - Filling up the DagBag from /home/vscode/.local/lib/python3.11/site-packages/airflow/example_dags/example_trigger_controller_dag.py
[2026-05-23T11:47:57.847+0000] {processor.py:840} INFO - DAG(s) 'example_trigger_controller_dag' retrieved from /home/vscode/.local/lib/python3.11/site-packages/airflow/example_dags/example_trigger_controller_dag.py
[2026-05-23T11:47:57.858+0000] {logging_mixin.py:188} INFO - [2026-05-23T11:47:57.858+0000] {dag.py:3096} INFO - Sync 1 DAGs
[2026-05-23T11:47:57.871+0000] {logging_mixin.py:188} INFO - [2026-05-23T11:47:57.870+0000] {dag.py:3954} INFO - Setting next_dagrun for example_trigger_controller_dag to 2021-01-01 00:00:00+00:00, run_after=2021-01-01 00:00:00+00:00
[2026-05-23T11:47:57.886+0000] {processor.py:183} INFO - Processing /home/vscode/.local/lib/python3.11/site-packages/airflow/example_dags/example_trigger_controller_dag.py took 0.051 seconds
[2026-05-23T11:48:40.224+0000] {processor.py:161} INFO - Started process (PID=16487) to work on /home/vscode/.local/lib/python3.11/site-packages/airflow/example_dags/example_trigger_controller_dag.py
[2026-05-23T11:48:40.226+0000] {processor.py:830} INFO - Processing file /home/vscode/.local/lib/python3.11/site-packages/airflow/example_dags/example_trigger_controller_dag.py for tasks to queue
[2026-05-23T11:48:40.227+0000] {logging_mixin.py:188} INFO - [2026-05-23T11:48:40.227+0000] {dagbag.py:545} INFO - Filling up the DagBag from /home/vscode/.local/lib/python3.11/site-packages/airflow/example_dags/example_trigger_controller_dag.py
[2026-05-23T11:48:40.234+0000] {processor.py:840} INFO - DAG(s) 'example_trigger_controller_dag' retrieved from /home/vscode/.local/lib/python3.11/site-packages/airflow/example_dags/example_trigger_controller_dag.py
[2026-05-23T11:48:40.246+0000] {logging_mixin.py:188} INFO - [2026-05-23T11:48:40.246+0000] {dag.py:3096} INFO - Sync 1 DAGs
[2026-05-23T11:48:40.259+0000] {logging_mixin.py:188} INFO - [2026-05-23T11:48:40.258+0000] {dag.py:3954} INFO - Setting next_dagrun for example_trigger_controller_dag to 2021-01-01 00:00:00+00:00, run_after=2021-01-01 00:00:00+00:00
[2026-05-23T11:48:40.274+0000] {processor.py:183} INFO - Processing /home/vscode/.local/lib/python3.11/site-packages/airflow/example_dags/example_trigger_controller_dag.py took 0.061 seconds
[2026-05-23T11:49:21.163+0000] {processor.py:161} INFO - Started process (PID=16872) to work on /home/vscode/.local/lib/python3.11/site-packages/airflow/example_dags/example_trigger_controller_dag.py
[2026-05-23T11:49:21.164+0000] {processor.py:830} INFO - Processing file /home/vscode/.local/lib/python3.11/site-packages/airflow/example_dags/example_trigger_controller_dag.py for tasks to queue
[2026-05-23T11:49:21.165+0000] {logging_mixin.py:188} INFO - [2026-05-23T11:49:21.164+0000] {dagbag.py:545} INFO - Filling up the DagBag from /home/vscode/.local/lib/python3.11/site-packages/airflow/example_dags/example_trigger_controller_dag.py
[2026-05-23T11:49:21.168+0000] {processor.py:840} INFO - DAG(s) 'example_trigger_controller_dag' retrieved from /home/vscode/.local/lib/python3.11/site-packages/airflow/example_dags/example_trigger_controller_dag.py
[2026-05-23T11:49:21.179+0000] {logging_mixin.py:188} INFO - [2026-05-23T11:49:21.179+0000] {dag.py:3096} INFO - Sync 1 DAGs
[2026-05-23T11:49:21.192+0000] {logging_mixin.py:188} INFO - [2026-05-23T11:49:21.191+0000] {dag.py:3954} INFO - Setting next_dagrun for example_trigger_controller_dag to 2021-01-01 00:00:00+00:00, run_after=2021-01-01 00:00:00+00:00
[2026-05-23T11:49:21.207+0000] {processor.py:183} INFO - Processing /home/vscode/.local/lib/python3.11/site-packages/airflow/example_dags/example_trigger_controller_dag.py took 0.050 seconds
[2026-05-23T11:50:04.625+0000] {processor.py:161} INFO - Started process (PID=17515) to work on /home/vscode/.local/lib/python3.11/site-packages/airflow/example_dags/example_trigger_controller_dag.py
[2026-05-23T11:50:04.625+0000] {processor.py:830} INFO - Processing file /home/vscode/.local/lib/python3.11/site-packages/airflow/example_dags/example_trigger_controller_dag.py for tasks to queue
[2026-05-23T11:50:04.626+0000] {logging_mixin.py:188} INFO - [2026-05-23T11:50:04.626+0000] {dagbag.py:545} INFO - Filling up the DagBag from /home/vscode/.local/lib/python3.11/site-packages/airflow/example_dags/example_trigger_controller_dag.py
[2026-05-23T11:50:04.629+0000] {processor.py:840} INFO - DAG(s) 'example_trigger_controller_dag' retrieved from /home/vscode/.local/lib/python3.11/site-packages/airflow/example_dags/example_trigger_controller_dag.py
[2026-05-23T11:50:04.641+0000] {logging_mixin.py:188} INFO - [2026-05-23T11:50:04.641+0000] {dag.py:3096} INFO - Sync 1 DAGs
[2026-05-23T11:50:04.658+0000] {logging_mixin.py:188} INFO - [2026-05-23T11:50:04.658+0000] {dag.py:3954} INFO - Setting next_dagrun for example_trigger_controller_dag to 2021-01-01 00:00:00+00:00, run_after=2021-01-01 00:00:00+00:00
[2026-05-23T11:50:04.684+0000] {processor.py:183} INFO - Processing /home/vscode/.local/lib/python3.11/site-packages/airflow/example_dags/example_trigger_controller_dag.py took 0.065 seconds
[2026-05-23T11:50:48.071+0000] {processor.py:161} INFO - Started process (PID=18232) to work on /home/vscode/.local/lib/python3.11/site-packages/airflow/example_dags/example_trigger_controller_dag.py
[2026-05-23T11:50:48.072+0000] {processor.py:830} INFO - Processing file /home/vscode/.local/lib/python3.11/site-packages/airflow/example_dags/example_trigger_controller_dag.py for tasks to queue
[2026-05-23T11:50:48.073+0000] {logging_mixin.py:188} INFO - [2026-05-23T11:50:48.072+0000] {dagbag.py:545} INFO - Filling up the DagBag from /home/vscode/.local/lib/python3.11/site-packages/airflow/example_dags/example_trigger_controller_dag.py
[2026-05-23T11:50:48.076+0000] {processor.py:840} INFO - DAG(s) 'example_trigger_controller_dag' retrieved from /home/vscode/.local/lib/python3.11/site-packages/airflow/example_dags/example_trigger_controller_dag.py
[2026-05-23T11:50:48.087+0000] {logging_mixin.py:188} INFO - [2026-05-23T11:50:48.087+0000] {dag.py:3096} INFO - Sync 1 DAGs
[2026-05-23T11:50:48.101+0000] {logging_mixin.py:188} INFO - [2026-05-23T11:50:48.101+0000] {dag.py:3954} INFO - Setting next_dagrun for example_trigger_controller_dag to 2021-01-01 00:00:00+00:00, run_after=2021-01-01 00:00:00+00:00
[2026-05-23T11:50:48.115+0000] {processor.py:183} INFO - Processing /home/vscode/.local/lib/python3.11/site-packages/airflow/example_dags/example_trigger_controller_dag.py took 0.050 seconds
[2026-05-23T11:51:27.151+0000] {processor.py:161} INFO - Started process (PID=18684) to work on /home/vscode/.local/lib/python3.11/site-packages/airflow/example_dags/example_trigger_controller_dag.py
[2026-05-23T11:51:27.151+0000] {processor.py:830} INFO - Processing file /home/vscode/.local/lib/python3.11/site-packages/airflow/example_dags/example_trigger_controller_dag.py for tasks to queue
[2026-05-23T11:51:27.152+0000] {logging_mixin.py:188} INFO - [2026-05-23T11:51:27.152+0000] {dagbag.py:545} INFO - Filling up the DagBag from /home/vscode/.local/lib/python3.11/site-packages/airflow/example_dags/example_trigger_controller_dag.py
[2026-05-23T11:51:27.155+0000] {processor.py:840} INFO - DAG(s) 'example_trigger_controller_dag' retrieved from /home/vscode/.local/lib/python3.11/site-packages/airflow/example_dags/example_trigger_controller_dag.py
[2026-05-23T11:51:27.167+0000] {logging_mixin.py:188} INFO - [2026-05-23T11:51:27.167+0000] {dag.py:3096} INFO - Sync 1 DAGs
[2026-05-23T11:51:27.184+0000] {logging_mixin.py:188} INFO - [2026-05-23T11:51:27.184+0000] {dag.py:3954} INFO - Setting next_dagrun for example_trigger_controller_dag to 2021-01-01 00:00:00+00:00, run_after=2021-01-01 00:00:00+00:00
[2026-05-23T11:51:27.205+0000] {processor.py:183} INFO - Processing /home/vscode/.local/lib/python3.11/site-packages/airflow/example_dags/example_trigger_controller_dag.py took 0.060 seconds
[2026-05-23T11:52:08.254+0000] {processor.py:161} INFO - Started process (PID=19019) to work on /home/vscode/.local/lib/python3.11/site-packages/airflow/example_dags/example_trigger_controller_dag.py
[2026-05-23T11:52:08.254+0000] {processor.py:830} INFO - Processing file /home/vscode/.local/lib/python3.11/site-packages/airflow/example_dags/example_trigger_controller_dag.py for tasks to queue
[2026-05-23T11:52:08.255+0000] {logging_mixin.py:188} INFO - [2026-05-23T11:52:08.255+0000] {dagbag.py:545} INFO - Filling up the DagBag from /home/vscode/.local/lib/python3.11/site-packages/airflow/example_dags/example_trigger_controller_dag.py
[2026-05-23T11:52:08.258+0000] {processor.py:840} INFO - DAG(s) 'example_trigger_controller_dag' retrieved from /home/vscode/.local/lib/python3.11/site-packages/airflow/example_dags/example_trigger_controller_dag.py
[2026-05-23T11:52:08.269+0000] {logging_mixin.py:188} INFO - [2026-05-23T11:52:08.269+0000] {dag.py:3096} INFO - Sync 1 DAGs
[2026-05-23T11:52:08.282+0000] {logging_mixin.py:188} INFO - [2026-05-23T11:52:08.282+0000] {dag.py:3954} INFO - Setting next_dagrun for example_trigger_controller_dag to 2021-01-01 00:00:00+00:00, run_after=2021-01-01 00:00:00+00:00
[2026-05-23T11:52:08.297+0000] {processor.py:183} INFO - Processing /home/vscode/.local/lib/python3.11/site-packages/airflow/example_dags/example_trigger_controller_dag.py took 0.050 seconds
[2026-05-23T11:52:48.137+0000] {processor.py:161} INFO - Started process (PID=19449) to work on /home/vscode/.local/lib/python3.11/site-packages/airflow/example_dags/example_trigger_controller_dag.py
[2026-05-23T11:52:48.137+0000] {processor.py:830} INFO - Processing file /home/vscode/.local/lib/python3.11/site-packages/airflow/example_dags/example_trigger_controller_dag.py for tasks to queue
[2026-05-23T11:52:48.138+0000] {logging_mixin.py:188} INFO - [2026-05-23T11:52:48.138+0000] {dagbag.py:545} INFO - Filling up the DagBag from /home/vscode/.local/lib/python3.11/site-packages/airflow/example_dags/example_trigger_controller_dag.py
[2026-05-23T11:52:48.141+0000] {processor.py:840} INFO - DAG(s) 'example_trigger_controller_dag' retrieved from /home/vscode/.local/lib/python3.11/site-packages/airflow/example_dags/example_trigger_controller_dag.py
[2026-05-23T11:52:48.153+0000] {logging_mixin.py:188} INFO - [2026-05-23T11:52:48.153+0000] {dag.py:3096} INFO - Sync 1 DAGs
[2026-05-23T11:52:48.166+0000] {logging_mixin.py:188} INFO - [2026-05-23T11:52:48.166+0000] {dag.py:3954} INFO - Setting next_dagrun for example_trigger_controller_dag to 2021-01-01 00:00:00+00:00, run_after=2021-01-01 00:00:00+00:00
[2026-05-23T11:52:48.182+0000] {processor.py:183} INFO - Processing /home/vscode/.local/lib/python3.11/site-packages/airflow/example_dags/example_trigger_controller_dag.py took 0.056 seconds
[2026-05-23T11:53:28.079+0000] {processor.py:161} INFO - Started process (PID=19953) to work on /home/vscode/.local/lib/python3.11/site-packages/airflow/example_dags/example_trigger_controller_dag.py
[2026-05-23T11:53:28.079+0000] {processor.py:830} INFO - Processing file /home/vscode/.local/lib/python3.11/site-packages/airflow/example_dags/example_trigger_controller_dag.py for tasks to queue
[2026-05-23T11:53:28.080+0000] {logging_mixin.py:188} INFO - [2026-05-23T11:53:28.080+0000] {dagbag.py:545} INFO - Filling up the DagBag from /home/vscode/.local/lib/python3.11/site-packages/airflow/example_dags/example_trigger_controller_dag.py
[2026-05-23T11:53:28.083+0000] {processor.py:840} INFO - DAG(s) 'example_trigger_controller_dag' retrieved from /home/vscode/.local/lib/python3.11/site-packages/airflow/example_dags/example_trigger_controller_dag.py
[2026-05-23T11:53:28.095+0000] {logging_mixin.py:188} INFO - [2026-05-23T11:53:28.095+0000] {dag.py:3096} INFO - Sync 1 DAGs
[2026-05-23T11:53:28.107+0000] {logging_mixin.py:188} INFO - [2026-05-23T11:53:28.107+0000] {dag.py:3954} INFO - Setting next_dagrun for example_trigger_controller_dag to 2021-01-01 00:00:00+00:00, run_after=2021-01-01 00:00:00+00:00
[2026-05-23T11:53:28.126+0000] {processor.py:183} INFO - Processing /home/vscode/.local/lib/python3.11/site-packages/airflow/example_dags/example_trigger_controller_dag.py took 0.053 seconds
[2026-05-23T11:54:10.654+0000] {processor.py:161} INFO - Started process (PID=20466) to work on /home/vscode/.local/lib/python3.11/site-packages/airflow/example_dags/example_trigger_controller_dag.py
[2026-05-23T11:54:10.654+0000] {processor.py:830} INFO - Processing file /home/vscode/.local/lib/python3.11/site-packages/airflow/example_dags/example_trigger_controller_dag.py for tasks to queue
[2026-05-23T11:54:10.655+0000] {logging_mixin.py:188} INFO - [2026-05-23T11:54:10.655+0000] {dagbag.py:545} INFO - Filling up the DagBag from /home/vscode/.local/lib/python3.11/site-packages/airflow/example_dags/example_trigger_controller_dag.py
[2026-05-23T11:54:10.658+0000] {processor.py:840} INFO - DAG(s) 'example_trigger_controller_dag' retrieved from /home/vscode/.local/lib/python3.11/site-packages/airflow/example_dags/example_trigger_controller_dag.py
[2026-05-23T11:54:10.674+0000] {logging_mixin.py:188} INFO - [2026-05-23T11:54:10.674+0000] {dag.py:3096} INFO - Sync 1 DAGs
[2026-05-23T11:54:10.693+0000] {logging_mixin.py:188} INFO - [2026-05-23T11:54:10.692+0000] {dag.py:3954} INFO - Setting next_dagrun for example_trigger_controller_dag to 2021-01-01 00:00:00+00:00, run_after=2021-01-01 00:00:00+00:00
[2026-05-23T11:54:10.710+0000] {processor.py:183} INFO - Processing /home/vscode/.local/lib/python3.11/site-packages/airflow/example_dags/example_trigger_controller_dag.py took 0.063 seconds
[2026-05-23T11:54:56.413+0000] {processor.py:161} INFO - Started process (PID=21152) to work on /home/vscode/.local/lib/python3.11/site-packages/airflow/example_dags/example_trigger_controller_dag.py
[2026-05-23T11:54:56.415+0000] {processor.py:830} INFO - Processing file /home/vscode/.local/lib/python3.11/site-packages/airflow/example_dags/example_trigger_controller_dag.py for tasks to queue
[2026-05-23T11:54:56.417+0000] {logging_mixin.py:188} INFO - [2026-05-23T11:54:56.416+0000] {dagbag.py:545} INFO - Filling up the DagBag from /home/vscode/.local/lib/python3.11/site-packages/airflow/example_dags/example_trigger_controller_dag.py
[2026-05-23T11:54:56.422+0000] {processor.py:840} INFO - DAG(s) 'example_trigger_controller_dag' retrieved from /home/vscode/.local/lib/python3.11/site-packages/airflow/example_dags/example_trigger_controller_dag.py
[2026-05-23T11:54:56.442+0000] {logging_mixin.py:188} INFO - [2026-05-23T11:54:56.442+0000] {dag.py:3096} INFO - Sync 1 DAGs
[2026-05-23T11:54:56.477+0000] {logging_mixin.py:188} INFO - [2026-05-23T11:54:56.477+0000] {dag.py:3954} INFO - Setting next_dagrun for example_trigger_controller_dag to 2021-01-01 00:00:00+00:00, run_after=2021-01-01 00:00:00+00:00
[2026-05-23T11:54:56.522+0000] {processor.py:183} INFO - Processing /home/vscode/.local/lib/python3.11/site-packages/airflow/example_dags/example_trigger_controller_dag.py took 0.125 seconds
[2026-05-23T11:55:48.763+0000] {processor.py:161} INFO - Started process (PID=21881) to work on /home/vscode/.local/lib/python3.11/site-packages/airflow/example_dags/example_trigger_controller_dag.py
[2026-05-23T11:55:48.764+0000] {processor.py:830} INFO - Processing file /home/vscode/.local/lib/python3.11/site-packages/airflow/example_dags/example_trigger_controller_dag.py for tasks to queue
[2026-05-23T11:55:48.765+0000] {logging_mixin.py:188} INFO - [2026-05-23T11:55:48.764+0000] {dagbag.py:545} INFO - Filling up the DagBag from /home/vscode/.local/lib/python3.11/site-packages/airflow/example_dags/example_trigger_controller_dag.py
[2026-05-23T11:55:48.769+0000] {processor.py:840} INFO - DAG(s) 'example_trigger_controller_dag' retrieved from /home/vscode/.local/lib/python3.11/site-packages/airflow/example_dags/example_trigger_controller_dag.py
[2026-05-23T11:55:48.787+0000] {logging_mixin.py:188} INFO - [2026-05-23T11:55:48.787+0000] {dag.py:3096} INFO - Sync 1 DAGs
[2026-05-23T11:55:48.808+0000] {logging_mixin.py:188} INFO - [2026-05-23T11:55:48.808+0000] {dag.py:3954} INFO - Setting next_dagrun for example_trigger_controller_dag to 2021-01-01 00:00:00+00:00, run_after=2021-01-01 00:00:00+00:00
[2026-05-23T11:55:48.861+0000] {processor.py:183} INFO - Processing /home/vscode/.local/lib/python3.11/site-packages/airflow/example_dags/example_trigger_controller_dag.py took 0.108 seconds
[2026-05-23T11:56:38.216+0000] {processor.py:161} INFO - Started process (PID=22535) to work on /home/vscode/.local/lib/python3.11/site-packages/airflow/example_dags/example_trigger_controller_dag.py
[2026-05-23T11:56:38.217+0000] {processor.py:830} INFO - Processing file /home/vscode/.local/lib/python3.11/site-packages/airflow/example_dags/example_trigger_controller_dag.py for tasks to queue
[2026-05-23T11:56:38.219+0000] {logging_mixin.py:188} INFO - [2026-05-23T11:56:38.218+0000] {dagbag.py:545} INFO - Filling up the DagBag from /home/vscode/.local/lib/python3.11/site-packages/airflow/example_dags/example_trigger_controller_dag.py
[2026-05-23T11:56:38.224+0000] {processor.py:840} INFO - DAG(s) 'example_trigger_controller_dag' retrieved from /home/vscode/.local/lib/python3.11/site-packages/airflow/example_dags/example_trigger_controller_dag.py
[2026-05-23T11:56:38.240+0000] {logging_mixin.py:188} INFO - [2026-05-23T11:56:38.240+0000] {dag.py:3096} INFO - Sync 1 DAGs
[2026-05-23T11:56:38.260+0000] {logging_mixin.py:188} INFO - [2026-05-23T11:56:38.259+0000] {dag.py:3954} INFO - Setting next_dagrun for example_trigger_controller_dag to 2021-01-01 00:00:00+00:00, run_after=2021-01-01 00:00:00+00:00
[2026-05-23T11:56:38.281+0000] {processor.py:183} INFO - Processing /home/vscode/.local/lib/python3.11/site-packages/airflow/example_dags/example_trigger_controller_dag.py took 0.087 seconds
[2026-05-23T11:57:27.254+0000] {processor.py:161} INFO - Started process (PID=22953) to work on /home/vscode/.local/lib/python3.11/site-packages/airflow/example_dags/example_trigger_controller_dag.py
[2026-05-23T11:57:27.256+0000] {processor.py:830} INFO - Processing file /home/vscode/.local/lib/python3.11/site-packages/airflow/example_dags/example_trigger_controller_dag.py for tasks to queue
[2026-05-23T11:57:27.257+0000] {logging_mixin.py:188} INFO - [2026-05-23T11:57:27.257+0000] {dagbag.py:545} INFO - Filling up the DagBag from /home/vscode/.local/lib/python3.11/site-packages/airflow/example_dags/example_trigger_controller_dag.py
[2026-05-23T11:57:27.270+0000] {processor.py:840} INFO - DAG(s) 'example_trigger_controller_dag' retrieved from /home/vscode/.local/lib/python3.11/site-packages/airflow/example_dags/example_trigger_controller_dag.py
[2026-05-23T11:57:27.345+0000] {logging_mixin.py:188} INFO - [2026-05-23T11:57:27.345+0000] {dag.py:3096} INFO - Sync 1 DAGs
[2026-05-23T11:57:27.419+0000] {logging_mixin.py:188} INFO - [2026-05-23T11:57:27.418+0000] {dag.py:3954} INFO - Setting next_dagrun for example_trigger_controller_dag to 2021-01-01 00:00:00+00:00, run_after=2021-01-01 00:00:00+00:00
[2026-05-23T11:57:27.461+0000] {processor.py:183} INFO - Processing /home/vscode/.local/lib/python3.11/site-packages/airflow/example_dags/example_trigger_controller_dag.py took 0.230 seconds
[2026-05-23T11:58:18.235+0000] {processor.py:161} INFO - Started process (PID=23385) to work on /home/vscode/.local/lib/python3.11/site-packages/airflow/example_dags/example_trigger_controller_dag.py
[2026-05-23T11:58:18.238+0000] {processor.py:830} INFO - Processing file /home/vscode/.local/lib/python3.11/site-packages/airflow/example_dags/example_trigger_controller_dag.py for tasks to queue
[2026-05-23T11:58:18.240+0000] {logging_mixin.py:188} INFO - [2026-05-23T11:58:18.239+0000] {dagbag.py:545} INFO - Filling up the DagBag from /home/vscode/.local/lib/python3.11/site-packages/airflow/example_dags/example_trigger_controller_dag.py
[2026-05-23T11:58:18.251+0000] {processor.py:840} INFO - DAG(s) 'example_trigger_controller_dag' retrieved from /home/vscode/.local/lib/python3.11/site-packages/airflow/example_dags/example_trigger_controller_dag.py
[2026-05-23T11:58:18.285+0000] {logging_mixin.py:188} INFO - [2026-05-23T11:58:18.285+0000] {dag.py:3096} INFO - Sync 1 DAGs
[2026-05-23T11:58:18.337+0000] {logging_mixin.py:188} INFO - [2026-05-23T11:58:18.336+0000] {dag.py:3954} INFO - Setting next_dagrun for example_trigger_controller_dag to 2021-01-01 00:00:00+00:00, run_after=2021-01-01 00:00:00+00:00
[2026-05-23T11:58:18.376+0000] {processor.py:183} INFO - Processing /home/vscode/.local/lib/python3.11/site-packages/airflow/example_dags/example_trigger_controller_dag.py took 0.161 seconds
[2026-05-23T12:11:32.877+0000] {processor.py:161} INFO - Started process (PID=32316) to work on /home/vscode/.local/lib/python3.11/site-packages/airflow/example_dags/example_trigger_controller_dag.py
[2026-05-23T12:11:32.878+0000] {processor.py:830} INFO - Processing file /home/vscode/.local/lib/python3.11/site-packages/airflow/example_dags/example_trigger_controller_dag.py for tasks to queue
[2026-05-23T12:11:32.879+0000] {logging_mixin.py:188} INFO - [2026-05-23T12:11:32.879+0000] {dagbag.py:545} INFO - Filling up the DagBag from /home/vscode/.local/lib/python3.11/site-packages/airflow/example_dags/example_trigger_controller_dag.py
[2026-05-23T12:11:32.884+0000] {processor.py:840} INFO - DAG(s) 'example_trigger_controller_dag' retrieved from /home/vscode/.local/lib/python3.11/site-packages/airflow/example_dags/example_trigger_controller_dag.py
[2026-05-23T12:11:32.953+0000] {logging_mixin.py:188} INFO - [2026-05-23T12:11:32.953+0000] {dag.py:3096} INFO - Sync 1 DAGs
[2026-05-23T12:11:32.967+0000] {logging_mixin.py:188} INFO - [2026-05-23T12:11:32.967+0000] {dag.py:3954} INFO - Setting next_dagrun for example_trigger_controller_dag to 2021-01-01 00:00:00+00:00, run_after=2021-01-01 00:00:00+00:00
[2026-05-23T12:11:32.983+0000] {processor.py:183} INFO - Processing /home/vscode/.local/lib/python3.11/site-packages/airflow/example_dags/example_trigger_controller_dag.py took 0.116 seconds
