[2026-05-23T11:26:32.822+0000] {processor.py:161} INFO - Started process (PID=3020) to work on /home/vscode/.local/lib/python3.11/site-packages/airflow/example_dags/example_time_delta_sensor_async.py
[2026-05-23T11:26:32.823+0000] {processor.py:830} INFO - Processing file /home/vscode/.local/lib/python3.11/site-packages/airflow/example_dags/example_time_delta_sensor_async.py for tasks to queue
[2026-05-23T11:26:32.824+0000] {logging_mixin.py:188} INFO - [2026-05-23T11:26:32.823+0000] {dagbag.py:545} INFO - Filling up the DagBag from /home/vscode/.local/lib/python3.11/site-packages/airflow/example_dags/example_time_delta_sensor_async.py
[2026-05-23T11:26:32.829+0000] {processor.py:840} INFO - DAG(s) 'example_time_delta_sensor_async' retrieved from /home/vscode/.local/lib/python3.11/site-packages/airflow/example_dags/example_time_delta_sensor_async.py
[2026-05-23T11:26:32.834+0000] {logging_mixin.py:188} INFO - [2026-05-23T11:26:32.834+0000] {dag.py:3096} INFO - Sync 1 DAGs
[2026-05-23T11:26:32.843+0000] {logging_mixin.py:188} INFO - [2026-05-23T11:26:32.843+0000] {dag.py:3954} INFO - Setting next_dagrun for example_time_delta_sensor_async to None, run_after=None
[2026-05-23T11:26:32.860+0000] {processor.py:183} INFO - Processing /home/vscode/.local/lib/python3.11/site-packages/airflow/example_dags/example_time_delta_sensor_async.py took 0.047 seconds
[2026-05-23T11:27:28.613+0000] {processor.py:161} INFO - Started process (PID=3714) to work on /home/vscode/.local/lib/python3.11/site-packages/airflow/example_dags/example_time_delta_sensor_async.py
[2026-05-23T11:27:28.614+0000] {processor.py:830} INFO - Processing file /home/vscode/.local/lib/python3.11/site-packages/airflow/example_dags/example_time_delta_sensor_async.py for tasks to queue
[2026-05-23T11:27:28.614+0000] {logging_mixin.py:188} INFO - [2026-05-23T11:27:28.614+0000] {dagbag.py:545} INFO - Filling up the DagBag from /home/vscode/.local/lib/python3.11/site-packages/airflow/example_dags/example_time_delta_sensor_async.py
[2026-05-23T11:27:28.617+0000] {processor.py:840} INFO - DAG(s) 'example_time_delta_sensor_async' retrieved from /home/vscode/.local/lib/python3.11/site-packages/airflow/example_dags/example_time_delta_sensor_async.py
[2026-05-23T11:27:28.774+0000] {logging_mixin.py:188} INFO - [2026-05-23T11:27:28.773+0000] {dag.py:3096} INFO - Sync 1 DAGs
[2026-05-23T11:27:28.780+0000] {logging_mixin.py:188} INFO - [2026-05-23T11:27:28.780+0000] {dag.py:3954} INFO - Setting next_dagrun for example_time_delta_sensor_async to None, run_after=None
[2026-05-23T11:27:28.794+0000] {processor.py:183} INFO - Processing /home/vscode/.local/lib/python3.11/site-packages/airflow/example_dags/example_time_delta_sensor_async.py took 0.187 seconds
[2026-05-23T11:28:21.898+0000] {processor.py:161} INFO - Started process (PID=4350) to work on /home/vscode/.local/lib/python3.11/site-packages/airflow/example_dags/example_time_delta_sensor_async.py
[2026-05-23T11:28:21.899+0000] {processor.py:830} INFO - Processing file /home/vscode/.local/lib/python3.11/site-packages/airflow/example_dags/example_time_delta_sensor_async.py for tasks to queue
[2026-05-23T11:28:21.900+0000] {logging_mixin.py:188} INFO - [2026-05-23T11:28:21.899+0000] {dagbag.py:545} INFO - Filling up the DagBag from /home/vscode/.local/lib/python3.11/site-packages/airflow/example_dags/example_time_delta_sensor_async.py
[2026-05-23T11:28:21.903+0000] {processor.py:840} INFO - DAG(s) 'example_time_delta_sensor_async' retrieved from /home/vscode/.local/lib/python3.11/site-packages/airflow/example_dags/example_time_delta_sensor_async.py
[2026-05-23T11:28:21.914+0000] {logging_mixin.py:188} INFO - [2026-05-23T11:28:21.914+0000] {dag.py:3096} INFO - Sync 1 DAGs
[2026-05-23T11:28:21.923+0000] {logging_mixin.py:188} INFO - [2026-05-23T11:28:21.923+0000] {dag.py:3954} INFO - Setting next_dagrun for example_time_delta_sensor_async to None, run_after=None
[2026-05-23T11:28:21.939+0000] {processor.py:183} INFO - Processing /home/vscode/.local/lib/python3.11/site-packages/airflow/example_dags/example_time_delta_sensor_async.py took 0.054 seconds
[2026-05-23T11:29:06.817+0000] {processor.py:161} INFO - Started process (PID=4706) to work on /home/vscode/.local/lib/python3.11/site-packages/airflow/example_dags/example_time_delta_sensor_async.py
[2026-05-23T11:29:06.817+0000] {processor.py:830} INFO - Processing file /home/vscode/.local/lib/python3.11/site-packages/airflow/example_dags/example_time_delta_sensor_async.py for tasks to queue
[2026-05-23T11:29:06.818+0000] {logging_mixin.py:188} INFO - [2026-05-23T11:29:06.818+0000] {dagbag.py:545} INFO - Filling up the DagBag from /home/vscode/.local/lib/python3.11/site-packages/airflow/example_dags/example_time_delta_sensor_async.py
[2026-05-23T11:29:06.821+0000] {processor.py:840} INFO - DAG(s) 'example_time_delta_sensor_async' retrieved from /home/vscode/.local/lib/python3.11/site-packages/airflow/example_dags/example_time_delta_sensor_async.py
[2026-05-23T11:29:06.833+0000] {logging_mixin.py:188} INFO - [2026-05-23T11:29:06.833+0000] {dag.py:3096} INFO - Sync 1 DAGs
[2026-05-23T11:29:06.841+0000] {logging_mixin.py:188} INFO - [2026-05-23T11:29:06.841+0000] {dag.py:3954} INFO - Setting next_dagrun for example_time_delta_sensor_async to None, run_after=None
[2026-05-23T11:29:06.857+0000] {processor.py:183} INFO - Processing /home/vscode/.local/lib/python3.11/site-packages/airflow/example_dags/example_time_delta_sensor_async.py took 0.047 seconds
[2026-05-23T11:29:50.749+0000] {processor.py:161} INFO - Started process (PID=5110) to work on /home/vscode/.local/lib/python3.11/site-packages/airflow/example_dags/example_time_delta_sensor_async.py
[2026-05-23T11:29:50.750+0000] {processor.py:830} INFO - Processing file /home/vscode/.local/lib/python3.11/site-packages/airflow/example_dags/example_time_delta_sensor_async.py for tasks to queue
[2026-05-23T11:29:50.750+0000] {logging_mixin.py:188} INFO - [2026-05-23T11:29:50.750+0000] {dagbag.py:545} INFO - Filling up the DagBag from /home/vscode/.local/lib/python3.11/site-packages/airflow/example_dags/example_time_delta_sensor_async.py
[2026-05-23T11:29:50.753+0000] {processor.py:840} INFO - DAG(s) 'example_time_delta_sensor_async' retrieved from /home/vscode/.local/lib/python3.11/site-packages/airflow/example_dags/example_time_delta_sensor_async.py
[2026-05-23T11:29:50.764+0000] {logging_mixin.py:188} INFO - [2026-05-23T11:29:50.764+0000] {dag.py:3096} INFO - Sync 1 DAGs
[2026-05-23T11:29:50.772+0000] {logging_mixin.py:188} INFO - [2026-05-23T11:29:50.772+0000] {dag.py:3954} INFO - Setting next_dagrun for example_time_delta_sensor_async to None, run_after=None
[2026-05-23T11:29:50.789+0000] {processor.py:183} INFO - Processing /home/vscode/.local/lib/python3.11/site-packages/airflow/example_dags/example_time_delta_sensor_async.py took 0.046 seconds
[2026-05-23T11:30:41.013+0000] {processor.py:161} INFO - Started process (PID=5627) to work on /home/vscode/.local/lib/python3.11/site-packages/airflow/example_dags/example_time_delta_sensor_async.py
[2026-05-23T11:30:41.016+0000] {processor.py:830} INFO - Processing file /home/vscode/.local/lib/python3.11/site-packages/airflow/example_dags/example_time_delta_sensor_async.py for tasks to queue
[2026-05-23T11:30:41.018+0000] {logging_mixin.py:188} INFO - [2026-05-23T11:30:41.016+0000] {dagbag.py:545} INFO - Filling up the DagBag from /home/vscode/.local/lib/python3.11/site-packages/airflow/example_dags/example_time_delta_sensor_async.py
[2026-05-23T11:30:41.022+0000] {processor.py:840} INFO - DAG(s) 'example_time_delta_sensor_async' retrieved from /home/vscode/.local/lib/python3.11/site-packages/airflow/example_dags/example_time_delta_sensor_async.py
[2026-05-23T11:30:41.033+0000] {logging_mixin.py:188} INFO - [2026-05-23T11:30:41.033+0000] {dag.py:3096} INFO - Sync 1 DAGs
[2026-05-23T11:30:41.041+0000] {logging_mixin.py:188} INFO - [2026-05-23T11:30:41.041+0000] {dag.py:3954} INFO - Setting next_dagrun for example_time_delta_sensor_async to None, run_after=None
[2026-05-23T11:30:41.057+0000] {processor.py:183} INFO - Processing /home/vscode/.local/lib/python3.11/site-packages/airflow/example_dags/example_time_delta_sensor_async.py took 0.067 seconds
[2026-05-23T11:31:25.018+0000] {processor.py:161} INFO - Started process (PID=6046) to work on /home/vscode/.local/lib/python3.11/site-packages/airflow/example_dags/example_time_delta_sensor_async.py
[2026-05-23T11:31:25.019+0000] {processor.py:830} INFO - Processing file /home/vscode/.local/lib/python3.11/site-packages/airflow/example_dags/example_time_delta_sensor_async.py for tasks to queue
[2026-05-23T11:31:25.019+0000] {logging_mixin.py:188} INFO - [2026-05-23T11:31:25.019+0000] {dagbag.py:545} INFO - Filling up the DagBag from /home/vscode/.local/lib/python3.11/site-packages/airflow/example_dags/example_time_delta_sensor_async.py
[2026-05-23T11:31:25.023+0000] {processor.py:840} INFO - DAG(s) 'example_time_delta_sensor_async' retrieved from /home/vscode/.local/lib/python3.11/site-packages/airflow/example_dags/example_time_delta_sensor_async.py
[2026-05-23T11:31:25.035+0000] {logging_mixin.py:188} INFO - [2026-05-23T11:31:25.035+0000] {dag.py:3096} INFO - Sync 1 DAGs
[2026-05-23T11:31:25.043+0000] {logging_mixin.py:188} INFO - [2026-05-23T11:31:25.043+0000] {dag.py:3954} INFO - Setting next_dagrun for example_time_delta_sensor_async to None, run_after=None
[2026-05-23T11:31:25.058+0000] {processor.py:183} INFO - Processing /home/vscode/.local/lib/python3.11/site-packages/airflow/example_dags/example_time_delta_sensor_async.py took 0.046 seconds
[2026-05-23T11:32:08.186+0000] {processor.py:161} INFO - Started process (PID=6466) to work on /home/vscode/.local/lib/python3.11/site-packages/airflow/example_dags/example_time_delta_sensor_async.py
[2026-05-23T11:32:08.187+0000] {processor.py:830} INFO - Processing file /home/vscode/.local/lib/python3.11/site-packages/airflow/example_dags/example_time_delta_sensor_async.py for tasks to queue
[2026-05-23T11:32:08.187+0000] {logging_mixin.py:188} INFO - [2026-05-23T11:32:08.187+0000] {dagbag.py:545} INFO - Filling up the DagBag from /home/vscode/.local/lib/python3.11/site-packages/airflow/example_dags/example_time_delta_sensor_async.py
[2026-05-23T11:32:08.190+0000] {processor.py:840} INFO - DAG(s) 'example_time_delta_sensor_async' retrieved from /home/vscode/.local/lib/python3.11/site-packages/airflow/example_dags/example_time_delta_sensor_async.py
[2026-05-23T11:32:08.202+0000] {logging_mixin.py:188} INFO - [2026-05-23T11:32:08.202+0000] {dag.py:3096} INFO - Sync 1 DAGs
[2026-05-23T11:32:08.210+0000] {logging_mixin.py:188} INFO - [2026-05-23T11:32:08.210+0000] {dag.py:3954} INFO - Setting next_dagrun for example_time_delta_sensor_async to None, run_after=None
[2026-05-23T11:32:08.225+0000] {processor.py:183} INFO - Processing /home/vscode/.local/lib/python3.11/site-packages/airflow/example_dags/example_time_delta_sensor_async.py took 0.045 seconds
[2026-05-23T11:32:49.713+0000] {processor.py:161} INFO - Started process (PID=7406) to work on /home/vscode/.local/lib/python3.11/site-packages/airflow/example_dags/example_time_delta_sensor_async.py
[2026-05-23T11:32:49.715+0000] {processor.py:830} INFO - Processing file /home/vscode/.local/lib/python3.11/site-packages/airflow/example_dags/example_time_delta_sensor_async.py for tasks to queue
[2026-05-23T11:32:49.716+0000] {logging_mixin.py:188} INFO - [2026-05-23T11:32:49.716+0000] {dagbag.py:545} INFO - Filling up the DagBag from /home/vscode/.local/lib/python3.11/site-packages/airflow/example_dags/example_time_delta_sensor_async.py
[2026-05-23T11:32:49.732+0000] {processor.py:840} INFO - DAG(s) 'example_time_delta_sensor_async' retrieved from /home/vscode/.local/lib/python3.11/site-packages/airflow/example_dags/example_time_delta_sensor_async.py
[2026-05-23T11:32:49.754+0000] {logging_mixin.py:188} INFO - [2026-05-23T11:32:49.753+0000] {dag.py:3096} INFO - Sync 1 DAGs
[2026-05-23T11:32:49.769+0000] {logging_mixin.py:188} INFO - [2026-05-23T11:32:49.769+0000] {dag.py:3954} INFO - Setting next_dagrun for example_time_delta_sensor_async to None, run_after=None
[2026-05-23T11:32:49.798+0000] {processor.py:183} INFO - Processing /home/vscode/.local/lib/python3.11/site-packages/airflow/example_dags/example_time_delta_sensor_async.py took 0.095 seconds
[2026-05-23T11:33:35.473+0000] {processor.py:161} INFO - Started process (PID=8408) to work on /home/vscode/.local/lib/python3.11/site-packages/airflow/example_dags/example_time_delta_sensor_async.py
[2026-05-23T11:33:35.474+0000] {processor.py:830} INFO - Processing file /home/vscode/.local/lib/python3.11/site-packages/airflow/example_dags/example_time_delta_sensor_async.py for tasks to queue
[2026-05-23T11:33:35.474+0000] {logging_mixin.py:188} INFO - [2026-05-23T11:33:35.474+0000] {dagbag.py:545} INFO - Filling up the DagBag from /home/vscode/.local/lib/python3.11/site-packages/airflow/example_dags/example_time_delta_sensor_async.py
[2026-05-23T11:33:35.478+0000] {processor.py:840} INFO - DAG(s) 'example_time_delta_sensor_async' retrieved from /home/vscode/.local/lib/python3.11/site-packages/airflow/example_dags/example_time_delta_sensor_async.py
[2026-05-23T11:33:35.489+0000] {logging_mixin.py:188} INFO - [2026-05-23T11:33:35.489+0000] {dag.py:3096} INFO - Sync 1 DAGs
[2026-05-23T11:33:35.497+0000] {logging_mixin.py:188} INFO - [2026-05-23T11:33:35.497+0000] {dag.py:3954} INFO - Setting next_dagrun for example_time_delta_sensor_async to None, run_after=None
[2026-05-23T11:33:35.513+0000] {processor.py:183} INFO - Processing /home/vscode/.local/lib/python3.11/site-packages/airflow/example_dags/example_time_delta_sensor_async.py took 0.046 seconds
[2026-05-23T11:34:22.841+0000] {processor.py:161} INFO - Started process (PID=8668) to work on /home/vscode/.local/lib/python3.11/site-packages/airflow/example_dags/example_time_delta_sensor_async.py
[2026-05-23T11:34:22.841+0000] {processor.py:830} INFO - Processing file /home/vscode/.local/lib/python3.11/site-packages/airflow/example_dags/example_time_delta_sensor_async.py for tasks to queue
[2026-05-23T11:34:22.842+0000] {logging_mixin.py:188} INFO - [2026-05-23T11:34:22.842+0000] {dagbag.py:545} INFO - Filling up the DagBag from /home/vscode/.local/lib/python3.11/site-packages/airflow/example_dags/example_time_delta_sensor_async.py
[2026-05-23T11:34:22.845+0000] {processor.py:840} INFO - DAG(s) 'example_time_delta_sensor_async' retrieved from /home/vscode/.local/lib/python3.11/site-packages/airflow/example_dags/example_time_delta_sensor_async.py
[2026-05-23T11:34:22.856+0000] {logging_mixin.py:188} INFO - [2026-05-23T11:34:22.856+0000] {dag.py:3096} INFO - Sync 1 DAGs
[2026-05-23T11:34:22.864+0000] {logging_mixin.py:188} INFO - [2026-05-23T11:34:22.864+0000] {dag.py:3954} INFO - Setting next_dagrun for example_time_delta_sensor_async to None, run_after=None
[2026-05-23T11:34:22.880+0000] {processor.py:183} INFO - Processing /home/vscode/.local/lib/python3.11/site-packages/airflow/example_dags/example_time_delta_sensor_async.py took 0.045 seconds
[2026-05-23T11:35:07.271+0000] {processor.py:161} INFO - Started process (PID=9017) to work on /home/vscode/.local/lib/python3.11/site-packages/airflow/example_dags/example_time_delta_sensor_async.py
[2026-05-23T11:35:07.272+0000] {processor.py:830} INFO - Processing file /home/vscode/.local/lib/python3.11/site-packages/airflow/example_dags/example_time_delta_sensor_async.py for tasks to queue
[2026-05-23T11:35:07.273+0000] {logging_mixin.py:188} INFO - [2026-05-23T11:35:07.272+0000] {dagbag.py:545} INFO - Filling up the DagBag from /home/vscode/.local/lib/python3.11/site-packages/airflow/example_dags/example_time_delta_sensor_async.py
[2026-05-23T11:35:07.278+0000] {processor.py:840} INFO - DAG(s) 'example_time_delta_sensor_async' retrieved from /home/vscode/.local/lib/python3.11/site-packages/airflow/example_dags/example_time_delta_sensor_async.py
[2026-05-23T11:35:07.300+0000] {logging_mixin.py:188} INFO - [2026-05-23T11:35:07.300+0000] {dag.py:3096} INFO - Sync 1 DAGs
[2026-05-23T11:35:07.312+0000] {logging_mixin.py:188} INFO - [2026-05-23T11:35:07.312+0000] {dag.py:3954} INFO - Setting next_dagrun for example_time_delta_sensor_async to None, run_after=None
[2026-05-23T11:35:07.329+0000] {processor.py:183} INFO - Processing /home/vscode/.local/lib/python3.11/site-packages/airflow/example_dags/example_time_delta_sensor_async.py took 0.069 seconds
[2026-05-23T11:35:50.556+0000] {processor.py:161} INFO - Started process (PID=9375) to work on /home/vscode/.local/lib/python3.11/site-packages/airflow/example_dags/example_time_delta_sensor_async.py
[2026-05-23T11:35:50.556+0000] {processor.py:830} INFO - Processing file /home/vscode/.local/lib/python3.11/site-packages/airflow/example_dags/example_time_delta_sensor_async.py for tasks to queue
[2026-05-23T11:35:50.557+0000] {logging_mixin.py:188} INFO - [2026-05-23T11:35:50.557+0000] {dagbag.py:545} INFO - Filling up the DagBag from /home/vscode/.local/lib/python3.11/site-packages/airflow/example_dags/example_time_delta_sensor_async.py
[2026-05-23T11:35:50.560+0000] {processor.py:840} INFO - DAG(s) 'example_time_delta_sensor_async' retrieved from /home/vscode/.local/lib/python3.11/site-packages/airflow/example_dags/example_time_delta_sensor_async.py
[2026-05-23T11:35:50.571+0000] {logging_mixin.py:188} INFO - [2026-05-23T11:35:50.571+0000] {dag.py:3096} INFO - Sync 1 DAGs
[2026-05-23T11:35:50.579+0000] {logging_mixin.py:188} INFO - [2026-05-23T11:35:50.579+0000] {dag.py:3954} INFO - Setting next_dagrun for example_time_delta_sensor_async to None, run_after=None
[2026-05-23T11:35:50.594+0000] {processor.py:183} INFO - Processing /home/vscode/.local/lib/python3.11/site-packages/airflow/example_dags/example_time_delta_sensor_async.py took 0.045 seconds
[2026-05-23T11:36:32.721+0000] {processor.py:161} INFO - Started process (PID=9797) to work on /home/vscode/.local/lib/python3.11/site-packages/airflow/example_dags/example_time_delta_sensor_async.py
[2026-05-23T11:36:32.722+0000] {processor.py:830} INFO - Processing file /home/vscode/.local/lib/python3.11/site-packages/airflow/example_dags/example_time_delta_sensor_async.py for tasks to queue
[2026-05-23T11:36:32.722+0000] {logging_mixin.py:188} INFO - [2026-05-23T11:36:32.722+0000] {dagbag.py:545} INFO - Filling up the DagBag from /home/vscode/.local/lib/python3.11/site-packages/airflow/example_dags/example_time_delta_sensor_async.py
[2026-05-23T11:36:32.725+0000] {processor.py:840} INFO - DAG(s) 'example_time_delta_sensor_async' retrieved from /home/vscode/.local/lib/python3.11/site-packages/airflow/example_dags/example_time_delta_sensor_async.py
[2026-05-23T11:36:32.737+0000] {logging_mixin.py:188} INFO - [2026-05-23T11:36:32.737+0000] {dag.py:3096} INFO - Sync 1 DAGs
[2026-05-23T11:36:32.745+0000] {logging_mixin.py:188} INFO - [2026-05-23T11:36:32.745+0000] {dag.py:3954} INFO - Setting next_dagrun for example_time_delta_sensor_async to None, run_after=None
[2026-05-23T11:36:32.760+0000] {processor.py:183} INFO - Processing /home/vscode/.local/lib/python3.11/site-packages/airflow/example_dags/example_time_delta_sensor_async.py took 0.046 seconds
[2026-05-23T11:37:20.069+0000] {processor.py:161} INFO - Started process (PID=10156) to work on /home/vscode/.local/lib/python3.11/site-packages/airflow/example_dags/example_time_delta_sensor_async.py
[2026-05-23T11:37:20.070+0000] {processor.py:830} INFO - Processing file /home/vscode/.local/lib/python3.11/site-packages/airflow/example_dags/example_time_delta_sensor_async.py for tasks to queue
[2026-05-23T11:37:20.070+0000] {logging_mixin.py:188} INFO - [2026-05-23T11:37:20.070+0000] {dagbag.py:545} INFO - Filling up the DagBag from /home/vscode/.local/lib/python3.11/site-packages/airflow/example_dags/example_time_delta_sensor_async.py
[2026-05-23T11:37:20.074+0000] {processor.py:840} INFO - DAG(s) 'example_time_delta_sensor_async' retrieved from /home/vscode/.local/lib/python3.11/site-packages/airflow/example_dags/example_time_delta_sensor_async.py
[2026-05-23T11:37:20.086+0000] {logging_mixin.py:188} INFO - [2026-05-23T11:37:20.086+0000] {dag.py:3096} INFO - Sync 1 DAGs
[2026-05-23T11:37:20.096+0000] {logging_mixin.py:188} INFO - [2026-05-23T11:37:20.096+0000] {dag.py:3954} INFO - Setting next_dagrun for example_time_delta_sensor_async to None, run_after=None
[2026-05-23T11:37:20.113+0000] {processor.py:183} INFO - Processing /home/vscode/.local/lib/python3.11/site-packages/airflow/example_dags/example_time_delta_sensor_async.py took 0.051 seconds
[2026-05-23T11:38:04.005+0000] {processor.py:161} INFO - Started process (PID=10541) to work on /home/vscode/.local/lib/python3.11/site-packages/airflow/example_dags/example_time_delta_sensor_async.py
[2026-05-23T11:38:04.006+0000] {processor.py:830} INFO - Processing file /home/vscode/.local/lib/python3.11/site-packages/airflow/example_dags/example_time_delta_sensor_async.py for tasks to queue
[2026-05-23T11:38:04.007+0000] {logging_mixin.py:188} INFO - [2026-05-23T11:38:04.006+0000] {dagbag.py:545} INFO - Filling up the DagBag from /home/vscode/.local/lib/python3.11/site-packages/airflow/example_dags/example_time_delta_sensor_async.py
[2026-05-23T11:38:04.010+0000] {processor.py:840} INFO - DAG(s) 'example_time_delta_sensor_async' retrieved from /home/vscode/.local/lib/python3.11/site-packages/airflow/example_dags/example_time_delta_sensor_async.py
[2026-05-23T11:38:04.021+0000] {logging_mixin.py:188} INFO - [2026-05-23T11:38:04.021+0000] {dag.py:3096} INFO - Sync 1 DAGs
[2026-05-23T11:38:04.029+0000] {logging_mixin.py:188} INFO - [2026-05-23T11:38:04.029+0000] {dag.py:3954} INFO - Setting next_dagrun for example_time_delta_sensor_async to None, run_after=None
[2026-05-23T11:38:04.044+0000] {processor.py:183} INFO - Processing /home/vscode/.local/lib/python3.11/site-packages/airflow/example_dags/example_time_delta_sensor_async.py took 0.045 seconds
[2026-05-23T11:38:43.979+0000] {processor.py:161} INFO - Started process (PID=10911) to work on /home/vscode/.local/lib/python3.11/site-packages/airflow/example_dags/example_time_delta_sensor_async.py
[2026-05-23T11:38:43.980+0000] {processor.py:830} INFO - Processing file /home/vscode/.local/lib/python3.11/site-packages/airflow/example_dags/example_time_delta_sensor_async.py for tasks to queue
[2026-05-23T11:38:43.981+0000] {logging_mixin.py:188} INFO - [2026-05-23T11:38:43.980+0000] {dagbag.py:545} INFO - Filling up the DagBag from /home/vscode/.local/lib/python3.11/site-packages/airflow/example_dags/example_time_delta_sensor_async.py
[2026-05-23T11:38:43.984+0000] {processor.py:840} INFO - DAG(s) 'example_time_delta_sensor_async' retrieved from /home/vscode/.local/lib/python3.11/site-packages/airflow/example_dags/example_time_delta_sensor_async.py
[2026-05-23T11:38:43.995+0000] {logging_mixin.py:188} INFO - [2026-05-23T11:38:43.995+0000] {dag.py:3096} INFO - Sync 1 DAGs
[2026-05-23T11:38:44.003+0000] {logging_mixin.py:188} INFO - [2026-05-23T11:38:44.003+0000] {dag.py:3954} INFO - Setting next_dagrun for example_time_delta_sensor_async to None, run_after=None
[2026-05-23T11:38:44.018+0000] {processor.py:183} INFO - Processing /home/vscode/.local/lib/python3.11/site-packages/airflow/example_dags/example_time_delta_sensor_async.py took 0.045 seconds
[2026-05-23T11:39:27.359+0000] {processor.py:161} INFO - Started process (PID=11271) to work on /home/vscode/.local/lib/python3.11/site-packages/airflow/example_dags/example_time_delta_sensor_async.py
[2026-05-23T11:39:27.362+0000] {processor.py:830} INFO - Processing file /home/vscode/.local/lib/python3.11/site-packages/airflow/example_dags/example_time_delta_sensor_async.py for tasks to queue
[2026-05-23T11:39:27.362+0000] {logging_mixin.py:188} INFO - [2026-05-23T11:39:27.362+0000] {dagbag.py:545} INFO - Filling up the DagBag from /home/vscode/.local/lib/python3.11/site-packages/airflow/example_dags/example_time_delta_sensor_async.py
[2026-05-23T11:39:27.377+0000] {processor.py:840} INFO - DAG(s) 'example_time_delta_sensor_async' retrieved from /home/vscode/.local/lib/python3.11/site-packages/airflow/example_dags/example_time_delta_sensor_async.py
[2026-05-23T11:39:27.421+0000] {logging_mixin.py:188} INFO - [2026-05-23T11:39:27.421+0000] {dag.py:3096} INFO - Sync 1 DAGs
[2026-05-23T11:39:27.435+0000] {logging_mixin.py:188} INFO - [2026-05-23T11:39:27.434+0000] {dag.py:3954} INFO - Setting next_dagrun for example_time_delta_sensor_async to None, run_after=None
[2026-05-23T11:39:27.451+0000] {processor.py:183} INFO - Processing /home/vscode/.local/lib/python3.11/site-packages/airflow/example_dags/example_time_delta_sensor_async.py took 0.103 seconds
[2026-05-23T11:40:08.493+0000] {processor.py:161} INFO - Started process (PID=11630) to work on /home/vscode/.local/lib/python3.11/site-packages/airflow/example_dags/example_time_delta_sensor_async.py
[2026-05-23T11:40:08.493+0000] {processor.py:830} INFO - Processing file /home/vscode/.local/lib/python3.11/site-packages/airflow/example_dags/example_time_delta_sensor_async.py for tasks to queue
[2026-05-23T11:40:08.494+0000] {logging_mixin.py:188} INFO - [2026-05-23T11:40:08.494+0000] {dagbag.py:545} INFO - Filling up the DagBag from /home/vscode/.local/lib/python3.11/site-packages/airflow/example_dags/example_time_delta_sensor_async.py
[2026-05-23T11:40:08.497+0000] {processor.py:840} INFO - DAG(s) 'example_time_delta_sensor_async' retrieved from /home/vscode/.local/lib/python3.11/site-packages/airflow/example_dags/example_time_delta_sensor_async.py
[2026-05-23T11:40:08.508+0000] {logging_mixin.py:188} INFO - [2026-05-23T11:40:08.508+0000] {dag.py:3096} INFO - Sync 1 DAGs
[2026-05-23T11:40:08.516+0000] {logging_mixin.py:188} INFO - [2026-05-23T11:40:08.516+0000] {dag.py:3954} INFO - Setting next_dagrun for example_time_delta_sensor_async to None, run_after=None
[2026-05-23T11:40:08.531+0000] {processor.py:183} INFO - Processing /home/vscode/.local/lib/python3.11/site-packages/airflow/example_dags/example_time_delta_sensor_async.py took 0.045 seconds
[2026-05-23T11:40:50.993+0000] {processor.py:161} INFO - Started process (PID=12021) to work on /home/vscode/.local/lib/python3.11/site-packages/airflow/example_dags/example_time_delta_sensor_async.py
[2026-05-23T11:40:50.994+0000] {processor.py:830} INFO - Processing file /home/vscode/.local/lib/python3.11/site-packages/airflow/example_dags/example_time_delta_sensor_async.py for tasks to queue
[2026-05-23T11:40:50.994+0000] {logging_mixin.py:188} INFO - [2026-05-23T11:40:50.994+0000] {dagbag.py:545} INFO - Filling up the DagBag from /home/vscode/.local/lib/python3.11/site-packages/airflow/example_dags/example_time_delta_sensor_async.py
[2026-05-23T11:40:50.997+0000] {processor.py:840} INFO - DAG(s) 'example_time_delta_sensor_async' retrieved from /home/vscode/.local/lib/python3.11/site-packages/airflow/example_dags/example_time_delta_sensor_async.py
[2026-05-23T11:40:51.009+0000] {logging_mixin.py:188} INFO - [2026-05-23T11:40:51.009+0000] {dag.py:3096} INFO - Sync 1 DAGs
[2026-05-23T11:40:51.017+0000] {logging_mixin.py:188} INFO - [2026-05-23T11:40:51.017+0000] {dag.py:3954} INFO - Setting next_dagrun for example_time_delta_sensor_async to None, run_after=None
[2026-05-23T11:40:51.033+0000] {processor.py:183} INFO - Processing /home/vscode/.local/lib/python3.11/site-packages/airflow/example_dags/example_time_delta_sensor_async.py took 0.047 seconds
[2026-05-23T11:41:33.439+0000] {processor.py:161} INFO - Started process (PID=12463) to work on /home/vscode/.local/lib/python3.11/site-packages/airflow/example_dags/example_time_delta_sensor_async.py
[2026-05-23T11:41:33.440+0000] {processor.py:830} INFO - Processing file /home/vscode/.local/lib/python3.11/site-packages/airflow/example_dags/example_time_delta_sensor_async.py for tasks to queue
[2026-05-23T11:41:33.441+0000] {logging_mixin.py:188} INFO - [2026-05-23T11:41:33.440+0000] {dagbag.py:545} INFO - Filling up the DagBag from /home/vscode/.local/lib/python3.11/site-packages/airflow/example_dags/example_time_delta_sensor_async.py
[2026-05-23T11:41:33.445+0000] {processor.py:840} INFO - DAG(s) 'example_time_delta_sensor_async' retrieved from /home/vscode/.local/lib/python3.11/site-packages/airflow/example_dags/example_time_delta_sensor_async.py
[2026-05-23T11:41:33.459+0000] {logging_mixin.py:188} INFO - [2026-05-23T11:41:33.459+0000] {dag.py:3096} INFO - Sync 1 DAGs
[2026-05-23T11:41:33.467+0000] {logging_mixin.py:188} INFO - [2026-05-23T11:41:33.467+0000] {dag.py:3954} INFO - Setting next_dagrun for example_time_delta_sensor_async to None, run_after=None
[2026-05-23T11:41:33.483+0000] {processor.py:183} INFO - Processing /home/vscode/.local/lib/python3.11/site-packages/airflow/example_dags/example_time_delta_sensor_async.py took 0.054 seconds
[2026-05-23T11:42:15.047+0000] {processor.py:161} INFO - Started process (PID=12756) to work on /home/vscode/.local/lib/python3.11/site-packages/airflow/example_dags/example_time_delta_sensor_async.py
[2026-05-23T11:42:15.048+0000] {processor.py:830} INFO - Processing file /home/vscode/.local/lib/python3.11/site-packages/airflow/example_dags/example_time_delta_sensor_async.py for tasks to queue
[2026-05-23T11:42:15.048+0000] {logging_mixin.py:188} INFO - [2026-05-23T11:42:15.048+0000] {dagbag.py:545} INFO - Filling up the DagBag from /home/vscode/.local/lib/python3.11/site-packages/airflow/example_dags/example_time_delta_sensor_async.py
[2026-05-23T11:42:15.051+0000] {processor.py:840} INFO - DAG(s) 'example_time_delta_sensor_async' retrieved from /home/vscode/.local/lib/python3.11/site-packages/airflow/example_dags/example_time_delta_sensor_async.py
[2026-05-23T11:42:15.062+0000] {logging_mixin.py:188} INFO - [2026-05-23T11:42:15.062+0000] {dag.py:3096} INFO - Sync 1 DAGs
[2026-05-23T11:42:15.071+0000] {logging_mixin.py:188} INFO - [2026-05-23T11:42:15.070+0000] {dag.py:3954} INFO - Setting next_dagrun for example_time_delta_sensor_async to None, run_after=None
[2026-05-23T11:42:15.085+0000] {processor.py:183} INFO - Processing /home/vscode/.local/lib/python3.11/site-packages/airflow/example_dags/example_time_delta_sensor_async.py took 0.044 seconds
[2026-05-23T11:42:59.773+0000] {processor.py:161} INFO - Started process (PID=13193) to work on /home/vscode/.local/lib/python3.11/site-packages/airflow/example_dags/example_time_delta_sensor_async.py
[2026-05-23T11:42:59.773+0000] {processor.py:830} INFO - Processing file /home/vscode/.local/lib/python3.11/site-packages/airflow/example_dags/example_time_delta_sensor_async.py for tasks to queue
[2026-05-23T11:42:59.774+0000] {logging_mixin.py:188} INFO - [2026-05-23T11:42:59.774+0000] {dagbag.py:545} INFO - Filling up the DagBag from /home/vscode/.local/lib/python3.11/site-packages/airflow/example_dags/example_time_delta_sensor_async.py
[2026-05-23T11:42:59.777+0000] {processor.py:840} INFO - DAG(s) 'example_time_delta_sensor_async' retrieved from /home/vscode/.local/lib/python3.11/site-packages/airflow/example_dags/example_time_delta_sensor_async.py
[2026-05-23T11:42:59.788+0000] {logging_mixin.py:188} INFO - [2026-05-23T11:42:59.788+0000] {dag.py:3096} INFO - Sync 1 DAGs
[2026-05-23T11:42:59.796+0000] {logging_mixin.py:188} INFO - [2026-05-23T11:42:59.796+0000] {dag.py:3954} INFO - Setting next_dagrun for example_time_delta_sensor_async to None, run_after=None
[2026-05-23T11:42:59.811+0000] {processor.py:183} INFO - Processing /home/vscode/.local/lib/python3.11/site-packages/airflow/example_dags/example_time_delta_sensor_async.py took 0.045 seconds
[2026-05-23T11:43:45.171+0000] {processor.py:161} INFO - Started process (PID=13601) to work on /home/vscode/.local/lib/python3.11/site-packages/airflow/example_dags/example_time_delta_sensor_async.py
[2026-05-23T11:43:45.171+0000] {processor.py:830} INFO - Processing file /home/vscode/.local/lib/python3.11/site-packages/airflow/example_dags/example_time_delta_sensor_async.py for tasks to queue
[2026-05-23T11:43:45.172+0000] {logging_mixin.py:188} INFO - [2026-05-23T11:43:45.171+0000] {dagbag.py:545} INFO - Filling up the DagBag from /home/vscode/.local/lib/python3.11/site-packages/airflow/example_dags/example_time_delta_sensor_async.py
[2026-05-23T11:43:45.175+0000] {processor.py:840} INFO - DAG(s) 'example_time_delta_sensor_async' retrieved from /home/vscode/.local/lib/python3.11/site-packages/airflow/example_dags/example_time_delta_sensor_async.py
[2026-05-23T11:43:45.187+0000] {logging_mixin.py:188} INFO - [2026-05-23T11:43:45.187+0000] {dag.py:3096} INFO - Sync 1 DAGs
[2026-05-23T11:43:45.196+0000] {logging_mixin.py:188} INFO - [2026-05-23T11:43:45.196+0000] {dag.py:3954} INFO - Setting next_dagrun for example_time_delta_sensor_async to None, run_after=None
[2026-05-23T11:43:45.212+0000] {processor.py:183} INFO - Processing /home/vscode/.local/lib/python3.11/site-packages/airflow/example_dags/example_time_delta_sensor_async.py took 0.048 seconds
[2026-05-23T11:44:28.319+0000] {processor.py:161} INFO - Started process (PID=14002) to work on /home/vscode/.local/lib/python3.11/site-packages/airflow/example_dags/example_time_delta_sensor_async.py
[2026-05-23T11:44:28.320+0000] {processor.py:830} INFO - Processing file /home/vscode/.local/lib/python3.11/site-packages/airflow/example_dags/example_time_delta_sensor_async.py for tasks to queue
[2026-05-23T11:44:28.320+0000] {logging_mixin.py:188} INFO - [2026-05-23T11:44:28.320+0000] {dagbag.py:545} INFO - Filling up the DagBag from /home/vscode/.local/lib/python3.11/site-packages/airflow/example_dags/example_time_delta_sensor_async.py
[2026-05-23T11:44:28.323+0000] {processor.py:840} INFO - DAG(s) 'example_time_delta_sensor_async' retrieved from /home/vscode/.local/lib/python3.11/site-packages/airflow/example_dags/example_time_delta_sensor_async.py
[2026-05-23T11:44:28.334+0000] {logging_mixin.py:188} INFO - [2026-05-23T11:44:28.334+0000] {dag.py:3096} INFO - Sync 1 DAGs
[2026-05-23T11:44:28.342+0000] {logging_mixin.py:188} INFO - [2026-05-23T11:44:28.342+0000] {dag.py:3954} INFO - Setting next_dagrun for example_time_delta_sensor_async to None, run_after=None
[2026-05-23T11:44:28.356+0000] {processor.py:183} INFO - Processing /home/vscode/.local/lib/python3.11/site-packages/airflow/example_dags/example_time_delta_sensor_async.py took 0.043 seconds
[2026-05-23T11:45:13.248+0000] {processor.py:161} INFO - Started process (PID=14344) to work on /home/vscode/.local/lib/python3.11/site-packages/airflow/example_dags/example_time_delta_sensor_async.py
[2026-05-23T11:45:13.248+0000] {processor.py:830} INFO - Processing file /home/vscode/.local/lib/python3.11/site-packages/airflow/example_dags/example_time_delta_sensor_async.py for tasks to queue
[2026-05-23T11:45:13.249+0000] {logging_mixin.py:188} INFO - [2026-05-23T11:45:13.249+0000] {dagbag.py:545} INFO - Filling up the DagBag from /home/vscode/.local/lib/python3.11/site-packages/airflow/example_dags/example_time_delta_sensor_async.py
[2026-05-23T11:45:13.252+0000] {processor.py:840} INFO - DAG(s) 'example_time_delta_sensor_async' retrieved from /home/vscode/.local/lib/python3.11/site-packages/airflow/example_dags/example_time_delta_sensor_async.py
[2026-05-23T11:45:13.263+0000] {logging_mixin.py:188} INFO - [2026-05-23T11:45:13.263+0000] {dag.py:3096} INFO - Sync 1 DAGs
[2026-05-23T11:45:13.272+0000] {logging_mixin.py:188} INFO - [2026-05-23T11:45:13.272+0000] {dag.py:3954} INFO - Setting next_dagrun for example_time_delta_sensor_async to None, run_after=None
[2026-05-23T11:45:13.287+0000] {processor.py:183} INFO - Processing /home/vscode/.local/lib/python3.11/site-packages/airflow/example_dags/example_time_delta_sensor_async.py took 0.045 seconds
[2026-05-23T11:45:54.393+0000] {processor.py:161} INFO - Started process (PID=14933) to work on /home/vscode/.local/lib/python3.11/site-packages/airflow/example_dags/example_time_delta_sensor_async.py
[2026-05-23T11:45:54.393+0000] {processor.py:830} INFO - Processing file /home/vscode/.local/lib/python3.11/site-packages/airflow/example_dags/example_time_delta_sensor_async.py for tasks to queue
[2026-05-23T11:45:54.394+0000] {logging_mixin.py:188} INFO - [2026-05-23T11:45:54.394+0000] {dagbag.py:545} INFO - Filling up the DagBag from /home/vscode/.local/lib/python3.11/site-packages/airflow/example_dags/example_time_delta_sensor_async.py
[2026-05-23T11:45:54.397+0000] {processor.py:840} INFO - DAG(s) 'example_time_delta_sensor_async' retrieved from /home/vscode/.local/lib/python3.11/site-packages/airflow/example_dags/example_time_delta_sensor_async.py
[2026-05-23T11:45:54.408+0000] {logging_mixin.py:188} INFO - [2026-05-23T11:45:54.408+0000] {dag.py:3096} INFO - Sync 1 DAGs
[2026-05-23T11:45:54.416+0000] {logging_mixin.py:188} INFO - [2026-05-23T11:45:54.416+0000] {dag.py:3954} INFO - Setting next_dagrun for example_time_delta_sensor_async to None, run_after=None
[2026-05-23T11:45:54.431+0000] {processor.py:183} INFO - Processing /home/vscode/.local/lib/python3.11/site-packages/airflow/example_dags/example_time_delta_sensor_async.py took 0.045 seconds
[2026-05-23T11:46:34.319+0000] {processor.py:161} INFO - Started process (PID=15371) to work on /home/vscode/.local/lib/python3.11/site-packages/airflow/example_dags/example_time_delta_sensor_async.py
[2026-05-23T11:46:34.319+0000] {processor.py:830} INFO - Processing file /home/vscode/.local/lib/python3.11/site-packages/airflow/example_dags/example_time_delta_sensor_async.py for tasks to queue
[2026-05-23T11:46:34.320+0000] {logging_mixin.py:188} INFO - [2026-05-23T11:46:34.319+0000] {dagbag.py:545} INFO - Filling up the DagBag from /home/vscode/.local/lib/python3.11/site-packages/airflow/example_dags/example_time_delta_sensor_async.py
[2026-05-23T11:46:34.323+0000] {processor.py:840} INFO - DAG(s) 'example_time_delta_sensor_async' retrieved from /home/vscode/.local/lib/python3.11/site-packages/airflow/example_dags/example_time_delta_sensor_async.py
[2026-05-23T11:46:34.336+0000] {logging_mixin.py:188} INFO - [2026-05-23T11:46:34.336+0000] {dag.py:3096} INFO - Sync 1 DAGs
[2026-05-23T11:46:34.344+0000] {logging_mixin.py:188} INFO - [2026-05-23T11:46:34.344+0000] {dag.py:3954} INFO - Setting next_dagrun for example_time_delta_sensor_async to None, run_after=None
[2026-05-23T11:46:34.360+0000] {processor.py:183} INFO - Processing /home/vscode/.local/lib/python3.11/site-packages/airflow/example_dags/example_time_delta_sensor_async.py took 0.048 seconds
[2026-05-23T11:47:14.268+0000] {processor.py:161} INFO - Started process (PID=15690) to work on /home/vscode/.local/lib/python3.11/site-packages/airflow/example_dags/example_time_delta_sensor_async.py
[2026-05-23T11:47:14.269+0000] {processor.py:830} INFO - Processing file /home/vscode/.local/lib/python3.11/site-packages/airflow/example_dags/example_time_delta_sensor_async.py for tasks to queue
[2026-05-23T11:47:14.270+0000] {logging_mixin.py:188} INFO - [2026-05-23T11:47:14.269+0000] {dagbag.py:545} INFO - Filling up the DagBag from /home/vscode/.local/lib/python3.11/site-packages/airflow/example_dags/example_time_delta_sensor_async.py
[2026-05-23T11:47:14.273+0000] {processor.py:840} INFO - DAG(s) 'example_time_delta_sensor_async' retrieved from /home/vscode/.local/lib/python3.11/site-packages/airflow/example_dags/example_time_delta_sensor_async.py
[2026-05-23T11:47:14.285+0000] {logging_mixin.py:188} INFO - [2026-05-23T11:47:14.285+0000] {dag.py:3096} INFO - Sync 1 DAGs
[2026-05-23T11:47:14.297+0000] {logging_mixin.py:188} INFO - [2026-05-23T11:47:14.296+0000] {dag.py:3954} INFO - Setting next_dagrun for example_time_delta_sensor_async to None, run_after=None
[2026-05-23T11:47:14.398+0000] {processor.py:183} INFO - Processing /home/vscode/.local/lib/python3.11/site-packages/airflow/example_dags/example_time_delta_sensor_async.py took 0.136 seconds
[2026-05-23T11:47:57.376+0000] {processor.py:161} INFO - Started process (PID=16084) to work on /home/vscode/.local/lib/python3.11/site-packages/airflow/example_dags/example_time_delta_sensor_async.py
[2026-05-23T11:47:57.377+0000] {processor.py:830} INFO - Processing file /home/vscode/.local/lib/python3.11/site-packages/airflow/example_dags/example_time_delta_sensor_async.py for tasks to queue
[2026-05-23T11:47:57.377+0000] {logging_mixin.py:188} INFO - [2026-05-23T11:47:57.377+0000] {dagbag.py:545} INFO - Filling up the DagBag from /home/vscode/.local/lib/python3.11/site-packages/airflow/example_dags/example_time_delta_sensor_async.py
[2026-05-23T11:47:57.381+0000] {processor.py:840} INFO - DAG(s) 'example_time_delta_sensor_async' retrieved from /home/vscode/.local/lib/python3.11/site-packages/airflow/example_dags/example_time_delta_sensor_async.py
[2026-05-23T11:47:57.391+0000] {logging_mixin.py:188} INFO - [2026-05-23T11:47:57.391+0000] {dag.py:3096} INFO - Sync 1 DAGs
[2026-05-23T11:47:57.399+0000] {logging_mixin.py:188} INFO - [2026-05-23T11:47:57.399+0000] {dag.py:3954} INFO - Setting next_dagrun for example_time_delta_sensor_async to None, run_after=None
[2026-05-23T11:47:57.414+0000] {processor.py:183} INFO - Processing /home/vscode/.local/lib/python3.11/site-packages/airflow/example_dags/example_time_delta_sensor_async.py took 0.044 seconds
[2026-05-23T11:48:39.506+0000] {processor.py:161} INFO - Started process (PID=16485) to work on /home/vscode/.local/lib/python3.11/site-packages/airflow/example_dags/example_time_delta_sensor_async.py
[2026-05-23T11:48:39.507+0000] {processor.py:830} INFO - Processing file /home/vscode/.local/lib/python3.11/site-packages/airflow/example_dags/example_time_delta_sensor_async.py for tasks to queue
[2026-05-23T11:48:39.507+0000] {logging_mixin.py:188} INFO - [2026-05-23T11:48:39.507+0000] {dagbag.py:545} INFO - Filling up the DagBag from /home/vscode/.local/lib/python3.11/site-packages/airflow/example_dags/example_time_delta_sensor_async.py
[2026-05-23T11:48:39.510+0000] {processor.py:840} INFO - DAG(s) 'example_time_delta_sensor_async' retrieved from /home/vscode/.local/lib/python3.11/site-packages/airflow/example_dags/example_time_delta_sensor_async.py
[2026-05-23T11:48:39.522+0000] {logging_mixin.py:188} INFO - [2026-05-23T11:48:39.522+0000] {dag.py:3096} INFO - Sync 1 DAGs
[2026-05-23T11:48:39.531+0000] {logging_mixin.py:188} INFO - [2026-05-23T11:48:39.531+0000] {dag.py:3954} INFO - Setting next_dagrun for example_time_delta_sensor_async to None, run_after=None
[2026-05-23T11:48:39.547+0000] {processor.py:183} INFO - Processing /home/vscode/.local/lib/python3.11/site-packages/airflow/example_dags/example_time_delta_sensor_async.py took 0.047 seconds
[2026-05-23T11:49:20.037+0000] {processor.py:161} INFO - Started process (PID=16870) to work on /home/vscode/.local/lib/python3.11/site-packages/airflow/example_dags/example_time_delta_sensor_async.py
[2026-05-23T11:49:20.038+0000] {processor.py:830} INFO - Processing file /home/vscode/.local/lib/python3.11/site-packages/airflow/example_dags/example_time_delta_sensor_async.py for tasks to queue
[2026-05-23T11:49:20.038+0000] {logging_mixin.py:188} INFO - [2026-05-23T11:49:20.038+0000] {dagbag.py:545} INFO - Filling up the DagBag from /home/vscode/.local/lib/python3.11/site-packages/airflow/example_dags/example_time_delta_sensor_async.py
[2026-05-23T11:49:20.042+0000] {processor.py:840} INFO - DAG(s) 'example_time_delta_sensor_async' retrieved from /home/vscode/.local/lib/python3.11/site-packages/airflow/example_dags/example_time_delta_sensor_async.py
[2026-05-23T11:49:20.053+0000] {logging_mixin.py:188} INFO - [2026-05-23T11:49:20.053+0000] {dag.py:3096} INFO - Sync 1 DAGs
[2026-05-23T11:49:20.061+0000] {logging_mixin.py:188} INFO - [2026-05-23T11:49:20.061+0000] {dag.py:3954} INFO - Setting next_dagrun for example_time_delta_sensor_async to None, run_after=None
[2026-05-23T11:49:20.093+0000] {processor.py:183} INFO - Processing /home/vscode/.local/lib/python3.11/site-packages/airflow/example_dags/example_time_delta_sensor_async.py took 0.064 seconds
[2026-05-23T11:50:03.475+0000] {processor.py:161} INFO - Started process (PID=17501) to work on /home/vscode/.local/lib/python3.11/site-packages/airflow/example_dags/example_time_delta_sensor_async.py
[2026-05-23T11:50:03.476+0000] {processor.py:830} INFO - Processing file /home/vscode/.local/lib/python3.11/site-packages/airflow/example_dags/example_time_delta_sensor_async.py for tasks to queue
[2026-05-23T11:50:03.476+0000] {logging_mixin.py:188} INFO - [2026-05-23T11:50:03.476+0000] {dagbag.py:545} INFO - Filling up the DagBag from /home/vscode/.local/lib/python3.11/site-packages/airflow/example_dags/example_time_delta_sensor_async.py
[2026-05-23T11:50:03.480+0000] {processor.py:840} INFO - DAG(s) 'example_time_delta_sensor_async' retrieved from /home/vscode/.local/lib/python3.11/site-packages/airflow/example_dags/example_time_delta_sensor_async.py
[2026-05-23T11:50:03.494+0000] {logging_mixin.py:188} INFO - [2026-05-23T11:50:03.493+0000] {dag.py:3096} INFO - Sync 1 DAGs
[2026-05-23T11:50:03.506+0000] {logging_mixin.py:188} INFO - [2026-05-23T11:50:03.506+0000] {dag.py:3954} INFO - Setting next_dagrun for example_time_delta_sensor_async to None, run_after=None
[2026-05-23T11:50:03.549+0000] {processor.py:183} INFO - Processing /home/vscode/.local/lib/python3.11/site-packages/airflow/example_dags/example_time_delta_sensor_async.py took 0.081 seconds
[2026-05-23T11:50:46.943+0000] {processor.py:161} INFO - Started process (PID=18223) to work on /home/vscode/.local/lib/python3.11/site-packages/airflow/example_dags/example_time_delta_sensor_async.py
[2026-05-23T11:50:46.943+0000] {processor.py:830} INFO - Processing file /home/vscode/.local/lib/python3.11/site-packages/airflow/example_dags/example_time_delta_sensor_async.py for tasks to queue
[2026-05-23T11:50:46.944+0000] {logging_mixin.py:188} INFO - [2026-05-23T11:50:46.944+0000] {dagbag.py:545} INFO - Filling up the DagBag from /home/vscode/.local/lib/python3.11/site-packages/airflow/example_dags/example_time_delta_sensor_async.py
[2026-05-23T11:50:46.947+0000] {processor.py:840} INFO - DAG(s) 'example_time_delta_sensor_async' retrieved from /home/vscode/.local/lib/python3.11/site-packages/airflow/example_dags/example_time_delta_sensor_async.py
[2026-05-23T11:50:46.959+0000] {logging_mixin.py:188} INFO - [2026-05-23T11:50:46.958+0000] {dag.py:3096} INFO - Sync 1 DAGs
[2026-05-23T11:50:46.967+0000] {logging_mixin.py:188} INFO - [2026-05-23T11:50:46.967+0000] {dag.py:3954} INFO - Setting next_dagrun for example_time_delta_sensor_async to None, run_after=None
[2026-05-23T11:50:46.986+0000] {processor.py:183} INFO - Processing /home/vscode/.local/lib/python3.11/site-packages/airflow/example_dags/example_time_delta_sensor_async.py took 0.050 seconds
[2026-05-23T11:51:26.018+0000] {processor.py:161} INFO - Started process (PID=18636) to work on /home/vscode/.local/lib/python3.11/site-packages/airflow/example_dags/example_time_delta_sensor_async.py
[2026-05-23T11:51:26.018+0000] {processor.py:830} INFO - Processing file /home/vscode/.local/lib/python3.11/site-packages/airflow/example_dags/example_time_delta_sensor_async.py for tasks to queue
[2026-05-23T11:51:26.019+0000] {logging_mixin.py:188} INFO - [2026-05-23T11:51:26.019+0000] {dagbag.py:545} INFO - Filling up the DagBag from /home/vscode/.local/lib/python3.11/site-packages/airflow/example_dags/example_time_delta_sensor_async.py
[2026-05-23T11:51:26.022+0000] {processor.py:840} INFO - DAG(s) 'example_time_delta_sensor_async' retrieved from /home/vscode/.local/lib/python3.11/site-packages/airflow/example_dags/example_time_delta_sensor_async.py
[2026-05-23T11:51:26.033+0000] {logging_mixin.py:188} INFO - [2026-05-23T11:51:26.033+0000] {dag.py:3096} INFO - Sync 1 DAGs
[2026-05-23T11:51:26.041+0000] {logging_mixin.py:188} INFO - [2026-05-23T11:51:26.041+0000] {dag.py:3954} INFO - Setting next_dagrun for example_time_delta_sensor_async to None, run_after=None
[2026-05-23T11:51:26.057+0000] {processor.py:183} INFO - Processing /home/vscode/.local/lib/python3.11/site-packages/airflow/example_dags/example_time_delta_sensor_async.py took 0.045 seconds
[2026-05-23T11:52:07.125+0000] {processor.py:161} INFO - Started process (PID=19016) to work on /home/vscode/.local/lib/python3.11/site-packages/airflow/example_dags/example_time_delta_sensor_async.py
[2026-05-23T11:52:07.126+0000] {processor.py:830} INFO - Processing file /home/vscode/.local/lib/python3.11/site-packages/airflow/example_dags/example_time_delta_sensor_async.py for tasks to queue
[2026-05-23T11:52:07.126+0000] {logging_mixin.py:188} INFO - [2026-05-23T11:52:07.126+0000] {dagbag.py:545} INFO - Filling up the DagBag from /home/vscode/.local/lib/python3.11/site-packages/airflow/example_dags/example_time_delta_sensor_async.py
[2026-05-23T11:52:07.130+0000] {processor.py:840} INFO - DAG(s) 'example_time_delta_sensor_async' retrieved from /home/vscode/.local/lib/python3.11/site-packages/airflow/example_dags/example_time_delta_sensor_async.py
[2026-05-23T11:52:07.141+0000] {logging_mixin.py:188} INFO - [2026-05-23T11:52:07.140+0000] {dag.py:3096} INFO - Sync 1 DAGs
[2026-05-23T11:52:07.148+0000] {logging_mixin.py:188} INFO - [2026-05-23T11:52:07.148+0000] {dag.py:3954} INFO - Setting next_dagrun for example_time_delta_sensor_async to None, run_after=None
[2026-05-23T11:52:07.165+0000] {processor.py:183} INFO - Processing /home/vscode/.local/lib/python3.11/site-packages/airflow/example_dags/example_time_delta_sensor_async.py took 0.046 seconds
[2026-05-23T11:52:46.957+0000] {processor.py:161} INFO - Started process (PID=19392) to work on /home/vscode/.local/lib/python3.11/site-packages/airflow/example_dags/example_time_delta_sensor_async.py
[2026-05-23T11:52:46.957+0000] {processor.py:830} INFO - Processing file /home/vscode/.local/lib/python3.11/site-packages/airflow/example_dags/example_time_delta_sensor_async.py for tasks to queue
[2026-05-23T11:52:46.958+0000] {logging_mixin.py:188} INFO - [2026-05-23T11:52:46.958+0000] {dagbag.py:545} INFO - Filling up the DagBag from /home/vscode/.local/lib/python3.11/site-packages/airflow/example_dags/example_time_delta_sensor_async.py
[2026-05-23T11:52:46.961+0000] {processor.py:840} INFO - DAG(s) 'example_time_delta_sensor_async' retrieved from /home/vscode/.local/lib/python3.11/site-packages/airflow/example_dags/example_time_delta_sensor_async.py
[2026-05-23T11:52:46.972+0000] {logging_mixin.py:188} INFO - [2026-05-23T11:52:46.972+0000] {dag.py:3096} INFO - Sync 1 DAGs
[2026-05-23T11:52:46.981+0000] {logging_mixin.py:188} INFO - [2026-05-23T11:52:46.981+0000] {dag.py:3954} INFO - Setting next_dagrun for example_time_delta_sensor_async to None, run_after=None
[2026-05-23T11:52:46.999+0000] {processor.py:183} INFO - Processing /home/vscode/.local/lib/python3.11/site-packages/airflow/example_dags/example_time_delta_sensor_async.py took 0.049 seconds
[2026-05-23T11:53:27.489+0000] {processor.py:161} INFO - Started process (PID=19902) to work on /home/vscode/.local/lib/python3.11/site-packages/airflow/example_dags/example_time_delta_sensor_async.py
[2026-05-23T11:53:27.489+0000] {processor.py:830} INFO - Processing file /home/vscode/.local/lib/python3.11/site-packages/airflow/example_dags/example_time_delta_sensor_async.py for tasks to queue
[2026-05-23T11:53:27.490+0000] {logging_mixin.py:188} INFO - [2026-05-23T11:53:27.490+0000] {dagbag.py:545} INFO - Filling up the DagBag from /home/vscode/.local/lib/python3.11/site-packages/airflow/example_dags/example_time_delta_sensor_async.py
[2026-05-23T11:53:27.493+0000] {processor.py:840} INFO - DAG(s) 'example_time_delta_sensor_async' retrieved from /home/vscode/.local/lib/python3.11/site-packages/airflow/example_dags/example_time_delta_sensor_async.py
[2026-05-23T11:53:27.506+0000] {logging_mixin.py:188} INFO - [2026-05-23T11:53:27.506+0000] {dag.py:3096} INFO - Sync 1 DAGs
[2026-05-23T11:53:27.517+0000] {logging_mixin.py:188} INFO - [2026-05-23T11:53:27.517+0000] {dag.py:3954} INFO - Setting next_dagrun for example_time_delta_sensor_async to None, run_after=None
[2026-05-23T11:53:27.574+0000] {processor.py:183} INFO - Processing /home/vscode/.local/lib/python3.11/site-packages/airflow/example_dags/example_time_delta_sensor_async.py took 0.092 seconds
[2026-05-23T11:54:09.519+0000] {processor.py:161} INFO - Started process (PID=20452) to work on /home/vscode/.local/lib/python3.11/site-packages/airflow/example_dags/example_time_delta_sensor_async.py
[2026-05-23T11:54:09.520+0000] {processor.py:830} INFO - Processing file /home/vscode/.local/lib/python3.11/site-packages/airflow/example_dags/example_time_delta_sensor_async.py for tasks to queue
[2026-05-23T11:54:09.521+0000] {logging_mixin.py:188} INFO - [2026-05-23T11:54:09.520+0000] {dagbag.py:545} INFO - Filling up the DagBag from /home/vscode/.local/lib/python3.11/site-packages/airflow/example_dags/example_time_delta_sensor_async.py
[2026-05-23T11:54:09.524+0000] {processor.py:840} INFO - DAG(s) 'example_time_delta_sensor_async' retrieved from /home/vscode/.local/lib/python3.11/site-packages/airflow/example_dags/example_time_delta_sensor_async.py
[2026-05-23T11:54:09.535+0000] {logging_mixin.py:188} INFO - [2026-05-23T11:54:09.535+0000] {dag.py:3096} INFO - Sync 1 DAGs
[2026-05-23T11:54:09.543+0000] {logging_mixin.py:188} INFO - [2026-05-23T11:54:09.543+0000] {dag.py:3954} INFO - Setting next_dagrun for example_time_delta_sensor_async to None, run_after=None
[2026-05-23T11:54:09.557+0000] {processor.py:183} INFO - Processing /home/vscode/.local/lib/python3.11/site-packages/airflow/example_dags/example_time_delta_sensor_async.py took 0.046 seconds
[2026-05-23T11:54:56.161+0000] {processor.py:161} INFO - Started process (PID=21151) to work on /home/vscode/.local/lib/python3.11/site-packages/airflow/example_dags/example_time_delta_sensor_async.py
[2026-05-23T11:54:56.162+0000] {processor.py:830} INFO - Processing file /home/vscode/.local/lib/python3.11/site-packages/airflow/example_dags/example_time_delta_sensor_async.py for tasks to queue
[2026-05-23T11:54:56.163+0000] {logging_mixin.py:188} INFO - [2026-05-23T11:54:56.162+0000] {dagbag.py:545} INFO - Filling up the DagBag from /home/vscode/.local/lib/python3.11/site-packages/airflow/example_dags/example_time_delta_sensor_async.py
[2026-05-23T11:54:56.167+0000] {processor.py:840} INFO - DAG(s) 'example_time_delta_sensor_async' retrieved from /home/vscode/.local/lib/python3.11/site-packages/airflow/example_dags/example_time_delta_sensor_async.py
[2026-05-23T11:54:56.184+0000] {logging_mixin.py:188} INFO - [2026-05-23T11:54:56.184+0000] {dag.py:3096} INFO - Sync 1 DAGs
[2026-05-23T11:54:56.196+0000] {logging_mixin.py:188} INFO - [2026-05-23T11:54:56.196+0000] {dag.py:3954} INFO - Setting next_dagrun for example_time_delta_sensor_async to None, run_after=None
[2026-05-23T11:54:56.219+0000] {processor.py:183} INFO - Processing /home/vscode/.local/lib/python3.11/site-packages/airflow/example_dags/example_time_delta_sensor_async.py took 0.068 seconds
[2026-05-23T11:55:47.531+0000] {processor.py:161} INFO - Started process (PID=21823) to work on /home/vscode/.local/lib/python3.11/site-packages/airflow/example_dags/example_time_delta_sensor_async.py
[2026-05-23T11:55:47.535+0000] {processor.py:830} INFO - Processing file /home/vscode/.local/lib/python3.11/site-packages/airflow/example_dags/example_time_delta_sensor_async.py for tasks to queue
[2026-05-23T11:55:47.536+0000] {logging_mixin.py:188} INFO - [2026-05-23T11:55:47.536+0000] {dagbag.py:545} INFO - Filling up the DagBag from /home/vscode/.local/lib/python3.11/site-packages/airflow/example_dags/example_time_delta_sensor_async.py
[2026-05-23T11:55:47.542+0000] {processor.py:840} INFO - DAG(s) 'example_time_delta_sensor_async' retrieved from /home/vscode/.local/lib/python3.11/site-packages/airflow/example_dags/example_time_delta_sensor_async.py
[2026-05-23T11:55:47.597+0000] {logging_mixin.py:188} INFO - [2026-05-23T11:55:47.596+0000] {dag.py:3096} INFO - Sync 1 DAGs
[2026-05-23T11:55:47.628+0000] {logging_mixin.py:188} INFO - [2026-05-23T11:55:47.627+0000] {dag.py:3954} INFO - Setting next_dagrun for example_time_delta_sensor_async to None, run_after=None
[2026-05-23T11:55:47.648+0000] {processor.py:183} INFO - Processing /home/vscode/.local/lib/python3.11/site-packages/airflow/example_dags/example_time_delta_sensor_async.py took 0.141 seconds
[2026-05-23T11:56:37.026+0000] {processor.py:161} INFO - Started process (PID=22528) to work on /home/vscode/.local/lib/python3.11/site-packages/airflow/example_dags/example_time_delta_sensor_async.py
[2026-05-23T11:56:37.027+0000] {processor.py:830} INFO - Processing file /home/vscode/.local/lib/python3.11/site-packages/airflow/example_dags/example_time_delta_sensor_async.py for tasks to queue
[2026-05-23T11:56:37.028+0000] {logging_mixin.py:188} INFO - [2026-05-23T11:56:37.028+0000] {dagbag.py:545} INFO - Filling up the DagBag from /home/vscode/.local/lib/python3.11/site-packages/airflow/example_dags/example_time_delta_sensor_async.py
[2026-05-23T11:56:37.033+0000] {processor.py:840} INFO - DAG(s) 'example_time_delta_sensor_async' retrieved from /home/vscode/.local/lib/python3.11/site-packages/airflow/example_dags/example_time_delta_sensor_async.py
[2026-05-23T11:56:37.049+0000] {logging_mixin.py:188} INFO - [2026-05-23T11:56:37.049+0000] {dag.py:3096} INFO - Sync 1 DAGs
[2026-05-23T11:56:37.062+0000] {logging_mixin.py:188} INFO - [2026-05-23T11:56:37.061+0000] {dag.py:3954} INFO - Setting next_dagrun for example_time_delta_sensor_async to None, run_after=None
[2026-05-23T11:56:37.083+0000] {processor.py:183} INFO - Processing /home/vscode/.local/lib/python3.11/site-packages/airflow/example_dags/example_time_delta_sensor_async.py took 0.066 seconds
[2026-05-23T11:57:26.331+0000] {processor.py:161} INFO - Started process (PID=22946) to work on /home/vscode/.local/lib/python3.11/site-packages/airflow/example_dags/example_time_delta_sensor_async.py
[2026-05-23T11:57:26.334+0000] {processor.py:830} INFO - Processing file /home/vscode/.local/lib/python3.11/site-packages/airflow/example_dags/example_time_delta_sensor_async.py for tasks to queue
[2026-05-23T11:57:26.335+0000] {logging_mixin.py:188} INFO - [2026-05-23T11:57:26.334+0000] {dagbag.py:545} INFO - Filling up the DagBag from /home/vscode/.local/lib/python3.11/site-packages/airflow/example_dags/example_time_delta_sensor_async.py
[2026-05-23T11:57:26.345+0000] {processor.py:840} INFO - DAG(s) 'example_time_delta_sensor_async' retrieved from /home/vscode/.local/lib/python3.11/site-packages/airflow/example_dags/example_time_delta_sensor_async.py
[2026-05-23T11:57:26.373+0000] {logging_mixin.py:188} INFO - [2026-05-23T11:57:26.373+0000] {dag.py:3096} INFO - Sync 1 DAGs
[2026-05-23T11:57:26.389+0000] {logging_mixin.py:188} INFO - [2026-05-23T11:57:26.388+0000] {dag.py:3954} INFO - Setting next_dagrun for example_time_delta_sensor_async to None, run_after=None
[2026-05-23T11:57:26.411+0000] {processor.py:183} INFO - Processing /home/vscode/.local/lib/python3.11/site-packages/airflow/example_dags/example_time_delta_sensor_async.py took 0.097 seconds
[2026-05-23T11:58:17.114+0000] {processor.py:161} INFO - Started process (PID=23382) to work on /home/vscode/.local/lib/python3.11/site-packages/airflow/example_dags/example_time_delta_sensor_async.py
[2026-05-23T11:58:17.115+0000] {processor.py:830} INFO - Processing file /home/vscode/.local/lib/python3.11/site-packages/airflow/example_dags/example_time_delta_sensor_async.py for tasks to queue
[2026-05-23T11:58:17.116+0000] {logging_mixin.py:188} INFO - [2026-05-23T11:58:17.116+0000] {dagbag.py:545} INFO - Filling up the DagBag from /home/vscode/.local/lib/python3.11/site-packages/airflow/example_dags/example_time_delta_sensor_async.py
[2026-05-23T11:58:17.121+0000] {processor.py:840} INFO - DAG(s) 'example_time_delta_sensor_async' retrieved from /home/vscode/.local/lib/python3.11/site-packages/airflow/example_dags/example_time_delta_sensor_async.py
[2026-05-23T11:58:17.139+0000] {logging_mixin.py:188} INFO - [2026-05-23T11:58:17.139+0000] {dag.py:3096} INFO - Sync 1 DAGs
[2026-05-23T11:58:17.152+0000] {logging_mixin.py:188} INFO - [2026-05-23T11:58:17.151+0000] {dag.py:3954} INFO - Setting next_dagrun for example_time_delta_sensor_async to None, run_after=None
[2026-05-23T11:58:17.174+0000] {processor.py:183} INFO - Processing /home/vscode/.local/lib/python3.11/site-packages/airflow/example_dags/example_time_delta_sensor_async.py took 0.075 seconds
[2026-05-23T12:11:31.874+0000] {processor.py:161} INFO - Started process (PID=32308) to work on /home/vscode/.local/lib/python3.11/site-packages/airflow/example_dags/example_time_delta_sensor_async.py
[2026-05-23T12:11:31.876+0000] {processor.py:830} INFO - Processing file /home/vscode/.local/lib/python3.11/site-packages/airflow/example_dags/example_time_delta_sensor_async.py for tasks to queue
[2026-05-23T12:11:31.877+0000] {logging_mixin.py:188} INFO - [2026-05-23T12:11:31.877+0000] {dagbag.py:545} INFO - Filling up the DagBag from /home/vscode/.local/lib/python3.11/site-packages/airflow/example_dags/example_time_delta_sensor_async.py
[2026-05-23T12:11:31.882+0000] {processor.py:840} INFO - DAG(s) 'example_time_delta_sensor_async' retrieved from /home/vscode/.local/lib/python3.11/site-packages/airflow/example_dags/example_time_delta_sensor_async.py
[2026-05-23T12:11:31.974+0000] {logging_mixin.py:188} INFO - [2026-05-23T12:11:31.974+0000] {dag.py:3096} INFO - Sync 1 DAGs
[2026-05-23T12:11:31.981+0000] {logging_mixin.py:188} INFO - [2026-05-23T12:11:31.981+0000] {dag.py:3954} INFO - Setting next_dagrun for example_time_delta_sensor_async to None, run_after=None
[2026-05-23T12:11:31.998+0000] {processor.py:183} INFO - Processing /home/vscode/.local/lib/python3.11/site-packages/airflow/example_dags/example_time_delta_sensor_async.py took 0.130 seconds
