[2026-05-23T11:26:47.453+0000] {processor.py:161} INFO - Started process (PID=3107) to work on /home/vscode/.local/lib/python3.11/site-packages/airflow/example_dags/example_params_ui_tutorial.py
[2026-05-23T11:26:47.454+0000] {processor.py:830} INFO - Processing file /home/vscode/.local/lib/python3.11/site-packages/airflow/example_dags/example_params_ui_tutorial.py for tasks to queue
[2026-05-23T11:26:47.454+0000] {logging_mixin.py:188} INFO - [2026-05-23T11:26:47.454+0000] {dagbag.py:545} INFO - Filling up the DagBag from /home/vscode/.local/lib/python3.11/site-packages/airflow/example_dags/example_params_ui_tutorial.py
[2026-05-23T11:26:47.465+0000] {processor.py:840} INFO - DAG(s) 'example_params_ui_tutorial' retrieved from /home/vscode/.local/lib/python3.11/site-packages/airflow/example_dags/example_params_ui_tutorial.py
[2026-05-23T11:26:47.648+0000] {logging_mixin.py:188} INFO - [2026-05-23T11:26:47.647+0000] {dag.py:3096} INFO - Sync 1 DAGs
[2026-05-23T11:26:47.654+0000] {logging_mixin.py:188} INFO - [2026-05-23T11:26:47.654+0000] {dag.py:3954} INFO - Setting next_dagrun for example_params_ui_tutorial to None, run_after=None
[2026-05-23T11:26:47.670+0000] {processor.py:183} INFO - Processing /home/vscode/.local/lib/python3.11/site-packages/airflow/example_dags/example_params_ui_tutorial.py took 0.222 seconds
[2026-05-23T11:27:48.097+0000] {processor.py:161} INFO - Started process (PID=3956) to work on /home/vscode/.local/lib/python3.11/site-packages/airflow/example_dags/example_params_ui_tutorial.py
[2026-05-23T11:27:48.097+0000] {processor.py:830} INFO - Processing file /home/vscode/.local/lib/python3.11/site-packages/airflow/example_dags/example_params_ui_tutorial.py for tasks to queue
[2026-05-23T11:27:48.098+0000] {logging_mixin.py:188} INFO - [2026-05-23T11:27:48.098+0000] {dagbag.py:545} INFO - Filling up the DagBag from /home/vscode/.local/lib/python3.11/site-packages/airflow/example_dags/example_params_ui_tutorial.py
[2026-05-23T11:27:48.106+0000] {processor.py:840} INFO - DAG(s) 'example_params_ui_tutorial' retrieved from /home/vscode/.local/lib/python3.11/site-packages/airflow/example_dags/example_params_ui_tutorial.py
[2026-05-23T11:27:48.238+0000] {logging_mixin.py:188} INFO - [2026-05-23T11:27:48.238+0000] {dag.py:3096} INFO - Sync 1 DAGs
[2026-05-23T11:27:48.245+0000] {logging_mixin.py:188} INFO - [2026-05-23T11:27:48.245+0000] {dag.py:3954} INFO - Setting next_dagrun for example_params_ui_tutorial to None, run_after=None
[2026-05-23T11:27:48.260+0000] {processor.py:183} INFO - Processing /home/vscode/.local/lib/python3.11/site-packages/airflow/example_dags/example_params_ui_tutorial.py took 0.170 seconds
[2026-05-23T11:28:39.856+0000] {processor.py:161} INFO - Started process (PID=4540) to work on /home/vscode/.local/lib/python3.11/site-packages/airflow/example_dags/example_params_ui_tutorial.py
[2026-05-23T11:28:39.857+0000] {processor.py:830} INFO - Processing file /home/vscode/.local/lib/python3.11/site-packages/airflow/example_dags/example_params_ui_tutorial.py for tasks to queue
[2026-05-23T11:28:39.858+0000] {logging_mixin.py:188} INFO - [2026-05-23T11:28:39.857+0000] {dagbag.py:545} INFO - Filling up the DagBag from /home/vscode/.local/lib/python3.11/site-packages/airflow/example_dags/example_params_ui_tutorial.py
[2026-05-23T11:28:39.866+0000] {processor.py:840} INFO - DAG(s) 'example_params_ui_tutorial' retrieved from /home/vscode/.local/lib/python3.11/site-packages/airflow/example_dags/example_params_ui_tutorial.py
[2026-05-23T11:28:39.908+0000] {logging_mixin.py:188} INFO - [2026-05-23T11:28:39.908+0000] {dag.py:3096} INFO - Sync 1 DAGs
[2026-05-23T11:28:39.920+0000] {logging_mixin.py:188} INFO - [2026-05-23T11:28:39.920+0000] {dag.py:3954} INFO - Setting next_dagrun for example_params_ui_tutorial to None, run_after=None
[2026-05-23T11:28:39.956+0000] {processor.py:183} INFO - Processing /home/vscode/.local/lib/python3.11/site-packages/airflow/example_dags/example_params_ui_tutorial.py took 0.105 seconds
[2026-05-23T11:29:30.138+0000] {processor.py:161} INFO - Started process (PID=4984) to work on /home/vscode/.local/lib/python3.11/site-packages/airflow/example_dags/example_params_ui_tutorial.py
[2026-05-23T11:29:30.139+0000] {processor.py:830} INFO - Processing file /home/vscode/.local/lib/python3.11/site-packages/airflow/example_dags/example_params_ui_tutorial.py for tasks to queue
[2026-05-23T11:29:30.139+0000] {logging_mixin.py:188} INFO - [2026-05-23T11:29:30.139+0000] {dagbag.py:545} INFO - Filling up the DagBag from /home/vscode/.local/lib/python3.11/site-packages/airflow/example_dags/example_params_ui_tutorial.py
[2026-05-23T11:29:30.148+0000] {processor.py:840} INFO - DAG(s) 'example_params_ui_tutorial' retrieved from /home/vscode/.local/lib/python3.11/site-packages/airflow/example_dags/example_params_ui_tutorial.py
[2026-05-23T11:29:30.181+0000] {logging_mixin.py:188} INFO - [2026-05-23T11:29:30.181+0000] {dag.py:3096} INFO - Sync 1 DAGs
[2026-05-23T11:29:30.189+0000] {logging_mixin.py:188} INFO - [2026-05-23T11:29:30.188+0000] {dag.py:3954} INFO - Setting next_dagrun for example_params_ui_tutorial to None, run_after=None
[2026-05-23T11:29:30.206+0000] {processor.py:183} INFO - Processing /home/vscode/.local/lib/python3.11/site-packages/airflow/example_dags/example_params_ui_tutorial.py took 0.074 seconds
[2026-05-23T11:30:14.484+0000] {processor.py:161} INFO - Started process (PID=5387) to work on /home/vscode/.local/lib/python3.11/site-packages/airflow/example_dags/example_params_ui_tutorial.py
[2026-05-23T11:30:14.485+0000] {processor.py:830} INFO - Processing file /home/vscode/.local/lib/python3.11/site-packages/airflow/example_dags/example_params_ui_tutorial.py for tasks to queue
[2026-05-23T11:30:14.485+0000] {logging_mixin.py:188} INFO - [2026-05-23T11:30:14.485+0000] {dagbag.py:545} INFO - Filling up the DagBag from /home/vscode/.local/lib/python3.11/site-packages/airflow/example_dags/example_params_ui_tutorial.py
[2026-05-23T11:30:14.494+0000] {processor.py:840} INFO - DAG(s) 'example_params_ui_tutorial' retrieved from /home/vscode/.local/lib/python3.11/site-packages/airflow/example_dags/example_params_ui_tutorial.py
[2026-05-23T11:30:14.529+0000] {logging_mixin.py:188} INFO - [2026-05-23T11:30:14.529+0000] {dag.py:3096} INFO - Sync 1 DAGs
[2026-05-23T11:30:14.537+0000] {logging_mixin.py:188} INFO - [2026-05-23T11:30:14.537+0000] {dag.py:3954} INFO - Setting next_dagrun for example_params_ui_tutorial to None, run_after=None
[2026-05-23T11:30:14.551+0000] {processor.py:183} INFO - Processing /home/vscode/.local/lib/python3.11/site-packages/airflow/example_dags/example_params_ui_tutorial.py took 0.074 seconds
[2026-05-23T11:31:15.879+0000] {processor.py:161} INFO - Started process (PID=5923) to work on /home/vscode/.local/lib/python3.11/site-packages/airflow/example_dags/example_params_ui_tutorial.py
[2026-05-23T11:31:15.880+0000] {processor.py:830} INFO - Processing file /home/vscode/.local/lib/python3.11/site-packages/airflow/example_dags/example_params_ui_tutorial.py for tasks to queue
[2026-05-23T11:31:15.881+0000] {logging_mixin.py:188} INFO - [2026-05-23T11:31:15.880+0000] {dagbag.py:545} INFO - Filling up the DagBag from /home/vscode/.local/lib/python3.11/site-packages/airflow/example_dags/example_params_ui_tutorial.py
[2026-05-23T11:31:15.889+0000] {processor.py:840} INFO - DAG(s) 'example_params_ui_tutorial' retrieved from /home/vscode/.local/lib/python3.11/site-packages/airflow/example_dags/example_params_ui_tutorial.py
[2026-05-23T11:31:15.923+0000] {logging_mixin.py:188} INFO - [2026-05-23T11:31:15.923+0000] {dag.py:3096} INFO - Sync 1 DAGs
[2026-05-23T11:31:15.931+0000] {logging_mixin.py:188} INFO - [2026-05-23T11:31:15.931+0000] {dag.py:3954} INFO - Setting next_dagrun for example_params_ui_tutorial to None, run_after=None
[2026-05-23T11:31:15.946+0000] {processor.py:183} INFO - Processing /home/vscode/.local/lib/python3.11/site-packages/airflow/example_dags/example_params_ui_tutorial.py took 0.072 seconds
[2026-05-23T11:32:19.425+0000] {processor.py:161} INFO - Started process (PID=6544) to work on /home/vscode/.local/lib/python3.11/site-packages/airflow/example_dags/example_params_ui_tutorial.py
[2026-05-23T11:32:19.425+0000] {processor.py:830} INFO - Processing file /home/vscode/.local/lib/python3.11/site-packages/airflow/example_dags/example_params_ui_tutorial.py for tasks to queue
[2026-05-23T11:32:19.426+0000] {logging_mixin.py:188} INFO - [2026-05-23T11:32:19.425+0000] {dagbag.py:545} INFO - Filling up the DagBag from /home/vscode/.local/lib/python3.11/site-packages/airflow/example_dags/example_params_ui_tutorial.py
[2026-05-23T11:32:19.434+0000] {processor.py:840} INFO - DAG(s) 'example_params_ui_tutorial' retrieved from /home/vscode/.local/lib/python3.11/site-packages/airflow/example_dags/example_params_ui_tutorial.py
[2026-05-23T11:32:19.469+0000] {logging_mixin.py:188} INFO - [2026-05-23T11:32:19.469+0000] {dag.py:3096} INFO - Sync 1 DAGs
[2026-05-23T11:32:19.500+0000] {logging_mixin.py:188} INFO - [2026-05-23T11:32:19.500+0000] {dag.py:3954} INFO - Setting next_dagrun for example_params_ui_tutorial to None, run_after=None
[2026-05-23T11:32:19.548+0000] {processor.py:183} INFO - Processing /home/vscode/.local/lib/python3.11/site-packages/airflow/example_dags/example_params_ui_tutorial.py took 0.129 seconds
[2026-05-23T11:33:25.511+0000] {processor.py:161} INFO - Started process (PID=8311) to work on /home/vscode/.local/lib/python3.11/site-packages/airflow/example_dags/example_params_ui_tutorial.py
[2026-05-23T11:33:25.531+0000] {processor.py:830} INFO - Processing file /home/vscode/.local/lib/python3.11/site-packages/airflow/example_dags/example_params_ui_tutorial.py for tasks to queue
[2026-05-23T11:33:25.532+0000] {logging_mixin.py:188} INFO - [2026-05-23T11:33:25.531+0000] {dagbag.py:545} INFO - Filling up the DagBag from /home/vscode/.local/lib/python3.11/site-packages/airflow/example_dags/example_params_ui_tutorial.py
[2026-05-23T11:33:25.540+0000] {processor.py:840} INFO - DAG(s) 'example_params_ui_tutorial' retrieved from /home/vscode/.local/lib/python3.11/site-packages/airflow/example_dags/example_params_ui_tutorial.py
[2026-05-23T11:33:25.573+0000] {logging_mixin.py:188} INFO - [2026-05-23T11:33:25.573+0000] {dag.py:3096} INFO - Sync 1 DAGs
[2026-05-23T11:33:25.581+0000] {logging_mixin.py:188} INFO - [2026-05-23T11:33:25.581+0000] {dag.py:3954} INFO - Setting next_dagrun for example_params_ui_tutorial to None, run_after=None
[2026-05-23T11:33:25.601+0000] {processor.py:183} INFO - Processing /home/vscode/.local/lib/python3.11/site-packages/airflow/example_dags/example_params_ui_tutorial.py took 0.096 seconds
[2026-05-23T11:34:12.559+0000] {processor.py:161} INFO - Started process (PID=8562) to work on /home/vscode/.local/lib/python3.11/site-packages/airflow/example_dags/example_params_ui_tutorial.py
[2026-05-23T11:34:12.559+0000] {processor.py:830} INFO - Processing file /home/vscode/.local/lib/python3.11/site-packages/airflow/example_dags/example_params_ui_tutorial.py for tasks to queue
[2026-05-23T11:34:12.560+0000] {logging_mixin.py:188} INFO - [2026-05-23T11:34:12.560+0000] {dagbag.py:545} INFO - Filling up the DagBag from /home/vscode/.local/lib/python3.11/site-packages/airflow/example_dags/example_params_ui_tutorial.py
[2026-05-23T11:34:12.568+0000] {processor.py:840} INFO - DAG(s) 'example_params_ui_tutorial' retrieved from /home/vscode/.local/lib/python3.11/site-packages/airflow/example_dags/example_params_ui_tutorial.py
[2026-05-23T11:34:12.602+0000] {logging_mixin.py:188} INFO - [2026-05-23T11:34:12.602+0000] {dag.py:3096} INFO - Sync 1 DAGs
[2026-05-23T11:34:12.610+0000] {logging_mixin.py:188} INFO - [2026-05-23T11:34:12.610+0000] {dag.py:3954} INFO - Setting next_dagrun for example_params_ui_tutorial to None, run_after=None
[2026-05-23T11:34:12.625+0000] {processor.py:183} INFO - Processing /home/vscode/.local/lib/python3.11/site-packages/airflow/example_dags/example_params_ui_tutorial.py took 0.073 seconds
[2026-05-23T11:35:17.397+0000] {processor.py:161} INFO - Started process (PID=9074) to work on /home/vscode/.local/lib/python3.11/site-packages/airflow/example_dags/example_params_ui_tutorial.py
[2026-05-23T11:35:17.398+0000] {processor.py:830} INFO - Processing file /home/vscode/.local/lib/python3.11/site-packages/airflow/example_dags/example_params_ui_tutorial.py for tasks to queue
[2026-05-23T11:35:17.398+0000] {logging_mixin.py:188} INFO - [2026-05-23T11:35:17.398+0000] {dagbag.py:545} INFO - Filling up the DagBag from /home/vscode/.local/lib/python3.11/site-packages/airflow/example_dags/example_params_ui_tutorial.py
[2026-05-23T11:35:17.406+0000] {processor.py:840} INFO - DAG(s) 'example_params_ui_tutorial' retrieved from /home/vscode/.local/lib/python3.11/site-packages/airflow/example_dags/example_params_ui_tutorial.py
[2026-05-23T11:35:17.440+0000] {logging_mixin.py:188} INFO - [2026-05-23T11:35:17.440+0000] {dag.py:3096} INFO - Sync 1 DAGs
[2026-05-23T11:35:17.448+0000] {logging_mixin.py:188} INFO - [2026-05-23T11:35:17.448+0000] {dag.py:3954} INFO - Setting next_dagrun for example_params_ui_tutorial to None, run_after=None
[2026-05-23T11:35:17.462+0000] {processor.py:183} INFO - Processing /home/vscode/.local/lib/python3.11/site-packages/airflow/example_dags/example_params_ui_tutorial.py took 0.071 seconds
[2026-05-23T11:36:00.839+0000] {processor.py:161} INFO - Started process (PID=9432) to work on /home/vscode/.local/lib/python3.11/site-packages/airflow/example_dags/example_params_ui_tutorial.py
[2026-05-23T11:36:00.842+0000] {processor.py:830} INFO - Processing file /home/vscode/.local/lib/python3.11/site-packages/airflow/example_dags/example_params_ui_tutorial.py for tasks to queue
[2026-05-23T11:36:00.843+0000] {logging_mixin.py:188} INFO - [2026-05-23T11:36:00.843+0000] {dagbag.py:545} INFO - Filling up the DagBag from /home/vscode/.local/lib/python3.11/site-packages/airflow/example_dags/example_params_ui_tutorial.py
[2026-05-23T11:36:00.855+0000] {processor.py:840} INFO - DAG(s) 'example_params_ui_tutorial' retrieved from /home/vscode/.local/lib/python3.11/site-packages/airflow/example_dags/example_params_ui_tutorial.py
[2026-05-23T11:36:00.908+0000] {logging_mixin.py:188} INFO - [2026-05-23T11:36:00.908+0000] {dag.py:3096} INFO - Sync 1 DAGs
[2026-05-23T11:36:00.916+0000] {logging_mixin.py:188} INFO - [2026-05-23T11:36:00.916+0000] {dag.py:3954} INFO - Setting next_dagrun for example_params_ui_tutorial to None, run_after=None
[2026-05-23T11:36:00.939+0000] {processor.py:183} INFO - Processing /home/vscode/.local/lib/python3.11/site-packages/airflow/example_dags/example_params_ui_tutorial.py took 0.109 seconds
[2026-05-23T11:37:07.530+0000] {processor.py:161} INFO - Started process (PID=10022) to work on /home/vscode/.local/lib/python3.11/site-packages/airflow/example_dags/example_params_ui_tutorial.py
[2026-05-23T11:37:07.531+0000] {processor.py:830} INFO - Processing file /home/vscode/.local/lib/python3.11/site-packages/airflow/example_dags/example_params_ui_tutorial.py for tasks to queue
[2026-05-23T11:37:07.531+0000] {logging_mixin.py:188} INFO - [2026-05-23T11:37:07.531+0000] {dagbag.py:545} INFO - Filling up the DagBag from /home/vscode/.local/lib/python3.11/site-packages/airflow/example_dags/example_params_ui_tutorial.py
[2026-05-23T11:37:07.541+0000] {processor.py:840} INFO - DAG(s) 'example_params_ui_tutorial' retrieved from /home/vscode/.local/lib/python3.11/site-packages/airflow/example_dags/example_params_ui_tutorial.py
[2026-05-23T11:37:07.584+0000] {logging_mixin.py:188} INFO - [2026-05-23T11:37:07.584+0000] {dag.py:3096} INFO - Sync 1 DAGs
[2026-05-23T11:37:07.595+0000] {logging_mixin.py:188} INFO - [2026-05-23T11:37:07.595+0000] {dag.py:3954} INFO - Setting next_dagrun for example_params_ui_tutorial to None, run_after=None
[2026-05-23T11:37:07.617+0000] {processor.py:183} INFO - Processing /home/vscode/.local/lib/python3.11/site-packages/airflow/example_dags/example_params_ui_tutorial.py took 0.093 seconds
[2026-05-23T11:37:52.669+0000] {processor.py:161} INFO - Started process (PID=10417) to work on /home/vscode/.local/lib/python3.11/site-packages/airflow/example_dags/example_params_ui_tutorial.py
[2026-05-23T11:37:52.669+0000] {processor.py:830} INFO - Processing file /home/vscode/.local/lib/python3.11/site-packages/airflow/example_dags/example_params_ui_tutorial.py for tasks to queue
[2026-05-23T11:37:52.670+0000] {logging_mixin.py:188} INFO - [2026-05-23T11:37:52.670+0000] {dagbag.py:545} INFO - Filling up the DagBag from /home/vscode/.local/lib/python3.11/site-packages/airflow/example_dags/example_params_ui_tutorial.py
[2026-05-23T11:37:52.679+0000] {processor.py:840} INFO - DAG(s) 'example_params_ui_tutorial' retrieved from /home/vscode/.local/lib/python3.11/site-packages/airflow/example_dags/example_params_ui_tutorial.py
[2026-05-23T11:37:52.713+0000] {logging_mixin.py:188} INFO - [2026-05-23T11:37:52.712+0000] {dag.py:3096} INFO - Sync 1 DAGs
[2026-05-23T11:37:52.720+0000] {logging_mixin.py:188} INFO - [2026-05-23T11:37:52.720+0000] {dag.py:3954} INFO - Setting next_dagrun for example_params_ui_tutorial to None, run_after=None
[2026-05-23T11:37:52.735+0000] {processor.py:183} INFO - Processing /home/vscode/.local/lib/python3.11/site-packages/airflow/example_dags/example_params_ui_tutorial.py took 0.072 seconds
[2026-05-23T11:38:53.505+0000] {processor.py:161} INFO - Started process (PID=10972) to work on /home/vscode/.local/lib/python3.11/site-packages/airflow/example_dags/example_params_ui_tutorial.py
[2026-05-23T11:38:53.506+0000] {processor.py:830} INFO - Processing file /home/vscode/.local/lib/python3.11/site-packages/airflow/example_dags/example_params_ui_tutorial.py for tasks to queue
[2026-05-23T11:38:53.506+0000] {logging_mixin.py:188} INFO - [2026-05-23T11:38:53.506+0000] {dagbag.py:545} INFO - Filling up the DagBag from /home/vscode/.local/lib/python3.11/site-packages/airflow/example_dags/example_params_ui_tutorial.py
[2026-05-23T11:38:53.514+0000] {processor.py:840} INFO - DAG(s) 'example_params_ui_tutorial' retrieved from /home/vscode/.local/lib/python3.11/site-packages/airflow/example_dags/example_params_ui_tutorial.py
[2026-05-23T11:38:53.548+0000] {logging_mixin.py:188} INFO - [2026-05-23T11:38:53.547+0000] {dag.py:3096} INFO - Sync 1 DAGs
[2026-05-23T11:38:53.555+0000] {logging_mixin.py:188} INFO - [2026-05-23T11:38:53.555+0000] {dag.py:3954} INFO - Setting next_dagrun for example_params_ui_tutorial to None, run_after=None
[2026-05-23T11:38:53.571+0000] {processor.py:183} INFO - Processing /home/vscode/.local/lib/python3.11/site-packages/airflow/example_dags/example_params_ui_tutorial.py took 0.072 seconds
[2026-05-23T11:39:35.341+0000] {processor.py:161} INFO - Started process (PID=11360) to work on /home/vscode/.local/lib/python3.11/site-packages/airflow/example_dags/example_params_ui_tutorial.py
[2026-05-23T11:39:35.342+0000] {processor.py:830} INFO - Processing file /home/vscode/.local/lib/python3.11/site-packages/airflow/example_dags/example_params_ui_tutorial.py for tasks to queue
[2026-05-23T11:39:35.343+0000] {logging_mixin.py:188} INFO - [2026-05-23T11:39:35.342+0000] {dagbag.py:545} INFO - Filling up the DagBag from /home/vscode/.local/lib/python3.11/site-packages/airflow/example_dags/example_params_ui_tutorial.py
[2026-05-23T11:39:35.352+0000] {processor.py:840} INFO - DAG(s) 'example_params_ui_tutorial' retrieved from /home/vscode/.local/lib/python3.11/site-packages/airflow/example_dags/example_params_ui_tutorial.py
[2026-05-23T11:39:35.386+0000] {logging_mixin.py:188} INFO - [2026-05-23T11:39:35.386+0000] {dag.py:3096} INFO - Sync 1 DAGs
[2026-05-23T11:39:35.394+0000] {logging_mixin.py:188} INFO - [2026-05-23T11:39:35.394+0000] {dag.py:3954} INFO - Setting next_dagrun for example_params_ui_tutorial to None, run_after=None
[2026-05-23T11:39:35.410+0000] {processor.py:183} INFO - Processing /home/vscode/.local/lib/python3.11/site-packages/airflow/example_dags/example_params_ui_tutorial.py took 0.076 seconds
[2026-05-23T11:40:19.840+0000] {processor.py:161} INFO - Started process (PID=11697) to work on /home/vscode/.local/lib/python3.11/site-packages/airflow/example_dags/example_params_ui_tutorial.py
[2026-05-23T11:40:19.841+0000] {processor.py:830} INFO - Processing file /home/vscode/.local/lib/python3.11/site-packages/airflow/example_dags/example_params_ui_tutorial.py for tasks to queue
[2026-05-23T11:40:19.841+0000] {logging_mixin.py:188} INFO - [2026-05-23T11:40:19.841+0000] {dagbag.py:545} INFO - Filling up the DagBag from /home/vscode/.local/lib/python3.11/site-packages/airflow/example_dags/example_params_ui_tutorial.py
[2026-05-23T11:40:19.852+0000] {processor.py:840} INFO - DAG(s) 'example_params_ui_tutorial' retrieved from /home/vscode/.local/lib/python3.11/site-packages/airflow/example_dags/example_params_ui_tutorial.py
[2026-05-23T11:40:19.932+0000] {logging_mixin.py:188} INFO - [2026-05-23T11:40:19.932+0000] {dag.py:3096} INFO - Sync 1 DAGs
[2026-05-23T11:40:19.943+0000] {logging_mixin.py:188} INFO - [2026-05-23T11:40:19.943+0000] {dag.py:3954} INFO - Setting next_dagrun for example_params_ui_tutorial to None, run_after=None
[2026-05-23T11:40:19.967+0000] {processor.py:183} INFO - Processing /home/vscode/.local/lib/python3.11/site-packages/airflow/example_dags/example_params_ui_tutorial.py took 0.132 seconds
[2026-05-23T11:41:22.133+0000] {processor.py:161} INFO - Started process (PID=12272) to work on /home/vscode/.local/lib/python3.11/site-packages/airflow/example_dags/example_params_ui_tutorial.py
[2026-05-23T11:41:22.134+0000] {processor.py:830} INFO - Processing file /home/vscode/.local/lib/python3.11/site-packages/airflow/example_dags/example_params_ui_tutorial.py for tasks to queue
[2026-05-23T11:41:22.134+0000] {logging_mixin.py:188} INFO - [2026-05-23T11:41:22.134+0000] {dagbag.py:545} INFO - Filling up the DagBag from /home/vscode/.local/lib/python3.11/site-packages/airflow/example_dags/example_params_ui_tutorial.py
[2026-05-23T11:41:22.143+0000] {processor.py:840} INFO - DAG(s) 'example_params_ui_tutorial' retrieved from /home/vscode/.local/lib/python3.11/site-packages/airflow/example_dags/example_params_ui_tutorial.py
[2026-05-23T11:41:22.176+0000] {logging_mixin.py:188} INFO - [2026-05-23T11:41:22.176+0000] {dag.py:3096} INFO - Sync 1 DAGs
[2026-05-23T11:41:22.184+0000] {logging_mixin.py:188} INFO - [2026-05-23T11:41:22.184+0000] {dag.py:3954} INFO - Setting next_dagrun for example_params_ui_tutorial to None, run_after=None
[2026-05-23T11:41:22.200+0000] {processor.py:183} INFO - Processing /home/vscode/.local/lib/python3.11/site-packages/airflow/example_dags/example_params_ui_tutorial.py took 0.072 seconds
[2026-05-23T11:42:25.326+0000] {processor.py:161} INFO - Started process (PID=12913) to work on /home/vscode/.local/lib/python3.11/site-packages/airflow/example_dags/example_params_ui_tutorial.py
[2026-05-23T11:42:25.326+0000] {processor.py:830} INFO - Processing file /home/vscode/.local/lib/python3.11/site-packages/airflow/example_dags/example_params_ui_tutorial.py for tasks to queue
[2026-05-23T11:42:25.327+0000] {logging_mixin.py:188} INFO - [2026-05-23T11:42:25.327+0000] {dagbag.py:545} INFO - Filling up the DagBag from /home/vscode/.local/lib/python3.11/site-packages/airflow/example_dags/example_params_ui_tutorial.py
[2026-05-23T11:42:25.336+0000] {processor.py:840} INFO - DAG(s) 'example_params_ui_tutorial' retrieved from /home/vscode/.local/lib/python3.11/site-packages/airflow/example_dags/example_params_ui_tutorial.py
[2026-05-23T11:42:25.369+0000] {logging_mixin.py:188} INFO - [2026-05-23T11:42:25.369+0000] {dag.py:3096} INFO - Sync 1 DAGs
[2026-05-23T11:42:25.377+0000] {logging_mixin.py:188} INFO - [2026-05-23T11:42:25.377+0000] {dag.py:3954} INFO - Setting next_dagrun for example_params_ui_tutorial to None, run_after=None
[2026-05-23T11:42:25.392+0000] {processor.py:183} INFO - Processing /home/vscode/.local/lib/python3.11/site-packages/airflow/example_dags/example_params_ui_tutorial.py took 0.072 seconds
[2026-05-23T11:43:11.877+0000] {processor.py:161} INFO - Started process (PID=13271) to work on /home/vscode/.local/lib/python3.11/site-packages/airflow/example_dags/example_params_ui_tutorial.py
[2026-05-23T11:43:11.877+0000] {processor.py:830} INFO - Processing file /home/vscode/.local/lib/python3.11/site-packages/airflow/example_dags/example_params_ui_tutorial.py for tasks to queue
[2026-05-23T11:43:11.878+0000] {logging_mixin.py:188} INFO - [2026-05-23T11:43:11.878+0000] {dagbag.py:545} INFO - Filling up the DagBag from /home/vscode/.local/lib/python3.11/site-packages/airflow/example_dags/example_params_ui_tutorial.py
[2026-05-23T11:43:11.886+0000] {processor.py:840} INFO - DAG(s) 'example_params_ui_tutorial' retrieved from /home/vscode/.local/lib/python3.11/site-packages/airflow/example_dags/example_params_ui_tutorial.py
[2026-05-23T11:43:11.920+0000] {logging_mixin.py:188} INFO - [2026-05-23T11:43:11.920+0000] {dag.py:3096} INFO - Sync 1 DAGs
[2026-05-23T11:43:11.928+0000] {logging_mixin.py:188} INFO - [2026-05-23T11:43:11.927+0000] {dag.py:3954} INFO - Setting next_dagrun for example_params_ui_tutorial to None, run_after=None
[2026-05-23T11:43:11.943+0000] {processor.py:183} INFO - Processing /home/vscode/.local/lib/python3.11/site-packages/airflow/example_dags/example_params_ui_tutorial.py took 0.072 seconds
[2026-05-23T11:43:56.647+0000] {processor.py:161} INFO - Started process (PID=13672) to work on /home/vscode/.local/lib/python3.11/site-packages/airflow/example_dags/example_params_ui_tutorial.py
[2026-05-23T11:43:56.647+0000] {processor.py:830} INFO - Processing file /home/vscode/.local/lib/python3.11/site-packages/airflow/example_dags/example_params_ui_tutorial.py for tasks to queue
[2026-05-23T11:43:56.648+0000] {logging_mixin.py:188} INFO - [2026-05-23T11:43:56.648+0000] {dagbag.py:545} INFO - Filling up the DagBag from /home/vscode/.local/lib/python3.11/site-packages/airflow/example_dags/example_params_ui_tutorial.py
[2026-05-23T11:43:56.656+0000] {processor.py:840} INFO - DAG(s) 'example_params_ui_tutorial' retrieved from /home/vscode/.local/lib/python3.11/site-packages/airflow/example_dags/example_params_ui_tutorial.py
[2026-05-23T11:43:56.691+0000] {logging_mixin.py:188} INFO - [2026-05-23T11:43:56.691+0000] {dag.py:3096} INFO - Sync 1 DAGs
[2026-05-23T11:43:56.699+0000] {logging_mixin.py:188} INFO - [2026-05-23T11:43:56.699+0000] {dag.py:3954} INFO - Setting next_dagrun for example_params_ui_tutorial to None, run_after=None
[2026-05-23T11:43:56.721+0000] {processor.py:183} INFO - Processing /home/vscode/.local/lib/python3.11/site-packages/airflow/example_dags/example_params_ui_tutorial.py took 0.080 seconds
[2026-05-23T11:45:01.850+0000] {processor.py:161} INFO - Started process (PID=14213) to work on /home/vscode/.local/lib/python3.11/site-packages/airflow/example_dags/example_params_ui_tutorial.py
[2026-05-23T11:45:01.850+0000] {processor.py:830} INFO - Processing file /home/vscode/.local/lib/python3.11/site-packages/airflow/example_dags/example_params_ui_tutorial.py for tasks to queue
[2026-05-23T11:45:01.851+0000] {logging_mixin.py:188} INFO - [2026-05-23T11:45:01.851+0000] {dagbag.py:545} INFO - Filling up the DagBag from /home/vscode/.local/lib/python3.11/site-packages/airflow/example_dags/example_params_ui_tutorial.py
[2026-05-23T11:45:01.860+0000] {processor.py:840} INFO - DAG(s) 'example_params_ui_tutorial' retrieved from /home/vscode/.local/lib/python3.11/site-packages/airflow/example_dags/example_params_ui_tutorial.py
[2026-05-23T11:45:01.896+0000] {logging_mixin.py:188} INFO - [2026-05-23T11:45:01.896+0000] {dag.py:3096} INFO - Sync 1 DAGs
[2026-05-23T11:45:01.904+0000] {logging_mixin.py:188} INFO - [2026-05-23T11:45:01.904+0000] {dag.py:3954} INFO - Setting next_dagrun for example_params_ui_tutorial to None, run_after=None
[2026-05-23T11:45:01.921+0000] {processor.py:183} INFO - Processing /home/vscode/.local/lib/python3.11/site-packages/airflow/example_dags/example_params_ui_tutorial.py took 0.078 seconds
[2026-05-23T11:46:03.517+0000] {processor.py:161} INFO - Started process (PID=14993) to work on /home/vscode/.local/lib/python3.11/site-packages/airflow/example_dags/example_params_ui_tutorial.py
[2026-05-23T11:46:03.518+0000] {processor.py:830} INFO - Processing file /home/vscode/.local/lib/python3.11/site-packages/airflow/example_dags/example_params_ui_tutorial.py for tasks to queue
[2026-05-23T11:46:03.518+0000] {logging_mixin.py:188} INFO - [2026-05-23T11:46:03.518+0000] {dagbag.py:545} INFO - Filling up the DagBag from /home/vscode/.local/lib/python3.11/site-packages/airflow/example_dags/example_params_ui_tutorial.py
[2026-05-23T11:46:03.527+0000] {processor.py:840} INFO - DAG(s) 'example_params_ui_tutorial' retrieved from /home/vscode/.local/lib/python3.11/site-packages/airflow/example_dags/example_params_ui_tutorial.py
[2026-05-23T11:46:03.560+0000] {logging_mixin.py:188} INFO - [2026-05-23T11:46:03.560+0000] {dag.py:3096} INFO - Sync 1 DAGs
[2026-05-23T11:46:03.568+0000] {logging_mixin.py:188} INFO - [2026-05-23T11:46:03.568+0000] {dag.py:3954} INFO - Setting next_dagrun for example_params_ui_tutorial to None, run_after=None
[2026-05-23T11:46:03.582+0000] {processor.py:183} INFO - Processing /home/vscode/.local/lib/python3.11/site-packages/airflow/example_dags/example_params_ui_tutorial.py took 0.071 seconds
[2026-05-23T11:47:02.845+0000] {processor.py:161} INFO - Started process (PID=15553) to work on /home/vscode/.local/lib/python3.11/site-packages/airflow/example_dags/example_params_ui_tutorial.py
[2026-05-23T11:47:02.846+0000] {processor.py:830} INFO - Processing file /home/vscode/.local/lib/python3.11/site-packages/airflow/example_dags/example_params_ui_tutorial.py for tasks to queue
[2026-05-23T11:47:02.846+0000] {logging_mixin.py:188} INFO - [2026-05-23T11:47:02.846+0000] {dagbag.py:545} INFO - Filling up the DagBag from /home/vscode/.local/lib/python3.11/site-packages/airflow/example_dags/example_params_ui_tutorial.py
[2026-05-23T11:47:02.855+0000] {processor.py:840} INFO - DAG(s) 'example_params_ui_tutorial' retrieved from /home/vscode/.local/lib/python3.11/site-packages/airflow/example_dags/example_params_ui_tutorial.py
[2026-05-23T11:47:02.888+0000] {logging_mixin.py:188} INFO - [2026-05-23T11:47:02.887+0000] {dag.py:3096} INFO - Sync 1 DAGs
[2026-05-23T11:47:02.895+0000] {logging_mixin.py:188} INFO - [2026-05-23T11:47:02.895+0000] {dag.py:3954} INFO - Setting next_dagrun for example_params_ui_tutorial to None, run_after=None
[2026-05-23T11:47:02.910+0000] {processor.py:183} INFO - Processing /home/vscode/.local/lib/python3.11/site-packages/airflow/example_dags/example_params_ui_tutorial.py took 0.070 seconds
[2026-05-23T11:48:07.608+0000] {processor.py:161} INFO - Started process (PID=16146) to work on /home/vscode/.local/lib/python3.11/site-packages/airflow/example_dags/example_params_ui_tutorial.py
[2026-05-23T11:48:07.608+0000] {processor.py:830} INFO - Processing file /home/vscode/.local/lib/python3.11/site-packages/airflow/example_dags/example_params_ui_tutorial.py for tasks to queue
[2026-05-23T11:48:07.609+0000] {logging_mixin.py:188} INFO - [2026-05-23T11:48:07.609+0000] {dagbag.py:545} INFO - Filling up the DagBag from /home/vscode/.local/lib/python3.11/site-packages/airflow/example_dags/example_params_ui_tutorial.py
[2026-05-23T11:48:07.617+0000] {processor.py:840} INFO - DAG(s) 'example_params_ui_tutorial' retrieved from /home/vscode/.local/lib/python3.11/site-packages/airflow/example_dags/example_params_ui_tutorial.py
[2026-05-23T11:48:07.653+0000] {logging_mixin.py:188} INFO - [2026-05-23T11:48:07.653+0000] {dag.py:3096} INFO - Sync 1 DAGs
[2026-05-23T11:48:07.661+0000] {logging_mixin.py:188} INFO - [2026-05-23T11:48:07.661+0000] {dag.py:3954} INFO - Setting next_dagrun for example_params_ui_tutorial to None, run_after=None
[2026-05-23T11:48:07.677+0000] {processor.py:183} INFO - Processing /home/vscode/.local/lib/python3.11/site-packages/airflow/example_dags/example_params_ui_tutorial.py took 0.075 seconds
[2026-05-23T11:49:07.170+0000] {processor.py:161} INFO - Started process (PID=16717) to work on /home/vscode/.local/lib/python3.11/site-packages/airflow/example_dags/example_params_ui_tutorial.py
[2026-05-23T11:49:07.171+0000] {processor.py:830} INFO - Processing file /home/vscode/.local/lib/python3.11/site-packages/airflow/example_dags/example_params_ui_tutorial.py for tasks to queue
[2026-05-23T11:49:07.171+0000] {logging_mixin.py:188} INFO - [2026-05-23T11:49:07.171+0000] {dagbag.py:545} INFO - Filling up the DagBag from /home/vscode/.local/lib/python3.11/site-packages/airflow/example_dags/example_params_ui_tutorial.py
[2026-05-23T11:49:07.180+0000] {processor.py:840} INFO - DAG(s) 'example_params_ui_tutorial' retrieved from /home/vscode/.local/lib/python3.11/site-packages/airflow/example_dags/example_params_ui_tutorial.py
[2026-05-23T11:49:07.215+0000] {logging_mixin.py:188} INFO - [2026-05-23T11:49:07.215+0000] {dag.py:3096} INFO - Sync 1 DAGs
[2026-05-23T11:49:07.223+0000] {logging_mixin.py:188} INFO - [2026-05-23T11:49:07.222+0000] {dag.py:3954} INFO - Setting next_dagrun for example_params_ui_tutorial to None, run_after=None
[2026-05-23T11:49:07.238+0000] {processor.py:183} INFO - Processing /home/vscode/.local/lib/python3.11/site-packages/airflow/example_dags/example_params_ui_tutorial.py took 0.074 seconds
[2026-05-23T11:49:51.735+0000] {processor.py:161} INFO - Started process (PID=17274) to work on /home/vscode/.local/lib/python3.11/site-packages/airflow/example_dags/example_params_ui_tutorial.py
[2026-05-23T11:49:51.736+0000] {processor.py:830} INFO - Processing file /home/vscode/.local/lib/python3.11/site-packages/airflow/example_dags/example_params_ui_tutorial.py for tasks to queue
[2026-05-23T11:49:51.737+0000] {logging_mixin.py:188} INFO - [2026-05-23T11:49:51.736+0000] {dagbag.py:545} INFO - Filling up the DagBag from /home/vscode/.local/lib/python3.11/site-packages/airflow/example_dags/example_params_ui_tutorial.py
[2026-05-23T11:49:51.748+0000] {processor.py:840} INFO - DAG(s) 'example_params_ui_tutorial' retrieved from /home/vscode/.local/lib/python3.11/site-packages/airflow/example_dags/example_params_ui_tutorial.py
[2026-05-23T11:49:51.781+0000] {logging_mixin.py:188} INFO - [2026-05-23T11:49:51.781+0000] {dag.py:3096} INFO - Sync 1 DAGs
[2026-05-23T11:49:51.789+0000] {logging_mixin.py:188} INFO - [2026-05-23T11:49:51.788+0000] {dag.py:3954} INFO - Setting next_dagrun for example_params_ui_tutorial to None, run_after=None
[2026-05-23T11:49:51.805+0000] {processor.py:183} INFO - Processing /home/vscode/.local/lib/python3.11/site-packages/airflow/example_dags/example_params_ui_tutorial.py took 0.076 seconds
[2026-05-23T11:50:36.042+0000] {processor.py:161} INFO - Started process (PID=18029) to work on /home/vscode/.local/lib/python3.11/site-packages/airflow/example_dags/example_params_ui_tutorial.py
[2026-05-23T11:50:36.043+0000] {processor.py:830} INFO - Processing file /home/vscode/.local/lib/python3.11/site-packages/airflow/example_dags/example_params_ui_tutorial.py for tasks to queue
[2026-05-23T11:50:36.044+0000] {logging_mixin.py:188} INFO - [2026-05-23T11:50:36.043+0000] {dagbag.py:545} INFO - Filling up the DagBag from /home/vscode/.local/lib/python3.11/site-packages/airflow/example_dags/example_params_ui_tutorial.py
[2026-05-23T11:50:36.052+0000] {processor.py:840} INFO - DAG(s) 'example_params_ui_tutorial' retrieved from /home/vscode/.local/lib/python3.11/site-packages/airflow/example_dags/example_params_ui_tutorial.py
[2026-05-23T11:50:36.086+0000] {logging_mixin.py:188} INFO - [2026-05-23T11:50:36.086+0000] {dag.py:3096} INFO - Sync 1 DAGs
[2026-05-23T11:50:36.094+0000] {logging_mixin.py:188} INFO - [2026-05-23T11:50:36.093+0000] {dag.py:3954} INFO - Setting next_dagrun for example_params_ui_tutorial to None, run_after=None
[2026-05-23T11:50:36.109+0000] {processor.py:183} INFO - Processing /home/vscode/.local/lib/python3.11/site-packages/airflow/example_dags/example_params_ui_tutorial.py took 0.076 seconds
[2026-05-23T11:51:35.170+0000] {processor.py:161} INFO - Started process (PID=18735) to work on /home/vscode/.local/lib/python3.11/site-packages/airflow/example_dags/example_params_ui_tutorial.py
[2026-05-23T11:51:35.170+0000] {processor.py:830} INFO - Processing file /home/vscode/.local/lib/python3.11/site-packages/airflow/example_dags/example_params_ui_tutorial.py for tasks to queue
[2026-05-23T11:51:35.171+0000] {logging_mixin.py:188} INFO - [2026-05-23T11:51:35.171+0000] {dagbag.py:545} INFO - Filling up the DagBag from /home/vscode/.local/lib/python3.11/site-packages/airflow/example_dags/example_params_ui_tutorial.py
[2026-05-23T11:51:35.180+0000] {processor.py:840} INFO - DAG(s) 'example_params_ui_tutorial' retrieved from /home/vscode/.local/lib/python3.11/site-packages/airflow/example_dags/example_params_ui_tutorial.py
[2026-05-23T11:51:35.216+0000] {logging_mixin.py:188} INFO - [2026-05-23T11:51:35.215+0000] {dag.py:3096} INFO - Sync 1 DAGs
[2026-05-23T11:51:35.224+0000] {logging_mixin.py:188} INFO - [2026-05-23T11:51:35.223+0000] {dag.py:3954} INFO - Setting next_dagrun for example_params_ui_tutorial to None, run_after=None
[2026-05-23T11:51:35.239+0000] {processor.py:183} INFO - Processing /home/vscode/.local/lib/python3.11/site-packages/airflow/example_dags/example_params_ui_tutorial.py took 0.075 seconds
[2026-05-23T11:52:36.681+0000] {processor.py:161} INFO - Started process (PID=19264) to work on /home/vscode/.local/lib/python3.11/site-packages/airflow/example_dags/example_params_ui_tutorial.py
[2026-05-23T11:52:36.681+0000] {processor.py:830} INFO - Processing file /home/vscode/.local/lib/python3.11/site-packages/airflow/example_dags/example_params_ui_tutorial.py for tasks to queue
[2026-05-23T11:52:36.682+0000] {logging_mixin.py:188} INFO - [2026-05-23T11:52:36.682+0000] {dagbag.py:545} INFO - Filling up the DagBag from /home/vscode/.local/lib/python3.11/site-packages/airflow/example_dags/example_params_ui_tutorial.py
[2026-05-23T11:52:36.690+0000] {processor.py:840} INFO - DAG(s) 'example_params_ui_tutorial' retrieved from /home/vscode/.local/lib/python3.11/site-packages/airflow/example_dags/example_params_ui_tutorial.py
[2026-05-23T11:52:36.725+0000] {logging_mixin.py:188} INFO - [2026-05-23T11:52:36.725+0000] {dag.py:3096} INFO - Sync 1 DAGs
[2026-05-23T11:52:36.733+0000] {logging_mixin.py:188} INFO - [2026-05-23T11:52:36.733+0000] {dag.py:3954} INFO - Setting next_dagrun for example_params_ui_tutorial to None, run_after=None
[2026-05-23T11:52:36.748+0000] {processor.py:183} INFO - Processing /home/vscode/.local/lib/python3.11/site-packages/airflow/example_dags/example_params_ui_tutorial.py took 0.073 seconds
[2026-05-23T11:53:34.386+0000] {processor.py:161} INFO - Started process (PID=20011) to work on /home/vscode/.local/lib/python3.11/site-packages/airflow/example_dags/example_params_ui_tutorial.py
[2026-05-23T11:53:34.387+0000] {processor.py:830} INFO - Processing file /home/vscode/.local/lib/python3.11/site-packages/airflow/example_dags/example_params_ui_tutorial.py for tasks to queue
[2026-05-23T11:53:34.387+0000] {logging_mixin.py:188} INFO - [2026-05-23T11:53:34.387+0000] {dagbag.py:545} INFO - Filling up the DagBag from /home/vscode/.local/lib/python3.11/site-packages/airflow/example_dags/example_params_ui_tutorial.py
[2026-05-23T11:53:34.396+0000] {processor.py:840} INFO - DAG(s) 'example_params_ui_tutorial' retrieved from /home/vscode/.local/lib/python3.11/site-packages/airflow/example_dags/example_params_ui_tutorial.py
[2026-05-23T11:53:34.431+0000] {logging_mixin.py:188} INFO - [2026-05-23T11:53:34.430+0000] {dag.py:3096} INFO - Sync 1 DAGs
[2026-05-23T11:53:34.440+0000] {logging_mixin.py:188} INFO - [2026-05-23T11:53:34.439+0000] {dag.py:3954} INFO - Setting next_dagrun for example_params_ui_tutorial to None, run_after=None
[2026-05-23T11:53:34.455+0000] {processor.py:183} INFO - Processing /home/vscode/.local/lib/python3.11/site-packages/airflow/example_dags/example_params_ui_tutorial.py took 0.075 seconds
[2026-05-23T11:54:41.994+0000] {processor.py:161} INFO - Started process (PID=20954) to work on /home/vscode/.local/lib/python3.11/site-packages/airflow/example_dags/example_params_ui_tutorial.py
[2026-05-23T11:54:41.995+0000] {processor.py:830} INFO - Processing file /home/vscode/.local/lib/python3.11/site-packages/airflow/example_dags/example_params_ui_tutorial.py for tasks to queue
[2026-05-23T11:54:41.996+0000] {logging_mixin.py:188} INFO - [2026-05-23T11:54:41.996+0000] {dagbag.py:545} INFO - Filling up the DagBag from /home/vscode/.local/lib/python3.11/site-packages/airflow/example_dags/example_params_ui_tutorial.py
[2026-05-23T11:54:42.009+0000] {processor.py:840} INFO - DAG(s) 'example_params_ui_tutorial' retrieved from /home/vscode/.local/lib/python3.11/site-packages/airflow/example_dags/example_params_ui_tutorial.py
[2026-05-23T11:54:42.089+0000] {logging_mixin.py:188} INFO - [2026-05-23T11:54:42.088+0000] {dag.py:3096} INFO - Sync 1 DAGs
[2026-05-23T11:54:42.108+0000] {logging_mixin.py:188} INFO - [2026-05-23T11:54:42.108+0000] {dag.py:3954} INFO - Setting next_dagrun for example_params_ui_tutorial to None, run_after=None
[2026-05-23T11:54:42.135+0000] {processor.py:183} INFO - Processing /home/vscode/.local/lib/python3.11/site-packages/airflow/example_dags/example_params_ui_tutorial.py took 0.150 seconds
[2026-05-23T11:55:30.642+0000] {processor.py:161} INFO - Started process (PID=21597) to work on /home/vscode/.local/lib/python3.11/site-packages/airflow/example_dags/example_params_ui_tutorial.py
[2026-05-23T11:55:30.643+0000] {processor.py:830} INFO - Processing file /home/vscode/.local/lib/python3.11/site-packages/airflow/example_dags/example_params_ui_tutorial.py for tasks to queue
[2026-05-23T11:55:30.644+0000] {logging_mixin.py:188} INFO - [2026-05-23T11:55:30.644+0000] {dagbag.py:545} INFO - Filling up the DagBag from /home/vscode/.local/lib/python3.11/site-packages/airflow/example_dags/example_params_ui_tutorial.py
[2026-05-23T11:55:30.657+0000] {processor.py:840} INFO - DAG(s) 'example_params_ui_tutorial' retrieved from /home/vscode/.local/lib/python3.11/site-packages/airflow/example_dags/example_params_ui_tutorial.py
[2026-05-23T11:55:30.714+0000] {logging_mixin.py:188} INFO - [2026-05-23T11:55:30.714+0000] {dag.py:3096} INFO - Sync 1 DAGs
[2026-05-23T11:55:30.731+0000] {logging_mixin.py:188} INFO - [2026-05-23T11:55:30.731+0000] {dag.py:3954} INFO - Setting next_dagrun for example_params_ui_tutorial to None, run_after=None
[2026-05-23T11:55:30.760+0000] {processor.py:183} INFO - Processing /home/vscode/.local/lib/python3.11/site-packages/airflow/example_dags/example_params_ui_tutorial.py took 0.127 seconds
[2026-05-23T11:56:21.206+0000] {processor.py:161} INFO - Started process (PID=22210) to work on /home/vscode/.local/lib/python3.11/site-packages/airflow/example_dags/example_params_ui_tutorial.py
[2026-05-23T11:56:21.207+0000] {processor.py:830} INFO - Processing file /home/vscode/.local/lib/python3.11/site-packages/airflow/example_dags/example_params_ui_tutorial.py for tasks to queue
[2026-05-23T11:56:21.208+0000] {logging_mixin.py:188} INFO - [2026-05-23T11:56:21.208+0000] {dagbag.py:545} INFO - Filling up the DagBag from /home/vscode/.local/lib/python3.11/site-packages/airflow/example_dags/example_params_ui_tutorial.py
[2026-05-23T11:56:21.221+0000] {processor.py:840} INFO - DAG(s) 'example_params_ui_tutorial' retrieved from /home/vscode/.local/lib/python3.11/site-packages/airflow/example_dags/example_params_ui_tutorial.py
[2026-05-23T11:56:21.278+0000] {logging_mixin.py:188} INFO - [2026-05-23T11:56:21.277+0000] {dag.py:3096} INFO - Sync 1 DAGs
[2026-05-23T11:56:21.292+0000] {logging_mixin.py:188} INFO - [2026-05-23T11:56:21.292+0000] {dag.py:3954} INFO - Setting next_dagrun for example_params_ui_tutorial to None, run_after=None
[2026-05-23T11:56:21.314+0000] {processor.py:183} INFO - Processing /home/vscode/.local/lib/python3.11/site-packages/airflow/example_dags/example_params_ui_tutorial.py took 0.117 seconds
[2026-05-23T11:57:09.953+0000] {processor.py:161} INFO - Started process (PID=22745) to work on /home/vscode/.local/lib/python3.11/site-packages/airflow/example_dags/example_params_ui_tutorial.py
[2026-05-23T11:57:09.954+0000] {processor.py:830} INFO - Processing file /home/vscode/.local/lib/python3.11/site-packages/airflow/example_dags/example_params_ui_tutorial.py for tasks to queue
[2026-05-23T11:57:09.955+0000] {logging_mixin.py:188} INFO - [2026-05-23T11:57:09.954+0000] {dagbag.py:545} INFO - Filling up the DagBag from /home/vscode/.local/lib/python3.11/site-packages/airflow/example_dags/example_params_ui_tutorial.py
[2026-05-23T11:57:09.968+0000] {processor.py:840} INFO - DAG(s) 'example_params_ui_tutorial' retrieved from /home/vscode/.local/lib/python3.11/site-packages/airflow/example_dags/example_params_ui_tutorial.py
[2026-05-23T11:57:10.024+0000] {logging_mixin.py:188} INFO - [2026-05-23T11:57:10.024+0000] {dag.py:3096} INFO - Sync 1 DAGs
[2026-05-23T11:57:10.041+0000] {logging_mixin.py:188} INFO - [2026-05-23T11:57:10.041+0000] {dag.py:3954} INFO - Setting next_dagrun for example_params_ui_tutorial to None, run_after=None
[2026-05-23T11:57:10.066+0000] {processor.py:183} INFO - Processing /home/vscode/.local/lib/python3.11/site-packages/airflow/example_dags/example_params_ui_tutorial.py took 0.122 seconds
[2026-05-23T11:58:01.516+0000] {processor.py:161} INFO - Started process (PID=23212) to work on /home/vscode/.local/lib/python3.11/site-packages/airflow/example_dags/example_params_ui_tutorial.py
[2026-05-23T11:58:01.517+0000] {processor.py:830} INFO - Processing file /home/vscode/.local/lib/python3.11/site-packages/airflow/example_dags/example_params_ui_tutorial.py for tasks to queue
[2026-05-23T11:58:01.518+0000] {logging_mixin.py:188} INFO - [2026-05-23T11:58:01.517+0000] {dagbag.py:545} INFO - Filling up the DagBag from /home/vscode/.local/lib/python3.11/site-packages/airflow/example_dags/example_params_ui_tutorial.py
[2026-05-23T11:58:01.531+0000] {processor.py:840} INFO - DAG(s) 'example_params_ui_tutorial' retrieved from /home/vscode/.local/lib/python3.11/site-packages/airflow/example_dags/example_params_ui_tutorial.py
[2026-05-23T11:58:01.591+0000] {logging_mixin.py:188} INFO - [2026-05-23T11:58:01.591+0000] {dag.py:3096} INFO - Sync 1 DAGs
[2026-05-23T11:58:01.615+0000] {logging_mixin.py:188} INFO - [2026-05-23T11:58:01.615+0000] {dag.py:3954} INFO - Setting next_dagrun for example_params_ui_tutorial to None, run_after=None
[2026-05-23T11:58:01.643+0000] {processor.py:183} INFO - Processing /home/vscode/.local/lib/python3.11/site-packages/airflow/example_dags/example_params_ui_tutorial.py took 0.136 seconds
[2026-05-23T11:58:48.784+0000] {processor.py:161} INFO - Started process (PID=23751) to work on /home/vscode/.local/lib/python3.11/site-packages/airflow/example_dags/example_params_ui_tutorial.py
[2026-05-23T11:58:48.785+0000] {processor.py:830} INFO - Processing file /home/vscode/.local/lib/python3.11/site-packages/airflow/example_dags/example_params_ui_tutorial.py for tasks to queue
[2026-05-23T11:58:48.786+0000] {logging_mixin.py:188} INFO - [2026-05-23T11:58:48.785+0000] {dagbag.py:545} INFO - Filling up the DagBag from /home/vscode/.local/lib/python3.11/site-packages/airflow/example_dags/example_params_ui_tutorial.py
[2026-05-23T11:58:48.786+0000] {processor.py:842} WARNING - No viable dags retrieved from /home/vscode/.local/lib/python3.11/site-packages/airflow/example_dags/example_params_ui_tutorial.py
[2026-05-23T11:58:48.791+0000] {processor.py:183} INFO - Processing /home/vscode/.local/lib/python3.11/site-packages/airflow/example_dags/example_params_ui_tutorial.py took 0.013 seconds
