[2026-05-23T11:26:35.649+0000] {processor.py:161} INFO - Started process (PID=3033) to work on /home/vscode/.local/lib/python3.11/site-packages/airflow/example_dags/example_task_group_decorator.py
[2026-05-23T11:26:35.649+0000] {processor.py:830} INFO - Processing file /home/vscode/.local/lib/python3.11/site-packages/airflow/example_dags/example_task_group_decorator.py for tasks to queue
[2026-05-23T11:26:35.650+0000] {logging_mixin.py:188} INFO - [2026-05-23T11:26:35.650+0000] {dagbag.py:545} INFO - Filling up the DagBag from /home/vscode/.local/lib/python3.11/site-packages/airflow/example_dags/example_task_group_decorator.py
[2026-05-23T11:26:35.664+0000] {processor.py:840} INFO - DAG(s) 'example_task_group_decorator' retrieved from /home/vscode/.local/lib/python3.11/site-packages/airflow/example_dags/example_task_group_decorator.py
[2026-05-23T11:26:35.669+0000] {logging_mixin.py:188} INFO - [2026-05-23T11:26:35.669+0000] {dag.py:3096} INFO - Sync 1 DAGs
[2026-05-23T11:26:35.691+0000] {logging_mixin.py:188} INFO - [2026-05-23T11:26:35.691+0000] {dag.py:3954} INFO - Setting next_dagrun for example_task_group_decorator to 2026-05-22 00:00:00+00:00, run_after=2026-05-23 00:00:00+00:00
[2026-05-23T11:26:35.716+0000] {processor.py:183} INFO - Processing /home/vscode/.local/lib/python3.11/site-packages/airflow/example_dags/example_task_group_decorator.py took 0.074 seconds
[2026-05-23T11:27:32.613+0000] {processor.py:161} INFO - Started process (PID=3738) to work on /home/vscode/.local/lib/python3.11/site-packages/airflow/example_dags/example_task_group_decorator.py
[2026-05-23T11:27:32.614+0000] {processor.py:830} INFO - Processing file /home/vscode/.local/lib/python3.11/site-packages/airflow/example_dags/example_task_group_decorator.py for tasks to queue
[2026-05-23T11:27:32.614+0000] {logging_mixin.py:188} INFO - [2026-05-23T11:27:32.614+0000] {dagbag.py:545} INFO - Filling up the DagBag from /home/vscode/.local/lib/python3.11/site-packages/airflow/example_dags/example_task_group_decorator.py
[2026-05-23T11:27:32.624+0000] {processor.py:840} INFO - DAG(s) 'example_task_group_decorator' retrieved from /home/vscode/.local/lib/python3.11/site-packages/airflow/example_dags/example_task_group_decorator.py
[2026-05-23T11:27:32.791+0000] {logging_mixin.py:188} INFO - [2026-05-23T11:27:32.791+0000] {dag.py:3096} INFO - Sync 1 DAGs
[2026-05-23T11:27:32.802+0000] {logging_mixin.py:188} INFO - [2026-05-23T11:27:32.801+0000] {dag.py:3954} INFO - Setting next_dagrun for example_task_group_decorator to 2026-05-22 00:00:00+00:00, run_after=2026-05-23 00:00:00+00:00
[2026-05-23T11:27:32.818+0000] {processor.py:183} INFO - Processing /home/vscode/.local/lib/python3.11/site-packages/airflow/example_dags/example_task_group_decorator.py took 0.211 seconds
[2026-05-23T11:28:26.047+0000] {processor.py:161} INFO - Started process (PID=4393) to work on /home/vscode/.local/lib/python3.11/site-packages/airflow/example_dags/example_task_group_decorator.py
[2026-05-23T11:28:26.048+0000] {processor.py:830} INFO - Processing file /home/vscode/.local/lib/python3.11/site-packages/airflow/example_dags/example_task_group_decorator.py for tasks to queue
[2026-05-23T11:28:26.048+0000] {logging_mixin.py:188} INFO - [2026-05-23T11:28:26.048+0000] {dagbag.py:545} INFO - Filling up the DagBag from /home/vscode/.local/lib/python3.11/site-packages/airflow/example_dags/example_task_group_decorator.py
[2026-05-23T11:28:26.058+0000] {processor.py:840} INFO - DAG(s) 'example_task_group_decorator' retrieved from /home/vscode/.local/lib/python3.11/site-packages/airflow/example_dags/example_task_group_decorator.py
[2026-05-23T11:28:26.076+0000] {logging_mixin.py:188} INFO - [2026-05-23T11:28:26.076+0000] {dag.py:3096} INFO - Sync 1 DAGs
[2026-05-23T11:28:26.090+0000] {logging_mixin.py:188} INFO - [2026-05-23T11:28:26.090+0000] {dag.py:3954} INFO - Setting next_dagrun for example_task_group_decorator to 2026-05-22 00:00:00+00:00, run_after=2026-05-23 00:00:00+00:00
[2026-05-23T11:28:26.106+0000] {processor.py:183} INFO - Processing /home/vscode/.local/lib/python3.11/site-packages/airflow/example_dags/example_task_group_decorator.py took 0.064 seconds
[2026-05-23T11:29:18.762+0000] {processor.py:161} INFO - Started process (PID=4805) to work on /home/vscode/.local/lib/python3.11/site-packages/airflow/example_dags/example_task_group_decorator.py
[2026-05-23T11:29:18.764+0000] {processor.py:830} INFO - Processing file /home/vscode/.local/lib/python3.11/site-packages/airflow/example_dags/example_task_group_decorator.py for tasks to queue
[2026-05-23T11:29:18.765+0000] {logging_mixin.py:188} INFO - [2026-05-23T11:29:18.764+0000] {dagbag.py:545} INFO - Filling up the DagBag from /home/vscode/.local/lib/python3.11/site-packages/airflow/example_dags/example_task_group_decorator.py
[2026-05-23T11:29:18.788+0000] {processor.py:840} INFO - DAG(s) 'example_task_group_decorator' retrieved from /home/vscode/.local/lib/python3.11/site-packages/airflow/example_dags/example_task_group_decorator.py
[2026-05-23T11:29:18.803+0000] {logging_mixin.py:188} INFO - [2026-05-23T11:29:18.803+0000] {dag.py:3096} INFO - Sync 1 DAGs
[2026-05-23T11:29:18.817+0000] {logging_mixin.py:188} INFO - [2026-05-23T11:29:18.817+0000] {dag.py:3954} INFO - Setting next_dagrun for example_task_group_decorator to 2026-05-22 00:00:00+00:00, run_after=2026-05-23 00:00:00+00:00
[2026-05-23T11:29:18.833+0000] {processor.py:183} INFO - Processing /home/vscode/.local/lib/python3.11/site-packages/airflow/example_dags/example_task_group_decorator.py took 0.090 seconds
[2026-05-23T11:30:03.160+0000] {processor.py:161} INFO - Started process (PID=5214) to work on /home/vscode/.local/lib/python3.11/site-packages/airflow/example_dags/example_task_group_decorator.py
[2026-05-23T11:30:03.161+0000] {processor.py:830} INFO - Processing file /home/vscode/.local/lib/python3.11/site-packages/airflow/example_dags/example_task_group_decorator.py for tasks to queue
[2026-05-23T11:30:03.161+0000] {logging_mixin.py:188} INFO - [2026-05-23T11:30:03.161+0000] {dagbag.py:545} INFO - Filling up the DagBag from /home/vscode/.local/lib/python3.11/site-packages/airflow/example_dags/example_task_group_decorator.py
[2026-05-23T11:30:03.172+0000] {processor.py:840} INFO - DAG(s) 'example_task_group_decorator' retrieved from /home/vscode/.local/lib/python3.11/site-packages/airflow/example_dags/example_task_group_decorator.py
[2026-05-23T11:30:03.187+0000] {logging_mixin.py:188} INFO - [2026-05-23T11:30:03.187+0000] {dag.py:3096} INFO - Sync 1 DAGs
[2026-05-23T11:30:03.202+0000] {logging_mixin.py:188} INFO - [2026-05-23T11:30:03.202+0000] {dag.py:3954} INFO - Setting next_dagrun for example_task_group_decorator to 2026-05-22 00:00:00+00:00, run_after=2026-05-23 00:00:00+00:00
[2026-05-23T11:30:03.218+0000] {processor.py:183} INFO - Processing /home/vscode/.local/lib/python3.11/site-packages/airflow/example_dags/example_task_group_decorator.py took 0.065 seconds
[2026-05-23T11:30:44.848+0000] {processor.py:161} INFO - Started process (PID=5702) to work on /home/vscode/.local/lib/python3.11/site-packages/airflow/example_dags/example_task_group_decorator.py
[2026-05-23T11:30:44.848+0000] {processor.py:830} INFO - Processing file /home/vscode/.local/lib/python3.11/site-packages/airflow/example_dags/example_task_group_decorator.py for tasks to queue
[2026-05-23T11:30:44.849+0000] {logging_mixin.py:188} INFO - [2026-05-23T11:30:44.849+0000] {dagbag.py:545} INFO - Filling up the DagBag from /home/vscode/.local/lib/python3.11/site-packages/airflow/example_dags/example_task_group_decorator.py
[2026-05-23T11:30:44.859+0000] {processor.py:840} INFO - DAG(s) 'example_task_group_decorator' retrieved from /home/vscode/.local/lib/python3.11/site-packages/airflow/example_dags/example_task_group_decorator.py
[2026-05-23T11:30:44.874+0000] {logging_mixin.py:188} INFO - [2026-05-23T11:30:44.874+0000] {dag.py:3096} INFO - Sync 1 DAGs
[2026-05-23T11:30:44.889+0000] {logging_mixin.py:188} INFO - [2026-05-23T11:30:44.888+0000] {dag.py:3954} INFO - Setting next_dagrun for example_task_group_decorator to 2026-05-22 00:00:00+00:00, run_after=2026-05-23 00:00:00+00:00
[2026-05-23T11:30:44.904+0000] {processor.py:183} INFO - Processing /home/vscode/.local/lib/python3.11/site-packages/airflow/example_dags/example_task_group_decorator.py took 0.063 seconds
[2026-05-23T11:31:29.664+0000] {processor.py:161} INFO - Started process (PID=6137) to work on /home/vscode/.local/lib/python3.11/site-packages/airflow/example_dags/example_task_group_decorator.py
[2026-05-23T11:31:29.664+0000] {processor.py:830} INFO - Processing file /home/vscode/.local/lib/python3.11/site-packages/airflow/example_dags/example_task_group_decorator.py for tasks to queue
[2026-05-23T11:31:29.665+0000] {logging_mixin.py:188} INFO - [2026-05-23T11:31:29.665+0000] {dagbag.py:545} INFO - Filling up the DagBag from /home/vscode/.local/lib/python3.11/site-packages/airflow/example_dags/example_task_group_decorator.py
[2026-05-23T11:31:29.676+0000] {processor.py:840} INFO - DAG(s) 'example_task_group_decorator' retrieved from /home/vscode/.local/lib/python3.11/site-packages/airflow/example_dags/example_task_group_decorator.py
[2026-05-23T11:31:29.691+0000] {logging_mixin.py:188} INFO - [2026-05-23T11:31:29.691+0000] {dag.py:3096} INFO - Sync 1 DAGs
[2026-05-23T11:31:29.704+0000] {logging_mixin.py:188} INFO - [2026-05-23T11:31:29.704+0000] {dag.py:3954} INFO - Setting next_dagrun for example_task_group_decorator to 2026-05-22 00:00:00+00:00, run_after=2026-05-23 00:00:00+00:00
[2026-05-23T11:31:29.720+0000] {processor.py:183} INFO - Processing /home/vscode/.local/lib/python3.11/site-packages/airflow/example_dags/example_task_group_decorator.py took 0.063 seconds
[2026-05-23T11:32:12.195+0000] {processor.py:161} INFO - Started process (PID=6496) to work on /home/vscode/.local/lib/python3.11/site-packages/airflow/example_dags/example_task_group_decorator.py
[2026-05-23T11:32:12.195+0000] {processor.py:830} INFO - Processing file /home/vscode/.local/lib/python3.11/site-packages/airflow/example_dags/example_task_group_decorator.py for tasks to queue
[2026-05-23T11:32:12.196+0000] {logging_mixin.py:188} INFO - [2026-05-23T11:32:12.195+0000] {dagbag.py:545} INFO - Filling up the DagBag from /home/vscode/.local/lib/python3.11/site-packages/airflow/example_dags/example_task_group_decorator.py
[2026-05-23T11:32:12.206+0000] {processor.py:840} INFO - DAG(s) 'example_task_group_decorator' retrieved from /home/vscode/.local/lib/python3.11/site-packages/airflow/example_dags/example_task_group_decorator.py
[2026-05-23T11:32:12.221+0000] {logging_mixin.py:188} INFO - [2026-05-23T11:32:12.220+0000] {dag.py:3096} INFO - Sync 1 DAGs
[2026-05-23T11:32:12.233+0000] {logging_mixin.py:188} INFO - [2026-05-23T11:32:12.233+0000] {dag.py:3954} INFO - Setting next_dagrun for example_task_group_decorator to 2026-05-22 00:00:00+00:00, run_after=2026-05-23 00:00:00+00:00
[2026-05-23T11:32:12.248+0000] {processor.py:183} INFO - Processing /home/vscode/.local/lib/python3.11/site-packages/airflow/example_dags/example_task_group_decorator.py took 0.060 seconds
[2026-05-23T11:32:53.361+0000] {processor.py:161} INFO - Started process (PID=7419) to work on /home/vscode/.local/lib/python3.11/site-packages/airflow/example_dags/example_task_group_decorator.py
[2026-05-23T11:32:53.361+0000] {processor.py:830} INFO - Processing file /home/vscode/.local/lib/python3.11/site-packages/airflow/example_dags/example_task_group_decorator.py for tasks to queue
[2026-05-23T11:32:53.362+0000] {logging_mixin.py:188} INFO - [2026-05-23T11:32:53.362+0000] {dagbag.py:545} INFO - Filling up the DagBag from /home/vscode/.local/lib/python3.11/site-packages/airflow/example_dags/example_task_group_decorator.py
[2026-05-23T11:32:53.372+0000] {processor.py:840} INFO - DAG(s) 'example_task_group_decorator' retrieved from /home/vscode/.local/lib/python3.11/site-packages/airflow/example_dags/example_task_group_decorator.py
[2026-05-23T11:32:53.387+0000] {logging_mixin.py:188} INFO - [2026-05-23T11:32:53.387+0000] {dag.py:3096} INFO - Sync 1 DAGs
[2026-05-23T11:32:53.402+0000] {logging_mixin.py:188} INFO - [2026-05-23T11:32:53.402+0000] {dag.py:3954} INFO - Setting next_dagrun for example_task_group_decorator to 2026-05-22 00:00:00+00:00, run_after=2026-05-23 00:00:00+00:00
[2026-05-23T11:32:53.417+0000] {processor.py:183} INFO - Processing /home/vscode/.local/lib/python3.11/site-packages/airflow/example_dags/example_task_group_decorator.py took 0.062 seconds
[2026-05-23T11:33:39.473+0000] {processor.py:161} INFO - Started process (PID=8422) to work on /home/vscode/.local/lib/python3.11/site-packages/airflow/example_dags/example_task_group_decorator.py
[2026-05-23T11:33:39.474+0000] {processor.py:830} INFO - Processing file /home/vscode/.local/lib/python3.11/site-packages/airflow/example_dags/example_task_group_decorator.py for tasks to queue
[2026-05-23T11:33:39.474+0000] {logging_mixin.py:188} INFO - [2026-05-23T11:33:39.474+0000] {dagbag.py:545} INFO - Filling up the DagBag from /home/vscode/.local/lib/python3.11/site-packages/airflow/example_dags/example_task_group_decorator.py
[2026-05-23T11:33:39.485+0000] {processor.py:840} INFO - DAG(s) 'example_task_group_decorator' retrieved from /home/vscode/.local/lib/python3.11/site-packages/airflow/example_dags/example_task_group_decorator.py
[2026-05-23T11:33:39.500+0000] {logging_mixin.py:188} INFO - [2026-05-23T11:33:39.500+0000] {dag.py:3096} INFO - Sync 1 DAGs
[2026-05-23T11:33:39.513+0000] {logging_mixin.py:188} INFO - [2026-05-23T11:33:39.513+0000] {dag.py:3954} INFO - Setting next_dagrun for example_task_group_decorator to 2026-05-22 00:00:00+00:00, run_after=2026-05-23 00:00:00+00:00
[2026-05-23T11:33:39.528+0000] {processor.py:183} INFO - Processing /home/vscode/.local/lib/python3.11/site-packages/airflow/example_dags/example_task_group_decorator.py took 0.061 seconds
[2026-05-23T11:34:26.730+0000] {processor.py:161} INFO - Started process (PID=8713) to work on /home/vscode/.local/lib/python3.11/site-packages/airflow/example_dags/example_task_group_decorator.py
[2026-05-23T11:34:26.731+0000] {processor.py:830} INFO - Processing file /home/vscode/.local/lib/python3.11/site-packages/airflow/example_dags/example_task_group_decorator.py for tasks to queue
[2026-05-23T11:34:26.731+0000] {logging_mixin.py:188} INFO - [2026-05-23T11:34:26.731+0000] {dagbag.py:545} INFO - Filling up the DagBag from /home/vscode/.local/lib/python3.11/site-packages/airflow/example_dags/example_task_group_decorator.py
[2026-05-23T11:34:26.742+0000] {processor.py:840} INFO - DAG(s) 'example_task_group_decorator' retrieved from /home/vscode/.local/lib/python3.11/site-packages/airflow/example_dags/example_task_group_decorator.py
[2026-05-23T11:34:26.758+0000] {logging_mixin.py:188} INFO - [2026-05-23T11:34:26.758+0000] {dag.py:3096} INFO - Sync 1 DAGs
[2026-05-23T11:34:26.773+0000] {logging_mixin.py:188} INFO - [2026-05-23T11:34:26.772+0000] {dag.py:3954} INFO - Setting next_dagrun for example_task_group_decorator to 2026-05-22 00:00:00+00:00, run_after=2026-05-23 00:00:00+00:00
[2026-05-23T11:34:26.788+0000] {processor.py:183} INFO - Processing /home/vscode/.local/lib/python3.11/site-packages/airflow/example_dags/example_task_group_decorator.py took 0.065 seconds
[2026-05-23T11:35:11.633+0000] {processor.py:161} INFO - Started process (PID=9037) to work on /home/vscode/.local/lib/python3.11/site-packages/airflow/example_dags/example_task_group_decorator.py
[2026-05-23T11:35:11.634+0000] {processor.py:830} INFO - Processing file /home/vscode/.local/lib/python3.11/site-packages/airflow/example_dags/example_task_group_decorator.py for tasks to queue
[2026-05-23T11:35:11.634+0000] {logging_mixin.py:188} INFO - [2026-05-23T11:35:11.634+0000] {dagbag.py:545} INFO - Filling up the DagBag from /home/vscode/.local/lib/python3.11/site-packages/airflow/example_dags/example_task_group_decorator.py
[2026-05-23T11:35:11.645+0000] {processor.py:840} INFO - DAG(s) 'example_task_group_decorator' retrieved from /home/vscode/.local/lib/python3.11/site-packages/airflow/example_dags/example_task_group_decorator.py
[2026-05-23T11:35:11.660+0000] {logging_mixin.py:188} INFO - [2026-05-23T11:35:11.660+0000] {dag.py:3096} INFO - Sync 1 DAGs
[2026-05-23T11:35:11.674+0000] {logging_mixin.py:188} INFO - [2026-05-23T11:35:11.674+0000] {dag.py:3954} INFO - Setting next_dagrun for example_task_group_decorator to 2026-05-22 00:00:00+00:00, run_after=2026-05-23 00:00:00+00:00
[2026-05-23T11:35:11.690+0000] {processor.py:183} INFO - Processing /home/vscode/.local/lib/python3.11/site-packages/airflow/example_dags/example_task_group_decorator.py took 0.063 seconds
[2026-05-23T11:35:54.559+0000] {processor.py:161} INFO - Started process (PID=9389) to work on /home/vscode/.local/lib/python3.11/site-packages/airflow/example_dags/example_task_group_decorator.py
[2026-05-23T11:35:54.560+0000] {processor.py:830} INFO - Processing file /home/vscode/.local/lib/python3.11/site-packages/airflow/example_dags/example_task_group_decorator.py for tasks to queue
[2026-05-23T11:35:54.561+0000] {logging_mixin.py:188} INFO - [2026-05-23T11:35:54.560+0000] {dagbag.py:545} INFO - Filling up the DagBag from /home/vscode/.local/lib/python3.11/site-packages/airflow/example_dags/example_task_group_decorator.py
[2026-05-23T11:35:54.571+0000] {processor.py:840} INFO - DAG(s) 'example_task_group_decorator' retrieved from /home/vscode/.local/lib/python3.11/site-packages/airflow/example_dags/example_task_group_decorator.py
[2026-05-23T11:35:54.592+0000] {logging_mixin.py:188} INFO - [2026-05-23T11:35:54.592+0000] {dag.py:3096} INFO - Sync 1 DAGs
[2026-05-23T11:35:54.609+0000] {logging_mixin.py:188} INFO - [2026-05-23T11:35:54.609+0000] {dag.py:3954} INFO - Setting next_dagrun for example_task_group_decorator to 2026-05-22 00:00:00+00:00, run_after=2026-05-23 00:00:00+00:00
[2026-05-23T11:35:54.625+0000] {processor.py:183} INFO - Processing /home/vscode/.local/lib/python3.11/site-packages/airflow/example_dags/example_task_group_decorator.py took 0.072 seconds
[2026-05-23T11:36:36.795+0000] {processor.py:161} INFO - Started process (PID=9823) to work on /home/vscode/.local/lib/python3.11/site-packages/airflow/example_dags/example_task_group_decorator.py
[2026-05-23T11:36:36.795+0000] {processor.py:830} INFO - Processing file /home/vscode/.local/lib/python3.11/site-packages/airflow/example_dags/example_task_group_decorator.py for tasks to queue
[2026-05-23T11:36:36.796+0000] {logging_mixin.py:188} INFO - [2026-05-23T11:36:36.795+0000] {dagbag.py:545} INFO - Filling up the DagBag from /home/vscode/.local/lib/python3.11/site-packages/airflow/example_dags/example_task_group_decorator.py
[2026-05-23T11:36:36.806+0000] {processor.py:840} INFO - DAG(s) 'example_task_group_decorator' retrieved from /home/vscode/.local/lib/python3.11/site-packages/airflow/example_dags/example_task_group_decorator.py
[2026-05-23T11:36:36.823+0000] {logging_mixin.py:188} INFO - [2026-05-23T11:36:36.822+0000] {dag.py:3096} INFO - Sync 1 DAGs
[2026-05-23T11:36:36.837+0000] {logging_mixin.py:188} INFO - [2026-05-23T11:36:36.837+0000] {dag.py:3954} INFO - Setting next_dagrun for example_task_group_decorator to 2026-05-22 00:00:00+00:00, run_after=2026-05-23 00:00:00+00:00
[2026-05-23T11:36:36.853+0000] {processor.py:183} INFO - Processing /home/vscode/.local/lib/python3.11/site-packages/airflow/example_dags/example_task_group_decorator.py took 0.065 seconds
[2026-05-23T11:37:24.087+0000] {processor.py:161} INFO - Started process (PID=10236) to work on /home/vscode/.local/lib/python3.11/site-packages/airflow/example_dags/example_task_group_decorator.py
[2026-05-23T11:37:24.087+0000] {processor.py:830} INFO - Processing file /home/vscode/.local/lib/python3.11/site-packages/airflow/example_dags/example_task_group_decorator.py for tasks to queue
[2026-05-23T11:37:24.088+0000] {logging_mixin.py:188} INFO - [2026-05-23T11:37:24.088+0000] {dagbag.py:545} INFO - Filling up the DagBag from /home/vscode/.local/lib/python3.11/site-packages/airflow/example_dags/example_task_group_decorator.py
[2026-05-23T11:37:24.098+0000] {processor.py:840} INFO - DAG(s) 'example_task_group_decorator' retrieved from /home/vscode/.local/lib/python3.11/site-packages/airflow/example_dags/example_task_group_decorator.py
[2026-05-23T11:37:24.113+0000] {logging_mixin.py:188} INFO - [2026-05-23T11:37:24.113+0000] {dag.py:3096} INFO - Sync 1 DAGs
[2026-05-23T11:37:24.127+0000] {logging_mixin.py:188} INFO - [2026-05-23T11:37:24.127+0000] {dag.py:3954} INFO - Setting next_dagrun for example_task_group_decorator to 2026-05-22 00:00:00+00:00, run_after=2026-05-23 00:00:00+00:00
[2026-05-23T11:37:24.144+0000] {processor.py:183} INFO - Processing /home/vscode/.local/lib/python3.11/site-packages/airflow/example_dags/example_task_group_decorator.py took 0.064 seconds
[2026-05-23T11:38:08.004+0000] {processor.py:161} INFO - Started process (PID=10573) to work on /home/vscode/.local/lib/python3.11/site-packages/airflow/example_dags/example_task_group_decorator.py
[2026-05-23T11:38:08.004+0000] {processor.py:830} INFO - Processing file /home/vscode/.local/lib/python3.11/site-packages/airflow/example_dags/example_task_group_decorator.py for tasks to queue
[2026-05-23T11:38:08.005+0000] {logging_mixin.py:188} INFO - [2026-05-23T11:38:08.005+0000] {dagbag.py:545} INFO - Filling up the DagBag from /home/vscode/.local/lib/python3.11/site-packages/airflow/example_dags/example_task_group_decorator.py
[2026-05-23T11:38:08.017+0000] {processor.py:840} INFO - DAG(s) 'example_task_group_decorator' retrieved from /home/vscode/.local/lib/python3.11/site-packages/airflow/example_dags/example_task_group_decorator.py
[2026-05-23T11:38:08.032+0000] {logging_mixin.py:188} INFO - [2026-05-23T11:38:08.032+0000] {dag.py:3096} INFO - Sync 1 DAGs
[2026-05-23T11:38:08.045+0000] {logging_mixin.py:188} INFO - [2026-05-23T11:38:08.045+0000] {dag.py:3954} INFO - Setting next_dagrun for example_task_group_decorator to 2026-05-22 00:00:00+00:00, run_after=2026-05-23 00:00:00+00:00
[2026-05-23T11:38:08.059+0000] {processor.py:183} INFO - Processing /home/vscode/.local/lib/python3.11/site-packages/airflow/example_dags/example_task_group_decorator.py took 0.062 seconds
[2026-05-23T11:38:48.504+0000] {processor.py:161} INFO - Started process (PID=10944) to work on /home/vscode/.local/lib/python3.11/site-packages/airflow/example_dags/example_task_group_decorator.py
[2026-05-23T11:38:48.505+0000] {processor.py:830} INFO - Processing file /home/vscode/.local/lib/python3.11/site-packages/airflow/example_dags/example_task_group_decorator.py for tasks to queue
[2026-05-23T11:38:48.505+0000] {logging_mixin.py:188} INFO - [2026-05-23T11:38:48.505+0000] {dagbag.py:545} INFO - Filling up the DagBag from /home/vscode/.local/lib/python3.11/site-packages/airflow/example_dags/example_task_group_decorator.py
[2026-05-23T11:38:48.516+0000] {processor.py:840} INFO - DAG(s) 'example_task_group_decorator' retrieved from /home/vscode/.local/lib/python3.11/site-packages/airflow/example_dags/example_task_group_decorator.py
[2026-05-23T11:38:48.531+0000] {logging_mixin.py:188} INFO - [2026-05-23T11:38:48.531+0000] {dag.py:3096} INFO - Sync 1 DAGs
[2026-05-23T11:38:48.544+0000] {logging_mixin.py:188} INFO - [2026-05-23T11:38:48.544+0000] {dag.py:3954} INFO - Setting next_dagrun for example_task_group_decorator to 2026-05-22 00:00:00+00:00, run_after=2026-05-23 00:00:00+00:00
[2026-05-23T11:38:48.560+0000] {processor.py:183} INFO - Processing /home/vscode/.local/lib/python3.11/site-packages/airflow/example_dags/example_task_group_decorator.py took 0.062 seconds
[2026-05-23T11:39:30.176+0000] {processor.py:161} INFO - Started process (PID=11325) to work on /home/vscode/.local/lib/python3.11/site-packages/airflow/example_dags/example_task_group_decorator.py
[2026-05-23T11:39:30.177+0000] {processor.py:830} INFO - Processing file /home/vscode/.local/lib/python3.11/site-packages/airflow/example_dags/example_task_group_decorator.py for tasks to queue
[2026-05-23T11:39:30.178+0000] {logging_mixin.py:188} INFO - [2026-05-23T11:39:30.177+0000] {dagbag.py:545} INFO - Filling up the DagBag from /home/vscode/.local/lib/python3.11/site-packages/airflow/example_dags/example_task_group_decorator.py
[2026-05-23T11:39:30.188+0000] {processor.py:840} INFO - DAG(s) 'example_task_group_decorator' retrieved from /home/vscode/.local/lib/python3.11/site-packages/airflow/example_dags/example_task_group_decorator.py
[2026-05-23T11:39:30.204+0000] {logging_mixin.py:188} INFO - [2026-05-23T11:39:30.204+0000] {dag.py:3096} INFO - Sync 1 DAGs
[2026-05-23T11:39:30.217+0000] {logging_mixin.py:188} INFO - [2026-05-23T11:39:30.217+0000] {dag.py:3954} INFO - Setting next_dagrun for example_task_group_decorator to 2026-05-22 00:00:00+00:00, run_after=2026-05-23 00:00:00+00:00
[2026-05-23T11:39:30.234+0000] {processor.py:183} INFO - Processing /home/vscode/.local/lib/python3.11/site-packages/airflow/example_dags/example_task_group_decorator.py took 0.064 seconds
[2026-05-23T11:40:11.364+0000] {processor.py:161} INFO - Started process (PID=11643) to work on /home/vscode/.local/lib/python3.11/site-packages/airflow/example_dags/example_task_group_decorator.py
[2026-05-23T11:40:11.365+0000] {processor.py:830} INFO - Processing file /home/vscode/.local/lib/python3.11/site-packages/airflow/example_dags/example_task_group_decorator.py for tasks to queue
[2026-05-23T11:40:11.365+0000] {logging_mixin.py:188} INFO - [2026-05-23T11:40:11.365+0000] {dagbag.py:545} INFO - Filling up the DagBag from /home/vscode/.local/lib/python3.11/site-packages/airflow/example_dags/example_task_group_decorator.py
[2026-05-23T11:40:11.376+0000] {processor.py:840} INFO - DAG(s) 'example_task_group_decorator' retrieved from /home/vscode/.local/lib/python3.11/site-packages/airflow/example_dags/example_task_group_decorator.py
[2026-05-23T11:40:11.393+0000] {logging_mixin.py:188} INFO - [2026-05-23T11:40:11.393+0000] {dag.py:3096} INFO - Sync 1 DAGs
[2026-05-23T11:40:11.407+0000] {logging_mixin.py:188} INFO - [2026-05-23T11:40:11.407+0000] {dag.py:3954} INFO - Setting next_dagrun for example_task_group_decorator to 2026-05-22 00:00:00+00:00, run_after=2026-05-23 00:00:00+00:00
[2026-05-23T11:40:11.423+0000] {processor.py:183} INFO - Processing /home/vscode/.local/lib/python3.11/site-packages/airflow/example_dags/example_task_group_decorator.py took 0.065 seconds
[2026-05-23T11:40:55.004+0000] {processor.py:161} INFO - Started process (PID=12035) to work on /home/vscode/.local/lib/python3.11/site-packages/airflow/example_dags/example_task_group_decorator.py
[2026-05-23T11:40:55.004+0000] {processor.py:830} INFO - Processing file /home/vscode/.local/lib/python3.11/site-packages/airflow/example_dags/example_task_group_decorator.py for tasks to queue
[2026-05-23T11:40:55.005+0000] {logging_mixin.py:188} INFO - [2026-05-23T11:40:55.005+0000] {dagbag.py:545} INFO - Filling up the DagBag from /home/vscode/.local/lib/python3.11/site-packages/airflow/example_dags/example_task_group_decorator.py
[2026-05-23T11:40:55.015+0000] {processor.py:840} INFO - DAG(s) 'example_task_group_decorator' retrieved from /home/vscode/.local/lib/python3.11/site-packages/airflow/example_dags/example_task_group_decorator.py
[2026-05-23T11:40:55.033+0000] {logging_mixin.py:188} INFO - [2026-05-23T11:40:55.032+0000] {dag.py:3096} INFO - Sync 1 DAGs
[2026-05-23T11:40:55.065+0000] {logging_mixin.py:188} INFO - [2026-05-23T11:40:55.064+0000] {dag.py:3954} INFO - Setting next_dagrun for example_task_group_decorator to 2026-05-22 00:00:00+00:00, run_after=2026-05-23 00:00:00+00:00
[2026-05-23T11:40:55.100+0000] {processor.py:183} INFO - Processing /home/vscode/.local/lib/python3.11/site-packages/airflow/example_dags/example_task_group_decorator.py took 0.102 seconds
[2026-05-23T11:41:37.263+0000] {processor.py:161} INFO - Started process (PID=12495) to work on /home/vscode/.local/lib/python3.11/site-packages/airflow/example_dags/example_task_group_decorator.py
[2026-05-23T11:41:37.264+0000] {processor.py:830} INFO - Processing file /home/vscode/.local/lib/python3.11/site-packages/airflow/example_dags/example_task_group_decorator.py for tasks to queue
[2026-05-23T11:41:37.265+0000] {logging_mixin.py:188} INFO - [2026-05-23T11:41:37.264+0000] {dagbag.py:545} INFO - Filling up the DagBag from /home/vscode/.local/lib/python3.11/site-packages/airflow/example_dags/example_task_group_decorator.py
[2026-05-23T11:41:37.275+0000] {processor.py:840} INFO - DAG(s) 'example_task_group_decorator' retrieved from /home/vscode/.local/lib/python3.11/site-packages/airflow/example_dags/example_task_group_decorator.py
[2026-05-23T11:41:37.290+0000] {logging_mixin.py:188} INFO - [2026-05-23T11:41:37.290+0000] {dag.py:3096} INFO - Sync 1 DAGs
[2026-05-23T11:41:37.304+0000] {logging_mixin.py:188} INFO - [2026-05-23T11:41:37.304+0000] {dag.py:3954} INFO - Setting next_dagrun for example_task_group_decorator to 2026-05-22 00:00:00+00:00, run_after=2026-05-23 00:00:00+00:00
[2026-05-23T11:41:37.319+0000] {processor.py:183} INFO - Processing /home/vscode/.local/lib/python3.11/site-packages/airflow/example_dags/example_task_group_decorator.py took 0.062 seconds
[2026-05-23T11:42:19.603+0000] {processor.py:161} INFO - Started process (PID=12823) to work on /home/vscode/.local/lib/python3.11/site-packages/airflow/example_dags/example_task_group_decorator.py
[2026-05-23T11:42:19.603+0000] {processor.py:830} INFO - Processing file /home/vscode/.local/lib/python3.11/site-packages/airflow/example_dags/example_task_group_decorator.py for tasks to queue
[2026-05-23T11:42:19.604+0000] {logging_mixin.py:188} INFO - [2026-05-23T11:42:19.604+0000] {dagbag.py:545} INFO - Filling up the DagBag from /home/vscode/.local/lib/python3.11/site-packages/airflow/example_dags/example_task_group_decorator.py
[2026-05-23T11:42:19.615+0000] {processor.py:840} INFO - DAG(s) 'example_task_group_decorator' retrieved from /home/vscode/.local/lib/python3.11/site-packages/airflow/example_dags/example_task_group_decorator.py
[2026-05-23T11:42:19.629+0000] {logging_mixin.py:188} INFO - [2026-05-23T11:42:19.629+0000] {dag.py:3096} INFO - Sync 1 DAGs
[2026-05-23T11:42:19.642+0000] {logging_mixin.py:188} INFO - [2026-05-23T11:42:19.642+0000] {dag.py:3954} INFO - Setting next_dagrun for example_task_group_decorator to 2026-05-22 00:00:00+00:00, run_after=2026-05-23 00:00:00+00:00
[2026-05-23T11:42:19.658+0000] {processor.py:183} INFO - Processing /home/vscode/.local/lib/python3.11/site-packages/airflow/example_dags/example_task_group_decorator.py took 0.061 seconds
[2026-05-23T11:43:03.722+0000] {processor.py:161} INFO - Started process (PID=13219) to work on /home/vscode/.local/lib/python3.11/site-packages/airflow/example_dags/example_task_group_decorator.py
[2026-05-23T11:43:03.722+0000] {processor.py:830} INFO - Processing file /home/vscode/.local/lib/python3.11/site-packages/airflow/example_dags/example_task_group_decorator.py for tasks to queue
[2026-05-23T11:43:03.723+0000] {logging_mixin.py:188} INFO - [2026-05-23T11:43:03.723+0000] {dagbag.py:545} INFO - Filling up the DagBag from /home/vscode/.local/lib/python3.11/site-packages/airflow/example_dags/example_task_group_decorator.py
[2026-05-23T11:43:03.733+0000] {processor.py:840} INFO - DAG(s) 'example_task_group_decorator' retrieved from /home/vscode/.local/lib/python3.11/site-packages/airflow/example_dags/example_task_group_decorator.py
[2026-05-23T11:43:03.748+0000] {logging_mixin.py:188} INFO - [2026-05-23T11:43:03.748+0000] {dag.py:3096} INFO - Sync 1 DAGs
[2026-05-23T11:43:03.761+0000] {logging_mixin.py:188} INFO - [2026-05-23T11:43:03.761+0000] {dag.py:3954} INFO - Setting next_dagrun for example_task_group_decorator to 2026-05-22 00:00:00+00:00, run_after=2026-05-23 00:00:00+00:00
[2026-05-23T11:43:03.777+0000] {processor.py:183} INFO - Processing /home/vscode/.local/lib/python3.11/site-packages/airflow/example_dags/example_task_group_decorator.py took 0.061 seconds
[2026-05-23T11:43:48.847+0000] {processor.py:161} INFO - Started process (PID=13632) to work on /home/vscode/.local/lib/python3.11/site-packages/airflow/example_dags/example_task_group_decorator.py
[2026-05-23T11:43:48.848+0000] {processor.py:830} INFO - Processing file /home/vscode/.local/lib/python3.11/site-packages/airflow/example_dags/example_task_group_decorator.py for tasks to queue
[2026-05-23T11:43:48.848+0000] {logging_mixin.py:188} INFO - [2026-05-23T11:43:48.848+0000] {dagbag.py:545} INFO - Filling up the DagBag from /home/vscode/.local/lib/python3.11/site-packages/airflow/example_dags/example_task_group_decorator.py
[2026-05-23T11:43:48.858+0000] {processor.py:840} INFO - DAG(s) 'example_task_group_decorator' retrieved from /home/vscode/.local/lib/python3.11/site-packages/airflow/example_dags/example_task_group_decorator.py
[2026-05-23T11:43:48.873+0000] {logging_mixin.py:188} INFO - [2026-05-23T11:43:48.873+0000] {dag.py:3096} INFO - Sync 1 DAGs
[2026-05-23T11:43:48.887+0000] {logging_mixin.py:188} INFO - [2026-05-23T11:43:48.887+0000] {dag.py:3954} INFO - Setting next_dagrun for example_task_group_decorator to 2026-05-22 00:00:00+00:00, run_after=2026-05-23 00:00:00+00:00
[2026-05-23T11:43:48.902+0000] {processor.py:183} INFO - Processing /home/vscode/.local/lib/python3.11/site-packages/airflow/example_dags/example_task_group_decorator.py took 0.061 seconds
[2026-05-23T11:44:31.705+0000] {processor.py:161} INFO - Started process (PID=14027) to work on /home/vscode/.local/lib/python3.11/site-packages/airflow/example_dags/example_task_group_decorator.py
[2026-05-23T11:44:31.705+0000] {processor.py:830} INFO - Processing file /home/vscode/.local/lib/python3.11/site-packages/airflow/example_dags/example_task_group_decorator.py for tasks to queue
[2026-05-23T11:44:31.706+0000] {logging_mixin.py:188} INFO - [2026-05-23T11:44:31.706+0000] {dagbag.py:545} INFO - Filling up the DagBag from /home/vscode/.local/lib/python3.11/site-packages/airflow/example_dags/example_task_group_decorator.py
[2026-05-23T11:44:31.718+0000] {processor.py:840} INFO - DAG(s) 'example_task_group_decorator' retrieved from /home/vscode/.local/lib/python3.11/site-packages/airflow/example_dags/example_task_group_decorator.py
[2026-05-23T11:44:31.745+0000] {logging_mixin.py:188} INFO - [2026-05-23T11:44:31.744+0000] {dag.py:3096} INFO - Sync 1 DAGs
[2026-05-23T11:44:31.769+0000] {logging_mixin.py:188} INFO - [2026-05-23T11:44:31.768+0000] {dag.py:3954} INFO - Setting next_dagrun for example_task_group_decorator to 2026-05-22 00:00:00+00:00, run_after=2026-05-23 00:00:00+00:00
[2026-05-23T11:44:31.788+0000] {processor.py:183} INFO - Processing /home/vscode/.local/lib/python3.11/site-packages/airflow/example_dags/example_task_group_decorator.py took 0.089 seconds
[2026-05-23T11:45:15.849+0000] {processor.py:161} INFO - Started process (PID=14369) to work on /home/vscode/.local/lib/python3.11/site-packages/airflow/example_dags/example_task_group_decorator.py
[2026-05-23T11:45:15.850+0000] {processor.py:830} INFO - Processing file /home/vscode/.local/lib/python3.11/site-packages/airflow/example_dags/example_task_group_decorator.py for tasks to queue
[2026-05-23T11:45:15.850+0000] {logging_mixin.py:188} INFO - [2026-05-23T11:45:15.850+0000] {dagbag.py:545} INFO - Filling up the DagBag from /home/vscode/.local/lib/python3.11/site-packages/airflow/example_dags/example_task_group_decorator.py
[2026-05-23T11:45:15.862+0000] {processor.py:840} INFO - DAG(s) 'example_task_group_decorator' retrieved from /home/vscode/.local/lib/python3.11/site-packages/airflow/example_dags/example_task_group_decorator.py
[2026-05-23T11:45:15.878+0000] {logging_mixin.py:188} INFO - [2026-05-23T11:45:15.878+0000] {dag.py:3096} INFO - Sync 1 DAGs
[2026-05-23T11:45:15.891+0000] {logging_mixin.py:188} INFO - [2026-05-23T11:45:15.891+0000] {dag.py:3954} INFO - Setting next_dagrun for example_task_group_decorator to 2026-05-22 00:00:00+00:00, run_after=2026-05-23 00:00:00+00:00
[2026-05-23T11:45:15.907+0000] {processor.py:183} INFO - Processing /home/vscode/.local/lib/python3.11/site-packages/airflow/example_dags/example_task_group_decorator.py took 0.064 seconds
[2026-05-23T11:45:58.522+0000] {processor.py:161} INFO - Started process (PID=14965) to work on /home/vscode/.local/lib/python3.11/site-packages/airflow/example_dags/example_task_group_decorator.py
[2026-05-23T11:45:58.522+0000] {processor.py:830} INFO - Processing file /home/vscode/.local/lib/python3.11/site-packages/airflow/example_dags/example_task_group_decorator.py for tasks to queue
[2026-05-23T11:45:58.523+0000] {logging_mixin.py:188} INFO - [2026-05-23T11:45:58.523+0000] {dagbag.py:545} INFO - Filling up the DagBag from /home/vscode/.local/lib/python3.11/site-packages/airflow/example_dags/example_task_group_decorator.py
[2026-05-23T11:45:58.533+0000] {processor.py:840} INFO - DAG(s) 'example_task_group_decorator' retrieved from /home/vscode/.local/lib/python3.11/site-packages/airflow/example_dags/example_task_group_decorator.py
[2026-05-23T11:45:58.547+0000] {logging_mixin.py:188} INFO - [2026-05-23T11:45:58.547+0000] {dag.py:3096} INFO - Sync 1 DAGs
[2026-05-23T11:45:58.561+0000] {logging_mixin.py:188} INFO - [2026-05-23T11:45:58.560+0000] {dag.py:3954} INFO - Setting next_dagrun for example_task_group_decorator to 2026-05-22 00:00:00+00:00, run_after=2026-05-23 00:00:00+00:00
[2026-05-23T11:45:58.576+0000] {processor.py:183} INFO - Processing /home/vscode/.local/lib/python3.11/site-packages/airflow/example_dags/example_task_group_decorator.py took 0.060 seconds
[2026-05-23T11:46:37.190+0000] {processor.py:161} INFO - Started process (PID=15390) to work on /home/vscode/.local/lib/python3.11/site-packages/airflow/example_dags/example_task_group_decorator.py
[2026-05-23T11:46:37.191+0000] {processor.py:830} INFO - Processing file /home/vscode/.local/lib/python3.11/site-packages/airflow/example_dags/example_task_group_decorator.py for tasks to queue
[2026-05-23T11:46:37.191+0000] {logging_mixin.py:188} INFO - [2026-05-23T11:46:37.191+0000] {dagbag.py:545} INFO - Filling up the DagBag from /home/vscode/.local/lib/python3.11/site-packages/airflow/example_dags/example_task_group_decorator.py
[2026-05-23T11:46:37.202+0000] {processor.py:840} INFO - DAG(s) 'example_task_group_decorator' retrieved from /home/vscode/.local/lib/python3.11/site-packages/airflow/example_dags/example_task_group_decorator.py
[2026-05-23T11:46:37.218+0000] {logging_mixin.py:188} INFO - [2026-05-23T11:46:37.218+0000] {dag.py:3096} INFO - Sync 1 DAGs
[2026-05-23T11:46:37.238+0000] {logging_mixin.py:188} INFO - [2026-05-23T11:46:37.238+0000] {dag.py:3954} INFO - Setting next_dagrun for example_task_group_decorator to 2026-05-22 00:00:00+00:00, run_after=2026-05-23 00:00:00+00:00
[2026-05-23T11:46:37.261+0000] {processor.py:183} INFO - Processing /home/vscode/.local/lib/python3.11/site-packages/airflow/example_dags/example_task_group_decorator.py took 0.077 seconds
[2026-05-23T11:47:17.303+0000] {processor.py:161} INFO - Started process (PID=15709) to work on /home/vscode/.local/lib/python3.11/site-packages/airflow/example_dags/example_task_group_decorator.py
[2026-05-23T11:47:17.303+0000] {processor.py:830} INFO - Processing file /home/vscode/.local/lib/python3.11/site-packages/airflow/example_dags/example_task_group_decorator.py for tasks to queue
[2026-05-23T11:47:17.304+0000] {logging_mixin.py:188} INFO - [2026-05-23T11:47:17.303+0000] {dagbag.py:545} INFO - Filling up the DagBag from /home/vscode/.local/lib/python3.11/site-packages/airflow/example_dags/example_task_group_decorator.py
[2026-05-23T11:47:17.314+0000] {processor.py:840} INFO - DAG(s) 'example_task_group_decorator' retrieved from /home/vscode/.local/lib/python3.11/site-packages/airflow/example_dags/example_task_group_decorator.py
[2026-05-23T11:47:17.334+0000] {logging_mixin.py:188} INFO - [2026-05-23T11:47:17.334+0000] {dag.py:3096} INFO - Sync 1 DAGs
[2026-05-23T11:47:17.354+0000] {logging_mixin.py:188} INFO - [2026-05-23T11:47:17.353+0000] {dag.py:3954} INFO - Setting next_dagrun for example_task_group_decorator to 2026-05-22 00:00:00+00:00, run_after=2026-05-23 00:00:00+00:00
[2026-05-23T11:47:17.374+0000] {processor.py:183} INFO - Processing /home/vscode/.local/lib/python3.11/site-packages/airflow/example_dags/example_task_group_decorator.py took 0.077 seconds
[2026-05-23T11:48:01.341+0000] {processor.py:161} INFO - Started process (PID=16116) to work on /home/vscode/.local/lib/python3.11/site-packages/airflow/example_dags/example_task_group_decorator.py
[2026-05-23T11:48:01.342+0000] {processor.py:830} INFO - Processing file /home/vscode/.local/lib/python3.11/site-packages/airflow/example_dags/example_task_group_decorator.py for tasks to queue
[2026-05-23T11:48:01.343+0000] {logging_mixin.py:188} INFO - [2026-05-23T11:48:01.342+0000] {dagbag.py:545} INFO - Filling up the DagBag from /home/vscode/.local/lib/python3.11/site-packages/airflow/example_dags/example_task_group_decorator.py
[2026-05-23T11:48:01.353+0000] {processor.py:840} INFO - DAG(s) 'example_task_group_decorator' retrieved from /home/vscode/.local/lib/python3.11/site-packages/airflow/example_dags/example_task_group_decorator.py
[2026-05-23T11:48:01.367+0000] {logging_mixin.py:188} INFO - [2026-05-23T11:48:01.367+0000] {dag.py:3096} INFO - Sync 1 DAGs
[2026-05-23T11:48:01.381+0000] {logging_mixin.py:188} INFO - [2026-05-23T11:48:01.381+0000] {dag.py:3954} INFO - Setting next_dagrun for example_task_group_decorator to 2026-05-22 00:00:00+00:00, run_after=2026-05-23 00:00:00+00:00
[2026-05-23T11:48:01.396+0000] {processor.py:183} INFO - Processing /home/vscode/.local/lib/python3.11/site-packages/airflow/example_dags/example_task_group_decorator.py took 0.061 seconds
[2026-05-23T11:48:43.674+0000] {processor.py:161} INFO - Started process (PID=16512) to work on /home/vscode/.local/lib/python3.11/site-packages/airflow/example_dags/example_task_group_decorator.py
[2026-05-23T11:48:43.675+0000] {processor.py:830} INFO - Processing file /home/vscode/.local/lib/python3.11/site-packages/airflow/example_dags/example_task_group_decorator.py for tasks to queue
[2026-05-23T11:48:43.676+0000] {logging_mixin.py:188} INFO - [2026-05-23T11:48:43.675+0000] {dagbag.py:545} INFO - Filling up the DagBag from /home/vscode/.local/lib/python3.11/site-packages/airflow/example_dags/example_task_group_decorator.py
[2026-05-23T11:48:43.687+0000] {processor.py:840} INFO - DAG(s) 'example_task_group_decorator' retrieved from /home/vscode/.local/lib/python3.11/site-packages/airflow/example_dags/example_task_group_decorator.py
[2026-05-23T11:48:43.702+0000] {logging_mixin.py:188} INFO - [2026-05-23T11:48:43.701+0000] {dag.py:3096} INFO - Sync 1 DAGs
[2026-05-23T11:48:43.715+0000] {logging_mixin.py:188} INFO - [2026-05-23T11:48:43.714+0000] {dag.py:3954} INFO - Setting next_dagrun for example_task_group_decorator to 2026-05-22 00:00:00+00:00, run_after=2026-05-23 00:00:00+00:00
[2026-05-23T11:48:43.731+0000] {processor.py:183} INFO - Processing /home/vscode/.local/lib/python3.11/site-packages/airflow/example_dags/example_task_group_decorator.py took 0.063 seconds
[2026-05-23T11:49:24.480+0000] {processor.py:161} INFO - Started process (PID=16930) to work on /home/vscode/.local/lib/python3.11/site-packages/airflow/example_dags/example_task_group_decorator.py
[2026-05-23T11:49:24.481+0000] {processor.py:830} INFO - Processing file /home/vscode/.local/lib/python3.11/site-packages/airflow/example_dags/example_task_group_decorator.py for tasks to queue
[2026-05-23T11:49:24.482+0000] {logging_mixin.py:188} INFO - [2026-05-23T11:49:24.481+0000] {dagbag.py:545} INFO - Filling up the DagBag from /home/vscode/.local/lib/python3.11/site-packages/airflow/example_dags/example_task_group_decorator.py
[2026-05-23T11:49:24.498+0000] {processor.py:840} INFO - DAG(s) 'example_task_group_decorator' retrieved from /home/vscode/.local/lib/python3.11/site-packages/airflow/example_dags/example_task_group_decorator.py
[2026-05-23T11:49:24.513+0000] {logging_mixin.py:188} INFO - [2026-05-23T11:49:24.513+0000] {dag.py:3096} INFO - Sync 1 DAGs
[2026-05-23T11:49:24.526+0000] {logging_mixin.py:188} INFO - [2026-05-23T11:49:24.526+0000] {dag.py:3954} INFO - Setting next_dagrun for example_task_group_decorator to 2026-05-22 00:00:00+00:00, run_after=2026-05-23 00:00:00+00:00
[2026-05-23T11:49:24.541+0000] {processor.py:183} INFO - Processing /home/vscode/.local/lib/python3.11/site-packages/airflow/example_dags/example_task_group_decorator.py took 0.081 seconds
[2026-05-23T11:50:07.650+0000] {processor.py:161} INFO - Started process (PID=17552) to work on /home/vscode/.local/lib/python3.11/site-packages/airflow/example_dags/example_task_group_decorator.py
[2026-05-23T11:50:07.650+0000] {processor.py:830} INFO - Processing file /home/vscode/.local/lib/python3.11/site-packages/airflow/example_dags/example_task_group_decorator.py for tasks to queue
[2026-05-23T11:50:07.651+0000] {logging_mixin.py:188} INFO - [2026-05-23T11:50:07.651+0000] {dagbag.py:545} INFO - Filling up the DagBag from /home/vscode/.local/lib/python3.11/site-packages/airflow/example_dags/example_task_group_decorator.py
[2026-05-23T11:50:07.661+0000] {processor.py:840} INFO - DAG(s) 'example_task_group_decorator' retrieved from /home/vscode/.local/lib/python3.11/site-packages/airflow/example_dags/example_task_group_decorator.py
[2026-05-23T11:50:07.677+0000] {logging_mixin.py:188} INFO - [2026-05-23T11:50:07.677+0000] {dag.py:3096} INFO - Sync 1 DAGs
[2026-05-23T11:50:07.691+0000] {logging_mixin.py:188} INFO - [2026-05-23T11:50:07.691+0000] {dag.py:3954} INFO - Setting next_dagrun for example_task_group_decorator to 2026-05-22 00:00:00+00:00, run_after=2026-05-23 00:00:00+00:00
[2026-05-23T11:50:07.707+0000] {processor.py:183} INFO - Processing /home/vscode/.local/lib/python3.11/site-packages/airflow/example_dags/example_task_group_decorator.py took 0.064 seconds
[2026-05-23T11:50:50.039+0000] {processor.py:161} INFO - Started process (PID=18274) to work on /home/vscode/.local/lib/python3.11/site-packages/airflow/example_dags/example_task_group_decorator.py
[2026-05-23T11:50:50.040+0000] {processor.py:830} INFO - Processing file /home/vscode/.local/lib/python3.11/site-packages/airflow/example_dags/example_task_group_decorator.py for tasks to queue
[2026-05-23T11:50:50.041+0000] {logging_mixin.py:188} INFO - [2026-05-23T11:50:50.040+0000] {dagbag.py:545} INFO - Filling up the DagBag from /home/vscode/.local/lib/python3.11/site-packages/airflow/example_dags/example_task_group_decorator.py
[2026-05-23T11:50:50.051+0000] {processor.py:840} INFO - DAG(s) 'example_task_group_decorator' retrieved from /home/vscode/.local/lib/python3.11/site-packages/airflow/example_dags/example_task_group_decorator.py
[2026-05-23T11:50:50.065+0000] {logging_mixin.py:188} INFO - [2026-05-23T11:50:50.065+0000] {dag.py:3096} INFO - Sync 1 DAGs
[2026-05-23T11:50:50.079+0000] {logging_mixin.py:188} INFO - [2026-05-23T11:50:50.079+0000] {dag.py:3954} INFO - Setting next_dagrun for example_task_group_decorator to 2026-05-22 00:00:00+00:00, run_after=2026-05-23 00:00:00+00:00
[2026-05-23T11:50:50.110+0000] {processor.py:183} INFO - Processing /home/vscode/.local/lib/python3.11/site-packages/airflow/example_dags/example_task_group_decorator.py took 0.077 seconds
[2026-05-23T11:51:30.018+0000] {processor.py:161} INFO - Started process (PID=18695) to work on /home/vscode/.local/lib/python3.11/site-packages/airflow/example_dags/example_task_group_decorator.py
[2026-05-23T11:51:30.018+0000] {processor.py:830} INFO - Processing file /home/vscode/.local/lib/python3.11/site-packages/airflow/example_dags/example_task_group_decorator.py for tasks to queue
[2026-05-23T11:51:30.019+0000] {logging_mixin.py:188} INFO - [2026-05-23T11:51:30.019+0000] {dagbag.py:545} INFO - Filling up the DagBag from /home/vscode/.local/lib/python3.11/site-packages/airflow/example_dags/example_task_group_decorator.py
[2026-05-23T11:51:30.029+0000] {processor.py:840} INFO - DAG(s) 'example_task_group_decorator' retrieved from /home/vscode/.local/lib/python3.11/site-packages/airflow/example_dags/example_task_group_decorator.py
[2026-05-23T11:51:30.044+0000] {logging_mixin.py:188} INFO - [2026-05-23T11:51:30.044+0000] {dag.py:3096} INFO - Sync 1 DAGs
[2026-05-23T11:51:30.058+0000] {logging_mixin.py:188} INFO - [2026-05-23T11:51:30.058+0000] {dag.py:3954} INFO - Setting next_dagrun for example_task_group_decorator to 2026-05-22 00:00:00+00:00, run_after=2026-05-23 00:00:00+00:00
[2026-05-23T11:51:30.073+0000] {processor.py:183} INFO - Processing /home/vscode/.local/lib/python3.11/site-packages/airflow/example_dags/example_task_group_decorator.py took 0.062 seconds
[2026-05-23T11:52:11.126+0000] {processor.py:161} INFO - Started process (PID=19042) to work on /home/vscode/.local/lib/python3.11/site-packages/airflow/example_dags/example_task_group_decorator.py
[2026-05-23T11:52:11.126+0000] {processor.py:830} INFO - Processing file /home/vscode/.local/lib/python3.11/site-packages/airflow/example_dags/example_task_group_decorator.py for tasks to queue
[2026-05-23T11:52:11.127+0000] {logging_mixin.py:188} INFO - [2026-05-23T11:52:11.127+0000] {dagbag.py:545} INFO - Filling up the DagBag from /home/vscode/.local/lib/python3.11/site-packages/airflow/example_dags/example_task_group_decorator.py
[2026-05-23T11:52:11.137+0000] {processor.py:840} INFO - DAG(s) 'example_task_group_decorator' retrieved from /home/vscode/.local/lib/python3.11/site-packages/airflow/example_dags/example_task_group_decorator.py
[2026-05-23T11:52:11.153+0000] {logging_mixin.py:188} INFO - [2026-05-23T11:52:11.153+0000] {dag.py:3096} INFO - Sync 1 DAGs
[2026-05-23T11:52:11.176+0000] {logging_mixin.py:188} INFO - [2026-05-23T11:52:11.175+0000] {dag.py:3954} INFO - Setting next_dagrun for example_task_group_decorator to 2026-05-22 00:00:00+00:00, run_after=2026-05-23 00:00:00+00:00
[2026-05-23T11:52:11.192+0000] {processor.py:183} INFO - Processing /home/vscode/.local/lib/python3.11/site-packages/airflow/example_dags/example_task_group_decorator.py took 0.073 seconds
[2026-05-23T11:52:51.382+0000] {processor.py:161} INFO - Started process (PID=19484) to work on /home/vscode/.local/lib/python3.11/site-packages/airflow/example_dags/example_task_group_decorator.py
[2026-05-23T11:52:51.382+0000] {processor.py:830} INFO - Processing file /home/vscode/.local/lib/python3.11/site-packages/airflow/example_dags/example_task_group_decorator.py for tasks to queue
[2026-05-23T11:52:51.383+0000] {logging_mixin.py:188} INFO - [2026-05-23T11:52:51.383+0000] {dagbag.py:545} INFO - Filling up the DagBag from /home/vscode/.local/lib/python3.11/site-packages/airflow/example_dags/example_task_group_decorator.py
[2026-05-23T11:52:51.394+0000] {processor.py:840} INFO - DAG(s) 'example_task_group_decorator' retrieved from /home/vscode/.local/lib/python3.11/site-packages/airflow/example_dags/example_task_group_decorator.py
[2026-05-23T11:52:51.408+0000] {logging_mixin.py:188} INFO - [2026-05-23T11:52:51.408+0000] {dag.py:3096} INFO - Sync 1 DAGs
[2026-05-23T11:52:51.422+0000] {logging_mixin.py:188} INFO - [2026-05-23T11:52:51.422+0000] {dag.py:3954} INFO - Setting next_dagrun for example_task_group_decorator to 2026-05-22 00:00:00+00:00, run_after=2026-05-23 00:00:00+00:00
[2026-05-23T11:52:51.437+0000] {processor.py:183} INFO - Processing /home/vscode/.local/lib/python3.11/site-packages/airflow/example_dags/example_task_group_decorator.py took 0.061 seconds
[2026-05-23T11:53:31.490+0000] {processor.py:161} INFO - Started process (PID=19979) to work on /home/vscode/.local/lib/python3.11/site-packages/airflow/example_dags/example_task_group_decorator.py
[2026-05-23T11:53:31.490+0000] {processor.py:830} INFO - Processing file /home/vscode/.local/lib/python3.11/site-packages/airflow/example_dags/example_task_group_decorator.py for tasks to queue
[2026-05-23T11:53:31.491+0000] {logging_mixin.py:188} INFO - [2026-05-23T11:53:31.490+0000] {dagbag.py:545} INFO - Filling up the DagBag from /home/vscode/.local/lib/python3.11/site-packages/airflow/example_dags/example_task_group_decorator.py
[2026-05-23T11:53:31.501+0000] {processor.py:840} INFO - DAG(s) 'example_task_group_decorator' retrieved from /home/vscode/.local/lib/python3.11/site-packages/airflow/example_dags/example_task_group_decorator.py
[2026-05-23T11:53:31.516+0000] {logging_mixin.py:188} INFO - [2026-05-23T11:53:31.516+0000] {dag.py:3096} INFO - Sync 1 DAGs
[2026-05-23T11:53:31.529+0000] {logging_mixin.py:188} INFO - [2026-05-23T11:53:31.529+0000] {dag.py:3954} INFO - Setting next_dagrun for example_task_group_decorator to 2026-05-22 00:00:00+00:00, run_after=2026-05-23 00:00:00+00:00
[2026-05-23T11:53:31.545+0000] {processor.py:183} INFO - Processing /home/vscode/.local/lib/python3.11/site-packages/airflow/example_dags/example_task_group_decorator.py took 0.062 seconds
[2026-05-23T11:54:14.423+0000] {processor.py:161} INFO - Started process (PID=20545) to work on /home/vscode/.local/lib/python3.11/site-packages/airflow/example_dags/example_task_group_decorator.py
[2026-05-23T11:54:14.642+0000] {processor.py:830} INFO - Processing file /home/vscode/.local/lib/python3.11/site-packages/airflow/example_dags/example_task_group_decorator.py for tasks to queue
[2026-05-23T11:54:14.643+0000] {logging_mixin.py:188} INFO - [2026-05-23T11:54:14.643+0000] {dagbag.py:545} INFO - Filling up the DagBag from /home/vscode/.local/lib/python3.11/site-packages/airflow/example_dags/example_task_group_decorator.py
[2026-05-23T11:54:14.657+0000] {processor.py:840} INFO - DAG(s) 'example_task_group_decorator' retrieved from /home/vscode/.local/lib/python3.11/site-packages/airflow/example_dags/example_task_group_decorator.py
[2026-05-23T11:54:14.673+0000] {logging_mixin.py:188} INFO - [2026-05-23T11:54:14.672+0000] {dag.py:3096} INFO - Sync 1 DAGs
[2026-05-23T11:54:14.690+0000] {logging_mixin.py:188} INFO - [2026-05-23T11:54:14.690+0000] {dag.py:3954} INFO - Setting next_dagrun for example_task_group_decorator to 2026-05-22 00:00:00+00:00, run_after=2026-05-23 00:00:00+00:00
[2026-05-23T11:54:14.767+0000] {processor.py:183} INFO - Processing /home/vscode/.local/lib/python3.11/site-packages/airflow/example_dags/example_task_group_decorator.py took 0.369 seconds
[2026-05-23T11:55:00.196+0000] {processor.py:161} INFO - Started process (PID=21240) to work on /home/vscode/.local/lib/python3.11/site-packages/airflow/example_dags/example_task_group_decorator.py
[2026-05-23T11:55:00.197+0000] {processor.py:830} INFO - Processing file /home/vscode/.local/lib/python3.11/site-packages/airflow/example_dags/example_task_group_decorator.py for tasks to queue
[2026-05-23T11:55:00.199+0000] {logging_mixin.py:188} INFO - [2026-05-23T11:55:00.198+0000] {dagbag.py:545} INFO - Filling up the DagBag from /home/vscode/.local/lib/python3.11/site-packages/airflow/example_dags/example_task_group_decorator.py
[2026-05-23T11:55:00.225+0000] {processor.py:840} INFO - DAG(s) 'example_task_group_decorator' retrieved from /home/vscode/.local/lib/python3.11/site-packages/airflow/example_dags/example_task_group_decorator.py
[2026-05-23T11:55:00.252+0000] {logging_mixin.py:188} INFO - [2026-05-23T11:55:00.252+0000] {dag.py:3096} INFO - Sync 1 DAGs
[2026-05-23T11:55:00.273+0000] {logging_mixin.py:188} INFO - [2026-05-23T11:55:00.273+0000] {dag.py:3954} INFO - Setting next_dagrun for example_task_group_decorator to 2026-05-22 00:00:00+00:00, run_after=2026-05-23 00:00:00+00:00
[2026-05-23T11:55:00.310+0000] {processor.py:183} INFO - Processing /home/vscode/.local/lib/python3.11/site-packages/airflow/example_dags/example_task_group_decorator.py took 0.136 seconds
[2026-05-23T11:55:51.729+0000] {processor.py:161} INFO - Started process (PID=21918) to work on /home/vscode/.local/lib/python3.11/site-packages/airflow/example_dags/example_task_group_decorator.py
[2026-05-23T11:55:51.732+0000] {processor.py:830} INFO - Processing file /home/vscode/.local/lib/python3.11/site-packages/airflow/example_dags/example_task_group_decorator.py for tasks to queue
[2026-05-23T11:55:51.733+0000] {logging_mixin.py:188} INFO - [2026-05-23T11:55:51.733+0000] {dagbag.py:545} INFO - Filling up the DagBag from /home/vscode/.local/lib/python3.11/site-packages/airflow/example_dags/example_task_group_decorator.py
[2026-05-23T11:55:51.776+0000] {processor.py:840} INFO - DAG(s) 'example_task_group_decorator' retrieved from /home/vscode/.local/lib/python3.11/site-packages/airflow/example_dags/example_task_group_decorator.py
[2026-05-23T11:55:51.830+0000] {logging_mixin.py:188} INFO - [2026-05-23T11:55:51.830+0000] {dag.py:3096} INFO - Sync 1 DAGs
[2026-05-23T11:55:51.899+0000] {logging_mixin.py:188} INFO - [2026-05-23T11:55:51.899+0000] {dag.py:3954} INFO - Setting next_dagrun for example_task_group_decorator to 2026-05-22 00:00:00+00:00, run_after=2026-05-23 00:00:00+00:00
[2026-05-23T11:55:51.956+0000] {processor.py:183} INFO - Processing /home/vscode/.local/lib/python3.11/site-packages/airflow/example_dags/example_task_group_decorator.py took 0.243 seconds
[2026-05-23T11:56:40.906+0000] {processor.py:161} INFO - Started process (PID=22552) to work on /home/vscode/.local/lib/python3.11/site-packages/airflow/example_dags/example_task_group_decorator.py
[2026-05-23T11:56:40.907+0000] {processor.py:830} INFO - Processing file /home/vscode/.local/lib/python3.11/site-packages/airflow/example_dags/example_task_group_decorator.py for tasks to queue
[2026-05-23T11:56:40.908+0000] {logging_mixin.py:188} INFO - [2026-05-23T11:56:40.907+0000] {dagbag.py:545} INFO - Filling up the DagBag from /home/vscode/.local/lib/python3.11/site-packages/airflow/example_dags/example_task_group_decorator.py
[2026-05-23T11:56:40.927+0000] {processor.py:840} INFO - DAG(s) 'example_task_group_decorator' retrieved from /home/vscode/.local/lib/python3.11/site-packages/airflow/example_dags/example_task_group_decorator.py
[2026-05-23T11:56:40.950+0000] {logging_mixin.py:188} INFO - [2026-05-23T11:56:40.950+0000] {dag.py:3096} INFO - Sync 1 DAGs
[2026-05-23T11:56:41.003+0000] {logging_mixin.py:188} INFO - [2026-05-23T11:56:41.002+0000] {dag.py:3954} INFO - Setting next_dagrun for example_task_group_decorator to 2026-05-22 00:00:00+00:00, run_after=2026-05-23 00:00:00+00:00
[2026-05-23T11:56:41.072+0000] {processor.py:183} INFO - Processing /home/vscode/.local/lib/python3.11/site-packages/airflow/example_dags/example_task_group_decorator.py took 0.175 seconds
[2026-05-23T11:57:30.426+0000] {processor.py:161} INFO - Started process (PID=23002) to work on /home/vscode/.local/lib/python3.11/site-packages/airflow/example_dags/example_task_group_decorator.py
[2026-05-23T11:57:30.427+0000] {processor.py:830} INFO - Processing file /home/vscode/.local/lib/python3.11/site-packages/airflow/example_dags/example_task_group_decorator.py for tasks to queue
[2026-05-23T11:57:30.427+0000] {logging_mixin.py:188} INFO - [2026-05-23T11:57:30.427+0000] {dagbag.py:545} INFO - Filling up the DagBag from /home/vscode/.local/lib/python3.11/site-packages/airflow/example_dags/example_task_group_decorator.py
[2026-05-23T11:57:30.444+0000] {processor.py:840} INFO - DAG(s) 'example_task_group_decorator' retrieved from /home/vscode/.local/lib/python3.11/site-packages/airflow/example_dags/example_task_group_decorator.py
[2026-05-23T11:57:30.468+0000] {logging_mixin.py:188} INFO - [2026-05-23T11:57:30.468+0000] {dag.py:3096} INFO - Sync 1 DAGs
[2026-05-23T11:57:30.490+0000] {logging_mixin.py:188} INFO - [2026-05-23T11:57:30.489+0000] {dag.py:3954} INFO - Setting next_dagrun for example_task_group_decorator to 2026-05-22 00:00:00+00:00, run_after=2026-05-23 00:00:00+00:00
[2026-05-23T11:57:30.516+0000] {processor.py:183} INFO - Processing /home/vscode/.local/lib/python3.11/site-packages/airflow/example_dags/example_task_group_decorator.py took 0.099 seconds
[2026-05-23T11:58:21.038+0000] {processor.py:161} INFO - Started process (PID=23401) to work on /home/vscode/.local/lib/python3.11/site-packages/airflow/example_dags/example_task_group_decorator.py
[2026-05-23T11:58:21.041+0000] {processor.py:830} INFO - Processing file /home/vscode/.local/lib/python3.11/site-packages/airflow/example_dags/example_task_group_decorator.py for tasks to queue
[2026-05-23T11:58:21.042+0000] {logging_mixin.py:188} INFO - [2026-05-23T11:58:21.042+0000] {dagbag.py:545} INFO - Filling up the DagBag from /home/vscode/.local/lib/python3.11/site-packages/airflow/example_dags/example_task_group_decorator.py
[2026-05-23T11:58:21.073+0000] {processor.py:840} INFO - DAG(s) 'example_task_group_decorator' retrieved from /home/vscode/.local/lib/python3.11/site-packages/airflow/example_dags/example_task_group_decorator.py
[2026-05-23T11:58:21.109+0000] {logging_mixin.py:188} INFO - [2026-05-23T11:58:21.109+0000] {dag.py:3096} INFO - Sync 1 DAGs
[2026-05-23T11:58:21.149+0000] {logging_mixin.py:188} INFO - [2026-05-23T11:58:21.149+0000] {dag.py:3954} INFO - Setting next_dagrun for example_task_group_decorator to 2026-05-22 00:00:00+00:00, run_after=2026-05-23 00:00:00+00:00
[2026-05-23T11:58:21.192+0000] {processor.py:183} INFO - Processing /home/vscode/.local/lib/python3.11/site-packages/airflow/example_dags/example_task_group_decorator.py took 0.177 seconds
