[2026-05-23T11:26:44.786+0000] {processor.py:161} INFO - Started process (PID=3091) to work on /home/vscode/.local/lib/python3.11/site-packages/airflow/example_dags/example_sensor_decorator.py
[2026-05-23T11:26:44.786+0000] {processor.py:830} INFO - Processing file /home/vscode/.local/lib/python3.11/site-packages/airflow/example_dags/example_sensor_decorator.py for tasks to queue
[2026-05-23T11:26:44.787+0000] {logging_mixin.py:188} INFO - [2026-05-23T11:26:44.786+0000] {dagbag.py:545} INFO - Filling up the DagBag from /home/vscode/.local/lib/python3.11/site-packages/airflow/example_dags/example_sensor_decorator.py
[2026-05-23T11:26:44.791+0000] {processor.py:840} INFO - DAG(s) 'example_sensor_decorator' retrieved from /home/vscode/.local/lib/python3.11/site-packages/airflow/example_dags/example_sensor_decorator.py
[2026-05-23T11:26:44.963+0000] {logging_mixin.py:188} INFO - [2026-05-23T11:26:44.963+0000] {dag.py:3096} INFO - Sync 1 DAGs
[2026-05-23T11:26:44.969+0000] {logging_mixin.py:188} INFO - [2026-05-23T11:26:44.969+0000] {dag.py:3954} INFO - Setting next_dagrun for example_sensor_decorator to None, run_after=None
[2026-05-23T11:26:44.983+0000] {processor.py:183} INFO - Processing /home/vscode/.local/lib/python3.11/site-packages/airflow/example_dags/example_sensor_decorator.py took 0.204 seconds
[2026-05-23T11:27:44.491+0000] {processor.py:161} INFO - Started process (PID=3877) to work on /home/vscode/.local/lib/python3.11/site-packages/airflow/example_dags/example_sensor_decorator.py
[2026-05-23T11:27:44.492+0000] {processor.py:830} INFO - Processing file /home/vscode/.local/lib/python3.11/site-packages/airflow/example_dags/example_sensor_decorator.py for tasks to queue
[2026-05-23T11:27:44.492+0000] {logging_mixin.py:188} INFO - [2026-05-23T11:27:44.492+0000] {dagbag.py:545} INFO - Filling up the DagBag from /home/vscode/.local/lib/python3.11/site-packages/airflow/example_dags/example_sensor_decorator.py
[2026-05-23T11:27:44.497+0000] {processor.py:840} INFO - DAG(s) 'example_sensor_decorator' retrieved from /home/vscode/.local/lib/python3.11/site-packages/airflow/example_dags/example_sensor_decorator.py
[2026-05-23T11:27:44.508+0000] {logging_mixin.py:188} INFO - [2026-05-23T11:27:44.508+0000] {dag.py:3096} INFO - Sync 1 DAGs
[2026-05-23T11:27:44.632+0000] {logging_mixin.py:188} INFO - [2026-05-23T11:27:44.632+0000] {dag.py:3954} INFO - Setting next_dagrun for example_sensor_decorator to None, run_after=None
[2026-05-23T11:27:44.651+0000] {processor.py:183} INFO - Processing /home/vscode/.local/lib/python3.11/site-packages/airflow/example_dags/example_sensor_decorator.py took 0.166 seconds
[2026-05-23T11:28:37.487+0000] {processor.py:161} INFO - Started process (PID=4526) to work on /home/vscode/.local/lib/python3.11/site-packages/airflow/example_dags/example_sensor_decorator.py
[2026-05-23T11:28:37.487+0000] {processor.py:830} INFO - Processing file /home/vscode/.local/lib/python3.11/site-packages/airflow/example_dags/example_sensor_decorator.py for tasks to queue
[2026-05-23T11:28:37.488+0000] {logging_mixin.py:188} INFO - [2026-05-23T11:28:37.488+0000] {dagbag.py:545} INFO - Filling up the DagBag from /home/vscode/.local/lib/python3.11/site-packages/airflow/example_dags/example_sensor_decorator.py
[2026-05-23T11:28:37.495+0000] {processor.py:840} INFO - DAG(s) 'example_sensor_decorator' retrieved from /home/vscode/.local/lib/python3.11/site-packages/airflow/example_dags/example_sensor_decorator.py
[2026-05-23T11:28:37.508+0000] {logging_mixin.py:188} INFO - [2026-05-23T11:28:37.508+0000] {dag.py:3096} INFO - Sync 1 DAGs
[2026-05-23T11:28:37.516+0000] {logging_mixin.py:188} INFO - [2026-05-23T11:28:37.516+0000] {dag.py:3954} INFO - Setting next_dagrun for example_sensor_decorator to None, run_after=None
[2026-05-23T11:28:37.532+0000] {processor.py:183} INFO - Processing /home/vscode/.local/lib/python3.11/site-packages/airflow/example_dags/example_sensor_decorator.py took 0.055 seconds
[2026-05-23T11:29:27.874+0000] {processor.py:161} INFO - Started process (PID=4973) to work on /home/vscode/.local/lib/python3.11/site-packages/airflow/example_dags/example_sensor_decorator.py
[2026-05-23T11:29:27.875+0000] {processor.py:830} INFO - Processing file /home/vscode/.local/lib/python3.11/site-packages/airflow/example_dags/example_sensor_decorator.py for tasks to queue
[2026-05-23T11:29:27.876+0000] {logging_mixin.py:188} INFO - [2026-05-23T11:29:27.875+0000] {dagbag.py:545} INFO - Filling up the DagBag from /home/vscode/.local/lib/python3.11/site-packages/airflow/example_dags/example_sensor_decorator.py
[2026-05-23T11:29:27.880+0000] {processor.py:840} INFO - DAG(s) 'example_sensor_decorator' retrieved from /home/vscode/.local/lib/python3.11/site-packages/airflow/example_dags/example_sensor_decorator.py
[2026-05-23T11:29:27.891+0000] {logging_mixin.py:188} INFO - [2026-05-23T11:29:27.891+0000] {dag.py:3096} INFO - Sync 1 DAGs
[2026-05-23T11:29:27.899+0000] {logging_mixin.py:188} INFO - [2026-05-23T11:29:27.899+0000] {dag.py:3954} INFO - Setting next_dagrun for example_sensor_decorator to None, run_after=None
[2026-05-23T11:29:27.914+0000] {processor.py:183} INFO - Processing /home/vscode/.local/lib/python3.11/site-packages/airflow/example_dags/example_sensor_decorator.py took 0.046 seconds
[2026-05-23T11:30:13.139+0000] {processor.py:161} INFO - Started process (PID=5372) to work on /home/vscode/.local/lib/python3.11/site-packages/airflow/example_dags/example_sensor_decorator.py
[2026-05-23T11:30:13.140+0000] {processor.py:830} INFO - Processing file /home/vscode/.local/lib/python3.11/site-packages/airflow/example_dags/example_sensor_decorator.py for tasks to queue
[2026-05-23T11:30:13.140+0000] {logging_mixin.py:188} INFO - [2026-05-23T11:30:13.140+0000] {dagbag.py:545} INFO - Filling up the DagBag from /home/vscode/.local/lib/python3.11/site-packages/airflow/example_dags/example_sensor_decorator.py
[2026-05-23T11:30:13.144+0000] {processor.py:840} INFO - DAG(s) 'example_sensor_decorator' retrieved from /home/vscode/.local/lib/python3.11/site-packages/airflow/example_dags/example_sensor_decorator.py
[2026-05-23T11:30:13.155+0000] {logging_mixin.py:188} INFO - [2026-05-23T11:30:13.155+0000] {dag.py:3096} INFO - Sync 1 DAGs
[2026-05-23T11:30:13.164+0000] {logging_mixin.py:188} INFO - [2026-05-23T11:30:13.164+0000] {dag.py:3954} INFO - Setting next_dagrun for example_sensor_decorator to None, run_after=None
[2026-05-23T11:30:13.179+0000] {processor.py:183} INFO - Processing /home/vscode/.local/lib/python3.11/site-packages/airflow/example_dags/example_sensor_decorator.py took 0.046 seconds
[2026-05-23T11:31:14.027+0000] {processor.py:161} INFO - Started process (PID=5908) to work on /home/vscode/.local/lib/python3.11/site-packages/airflow/example_dags/example_sensor_decorator.py
[2026-05-23T11:31:14.028+0000] {processor.py:830} INFO - Processing file /home/vscode/.local/lib/python3.11/site-packages/airflow/example_dags/example_sensor_decorator.py for tasks to queue
[2026-05-23T11:31:14.028+0000] {logging_mixin.py:188} INFO - [2026-05-23T11:31:14.028+0000] {dagbag.py:545} INFO - Filling up the DagBag from /home/vscode/.local/lib/python3.11/site-packages/airflow/example_dags/example_sensor_decorator.py
[2026-05-23T11:31:14.033+0000] {processor.py:840} INFO - DAG(s) 'example_sensor_decorator' retrieved from /home/vscode/.local/lib/python3.11/site-packages/airflow/example_dags/example_sensor_decorator.py
[2026-05-23T11:31:14.045+0000] {logging_mixin.py:188} INFO - [2026-05-23T11:31:14.044+0000] {dag.py:3096} INFO - Sync 1 DAGs
[2026-05-23T11:31:14.053+0000] {logging_mixin.py:188} INFO - [2026-05-23T11:31:14.053+0000] {dag.py:3954} INFO - Setting next_dagrun for example_sensor_decorator to None, run_after=None
[2026-05-23T11:31:14.069+0000] {processor.py:183} INFO - Processing /home/vscode/.local/lib/python3.11/site-packages/airflow/example_dags/example_sensor_decorator.py took 0.049 seconds
[2026-05-23T11:32:17.351+0000] {processor.py:161} INFO - Started process (PID=6536) to work on /home/vscode/.local/lib/python3.11/site-packages/airflow/example_dags/example_sensor_decorator.py
[2026-05-23T11:32:17.351+0000] {processor.py:830} INFO - Processing file /home/vscode/.local/lib/python3.11/site-packages/airflow/example_dags/example_sensor_decorator.py for tasks to queue
[2026-05-23T11:32:17.352+0000] {logging_mixin.py:188} INFO - [2026-05-23T11:32:17.352+0000] {dagbag.py:545} INFO - Filling up the DagBag from /home/vscode/.local/lib/python3.11/site-packages/airflow/example_dags/example_sensor_decorator.py
[2026-05-23T11:32:17.362+0000] {processor.py:840} INFO - DAG(s) 'example_sensor_decorator' retrieved from /home/vscode/.local/lib/python3.11/site-packages/airflow/example_dags/example_sensor_decorator.py
[2026-05-23T11:32:17.380+0000] {logging_mixin.py:188} INFO - [2026-05-23T11:32:17.380+0000] {dag.py:3096} INFO - Sync 1 DAGs
[2026-05-23T11:32:17.392+0000] {logging_mixin.py:188} INFO - [2026-05-23T11:32:17.392+0000] {dag.py:3954} INFO - Setting next_dagrun for example_sensor_decorator to None, run_after=None
[2026-05-23T11:32:17.419+0000] {processor.py:183} INFO - Processing /home/vscode/.local/lib/python3.11/site-packages/airflow/example_dags/example_sensor_decorator.py took 0.084 seconds
[2026-05-23T11:33:24.063+0000] {processor.py:161} INFO - Started process (PID=8302) to work on /home/vscode/.local/lib/python3.11/site-packages/airflow/example_dags/example_sensor_decorator.py
[2026-05-23T11:33:24.064+0000] {processor.py:830} INFO - Processing file /home/vscode/.local/lib/python3.11/site-packages/airflow/example_dags/example_sensor_decorator.py for tasks to queue
[2026-05-23T11:33:24.065+0000] {logging_mixin.py:188} INFO - [2026-05-23T11:33:24.064+0000] {dagbag.py:545} INFO - Filling up the DagBag from /home/vscode/.local/lib/python3.11/site-packages/airflow/example_dags/example_sensor_decorator.py
[2026-05-23T11:33:24.069+0000] {processor.py:840} INFO - DAG(s) 'example_sensor_decorator' retrieved from /home/vscode/.local/lib/python3.11/site-packages/airflow/example_dags/example_sensor_decorator.py
[2026-05-23T11:33:24.081+0000] {logging_mixin.py:188} INFO - [2026-05-23T11:33:24.081+0000] {dag.py:3096} INFO - Sync 1 DAGs
[2026-05-23T11:33:24.089+0000] {logging_mixin.py:188} INFO - [2026-05-23T11:33:24.089+0000] {dag.py:3954} INFO - Setting next_dagrun for example_sensor_decorator to None, run_after=None
[2026-05-23T11:33:24.105+0000] {processor.py:183} INFO - Processing /home/vscode/.local/lib/python3.11/site-packages/airflow/example_dags/example_sensor_decorator.py took 0.051 seconds
[2026-05-23T11:34:10.295+0000] {processor.py:161} INFO - Started process (PID=8552) to work on /home/vscode/.local/lib/python3.11/site-packages/airflow/example_dags/example_sensor_decorator.py
[2026-05-23T11:34:10.296+0000] {processor.py:830} INFO - Processing file /home/vscode/.local/lib/python3.11/site-packages/airflow/example_dags/example_sensor_decorator.py for tasks to queue
[2026-05-23T11:34:10.297+0000] {logging_mixin.py:188} INFO - [2026-05-23T11:34:10.296+0000] {dagbag.py:545} INFO - Filling up the DagBag from /home/vscode/.local/lib/python3.11/site-packages/airflow/example_dags/example_sensor_decorator.py
[2026-05-23T11:34:10.303+0000] {processor.py:840} INFO - DAG(s) 'example_sensor_decorator' retrieved from /home/vscode/.local/lib/python3.11/site-packages/airflow/example_dags/example_sensor_decorator.py
[2026-05-23T11:34:10.314+0000] {logging_mixin.py:188} INFO - [2026-05-23T11:34:10.314+0000] {dag.py:3096} INFO - Sync 1 DAGs
[2026-05-23T11:34:10.322+0000] {logging_mixin.py:188} INFO - [2026-05-23T11:34:10.322+0000] {dag.py:3954} INFO - Setting next_dagrun for example_sensor_decorator to None, run_after=None
[2026-05-23T11:34:10.337+0000] {processor.py:183} INFO - Processing /home/vscode/.local/lib/python3.11/site-packages/airflow/example_dags/example_sensor_decorator.py took 0.051 seconds
[2026-05-23T11:34:55.367+0000] {processor.py:161} INFO - Started process (PID=8897) to work on /home/vscode/.local/lib/python3.11/site-packages/airflow/example_dags/example_sensor_decorator.py
[2026-05-23T11:34:55.368+0000] {processor.py:830} INFO - Processing file /home/vscode/.local/lib/python3.11/site-packages/airflow/example_dags/example_sensor_decorator.py for tasks to queue
[2026-05-23T11:34:55.368+0000] {logging_mixin.py:188} INFO - [2026-05-23T11:34:55.368+0000] {dagbag.py:545} INFO - Filling up the DagBag from /home/vscode/.local/lib/python3.11/site-packages/airflow/example_dags/example_sensor_decorator.py
[2026-05-23T11:34:55.372+0000] {processor.py:840} INFO - DAG(s) 'example_sensor_decorator' retrieved from /home/vscode/.local/lib/python3.11/site-packages/airflow/example_dags/example_sensor_decorator.py
[2026-05-23T11:34:55.384+0000] {logging_mixin.py:188} INFO - [2026-05-23T11:34:55.384+0000] {dag.py:3096} INFO - Sync 1 DAGs
[2026-05-23T11:34:55.394+0000] {logging_mixin.py:188} INFO - [2026-05-23T11:34:55.393+0000] {dag.py:3954} INFO - Setting next_dagrun for example_sensor_decorator to None, run_after=None
[2026-05-23T11:34:55.409+0000] {processor.py:183} INFO - Processing /home/vscode/.local/lib/python3.11/site-packages/airflow/example_dags/example_sensor_decorator.py took 0.049 seconds
[2026-05-23T11:35:39.124+0000] {processor.py:161} INFO - Started process (PID=9250) to work on /home/vscode/.local/lib/python3.11/site-packages/airflow/example_dags/example_sensor_decorator.py
[2026-05-23T11:35:39.125+0000] {processor.py:830} INFO - Processing file /home/vscode/.local/lib/python3.11/site-packages/airflow/example_dags/example_sensor_decorator.py for tasks to queue
[2026-05-23T11:35:39.126+0000] {logging_mixin.py:188} INFO - [2026-05-23T11:35:39.125+0000] {dagbag.py:545} INFO - Filling up the DagBag from /home/vscode/.local/lib/python3.11/site-packages/airflow/example_dags/example_sensor_decorator.py
[2026-05-23T11:35:39.130+0000] {processor.py:840} INFO - DAG(s) 'example_sensor_decorator' retrieved from /home/vscode/.local/lib/python3.11/site-packages/airflow/example_dags/example_sensor_decorator.py
[2026-05-23T11:35:39.141+0000] {logging_mixin.py:188} INFO - [2026-05-23T11:35:39.141+0000] {dag.py:3096} INFO - Sync 1 DAGs
[2026-05-23T11:35:39.149+0000] {logging_mixin.py:188} INFO - [2026-05-23T11:35:39.149+0000] {dag.py:3954} INFO - Setting next_dagrun for example_sensor_decorator to None, run_after=None
[2026-05-23T11:35:39.165+0000] {processor.py:183} INFO - Processing /home/vscode/.local/lib/python3.11/site-packages/airflow/example_dags/example_sensor_decorator.py took 0.047 seconds
[2026-05-23T11:36:42.427+0000] {processor.py:161} INFO - Started process (PID=9853) to work on /home/vscode/.local/lib/python3.11/site-packages/airflow/example_dags/example_sensor_decorator.py
[2026-05-23T11:36:42.428+0000] {processor.py:830} INFO - Processing file /home/vscode/.local/lib/python3.11/site-packages/airflow/example_dags/example_sensor_decorator.py for tasks to queue
[2026-05-23T11:36:42.428+0000] {logging_mixin.py:188} INFO - [2026-05-23T11:36:42.428+0000] {dagbag.py:545} INFO - Filling up the DagBag from /home/vscode/.local/lib/python3.11/site-packages/airflow/example_dags/example_sensor_decorator.py
[2026-05-23T11:36:42.432+0000] {processor.py:840} INFO - DAG(s) 'example_sensor_decorator' retrieved from /home/vscode/.local/lib/python3.11/site-packages/airflow/example_dags/example_sensor_decorator.py
[2026-05-23T11:36:42.443+0000] {logging_mixin.py:188} INFO - [2026-05-23T11:36:42.443+0000] {dag.py:3096} INFO - Sync 1 DAGs
[2026-05-23T11:36:42.451+0000] {logging_mixin.py:188} INFO - [2026-05-23T11:36:42.451+0000] {dag.py:3954} INFO - Setting next_dagrun for example_sensor_decorator to None, run_after=None
[2026-05-23T11:36:42.466+0000] {processor.py:183} INFO - Processing /home/vscode/.local/lib/python3.11/site-packages/airflow/example_dags/example_sensor_decorator.py took 0.045 seconds
[2026-05-23T11:37:29.069+0000] {processor.py:161} INFO - Started process (PID=10271) to work on /home/vscode/.local/lib/python3.11/site-packages/airflow/example_dags/example_sensor_decorator.py
[2026-05-23T11:37:29.070+0000] {processor.py:830} INFO - Processing file /home/vscode/.local/lib/python3.11/site-packages/airflow/example_dags/example_sensor_decorator.py for tasks to queue
[2026-05-23T11:37:29.070+0000] {logging_mixin.py:188} INFO - [2026-05-23T11:37:29.070+0000] {dagbag.py:545} INFO - Filling up the DagBag from /home/vscode/.local/lib/python3.11/site-packages/airflow/example_dags/example_sensor_decorator.py
[2026-05-23T11:37:29.075+0000] {processor.py:840} INFO - DAG(s) 'example_sensor_decorator' retrieved from /home/vscode/.local/lib/python3.11/site-packages/airflow/example_dags/example_sensor_decorator.py
[2026-05-23T11:37:29.086+0000] {logging_mixin.py:188} INFO - [2026-05-23T11:37:29.086+0000] {dag.py:3096} INFO - Sync 1 DAGs
[2026-05-23T11:37:29.094+0000] {logging_mixin.py:188} INFO - [2026-05-23T11:37:29.094+0000] {dag.py:3954} INFO - Setting next_dagrun for example_sensor_decorator to None, run_after=None
[2026-05-23T11:37:29.111+0000] {processor.py:183} INFO - Processing /home/vscode/.local/lib/python3.11/site-packages/airflow/example_dags/example_sensor_decorator.py took 0.048 seconds
[2026-05-23T11:38:13.140+0000] {processor.py:161} INFO - Started process (PID=10603) to work on /home/vscode/.local/lib/python3.11/site-packages/airflow/example_dags/example_sensor_decorator.py
[2026-05-23T11:38:13.141+0000] {processor.py:830} INFO - Processing file /home/vscode/.local/lib/python3.11/site-packages/airflow/example_dags/example_sensor_decorator.py for tasks to queue
[2026-05-23T11:38:13.141+0000] {logging_mixin.py:188} INFO - [2026-05-23T11:38:13.141+0000] {dagbag.py:545} INFO - Filling up the DagBag from /home/vscode/.local/lib/python3.11/site-packages/airflow/example_dags/example_sensor_decorator.py
[2026-05-23T11:38:13.145+0000] {processor.py:840} INFO - DAG(s) 'example_sensor_decorator' retrieved from /home/vscode/.local/lib/python3.11/site-packages/airflow/example_dags/example_sensor_decorator.py
[2026-05-23T11:38:13.157+0000] {logging_mixin.py:188} INFO - [2026-05-23T11:38:13.157+0000] {dag.py:3096} INFO - Sync 1 DAGs
[2026-05-23T11:38:13.165+0000] {logging_mixin.py:188} INFO - [2026-05-23T11:38:13.165+0000] {dag.py:3954} INFO - Setting next_dagrun for example_sensor_decorator to None, run_after=None
[2026-05-23T11:38:13.180+0000] {processor.py:183} INFO - Processing /home/vscode/.local/lib/python3.11/site-packages/airflow/example_dags/example_sensor_decorator.py took 0.047 seconds
[2026-05-23T11:39:15.902+0000] {processor.py:161} INFO - Started process (PID=11109) to work on /home/vscode/.local/lib/python3.11/site-packages/airflow/example_dags/example_sensor_decorator.py
[2026-05-23T11:39:15.902+0000] {processor.py:830} INFO - Processing file /home/vscode/.local/lib/python3.11/site-packages/airflow/example_dags/example_sensor_decorator.py for tasks to queue
[2026-05-23T11:39:15.903+0000] {logging_mixin.py:188} INFO - [2026-05-23T11:39:15.903+0000] {dagbag.py:545} INFO - Filling up the DagBag from /home/vscode/.local/lib/python3.11/site-packages/airflow/example_dags/example_sensor_decorator.py
[2026-05-23T11:39:15.907+0000] {processor.py:840} INFO - DAG(s) 'example_sensor_decorator' retrieved from /home/vscode/.local/lib/python3.11/site-packages/airflow/example_dags/example_sensor_decorator.py
[2026-05-23T11:39:15.921+0000] {logging_mixin.py:188} INFO - [2026-05-23T11:39:15.921+0000] {dag.py:3096} INFO - Sync 1 DAGs
[2026-05-23T11:39:15.947+0000] {logging_mixin.py:188} INFO - [2026-05-23T11:39:15.946+0000] {dag.py:3954} INFO - Setting next_dagrun for example_sensor_decorator to None, run_after=None
[2026-05-23T11:39:15.976+0000] {processor.py:183} INFO - Processing /home/vscode/.local/lib/python3.11/site-packages/airflow/example_dags/example_sensor_decorator.py took 0.081 seconds
[2026-05-23T11:40:17.599+0000] {processor.py:161} INFO - Started process (PID=11683) to work on /home/vscode/.local/lib/python3.11/site-packages/airflow/example_dags/example_sensor_decorator.py
[2026-05-23T11:40:17.600+0000] {processor.py:830} INFO - Processing file /home/vscode/.local/lib/python3.11/site-packages/airflow/example_dags/example_sensor_decorator.py for tasks to queue
[2026-05-23T11:40:17.601+0000] {logging_mixin.py:188} INFO - [2026-05-23T11:40:17.600+0000] {dagbag.py:545} INFO - Filling up the DagBag from /home/vscode/.local/lib/python3.11/site-packages/airflow/example_dags/example_sensor_decorator.py
[2026-05-23T11:40:17.606+0000] {processor.py:840} INFO - DAG(s) 'example_sensor_decorator' retrieved from /home/vscode/.local/lib/python3.11/site-packages/airflow/example_dags/example_sensor_decorator.py
[2026-05-23T11:40:17.618+0000] {logging_mixin.py:188} INFO - [2026-05-23T11:40:17.618+0000] {dag.py:3096} INFO - Sync 1 DAGs
[2026-05-23T11:40:17.628+0000] {logging_mixin.py:188} INFO - [2026-05-23T11:40:17.628+0000] {dag.py:3954} INFO - Setting next_dagrun for example_sensor_decorator to None, run_after=None
[2026-05-23T11:40:17.644+0000] {processor.py:183} INFO - Processing /home/vscode/.local/lib/python3.11/site-packages/airflow/example_dags/example_sensor_decorator.py took 0.069 seconds
[2026-05-23T11:41:20.670+0000] {processor.py:161} INFO - Started process (PID=12202) to work on /home/vscode/.local/lib/python3.11/site-packages/airflow/example_dags/example_sensor_decorator.py
[2026-05-23T11:41:20.670+0000] {processor.py:830} INFO - Processing file /home/vscode/.local/lib/python3.11/site-packages/airflow/example_dags/example_sensor_decorator.py for tasks to queue
[2026-05-23T11:41:20.671+0000] {logging_mixin.py:188} INFO - [2026-05-23T11:41:20.670+0000] {dagbag.py:545} INFO - Filling up the DagBag from /home/vscode/.local/lib/python3.11/site-packages/airflow/example_dags/example_sensor_decorator.py
[2026-05-23T11:41:20.675+0000] {processor.py:840} INFO - DAG(s) 'example_sensor_decorator' retrieved from /home/vscode/.local/lib/python3.11/site-packages/airflow/example_dags/example_sensor_decorator.py
[2026-05-23T11:41:20.686+0000] {logging_mixin.py:188} INFO - [2026-05-23T11:41:20.685+0000] {dag.py:3096} INFO - Sync 1 DAGs
[2026-05-23T11:41:20.693+0000] {logging_mixin.py:188} INFO - [2026-05-23T11:41:20.693+0000] {dag.py:3954} INFO - Setting next_dagrun for example_sensor_decorator to None, run_after=None
[2026-05-23T11:41:20.711+0000] {processor.py:183} INFO - Processing /home/vscode/.local/lib/python3.11/site-packages/airflow/example_dags/example_sensor_decorator.py took 0.047 seconds
[2026-05-23T11:42:04.775+0000] {processor.py:161} INFO - Started process (PID=12660) to work on /home/vscode/.local/lib/python3.11/site-packages/airflow/example_dags/example_sensor_decorator.py
[2026-05-23T11:42:04.776+0000] {processor.py:830} INFO - Processing file /home/vscode/.local/lib/python3.11/site-packages/airflow/example_dags/example_sensor_decorator.py for tasks to queue
[2026-05-23T11:42:04.776+0000] {logging_mixin.py:188} INFO - [2026-05-23T11:42:04.776+0000] {dagbag.py:545} INFO - Filling up the DagBag from /home/vscode/.local/lib/python3.11/site-packages/airflow/example_dags/example_sensor_decorator.py
[2026-05-23T11:42:04.781+0000] {processor.py:840} INFO - DAG(s) 'example_sensor_decorator' retrieved from /home/vscode/.local/lib/python3.11/site-packages/airflow/example_dags/example_sensor_decorator.py
[2026-05-23T11:42:04.792+0000] {logging_mixin.py:188} INFO - [2026-05-23T11:42:04.792+0000] {dag.py:3096} INFO - Sync 1 DAGs
[2026-05-23T11:42:04.799+0000] {logging_mixin.py:188} INFO - [2026-05-23T11:42:04.799+0000] {dag.py:3954} INFO - Setting next_dagrun for example_sensor_decorator to None, run_after=None
[2026-05-23T11:42:04.815+0000] {processor.py:183} INFO - Processing /home/vscode/.local/lib/python3.11/site-packages/airflow/example_dags/example_sensor_decorator.py took 0.046 seconds
[2026-05-23T11:43:10.137+0000] {processor.py:161} INFO - Started process (PID=13262) to work on /home/vscode/.local/lib/python3.11/site-packages/airflow/example_dags/example_sensor_decorator.py
[2026-05-23T11:43:10.137+0000] {processor.py:830} INFO - Processing file /home/vscode/.local/lib/python3.11/site-packages/airflow/example_dags/example_sensor_decorator.py for tasks to queue
[2026-05-23T11:43:10.138+0000] {logging_mixin.py:188} INFO - [2026-05-23T11:43:10.138+0000] {dagbag.py:545} INFO - Filling up the DagBag from /home/vscode/.local/lib/python3.11/site-packages/airflow/example_dags/example_sensor_decorator.py
[2026-05-23T11:43:10.142+0000] {processor.py:840} INFO - DAG(s) 'example_sensor_decorator' retrieved from /home/vscode/.local/lib/python3.11/site-packages/airflow/example_dags/example_sensor_decorator.py
[2026-05-23T11:43:10.154+0000] {logging_mixin.py:188} INFO - [2026-05-23T11:43:10.154+0000] {dag.py:3096} INFO - Sync 1 DAGs
[2026-05-23T11:43:10.162+0000] {logging_mixin.py:188} INFO - [2026-05-23T11:43:10.162+0000] {dag.py:3954} INFO - Setting next_dagrun for example_sensor_decorator to None, run_after=None
[2026-05-23T11:43:10.183+0000] {processor.py:183} INFO - Processing /home/vscode/.local/lib/python3.11/site-packages/airflow/example_dags/example_sensor_decorator.py took 0.052 seconds
[2026-05-23T11:43:54.386+0000] {processor.py:161} INFO - Started process (PID=13662) to work on /home/vscode/.local/lib/python3.11/site-packages/airflow/example_dags/example_sensor_decorator.py
[2026-05-23T11:43:54.386+0000] {processor.py:830} INFO - Processing file /home/vscode/.local/lib/python3.11/site-packages/airflow/example_dags/example_sensor_decorator.py for tasks to queue
[2026-05-23T11:43:54.387+0000] {logging_mixin.py:188} INFO - [2026-05-23T11:43:54.387+0000] {dagbag.py:545} INFO - Filling up the DagBag from /home/vscode/.local/lib/python3.11/site-packages/airflow/example_dags/example_sensor_decorator.py
[2026-05-23T11:43:54.391+0000] {processor.py:840} INFO - DAG(s) 'example_sensor_decorator' retrieved from /home/vscode/.local/lib/python3.11/site-packages/airflow/example_dags/example_sensor_decorator.py
[2026-05-23T11:43:54.402+0000] {logging_mixin.py:188} INFO - [2026-05-23T11:43:54.402+0000] {dag.py:3096} INFO - Sync 1 DAGs
[2026-05-23T11:43:54.410+0000] {logging_mixin.py:188} INFO - [2026-05-23T11:43:54.410+0000] {dag.py:3954} INFO - Setting next_dagrun for example_sensor_decorator to None, run_after=None
[2026-05-23T11:43:54.425+0000] {processor.py:183} INFO - Processing /home/vscode/.local/lib/python3.11/site-packages/airflow/example_dags/example_sensor_decorator.py took 0.046 seconds
[2026-05-23T11:44:38.453+0000] {processor.py:161} INFO - Started process (PID=14069) to work on /home/vscode/.local/lib/python3.11/site-packages/airflow/example_dags/example_sensor_decorator.py
[2026-05-23T11:44:38.454+0000] {processor.py:830} INFO - Processing file /home/vscode/.local/lib/python3.11/site-packages/airflow/example_dags/example_sensor_decorator.py for tasks to queue
[2026-05-23T11:44:38.455+0000] {logging_mixin.py:188} INFO - [2026-05-23T11:44:38.454+0000] {dagbag.py:545} INFO - Filling up the DagBag from /home/vscode/.local/lib/python3.11/site-packages/airflow/example_dags/example_sensor_decorator.py
[2026-05-23T11:44:38.459+0000] {processor.py:840} INFO - DAG(s) 'example_sensor_decorator' retrieved from /home/vscode/.local/lib/python3.11/site-packages/airflow/example_dags/example_sensor_decorator.py
[2026-05-23T11:44:38.469+0000] {logging_mixin.py:188} INFO - [2026-05-23T11:44:38.469+0000] {dag.py:3096} INFO - Sync 1 DAGs
[2026-05-23T11:44:38.477+0000] {logging_mixin.py:188} INFO - [2026-05-23T11:44:38.477+0000] {dag.py:3954} INFO - Setting next_dagrun for example_sensor_decorator to None, run_after=None
[2026-05-23T11:44:38.493+0000] {processor.py:183} INFO - Processing /home/vscode/.local/lib/python3.11/site-packages/airflow/example_dags/example_sensor_decorator.py took 0.045 seconds
[2026-05-23T11:45:21.620+0000] {processor.py:161} INFO - Started process (PID=14434) to work on /home/vscode/.local/lib/python3.11/site-packages/airflow/example_dags/example_sensor_decorator.py
[2026-05-23T11:45:21.620+0000] {processor.py:830} INFO - Processing file /home/vscode/.local/lib/python3.11/site-packages/airflow/example_dags/example_sensor_decorator.py for tasks to queue
[2026-05-23T11:45:21.621+0000] {logging_mixin.py:188} INFO - [2026-05-23T11:45:21.621+0000] {dagbag.py:545} INFO - Filling up the DagBag from /home/vscode/.local/lib/python3.11/site-packages/airflow/example_dags/example_sensor_decorator.py
[2026-05-23T11:45:21.625+0000] {processor.py:840} INFO - DAG(s) 'example_sensor_decorator' retrieved from /home/vscode/.local/lib/python3.11/site-packages/airflow/example_dags/example_sensor_decorator.py
[2026-05-23T11:45:21.636+0000] {logging_mixin.py:188} INFO - [2026-05-23T11:45:21.636+0000] {dag.py:3096} INFO - Sync 1 DAGs
[2026-05-23T11:45:21.644+0000] {logging_mixin.py:188} INFO - [2026-05-23T11:45:21.644+0000] {dag.py:3954} INFO - Setting next_dagrun for example_sensor_decorator to None, run_after=None
[2026-05-23T11:45:21.659+0000] {processor.py:183} INFO - Processing /home/vscode/.local/lib/python3.11/site-packages/airflow/example_dags/example_sensor_decorator.py took 0.045 seconds
[2026-05-23T11:46:21.750+0000] {processor.py:161} INFO - Started process (PID=15136) to work on /home/vscode/.local/lib/python3.11/site-packages/airflow/example_dags/example_sensor_decorator.py
[2026-05-23T11:46:21.751+0000] {processor.py:830} INFO - Processing file /home/vscode/.local/lib/python3.11/site-packages/airflow/example_dags/example_sensor_decorator.py for tasks to queue
[2026-05-23T11:46:21.751+0000] {logging_mixin.py:188} INFO - [2026-05-23T11:46:21.751+0000] {dagbag.py:545} INFO - Filling up the DagBag from /home/vscode/.local/lib/python3.11/site-packages/airflow/example_dags/example_sensor_decorator.py
[2026-05-23T11:46:21.755+0000] {processor.py:840} INFO - DAG(s) 'example_sensor_decorator' retrieved from /home/vscode/.local/lib/python3.11/site-packages/airflow/example_dags/example_sensor_decorator.py
[2026-05-23T11:46:21.766+0000] {logging_mixin.py:188} INFO - [2026-05-23T11:46:21.766+0000] {dag.py:3096} INFO - Sync 1 DAGs
[2026-05-23T11:46:21.775+0000] {logging_mixin.py:188} INFO - [2026-05-23T11:46:21.775+0000] {dag.py:3954} INFO - Setting next_dagrun for example_sensor_decorator to None, run_after=None
[2026-05-23T11:46:21.791+0000] {processor.py:183} INFO - Processing /home/vscode/.local/lib/python3.11/site-packages/airflow/example_dags/example_sensor_decorator.py took 0.047 seconds
[2026-05-23T11:47:21.886+0000] {processor.py:161} INFO - Started process (PID=15768) to work on /home/vscode/.local/lib/python3.11/site-packages/airflow/example_dags/example_sensor_decorator.py
[2026-05-23T11:47:21.887+0000] {processor.py:830} INFO - Processing file /home/vscode/.local/lib/python3.11/site-packages/airflow/example_dags/example_sensor_decorator.py for tasks to queue
[2026-05-23T11:47:21.887+0000] {logging_mixin.py:188} INFO - [2026-05-23T11:47:21.887+0000] {dagbag.py:545} INFO - Filling up the DagBag from /home/vscode/.local/lib/python3.11/site-packages/airflow/example_dags/example_sensor_decorator.py
[2026-05-23T11:47:21.891+0000] {processor.py:840} INFO - DAG(s) 'example_sensor_decorator' retrieved from /home/vscode/.local/lib/python3.11/site-packages/airflow/example_dags/example_sensor_decorator.py
[2026-05-23T11:47:21.905+0000] {logging_mixin.py:188} INFO - [2026-05-23T11:47:21.905+0000] {dag.py:3096} INFO - Sync 1 DAGs
[2026-05-23T11:47:21.913+0000] {logging_mixin.py:188} INFO - [2026-05-23T11:47:21.913+0000] {dag.py:3954} INFO - Setting next_dagrun for example_sensor_decorator to None, run_after=None
[2026-05-23T11:47:21.928+0000] {processor.py:183} INFO - Processing /home/vscode/.local/lib/python3.11/site-packages/airflow/example_dags/example_sensor_decorator.py took 0.048 seconds
[2026-05-23T11:48:06.478+0000] {processor.py:161} INFO - Started process (PID=16144) to work on /home/vscode/.local/lib/python3.11/site-packages/airflow/example_dags/example_sensor_decorator.py
[2026-05-23T11:48:06.478+0000] {processor.py:830} INFO - Processing file /home/vscode/.local/lib/python3.11/site-packages/airflow/example_dags/example_sensor_decorator.py for tasks to queue
[2026-05-23T11:48:06.479+0000] {logging_mixin.py:188} INFO - [2026-05-23T11:48:06.479+0000] {dagbag.py:545} INFO - Filling up the DagBag from /home/vscode/.local/lib/python3.11/site-packages/airflow/example_dags/example_sensor_decorator.py
[2026-05-23T11:48:06.483+0000] {processor.py:840} INFO - DAG(s) 'example_sensor_decorator' retrieved from /home/vscode/.local/lib/python3.11/site-packages/airflow/example_dags/example_sensor_decorator.py
[2026-05-23T11:48:06.494+0000] {logging_mixin.py:188} INFO - [2026-05-23T11:48:06.494+0000] {dag.py:3096} INFO - Sync 1 DAGs
[2026-05-23T11:48:06.502+0000] {logging_mixin.py:188} INFO - [2026-05-23T11:48:06.502+0000] {dag.py:3954} INFO - Setting next_dagrun for example_sensor_decorator to None, run_after=None
[2026-05-23T11:48:06.518+0000] {processor.py:183} INFO - Processing /home/vscode/.local/lib/python3.11/site-packages/airflow/example_dags/example_sensor_decorator.py took 0.046 seconds
[2026-05-23T11:49:06.033+0000] {processor.py:161} INFO - Started process (PID=16715) to work on /home/vscode/.local/lib/python3.11/site-packages/airflow/example_dags/example_sensor_decorator.py
[2026-05-23T11:49:06.034+0000] {processor.py:830} INFO - Processing file /home/vscode/.local/lib/python3.11/site-packages/airflow/example_dags/example_sensor_decorator.py for tasks to queue
[2026-05-23T11:49:06.035+0000] {logging_mixin.py:188} INFO - [2026-05-23T11:49:06.034+0000] {dagbag.py:545} INFO - Filling up the DagBag from /home/vscode/.local/lib/python3.11/site-packages/airflow/example_dags/example_sensor_decorator.py
[2026-05-23T11:49:06.039+0000] {processor.py:840} INFO - DAG(s) 'example_sensor_decorator' retrieved from /home/vscode/.local/lib/python3.11/site-packages/airflow/example_dags/example_sensor_decorator.py
[2026-05-23T11:49:06.050+0000] {logging_mixin.py:188} INFO - [2026-05-23T11:49:06.050+0000] {dag.py:3096} INFO - Sync 1 DAGs
[2026-05-23T11:49:06.058+0000] {logging_mixin.py:188} INFO - [2026-05-23T11:49:06.058+0000] {dag.py:3954} INFO - Setting next_dagrun for example_sensor_decorator to None, run_after=None
[2026-05-23T11:49:06.073+0000] {processor.py:183} INFO - Processing /home/vscode/.local/lib/python3.11/site-packages/airflow/example_dags/example_sensor_decorator.py took 0.046 seconds
[2026-05-23T11:49:49.475+0000] {processor.py:161} INFO - Started process (PID=17233) to work on /home/vscode/.local/lib/python3.11/site-packages/airflow/example_dags/example_sensor_decorator.py
[2026-05-23T11:49:49.476+0000] {processor.py:830} INFO - Processing file /home/vscode/.local/lib/python3.11/site-packages/airflow/example_dags/example_sensor_decorator.py for tasks to queue
[2026-05-23T11:49:49.477+0000] {logging_mixin.py:188} INFO - [2026-05-23T11:49:49.476+0000] {dagbag.py:545} INFO - Filling up the DagBag from /home/vscode/.local/lib/python3.11/site-packages/airflow/example_dags/example_sensor_decorator.py
[2026-05-23T11:49:49.482+0000] {processor.py:840} INFO - DAG(s) 'example_sensor_decorator' retrieved from /home/vscode/.local/lib/python3.11/site-packages/airflow/example_dags/example_sensor_decorator.py
[2026-05-23T11:49:49.498+0000] {logging_mixin.py:188} INFO - [2026-05-23T11:49:49.498+0000] {dag.py:3096} INFO - Sync 1 DAGs
[2026-05-23T11:49:49.511+0000] {logging_mixin.py:188} INFO - [2026-05-23T11:49:49.511+0000] {dag.py:3954} INFO - Setting next_dagrun for example_sensor_decorator to None, run_after=None
[2026-05-23T11:49:49.534+0000] {processor.py:183} INFO - Processing /home/vscode/.local/lib/python3.11/site-packages/airflow/example_dags/example_sensor_decorator.py took 0.065 seconds
[2026-05-23T11:50:33.763+0000] {processor.py:161} INFO - Started process (PID=17958) to work on /home/vscode/.local/lib/python3.11/site-packages/airflow/example_dags/example_sensor_decorator.py
[2026-05-23T11:50:33.764+0000] {processor.py:830} INFO - Processing file /home/vscode/.local/lib/python3.11/site-packages/airflow/example_dags/example_sensor_decorator.py for tasks to queue
[2026-05-23T11:50:33.765+0000] {logging_mixin.py:188} INFO - [2026-05-23T11:50:33.764+0000] {dagbag.py:545} INFO - Filling up the DagBag from /home/vscode/.local/lib/python3.11/site-packages/airflow/example_dags/example_sensor_decorator.py
[2026-05-23T11:50:33.769+0000] {processor.py:840} INFO - DAG(s) 'example_sensor_decorator' retrieved from /home/vscode/.local/lib/python3.11/site-packages/airflow/example_dags/example_sensor_decorator.py
[2026-05-23T11:50:33.780+0000] {logging_mixin.py:188} INFO - [2026-05-23T11:50:33.780+0000] {dag.py:3096} INFO - Sync 1 DAGs
[2026-05-23T11:50:33.789+0000] {logging_mixin.py:188} INFO - [2026-05-23T11:50:33.789+0000] {dag.py:3954} INFO - Setting next_dagrun for example_sensor_decorator to None, run_after=None
[2026-05-23T11:50:33.811+0000] {processor.py:183} INFO - Processing /home/vscode/.local/lib/python3.11/site-packages/airflow/example_dags/example_sensor_decorator.py took 0.054 seconds
[2026-05-23T11:51:34.296+0000] {processor.py:161} INFO - Started process (PID=18732) to work on /home/vscode/.local/lib/python3.11/site-packages/airflow/example_dags/example_sensor_decorator.py
[2026-05-23T11:51:34.297+0000] {processor.py:830} INFO - Processing file /home/vscode/.local/lib/python3.11/site-packages/airflow/example_dags/example_sensor_decorator.py for tasks to queue
[2026-05-23T11:51:34.297+0000] {logging_mixin.py:188} INFO - [2026-05-23T11:51:34.297+0000] {dagbag.py:545} INFO - Filling up the DagBag from /home/vscode/.local/lib/python3.11/site-packages/airflow/example_dags/example_sensor_decorator.py
[2026-05-23T11:51:34.302+0000] {processor.py:840} INFO - DAG(s) 'example_sensor_decorator' retrieved from /home/vscode/.local/lib/python3.11/site-packages/airflow/example_dags/example_sensor_decorator.py
[2026-05-23T11:51:34.312+0000] {logging_mixin.py:188} INFO - [2026-05-23T11:51:34.312+0000] {dag.py:3096} INFO - Sync 1 DAGs
[2026-05-23T11:51:34.320+0000] {logging_mixin.py:188} INFO - [2026-05-23T11:51:34.320+0000] {dag.py:3954} INFO - Setting next_dagrun for example_sensor_decorator to None, run_after=None
[2026-05-23T11:51:34.335+0000] {processor.py:183} INFO - Processing /home/vscode/.local/lib/python3.11/site-packages/airflow/example_dags/example_sensor_decorator.py took 0.045 seconds
[2026-05-23T11:52:17.401+0000] {processor.py:161} INFO - Started process (PID=19080) to work on /home/vscode/.local/lib/python3.11/site-packages/airflow/example_dags/example_sensor_decorator.py
[2026-05-23T11:52:17.402+0000] {processor.py:830} INFO - Processing file /home/vscode/.local/lib/python3.11/site-packages/airflow/example_dags/example_sensor_decorator.py for tasks to queue
[2026-05-23T11:52:17.402+0000] {logging_mixin.py:188} INFO - [2026-05-23T11:52:17.402+0000] {dagbag.py:545} INFO - Filling up the DagBag from /home/vscode/.local/lib/python3.11/site-packages/airflow/example_dags/example_sensor_decorator.py
[2026-05-23T11:52:17.407+0000] {processor.py:840} INFO - DAG(s) 'example_sensor_decorator' retrieved from /home/vscode/.local/lib/python3.11/site-packages/airflow/example_dags/example_sensor_decorator.py
[2026-05-23T11:52:17.418+0000] {logging_mixin.py:188} INFO - [2026-05-23T11:52:17.418+0000] {dag.py:3096} INFO - Sync 1 DAGs
[2026-05-23T11:52:17.426+0000] {logging_mixin.py:188} INFO - [2026-05-23T11:52:17.426+0000] {dag.py:3954} INFO - Setting next_dagrun for example_sensor_decorator to None, run_after=None
[2026-05-23T11:52:17.442+0000] {processor.py:183} INFO - Processing /home/vscode/.local/lib/python3.11/site-packages/airflow/example_dags/example_sensor_decorator.py took 0.046 seconds
[2026-05-23T11:53:12.671+0000] {processor.py:161} INFO - Started process (PID=19674) to work on /home/vscode/.local/lib/python3.11/site-packages/airflow/example_dags/example_sensor_decorator.py
[2026-05-23T11:53:12.672+0000] {processor.py:830} INFO - Processing file /home/vscode/.local/lib/python3.11/site-packages/airflow/example_dags/example_sensor_decorator.py for tasks to queue
[2026-05-23T11:53:12.672+0000] {logging_mixin.py:188} INFO - [2026-05-23T11:53:12.672+0000] {dagbag.py:545} INFO - Filling up the DagBag from /home/vscode/.local/lib/python3.11/site-packages/airflow/example_dags/example_sensor_decorator.py
[2026-05-23T11:53:12.676+0000] {processor.py:840} INFO - DAG(s) 'example_sensor_decorator' retrieved from /home/vscode/.local/lib/python3.11/site-packages/airflow/example_dags/example_sensor_decorator.py
[2026-05-23T11:53:12.688+0000] {logging_mixin.py:188} INFO - [2026-05-23T11:53:12.687+0000] {dag.py:3096} INFO - Sync 1 DAGs
[2026-05-23T11:53:12.695+0000] {logging_mixin.py:188} INFO - [2026-05-23T11:53:12.695+0000] {dag.py:3954} INFO - Setting next_dagrun for example_sensor_decorator to None, run_after=None
[2026-05-23T11:53:12.711+0000] {processor.py:183} INFO - Processing /home/vscode/.local/lib/python3.11/site-packages/airflow/example_dags/example_sensor_decorator.py took 0.047 seconds
[2026-05-23T11:54:18.486+0000] {processor.py:161} INFO - Started process (PID=20591) to work on /home/vscode/.local/lib/python3.11/site-packages/airflow/example_dags/example_sensor_decorator.py
[2026-05-23T11:54:18.486+0000] {processor.py:830} INFO - Processing file /home/vscode/.local/lib/python3.11/site-packages/airflow/example_dags/example_sensor_decorator.py for tasks to queue
[2026-05-23T11:54:18.487+0000] {logging_mixin.py:188} INFO - [2026-05-23T11:54:18.487+0000] {dagbag.py:545} INFO - Filling up the DagBag from /home/vscode/.local/lib/python3.11/site-packages/airflow/example_dags/example_sensor_decorator.py
[2026-05-23T11:54:18.491+0000] {processor.py:840} INFO - DAG(s) 'example_sensor_decorator' retrieved from /home/vscode/.local/lib/python3.11/site-packages/airflow/example_dags/example_sensor_decorator.py
[2026-05-23T11:54:18.502+0000] {logging_mixin.py:188} INFO - [2026-05-23T11:54:18.502+0000] {dag.py:3096} INFO - Sync 1 DAGs
[2026-05-23T11:54:18.513+0000] {logging_mixin.py:188} INFO - [2026-05-23T11:54:18.513+0000] {dag.py:3954} INFO - Setting next_dagrun for example_sensor_decorator to None, run_after=None
[2026-05-23T11:54:18.534+0000] {processor.py:183} INFO - Processing /home/vscode/.local/lib/python3.11/site-packages/airflow/example_dags/example_sensor_decorator.py took 0.055 seconds
[2026-05-23T11:55:03.941+0000] {processor.py:161} INFO - Started process (PID=21284) to work on /home/vscode/.local/lib/python3.11/site-packages/airflow/example_dags/example_sensor_decorator.py
[2026-05-23T11:55:03.942+0000] {processor.py:830} INFO - Processing file /home/vscode/.local/lib/python3.11/site-packages/airflow/example_dags/example_sensor_decorator.py for tasks to queue
[2026-05-23T11:55:03.943+0000] {logging_mixin.py:188} INFO - [2026-05-23T11:55:03.942+0000] {dagbag.py:545} INFO - Filling up the DagBag from /home/vscode/.local/lib/python3.11/site-packages/airflow/example_dags/example_sensor_decorator.py
[2026-05-23T11:55:03.949+0000] {processor.py:840} INFO - DAG(s) 'example_sensor_decorator' retrieved from /home/vscode/.local/lib/python3.11/site-packages/airflow/example_dags/example_sensor_decorator.py
[2026-05-23T11:55:03.967+0000] {logging_mixin.py:188} INFO - [2026-05-23T11:55:03.967+0000] {dag.py:3096} INFO - Sync 1 DAGs
[2026-05-23T11:55:03.982+0000] {logging_mixin.py:188} INFO - [2026-05-23T11:55:03.982+0000] {dag.py:3954} INFO - Setting next_dagrun for example_sensor_decorator to None, run_after=None
[2026-05-23T11:55:04.020+0000] {processor.py:183} INFO - Processing /home/vscode/.local/lib/python3.11/site-packages/airflow/example_dags/example_sensor_decorator.py took 0.102 seconds
[2026-05-23T11:55:54.575+0000] {processor.py:161} INFO - Started process (PID=21956) to work on /home/vscode/.local/lib/python3.11/site-packages/airflow/example_dags/example_sensor_decorator.py
[2026-05-23T11:55:54.576+0000] {processor.py:830} INFO - Processing file /home/vscode/.local/lib/python3.11/site-packages/airflow/example_dags/example_sensor_decorator.py for tasks to queue
[2026-05-23T11:55:54.577+0000] {logging_mixin.py:188} INFO - [2026-05-23T11:55:54.576+0000] {dagbag.py:545} INFO - Filling up the DagBag from /home/vscode/.local/lib/python3.11/site-packages/airflow/example_dags/example_sensor_decorator.py
[2026-05-23T11:55:54.583+0000] {processor.py:840} INFO - DAG(s) 'example_sensor_decorator' retrieved from /home/vscode/.local/lib/python3.11/site-packages/airflow/example_dags/example_sensor_decorator.py
[2026-05-23T11:55:54.600+0000] {logging_mixin.py:188} INFO - [2026-05-23T11:55:54.600+0000] {dag.py:3096} INFO - Sync 1 DAGs
[2026-05-23T11:55:54.613+0000] {logging_mixin.py:188} INFO - [2026-05-23T11:55:54.613+0000] {dag.py:3954} INFO - Setting next_dagrun for example_sensor_decorator to None, run_after=None
[2026-05-23T11:55:54.639+0000] {processor.py:183} INFO - Processing /home/vscode/.local/lib/python3.11/site-packages/airflow/example_dags/example_sensor_decorator.py took 0.074 seconds
[2026-05-23T11:56:44.548+0000] {processor.py:161} INFO - Started process (PID=22578) to work on /home/vscode/.local/lib/python3.11/site-packages/airflow/example_dags/example_sensor_decorator.py
[2026-05-23T11:56:44.549+0000] {processor.py:830} INFO - Processing file /home/vscode/.local/lib/python3.11/site-packages/airflow/example_dags/example_sensor_decorator.py for tasks to queue
[2026-05-23T11:56:44.549+0000] {logging_mixin.py:188} INFO - [2026-05-23T11:56:44.549+0000] {dagbag.py:545} INFO - Filling up the DagBag from /home/vscode/.local/lib/python3.11/site-packages/airflow/example_dags/example_sensor_decorator.py
[2026-05-23T11:56:44.556+0000] {processor.py:840} INFO - DAG(s) 'example_sensor_decorator' retrieved from /home/vscode/.local/lib/python3.11/site-packages/airflow/example_dags/example_sensor_decorator.py
[2026-05-23T11:56:44.572+0000] {logging_mixin.py:188} INFO - [2026-05-23T11:56:44.572+0000] {dag.py:3096} INFO - Sync 1 DAGs
[2026-05-23T11:56:44.586+0000] {logging_mixin.py:188} INFO - [2026-05-23T11:56:44.586+0000] {dag.py:3954} INFO - Setting next_dagrun for example_sensor_decorator to None, run_after=None
[2026-05-23T11:56:44.610+0000] {processor.py:183} INFO - Processing /home/vscode/.local/lib/python3.11/site-packages/airflow/example_dags/example_sensor_decorator.py took 0.071 seconds
[2026-05-23T11:57:33.273+0000] {processor.py:161} INFO - Started process (PID=23029) to work on /home/vscode/.local/lib/python3.11/site-packages/airflow/example_dags/example_sensor_decorator.py
[2026-05-23T11:57:33.274+0000] {processor.py:830} INFO - Processing file /home/vscode/.local/lib/python3.11/site-packages/airflow/example_dags/example_sensor_decorator.py for tasks to queue
[2026-05-23T11:57:33.275+0000] {logging_mixin.py:188} INFO - [2026-05-23T11:57:33.274+0000] {dagbag.py:545} INFO - Filling up the DagBag from /home/vscode/.local/lib/python3.11/site-packages/airflow/example_dags/example_sensor_decorator.py
[2026-05-23T11:57:33.281+0000] {processor.py:840} INFO - DAG(s) 'example_sensor_decorator' retrieved from /home/vscode/.local/lib/python3.11/site-packages/airflow/example_dags/example_sensor_decorator.py
[2026-05-23T11:57:33.299+0000] {logging_mixin.py:188} INFO - [2026-05-23T11:57:33.299+0000] {dag.py:3096} INFO - Sync 1 DAGs
[2026-05-23T11:57:33.311+0000] {logging_mixin.py:188} INFO - [2026-05-23T11:57:33.311+0000] {dag.py:3954} INFO - Setting next_dagrun for example_sensor_decorator to None, run_after=None
[2026-05-23T11:57:33.333+0000] {processor.py:183} INFO - Processing /home/vscode/.local/lib/python3.11/site-packages/airflow/example_dags/example_sensor_decorator.py took 0.070 seconds
[2026-05-23T11:58:23.867+0000] {processor.py:161} INFO - Started process (PID=23491) to work on /home/vscode/.local/lib/python3.11/site-packages/airflow/example_dags/example_sensor_decorator.py
[2026-05-23T11:58:23.868+0000] {processor.py:830} INFO - Processing file /home/vscode/.local/lib/python3.11/site-packages/airflow/example_dags/example_sensor_decorator.py for tasks to queue
[2026-05-23T11:58:23.869+0000] {logging_mixin.py:188} INFO - [2026-05-23T11:58:23.868+0000] {dagbag.py:545} INFO - Filling up the DagBag from /home/vscode/.local/lib/python3.11/site-packages/airflow/example_dags/example_sensor_decorator.py
[2026-05-23T11:58:23.875+0000] {processor.py:840} INFO - DAG(s) 'example_sensor_decorator' retrieved from /home/vscode/.local/lib/python3.11/site-packages/airflow/example_dags/example_sensor_decorator.py
[2026-05-23T11:58:23.895+0000] {logging_mixin.py:188} INFO - [2026-05-23T11:58:23.895+0000] {dag.py:3096} INFO - Sync 1 DAGs
[2026-05-23T11:58:23.908+0000] {logging_mixin.py:188} INFO - [2026-05-23T11:58:23.908+0000] {dag.py:3954} INFO - Setting next_dagrun for example_sensor_decorator to None, run_after=None
[2026-05-23T11:58:23.931+0000] {processor.py:183} INFO - Processing /home/vscode/.local/lib/python3.11/site-packages/airflow/example_dags/example_sensor_decorator.py took 0.074 seconds
