[2026-05-23T11:27:04.784+0000] {processor.py:161} INFO - Started process (PID=3392) to work on /home/vscode/.local/lib/python3.11/site-packages/airflow/example_dags/example_branch_python_dop_operator_3.py
[2026-05-23T11:27:04.785+0000] {processor.py:830} INFO - Processing file /home/vscode/.local/lib/python3.11/site-packages/airflow/example_dags/example_branch_python_dop_operator_3.py for tasks to queue
[2026-05-23T11:27:04.785+0000] {logging_mixin.py:188} INFO - [2026-05-23T11:27:04.785+0000] {dagbag.py:545} INFO - Filling up the DagBag from /home/vscode/.local/lib/python3.11/site-packages/airflow/example_dags/example_branch_python_dop_operator_3.py
[2026-05-23T11:27:04.792+0000] {processor.py:840} INFO - DAG(s) 'example_branch_dop_operator_v3' retrieved from /home/vscode/.local/lib/python3.11/site-packages/airflow/example_dags/example_branch_python_dop_operator_3.py
[2026-05-23T11:27:04.979+0000] {logging_mixin.py:188} INFO - [2026-05-23T11:27:04.979+0000] {dag.py:3096} INFO - Sync 1 DAGs
[2026-05-23T11:27:04.999+0000] {logging_mixin.py:188} INFO - [2026-05-23T11:27:04.999+0000] {dag.py:3954} INFO - Setting next_dagrun for example_branch_dop_operator_v3 to 2026-05-23 11:26:00+00:00, run_after=2026-05-23 11:27:00+00:00
[2026-05-23T11:27:05.016+0000] {processor.py:183} INFO - Processing /home/vscode/.local/lib/python3.11/site-packages/airflow/example_dags/example_branch_python_dop_operator_3.py took 0.238 seconds
[2026-05-23T11:28:03.896+0000] {processor.py:161} INFO - Started process (PID=4181) to work on /home/vscode/.local/lib/python3.11/site-packages/airflow/example_dags/example_branch_python_dop_operator_3.py
[2026-05-23T11:28:03.897+0000] {processor.py:830} INFO - Processing file /home/vscode/.local/lib/python3.11/site-packages/airflow/example_dags/example_branch_python_dop_operator_3.py for tasks to queue
[2026-05-23T11:28:03.898+0000] {logging_mixin.py:188} INFO - [2026-05-23T11:28:03.897+0000] {dagbag.py:545} INFO - Filling up the DagBag from /home/vscode/.local/lib/python3.11/site-packages/airflow/example_dags/example_branch_python_dop_operator_3.py
[2026-05-23T11:28:03.904+0000] {processor.py:840} INFO - DAG(s) 'example_branch_dop_operator_v3' retrieved from /home/vscode/.local/lib/python3.11/site-packages/airflow/example_dags/example_branch_python_dop_operator_3.py
[2026-05-23T11:28:03.916+0000] {logging_mixin.py:188} INFO - [2026-05-23T11:28:03.916+0000] {dag.py:3096} INFO - Sync 1 DAGs
[2026-05-23T11:28:03.932+0000] {logging_mixin.py:188} INFO - [2026-05-23T11:28:03.932+0000] {dag.py:3954} INFO - Setting next_dagrun for example_branch_dop_operator_v3 to 2026-05-23 11:27:00+00:00, run_after=2026-05-23 11:28:00+00:00
[2026-05-23T11:28:03.947+0000] {processor.py:183} INFO - Processing /home/vscode/.local/lib/python3.11/site-packages/airflow/example_dags/example_branch_python_dop_operator_3.py took 0.057 seconds
[2026-05-23T11:28:54.588+0000] {processor.py:161} INFO - Started process (PID=4637) to work on /home/vscode/.local/lib/python3.11/site-packages/airflow/example_dags/example_branch_python_dop_operator_3.py
[2026-05-23T11:28:54.589+0000] {processor.py:830} INFO - Processing file /home/vscode/.local/lib/python3.11/site-packages/airflow/example_dags/example_branch_python_dop_operator_3.py for tasks to queue
[2026-05-23T11:28:54.589+0000] {logging_mixin.py:188} INFO - [2026-05-23T11:28:54.589+0000] {dagbag.py:545} INFO - Filling up the DagBag from /home/vscode/.local/lib/python3.11/site-packages/airflow/example_dags/example_branch_python_dop_operator_3.py
[2026-05-23T11:28:54.596+0000] {processor.py:840} INFO - DAG(s) 'example_branch_dop_operator_v3' retrieved from /home/vscode/.local/lib/python3.11/site-packages/airflow/example_dags/example_branch_python_dop_operator_3.py
[2026-05-23T11:28:54.607+0000] {logging_mixin.py:188} INFO - [2026-05-23T11:28:54.607+0000] {dag.py:3096} INFO - Sync 1 DAGs
[2026-05-23T11:28:54.623+0000] {logging_mixin.py:188} INFO - [2026-05-23T11:28:54.623+0000] {dag.py:3954} INFO - Setting next_dagrun for example_branch_dop_operator_v3 to 2026-05-23 11:27:00+00:00, run_after=2026-05-23 11:28:00+00:00
[2026-05-23T11:28:54.639+0000] {processor.py:183} INFO - Processing /home/vscode/.local/lib/python3.11/site-packages/airflow/example_dags/example_branch_python_dop_operator_3.py took 0.057 seconds
[2026-05-23T11:29:58.858+0000] {processor.py:161} INFO - Started process (PID=5167) to work on /home/vscode/.local/lib/python3.11/site-packages/airflow/example_dags/example_branch_python_dop_operator_3.py
[2026-05-23T11:29:58.859+0000] {processor.py:830} INFO - Processing file /home/vscode/.local/lib/python3.11/site-packages/airflow/example_dags/example_branch_python_dop_operator_3.py for tasks to queue
[2026-05-23T11:29:58.859+0000] {logging_mixin.py:188} INFO - [2026-05-23T11:29:58.859+0000] {dagbag.py:545} INFO - Filling up the DagBag from /home/vscode/.local/lib/python3.11/site-packages/airflow/example_dags/example_branch_python_dop_operator_3.py
[2026-05-23T11:29:58.866+0000] {processor.py:840} INFO - DAG(s) 'example_branch_dop_operator_v3' retrieved from /home/vscode/.local/lib/python3.11/site-packages/airflow/example_dags/example_branch_python_dop_operator_3.py
[2026-05-23T11:29:58.877+0000] {logging_mixin.py:188} INFO - [2026-05-23T11:29:58.877+0000] {dag.py:3096} INFO - Sync 1 DAGs
[2026-05-23T11:29:58.894+0000] {logging_mixin.py:188} INFO - [2026-05-23T11:29:58.894+0000] {dag.py:3954} INFO - Setting next_dagrun for example_branch_dop_operator_v3 to 2026-05-23 11:28:00+00:00, run_after=2026-05-23 11:29:00+00:00
[2026-05-23T11:29:58.909+0000] {processor.py:183} INFO - Processing /home/vscode/.local/lib/python3.11/site-packages/airflow/example_dags/example_branch_python_dop_operator_3.py took 0.057 seconds
[2026-05-23T11:30:58.622+0000] {processor.py:161} INFO - Started process (PID=5798) to work on /home/vscode/.local/lib/python3.11/site-packages/airflow/example_dags/example_branch_python_dop_operator_3.py
[2026-05-23T11:30:58.622+0000] {processor.py:830} INFO - Processing file /home/vscode/.local/lib/python3.11/site-packages/airflow/example_dags/example_branch_python_dop_operator_3.py for tasks to queue
[2026-05-23T11:30:58.623+0000] {logging_mixin.py:188} INFO - [2026-05-23T11:30:58.622+0000] {dagbag.py:545} INFO - Filling up the DagBag from /home/vscode/.local/lib/python3.11/site-packages/airflow/example_dags/example_branch_python_dop_operator_3.py
[2026-05-23T11:30:58.629+0000] {processor.py:840} INFO - DAG(s) 'example_branch_dop_operator_v3' retrieved from /home/vscode/.local/lib/python3.11/site-packages/airflow/example_dags/example_branch_python_dop_operator_3.py
[2026-05-23T11:30:58.640+0000] {logging_mixin.py:188} INFO - [2026-05-23T11:30:58.640+0000] {dag.py:3096} INFO - Sync 1 DAGs
[2026-05-23T11:30:58.656+0000] {logging_mixin.py:188} INFO - [2026-05-23T11:30:58.656+0000] {dag.py:3954} INFO - Setting next_dagrun for example_branch_dop_operator_v3 to 2026-05-23 11:29:00+00:00, run_after=2026-05-23 11:30:00+00:00
[2026-05-23T11:30:58.671+0000] {processor.py:183} INFO - Processing /home/vscode/.local/lib/python3.11/site-packages/airflow/example_dags/example_branch_python_dop_operator_3.py took 0.055 seconds
[2026-05-23T11:32:03.119+0000] {processor.py:161} INFO - Started process (PID=6368) to work on /home/vscode/.local/lib/python3.11/site-packages/airflow/example_dags/example_branch_python_dop_operator_3.py
[2026-05-23T11:32:03.119+0000] {processor.py:830} INFO - Processing file /home/vscode/.local/lib/python3.11/site-packages/airflow/example_dags/example_branch_python_dop_operator_3.py for tasks to queue
[2026-05-23T11:32:03.120+0000] {logging_mixin.py:188} INFO - [2026-05-23T11:32:03.119+0000] {dagbag.py:545} INFO - Filling up the DagBag from /home/vscode/.local/lib/python3.11/site-packages/airflow/example_dags/example_branch_python_dop_operator_3.py
[2026-05-23T11:32:03.126+0000] {processor.py:840} INFO - DAG(s) 'example_branch_dop_operator_v3' retrieved from /home/vscode/.local/lib/python3.11/site-packages/airflow/example_dags/example_branch_python_dop_operator_3.py
[2026-05-23T11:32:03.137+0000] {logging_mixin.py:188} INFO - [2026-05-23T11:32:03.137+0000] {dag.py:3096} INFO - Sync 1 DAGs
[2026-05-23T11:32:03.153+0000] {logging_mixin.py:188} INFO - [2026-05-23T11:32:03.153+0000] {dag.py:3954} INFO - Setting next_dagrun for example_branch_dop_operator_v3 to 2026-05-23 11:31:00+00:00, run_after=2026-05-23 11:32:00+00:00
[2026-05-23T11:32:03.168+0000] {processor.py:183} INFO - Processing /home/vscode/.local/lib/python3.11/site-packages/airflow/example_dags/example_branch_python_dop_operator_3.py took 0.056 seconds
[2026-05-23T11:33:05.663+0000] {processor.py:161} INFO - Started process (PID=7631) to work on /home/vscode/.local/lib/python3.11/site-packages/airflow/example_dags/example_branch_python_dop_operator_3.py
[2026-05-23T11:33:05.666+0000] {processor.py:830} INFO - Processing file /home/vscode/.local/lib/python3.11/site-packages/airflow/example_dags/example_branch_python_dop_operator_3.py for tasks to queue
[2026-05-23T11:33:05.666+0000] {logging_mixin.py:188} INFO - [2026-05-23T11:33:05.666+0000] {dagbag.py:545} INFO - Filling up the DagBag from /home/vscode/.local/lib/python3.11/site-packages/airflow/example_dags/example_branch_python_dop_operator_3.py
[2026-05-23T11:33:05.688+0000] {processor.py:840} INFO - DAG(s) 'example_branch_dop_operator_v3' retrieved from /home/vscode/.local/lib/python3.11/site-packages/airflow/example_dags/example_branch_python_dop_operator_3.py
[2026-05-23T11:33:05.723+0000] {logging_mixin.py:188} INFO - [2026-05-23T11:33:05.721+0000] {dag.py:3096} INFO - Sync 1 DAGs
[2026-05-23T11:33:05.752+0000] {logging_mixin.py:188} INFO - [2026-05-23T11:33:05.752+0000] {dag.py:3954} INFO - Setting next_dagrun for example_branch_dop_operator_v3 to 2026-05-23 11:32:00+00:00, run_after=2026-05-23 11:33:00+00:00
[2026-05-23T11:33:05.775+0000] {processor.py:183} INFO - Processing /home/vscode/.local/lib/python3.11/site-packages/airflow/example_dags/example_branch_python_dop_operator_3.py took 0.141 seconds
[2026-05-23T11:34:16.603+0000] {processor.py:161} INFO - Started process (PID=8589) to work on /home/vscode/.local/lib/python3.11/site-packages/airflow/example_dags/example_branch_python_dop_operator_3.py
[2026-05-23T11:34:16.604+0000] {processor.py:830} INFO - Processing file /home/vscode/.local/lib/python3.11/site-packages/airflow/example_dags/example_branch_python_dop_operator_3.py for tasks to queue
[2026-05-23T11:34:16.605+0000] {logging_mixin.py:188} INFO - [2026-05-23T11:34:16.605+0000] {dagbag.py:545} INFO - Filling up the DagBag from /home/vscode/.local/lib/python3.11/site-packages/airflow/example_dags/example_branch_python_dop_operator_3.py
[2026-05-23T11:34:16.613+0000] {processor.py:840} INFO - DAG(s) 'example_branch_dop_operator_v3' retrieved from /home/vscode/.local/lib/python3.11/site-packages/airflow/example_dags/example_branch_python_dop_operator_3.py
[2026-05-23T11:34:16.625+0000] {logging_mixin.py:188} INFO - [2026-05-23T11:34:16.625+0000] {dag.py:3096} INFO - Sync 1 DAGs
[2026-05-23T11:34:16.641+0000] {logging_mixin.py:188} INFO - [2026-05-23T11:34:16.641+0000] {dag.py:3954} INFO - Setting next_dagrun for example_branch_dop_operator_v3 to 2026-05-23 11:33:00+00:00, run_after=2026-05-23 11:34:00+00:00
[2026-05-23T11:34:16.656+0000] {processor.py:183} INFO - Processing /home/vscode/.local/lib/python3.11/site-packages/airflow/example_dags/example_branch_python_dop_operator_3.py took 0.063 seconds
[2026-05-23T11:35:22.239+0000] {processor.py:161} INFO - Started process (PID=9156) to work on /home/vscode/.local/lib/python3.11/site-packages/airflow/example_dags/example_branch_python_dop_operator_3.py
[2026-05-23T11:35:22.239+0000] {processor.py:830} INFO - Processing file /home/vscode/.local/lib/python3.11/site-packages/airflow/example_dags/example_branch_python_dop_operator_3.py for tasks to queue
[2026-05-23T11:35:22.240+0000] {logging_mixin.py:188} INFO - [2026-05-23T11:35:22.240+0000] {dagbag.py:545} INFO - Filling up the DagBag from /home/vscode/.local/lib/python3.11/site-packages/airflow/example_dags/example_branch_python_dop_operator_3.py
[2026-05-23T11:35:22.250+0000] {processor.py:840} INFO - DAG(s) 'example_branch_dop_operator_v3' retrieved from /home/vscode/.local/lib/python3.11/site-packages/airflow/example_dags/example_branch_python_dop_operator_3.py
[2026-05-23T11:35:22.264+0000] {logging_mixin.py:188} INFO - [2026-05-23T11:35:22.263+0000] {dag.py:3096} INFO - Sync 1 DAGs
[2026-05-23T11:35:22.283+0000] {logging_mixin.py:188} INFO - [2026-05-23T11:35:22.282+0000] {dag.py:3954} INFO - Setting next_dagrun for example_branch_dop_operator_v3 to 2026-05-23 11:34:00+00:00, run_after=2026-05-23 11:35:00+00:00
[2026-05-23T11:35:22.303+0000] {processor.py:183} INFO - Processing /home/vscode/.local/lib/python3.11/site-packages/airflow/example_dags/example_branch_python_dop_operator_3.py took 0.072 seconds
[2026-05-23T11:36:25.288+0000] {processor.py:161} INFO - Started process (PID=9634) to work on /home/vscode/.local/lib/python3.11/site-packages/airflow/example_dags/example_branch_python_dop_operator_3.py
[2026-05-23T11:36:25.289+0000] {processor.py:830} INFO - Processing file /home/vscode/.local/lib/python3.11/site-packages/airflow/example_dags/example_branch_python_dop_operator_3.py for tasks to queue
[2026-05-23T11:36:25.290+0000] {logging_mixin.py:188} INFO - [2026-05-23T11:36:25.289+0000] {dagbag.py:545} INFO - Filling up the DagBag from /home/vscode/.local/lib/python3.11/site-packages/airflow/example_dags/example_branch_python_dop_operator_3.py
[2026-05-23T11:36:25.296+0000] {processor.py:840} INFO - DAG(s) 'example_branch_dop_operator_v3' retrieved from /home/vscode/.local/lib/python3.11/site-packages/airflow/example_dags/example_branch_python_dop_operator_3.py
[2026-05-23T11:36:25.307+0000] {logging_mixin.py:188} INFO - [2026-05-23T11:36:25.307+0000] {dag.py:3096} INFO - Sync 1 DAGs
[2026-05-23T11:36:25.323+0000] {logging_mixin.py:188} INFO - [2026-05-23T11:36:25.323+0000] {dag.py:3954} INFO - Setting next_dagrun for example_branch_dop_operator_v3 to 2026-05-23 11:35:00+00:00, run_after=2026-05-23 11:36:00+00:00
[2026-05-23T11:36:25.339+0000] {processor.py:183} INFO - Processing /home/vscode/.local/lib/python3.11/site-packages/airflow/example_dags/example_branch_python_dop_operator_3.py took 0.057 seconds
[2026-05-23T11:37:35.478+0000] {processor.py:161} INFO - Started process (PID=10308) to work on /home/vscode/.local/lib/python3.11/site-packages/airflow/example_dags/example_branch_python_dop_operator_3.py
[2026-05-23T11:37:35.479+0000] {processor.py:830} INFO - Processing file /home/vscode/.local/lib/python3.11/site-packages/airflow/example_dags/example_branch_python_dop_operator_3.py for tasks to queue
[2026-05-23T11:37:35.480+0000] {logging_mixin.py:188} INFO - [2026-05-23T11:37:35.479+0000] {dagbag.py:545} INFO - Filling up the DagBag from /home/vscode/.local/lib/python3.11/site-packages/airflow/example_dags/example_branch_python_dop_operator_3.py
[2026-05-23T11:37:35.486+0000] {processor.py:840} INFO - DAG(s) 'example_branch_dop_operator_v3' retrieved from /home/vscode/.local/lib/python3.11/site-packages/airflow/example_dags/example_branch_python_dop_operator_3.py
[2026-05-23T11:37:35.497+0000] {logging_mixin.py:188} INFO - [2026-05-23T11:37:35.497+0000] {dag.py:3096} INFO - Sync 1 DAGs
[2026-05-23T11:37:35.513+0000] {logging_mixin.py:188} INFO - [2026-05-23T11:37:35.513+0000] {dag.py:3954} INFO - Setting next_dagrun for example_branch_dop_operator_v3 to 2026-05-23 11:36:00+00:00, run_after=2026-05-23 11:37:00+00:00
[2026-05-23T11:37:35.529+0000] {processor.py:183} INFO - Processing /home/vscode/.local/lib/python3.11/site-packages/airflow/example_dags/example_branch_python_dop_operator_3.py took 0.056 seconds
[2026-05-23T11:38:37.102+0000] {processor.py:161} INFO - Started process (PID=10812) to work on /home/vscode/.local/lib/python3.11/site-packages/airflow/example_dags/example_branch_python_dop_operator_3.py
[2026-05-23T11:38:37.102+0000] {processor.py:830} INFO - Processing file /home/vscode/.local/lib/python3.11/site-packages/airflow/example_dags/example_branch_python_dop_operator_3.py for tasks to queue
[2026-05-23T11:38:37.103+0000] {logging_mixin.py:188} INFO - [2026-05-23T11:38:37.103+0000] {dagbag.py:545} INFO - Filling up the DagBag from /home/vscode/.local/lib/python3.11/site-packages/airflow/example_dags/example_branch_python_dop_operator_3.py
[2026-05-23T11:38:37.109+0000] {processor.py:840} INFO - DAG(s) 'example_branch_dop_operator_v3' retrieved from /home/vscode/.local/lib/python3.11/site-packages/airflow/example_dags/example_branch_python_dop_operator_3.py
[2026-05-23T11:38:37.125+0000] {logging_mixin.py:188} INFO - [2026-05-23T11:38:37.125+0000] {dag.py:3096} INFO - Sync 1 DAGs
[2026-05-23T11:38:37.159+0000] {logging_mixin.py:188} INFO - [2026-05-23T11:38:37.158+0000] {dag.py:3954} INFO - Setting next_dagrun for example_branch_dop_operator_v3 to 2026-05-23 11:37:00+00:00, run_after=2026-05-23 11:38:00+00:00
[2026-05-23T11:38:37.192+0000] {processor.py:183} INFO - Processing /home/vscode/.local/lib/python3.11/site-packages/airflow/example_dags/example_branch_python_dop_operator_3.py took 0.096 seconds
[2026-05-23T11:39:40.769+0000] {processor.py:161} INFO - Started process (PID=11395) to work on /home/vscode/.local/lib/python3.11/site-packages/airflow/example_dags/example_branch_python_dop_operator_3.py
[2026-05-23T11:39:40.770+0000] {processor.py:830} INFO - Processing file /home/vscode/.local/lib/python3.11/site-packages/airflow/example_dags/example_branch_python_dop_operator_3.py for tasks to queue
[2026-05-23T11:39:40.770+0000] {logging_mixin.py:188} INFO - [2026-05-23T11:39:40.770+0000] {dagbag.py:545} INFO - Filling up the DagBag from /home/vscode/.local/lib/python3.11/site-packages/airflow/example_dags/example_branch_python_dop_operator_3.py
[2026-05-23T11:39:40.777+0000] {processor.py:840} INFO - DAG(s) 'example_branch_dop_operator_v3' retrieved from /home/vscode/.local/lib/python3.11/site-packages/airflow/example_dags/example_branch_python_dop_operator_3.py
[2026-05-23T11:39:40.788+0000] {logging_mixin.py:188} INFO - [2026-05-23T11:39:40.788+0000] {dag.py:3096} INFO - Sync 1 DAGs
[2026-05-23T11:39:40.807+0000] {logging_mixin.py:188} INFO - [2026-05-23T11:39:40.807+0000] {dag.py:3954} INFO - Setting next_dagrun for example_branch_dop_operator_v3 to 2026-05-23 11:38:00+00:00, run_after=2026-05-23 11:39:00+00:00
[2026-05-23T11:39:40.823+0000] {processor.py:183} INFO - Processing /home/vscode/.local/lib/python3.11/site-packages/airflow/example_dags/example_branch_python_dop_operator_3.py took 0.059 seconds
[2026-05-23T11:40:43.310+0000] {processor.py:161} INFO - Started process (PID=11905) to work on /home/vscode/.local/lib/python3.11/site-packages/airflow/example_dags/example_branch_python_dop_operator_3.py
[2026-05-23T11:40:43.310+0000] {processor.py:830} INFO - Processing file /home/vscode/.local/lib/python3.11/site-packages/airflow/example_dags/example_branch_python_dop_operator_3.py for tasks to queue
[2026-05-23T11:40:43.311+0000] {logging_mixin.py:188} INFO - [2026-05-23T11:40:43.311+0000] {dagbag.py:545} INFO - Filling up the DagBag from /home/vscode/.local/lib/python3.11/site-packages/airflow/example_dags/example_branch_python_dop_operator_3.py
[2026-05-23T11:40:43.320+0000] {processor.py:840} INFO - DAG(s) 'example_branch_dop_operator_v3' retrieved from /home/vscode/.local/lib/python3.11/site-packages/airflow/example_dags/example_branch_python_dop_operator_3.py
[2026-05-23T11:40:43.336+0000] {logging_mixin.py:188} INFO - [2026-05-23T11:40:43.336+0000] {dag.py:3096} INFO - Sync 1 DAGs
[2026-05-23T11:40:43.368+0000] {logging_mixin.py:188} INFO - [2026-05-23T11:40:43.368+0000] {dag.py:3954} INFO - Setting next_dagrun for example_branch_dop_operator_v3 to 2026-05-23 11:39:00+00:00, run_after=2026-05-23 11:40:00+00:00
[2026-05-23T11:40:43.413+0000] {processor.py:183} INFO - Processing /home/vscode/.local/lib/python3.11/site-packages/airflow/example_dags/example_branch_python_dop_operator_3.py took 0.109 seconds
[2026-05-23T11:41:47.741+0000] {processor.py:161} INFO - Started process (PID=12558) to work on /home/vscode/.local/lib/python3.11/site-packages/airflow/example_dags/example_branch_python_dop_operator_3.py
[2026-05-23T11:41:47.741+0000] {processor.py:830} INFO - Processing file /home/vscode/.local/lib/python3.11/site-packages/airflow/example_dags/example_branch_python_dop_operator_3.py for tasks to queue
[2026-05-23T11:41:47.742+0000] {logging_mixin.py:188} INFO - [2026-05-23T11:41:47.742+0000] {dagbag.py:545} INFO - Filling up the DagBag from /home/vscode/.local/lib/python3.11/site-packages/airflow/example_dags/example_branch_python_dop_operator_3.py
[2026-05-23T11:41:47.748+0000] {processor.py:840} INFO - DAG(s) 'example_branch_dop_operator_v3' retrieved from /home/vscode/.local/lib/python3.11/site-packages/airflow/example_dags/example_branch_python_dop_operator_3.py
[2026-05-23T11:41:47.759+0000] {logging_mixin.py:188} INFO - [2026-05-23T11:41:47.759+0000] {dag.py:3096} INFO - Sync 1 DAGs
[2026-05-23T11:41:47.775+0000] {logging_mixin.py:188} INFO - [2026-05-23T11:41:47.775+0000] {dag.py:3954} INFO - Setting next_dagrun for example_branch_dop_operator_v3 to 2026-05-23 11:40:00+00:00, run_after=2026-05-23 11:41:00+00:00
[2026-05-23T11:41:47.790+0000] {processor.py:183} INFO - Processing /home/vscode/.local/lib/python3.11/site-packages/airflow/example_dags/example_branch_python_dop_operator_3.py took 0.055 seconds
[2026-05-23T11:42:52.462+0000] {processor.py:161} INFO - Started process (PID=13089) to work on /home/vscode/.local/lib/python3.11/site-packages/airflow/example_dags/example_branch_python_dop_operator_3.py
[2026-05-23T11:42:52.463+0000] {processor.py:830} INFO - Processing file /home/vscode/.local/lib/python3.11/site-packages/airflow/example_dags/example_branch_python_dop_operator_3.py for tasks to queue
[2026-05-23T11:42:52.464+0000] {logging_mixin.py:188} INFO - [2026-05-23T11:42:52.463+0000] {dagbag.py:545} INFO - Filling up the DagBag from /home/vscode/.local/lib/python3.11/site-packages/airflow/example_dags/example_branch_python_dop_operator_3.py
[2026-05-23T11:42:52.470+0000] {processor.py:840} INFO - DAG(s) 'example_branch_dop_operator_v3' retrieved from /home/vscode/.local/lib/python3.11/site-packages/airflow/example_dags/example_branch_python_dop_operator_3.py
[2026-05-23T11:42:52.481+0000] {logging_mixin.py:188} INFO - [2026-05-23T11:42:52.481+0000] {dag.py:3096} INFO - Sync 1 DAGs
[2026-05-23T11:42:52.498+0000] {logging_mixin.py:188} INFO - [2026-05-23T11:42:52.497+0000] {dag.py:3954} INFO - Setting next_dagrun for example_branch_dop_operator_v3 to 2026-05-23 11:41:00+00:00, run_after=2026-05-23 11:42:00+00:00
[2026-05-23T11:42:52.513+0000] {processor.py:183} INFO - Processing /home/vscode/.local/lib/python3.11/site-packages/airflow/example_dags/example_branch_python_dop_operator_3.py took 0.057 seconds
[2026-05-23T11:44:00.301+0000] {processor.py:161} INFO - Started process (PID=13703) to work on /home/vscode/.local/lib/python3.11/site-packages/airflow/example_dags/example_branch_python_dop_operator_3.py
[2026-05-23T11:44:00.301+0000] {processor.py:830} INFO - Processing file /home/vscode/.local/lib/python3.11/site-packages/airflow/example_dags/example_branch_python_dop_operator_3.py for tasks to queue
[2026-05-23T11:44:00.302+0000] {logging_mixin.py:188} INFO - [2026-05-23T11:44:00.301+0000] {dagbag.py:545} INFO - Filling up the DagBag from /home/vscode/.local/lib/python3.11/site-packages/airflow/example_dags/example_branch_python_dop_operator_3.py
[2026-05-23T11:44:00.308+0000] {processor.py:840} INFO - DAG(s) 'example_branch_dop_operator_v3' retrieved from /home/vscode/.local/lib/python3.11/site-packages/airflow/example_dags/example_branch_python_dop_operator_3.py
[2026-05-23T11:44:00.319+0000] {logging_mixin.py:188} INFO - [2026-05-23T11:44:00.319+0000] {dag.py:3096} INFO - Sync 1 DAGs
[2026-05-23T11:44:00.335+0000] {logging_mixin.py:188} INFO - [2026-05-23T11:44:00.335+0000] {dag.py:3954} INFO - Setting next_dagrun for example_branch_dop_operator_v3 to 2026-05-23 11:43:00+00:00, run_after=2026-05-23 11:44:00+00:00
[2026-05-23T11:44:00.350+0000] {processor.py:183} INFO - Processing /home/vscode/.local/lib/python3.11/site-packages/airflow/example_dags/example_branch_python_dop_operator_3.py took 0.056 seconds
[2026-05-23T11:45:05.576+0000] {processor.py:161} INFO - Started process (PID=14239) to work on /home/vscode/.local/lib/python3.11/site-packages/airflow/example_dags/example_branch_python_dop_operator_3.py
[2026-05-23T11:45:05.577+0000] {processor.py:830} INFO - Processing file /home/vscode/.local/lib/python3.11/site-packages/airflow/example_dags/example_branch_python_dop_operator_3.py for tasks to queue
[2026-05-23T11:45:05.579+0000] {logging_mixin.py:188} INFO - [2026-05-23T11:45:05.578+0000] {dagbag.py:545} INFO - Filling up the DagBag from /home/vscode/.local/lib/python3.11/site-packages/airflow/example_dags/example_branch_python_dop_operator_3.py
[2026-05-23T11:45:05.587+0000] {processor.py:840} INFO - DAG(s) 'example_branch_dop_operator_v3' retrieved from /home/vscode/.local/lib/python3.11/site-packages/airflow/example_dags/example_branch_python_dop_operator_3.py
[2026-05-23T11:45:05.598+0000] {logging_mixin.py:188} INFO - [2026-05-23T11:45:05.598+0000] {dag.py:3096} INFO - Sync 1 DAGs
[2026-05-23T11:45:05.618+0000] {logging_mixin.py:188} INFO - [2026-05-23T11:45:05.618+0000] {dag.py:3954} INFO - Setting next_dagrun for example_branch_dop_operator_v3 to 2026-05-23 11:44:00+00:00, run_after=2026-05-23 11:45:00+00:00
[2026-05-23T11:45:05.635+0000] {processor.py:183} INFO - Processing /home/vscode/.local/lib/python3.11/site-packages/airflow/example_dags/example_branch_python_dop_operator_3.py took 0.067 seconds
[2026-05-23T11:46:07.517+0000] {processor.py:161} INFO - Started process (PID=15013) to work on /home/vscode/.local/lib/python3.11/site-packages/airflow/example_dags/example_branch_python_dop_operator_3.py
[2026-05-23T11:46:07.518+0000] {processor.py:830} INFO - Processing file /home/vscode/.local/lib/python3.11/site-packages/airflow/example_dags/example_branch_python_dop_operator_3.py for tasks to queue
[2026-05-23T11:46:07.519+0000] {logging_mixin.py:188} INFO - [2026-05-23T11:46:07.518+0000] {dagbag.py:545} INFO - Filling up the DagBag from /home/vscode/.local/lib/python3.11/site-packages/airflow/example_dags/example_branch_python_dop_operator_3.py
[2026-05-23T11:46:07.525+0000] {processor.py:840} INFO - DAG(s) 'example_branch_dop_operator_v3' retrieved from /home/vscode/.local/lib/python3.11/site-packages/airflow/example_dags/example_branch_python_dop_operator_3.py
[2026-05-23T11:46:07.537+0000] {logging_mixin.py:188} INFO - [2026-05-23T11:46:07.537+0000] {dag.py:3096} INFO - Sync 1 DAGs
[2026-05-23T11:46:07.553+0000] {logging_mixin.py:188} INFO - [2026-05-23T11:46:07.553+0000] {dag.py:3954} INFO - Setting next_dagrun for example_branch_dop_operator_v3 to 2026-05-23 11:45:00+00:00, run_after=2026-05-23 11:46:00+00:00
[2026-05-23T11:46:07.573+0000] {processor.py:183} INFO - Processing /home/vscode/.local/lib/python3.11/site-packages/airflow/example_dags/example_branch_python_dop_operator_3.py took 0.062 seconds
[2026-05-23T11:47:07.172+0000] {processor.py:161} INFO - Started process (PID=15579) to work on /home/vscode/.local/lib/python3.11/site-packages/airflow/example_dags/example_branch_python_dop_operator_3.py
[2026-05-23T11:47:07.172+0000] {processor.py:830} INFO - Processing file /home/vscode/.local/lib/python3.11/site-packages/airflow/example_dags/example_branch_python_dop_operator_3.py for tasks to queue
[2026-05-23T11:47:07.173+0000] {logging_mixin.py:188} INFO - [2026-05-23T11:47:07.173+0000] {dagbag.py:545} INFO - Filling up the DagBag from /home/vscode/.local/lib/python3.11/site-packages/airflow/example_dags/example_branch_python_dop_operator_3.py
[2026-05-23T11:47:07.179+0000] {processor.py:840} INFO - DAG(s) 'example_branch_dop_operator_v3' retrieved from /home/vscode/.local/lib/python3.11/site-packages/airflow/example_dags/example_branch_python_dop_operator_3.py
[2026-05-23T11:47:07.191+0000] {logging_mixin.py:188} INFO - [2026-05-23T11:47:07.191+0000] {dag.py:3096} INFO - Sync 1 DAGs
[2026-05-23T11:47:07.207+0000] {logging_mixin.py:188} INFO - [2026-05-23T11:47:07.207+0000] {dag.py:3954} INFO - Setting next_dagrun for example_branch_dop_operator_v3 to 2026-05-23 11:46:00+00:00, run_after=2026-05-23 11:47:00+00:00
[2026-05-23T11:47:07.223+0000] {processor.py:183} INFO - Processing /home/vscode/.local/lib/python3.11/site-packages/airflow/example_dags/example_branch_python_dop_operator_3.py took 0.057 seconds
[2026-05-23T11:48:12.743+0000] {processor.py:161} INFO - Started process (PID=16187) to work on /home/vscode/.local/lib/python3.11/site-packages/airflow/example_dags/example_branch_python_dop_operator_3.py
[2026-05-23T11:48:12.744+0000] {processor.py:830} INFO - Processing file /home/vscode/.local/lib/python3.11/site-packages/airflow/example_dags/example_branch_python_dop_operator_3.py for tasks to queue
[2026-05-23T11:48:12.745+0000] {logging_mixin.py:188} INFO - [2026-05-23T11:48:12.744+0000] {dagbag.py:545} INFO - Filling up the DagBag from /home/vscode/.local/lib/python3.11/site-packages/airflow/example_dags/example_branch_python_dop_operator_3.py
[2026-05-23T11:48:12.751+0000] {processor.py:840} INFO - DAG(s) 'example_branch_dop_operator_v3' retrieved from /home/vscode/.local/lib/python3.11/site-packages/airflow/example_dags/example_branch_python_dop_operator_3.py
[2026-05-23T11:48:12.763+0000] {logging_mixin.py:188} INFO - [2026-05-23T11:48:12.763+0000] {dag.py:3096} INFO - Sync 1 DAGs
[2026-05-23T11:48:12.782+0000] {logging_mixin.py:188} INFO - [2026-05-23T11:48:12.781+0000] {dag.py:3954} INFO - Setting next_dagrun for example_branch_dop_operator_v3 to 2026-05-23 11:47:00+00:00, run_after=2026-05-23 11:48:00+00:00
[2026-05-23T11:48:12.797+0000] {processor.py:183} INFO - Processing /home/vscode/.local/lib/python3.11/site-packages/airflow/example_dags/example_branch_python_dop_operator_3.py took 0.060 seconds
[2026-05-23T11:49:13.302+0000] {processor.py:161} INFO - Started process (PID=16760) to work on /home/vscode/.local/lib/python3.11/site-packages/airflow/example_dags/example_branch_python_dop_operator_3.py
[2026-05-23T11:49:13.303+0000] {processor.py:830} INFO - Processing file /home/vscode/.local/lib/python3.11/site-packages/airflow/example_dags/example_branch_python_dop_operator_3.py for tasks to queue
[2026-05-23T11:49:13.303+0000] {logging_mixin.py:188} INFO - [2026-05-23T11:49:13.303+0000] {dagbag.py:545} INFO - Filling up the DagBag from /home/vscode/.local/lib/python3.11/site-packages/airflow/example_dags/example_branch_python_dop_operator_3.py
[2026-05-23T11:49:13.310+0000] {processor.py:840} INFO - DAG(s) 'example_branch_dop_operator_v3' retrieved from /home/vscode/.local/lib/python3.11/site-packages/airflow/example_dags/example_branch_python_dop_operator_3.py
[2026-05-23T11:49:13.321+0000] {logging_mixin.py:188} INFO - [2026-05-23T11:49:13.321+0000] {dag.py:3096} INFO - Sync 1 DAGs
[2026-05-23T11:49:13.337+0000] {logging_mixin.py:188} INFO - [2026-05-23T11:49:13.337+0000] {dag.py:3954} INFO - Setting next_dagrun for example_branch_dop_operator_v3 to 2026-05-23 11:48:00+00:00, run_after=2026-05-23 11:49:00+00:00
[2026-05-23T11:49:13.353+0000] {processor.py:183} INFO - Processing /home/vscode/.local/lib/python3.11/site-packages/airflow/example_dags/example_branch_python_dop_operator_3.py took 0.057 seconds
[2026-05-23T11:50:17.924+0000] {processor.py:161} INFO - Started process (PID=17724) to work on /home/vscode/.local/lib/python3.11/site-packages/airflow/example_dags/example_branch_python_dop_operator_3.py
[2026-05-23T11:50:17.924+0000] {processor.py:830} INFO - Processing file /home/vscode/.local/lib/python3.11/site-packages/airflow/example_dags/example_branch_python_dop_operator_3.py for tasks to queue
[2026-05-23T11:50:17.925+0000] {logging_mixin.py:188} INFO - [2026-05-23T11:50:17.925+0000] {dagbag.py:545} INFO - Filling up the DagBag from /home/vscode/.local/lib/python3.11/site-packages/airflow/example_dags/example_branch_python_dop_operator_3.py
[2026-05-23T11:50:17.931+0000] {processor.py:840} INFO - DAG(s) 'example_branch_dop_operator_v3' retrieved from /home/vscode/.local/lib/python3.11/site-packages/airflow/example_dags/example_branch_python_dop_operator_3.py
[2026-05-23T11:50:17.944+0000] {logging_mixin.py:188} INFO - [2026-05-23T11:50:17.944+0000] {dag.py:3096} INFO - Sync 1 DAGs
[2026-05-23T11:50:17.960+0000] {logging_mixin.py:188} INFO - [2026-05-23T11:50:17.960+0000] {dag.py:3954} INFO - Setting next_dagrun for example_branch_dop_operator_v3 to 2026-05-23 11:49:00+00:00, run_after=2026-05-23 11:50:00+00:00
[2026-05-23T11:50:17.975+0000] {processor.py:183} INFO - Processing /home/vscode/.local/lib/python3.11/site-packages/airflow/example_dags/example_branch_python_dop_operator_3.py took 0.057 seconds
[2026-05-23T11:51:19.459+0000] {processor.py:161} INFO - Started process (PID=18502) to work on /home/vscode/.local/lib/python3.11/site-packages/airflow/example_dags/example_branch_python_dop_operator_3.py
[2026-05-23T11:51:19.459+0000] {processor.py:830} INFO - Processing file /home/vscode/.local/lib/python3.11/site-packages/airflow/example_dags/example_branch_python_dop_operator_3.py for tasks to queue
[2026-05-23T11:51:19.460+0000] {logging_mixin.py:188} INFO - [2026-05-23T11:51:19.460+0000] {dagbag.py:545} INFO - Filling up the DagBag from /home/vscode/.local/lib/python3.11/site-packages/airflow/example_dags/example_branch_python_dop_operator_3.py
[2026-05-23T11:51:19.466+0000] {processor.py:840} INFO - DAG(s) 'example_branch_dop_operator_v3' retrieved from /home/vscode/.local/lib/python3.11/site-packages/airflow/example_dags/example_branch_python_dop_operator_3.py
[2026-05-23T11:51:19.479+0000] {logging_mixin.py:188} INFO - [2026-05-23T11:51:19.479+0000] {dag.py:3096} INFO - Sync 1 DAGs
[2026-05-23T11:51:19.506+0000] {logging_mixin.py:188} INFO - [2026-05-23T11:51:19.506+0000] {dag.py:3954} INFO - Setting next_dagrun for example_branch_dop_operator_v3 to 2026-05-23 11:50:00+00:00, run_after=2026-05-23 11:51:00+00:00
[2026-05-23T11:51:19.534+0000] {processor.py:183} INFO - Processing /home/vscode/.local/lib/python3.11/site-packages/airflow/example_dags/example_branch_python_dop_operator_3.py took 0.080 seconds
[2026-05-23T11:52:21.401+0000] {processor.py:161} INFO - Started process (PID=19113) to work on /home/vscode/.local/lib/python3.11/site-packages/airflow/example_dags/example_branch_python_dop_operator_3.py
[2026-05-23T11:52:21.402+0000] {processor.py:830} INFO - Processing file /home/vscode/.local/lib/python3.11/site-packages/airflow/example_dags/example_branch_python_dop_operator_3.py for tasks to queue
[2026-05-23T11:52:21.402+0000] {logging_mixin.py:188} INFO - [2026-05-23T11:52:21.402+0000] {dagbag.py:545} INFO - Filling up the DagBag from /home/vscode/.local/lib/python3.11/site-packages/airflow/example_dags/example_branch_python_dop_operator_3.py
[2026-05-23T11:52:21.410+0000] {processor.py:840} INFO - DAG(s) 'example_branch_dop_operator_v3' retrieved from /home/vscode/.local/lib/python3.11/site-packages/airflow/example_dags/example_branch_python_dop_operator_3.py
[2026-05-23T11:52:21.421+0000] {logging_mixin.py:188} INFO - [2026-05-23T11:52:21.421+0000] {dag.py:3096} INFO - Sync 1 DAGs
[2026-05-23T11:52:21.437+0000] {logging_mixin.py:188} INFO - [2026-05-23T11:52:21.437+0000] {dag.py:3954} INFO - Setting next_dagrun for example_branch_dop_operator_v3 to 2026-05-23 11:51:00+00:00, run_after=2026-05-23 11:52:00+00:00
[2026-05-23T11:52:21.452+0000] {processor.py:183} INFO - Processing /home/vscode/.local/lib/python3.11/site-packages/airflow/example_dags/example_branch_python_dop_operator_3.py took 0.057 seconds
[2026-05-23T11:53:17.807+0000] {processor.py:161} INFO - Started process (PID=19722) to work on /home/vscode/.local/lib/python3.11/site-packages/airflow/example_dags/example_branch_python_dop_operator_3.py
[2026-05-23T11:53:17.807+0000] {processor.py:830} INFO - Processing file /home/vscode/.local/lib/python3.11/site-packages/airflow/example_dags/example_branch_python_dop_operator_3.py for tasks to queue
[2026-05-23T11:53:17.808+0000] {logging_mixin.py:188} INFO - [2026-05-23T11:53:17.808+0000] {dagbag.py:545} INFO - Filling up the DagBag from /home/vscode/.local/lib/python3.11/site-packages/airflow/example_dags/example_branch_python_dop_operator_3.py
[2026-05-23T11:53:17.814+0000] {processor.py:840} INFO - DAG(s) 'example_branch_dop_operator_v3' retrieved from /home/vscode/.local/lib/python3.11/site-packages/airflow/example_dags/example_branch_python_dop_operator_3.py
[2026-05-23T11:53:17.827+0000] {logging_mixin.py:188} INFO - [2026-05-23T11:53:17.827+0000] {dag.py:3096} INFO - Sync 1 DAGs
[2026-05-23T11:53:17.843+0000] {logging_mixin.py:188} INFO - [2026-05-23T11:53:17.843+0000] {dag.py:3954} INFO - Setting next_dagrun for example_branch_dop_operator_v3 to 2026-05-23 11:52:00+00:00, run_after=2026-05-23 11:53:00+00:00
[2026-05-23T11:53:17.859+0000] {processor.py:183} INFO - Processing /home/vscode/.local/lib/python3.11/site-packages/airflow/example_dags/example_branch_python_dop_operator_3.py took 0.058 seconds
[2026-05-23T11:54:23.072+0000] {processor.py:161} INFO - Started process (PID=20669) to work on /home/vscode/.local/lib/python3.11/site-packages/airflow/example_dags/example_branch_python_dop_operator_3.py
[2026-05-23T11:54:23.073+0000] {processor.py:830} INFO - Processing file /home/vscode/.local/lib/python3.11/site-packages/airflow/example_dags/example_branch_python_dop_operator_3.py for tasks to queue
[2026-05-23T11:54:23.074+0000] {logging_mixin.py:188} INFO - [2026-05-23T11:54:23.073+0000] {dagbag.py:545} INFO - Filling up the DagBag from /home/vscode/.local/lib/python3.11/site-packages/airflow/example_dags/example_branch_python_dop_operator_3.py
[2026-05-23T11:54:23.080+0000] {processor.py:840} INFO - DAG(s) 'example_branch_dop_operator_v3' retrieved from /home/vscode/.local/lib/python3.11/site-packages/airflow/example_dags/example_branch_python_dop_operator_3.py
[2026-05-23T11:54:23.113+0000] {logging_mixin.py:188} INFO - [2026-05-23T11:54:23.113+0000] {dag.py:3096} INFO - Sync 1 DAGs
[2026-05-23T11:54:23.196+0000] {logging_mixin.py:188} INFO - [2026-05-23T11:54:23.196+0000] {dag.py:3954} INFO - Setting next_dagrun for example_branch_dop_operator_v3 to 2026-05-23 11:53:00+00:00, run_after=2026-05-23 11:54:00+00:00
[2026-05-23T11:54:23.235+0000] {processor.py:183} INFO - Processing /home/vscode/.local/lib/python3.11/site-packages/airflow/example_dags/example_branch_python_dop_operator_3.py took 0.168 seconds
[2026-05-23T11:55:37.030+0000] {processor.py:161} INFO - Started process (PID=21658) to work on /home/vscode/.local/lib/python3.11/site-packages/airflow/example_dags/example_branch_python_dop_operator_3.py
[2026-05-23T11:55:37.031+0000] {processor.py:830} INFO - Processing file /home/vscode/.local/lib/python3.11/site-packages/airflow/example_dags/example_branch_python_dop_operator_3.py for tasks to queue
[2026-05-23T11:55:37.032+0000] {logging_mixin.py:188} INFO - [2026-05-23T11:55:37.031+0000] {dagbag.py:545} INFO - Filling up the DagBag from /home/vscode/.local/lib/python3.11/site-packages/airflow/example_dags/example_branch_python_dop_operator_3.py
[2026-05-23T11:55:37.041+0000] {processor.py:840} INFO - DAG(s) 'example_branch_dop_operator_v3' retrieved from /home/vscode/.local/lib/python3.11/site-packages/airflow/example_dags/example_branch_python_dop_operator_3.py
[2026-05-23T11:55:37.058+0000] {logging_mixin.py:188} INFO - [2026-05-23T11:55:37.058+0000] {dag.py:3096} INFO - Sync 1 DAGs
[2026-05-23T11:55:37.114+0000] {logging_mixin.py:188} INFO - [2026-05-23T11:55:37.112+0000] {dag.py:3954} INFO - Setting next_dagrun for example_branch_dop_operator_v3 to 2026-05-23 11:54:00+00:00, run_after=2026-05-23 11:55:00+00:00
[2026-05-23T11:55:37.154+0000] {processor.py:183} INFO - Processing /home/vscode/.local/lib/python3.11/site-packages/airflow/example_dags/example_branch_python_dop_operator_3.py took 0.133 seconds
[2026-05-23T11:56:50.879+0000] {processor.py:161} INFO - Started process (PID=22616) to work on /home/vscode/.local/lib/python3.11/site-packages/airflow/example_dags/example_branch_python_dop_operator_3.py
[2026-05-23T11:56:50.880+0000] {processor.py:830} INFO - Processing file /home/vscode/.local/lib/python3.11/site-packages/airflow/example_dags/example_branch_python_dop_operator_3.py for tasks to queue
[2026-05-23T11:56:50.881+0000] {logging_mixin.py:188} INFO - [2026-05-23T11:56:50.880+0000] {dagbag.py:545} INFO - Filling up the DagBag from /home/vscode/.local/lib/python3.11/site-packages/airflow/example_dags/example_branch_python_dop_operator_3.py
[2026-05-23T11:56:50.890+0000] {processor.py:840} INFO - DAG(s) 'example_branch_dop_operator_v3' retrieved from /home/vscode/.local/lib/python3.11/site-packages/airflow/example_dags/example_branch_python_dop_operator_3.py
[2026-05-23T11:56:50.920+0000] {logging_mixin.py:188} INFO - [2026-05-23T11:56:50.920+0000] {dag.py:3096} INFO - Sync 1 DAGs
[2026-05-23T11:56:50.954+0000] {logging_mixin.py:188} INFO - [2026-05-23T11:56:50.954+0000] {dag.py:3954} INFO - Setting next_dagrun for example_branch_dop_operator_v3 to 2026-05-23 11:55:00+00:00, run_after=2026-05-23 11:56:00+00:00
[2026-05-23T11:56:50.985+0000] {processor.py:183} INFO - Processing /home/vscode/.local/lib/python3.11/site-packages/airflow/example_dags/example_branch_python_dop_operator_3.py took 0.116 seconds
[2026-05-23T11:58:06.704+0000] {processor.py:161} INFO - Started process (PID=23251) to work on /home/vscode/.local/lib/python3.11/site-packages/airflow/example_dags/example_branch_python_dop_operator_3.py
[2026-05-23T11:58:06.705+0000] {processor.py:830} INFO - Processing file /home/vscode/.local/lib/python3.11/site-packages/airflow/example_dags/example_branch_python_dop_operator_3.py for tasks to queue
[2026-05-23T11:58:06.707+0000] {logging_mixin.py:188} INFO - [2026-05-23T11:58:06.705+0000] {dagbag.py:545} INFO - Filling up the DagBag from /home/vscode/.local/lib/python3.11/site-packages/airflow/example_dags/example_branch_python_dop_operator_3.py
[2026-05-23T11:58:06.716+0000] {processor.py:840} INFO - DAG(s) 'example_branch_dop_operator_v3' retrieved from /home/vscode/.local/lib/python3.11/site-packages/airflow/example_dags/example_branch_python_dop_operator_3.py
[2026-05-23T11:58:06.734+0000] {logging_mixin.py:188} INFO - [2026-05-23T11:58:06.734+0000] {dag.py:3096} INFO - Sync 1 DAGs
[2026-05-23T11:58:06.761+0000] {logging_mixin.py:188} INFO - [2026-05-23T11:58:06.761+0000] {dag.py:3954} INFO - Setting next_dagrun for example_branch_dop_operator_v3 to 2026-05-23 11:57:00+00:00, run_after=2026-05-23 11:58:00+00:00
[2026-05-23T11:58:06.784+0000] {processor.py:183} INFO - Processing /home/vscode/.local/lib/python3.11/site-packages/airflow/example_dags/example_branch_python_dop_operator_3.py took 0.102 seconds
