[2026-05-23T12:01:40.602+0000] {processor.py:161} INFO - Started process (PID=26347) to work on /home/vscode/.local/lib/python3.11/site-packages/airflow/example_dags/example_simplest_dag.py
[2026-05-23T12:01:40.602+0000] {processor.py:830} INFO - Processing file /home/vscode/.local/lib/python3.11/site-packages/airflow/example_dags/example_simplest_dag.py for tasks to queue
[2026-05-23T12:01:40.603+0000] {logging_mixin.py:188} INFO - [2026-05-23T12:01:40.603+0000] {dagbag.py:545} INFO - Filling up the DagBag from /home/vscode/.local/lib/python3.11/site-packages/airflow/example_dags/example_simplest_dag.py
[2026-05-23T12:01:40.610+0000] {logging_mixin.py:188} INFO - [2026-05-23T12:01:40.608+0000] {dagbag.py:355} ERROR - Failed to import: /home/vscode/.local/lib/python3.11/site-packages/airflow/example_dags/example_simplest_dag.py
Traceback (most recent call last):
  File "/home/vscode/.local/lib/python3.11/site-packages/airflow/models/dagbag.py", line 351, in parse
  File "<frozen importlib._bootstrap_external>", line 940, in exec_module
  File "<frozen importlib._bootstrap>", line 241, in _call_with_frames_removed
  File "/home/vscode/.local/lib/python3.11/site-packages/airflow/example_dags/example_simplest_dag.py", line 22, in <module>
    from airflow.sdk import dag, task
  File "/home/vscode/.local/lib/python3.11/site-packages/airflow/sdk/__init__.py", line 137, in __getattr__
    mod = importlib.import_module(module_path, __name__)
          ^^^^^^^^^^^^^^^^^^^^^^^^^^^^^^^^^^^^^^^^^^^^^^
  File "/usr/local/lib/python3.11/importlib/__init__.py", line 126, in import_module
    return _bootstrap._gcd_import(name[level:], package, level)
           ^^^^^^^^^^^^^^^^^^^^^^^^^^^^^^^^^^^^^^^^^^^^^^^^^^^^
  File "/home/vscode/.local/lib/python3.11/site-packages/airflow/sdk/definitions/dag.py", line 40, in <module>
    from airflow.exceptions import (
ImportError: cannot import name 'RemovedInAirflow4Warning' from 'airflow.exceptions' (/home/vscode/.local/lib/python3.11/site-packages/airflow/exceptions.py)
[2026-05-23T12:01:40.611+0000] {processor.py:842} WARNING - No viable dags retrieved from /home/vscode/.local/lib/python3.11/site-packages/airflow/example_dags/example_simplest_dag.py
[2026-05-23T12:01:40.635+0000] {processor.py:183} INFO - Processing /home/vscode/.local/lib/python3.11/site-packages/airflow/example_dags/example_simplest_dag.py took 0.044 seconds
[2026-05-23T12:02:15.995+0000] {processor.py:161} INFO - Started process (PID=28543) to work on /home/vscode/.local/lib/python3.11/site-packages/airflow/example_dags/example_simplest_dag.py
[2026-05-23T12:02:15.996+0000] {processor.py:830} INFO - Processing file /home/vscode/.local/lib/python3.11/site-packages/airflow/example_dags/example_simplest_dag.py for tasks to queue
[2026-05-23T12:02:15.996+0000] {logging_mixin.py:188} INFO - [2026-05-23T12:02:15.996+0000] {dagbag.py:545} INFO - Filling up the DagBag from /home/vscode/.local/lib/python3.11/site-packages/airflow/example_dags/example_simplest_dag.py
[2026-05-23T12:02:16.001+0000] {logging_mixin.py:188} INFO - [2026-05-23T12:02:15.999+0000] {dagbag.py:355} ERROR - Failed to import: /home/vscode/.local/lib/python3.11/site-packages/airflow/example_dags/example_simplest_dag.py
Traceback (most recent call last):
  File "/home/vscode/.local/lib/python3.11/site-packages/airflow/models/dagbag.py", line 351, in parse
  File "<frozen importlib._bootstrap_external>", line 940, in exec_module
  File "<frozen importlib._bootstrap>", line 241, in _call_with_frames_removed
  File "/home/vscode/.local/lib/python3.11/site-packages/airflow/example_dags/example_simplest_dag.py", line 22, in <module>
    from airflow.sdk import dag, task
  File "/home/vscode/.local/lib/python3.11/site-packages/airflow/sdk/__init__.py", line 137, in __getattr__
    mod = importlib.import_module(module_path, __name__)
          ^^^^^^^^^^^^^^^^^^^^^^^^^^^^^^^^^^^^^^^^^^^^^^
  File "/usr/local/lib/python3.11/importlib/__init__.py", line 126, in import_module
    return _bootstrap._gcd_import(name[level:], package, level)
           ^^^^^^^^^^^^^^^^^^^^^^^^^^^^^^^^^^^^^^^^^^^^^^^^^^^^
  File "/home/vscode/.local/lib/python3.11/site-packages/airflow/sdk/definitions/dag.py", line 40, in <module>
    from airflow.exceptions import (
ImportError: cannot import name 'RemovedInAirflow4Warning' from 'airflow.exceptions' (/home/vscode/.local/lib/python3.11/site-packages/airflow/exceptions.py)
[2026-05-23T12:02:16.001+0000] {processor.py:842} WARNING - No viable dags retrieved from /home/vscode/.local/lib/python3.11/site-packages/airflow/example_dags/example_simplest_dag.py
[2026-05-23T12:02:16.014+0000] {processor.py:183} INFO - Processing /home/vscode/.local/lib/python3.11/site-packages/airflow/example_dags/example_simplest_dag.py took 0.025 seconds
[2026-05-23T12:02:46.151+0000] {processor.py:161} INFO - Started process (PID=29613) to work on /home/vscode/.local/lib/python3.11/site-packages/airflow/example_dags/example_simplest_dag.py
[2026-05-23T12:02:46.152+0000] {processor.py:830} INFO - Processing file /home/vscode/.local/lib/python3.11/site-packages/airflow/example_dags/example_simplest_dag.py for tasks to queue
[2026-05-23T12:02:46.152+0000] {logging_mixin.py:188} INFO - [2026-05-23T12:02:46.152+0000] {dagbag.py:545} INFO - Filling up the DagBag from /home/vscode/.local/lib/python3.11/site-packages/airflow/example_dags/example_simplest_dag.py
[2026-05-23T12:02:46.156+0000] {logging_mixin.py:188} INFO - [2026-05-23T12:02:46.155+0000] {dagbag.py:355} ERROR - Failed to import: /home/vscode/.local/lib/python3.11/site-packages/airflow/example_dags/example_simplest_dag.py
Traceback (most recent call last):
  File "/home/vscode/.local/lib/python3.11/site-packages/airflow/models/dagbag.py", line 351, in parse
  File "<frozen importlib._bootstrap_external>", line 940, in exec_module
  File "<frozen importlib._bootstrap>", line 241, in _call_with_frames_removed
  File "/home/vscode/.local/lib/python3.11/site-packages/airflow/example_dags/example_simplest_dag.py", line 22, in <module>
    from airflow.sdk import dag, task
  File "/home/vscode/.local/lib/python3.11/site-packages/airflow/sdk/__init__.py", line 137, in __getattr__
    mod = importlib.import_module(module_path, __name__)
          ^^^^^^^^^^^^^^^^^^^^^^^^^^^^^^^^^^^^^^^^^^^^^^
  File "/usr/local/lib/python3.11/importlib/__init__.py", line 126, in import_module
    return _bootstrap._gcd_import(name[level:], package, level)
           ^^^^^^^^^^^^^^^^^^^^^^^^^^^^^^^^^^^^^^^^^^^^^^^^^^^^
  File "/home/vscode/.local/lib/python3.11/site-packages/airflow/sdk/definitions/dag.py", line 40, in <module>
    from airflow.exceptions import (
ImportError: cannot import name 'RemovedInAirflow4Warning' from 'airflow.exceptions' (/home/vscode/.local/lib/python3.11/site-packages/airflow/exceptions.py)
[2026-05-23T12:02:46.156+0000] {processor.py:842} WARNING - No viable dags retrieved from /home/vscode/.local/lib/python3.11/site-packages/airflow/example_dags/example_simplest_dag.py
[2026-05-23T12:02:46.169+0000] {processor.py:183} INFO - Processing /home/vscode/.local/lib/python3.11/site-packages/airflow/example_dags/example_simplest_dag.py took 0.025 seconds
[2026-05-23T12:03:16.778+0000] {processor.py:161} INFO - Started process (PID=29897) to work on /home/vscode/.local/lib/python3.11/site-packages/airflow/example_dags/example_simplest_dag.py
[2026-05-23T12:03:16.779+0000] {processor.py:830} INFO - Processing file /home/vscode/.local/lib/python3.11/site-packages/airflow/example_dags/example_simplest_dag.py for tasks to queue
[2026-05-23T12:03:16.779+0000] {logging_mixin.py:188} INFO - [2026-05-23T12:03:16.779+0000] {dagbag.py:545} INFO - Filling up the DagBag from /home/vscode/.local/lib/python3.11/site-packages/airflow/example_dags/example_simplest_dag.py
[2026-05-23T12:03:16.783+0000] {logging_mixin.py:188} INFO - [2026-05-23T12:03:16.782+0000] {dagbag.py:355} ERROR - Failed to import: /home/vscode/.local/lib/python3.11/site-packages/airflow/example_dags/example_simplest_dag.py
Traceback (most recent call last):
  File "/home/vscode/.local/lib/python3.11/site-packages/airflow/models/dagbag.py", line 351, in parse
  File "<frozen importlib._bootstrap_external>", line 940, in exec_module
  File "<frozen importlib._bootstrap>", line 241, in _call_with_frames_removed
  File "/home/vscode/.local/lib/python3.11/site-packages/airflow/example_dags/example_simplest_dag.py", line 22, in <module>
    from airflow.sdk import dag, task
  File "/home/vscode/.local/lib/python3.11/site-packages/airflow/sdk/__init__.py", line 137, in __getattr__
    mod = importlib.import_module(module_path, __name__)
          ^^^^^^^^^^^^^^^^^^^^^^^^^^^^^^^^^^^^^^^^^^^^^^
  File "/usr/local/lib/python3.11/importlib/__init__.py", line 126, in import_module
    return _bootstrap._gcd_import(name[level:], package, level)
           ^^^^^^^^^^^^^^^^^^^^^^^^^^^^^^^^^^^^^^^^^^^^^^^^^^^^
  File "/home/vscode/.local/lib/python3.11/site-packages/airflow/sdk/definitions/dag.py", line 40, in <module>
    from airflow.exceptions import (
ImportError: cannot import name 'RemovedInAirflow4Warning' from 'airflow.exceptions' (/home/vscode/.local/lib/python3.11/site-packages/airflow/exceptions.py)
[2026-05-23T12:03:16.784+0000] {processor.py:842} WARNING - No viable dags retrieved from /home/vscode/.local/lib/python3.11/site-packages/airflow/example_dags/example_simplest_dag.py
[2026-05-23T12:03:16.797+0000] {processor.py:183} INFO - Processing /home/vscode/.local/lib/python3.11/site-packages/airflow/example_dags/example_simplest_dag.py took 0.025 seconds
[2026-05-23T12:03:47.266+0000] {processor.py:161} INFO - Started process (PID=30014) to work on /home/vscode/.local/lib/python3.11/site-packages/airflow/example_dags/example_simplest_dag.py
[2026-05-23T12:03:47.266+0000] {processor.py:830} INFO - Processing file /home/vscode/.local/lib/python3.11/site-packages/airflow/example_dags/example_simplest_dag.py for tasks to queue
[2026-05-23T12:03:47.267+0000] {logging_mixin.py:188} INFO - [2026-05-23T12:03:47.267+0000] {dagbag.py:545} INFO - Filling up the DagBag from /home/vscode/.local/lib/python3.11/site-packages/airflow/example_dags/example_simplest_dag.py
[2026-05-23T12:03:47.271+0000] {logging_mixin.py:188} INFO - [2026-05-23T12:03:47.269+0000] {dagbag.py:355} ERROR - Failed to import: /home/vscode/.local/lib/python3.11/site-packages/airflow/example_dags/example_simplest_dag.py
Traceback (most recent call last):
  File "/home/vscode/.local/lib/python3.11/site-packages/airflow/models/dagbag.py", line 351, in parse
  File "<frozen importlib._bootstrap_external>", line 940, in exec_module
  File "<frozen importlib._bootstrap>", line 241, in _call_with_frames_removed
  File "/home/vscode/.local/lib/python3.11/site-packages/airflow/example_dags/example_simplest_dag.py", line 22, in <module>
    from airflow.sdk import dag, task
  File "/home/vscode/.local/lib/python3.11/site-packages/airflow/sdk/__init__.py", line 137, in __getattr__
    mod = importlib.import_module(module_path, __name__)
          ^^^^^^^^^^^^^^^^^^^^^^^^^^^^^^^^^^^^^^^^^^^^^^
  File "/usr/local/lib/python3.11/importlib/__init__.py", line 126, in import_module
    return _bootstrap._gcd_import(name[level:], package, level)
           ^^^^^^^^^^^^^^^^^^^^^^^^^^^^^^^^^^^^^^^^^^^^^^^^^^^^
  File "/home/vscode/.local/lib/python3.11/site-packages/airflow/sdk/definitions/dag.py", line 40, in <module>
    from airflow.exceptions import (
ImportError: cannot import name 'RemovedInAirflow4Warning' from 'airflow.exceptions' (/home/vscode/.local/lib/python3.11/site-packages/airflow/exceptions.py)
[2026-05-23T12:03:47.271+0000] {processor.py:842} WARNING - No viable dags retrieved from /home/vscode/.local/lib/python3.11/site-packages/airflow/example_dags/example_simplest_dag.py
[2026-05-23T12:03:47.283+0000] {processor.py:183} INFO - Processing /home/vscode/.local/lib/python3.11/site-packages/airflow/example_dags/example_simplest_dag.py took 0.024 seconds
[2026-05-23T12:04:17.622+0000] {processor.py:161} INFO - Started process (PID=30122) to work on /home/vscode/.local/lib/python3.11/site-packages/airflow/example_dags/example_simplest_dag.py
[2026-05-23T12:04:17.623+0000] {processor.py:830} INFO - Processing file /home/vscode/.local/lib/python3.11/site-packages/airflow/example_dags/example_simplest_dag.py for tasks to queue
[2026-05-23T12:04:17.623+0000] {logging_mixin.py:188} INFO - [2026-05-23T12:04:17.623+0000] {dagbag.py:545} INFO - Filling up the DagBag from /home/vscode/.local/lib/python3.11/site-packages/airflow/example_dags/example_simplest_dag.py
[2026-05-23T12:04:17.627+0000] {logging_mixin.py:188} INFO - [2026-05-23T12:04:17.626+0000] {dagbag.py:355} ERROR - Failed to import: /home/vscode/.local/lib/python3.11/site-packages/airflow/example_dags/example_simplest_dag.py
Traceback (most recent call last):
  File "/home/vscode/.local/lib/python3.11/site-packages/airflow/models/dagbag.py", line 351, in parse
  File "<frozen importlib._bootstrap_external>", line 940, in exec_module
  File "<frozen importlib._bootstrap>", line 241, in _call_with_frames_removed
  File "/home/vscode/.local/lib/python3.11/site-packages/airflow/example_dags/example_simplest_dag.py", line 22, in <module>
    from airflow.sdk import dag, task
  File "/home/vscode/.local/lib/python3.11/site-packages/airflow/sdk/__init__.py", line 137, in __getattr__
    mod = importlib.import_module(module_path, __name__)
          ^^^^^^^^^^^^^^^^^^^^^^^^^^^^^^^^^^^^^^^^^^^^^^
  File "/usr/local/lib/python3.11/importlib/__init__.py", line 126, in import_module
    return _bootstrap._gcd_import(name[level:], package, level)
           ^^^^^^^^^^^^^^^^^^^^^^^^^^^^^^^^^^^^^^^^^^^^^^^^^^^^
  File "/home/vscode/.local/lib/python3.11/site-packages/airflow/sdk/definitions/dag.py", line 40, in <module>
    from airflow.exceptions import (
ImportError: cannot import name 'RemovedInAirflow4Warning' from 'airflow.exceptions' (/home/vscode/.local/lib/python3.11/site-packages/airflow/exceptions.py)
[2026-05-23T12:04:17.627+0000] {processor.py:842} WARNING - No viable dags retrieved from /home/vscode/.local/lib/python3.11/site-packages/airflow/example_dags/example_simplest_dag.py
[2026-05-23T12:04:17.641+0000] {processor.py:183} INFO - Processing /home/vscode/.local/lib/python3.11/site-packages/airflow/example_dags/example_simplest_dag.py took 0.025 seconds
[2026-05-23T12:04:48.008+0000] {processor.py:161} INFO - Started process (PID=30237) to work on /home/vscode/.local/lib/python3.11/site-packages/airflow/example_dags/example_simplest_dag.py
[2026-05-23T12:04:48.009+0000] {processor.py:830} INFO - Processing file /home/vscode/.local/lib/python3.11/site-packages/airflow/example_dags/example_simplest_dag.py for tasks to queue
[2026-05-23T12:04:48.009+0000] {logging_mixin.py:188} INFO - [2026-05-23T12:04:48.009+0000] {dagbag.py:545} INFO - Filling up the DagBag from /home/vscode/.local/lib/python3.11/site-packages/airflow/example_dags/example_simplest_dag.py
[2026-05-23T12:04:48.013+0000] {logging_mixin.py:188} INFO - [2026-05-23T12:04:48.012+0000] {dagbag.py:355} ERROR - Failed to import: /home/vscode/.local/lib/python3.11/site-packages/airflow/example_dags/example_simplest_dag.py
Traceback (most recent call last):
  File "/home/vscode/.local/lib/python3.11/site-packages/airflow/models/dagbag.py", line 351, in parse
  File "<frozen importlib._bootstrap_external>", line 940, in exec_module
  File "<frozen importlib._bootstrap>", line 241, in _call_with_frames_removed
  File "/home/vscode/.local/lib/python3.11/site-packages/airflow/example_dags/example_simplest_dag.py", line 22, in <module>
    from airflow.sdk import dag, task
  File "/home/vscode/.local/lib/python3.11/site-packages/airflow/sdk/__init__.py", line 137, in __getattr__
    mod = importlib.import_module(module_path, __name__)
          ^^^^^^^^^^^^^^^^^^^^^^^^^^^^^^^^^^^^^^^^^^^^^^
  File "/usr/local/lib/python3.11/importlib/__init__.py", line 126, in import_module
    return _bootstrap._gcd_import(name[level:], package, level)
           ^^^^^^^^^^^^^^^^^^^^^^^^^^^^^^^^^^^^^^^^^^^^^^^^^^^^
  File "/home/vscode/.local/lib/python3.11/site-packages/airflow/sdk/definitions/dag.py", line 40, in <module>
    from airflow.exceptions import (
ImportError: cannot import name 'RemovedInAirflow4Warning' from 'airflow.exceptions' (/home/vscode/.local/lib/python3.11/site-packages/airflow/exceptions.py)
[2026-05-23T12:04:48.013+0000] {processor.py:842} WARNING - No viable dags retrieved from /home/vscode/.local/lib/python3.11/site-packages/airflow/example_dags/example_simplest_dag.py
[2026-05-23T12:04:48.026+0000] {processor.py:183} INFO - Processing /home/vscode/.local/lib/python3.11/site-packages/airflow/example_dags/example_simplest_dag.py took 0.024 seconds
[2026-05-23T12:05:18.419+0000] {processor.py:161} INFO - Started process (PID=30347) to work on /home/vscode/.local/lib/python3.11/site-packages/airflow/example_dags/example_simplest_dag.py
[2026-05-23T12:05:18.420+0000] {processor.py:830} INFO - Processing file /home/vscode/.local/lib/python3.11/site-packages/airflow/example_dags/example_simplest_dag.py for tasks to queue
[2026-05-23T12:05:18.420+0000] {logging_mixin.py:188} INFO - [2026-05-23T12:05:18.420+0000] {dagbag.py:545} INFO - Filling up the DagBag from /home/vscode/.local/lib/python3.11/site-packages/airflow/example_dags/example_simplest_dag.py
[2026-05-23T12:05:18.424+0000] {logging_mixin.py:188} INFO - [2026-05-23T12:05:18.423+0000] {dagbag.py:355} ERROR - Failed to import: /home/vscode/.local/lib/python3.11/site-packages/airflow/example_dags/example_simplest_dag.py
Traceback (most recent call last):
  File "/home/vscode/.local/lib/python3.11/site-packages/airflow/models/dagbag.py", line 351, in parse
  File "<frozen importlib._bootstrap_external>", line 940, in exec_module
  File "<frozen importlib._bootstrap>", line 241, in _call_with_frames_removed
  File "/home/vscode/.local/lib/python3.11/site-packages/airflow/example_dags/example_simplest_dag.py", line 22, in <module>
    from airflow.sdk import dag, task
  File "/home/vscode/.local/lib/python3.11/site-packages/airflow/sdk/__init__.py", line 137, in __getattr__
    mod = importlib.import_module(module_path, __name__)
          ^^^^^^^^^^^^^^^^^^^^^^^^^^^^^^^^^^^^^^^^^^^^^^
  File "/usr/local/lib/python3.11/importlib/__init__.py", line 126, in import_module
    return _bootstrap._gcd_import(name[level:], package, level)
           ^^^^^^^^^^^^^^^^^^^^^^^^^^^^^^^^^^^^^^^^^^^^^^^^^^^^
  File "/home/vscode/.local/lib/python3.11/site-packages/airflow/sdk/definitions/dag.py", line 40, in <module>
    from airflow.exceptions import (
ImportError: cannot import name 'RemovedInAirflow4Warning' from 'airflow.exceptions' (/home/vscode/.local/lib/python3.11/site-packages/airflow/exceptions.py)
[2026-05-23T12:05:18.424+0000] {processor.py:842} WARNING - No viable dags retrieved from /home/vscode/.local/lib/python3.11/site-packages/airflow/example_dags/example_simplest_dag.py
[2026-05-23T12:05:18.437+0000] {processor.py:183} INFO - Processing /home/vscode/.local/lib/python3.11/site-packages/airflow/example_dags/example_simplest_dag.py took 0.025 seconds
[2026-05-23T12:05:49.757+0000] {processor.py:161} INFO - Started process (PID=30463) to work on /home/vscode/.local/lib/python3.11/site-packages/airflow/example_dags/example_simplest_dag.py
[2026-05-23T12:05:49.757+0000] {processor.py:830} INFO - Processing file /home/vscode/.local/lib/python3.11/site-packages/airflow/example_dags/example_simplest_dag.py for tasks to queue
[2026-05-23T12:05:49.758+0000] {logging_mixin.py:188} INFO - [2026-05-23T12:05:49.757+0000] {dagbag.py:545} INFO - Filling up the DagBag from /home/vscode/.local/lib/python3.11/site-packages/airflow/example_dags/example_simplest_dag.py
[2026-05-23T12:05:49.761+0000] {logging_mixin.py:188} INFO - [2026-05-23T12:05:49.760+0000] {dagbag.py:355} ERROR - Failed to import: /home/vscode/.local/lib/python3.11/site-packages/airflow/example_dags/example_simplest_dag.py
Traceback (most recent call last):
  File "/home/vscode/.local/lib/python3.11/site-packages/airflow/models/dagbag.py", line 351, in parse
  File "<frozen importlib._bootstrap_external>", line 940, in exec_module
  File "<frozen importlib._bootstrap>", line 241, in _call_with_frames_removed
  File "/home/vscode/.local/lib/python3.11/site-packages/airflow/example_dags/example_simplest_dag.py", line 22, in <module>
    from airflow.sdk import dag, task
  File "/home/vscode/.local/lib/python3.11/site-packages/airflow/sdk/__init__.py", line 137, in __getattr__
    mod = importlib.import_module(module_path, __name__)
          ^^^^^^^^^^^^^^^^^^^^^^^^^^^^^^^^^^^^^^^^^^^^^^
  File "/usr/local/lib/python3.11/importlib/__init__.py", line 126, in import_module
    return _bootstrap._gcd_import(name[level:], package, level)
           ^^^^^^^^^^^^^^^^^^^^^^^^^^^^^^^^^^^^^^^^^^^^^^^^^^^^
  File "/home/vscode/.local/lib/python3.11/site-packages/airflow/sdk/definitions/dag.py", line 40, in <module>
    from airflow.exceptions import (
ImportError: cannot import name 'RemovedInAirflow4Warning' from 'airflow.exceptions' (/home/vscode/.local/lib/python3.11/site-packages/airflow/exceptions.py)
[2026-05-23T12:05:49.762+0000] {processor.py:842} WARNING - No viable dags retrieved from /home/vscode/.local/lib/python3.11/site-packages/airflow/example_dags/example_simplest_dag.py
[2026-05-23T12:05:49.775+0000] {processor.py:183} INFO - Processing /home/vscode/.local/lib/python3.11/site-packages/airflow/example_dags/example_simplest_dag.py took 0.025 seconds
[2026-05-23T12:06:20.597+0000] {processor.py:161} INFO - Started process (PID=30579) to work on /home/vscode/.local/lib/python3.11/site-packages/airflow/example_dags/example_simplest_dag.py
[2026-05-23T12:06:20.598+0000] {processor.py:830} INFO - Processing file /home/vscode/.local/lib/python3.11/site-packages/airflow/example_dags/example_simplest_dag.py for tasks to queue
[2026-05-23T12:06:20.599+0000] {logging_mixin.py:188} INFO - [2026-05-23T12:06:20.598+0000] {dagbag.py:545} INFO - Filling up the DagBag from /home/vscode/.local/lib/python3.11/site-packages/airflow/example_dags/example_simplest_dag.py
[2026-05-23T12:06:20.602+0000] {logging_mixin.py:188} INFO - [2026-05-23T12:06:20.601+0000] {dagbag.py:355} ERROR - Failed to import: /home/vscode/.local/lib/python3.11/site-packages/airflow/example_dags/example_simplest_dag.py
Traceback (most recent call last):
  File "/home/vscode/.local/lib/python3.11/site-packages/airflow/models/dagbag.py", line 351, in parse
  File "<frozen importlib._bootstrap_external>", line 940, in exec_module
  File "<frozen importlib._bootstrap>", line 241, in _call_with_frames_removed
  File "/home/vscode/.local/lib/python3.11/site-packages/airflow/example_dags/example_simplest_dag.py", line 22, in <module>
    from airflow.sdk import dag, task
  File "/home/vscode/.local/lib/python3.11/site-packages/airflow/sdk/__init__.py", line 137, in __getattr__
    mod = importlib.import_module(module_path, __name__)
          ^^^^^^^^^^^^^^^^^^^^^^^^^^^^^^^^^^^^^^^^^^^^^^
  File "/usr/local/lib/python3.11/importlib/__init__.py", line 126, in import_module
    return _bootstrap._gcd_import(name[level:], package, level)
           ^^^^^^^^^^^^^^^^^^^^^^^^^^^^^^^^^^^^^^^^^^^^^^^^^^^^
  File "/home/vscode/.local/lib/python3.11/site-packages/airflow/sdk/definitions/dag.py", line 40, in <module>
    from airflow.exceptions import (
ImportError: cannot import name 'RemovedInAirflow4Warning' from 'airflow.exceptions' (/home/vscode/.local/lib/python3.11/site-packages/airflow/exceptions.py)
[2026-05-23T12:06:20.603+0000] {processor.py:842} WARNING - No viable dags retrieved from /home/vscode/.local/lib/python3.11/site-packages/airflow/example_dags/example_simplest_dag.py
[2026-05-23T12:06:20.615+0000] {processor.py:183} INFO - Processing /home/vscode/.local/lib/python3.11/site-packages/airflow/example_dags/example_simplest_dag.py took 0.025 seconds
[2026-05-23T12:06:51.324+0000] {processor.py:161} INFO - Started process (PID=30688) to work on /home/vscode/.local/lib/python3.11/site-packages/airflow/example_dags/example_simplest_dag.py
[2026-05-23T12:06:51.324+0000] {processor.py:830} INFO - Processing file /home/vscode/.local/lib/python3.11/site-packages/airflow/example_dags/example_simplest_dag.py for tasks to queue
[2026-05-23T12:06:51.325+0000] {logging_mixin.py:188} INFO - [2026-05-23T12:06:51.325+0000] {dagbag.py:545} INFO - Filling up the DagBag from /home/vscode/.local/lib/python3.11/site-packages/airflow/example_dags/example_simplest_dag.py
[2026-05-23T12:06:51.329+0000] {logging_mixin.py:188} INFO - [2026-05-23T12:06:51.328+0000] {dagbag.py:355} ERROR - Failed to import: /home/vscode/.local/lib/python3.11/site-packages/airflow/example_dags/example_simplest_dag.py
Traceback (most recent call last):
  File "/home/vscode/.local/lib/python3.11/site-packages/airflow/models/dagbag.py", line 351, in parse
  File "<frozen importlib._bootstrap_external>", line 940, in exec_module
  File "<frozen importlib._bootstrap>", line 241, in _call_with_frames_removed
  File "/home/vscode/.local/lib/python3.11/site-packages/airflow/example_dags/example_simplest_dag.py", line 22, in <module>
    from airflow.sdk import dag, task
  File "/home/vscode/.local/lib/python3.11/site-packages/airflow/sdk/__init__.py", line 137, in __getattr__
    mod = importlib.import_module(module_path, __name__)
          ^^^^^^^^^^^^^^^^^^^^^^^^^^^^^^^^^^^^^^^^^^^^^^
  File "/usr/local/lib/python3.11/importlib/__init__.py", line 126, in import_module
    return _bootstrap._gcd_import(name[level:], package, level)
           ^^^^^^^^^^^^^^^^^^^^^^^^^^^^^^^^^^^^^^^^^^^^^^^^^^^^
  File "/home/vscode/.local/lib/python3.11/site-packages/airflow/sdk/definitions/dag.py", line 40, in <module>
    from airflow.exceptions import (
ImportError: cannot import name 'RemovedInAirflow4Warning' from 'airflow.exceptions' (/home/vscode/.local/lib/python3.11/site-packages/airflow/exceptions.py)
[2026-05-23T12:06:51.329+0000] {processor.py:842} WARNING - No viable dags retrieved from /home/vscode/.local/lib/python3.11/site-packages/airflow/example_dags/example_simplest_dag.py
[2026-05-23T12:06:51.342+0000] {processor.py:183} INFO - Processing /home/vscode/.local/lib/python3.11/site-packages/airflow/example_dags/example_simplest_dag.py took 0.025 seconds
[2026-05-23T12:07:22.042+0000] {processor.py:161} INFO - Started process (PID=30803) to work on /home/vscode/.local/lib/python3.11/site-packages/airflow/example_dags/example_simplest_dag.py
[2026-05-23T12:07:22.043+0000] {processor.py:830} INFO - Processing file /home/vscode/.local/lib/python3.11/site-packages/airflow/example_dags/example_simplest_dag.py for tasks to queue
[2026-05-23T12:07:22.043+0000] {logging_mixin.py:188} INFO - [2026-05-23T12:07:22.043+0000] {dagbag.py:545} INFO - Filling up the DagBag from /home/vscode/.local/lib/python3.11/site-packages/airflow/example_dags/example_simplest_dag.py
[2026-05-23T12:07:22.047+0000] {logging_mixin.py:188} INFO - [2026-05-23T12:07:22.046+0000] {dagbag.py:355} ERROR - Failed to import: /home/vscode/.local/lib/python3.11/site-packages/airflow/example_dags/example_simplest_dag.py
Traceback (most recent call last):
  File "/home/vscode/.local/lib/python3.11/site-packages/airflow/models/dagbag.py", line 351, in parse
  File "<frozen importlib._bootstrap_external>", line 940, in exec_module
  File "<frozen importlib._bootstrap>", line 241, in _call_with_frames_removed
  File "/home/vscode/.local/lib/python3.11/site-packages/airflow/example_dags/example_simplest_dag.py", line 22, in <module>
    from airflow.sdk import dag, task
  File "/home/vscode/.local/lib/python3.11/site-packages/airflow/sdk/__init__.py", line 137, in __getattr__
    mod = importlib.import_module(module_path, __name__)
          ^^^^^^^^^^^^^^^^^^^^^^^^^^^^^^^^^^^^^^^^^^^^^^
  File "/usr/local/lib/python3.11/importlib/__init__.py", line 126, in import_module
    return _bootstrap._gcd_import(name[level:], package, level)
           ^^^^^^^^^^^^^^^^^^^^^^^^^^^^^^^^^^^^^^^^^^^^^^^^^^^^
  File "/home/vscode/.local/lib/python3.11/site-packages/airflow/sdk/definitions/dag.py", line 40, in <module>
    from airflow.exceptions import (
ImportError: cannot import name 'RemovedInAirflow4Warning' from 'airflow.exceptions' (/home/vscode/.local/lib/python3.11/site-packages/airflow/exceptions.py)
[2026-05-23T12:07:22.047+0000] {processor.py:842} WARNING - No viable dags retrieved from /home/vscode/.local/lib/python3.11/site-packages/airflow/example_dags/example_simplest_dag.py
[2026-05-23T12:07:22.059+0000] {processor.py:183} INFO - Processing /home/vscode/.local/lib/python3.11/site-packages/airflow/example_dags/example_simplest_dag.py took 0.024 seconds
[2026-05-23T12:07:52.612+0000] {processor.py:161} INFO - Started process (PID=30913) to work on /home/vscode/.local/lib/python3.11/site-packages/airflow/example_dags/example_simplest_dag.py
[2026-05-23T12:07:52.612+0000] {processor.py:830} INFO - Processing file /home/vscode/.local/lib/python3.11/site-packages/airflow/example_dags/example_simplest_dag.py for tasks to queue
[2026-05-23T12:07:52.613+0000] {logging_mixin.py:188} INFO - [2026-05-23T12:07:52.613+0000] {dagbag.py:545} INFO - Filling up the DagBag from /home/vscode/.local/lib/python3.11/site-packages/airflow/example_dags/example_simplest_dag.py
[2026-05-23T12:07:52.616+0000] {logging_mixin.py:188} INFO - [2026-05-23T12:07:52.615+0000] {dagbag.py:355} ERROR - Failed to import: /home/vscode/.local/lib/python3.11/site-packages/airflow/example_dags/example_simplest_dag.py
Traceback (most recent call last):
  File "/home/vscode/.local/lib/python3.11/site-packages/airflow/models/dagbag.py", line 351, in parse
  File "<frozen importlib._bootstrap_external>", line 940, in exec_module
  File "<frozen importlib._bootstrap>", line 241, in _call_with_frames_removed
  File "/home/vscode/.local/lib/python3.11/site-packages/airflow/example_dags/example_simplest_dag.py", line 22, in <module>
    from airflow.sdk import dag, task
  File "/home/vscode/.local/lib/python3.11/site-packages/airflow/sdk/__init__.py", line 137, in __getattr__
    mod = importlib.import_module(module_path, __name__)
          ^^^^^^^^^^^^^^^^^^^^^^^^^^^^^^^^^^^^^^^^^^^^^^
  File "/usr/local/lib/python3.11/importlib/__init__.py", line 126, in import_module
    return _bootstrap._gcd_import(name[level:], package, level)
           ^^^^^^^^^^^^^^^^^^^^^^^^^^^^^^^^^^^^^^^^^^^^^^^^^^^^
  File "/home/vscode/.local/lib/python3.11/site-packages/airflow/sdk/definitions/dag.py", line 40, in <module>
    from airflow.exceptions import (
ImportError: cannot import name 'RemovedInAirflow4Warning' from 'airflow.exceptions' (/home/vscode/.local/lib/python3.11/site-packages/airflow/exceptions.py)
[2026-05-23T12:07:52.617+0000] {processor.py:842} WARNING - No viable dags retrieved from /home/vscode/.local/lib/python3.11/site-packages/airflow/example_dags/example_simplest_dag.py
[2026-05-23T12:07:52.629+0000] {processor.py:183} INFO - Processing /home/vscode/.local/lib/python3.11/site-packages/airflow/example_dags/example_simplest_dag.py took 0.024 seconds
[2026-05-23T12:08:24.192+0000] {processor.py:161} INFO - Started process (PID=31053) to work on /home/vscode/.local/lib/python3.11/site-packages/airflow/example_dags/example_simplest_dag.py
[2026-05-23T12:08:24.192+0000] {processor.py:830} INFO - Processing file /home/vscode/.local/lib/python3.11/site-packages/airflow/example_dags/example_simplest_dag.py for tasks to queue
[2026-05-23T12:08:24.193+0000] {logging_mixin.py:188} INFO - [2026-05-23T12:08:24.193+0000] {dagbag.py:545} INFO - Filling up the DagBag from /home/vscode/.local/lib/python3.11/site-packages/airflow/example_dags/example_simplest_dag.py
[2026-05-23T12:08:24.197+0000] {logging_mixin.py:188} INFO - [2026-05-23T12:08:24.195+0000] {dagbag.py:355} ERROR - Failed to import: /home/vscode/.local/lib/python3.11/site-packages/airflow/example_dags/example_simplest_dag.py
Traceback (most recent call last):
  File "/home/vscode/.local/lib/python3.11/site-packages/airflow/models/dagbag.py", line 351, in parse
  File "<frozen importlib._bootstrap_external>", line 940, in exec_module
  File "<frozen importlib._bootstrap>", line 241, in _call_with_frames_removed
  File "/home/vscode/.local/lib/python3.11/site-packages/airflow/example_dags/example_simplest_dag.py", line 22, in <module>
    from airflow.sdk import dag, task
  File "/home/vscode/.local/lib/python3.11/site-packages/airflow/sdk/__init__.py", line 137, in __getattr__
    mod = importlib.import_module(module_path, __name__)
          ^^^^^^^^^^^^^^^^^^^^^^^^^^^^^^^^^^^^^^^^^^^^^^
  File "/usr/local/lib/python3.11/importlib/__init__.py", line 126, in import_module
    return _bootstrap._gcd_import(name[level:], package, level)
           ^^^^^^^^^^^^^^^^^^^^^^^^^^^^^^^^^^^^^^^^^^^^^^^^^^^^
  File "/home/vscode/.local/lib/python3.11/site-packages/airflow/sdk/definitions/dag.py", line 40, in <module>
    from airflow.exceptions import (
ImportError: cannot import name 'RemovedInAirflow4Warning' from 'airflow.exceptions' (/home/vscode/.local/lib/python3.11/site-packages/airflow/exceptions.py)
[2026-05-23T12:08:24.197+0000] {processor.py:842} WARNING - No viable dags retrieved from /home/vscode/.local/lib/python3.11/site-packages/airflow/example_dags/example_simplest_dag.py
[2026-05-23T12:08:24.210+0000] {processor.py:183} INFO - Processing /home/vscode/.local/lib/python3.11/site-packages/airflow/example_dags/example_simplest_dag.py took 0.026 seconds
[2026-05-23T12:08:54.800+0000] {processor.py:161} INFO - Started process (PID=31274) to work on /home/vscode/.local/lib/python3.11/site-packages/airflow/example_dags/example_simplest_dag.py
[2026-05-23T12:08:54.800+0000] {processor.py:830} INFO - Processing file /home/vscode/.local/lib/python3.11/site-packages/airflow/example_dags/example_simplest_dag.py for tasks to queue
[2026-05-23T12:08:54.801+0000] {logging_mixin.py:188} INFO - [2026-05-23T12:08:54.801+0000] {dagbag.py:545} INFO - Filling up the DagBag from /home/vscode/.local/lib/python3.11/site-packages/airflow/example_dags/example_simplest_dag.py
[2026-05-23T12:08:54.805+0000] {logging_mixin.py:188} INFO - [2026-05-23T12:08:54.804+0000] {dagbag.py:355} ERROR - Failed to import: /home/vscode/.local/lib/python3.11/site-packages/airflow/example_dags/example_simplest_dag.py
Traceback (most recent call last):
  File "/home/vscode/.local/lib/python3.11/site-packages/airflow/models/dagbag.py", line 351, in parse
  File "<frozen importlib._bootstrap_external>", line 940, in exec_module
  File "<frozen importlib._bootstrap>", line 241, in _call_with_frames_removed
  File "/home/vscode/.local/lib/python3.11/site-packages/airflow/example_dags/example_simplest_dag.py", line 22, in <module>
    from airflow.sdk import dag, task
  File "/home/vscode/.local/lib/python3.11/site-packages/airflow/sdk/__init__.py", line 137, in __getattr__
    mod = importlib.import_module(module_path, __name__)
          ^^^^^^^^^^^^^^^^^^^^^^^^^^^^^^^^^^^^^^^^^^^^^^
  File "/usr/local/lib/python3.11/importlib/__init__.py", line 126, in import_module
    return _bootstrap._gcd_import(name[level:], package, level)
           ^^^^^^^^^^^^^^^^^^^^^^^^^^^^^^^^^^^^^^^^^^^^^^^^^^^^
  File "/home/vscode/.local/lib/python3.11/site-packages/airflow/sdk/definitions/dag.py", line 40, in <module>
    from airflow.exceptions import (
ImportError: cannot import name 'RemovedInAirflow4Warning' from 'airflow.exceptions' (/home/vscode/.local/lib/python3.11/site-packages/airflow/exceptions.py)
[2026-05-23T12:08:54.805+0000] {processor.py:842} WARNING - No viable dags retrieved from /home/vscode/.local/lib/python3.11/site-packages/airflow/example_dags/example_simplest_dag.py
[2026-05-23T12:08:54.818+0000] {processor.py:183} INFO - Processing /home/vscode/.local/lib/python3.11/site-packages/airflow/example_dags/example_simplest_dag.py took 0.024 seconds
[2026-05-23T12:09:25.179+0000] {processor.py:161} INFO - Started process (PID=31521) to work on /home/vscode/.local/lib/python3.11/site-packages/airflow/example_dags/example_simplest_dag.py
[2026-05-23T12:09:25.188+0000] {processor.py:830} INFO - Processing file /home/vscode/.local/lib/python3.11/site-packages/airflow/example_dags/example_simplest_dag.py for tasks to queue
[2026-05-23T12:09:25.188+0000] {logging_mixin.py:188} INFO - [2026-05-23T12:09:25.188+0000] {dagbag.py:545} INFO - Filling up the DagBag from /home/vscode/.local/lib/python3.11/site-packages/airflow/example_dags/example_simplest_dag.py
[2026-05-23T12:09:25.194+0000] {logging_mixin.py:188} INFO - [2026-05-23T12:09:25.192+0000] {dagbag.py:355} ERROR - Failed to import: /home/vscode/.local/lib/python3.11/site-packages/airflow/example_dags/example_simplest_dag.py
Traceback (most recent call last):
  File "/home/vscode/.local/lib/python3.11/site-packages/airflow/models/dagbag.py", line 351, in parse
  File "<frozen importlib._bootstrap_external>", line 940, in exec_module
  File "<frozen importlib._bootstrap>", line 241, in _call_with_frames_removed
  File "/home/vscode/.local/lib/python3.11/site-packages/airflow/example_dags/example_simplest_dag.py", line 22, in <module>
    from airflow.sdk import dag, task
  File "/home/vscode/.local/lib/python3.11/site-packages/airflow/sdk/__init__.py", line 137, in __getattr__
    mod = importlib.import_module(module_path, __name__)
          ^^^^^^^^^^^^^^^^^^^^^^^^^^^^^^^^^^^^^^^^^^^^^^
  File "/usr/local/lib/python3.11/importlib/__init__.py", line 126, in import_module
    return _bootstrap._gcd_import(name[level:], package, level)
           ^^^^^^^^^^^^^^^^^^^^^^^^^^^^^^^^^^^^^^^^^^^^^^^^^^^^
  File "/home/vscode/.local/lib/python3.11/site-packages/airflow/sdk/definitions/dag.py", line 40, in <module>
    from airflow.exceptions import (
ImportError: cannot import name 'RemovedInAirflow4Warning' from 'airflow.exceptions' (/home/vscode/.local/lib/python3.11/site-packages/airflow/exceptions.py)
[2026-05-23T12:09:25.194+0000] {processor.py:842} WARNING - No viable dags retrieved from /home/vscode/.local/lib/python3.11/site-packages/airflow/example_dags/example_simplest_dag.py
[2026-05-23T12:09:25.214+0000] {processor.py:183} INFO - Processing /home/vscode/.local/lib/python3.11/site-packages/airflow/example_dags/example_simplest_dag.py took 0.044 seconds
[2026-05-23T12:09:56.982+0000] {processor.py:161} INFO - Started process (PID=31702) to work on /home/vscode/.local/lib/python3.11/site-packages/airflow/example_dags/example_simplest_dag.py
[2026-05-23T12:09:56.983+0000] {processor.py:830} INFO - Processing file /home/vscode/.local/lib/python3.11/site-packages/airflow/example_dags/example_simplest_dag.py for tasks to queue
[2026-05-23T12:09:56.984+0000] {logging_mixin.py:188} INFO - [2026-05-23T12:09:56.983+0000] {dagbag.py:545} INFO - Filling up the DagBag from /home/vscode/.local/lib/python3.11/site-packages/airflow/example_dags/example_simplest_dag.py
[2026-05-23T12:09:56.988+0000] {logging_mixin.py:188} INFO - [2026-05-23T12:09:56.986+0000] {dagbag.py:355} ERROR - Failed to import: /home/vscode/.local/lib/python3.11/site-packages/airflow/example_dags/example_simplest_dag.py
Traceback (most recent call last):
  File "/home/vscode/.local/lib/python3.11/site-packages/airflow/models/dagbag.py", line 351, in parse
    loader.exec_module(new_module)
  File "<frozen importlib._bootstrap_external>", line 940, in exec_module
  File "<frozen importlib._bootstrap>", line 241, in _call_with_frames_removed
  File "/home/vscode/.local/lib/python3.11/site-packages/airflow/example_dags/example_simplest_dag.py", line 22, in <module>
    from airflow.sdk import dag, task
  File "/home/vscode/.local/lib/python3.11/site-packages/airflow/sdk/__init__.py", line 137, in __getattr__
    mod = importlib.import_module(module_path, __name__)
          ^^^^^^^^^^^^^^^^^^^^^^^^^^^^^^^^^^^^^^^^^^^^^^
  File "/usr/local/lib/python3.11/importlib/__init__.py", line 126, in import_module
    return _bootstrap._gcd_import(name[level:], package, level)
           ^^^^^^^^^^^^^^^^^^^^^^^^^^^^^^^^^^^^^^^^^^^^^^^^^^^^
  File "/home/vscode/.local/lib/python3.11/site-packages/airflow/sdk/definitions/dag.py", line 40, in <module>
    from airflow.exceptions import (
ImportError: cannot import name 'RemovedInAirflow4Warning' from 'airflow.exceptions' (/home/vscode/.local/lib/python3.11/site-packages/airflow/exceptions.py)
[2026-05-23T12:09:56.988+0000] {processor.py:842} WARNING - No viable dags retrieved from /home/vscode/.local/lib/python3.11/site-packages/airflow/example_dags/example_simplest_dag.py
[2026-05-23T12:09:57.001+0000] {processor.py:183} INFO - Processing /home/vscode/.local/lib/python3.11/site-packages/airflow/example_dags/example_simplest_dag.py took 0.025 seconds
[2026-05-23T12:10:27.383+0000] {processor.py:161} INFO - Started process (PID=31913) to work on /home/vscode/.local/lib/python3.11/site-packages/airflow/example_dags/example_simplest_dag.py
[2026-05-23T12:10:27.383+0000] {processor.py:830} INFO - Processing file /home/vscode/.local/lib/python3.11/site-packages/airflow/example_dags/example_simplest_dag.py for tasks to queue
[2026-05-23T12:10:27.384+0000] {logging_mixin.py:188} INFO - [2026-05-23T12:10:27.384+0000] {dagbag.py:545} INFO - Filling up the DagBag from /home/vscode/.local/lib/python3.11/site-packages/airflow/example_dags/example_simplest_dag.py
[2026-05-23T12:10:27.388+0000] {logging_mixin.py:188} INFO - [2026-05-23T12:10:27.387+0000] {dagbag.py:355} ERROR - Failed to import: /home/vscode/.local/lib/python3.11/site-packages/airflow/example_dags/example_simplest_dag.py
Traceback (most recent call last):
  File "/home/vscode/.local/lib/python3.11/site-packages/airflow/models/dagbag.py", line 351, in parse
    loader.exec_module(new_module)
  File "<frozen importlib._bootstrap_external>", line 940, in exec_module
  File "<frozen importlib._bootstrap>", line 241, in _call_with_frames_removed
  File "/home/vscode/.local/lib/python3.11/site-packages/airflow/example_dags/example_simplest_dag.py", line 22, in <module>
    from airflow.sdk import dag, task
  File "/home/vscode/.local/lib/python3.11/site-packages/airflow/sdk/__init__.py", line 137, in __getattr__
    mod = importlib.import_module(module_path, __name__)
          ^^^^^^^^^^^^^^^^^^^^^^^^^^^^^^^^^^^^^^^^^^^^^^
  File "/usr/local/lib/python3.11/importlib/__init__.py", line 126, in import_module
    return _bootstrap._gcd_import(name[level:], package, level)
           ^^^^^^^^^^^^^^^^^^^^^^^^^^^^^^^^^^^^^^^^^^^^^^^^^^^^
  File "/home/vscode/.local/lib/python3.11/site-packages/airflow/sdk/definitions/dag.py", line 40, in <module>
    from airflow.exceptions import (
ImportError: cannot import name 'RemovedInAirflow4Warning' from 'airflow.exceptions' (/home/vscode/.local/lib/python3.11/site-packages/airflow/exceptions.py)
[2026-05-23T12:10:27.388+0000] {processor.py:842} WARNING - No viable dags retrieved from /home/vscode/.local/lib/python3.11/site-packages/airflow/example_dags/example_simplest_dag.py
[2026-05-23T12:10:27.401+0000] {processor.py:183} INFO - Processing /home/vscode/.local/lib/python3.11/site-packages/airflow/example_dags/example_simplest_dag.py took 0.025 seconds
[2026-05-23T12:10:57.777+0000] {processor.py:161} INFO - Started process (PID=32104) to work on /home/vscode/.local/lib/python3.11/site-packages/airflow/example_dags/example_simplest_dag.py
[2026-05-23T12:10:57.778+0000] {processor.py:830} INFO - Processing file /home/vscode/.local/lib/python3.11/site-packages/airflow/example_dags/example_simplest_dag.py for tasks to queue
[2026-05-23T12:10:57.778+0000] {logging_mixin.py:188} INFO - [2026-05-23T12:10:57.778+0000] {dagbag.py:545} INFO - Filling up the DagBag from /home/vscode/.local/lib/python3.11/site-packages/airflow/example_dags/example_simplest_dag.py
[2026-05-23T12:10:57.782+0000] {logging_mixin.py:188} INFO - [2026-05-23T12:10:57.781+0000] {dagbag.py:355} ERROR - Failed to import: /home/vscode/.local/lib/python3.11/site-packages/airflow/example_dags/example_simplest_dag.py
Traceback (most recent call last):
  File "/home/vscode/.local/lib/python3.11/site-packages/airflow/models/dagbag.py", line 351, in parse
    loader.exec_module(new_module)
  File "<frozen importlib._bootstrap_external>", line 940, in exec_module
  File "<frozen importlib._bootstrap>", line 241, in _call_with_frames_removed
  File "/home/vscode/.local/lib/python3.11/site-packages/airflow/example_dags/example_simplest_dag.py", line 22, in <module>
    from airflow.sdk import dag, task
  File "/home/vscode/.local/lib/python3.11/site-packages/airflow/sdk/__init__.py", line 137, in __getattr__
    mod = importlib.import_module(module_path, __name__)
          ^^^^^^^^^^^^^^^^^^^^^^^^^^^^^^^^^^^^^^^^^^^^^^
  File "/usr/local/lib/python3.11/importlib/__init__.py", line 126, in import_module
    return _bootstrap._gcd_import(name[level:], package, level)
           ^^^^^^^^^^^^^^^^^^^^^^^^^^^^^^^^^^^^^^^^^^^^^^^^^^^^
  File "/home/vscode/.local/lib/python3.11/site-packages/airflow/sdk/definitions/dag.py", line 40, in <module>
    from airflow.exceptions import (
ImportError: cannot import name 'RemovedInAirflow4Warning' from 'airflow.exceptions' (/home/vscode/.local/lib/python3.11/site-packages/airflow/exceptions.py)
[2026-05-23T12:10:57.783+0000] {processor.py:842} WARNING - No viable dags retrieved from /home/vscode/.local/lib/python3.11/site-packages/airflow/example_dags/example_simplest_dag.py
[2026-05-23T12:10:57.795+0000] {processor.py:183} INFO - Processing /home/vscode/.local/lib/python3.11/site-packages/airflow/example_dags/example_simplest_dag.py took 0.025 seconds
