[2026-05-23T11:26:59.788+0000] {processor.py:161} INFO - Started process (PID=3295) to work on /home/vscode/.local/lib/python3.11/site-packages/airflow/example_dags/example_external_task_marker_dag.py
[2026-05-23T11:26:59.788+0000] {processor.py:830} INFO - Processing file /home/vscode/.local/lib/python3.11/site-packages/airflow/example_dags/example_external_task_marker_dag.py for tasks to queue
[2026-05-23T11:26:59.789+0000] {logging_mixin.py:188} INFO - [2026-05-23T11:26:59.789+0000] {dagbag.py:545} INFO - Filling up the DagBag from /home/vscode/.local/lib/python3.11/site-packages/airflow/example_dags/example_external_task_marker_dag.py
[2026-05-23T11:26:59.794+0000] {processor.py:840} INFO - DAG(s) 'example_external_task_marker_parent', 'example_external_task_marker_child' retrieved from /home/vscode/.local/lib/python3.11/site-packages/airflow/example_dags/example_external_task_marker_dag.py
[2026-05-23T11:26:59.991+0000] {logging_mixin.py:188} INFO - [2026-05-23T11:26:59.991+0000] {dag.py:3096} INFO - Sync 2 DAGs
[2026-05-23T11:26:59.998+0000] {logging_mixin.py:188} INFO - [2026-05-23T11:26:59.998+0000] {dag.py:3954} INFO - Setting next_dagrun for example_external_task_marker_child to None, run_after=None
[2026-05-23T11:27:00.000+0000] {logging_mixin.py:188} INFO - [2026-05-23T11:27:00.000+0000] {dag.py:3954} INFO - Setting next_dagrun for example_external_task_marker_parent to None, run_after=None
[2026-05-23T11:27:00.013+0000] {processor.py:183} INFO - Processing /home/vscode/.local/lib/python3.11/site-packages/airflow/example_dags/example_external_task_marker_dag.py took 0.232 seconds
[2026-05-23T11:27:59.076+0000] {processor.py:161} INFO - Started process (PID=4144) to work on /home/vscode/.local/lib/python3.11/site-packages/airflow/example_dags/example_external_task_marker_dag.py
[2026-05-23T11:27:59.076+0000] {processor.py:830} INFO - Processing file /home/vscode/.local/lib/python3.11/site-packages/airflow/example_dags/example_external_task_marker_dag.py for tasks to queue
[2026-05-23T11:27:59.077+0000] {logging_mixin.py:188} INFO - [2026-05-23T11:27:59.077+0000] {dagbag.py:545} INFO - Filling up the DagBag from /home/vscode/.local/lib/python3.11/site-packages/airflow/example_dags/example_external_task_marker_dag.py
[2026-05-23T11:27:59.080+0000] {processor.py:840} INFO - DAG(s) 'example_external_task_marker_child', 'example_external_task_marker_parent' retrieved from /home/vscode/.local/lib/python3.11/site-packages/airflow/example_dags/example_external_task_marker_dag.py
[2026-05-23T11:27:59.090+0000] {logging_mixin.py:188} INFO - [2026-05-23T11:27:59.090+0000] {dag.py:3096} INFO - Sync 2 DAGs
[2026-05-23T11:27:59.097+0000] {logging_mixin.py:188} INFO - [2026-05-23T11:27:59.097+0000] {dag.py:3954} INFO - Setting next_dagrun for example_external_task_marker_child to None, run_after=None
[2026-05-23T11:27:59.099+0000] {logging_mixin.py:188} INFO - [2026-05-23T11:27:59.099+0000] {dag.py:3954} INFO - Setting next_dagrun for example_external_task_marker_parent to None, run_after=None
[2026-05-23T11:27:59.113+0000] {processor.py:183} INFO - Processing /home/vscode/.local/lib/python3.11/site-packages/airflow/example_dags/example_external_task_marker_dag.py took 0.145 seconds
[2026-05-23T11:28:50.746+0000] {processor.py:161} INFO - Started process (PID=4605) to work on /home/vscode/.local/lib/python3.11/site-packages/airflow/example_dags/example_external_task_marker_dag.py
[2026-05-23T11:28:50.746+0000] {processor.py:830} INFO - Processing file /home/vscode/.local/lib/python3.11/site-packages/airflow/example_dags/example_external_task_marker_dag.py for tasks to queue
[2026-05-23T11:28:50.747+0000] {logging_mixin.py:188} INFO - [2026-05-23T11:28:50.747+0000] {dagbag.py:545} INFO - Filling up the DagBag from /home/vscode/.local/lib/python3.11/site-packages/airflow/example_dags/example_external_task_marker_dag.py
[2026-05-23T11:28:50.753+0000] {processor.py:840} INFO - DAG(s) 'example_external_task_marker_child', 'example_external_task_marker_parent' retrieved from /home/vscode/.local/lib/python3.11/site-packages/airflow/example_dags/example_external_task_marker_dag.py
[2026-05-23T11:28:50.774+0000] {logging_mixin.py:188} INFO - [2026-05-23T11:28:50.773+0000] {dag.py:3096} INFO - Sync 2 DAGs
[2026-05-23T11:28:50.786+0000] {logging_mixin.py:188} INFO - [2026-05-23T11:28:50.786+0000] {dag.py:3954} INFO - Setting next_dagrun for example_external_task_marker_child to None, run_after=None
[2026-05-23T11:28:50.790+0000] {logging_mixin.py:188} INFO - [2026-05-23T11:28:50.790+0000] {dag.py:3954} INFO - Setting next_dagrun for example_external_task_marker_parent to None, run_after=None
[2026-05-23T11:28:50.812+0000] {processor.py:183} INFO - Processing /home/vscode/.local/lib/python3.11/site-packages/airflow/example_dags/example_external_task_marker_dag.py took 0.076 seconds
[2026-05-23T11:29:54.158+0000] {processor.py:161} INFO - Started process (PID=5137) to work on /home/vscode/.local/lib/python3.11/site-packages/airflow/example_dags/example_external_task_marker_dag.py
[2026-05-23T11:29:54.158+0000] {processor.py:830} INFO - Processing file /home/vscode/.local/lib/python3.11/site-packages/airflow/example_dags/example_external_task_marker_dag.py for tasks to queue
[2026-05-23T11:29:54.159+0000] {logging_mixin.py:188} INFO - [2026-05-23T11:29:54.159+0000] {dagbag.py:545} INFO - Filling up the DagBag from /home/vscode/.local/lib/python3.11/site-packages/airflow/example_dags/example_external_task_marker_dag.py
[2026-05-23T11:29:54.163+0000] {processor.py:840} INFO - DAG(s) 'example_external_task_marker_parent', 'example_external_task_marker_child' retrieved from /home/vscode/.local/lib/python3.11/site-packages/airflow/example_dags/example_external_task_marker_dag.py
[2026-05-23T11:29:54.176+0000] {logging_mixin.py:188} INFO - [2026-05-23T11:29:54.176+0000] {dag.py:3096} INFO - Sync 2 DAGs
[2026-05-23T11:29:54.184+0000] {logging_mixin.py:188} INFO - [2026-05-23T11:29:54.184+0000] {dag.py:3954} INFO - Setting next_dagrun for example_external_task_marker_child to None, run_after=None
[2026-05-23T11:29:54.187+0000] {logging_mixin.py:188} INFO - [2026-05-23T11:29:54.187+0000] {dag.py:3954} INFO - Setting next_dagrun for example_external_task_marker_parent to None, run_after=None
[2026-05-23T11:29:54.201+0000] {processor.py:183} INFO - Processing /home/vscode/.local/lib/python3.11/site-packages/airflow/example_dags/example_external_task_marker_dag.py took 0.049 seconds
[2026-05-23T11:30:53.987+0000] {processor.py:161} INFO - Started process (PID=5767) to work on /home/vscode/.local/lib/python3.11/site-packages/airflow/example_dags/example_external_task_marker_dag.py
[2026-05-23T11:30:53.988+0000] {processor.py:830} INFO - Processing file /home/vscode/.local/lib/python3.11/site-packages/airflow/example_dags/example_external_task_marker_dag.py for tasks to queue
[2026-05-23T11:30:53.989+0000] {logging_mixin.py:188} INFO - [2026-05-23T11:30:53.988+0000] {dagbag.py:545} INFO - Filling up the DagBag from /home/vscode/.local/lib/python3.11/site-packages/airflow/example_dags/example_external_task_marker_dag.py
[2026-05-23T11:30:53.993+0000] {processor.py:840} INFO - DAG(s) 'example_external_task_marker_child', 'example_external_task_marker_parent' retrieved from /home/vscode/.local/lib/python3.11/site-packages/airflow/example_dags/example_external_task_marker_dag.py
[2026-05-23T11:30:54.007+0000] {logging_mixin.py:188} INFO - [2026-05-23T11:30:54.007+0000] {dag.py:3096} INFO - Sync 2 DAGs
[2026-05-23T11:30:54.017+0000] {logging_mixin.py:188} INFO - [2026-05-23T11:30:54.017+0000] {dag.py:3954} INFO - Setting next_dagrun for example_external_task_marker_child to None, run_after=None
[2026-05-23T11:30:54.019+0000] {logging_mixin.py:188} INFO - [2026-05-23T11:30:54.019+0000] {dag.py:3954} INFO - Setting next_dagrun for example_external_task_marker_parent to None, run_after=None
[2026-05-23T11:30:54.033+0000] {processor.py:183} INFO - Processing /home/vscode/.local/lib/python3.11/site-packages/airflow/example_dags/example_external_task_marker_dag.py took 0.053 seconds
[2026-05-23T11:31:59.140+0000] {processor.py:161} INFO - Started process (PID=6348) to work on /home/vscode/.local/lib/python3.11/site-packages/airflow/example_dags/example_external_task_marker_dag.py
[2026-05-23T11:31:59.141+0000] {processor.py:830} INFO - Processing file /home/vscode/.local/lib/python3.11/site-packages/airflow/example_dags/example_external_task_marker_dag.py for tasks to queue
[2026-05-23T11:31:59.141+0000] {logging_mixin.py:188} INFO - [2026-05-23T11:31:59.141+0000] {dagbag.py:545} INFO - Filling up the DagBag from /home/vscode/.local/lib/python3.11/site-packages/airflow/example_dags/example_external_task_marker_dag.py
[2026-05-23T11:31:59.146+0000] {processor.py:840} INFO - DAG(s) 'example_external_task_marker_parent', 'example_external_task_marker_child' retrieved from /home/vscode/.local/lib/python3.11/site-packages/airflow/example_dags/example_external_task_marker_dag.py
[2026-05-23T11:31:59.159+0000] {logging_mixin.py:188} INFO - [2026-05-23T11:31:59.159+0000] {dag.py:3096} INFO - Sync 2 DAGs
[2026-05-23T11:31:59.167+0000] {logging_mixin.py:188} INFO - [2026-05-23T11:31:59.167+0000] {dag.py:3954} INFO - Setting next_dagrun for example_external_task_marker_child to None, run_after=None
[2026-05-23T11:31:59.170+0000] {logging_mixin.py:188} INFO - [2026-05-23T11:31:59.169+0000] {dag.py:3954} INFO - Setting next_dagrun for example_external_task_marker_parent to None, run_after=None
[2026-05-23T11:31:59.184+0000] {processor.py:183} INFO - Processing /home/vscode/.local/lib/python3.11/site-packages/airflow/example_dags/example_external_task_marker_dag.py took 0.050 seconds
[2026-05-23T11:33:02.102+0000] {processor.py:161} INFO - Started process (PID=7538) to work on /home/vscode/.local/lib/python3.11/site-packages/airflow/example_dags/example_external_task_marker_dag.py
[2026-05-23T11:33:02.103+0000] {processor.py:830} INFO - Processing file /home/vscode/.local/lib/python3.11/site-packages/airflow/example_dags/example_external_task_marker_dag.py for tasks to queue
[2026-05-23T11:33:02.104+0000] {logging_mixin.py:188} INFO - [2026-05-23T11:33:02.103+0000] {dagbag.py:545} INFO - Filling up the DagBag from /home/vscode/.local/lib/python3.11/site-packages/airflow/example_dags/example_external_task_marker_dag.py
[2026-05-23T11:33:02.110+0000] {processor.py:840} INFO - DAG(s) 'example_external_task_marker_parent', 'example_external_task_marker_child' retrieved from /home/vscode/.local/lib/python3.11/site-packages/airflow/example_dags/example_external_task_marker_dag.py
[2026-05-23T11:33:02.130+0000] {logging_mixin.py:188} INFO - [2026-05-23T11:33:02.130+0000] {dag.py:3096} INFO - Sync 2 DAGs
[2026-05-23T11:33:02.143+0000] {logging_mixin.py:188} INFO - [2026-05-23T11:33:02.143+0000] {dag.py:3954} INFO - Setting next_dagrun for example_external_task_marker_child to None, run_after=None
[2026-05-23T11:33:02.147+0000] {logging_mixin.py:188} INFO - [2026-05-23T11:33:02.147+0000] {dag.py:3954} INFO - Setting next_dagrun for example_external_task_marker_parent to None, run_after=None
[2026-05-23T11:33:02.167+0000] {processor.py:183} INFO - Processing /home/vscode/.local/lib/python3.11/site-packages/airflow/example_dags/example_external_task_marker_dag.py took 0.081 seconds
[2026-05-23T11:33:56.458+0000] {processor.py:161} INFO - Started process (PID=8493) to work on /home/vscode/.local/lib/python3.11/site-packages/airflow/example_dags/example_external_task_marker_dag.py
[2026-05-23T11:33:56.458+0000] {processor.py:830} INFO - Processing file /home/vscode/.local/lib/python3.11/site-packages/airflow/example_dags/example_external_task_marker_dag.py for tasks to queue
[2026-05-23T11:33:56.459+0000] {logging_mixin.py:188} INFO - [2026-05-23T11:33:56.459+0000] {dagbag.py:545} INFO - Filling up the DagBag from /home/vscode/.local/lib/python3.11/site-packages/airflow/example_dags/example_external_task_marker_dag.py
[2026-05-23T11:33:56.463+0000] {processor.py:840} INFO - DAG(s) 'example_external_task_marker_child', 'example_external_task_marker_parent' retrieved from /home/vscode/.local/lib/python3.11/site-packages/airflow/example_dags/example_external_task_marker_dag.py
[2026-05-23T11:33:56.476+0000] {logging_mixin.py:188} INFO - [2026-05-23T11:33:56.476+0000] {dag.py:3096} INFO - Sync 2 DAGs
[2026-05-23T11:33:56.484+0000] {logging_mixin.py:188} INFO - [2026-05-23T11:33:56.484+0000] {dag.py:3954} INFO - Setting next_dagrun for example_external_task_marker_child to None, run_after=None
[2026-05-23T11:33:56.486+0000] {logging_mixin.py:188} INFO - [2026-05-23T11:33:56.486+0000] {dag.py:3954} INFO - Setting next_dagrun for example_external_task_marker_parent to None, run_after=None
[2026-05-23T11:33:56.502+0000] {processor.py:183} INFO - Processing /home/vscode/.local/lib/python3.11/site-packages/airflow/example_dags/example_external_task_marker_dag.py took 0.051 seconds
[2026-05-23T11:35:03.937+0000] {processor.py:161} INFO - Started process (PID=8931) to work on /home/vscode/.local/lib/python3.11/site-packages/airflow/example_dags/example_external_task_marker_dag.py
[2026-05-23T11:35:03.937+0000] {processor.py:830} INFO - Processing file /home/vscode/.local/lib/python3.11/site-packages/airflow/example_dags/example_external_task_marker_dag.py for tasks to queue
[2026-05-23T11:35:03.938+0000] {logging_mixin.py:188} INFO - [2026-05-23T11:35:03.938+0000] {dagbag.py:545} INFO - Filling up the DagBag from /home/vscode/.local/lib/python3.11/site-packages/airflow/example_dags/example_external_task_marker_dag.py
[2026-05-23T11:35:03.943+0000] {processor.py:840} INFO - DAG(s) 'example_external_task_marker_parent', 'example_external_task_marker_child' retrieved from /home/vscode/.local/lib/python3.11/site-packages/airflow/example_dags/example_external_task_marker_dag.py
[2026-05-23T11:35:03.957+0000] {logging_mixin.py:188} INFO - [2026-05-23T11:35:03.957+0000] {dag.py:3096} INFO - Sync 2 DAGs
[2026-05-23T11:35:03.965+0000] {logging_mixin.py:188} INFO - [2026-05-23T11:35:03.965+0000] {dag.py:3954} INFO - Setting next_dagrun for example_external_task_marker_child to None, run_after=None
[2026-05-23T11:35:03.968+0000] {logging_mixin.py:188} INFO - [2026-05-23T11:35:03.968+0000] {dag.py:3954} INFO - Setting next_dagrun for example_external_task_marker_parent to None, run_after=None
[2026-05-23T11:35:03.983+0000] {processor.py:183} INFO - Processing /home/vscode/.local/lib/python3.11/site-packages/airflow/example_dags/example_external_task_marker_dag.py took 0.053 seconds
[2026-05-23T11:36:08.223+0000] {processor.py:161} INFO - Started process (PID=9477) to work on /home/vscode/.local/lib/python3.11/site-packages/airflow/example_dags/example_external_task_marker_dag.py
[2026-05-23T11:36:08.224+0000] {processor.py:830} INFO - Processing file /home/vscode/.local/lib/python3.11/site-packages/airflow/example_dags/example_external_task_marker_dag.py for tasks to queue
[2026-05-23T11:36:08.225+0000] {logging_mixin.py:188} INFO - [2026-05-23T11:36:08.224+0000] {dagbag.py:545} INFO - Filling up the DagBag from /home/vscode/.local/lib/python3.11/site-packages/airflow/example_dags/example_external_task_marker_dag.py
[2026-05-23T11:36:08.229+0000] {processor.py:840} INFO - DAG(s) 'example_external_task_marker_parent', 'example_external_task_marker_child' retrieved from /home/vscode/.local/lib/python3.11/site-packages/airflow/example_dags/example_external_task_marker_dag.py
[2026-05-23T11:36:08.242+0000] {logging_mixin.py:188} INFO - [2026-05-23T11:36:08.242+0000] {dag.py:3096} INFO - Sync 2 DAGs
[2026-05-23T11:36:08.250+0000] {logging_mixin.py:188} INFO - [2026-05-23T11:36:08.250+0000] {dag.py:3954} INFO - Setting next_dagrun for example_external_task_marker_child to None, run_after=None
[2026-05-23T11:36:08.253+0000] {logging_mixin.py:188} INFO - [2026-05-23T11:36:08.253+0000] {dag.py:3954} INFO - Setting next_dagrun for example_external_task_marker_parent to None, run_after=None
[2026-05-23T11:36:08.268+0000] {processor.py:183} INFO - Processing /home/vscode/.local/lib/python3.11/site-packages/airflow/example_dags/example_external_task_marker_dag.py took 0.050 seconds
[2026-05-23T11:37:14.926+0000] {processor.py:161} INFO - Started process (PID=10062) to work on /home/vscode/.local/lib/python3.11/site-packages/airflow/example_dags/example_external_task_marker_dag.py
[2026-05-23T11:37:14.927+0000] {processor.py:830} INFO - Processing file /home/vscode/.local/lib/python3.11/site-packages/airflow/example_dags/example_external_task_marker_dag.py for tasks to queue
[2026-05-23T11:37:14.927+0000] {logging_mixin.py:188} INFO - [2026-05-23T11:37:14.927+0000] {dagbag.py:545} INFO - Filling up the DagBag from /home/vscode/.local/lib/python3.11/site-packages/airflow/example_dags/example_external_task_marker_dag.py
[2026-05-23T11:37:14.931+0000] {processor.py:840} INFO - DAG(s) 'example_external_task_marker_child', 'example_external_task_marker_parent' retrieved from /home/vscode/.local/lib/python3.11/site-packages/airflow/example_dags/example_external_task_marker_dag.py
[2026-05-23T11:37:14.944+0000] {logging_mixin.py:188} INFO - [2026-05-23T11:37:14.944+0000] {dag.py:3096} INFO - Sync 2 DAGs
[2026-05-23T11:37:14.952+0000] {logging_mixin.py:188} INFO - [2026-05-23T11:37:14.952+0000] {dag.py:3954} INFO - Setting next_dagrun for example_external_task_marker_child to None, run_after=None
[2026-05-23T11:37:14.954+0000] {logging_mixin.py:188} INFO - [2026-05-23T11:37:14.954+0000] {dag.py:3954} INFO - Setting next_dagrun for example_external_task_marker_parent to None, run_after=None
[2026-05-23T11:37:14.969+0000] {processor.py:183} INFO - Processing /home/vscode/.local/lib/python3.11/site-packages/airflow/example_dags/example_external_task_marker_dag.py took 0.049 seconds
[2026-05-23T11:38:19.731+0000] {processor.py:161} INFO - Started process (PID=10643) to work on /home/vscode/.local/lib/python3.11/site-packages/airflow/example_dags/example_external_task_marker_dag.py
[2026-05-23T11:38:19.731+0000] {processor.py:830} INFO - Processing file /home/vscode/.local/lib/python3.11/site-packages/airflow/example_dags/example_external_task_marker_dag.py for tasks to queue
[2026-05-23T11:38:19.732+0000] {logging_mixin.py:188} INFO - [2026-05-23T11:38:19.731+0000] {dagbag.py:545} INFO - Filling up the DagBag from /home/vscode/.local/lib/python3.11/site-packages/airflow/example_dags/example_external_task_marker_dag.py
[2026-05-23T11:38:19.736+0000] {processor.py:840} INFO - DAG(s) 'example_external_task_marker_parent', 'example_external_task_marker_child' retrieved from /home/vscode/.local/lib/python3.11/site-packages/airflow/example_dags/example_external_task_marker_dag.py
[2026-05-23T11:38:19.748+0000] {logging_mixin.py:188} INFO - [2026-05-23T11:38:19.748+0000] {dag.py:3096} INFO - Sync 2 DAGs
[2026-05-23T11:38:19.756+0000] {logging_mixin.py:188} INFO - [2026-05-23T11:38:19.756+0000] {dag.py:3954} INFO - Setting next_dagrun for example_external_task_marker_child to None, run_after=None
[2026-05-23T11:38:19.758+0000] {logging_mixin.py:188} INFO - [2026-05-23T11:38:19.758+0000] {dag.py:3954} INFO - Setting next_dagrun for example_external_task_marker_parent to None, run_after=None
[2026-05-23T11:38:19.772+0000] {processor.py:183} INFO - Processing /home/vscode/.local/lib/python3.11/site-packages/airflow/example_dags/example_external_task_marker_dag.py took 0.048 seconds
[2026-05-23T11:39:22.177+0000] {processor.py:161} INFO - Started process (PID=11177) to work on /home/vscode/.local/lib/python3.11/site-packages/airflow/example_dags/example_external_task_marker_dag.py
[2026-05-23T11:39:22.178+0000] {processor.py:830} INFO - Processing file /home/vscode/.local/lib/python3.11/site-packages/airflow/example_dags/example_external_task_marker_dag.py for tasks to queue
[2026-05-23T11:39:22.178+0000] {logging_mixin.py:188} INFO - [2026-05-23T11:39:22.178+0000] {dagbag.py:545} INFO - Filling up the DagBag from /home/vscode/.local/lib/python3.11/site-packages/airflow/example_dags/example_external_task_marker_dag.py
[2026-05-23T11:39:22.182+0000] {processor.py:840} INFO - DAG(s) 'example_external_task_marker_parent', 'example_external_task_marker_child' retrieved from /home/vscode/.local/lib/python3.11/site-packages/airflow/example_dags/example_external_task_marker_dag.py
[2026-05-23T11:39:22.196+0000] {logging_mixin.py:188} INFO - [2026-05-23T11:39:22.196+0000] {dag.py:3096} INFO - Sync 2 DAGs
[2026-05-23T11:39:22.204+0000] {logging_mixin.py:188} INFO - [2026-05-23T11:39:22.204+0000] {dag.py:3954} INFO - Setting next_dagrun for example_external_task_marker_child to None, run_after=None
[2026-05-23T11:39:22.206+0000] {logging_mixin.py:188} INFO - [2026-05-23T11:39:22.206+0000] {dag.py:3954} INFO - Setting next_dagrun for example_external_task_marker_parent to None, run_after=None
[2026-05-23T11:39:22.225+0000] {processor.py:183} INFO - Processing /home/vscode/.local/lib/python3.11/site-packages/airflow/example_dags/example_external_task_marker_dag.py took 0.054 seconds
[2026-05-23T11:40:23.830+0000] {processor.py:161} INFO - Started process (PID=11787) to work on /home/vscode/.local/lib/python3.11/site-packages/airflow/example_dags/example_external_task_marker_dag.py
[2026-05-23T11:40:23.831+0000] {processor.py:830} INFO - Processing file /home/vscode/.local/lib/python3.11/site-packages/airflow/example_dags/example_external_task_marker_dag.py for tasks to queue
[2026-05-23T11:40:23.831+0000] {logging_mixin.py:188} INFO - [2026-05-23T11:40:23.831+0000] {dagbag.py:545} INFO - Filling up the DagBag from /home/vscode/.local/lib/python3.11/site-packages/airflow/example_dags/example_external_task_marker_dag.py
[2026-05-23T11:40:23.836+0000] {processor.py:840} INFO - DAG(s) 'example_external_task_marker_child', 'example_external_task_marker_parent' retrieved from /home/vscode/.local/lib/python3.11/site-packages/airflow/example_dags/example_external_task_marker_dag.py
[2026-05-23T11:40:23.850+0000] {logging_mixin.py:188} INFO - [2026-05-23T11:40:23.849+0000] {dag.py:3096} INFO - Sync 2 DAGs
[2026-05-23T11:40:23.858+0000] {logging_mixin.py:188} INFO - [2026-05-23T11:40:23.858+0000] {dag.py:3954} INFO - Setting next_dagrun for example_external_task_marker_child to None, run_after=None
[2026-05-23T11:40:23.860+0000] {logging_mixin.py:188} INFO - [2026-05-23T11:40:23.860+0000] {dag.py:3954} INFO - Setting next_dagrun for example_external_task_marker_parent to None, run_after=None
[2026-05-23T11:40:23.875+0000] {processor.py:183} INFO - Processing /home/vscode/.local/lib/python3.11/site-packages/airflow/example_dags/example_external_task_marker_dag.py took 0.052 seconds
[2026-05-23T11:41:28.706+0000] {processor.py:161} INFO - Started process (PID=12375) to work on /home/vscode/.local/lib/python3.11/site-packages/airflow/example_dags/example_external_task_marker_dag.py
[2026-05-23T11:41:28.707+0000] {processor.py:830} INFO - Processing file /home/vscode/.local/lib/python3.11/site-packages/airflow/example_dags/example_external_task_marker_dag.py for tasks to queue
[2026-05-23T11:41:28.708+0000] {logging_mixin.py:188} INFO - [2026-05-23T11:41:28.707+0000] {dagbag.py:545} INFO - Filling up the DagBag from /home/vscode/.local/lib/python3.11/site-packages/airflow/example_dags/example_external_task_marker_dag.py
[2026-05-23T11:41:28.712+0000] {processor.py:840} INFO - DAG(s) 'example_external_task_marker_child', 'example_external_task_marker_parent' retrieved from /home/vscode/.local/lib/python3.11/site-packages/airflow/example_dags/example_external_task_marker_dag.py
[2026-05-23T11:41:28.724+0000] {logging_mixin.py:188} INFO - [2026-05-23T11:41:28.724+0000] {dag.py:3096} INFO - Sync 2 DAGs
[2026-05-23T11:41:28.732+0000] {logging_mixin.py:188} INFO - [2026-05-23T11:41:28.732+0000] {dag.py:3954} INFO - Setting next_dagrun for example_external_task_marker_child to None, run_after=None
[2026-05-23T11:41:28.734+0000] {logging_mixin.py:188} INFO - [2026-05-23T11:41:28.734+0000] {dag.py:3954} INFO - Setting next_dagrun for example_external_task_marker_parent to None, run_after=None
[2026-05-23T11:41:28.748+0000] {processor.py:183} INFO - Processing /home/vscode/.local/lib/python3.11/site-packages/airflow/example_dags/example_external_task_marker_dag.py took 0.048 seconds
[2026-05-23T11:42:32.731+0000] {processor.py:161} INFO - Started process (PID=12963) to work on /home/vscode/.local/lib/python3.11/site-packages/airflow/example_dags/example_external_task_marker_dag.py
[2026-05-23T11:42:32.732+0000] {processor.py:830} INFO - Processing file /home/vscode/.local/lib/python3.11/site-packages/airflow/example_dags/example_external_task_marker_dag.py for tasks to queue
[2026-05-23T11:42:32.732+0000] {logging_mixin.py:188} INFO - [2026-05-23T11:42:32.732+0000] {dagbag.py:545} INFO - Filling up the DagBag from /home/vscode/.local/lib/python3.11/site-packages/airflow/example_dags/example_external_task_marker_dag.py
[2026-05-23T11:42:32.737+0000] {processor.py:840} INFO - DAG(s) 'example_external_task_marker_parent', 'example_external_task_marker_child' retrieved from /home/vscode/.local/lib/python3.11/site-packages/airflow/example_dags/example_external_task_marker_dag.py
[2026-05-23T11:42:32.749+0000] {logging_mixin.py:188} INFO - [2026-05-23T11:42:32.749+0000] {dag.py:3096} INFO - Sync 2 DAGs
[2026-05-23T11:42:32.760+0000] {logging_mixin.py:188} INFO - [2026-05-23T11:42:32.759+0000] {dag.py:3954} INFO - Setting next_dagrun for example_external_task_marker_child to None, run_after=None
[2026-05-23T11:42:32.762+0000] {logging_mixin.py:188} INFO - [2026-05-23T11:42:32.762+0000] {dag.py:3954} INFO - Setting next_dagrun for example_external_task_marker_parent to None, run_after=None
[2026-05-23T11:42:32.775+0000] {processor.py:183} INFO - Processing /home/vscode/.local/lib/python3.11/site-packages/airflow/example_dags/example_external_task_marker_dag.py took 0.053 seconds
[2026-05-23T11:43:40.838+0000] {processor.py:161} INFO - Started process (PID=13518) to work on /home/vscode/.local/lib/python3.11/site-packages/airflow/example_dags/example_external_task_marker_dag.py
[2026-05-23T11:43:40.838+0000] {processor.py:830} INFO - Processing file /home/vscode/.local/lib/python3.11/site-packages/airflow/example_dags/example_external_task_marker_dag.py for tasks to queue
[2026-05-23T11:43:40.839+0000] {logging_mixin.py:188} INFO - [2026-05-23T11:43:40.839+0000] {dagbag.py:545} INFO - Filling up the DagBag from /home/vscode/.local/lib/python3.11/site-packages/airflow/example_dags/example_external_task_marker_dag.py
[2026-05-23T11:43:40.843+0000] {processor.py:840} INFO - DAG(s) 'example_external_task_marker_parent', 'example_external_task_marker_child' retrieved from /home/vscode/.local/lib/python3.11/site-packages/airflow/example_dags/example_external_task_marker_dag.py
[2026-05-23T11:43:40.856+0000] {logging_mixin.py:188} INFO - [2026-05-23T11:43:40.856+0000] {dag.py:3096} INFO - Sync 2 DAGs
[2026-05-23T11:43:40.864+0000] {logging_mixin.py:188} INFO - [2026-05-23T11:43:40.864+0000] {dag.py:3954} INFO - Setting next_dagrun for example_external_task_marker_child to None, run_after=None
[2026-05-23T11:43:40.867+0000] {logging_mixin.py:188} INFO - [2026-05-23T11:43:40.867+0000] {dag.py:3954} INFO - Setting next_dagrun for example_external_task_marker_parent to None, run_after=None
[2026-05-23T11:43:40.881+0000] {processor.py:183} INFO - Processing /home/vscode/.local/lib/python3.11/site-packages/airflow/example_dags/example_external_task_marker_dag.py took 0.049 seconds
[2026-05-23T11:44:44.237+0000] {processor.py:161} INFO - Started process (PID=14100) to work on /home/vscode/.local/lib/python3.11/site-packages/airflow/example_dags/example_external_task_marker_dag.py
[2026-05-23T11:44:44.238+0000] {processor.py:830} INFO - Processing file /home/vscode/.local/lib/python3.11/site-packages/airflow/example_dags/example_external_task_marker_dag.py for tasks to queue
[2026-05-23T11:44:44.238+0000] {logging_mixin.py:188} INFO - [2026-05-23T11:44:44.238+0000] {dagbag.py:545} INFO - Filling up the DagBag from /home/vscode/.local/lib/python3.11/site-packages/airflow/example_dags/example_external_task_marker_dag.py
[2026-05-23T11:44:44.242+0000] {processor.py:840} INFO - DAG(s) 'example_external_task_marker_parent', 'example_external_task_marker_child' retrieved from /home/vscode/.local/lib/python3.11/site-packages/airflow/example_dags/example_external_task_marker_dag.py
[2026-05-23T11:44:44.255+0000] {logging_mixin.py:188} INFO - [2026-05-23T11:44:44.255+0000] {dag.py:3096} INFO - Sync 2 DAGs
[2026-05-23T11:44:44.263+0000] {logging_mixin.py:188} INFO - [2026-05-23T11:44:44.263+0000] {dag.py:3954} INFO - Setting next_dagrun for example_external_task_marker_child to None, run_after=None
[2026-05-23T11:44:44.266+0000] {logging_mixin.py:188} INFO - [2026-05-23T11:44:44.266+0000] {dag.py:3954} INFO - Setting next_dagrun for example_external_task_marker_parent to None, run_after=None
[2026-05-23T11:44:44.280+0000] {processor.py:183} INFO - Processing /home/vscode/.local/lib/python3.11/site-packages/airflow/example_dags/example_external_task_marker_dag.py took 0.050 seconds
[2026-05-23T11:45:49.506+0000] {processor.py:161} INFO - Started process (PID=14845) to work on /home/vscode/.local/lib/python3.11/site-packages/airflow/example_dags/example_external_task_marker_dag.py
[2026-05-23T11:45:49.507+0000] {processor.py:830} INFO - Processing file /home/vscode/.local/lib/python3.11/site-packages/airflow/example_dags/example_external_task_marker_dag.py for tasks to queue
[2026-05-23T11:45:49.507+0000] {logging_mixin.py:188} INFO - [2026-05-23T11:45:49.507+0000] {dagbag.py:545} INFO - Filling up the DagBag from /home/vscode/.local/lib/python3.11/site-packages/airflow/example_dags/example_external_task_marker_dag.py
[2026-05-23T11:45:49.512+0000] {processor.py:840} INFO - DAG(s) 'example_external_task_marker_child', 'example_external_task_marker_parent' retrieved from /home/vscode/.local/lib/python3.11/site-packages/airflow/example_dags/example_external_task_marker_dag.py
[2026-05-23T11:45:49.525+0000] {logging_mixin.py:188} INFO - [2026-05-23T11:45:49.524+0000] {dag.py:3096} INFO - Sync 2 DAGs
[2026-05-23T11:45:49.533+0000] {logging_mixin.py:188} INFO - [2026-05-23T11:45:49.533+0000] {dag.py:3954} INFO - Setting next_dagrun for example_external_task_marker_child to None, run_after=None
[2026-05-23T11:45:49.536+0000] {logging_mixin.py:188} INFO - [2026-05-23T11:45:49.536+0000] {dag.py:3954} INFO - Setting next_dagrun for example_external_task_marker_parent to None, run_after=None
[2026-05-23T11:45:49.550+0000] {processor.py:183} INFO - Processing /home/vscode/.local/lib/python3.11/site-packages/airflow/example_dags/example_external_task_marker_dag.py took 0.050 seconds
[2026-05-23T11:46:48.631+0000] {processor.py:161} INFO - Started process (PID=15463) to work on /home/vscode/.local/lib/python3.11/site-packages/airflow/example_dags/example_external_task_marker_dag.py
[2026-05-23T11:46:48.632+0000] {processor.py:830} INFO - Processing file /home/vscode/.local/lib/python3.11/site-packages/airflow/example_dags/example_external_task_marker_dag.py for tasks to queue
[2026-05-23T11:46:48.633+0000] {logging_mixin.py:188} INFO - [2026-05-23T11:46:48.633+0000] {dagbag.py:545} INFO - Filling up the DagBag from /home/vscode/.local/lib/python3.11/site-packages/airflow/example_dags/example_external_task_marker_dag.py
[2026-05-23T11:46:48.640+0000] {processor.py:840} INFO - DAG(s) 'example_external_task_marker_parent', 'example_external_task_marker_child' retrieved from /home/vscode/.local/lib/python3.11/site-packages/airflow/example_dags/example_external_task_marker_dag.py
[2026-05-23T11:46:48.663+0000] {logging_mixin.py:188} INFO - [2026-05-23T11:46:48.663+0000] {dag.py:3096} INFO - Sync 2 DAGs
[2026-05-23T11:46:48.681+0000] {logging_mixin.py:188} INFO - [2026-05-23T11:46:48.680+0000] {dag.py:3954} INFO - Setting next_dagrun for example_external_task_marker_child to None, run_after=None
[2026-05-23T11:46:48.687+0000] {logging_mixin.py:188} INFO - [2026-05-23T11:46:48.686+0000] {dag.py:3954} INFO - Setting next_dagrun for example_external_task_marker_parent to None, run_after=None
[2026-05-23T11:46:48.702+0000] {processor.py:183} INFO - Processing /home/vscode/.local/lib/python3.11/site-packages/airflow/example_dags/example_external_task_marker_dag.py took 0.081 seconds
[2026-05-23T11:47:52.243+0000] {processor.py:161} INFO - Started process (PID=15996) to work on /home/vscode/.local/lib/python3.11/site-packages/airflow/example_dags/example_external_task_marker_dag.py
[2026-05-23T11:47:52.244+0000] {processor.py:830} INFO - Processing file /home/vscode/.local/lib/python3.11/site-packages/airflow/example_dags/example_external_task_marker_dag.py for tasks to queue
[2026-05-23T11:47:52.244+0000] {logging_mixin.py:188} INFO - [2026-05-23T11:47:52.244+0000] {dagbag.py:545} INFO - Filling up the DagBag from /home/vscode/.local/lib/python3.11/site-packages/airflow/example_dags/example_external_task_marker_dag.py
[2026-05-23T11:47:52.250+0000] {processor.py:840} INFO - DAG(s) 'example_external_task_marker_parent', 'example_external_task_marker_child' retrieved from /home/vscode/.local/lib/python3.11/site-packages/airflow/example_dags/example_external_task_marker_dag.py
[2026-05-23T11:47:52.268+0000] {logging_mixin.py:188} INFO - [2026-05-23T11:47:52.268+0000] {dag.py:3096} INFO - Sync 2 DAGs
[2026-05-23T11:47:52.283+0000] {logging_mixin.py:188} INFO - [2026-05-23T11:47:52.283+0000] {dag.py:3954} INFO - Setting next_dagrun for example_external_task_marker_child to None, run_after=None
[2026-05-23T11:47:52.290+0000] {logging_mixin.py:188} INFO - [2026-05-23T11:47:52.290+0000] {dag.py:3954} INFO - Setting next_dagrun for example_external_task_marker_parent to None, run_after=None
[2026-05-23T11:47:52.325+0000] {processor.py:183} INFO - Processing /home/vscode/.local/lib/python3.11/site-packages/airflow/example_dags/example_external_task_marker_dag.py took 0.088 seconds
[2026-05-23T11:48:52.760+0000] {processor.py:161} INFO - Started process (PID=16634) to work on /home/vscode/.local/lib/python3.11/site-packages/airflow/example_dags/example_external_task_marker_dag.py
[2026-05-23T11:48:52.760+0000] {processor.py:830} INFO - Processing file /home/vscode/.local/lib/python3.11/site-packages/airflow/example_dags/example_external_task_marker_dag.py for tasks to queue
[2026-05-23T11:48:52.761+0000] {logging_mixin.py:188} INFO - [2026-05-23T11:48:52.761+0000] {dagbag.py:545} INFO - Filling up the DagBag from /home/vscode/.local/lib/python3.11/site-packages/airflow/example_dags/example_external_task_marker_dag.py
[2026-05-23T11:48:52.765+0000] {processor.py:840} INFO - DAG(s) 'example_external_task_marker_parent', 'example_external_task_marker_child' retrieved from /home/vscode/.local/lib/python3.11/site-packages/airflow/example_dags/example_external_task_marker_dag.py
[2026-05-23T11:48:52.780+0000] {logging_mixin.py:188} INFO - [2026-05-23T11:48:52.779+0000] {dag.py:3096} INFO - Sync 2 DAGs
[2026-05-23T11:48:52.789+0000] {logging_mixin.py:188} INFO - [2026-05-23T11:48:52.789+0000] {dag.py:3954} INFO - Setting next_dagrun for example_external_task_marker_child to None, run_after=None
[2026-05-23T11:48:52.792+0000] {logging_mixin.py:188} INFO - [2026-05-23T11:48:52.792+0000] {dag.py:3954} INFO - Setting next_dagrun for example_external_task_marker_parent to None, run_after=None
[2026-05-23T11:48:52.808+0000] {processor.py:183} INFO - Processing /home/vscode/.local/lib/python3.11/site-packages/airflow/example_dags/example_external_task_marker_dag.py took 0.054 seconds
[2026-05-23T11:49:58.512+0000] {processor.py:161} INFO - Started process (PID=17413) to work on /home/vscode/.local/lib/python3.11/site-packages/airflow/example_dags/example_external_task_marker_dag.py
[2026-05-23T11:49:58.512+0000] {processor.py:830} INFO - Processing file /home/vscode/.local/lib/python3.11/site-packages/airflow/example_dags/example_external_task_marker_dag.py for tasks to queue
[2026-05-23T11:49:58.513+0000] {logging_mixin.py:188} INFO - [2026-05-23T11:49:58.513+0000] {dagbag.py:545} INFO - Filling up the DagBag from /home/vscode/.local/lib/python3.11/site-packages/airflow/example_dags/example_external_task_marker_dag.py
[2026-05-23T11:49:58.517+0000] {processor.py:840} INFO - DAG(s) 'example_external_task_marker_parent', 'example_external_task_marker_child' retrieved from /home/vscode/.local/lib/python3.11/site-packages/airflow/example_dags/example_external_task_marker_dag.py
[2026-05-23T11:49:58.530+0000] {logging_mixin.py:188} INFO - [2026-05-23T11:49:58.530+0000] {dag.py:3096} INFO - Sync 2 DAGs
[2026-05-23T11:49:58.538+0000] {logging_mixin.py:188} INFO - [2026-05-23T11:49:58.538+0000] {dag.py:3954} INFO - Setting next_dagrun for example_external_task_marker_child to None, run_after=None
[2026-05-23T11:49:58.541+0000] {logging_mixin.py:188} INFO - [2026-05-23T11:49:58.541+0000] {dag.py:3954} INFO - Setting next_dagrun for example_external_task_marker_parent to None, run_after=None
[2026-05-23T11:49:58.555+0000] {processor.py:183} INFO - Processing /home/vscode/.local/lib/python3.11/site-packages/airflow/example_dags/example_external_task_marker_dag.py took 0.050 seconds
[2026-05-23T11:51:00.386+0000] {processor.py:161} INFO - Started process (PID=18380) to work on /home/vscode/.local/lib/python3.11/site-packages/airflow/example_dags/example_external_task_marker_dag.py
[2026-05-23T11:51:00.387+0000] {processor.py:830} INFO - Processing file /home/vscode/.local/lib/python3.11/site-packages/airflow/example_dags/example_external_task_marker_dag.py for tasks to queue
[2026-05-23T11:51:00.387+0000] {logging_mixin.py:188} INFO - [2026-05-23T11:51:00.387+0000] {dagbag.py:545} INFO - Filling up the DagBag from /home/vscode/.local/lib/python3.11/site-packages/airflow/example_dags/example_external_task_marker_dag.py
[2026-05-23T11:51:00.392+0000] {processor.py:840} INFO - DAG(s) 'example_external_task_marker_child', 'example_external_task_marker_parent' retrieved from /home/vscode/.local/lib/python3.11/site-packages/airflow/example_dags/example_external_task_marker_dag.py
[2026-05-23T11:51:00.405+0000] {logging_mixin.py:188} INFO - [2026-05-23T11:51:00.405+0000] {dag.py:3096} INFO - Sync 2 DAGs
[2026-05-23T11:51:00.413+0000] {logging_mixin.py:188} INFO - [2026-05-23T11:51:00.413+0000] {dag.py:3954} INFO - Setting next_dagrun for example_external_task_marker_child to None, run_after=None
[2026-05-23T11:51:00.415+0000] {logging_mixin.py:188} INFO - [2026-05-23T11:51:00.415+0000] {dag.py:3954} INFO - Setting next_dagrun for example_external_task_marker_parent to None, run_after=None
[2026-05-23T11:51:00.430+0000] {processor.py:183} INFO - Processing /home/vscode/.local/lib/python3.11/site-packages/airflow/example_dags/example_external_task_marker_dag.py took 0.050 seconds
[2026-05-23T11:52:02.351+0000] {processor.py:161} INFO - Started process (PID=18926) to work on /home/vscode/.local/lib/python3.11/site-packages/airflow/example_dags/example_external_task_marker_dag.py
[2026-05-23T11:52:02.352+0000] {processor.py:830} INFO - Processing file /home/vscode/.local/lib/python3.11/site-packages/airflow/example_dags/example_external_task_marker_dag.py for tasks to queue
[2026-05-23T11:52:02.353+0000] {logging_mixin.py:188} INFO - [2026-05-23T11:52:02.353+0000] {dagbag.py:545} INFO - Filling up the DagBag from /home/vscode/.local/lib/python3.11/site-packages/airflow/example_dags/example_external_task_marker_dag.py
[2026-05-23T11:52:02.358+0000] {processor.py:840} INFO - DAG(s) 'example_external_task_marker_child', 'example_external_task_marker_parent' retrieved from /home/vscode/.local/lib/python3.11/site-packages/airflow/example_dags/example_external_task_marker_dag.py
[2026-05-23T11:52:02.395+0000] {logging_mixin.py:188} INFO - [2026-05-23T11:52:02.395+0000] {dag.py:3096} INFO - Sync 2 DAGs
[2026-05-23T11:52:02.409+0000] {logging_mixin.py:188} INFO - [2026-05-23T11:52:02.408+0000] {dag.py:3954} INFO - Setting next_dagrun for example_external_task_marker_child to None, run_after=None
[2026-05-23T11:52:02.412+0000] {logging_mixin.py:188} INFO - [2026-05-23T11:52:02.411+0000] {dag.py:3954} INFO - Setting next_dagrun for example_external_task_marker_parent to None, run_after=None
[2026-05-23T11:52:02.426+0000] {processor.py:183} INFO - Processing /home/vscode/.local/lib/python3.11/site-packages/airflow/example_dags/example_external_task_marker_dag.py took 0.084 seconds
[2026-05-23T11:53:01.791+0000] {processor.py:161} INFO - Started process (PID=19573) to work on /home/vscode/.local/lib/python3.11/site-packages/airflow/example_dags/example_external_task_marker_dag.py
[2026-05-23T11:53:01.792+0000] {processor.py:830} INFO - Processing file /home/vscode/.local/lib/python3.11/site-packages/airflow/example_dags/example_external_task_marker_dag.py for tasks to queue
[2026-05-23T11:53:01.792+0000] {logging_mixin.py:188} INFO - [2026-05-23T11:53:01.792+0000] {dagbag.py:545} INFO - Filling up the DagBag from /home/vscode/.local/lib/python3.11/site-packages/airflow/example_dags/example_external_task_marker_dag.py
[2026-05-23T11:53:01.796+0000] {processor.py:840} INFO - DAG(s) 'example_external_task_marker_parent', 'example_external_task_marker_child' retrieved from /home/vscode/.local/lib/python3.11/site-packages/airflow/example_dags/example_external_task_marker_dag.py
[2026-05-23T11:53:01.809+0000] {logging_mixin.py:188} INFO - [2026-05-23T11:53:01.809+0000] {dag.py:3096} INFO - Sync 2 DAGs
[2026-05-23T11:53:01.819+0000] {logging_mixin.py:188} INFO - [2026-05-23T11:53:01.819+0000] {dag.py:3954} INFO - Setting next_dagrun for example_external_task_marker_child to None, run_after=None
[2026-05-23T11:53:01.822+0000] {logging_mixin.py:188} INFO - [2026-05-23T11:53:01.822+0000] {dag.py:3954} INFO - Setting next_dagrun for example_external_task_marker_parent to None, run_after=None
[2026-05-23T11:53:01.838+0000] {processor.py:183} INFO - Processing /home/vscode/.local/lib/python3.11/site-packages/airflow/example_dags/example_external_task_marker_dag.py took 0.053 seconds
[2026-05-23T11:54:02.650+0000] {processor.py:161} INFO - Started process (PID=20325) to work on /home/vscode/.local/lib/python3.11/site-packages/airflow/example_dags/example_external_task_marker_dag.py
[2026-05-23T11:54:02.650+0000] {processor.py:830} INFO - Processing file /home/vscode/.local/lib/python3.11/site-packages/airflow/example_dags/example_external_task_marker_dag.py for tasks to queue
[2026-05-23T11:54:02.651+0000] {logging_mixin.py:188} INFO - [2026-05-23T11:54:02.651+0000] {dagbag.py:545} INFO - Filling up the DagBag from /home/vscode/.local/lib/python3.11/site-packages/airflow/example_dags/example_external_task_marker_dag.py
[2026-05-23T11:54:02.655+0000] {processor.py:840} INFO - DAG(s) 'example_external_task_marker_child', 'example_external_task_marker_parent' retrieved from /home/vscode/.local/lib/python3.11/site-packages/airflow/example_dags/example_external_task_marker_dag.py
[2026-05-23T11:54:02.668+0000] {logging_mixin.py:188} INFO - [2026-05-23T11:54:02.668+0000] {dag.py:3096} INFO - Sync 2 DAGs
[2026-05-23T11:54:02.676+0000] {logging_mixin.py:188} INFO - [2026-05-23T11:54:02.676+0000] {dag.py:3954} INFO - Setting next_dagrun for example_external_task_marker_child to None, run_after=None
[2026-05-23T11:54:02.678+0000] {logging_mixin.py:188} INFO - [2026-05-23T11:54:02.678+0000] {dag.py:3954} INFO - Setting next_dagrun for example_external_task_marker_parent to None, run_after=None
[2026-05-23T11:54:02.697+0000] {processor.py:183} INFO - Processing /home/vscode/.local/lib/python3.11/site-packages/airflow/example_dags/example_external_task_marker_dag.py took 0.054 seconds
[2026-05-23T11:55:13.658+0000] {processor.py:161} INFO - Started process (PID=21384) to work on /home/vscode/.local/lib/python3.11/site-packages/airflow/example_dags/example_external_task_marker_dag.py
[2026-05-23T11:55:13.659+0000] {processor.py:830} INFO - Processing file /home/vscode/.local/lib/python3.11/site-packages/airflow/example_dags/example_external_task_marker_dag.py for tasks to queue
[2026-05-23T11:55:13.660+0000] {logging_mixin.py:188} INFO - [2026-05-23T11:55:13.659+0000] {dagbag.py:545} INFO - Filling up the DagBag from /home/vscode/.local/lib/python3.11/site-packages/airflow/example_dags/example_external_task_marker_dag.py
[2026-05-23T11:55:13.665+0000] {processor.py:840} INFO - DAG(s) 'example_external_task_marker_child', 'example_external_task_marker_parent' retrieved from /home/vscode/.local/lib/python3.11/site-packages/airflow/example_dags/example_external_task_marker_dag.py
[2026-05-23T11:55:13.687+0000] {logging_mixin.py:188} INFO - [2026-05-23T11:55:13.686+0000] {dag.py:3096} INFO - Sync 2 DAGs
[2026-05-23T11:55:13.700+0000] {logging_mixin.py:188} INFO - [2026-05-23T11:55:13.700+0000] {dag.py:3954} INFO - Setting next_dagrun for example_external_task_marker_child to None, run_after=None
[2026-05-23T11:55:13.703+0000] {logging_mixin.py:188} INFO - [2026-05-23T11:55:13.703+0000] {dag.py:3954} INFO - Setting next_dagrun for example_external_task_marker_parent to None, run_after=None
[2026-05-23T11:55:13.724+0000] {processor.py:183} INFO - Processing /home/vscode/.local/lib/python3.11/site-packages/airflow/example_dags/example_external_task_marker_dag.py took 0.077 seconds
[2026-05-23T11:56:25.711+0000] {processor.py:161} INFO - Started process (PID=22318) to work on /home/vscode/.local/lib/python3.11/site-packages/airflow/example_dags/example_external_task_marker_dag.py
[2026-05-23T11:56:25.712+0000] {processor.py:830} INFO - Processing file /home/vscode/.local/lib/python3.11/site-packages/airflow/example_dags/example_external_task_marker_dag.py for tasks to queue
[2026-05-23T11:56:25.713+0000] {logging_mixin.py:188} INFO - [2026-05-23T11:56:25.712+0000] {dagbag.py:545} INFO - Filling up the DagBag from /home/vscode/.local/lib/python3.11/site-packages/airflow/example_dags/example_external_task_marker_dag.py
[2026-05-23T11:56:25.719+0000] {processor.py:840} INFO - DAG(s) 'example_external_task_marker_child', 'example_external_task_marker_parent' retrieved from /home/vscode/.local/lib/python3.11/site-packages/airflow/example_dags/example_external_task_marker_dag.py
[2026-05-23T11:56:25.739+0000] {logging_mixin.py:188} INFO - [2026-05-23T11:56:25.739+0000] {dag.py:3096} INFO - Sync 2 DAGs
[2026-05-23T11:56:25.751+0000] {logging_mixin.py:188} INFO - [2026-05-23T11:56:25.751+0000] {dag.py:3954} INFO - Setting next_dagrun for example_external_task_marker_child to None, run_after=None
[2026-05-23T11:56:25.754+0000] {logging_mixin.py:188} INFO - [2026-05-23T11:56:25.754+0000] {dag.py:3954} INFO - Setting next_dagrun for example_external_task_marker_parent to None, run_after=None
[2026-05-23T11:56:25.775+0000] {processor.py:183} INFO - Processing /home/vscode/.local/lib/python3.11/site-packages/airflow/example_dags/example_external_task_marker_dag.py took 0.075 seconds
[2026-05-23T11:57:41.717+0000] {processor.py:161} INFO - Started process (PID=23075) to work on /home/vscode/.local/lib/python3.11/site-packages/airflow/example_dags/example_external_task_marker_dag.py
[2026-05-23T11:57:41.720+0000] {processor.py:830} INFO - Processing file /home/vscode/.local/lib/python3.11/site-packages/airflow/example_dags/example_external_task_marker_dag.py for tasks to queue
[2026-05-23T11:57:41.721+0000] {logging_mixin.py:188} INFO - [2026-05-23T11:57:41.720+0000] {dagbag.py:545} INFO - Filling up the DagBag from /home/vscode/.local/lib/python3.11/site-packages/airflow/example_dags/example_external_task_marker_dag.py
[2026-05-23T11:57:41.735+0000] {processor.py:840} INFO - DAG(s) 'example_external_task_marker_child', 'example_external_task_marker_parent' retrieved from /home/vscode/.local/lib/python3.11/site-packages/airflow/example_dags/example_external_task_marker_dag.py
[2026-05-23T11:57:41.773+0000] {logging_mixin.py:188} INFO - [2026-05-23T11:57:41.773+0000] {dag.py:3096} INFO - Sync 2 DAGs
[2026-05-23T11:57:41.789+0000] {logging_mixin.py:188} INFO - [2026-05-23T11:57:41.789+0000] {dag.py:3954} INFO - Setting next_dagrun for example_external_task_marker_child to None, run_after=None
[2026-05-23T11:57:41.793+0000] {logging_mixin.py:188} INFO - [2026-05-23T11:57:41.793+0000] {dag.py:3954} INFO - Setting next_dagrun for example_external_task_marker_parent to None, run_after=None
[2026-05-23T11:57:41.832+0000] {processor.py:183} INFO - Processing /home/vscode/.local/lib/python3.11/site-packages/airflow/example_dags/example_external_task_marker_dag.py took 0.160 seconds
[2026-05-23T11:58:53.053+0000] {processor.py:161} INFO - Started process (PID=23781) to work on /home/vscode/.local/lib/python3.11/site-packages/airflow/example_dags/example_external_task_marker_dag.py
[2026-05-23T11:58:53.054+0000] {processor.py:830} INFO - Processing file /home/vscode/.local/lib/python3.11/site-packages/airflow/example_dags/example_external_task_marker_dag.py for tasks to queue
[2026-05-23T11:58:53.054+0000] {logging_mixin.py:188} INFO - [2026-05-23T11:58:53.054+0000] {dagbag.py:545} INFO - Filling up the DagBag from /home/vscode/.local/lib/python3.11/site-packages/airflow/example_dags/example_external_task_marker_dag.py
[2026-05-23T11:58:53.055+0000] {processor.py:842} WARNING - No viable dags retrieved from /home/vscode/.local/lib/python3.11/site-packages/airflow/example_dags/example_external_task_marker_dag.py
[2026-05-23T11:58:53.060+0000] {processor.py:183} INFO - Processing /home/vscode/.local/lib/python3.11/site-packages/airflow/example_dags/example_external_task_marker_dag.py took 0.013 seconds
