[2026-05-23T11:26:34.187+0000] {processor.py:161} INFO - Started process (PID=3023) to work on /home/vscode/.local/lib/python3.11/site-packages/airflow/example_dags/example_task_group.py
[2026-05-23T11:26:34.188+0000] {processor.py:830} INFO - Processing file /home/vscode/.local/lib/python3.11/site-packages/airflow/example_dags/example_task_group.py for tasks to queue
[2026-05-23T11:26:34.189+0000] {logging_mixin.py:188} INFO - [2026-05-23T11:26:34.188+0000] {dagbag.py:545} INFO - Filling up the DagBag from /home/vscode/.local/lib/python3.11/site-packages/airflow/example_dags/example_task_group.py
[2026-05-23T11:26:34.196+0000] {processor.py:840} INFO - DAG(s) 'example_task_group' retrieved from /home/vscode/.local/lib/python3.11/site-packages/airflow/example_dags/example_task_group.py
[2026-05-23T11:26:34.201+0000] {logging_mixin.py:188} INFO - [2026-05-23T11:26:34.201+0000] {dag.py:3096} INFO - Sync 1 DAGs
[2026-05-23T11:26:34.217+0000] {logging_mixin.py:188} INFO - [2026-05-23T11:26:34.217+0000] {dag.py:3954} INFO - Setting next_dagrun for example_task_group to 2026-05-22 00:00:00+00:00, run_after=2026-05-23 00:00:00+00:00
[2026-05-23T11:26:34.232+0000] {processor.py:183} INFO - Processing /home/vscode/.local/lib/python3.11/site-packages/airflow/example_dags/example_task_group.py took 0.051 seconds
[2026-05-23T11:27:30.689+0000] {processor.py:161} INFO - Started process (PID=3734) to work on /home/vscode/.local/lib/python3.11/site-packages/airflow/example_dags/example_task_group.py
[2026-05-23T11:27:30.689+0000] {processor.py:830} INFO - Processing file /home/vscode/.local/lib/python3.11/site-packages/airflow/example_dags/example_task_group.py for tasks to queue
[2026-05-23T11:27:30.690+0000] {logging_mixin.py:188} INFO - [2026-05-23T11:27:30.690+0000] {dagbag.py:545} INFO - Filling up the DagBag from /home/vscode/.local/lib/python3.11/site-packages/airflow/example_dags/example_task_group.py
[2026-05-23T11:27:30.695+0000] {processor.py:840} INFO - DAG(s) 'example_task_group' retrieved from /home/vscode/.local/lib/python3.11/site-packages/airflow/example_dags/example_task_group.py
[2026-05-23T11:27:30.878+0000] {logging_mixin.py:188} INFO - [2026-05-23T11:27:30.877+0000] {dag.py:3096} INFO - Sync 1 DAGs
[2026-05-23T11:27:30.888+0000] {logging_mixin.py:188} INFO - [2026-05-23T11:27:30.888+0000] {dag.py:3954} INFO - Setting next_dagrun for example_task_group to 2026-05-22 00:00:00+00:00, run_after=2026-05-23 00:00:00+00:00
[2026-05-23T11:27:30.902+0000] {processor.py:183} INFO - Processing /home/vscode/.local/lib/python3.11/site-packages/airflow/example_dags/example_task_group.py took 0.219 seconds
[2026-05-23T11:28:24.275+0000] {processor.py:161} INFO - Started process (PID=4373) to work on /home/vscode/.local/lib/python3.11/site-packages/airflow/example_dags/example_task_group.py
[2026-05-23T11:28:24.276+0000] {processor.py:830} INFO - Processing file /home/vscode/.local/lib/python3.11/site-packages/airflow/example_dags/example_task_group.py for tasks to queue
[2026-05-23T11:28:24.276+0000] {logging_mixin.py:188} INFO - [2026-05-23T11:28:24.276+0000] {dagbag.py:545} INFO - Filling up the DagBag from /home/vscode/.local/lib/python3.11/site-packages/airflow/example_dags/example_task_group.py
[2026-05-23T11:28:24.282+0000] {processor.py:840} INFO - DAG(s) 'example_task_group' retrieved from /home/vscode/.local/lib/python3.11/site-packages/airflow/example_dags/example_task_group.py
[2026-05-23T11:28:24.295+0000] {logging_mixin.py:188} INFO - [2026-05-23T11:28:24.295+0000] {dag.py:3096} INFO - Sync 1 DAGs
[2026-05-23T11:28:24.309+0000] {logging_mixin.py:188} INFO - [2026-05-23T11:28:24.309+0000] {dag.py:3954} INFO - Setting next_dagrun for example_task_group to 2026-05-22 00:00:00+00:00, run_after=2026-05-23 00:00:00+00:00
[2026-05-23T11:28:24.324+0000] {processor.py:183} INFO - Processing /home/vscode/.local/lib/python3.11/site-packages/airflow/example_dags/example_task_group.py took 0.055 seconds
[2026-05-23T11:29:09.089+0000] {processor.py:161} INFO - Started process (PID=4724) to work on /home/vscode/.local/lib/python3.11/site-packages/airflow/example_dags/example_task_group.py
[2026-05-23T11:29:09.090+0000] {processor.py:830} INFO - Processing file /home/vscode/.local/lib/python3.11/site-packages/airflow/example_dags/example_task_group.py for tasks to queue
[2026-05-23T11:29:09.091+0000] {logging_mixin.py:188} INFO - [2026-05-23T11:29:09.090+0000] {dagbag.py:545} INFO - Filling up the DagBag from /home/vscode/.local/lib/python3.11/site-packages/airflow/example_dags/example_task_group.py
[2026-05-23T11:29:09.096+0000] {processor.py:840} INFO - DAG(s) 'example_task_group' retrieved from /home/vscode/.local/lib/python3.11/site-packages/airflow/example_dags/example_task_group.py
[2026-05-23T11:29:09.109+0000] {logging_mixin.py:188} INFO - [2026-05-23T11:29:09.109+0000] {dag.py:3096} INFO - Sync 1 DAGs
[2026-05-23T11:29:09.128+0000] {logging_mixin.py:188} INFO - [2026-05-23T11:29:09.128+0000] {dag.py:3954} INFO - Setting next_dagrun for example_task_group to 2026-05-22 00:00:00+00:00, run_after=2026-05-23 00:00:00+00:00
[2026-05-23T11:29:09.184+0000] {processor.py:183} INFO - Processing /home/vscode/.local/lib/python3.11/site-packages/airflow/example_dags/example_task_group.py took 0.097 seconds
[2026-05-23T11:30:02.255+0000] {processor.py:161} INFO - Started process (PID=5211) to work on /home/vscode/.local/lib/python3.11/site-packages/airflow/example_dags/example_task_group.py
[2026-05-23T11:30:02.256+0000] {processor.py:830} INFO - Processing file /home/vscode/.local/lib/python3.11/site-packages/airflow/example_dags/example_task_group.py for tasks to queue
[2026-05-23T11:30:02.257+0000] {logging_mixin.py:188} INFO - [2026-05-23T11:30:02.256+0000] {dagbag.py:545} INFO - Filling up the DagBag from /home/vscode/.local/lib/python3.11/site-packages/airflow/example_dags/example_task_group.py
[2026-05-23T11:30:02.262+0000] {processor.py:840} INFO - DAG(s) 'example_task_group' retrieved from /home/vscode/.local/lib/python3.11/site-packages/airflow/example_dags/example_task_group.py
[2026-05-23T11:30:02.275+0000] {logging_mixin.py:188} INFO - [2026-05-23T11:30:02.275+0000] {dag.py:3096} INFO - Sync 1 DAGs
[2026-05-23T11:30:02.289+0000] {logging_mixin.py:188} INFO - [2026-05-23T11:30:02.289+0000] {dag.py:3954} INFO - Setting next_dagrun for example_task_group to 2026-05-22 00:00:00+00:00, run_after=2026-05-23 00:00:00+00:00
[2026-05-23T11:30:02.304+0000] {processor.py:183} INFO - Processing /home/vscode/.local/lib/python3.11/site-packages/airflow/example_dags/example_task_group.py took 0.055 seconds
[2026-05-23T11:30:43.266+0000] {processor.py:161} INFO - Started process (PID=5687) to work on /home/vscode/.local/lib/python3.11/site-packages/airflow/example_dags/example_task_group.py
[2026-05-23T11:30:43.266+0000] {processor.py:830} INFO - Processing file /home/vscode/.local/lib/python3.11/site-packages/airflow/example_dags/example_task_group.py for tasks to queue
[2026-05-23T11:30:43.267+0000] {logging_mixin.py:188} INFO - [2026-05-23T11:30:43.266+0000] {dagbag.py:545} INFO - Filling up the DagBag from /home/vscode/.local/lib/python3.11/site-packages/airflow/example_dags/example_task_group.py
[2026-05-23T11:30:43.275+0000] {processor.py:840} INFO - DAG(s) 'example_task_group' retrieved from /home/vscode/.local/lib/python3.11/site-packages/airflow/example_dags/example_task_group.py
[2026-05-23T11:30:43.293+0000] {logging_mixin.py:188} INFO - [2026-05-23T11:30:43.293+0000] {dag.py:3096} INFO - Sync 1 DAGs
[2026-05-23T11:30:43.317+0000] {logging_mixin.py:188} INFO - [2026-05-23T11:30:43.316+0000] {dag.py:3954} INFO - Setting next_dagrun for example_task_group to 2026-05-22 00:00:00+00:00, run_after=2026-05-23 00:00:00+00:00
[2026-05-23T11:30:43.348+0000] {processor.py:183} INFO - Processing /home/vscode/.local/lib/python3.11/site-packages/airflow/example_dags/example_task_group.py took 0.089 seconds
[2026-05-23T11:31:27.296+0000] {processor.py:161} INFO - Started process (PID=6123) to work on /home/vscode/.local/lib/python3.11/site-packages/airflow/example_dags/example_task_group.py
[2026-05-23T11:31:27.296+0000] {processor.py:830} INFO - Processing file /home/vscode/.local/lib/python3.11/site-packages/airflow/example_dags/example_task_group.py for tasks to queue
[2026-05-23T11:31:27.299+0000] {logging_mixin.py:188} INFO - [2026-05-23T11:31:27.297+0000] {dagbag.py:545} INFO - Filling up the DagBag from /home/vscode/.local/lib/python3.11/site-packages/airflow/example_dags/example_task_group.py
[2026-05-23T11:31:27.311+0000] {processor.py:840} INFO - DAG(s) 'example_task_group' retrieved from /home/vscode/.local/lib/python3.11/site-packages/airflow/example_dags/example_task_group.py
[2026-05-23T11:31:27.335+0000] {logging_mixin.py:188} INFO - [2026-05-23T11:31:27.335+0000] {dag.py:3096} INFO - Sync 1 DAGs
[2026-05-23T11:31:27.373+0000] {logging_mixin.py:188} INFO - [2026-05-23T11:31:27.373+0000] {dag.py:3954} INFO - Setting next_dagrun for example_task_group to 2026-05-22 00:00:00+00:00, run_after=2026-05-23 00:00:00+00:00
[2026-05-23T11:31:27.413+0000] {processor.py:183} INFO - Processing /home/vscode/.local/lib/python3.11/site-packages/airflow/example_dags/example_task_group.py took 0.126 seconds
[2026-05-23T11:32:10.448+0000] {processor.py:161} INFO - Started process (PID=6487) to work on /home/vscode/.local/lib/python3.11/site-packages/airflow/example_dags/example_task_group.py
[2026-05-23T11:32:10.448+0000] {processor.py:830} INFO - Processing file /home/vscode/.local/lib/python3.11/site-packages/airflow/example_dags/example_task_group.py for tasks to queue
[2026-05-23T11:32:10.449+0000] {logging_mixin.py:188} INFO - [2026-05-23T11:32:10.449+0000] {dagbag.py:545} INFO - Filling up the DagBag from /home/vscode/.local/lib/python3.11/site-packages/airflow/example_dags/example_task_group.py
[2026-05-23T11:32:10.454+0000] {processor.py:840} INFO - DAG(s) 'example_task_group' retrieved from /home/vscode/.local/lib/python3.11/site-packages/airflow/example_dags/example_task_group.py
[2026-05-23T11:32:10.466+0000] {logging_mixin.py:188} INFO - [2026-05-23T11:32:10.466+0000] {dag.py:3096} INFO - Sync 1 DAGs
[2026-05-23T11:32:10.479+0000] {logging_mixin.py:188} INFO - [2026-05-23T11:32:10.479+0000] {dag.py:3954} INFO - Setting next_dagrun for example_task_group to 2026-05-22 00:00:00+00:00, run_after=2026-05-23 00:00:00+00:00
[2026-05-23T11:32:10.493+0000] {processor.py:183} INFO - Processing /home/vscode/.local/lib/python3.11/site-packages/airflow/example_dags/example_task_group.py took 0.052 seconds
[2026-05-23T11:32:52.070+0000] {processor.py:161} INFO - Started process (PID=7410) to work on /home/vscode/.local/lib/python3.11/site-packages/airflow/example_dags/example_task_group.py
[2026-05-23T11:32:52.071+0000] {processor.py:830} INFO - Processing file /home/vscode/.local/lib/python3.11/site-packages/airflow/example_dags/example_task_group.py for tasks to queue
[2026-05-23T11:32:52.072+0000] {logging_mixin.py:188} INFO - [2026-05-23T11:32:52.071+0000] {dagbag.py:545} INFO - Filling up the DagBag from /home/vscode/.local/lib/python3.11/site-packages/airflow/example_dags/example_task_group.py
[2026-05-23T11:32:52.077+0000] {processor.py:840} INFO - DAG(s) 'example_task_group' retrieved from /home/vscode/.local/lib/python3.11/site-packages/airflow/example_dags/example_task_group.py
[2026-05-23T11:32:52.094+0000] {logging_mixin.py:188} INFO - [2026-05-23T11:32:52.094+0000] {dag.py:3096} INFO - Sync 1 DAGs
[2026-05-23T11:32:52.110+0000] {logging_mixin.py:188} INFO - [2026-05-23T11:32:52.110+0000] {dag.py:3954} INFO - Setting next_dagrun for example_task_group to 2026-05-22 00:00:00+00:00, run_after=2026-05-23 00:00:00+00:00
[2026-05-23T11:32:52.125+0000] {processor.py:183} INFO - Processing /home/vscode/.local/lib/python3.11/site-packages/airflow/example_dags/example_task_group.py took 0.061 seconds
[2026-05-23T11:33:37.325+0000] {processor.py:161} INFO - Started process (PID=8412) to work on /home/vscode/.local/lib/python3.11/site-packages/airflow/example_dags/example_task_group.py
[2026-05-23T11:33:37.326+0000] {processor.py:830} INFO - Processing file /home/vscode/.local/lib/python3.11/site-packages/airflow/example_dags/example_task_group.py for tasks to queue
[2026-05-23T11:33:37.326+0000] {logging_mixin.py:188} INFO - [2026-05-23T11:33:37.326+0000] {dagbag.py:545} INFO - Filling up the DagBag from /home/vscode/.local/lib/python3.11/site-packages/airflow/example_dags/example_task_group.py
[2026-05-23T11:33:37.332+0000] {processor.py:840} INFO - DAG(s) 'example_task_group' retrieved from /home/vscode/.local/lib/python3.11/site-packages/airflow/example_dags/example_task_group.py
[2026-05-23T11:33:37.344+0000] {logging_mixin.py:188} INFO - [2026-05-23T11:33:37.344+0000] {dag.py:3096} INFO - Sync 1 DAGs
[2026-05-23T11:33:37.358+0000] {logging_mixin.py:188} INFO - [2026-05-23T11:33:37.357+0000] {dag.py:3954} INFO - Setting next_dagrun for example_task_group to 2026-05-22 00:00:00+00:00, run_after=2026-05-23 00:00:00+00:00
[2026-05-23T11:33:37.373+0000] {processor.py:183} INFO - Processing /home/vscode/.local/lib/python3.11/site-packages/airflow/example_dags/example_task_group.py took 0.054 seconds
[2026-05-23T11:34:25.101+0000] {processor.py:161} INFO - Started process (PID=8685) to work on /home/vscode/.local/lib/python3.11/site-packages/airflow/example_dags/example_task_group.py
[2026-05-23T11:34:25.101+0000] {processor.py:830} INFO - Processing file /home/vscode/.local/lib/python3.11/site-packages/airflow/example_dags/example_task_group.py for tasks to queue
[2026-05-23T11:34:25.102+0000] {logging_mixin.py:188} INFO - [2026-05-23T11:34:25.102+0000] {dagbag.py:545} INFO - Filling up the DagBag from /home/vscode/.local/lib/python3.11/site-packages/airflow/example_dags/example_task_group.py
[2026-05-23T11:34:25.108+0000] {processor.py:840} INFO - DAG(s) 'example_task_group' retrieved from /home/vscode/.local/lib/python3.11/site-packages/airflow/example_dags/example_task_group.py
[2026-05-23T11:34:25.120+0000] {logging_mixin.py:188} INFO - [2026-05-23T11:34:25.120+0000] {dag.py:3096} INFO - Sync 1 DAGs
[2026-05-23T11:34:25.133+0000] {logging_mixin.py:188} INFO - [2026-05-23T11:34:25.133+0000] {dag.py:3954} INFO - Setting next_dagrun for example_task_group to 2026-05-22 00:00:00+00:00, run_after=2026-05-23 00:00:00+00:00
[2026-05-23T11:34:25.149+0000] {processor.py:183} INFO - Processing /home/vscode/.local/lib/python3.11/site-packages/airflow/example_dags/example_task_group.py took 0.054 seconds
[2026-05-23T11:35:09.526+0000] {processor.py:161} INFO - Started process (PID=9027) to work on /home/vscode/.local/lib/python3.11/site-packages/airflow/example_dags/example_task_group.py
[2026-05-23T11:35:09.527+0000] {processor.py:830} INFO - Processing file /home/vscode/.local/lib/python3.11/site-packages/airflow/example_dags/example_task_group.py for tasks to queue
[2026-05-23T11:35:09.527+0000] {logging_mixin.py:188} INFO - [2026-05-23T11:35:09.527+0000] {dagbag.py:545} INFO - Filling up the DagBag from /home/vscode/.local/lib/python3.11/site-packages/airflow/example_dags/example_task_group.py
[2026-05-23T11:35:09.533+0000] {processor.py:840} INFO - DAG(s) 'example_task_group' retrieved from /home/vscode/.local/lib/python3.11/site-packages/airflow/example_dags/example_task_group.py
[2026-05-23T11:35:09.546+0000] {logging_mixin.py:188} INFO - [2026-05-23T11:35:09.546+0000] {dag.py:3096} INFO - Sync 1 DAGs
[2026-05-23T11:35:09.560+0000] {logging_mixin.py:188} INFO - [2026-05-23T11:35:09.560+0000] {dag.py:3954} INFO - Setting next_dagrun for example_task_group to 2026-05-22 00:00:00+00:00, run_after=2026-05-23 00:00:00+00:00
[2026-05-23T11:35:09.575+0000] {processor.py:183} INFO - Processing /home/vscode/.local/lib/python3.11/site-packages/airflow/example_dags/example_task_group.py took 0.055 seconds
[2026-05-23T11:35:52.815+0000] {processor.py:161} INFO - Started process (PID=9385) to work on /home/vscode/.local/lib/python3.11/site-packages/airflow/example_dags/example_task_group.py
[2026-05-23T11:35:52.816+0000] {processor.py:830} INFO - Processing file /home/vscode/.local/lib/python3.11/site-packages/airflow/example_dags/example_task_group.py for tasks to queue
[2026-05-23T11:35:52.816+0000] {logging_mixin.py:188} INFO - [2026-05-23T11:35:52.816+0000] {dagbag.py:545} INFO - Filling up the DagBag from /home/vscode/.local/lib/python3.11/site-packages/airflow/example_dags/example_task_group.py
[2026-05-23T11:35:52.822+0000] {processor.py:840} INFO - DAG(s) 'example_task_group' retrieved from /home/vscode/.local/lib/python3.11/site-packages/airflow/example_dags/example_task_group.py
[2026-05-23T11:35:52.835+0000] {logging_mixin.py:188} INFO - [2026-05-23T11:35:52.835+0000] {dag.py:3096} INFO - Sync 1 DAGs
[2026-05-23T11:35:52.849+0000] {logging_mixin.py:188} INFO - [2026-05-23T11:35:52.848+0000] {dag.py:3954} INFO - Setting next_dagrun for example_task_group to 2026-05-22 00:00:00+00:00, run_after=2026-05-23 00:00:00+00:00
[2026-05-23T11:35:52.864+0000] {processor.py:183} INFO - Processing /home/vscode/.local/lib/python3.11/site-packages/airflow/example_dags/example_task_group.py took 0.055 seconds
[2026-05-23T11:36:34.428+0000] {processor.py:161} INFO - Started process (PID=9807) to work on /home/vscode/.local/lib/python3.11/site-packages/airflow/example_dags/example_task_group.py
[2026-05-23T11:36:34.428+0000] {processor.py:830} INFO - Processing file /home/vscode/.local/lib/python3.11/site-packages/airflow/example_dags/example_task_group.py for tasks to queue
[2026-05-23T11:36:34.429+0000] {logging_mixin.py:188} INFO - [2026-05-23T11:36:34.429+0000] {dagbag.py:545} INFO - Filling up the DagBag from /home/vscode/.local/lib/python3.11/site-packages/airflow/example_dags/example_task_group.py
[2026-05-23T11:36:34.434+0000] {processor.py:840} INFO - DAG(s) 'example_task_group' retrieved from /home/vscode/.local/lib/python3.11/site-packages/airflow/example_dags/example_task_group.py
[2026-05-23T11:36:34.450+0000] {logging_mixin.py:188} INFO - [2026-05-23T11:36:34.449+0000] {dag.py:3096} INFO - Sync 1 DAGs
[2026-05-23T11:36:34.488+0000] {logging_mixin.py:188} INFO - [2026-05-23T11:36:34.488+0000] {dag.py:3954} INFO - Setting next_dagrun for example_task_group to 2026-05-22 00:00:00+00:00, run_after=2026-05-23 00:00:00+00:00
[2026-05-23T11:36:34.523+0000] {processor.py:183} INFO - Processing /home/vscode/.local/lib/python3.11/site-packages/airflow/example_dags/example_task_group.py took 0.102 seconds
[2026-05-23T11:37:21.809+0000] {processor.py:161} INFO - Started process (PID=10160) to work on /home/vscode/.local/lib/python3.11/site-packages/airflow/example_dags/example_task_group.py
[2026-05-23T11:37:21.810+0000] {processor.py:830} INFO - Processing file /home/vscode/.local/lib/python3.11/site-packages/airflow/example_dags/example_task_group.py for tasks to queue
[2026-05-23T11:37:21.810+0000] {logging_mixin.py:188} INFO - [2026-05-23T11:37:21.810+0000] {dagbag.py:545} INFO - Filling up the DagBag from /home/vscode/.local/lib/python3.11/site-packages/airflow/example_dags/example_task_group.py
[2026-05-23T11:37:21.816+0000] {processor.py:840} INFO - DAG(s) 'example_task_group' retrieved from /home/vscode/.local/lib/python3.11/site-packages/airflow/example_dags/example_task_group.py
[2026-05-23T11:37:21.828+0000] {logging_mixin.py:188} INFO - [2026-05-23T11:37:21.828+0000] {dag.py:3096} INFO - Sync 1 DAGs
[2026-05-23T11:37:21.841+0000] {logging_mixin.py:188} INFO - [2026-05-23T11:37:21.841+0000] {dag.py:3954} INFO - Setting next_dagrun for example_task_group to 2026-05-22 00:00:00+00:00, run_after=2026-05-23 00:00:00+00:00
[2026-05-23T11:37:21.857+0000] {processor.py:183} INFO - Processing /home/vscode/.local/lib/python3.11/site-packages/airflow/example_dags/example_task_group.py took 0.055 seconds
[2026-05-23T11:38:06.271+0000] {processor.py:161} INFO - Started process (PID=10557) to work on /home/vscode/.local/lib/python3.11/site-packages/airflow/example_dags/example_task_group.py
[2026-05-23T11:38:06.272+0000] {processor.py:830} INFO - Processing file /home/vscode/.local/lib/python3.11/site-packages/airflow/example_dags/example_task_group.py for tasks to queue
[2026-05-23T11:38:06.272+0000] {logging_mixin.py:188} INFO - [2026-05-23T11:38:06.272+0000] {dagbag.py:545} INFO - Filling up the DagBag from /home/vscode/.local/lib/python3.11/site-packages/airflow/example_dags/example_task_group.py
[2026-05-23T11:38:06.278+0000] {processor.py:840} INFO - DAG(s) 'example_task_group' retrieved from /home/vscode/.local/lib/python3.11/site-packages/airflow/example_dags/example_task_group.py
[2026-05-23T11:38:06.294+0000] {logging_mixin.py:188} INFO - [2026-05-23T11:38:06.294+0000] {dag.py:3096} INFO - Sync 1 DAGs
[2026-05-23T11:38:06.316+0000] {logging_mixin.py:188} INFO - [2026-05-23T11:38:06.316+0000] {dag.py:3954} INFO - Setting next_dagrun for example_task_group to 2026-05-22 00:00:00+00:00, run_after=2026-05-23 00:00:00+00:00
[2026-05-23T11:38:06.347+0000] {processor.py:183} INFO - Processing /home/vscode/.local/lib/python3.11/site-packages/airflow/example_dags/example_task_group.py took 0.081 seconds
[2026-05-23T11:38:46.249+0000] {processor.py:161} INFO - Started process (PID=10927) to work on /home/vscode/.local/lib/python3.11/site-packages/airflow/example_dags/example_task_group.py
[2026-05-23T11:38:46.250+0000] {processor.py:830} INFO - Processing file /home/vscode/.local/lib/python3.11/site-packages/airflow/example_dags/example_task_group.py for tasks to queue
[2026-05-23T11:38:46.251+0000] {logging_mixin.py:188} INFO - [2026-05-23T11:38:46.250+0000] {dagbag.py:545} INFO - Filling up the DagBag from /home/vscode/.local/lib/python3.11/site-packages/airflow/example_dags/example_task_group.py
[2026-05-23T11:38:46.259+0000] {processor.py:840} INFO - DAG(s) 'example_task_group' retrieved from /home/vscode/.local/lib/python3.11/site-packages/airflow/example_dags/example_task_group.py
[2026-05-23T11:38:46.282+0000] {logging_mixin.py:188} INFO - [2026-05-23T11:38:46.282+0000] {dag.py:3096} INFO - Sync 1 DAGs
[2026-05-23T11:38:46.302+0000] {logging_mixin.py:188} INFO - [2026-05-23T11:38:46.302+0000] {dag.py:3954} INFO - Setting next_dagrun for example_task_group to 2026-05-22 00:00:00+00:00, run_after=2026-05-23 00:00:00+00:00
[2026-05-23T11:38:46.318+0000] {processor.py:183} INFO - Processing /home/vscode/.local/lib/python3.11/site-packages/airflow/example_dags/example_task_group.py took 0.078 seconds
[2026-05-23T11:39:28.770+0000] {processor.py:161} INFO - Started process (PID=11322) to work on /home/vscode/.local/lib/python3.11/site-packages/airflow/example_dags/example_task_group.py
[2026-05-23T11:39:28.771+0000] {processor.py:830} INFO - Processing file /home/vscode/.local/lib/python3.11/site-packages/airflow/example_dags/example_task_group.py for tasks to queue
[2026-05-23T11:39:28.771+0000] {logging_mixin.py:188} INFO - [2026-05-23T11:39:28.771+0000] {dagbag.py:545} INFO - Filling up the DagBag from /home/vscode/.local/lib/python3.11/site-packages/airflow/example_dags/example_task_group.py
[2026-05-23T11:39:28.777+0000] {processor.py:840} INFO - DAG(s) 'example_task_group' retrieved from /home/vscode/.local/lib/python3.11/site-packages/airflow/example_dags/example_task_group.py
[2026-05-23T11:39:28.791+0000] {logging_mixin.py:188} INFO - [2026-05-23T11:39:28.791+0000] {dag.py:3096} INFO - Sync 1 DAGs
[2026-05-23T11:39:28.811+0000] {logging_mixin.py:188} INFO - [2026-05-23T11:39:28.811+0000] {dag.py:3954} INFO - Setting next_dagrun for example_task_group to 2026-05-22 00:00:00+00:00, run_after=2026-05-23 00:00:00+00:00
[2026-05-23T11:39:28.842+0000] {processor.py:183} INFO - Processing /home/vscode/.local/lib/python3.11/site-packages/airflow/example_dags/example_task_group.py took 0.078 seconds
[2026-05-23T11:40:10.752+0000] {processor.py:161} INFO - Started process (PID=11641) to work on /home/vscode/.local/lib/python3.11/site-packages/airflow/example_dags/example_task_group.py
[2026-05-23T11:40:10.752+0000] {processor.py:830} INFO - Processing file /home/vscode/.local/lib/python3.11/site-packages/airflow/example_dags/example_task_group.py for tasks to queue
[2026-05-23T11:40:10.753+0000] {logging_mixin.py:188} INFO - [2026-05-23T11:40:10.753+0000] {dagbag.py:545} INFO - Filling up the DagBag from /home/vscode/.local/lib/python3.11/site-packages/airflow/example_dags/example_task_group.py
[2026-05-23T11:40:10.759+0000] {processor.py:840} INFO - DAG(s) 'example_task_group' retrieved from /home/vscode/.local/lib/python3.11/site-packages/airflow/example_dags/example_task_group.py
[2026-05-23T11:40:10.771+0000] {logging_mixin.py:188} INFO - [2026-05-23T11:40:10.771+0000] {dag.py:3096} INFO - Sync 1 DAGs
[2026-05-23T11:40:10.786+0000] {logging_mixin.py:188} INFO - [2026-05-23T11:40:10.785+0000] {dag.py:3954} INFO - Setting next_dagrun for example_task_group to 2026-05-22 00:00:00+00:00, run_after=2026-05-23 00:00:00+00:00
[2026-05-23T11:40:10.802+0000] {processor.py:183} INFO - Processing /home/vscode/.local/lib/python3.11/site-packages/airflow/example_dags/example_task_group.py took 0.057 seconds
[2026-05-23T11:40:52.747+0000] {processor.py:161} INFO - Started process (PID=12028) to work on /home/vscode/.local/lib/python3.11/site-packages/airflow/example_dags/example_task_group.py
[2026-05-23T11:40:52.748+0000] {processor.py:830} INFO - Processing file /home/vscode/.local/lib/python3.11/site-packages/airflow/example_dags/example_task_group.py for tasks to queue
[2026-05-23T11:40:52.749+0000] {logging_mixin.py:188} INFO - [2026-05-23T11:40:52.748+0000] {dagbag.py:545} INFO - Filling up the DagBag from /home/vscode/.local/lib/python3.11/site-packages/airflow/example_dags/example_task_group.py
[2026-05-23T11:40:52.760+0000] {processor.py:840} INFO - DAG(s) 'example_task_group' retrieved from /home/vscode/.local/lib/python3.11/site-packages/airflow/example_dags/example_task_group.py
[2026-05-23T11:40:52.778+0000] {logging_mixin.py:188} INFO - [2026-05-23T11:40:52.778+0000] {dag.py:3096} INFO - Sync 1 DAGs
[2026-05-23T11:40:52.808+0000] {logging_mixin.py:188} INFO - [2026-05-23T11:40:52.807+0000] {dag.py:3954} INFO - Setting next_dagrun for example_task_group to 2026-05-22 00:00:00+00:00, run_after=2026-05-23 00:00:00+00:00
[2026-05-23T11:40:52.823+0000] {processor.py:183} INFO - Processing /home/vscode/.local/lib/python3.11/site-packages/airflow/example_dags/example_task_group.py took 0.091 seconds
[2026-05-23T11:41:34.997+0000] {processor.py:161} INFO - Started process (PID=12479) to work on /home/vscode/.local/lib/python3.11/site-packages/airflow/example_dags/example_task_group.py
[2026-05-23T11:41:34.998+0000] {processor.py:830} INFO - Processing file /home/vscode/.local/lib/python3.11/site-packages/airflow/example_dags/example_task_group.py for tasks to queue
[2026-05-23T11:41:34.998+0000] {logging_mixin.py:188} INFO - [2026-05-23T11:41:34.998+0000] {dagbag.py:545} INFO - Filling up the DagBag from /home/vscode/.local/lib/python3.11/site-packages/airflow/example_dags/example_task_group.py
[2026-05-23T11:41:35.004+0000] {processor.py:840} INFO - DAG(s) 'example_task_group' retrieved from /home/vscode/.local/lib/python3.11/site-packages/airflow/example_dags/example_task_group.py
[2026-05-23T11:41:35.016+0000] {logging_mixin.py:188} INFO - [2026-05-23T11:41:35.016+0000] {dag.py:3096} INFO - Sync 1 DAGs
[2026-05-23T11:41:35.030+0000] {logging_mixin.py:188} INFO - [2026-05-23T11:41:35.029+0000] {dag.py:3954} INFO - Setting next_dagrun for example_task_group to 2026-05-22 00:00:00+00:00, run_after=2026-05-23 00:00:00+00:00
[2026-05-23T11:41:35.045+0000] {processor.py:183} INFO - Processing /home/vscode/.local/lib/python3.11/site-packages/airflow/example_dags/example_task_group.py took 0.054 seconds
[2026-05-23T11:42:17.318+0000] {processor.py:161} INFO - Started process (PID=12801) to work on /home/vscode/.local/lib/python3.11/site-packages/airflow/example_dags/example_task_group.py
[2026-05-23T11:42:17.319+0000] {processor.py:830} INFO - Processing file /home/vscode/.local/lib/python3.11/site-packages/airflow/example_dags/example_task_group.py for tasks to queue
[2026-05-23T11:42:17.320+0000] {logging_mixin.py:188} INFO - [2026-05-23T11:42:17.319+0000] {dagbag.py:545} INFO - Filling up the DagBag from /home/vscode/.local/lib/python3.11/site-packages/airflow/example_dags/example_task_group.py
[2026-05-23T11:42:17.325+0000] {processor.py:840} INFO - DAG(s) 'example_task_group' retrieved from /home/vscode/.local/lib/python3.11/site-packages/airflow/example_dags/example_task_group.py
[2026-05-23T11:42:17.337+0000] {logging_mixin.py:188} INFO - [2026-05-23T11:42:17.337+0000] {dag.py:3096} INFO - Sync 1 DAGs
[2026-05-23T11:42:17.350+0000] {logging_mixin.py:188} INFO - [2026-05-23T11:42:17.349+0000] {dag.py:3954} INFO - Setting next_dagrun for example_task_group to 2026-05-22 00:00:00+00:00, run_after=2026-05-23 00:00:00+00:00
[2026-05-23T11:42:17.364+0000] {processor.py:183} INFO - Processing /home/vscode/.local/lib/python3.11/site-packages/airflow/example_dags/example_task_group.py took 0.052 seconds
[2026-05-23T11:43:01.605+0000] {processor.py:161} INFO - Started process (PID=13203) to work on /home/vscode/.local/lib/python3.11/site-packages/airflow/example_dags/example_task_group.py
[2026-05-23T11:43:01.606+0000] {processor.py:830} INFO - Processing file /home/vscode/.local/lib/python3.11/site-packages/airflow/example_dags/example_task_group.py for tasks to queue
[2026-05-23T11:43:01.607+0000] {logging_mixin.py:188} INFO - [2026-05-23T11:43:01.606+0000] {dagbag.py:545} INFO - Filling up the DagBag from /home/vscode/.local/lib/python3.11/site-packages/airflow/example_dags/example_task_group.py
[2026-05-23T11:43:01.612+0000] {processor.py:840} INFO - DAG(s) 'example_task_group' retrieved from /home/vscode/.local/lib/python3.11/site-packages/airflow/example_dags/example_task_group.py
[2026-05-23T11:43:01.624+0000] {logging_mixin.py:188} INFO - [2026-05-23T11:43:01.624+0000] {dag.py:3096} INFO - Sync 1 DAGs
[2026-05-23T11:43:01.637+0000] {logging_mixin.py:188} INFO - [2026-05-23T11:43:01.637+0000] {dag.py:3954} INFO - Setting next_dagrun for example_task_group to 2026-05-22 00:00:00+00:00, run_after=2026-05-23 00:00:00+00:00
[2026-05-23T11:43:01.653+0000] {processor.py:183} INFO - Processing /home/vscode/.local/lib/python3.11/site-packages/airflow/example_dags/example_task_group.py took 0.054 seconds
[2026-05-23T11:43:47.433+0000] {processor.py:161} INFO - Started process (PID=13617) to work on /home/vscode/.local/lib/python3.11/site-packages/airflow/example_dags/example_task_group.py
[2026-05-23T11:43:47.433+0000] {processor.py:830} INFO - Processing file /home/vscode/.local/lib/python3.11/site-packages/airflow/example_dags/example_task_group.py for tasks to queue
[2026-05-23T11:43:47.434+0000] {logging_mixin.py:188} INFO - [2026-05-23T11:43:47.434+0000] {dagbag.py:545} INFO - Filling up the DagBag from /home/vscode/.local/lib/python3.11/site-packages/airflow/example_dags/example_task_group.py
[2026-05-23T11:43:47.439+0000] {processor.py:840} INFO - DAG(s) 'example_task_group' retrieved from /home/vscode/.local/lib/python3.11/site-packages/airflow/example_dags/example_task_group.py
[2026-05-23T11:43:47.451+0000] {logging_mixin.py:188} INFO - [2026-05-23T11:43:47.451+0000] {dag.py:3096} INFO - Sync 1 DAGs
[2026-05-23T11:43:47.465+0000] {logging_mixin.py:188} INFO - [2026-05-23T11:43:47.465+0000] {dag.py:3954} INFO - Setting next_dagrun for example_task_group to 2026-05-22 00:00:00+00:00, run_after=2026-05-23 00:00:00+00:00
[2026-05-23T11:43:47.481+0000] {processor.py:183} INFO - Processing /home/vscode/.local/lib/python3.11/site-packages/airflow/example_dags/example_task_group.py took 0.054 seconds
[2026-05-23T11:44:30.068+0000] {processor.py:161} INFO - Started process (PID=14017) to work on /home/vscode/.local/lib/python3.11/site-packages/airflow/example_dags/example_task_group.py
[2026-05-23T11:44:30.068+0000] {processor.py:830} INFO - Processing file /home/vscode/.local/lib/python3.11/site-packages/airflow/example_dags/example_task_group.py for tasks to queue
[2026-05-23T11:44:30.069+0000] {logging_mixin.py:188} INFO - [2026-05-23T11:44:30.068+0000] {dagbag.py:545} INFO - Filling up the DagBag from /home/vscode/.local/lib/python3.11/site-packages/airflow/example_dags/example_task_group.py
[2026-05-23T11:44:30.074+0000] {processor.py:840} INFO - DAG(s) 'example_task_group' retrieved from /home/vscode/.local/lib/python3.11/site-packages/airflow/example_dags/example_task_group.py
[2026-05-23T11:44:30.087+0000] {logging_mixin.py:188} INFO - [2026-05-23T11:44:30.087+0000] {dag.py:3096} INFO - Sync 1 DAGs
[2026-05-23T11:44:30.101+0000] {logging_mixin.py:188} INFO - [2026-05-23T11:44:30.101+0000] {dag.py:3954} INFO - Setting next_dagrun for example_task_group to 2026-05-22 00:00:00+00:00, run_after=2026-05-23 00:00:00+00:00
[2026-05-23T11:44:30.117+0000] {processor.py:183} INFO - Processing /home/vscode/.local/lib/python3.11/site-packages/airflow/example_dags/example_task_group.py took 0.056 seconds
[2026-05-23T11:45:14.989+0000] {processor.py:161} INFO - Started process (PID=14360) to work on /home/vscode/.local/lib/python3.11/site-packages/airflow/example_dags/example_task_group.py
[2026-05-23T11:45:14.990+0000] {processor.py:830} INFO - Processing file /home/vscode/.local/lib/python3.11/site-packages/airflow/example_dags/example_task_group.py for tasks to queue
[2026-05-23T11:45:14.990+0000] {logging_mixin.py:188} INFO - [2026-05-23T11:45:14.990+0000] {dagbag.py:545} INFO - Filling up the DagBag from /home/vscode/.local/lib/python3.11/site-packages/airflow/example_dags/example_task_group.py
[2026-05-23T11:45:14.996+0000] {processor.py:840} INFO - DAG(s) 'example_task_group' retrieved from /home/vscode/.local/lib/python3.11/site-packages/airflow/example_dags/example_task_group.py
[2026-05-23T11:45:15.008+0000] {logging_mixin.py:188} INFO - [2026-05-23T11:45:15.007+0000] {dag.py:3096} INFO - Sync 1 DAGs
[2026-05-23T11:45:15.021+0000] {logging_mixin.py:188} INFO - [2026-05-23T11:45:15.021+0000] {dag.py:3954} INFO - Setting next_dagrun for example_task_group to 2026-05-22 00:00:00+00:00, run_after=2026-05-23 00:00:00+00:00
[2026-05-23T11:45:15.037+0000] {processor.py:183} INFO - Processing /home/vscode/.local/lib/python3.11/site-packages/airflow/example_dags/example_task_group.py took 0.054 seconds
[2026-05-23T11:45:56.148+0000] {processor.py:161} INFO - Started process (PID=14939) to work on /home/vscode/.local/lib/python3.11/site-packages/airflow/example_dags/example_task_group.py
[2026-05-23T11:45:56.149+0000] {processor.py:830} INFO - Processing file /home/vscode/.local/lib/python3.11/site-packages/airflow/example_dags/example_task_group.py for tasks to queue
[2026-05-23T11:45:56.150+0000] {logging_mixin.py:188} INFO - [2026-05-23T11:45:56.150+0000] {dagbag.py:545} INFO - Filling up the DagBag from /home/vscode/.local/lib/python3.11/site-packages/airflow/example_dags/example_task_group.py
[2026-05-23T11:45:56.158+0000] {processor.py:840} INFO - DAG(s) 'example_task_group' retrieved from /home/vscode/.local/lib/python3.11/site-packages/airflow/example_dags/example_task_group.py
[2026-05-23T11:45:56.179+0000] {logging_mixin.py:188} INFO - [2026-05-23T11:45:56.178+0000] {dag.py:3096} INFO - Sync 1 DAGs
[2026-05-23T11:45:56.223+0000] {logging_mixin.py:188} INFO - [2026-05-23T11:45:56.223+0000] {dag.py:3954} INFO - Setting next_dagrun for example_task_group to 2026-05-22 00:00:00+00:00, run_after=2026-05-23 00:00:00+00:00
[2026-05-23T11:45:56.240+0000] {processor.py:183} INFO - Processing /home/vscode/.local/lib/python3.11/site-packages/airflow/example_dags/example_task_group.py took 0.105 seconds
[2026-05-23T11:46:36.585+0000] {processor.py:161} INFO - Started process (PID=15388) to work on /home/vscode/.local/lib/python3.11/site-packages/airflow/example_dags/example_task_group.py
[2026-05-23T11:46:36.585+0000] {processor.py:830} INFO - Processing file /home/vscode/.local/lib/python3.11/site-packages/airflow/example_dags/example_task_group.py for tasks to queue
[2026-05-23T11:46:36.586+0000] {logging_mixin.py:188} INFO - [2026-05-23T11:46:36.586+0000] {dagbag.py:545} INFO - Filling up the DagBag from /home/vscode/.local/lib/python3.11/site-packages/airflow/example_dags/example_task_group.py
[2026-05-23T11:46:36.592+0000] {processor.py:840} INFO - DAG(s) 'example_task_group' retrieved from /home/vscode/.local/lib/python3.11/site-packages/airflow/example_dags/example_task_group.py
[2026-05-23T11:46:36.604+0000] {logging_mixin.py:188} INFO - [2026-05-23T11:46:36.604+0000] {dag.py:3096} INFO - Sync 1 DAGs
[2026-05-23T11:46:36.618+0000] {logging_mixin.py:188} INFO - [2026-05-23T11:46:36.618+0000] {dag.py:3954} INFO - Setting next_dagrun for example_task_group to 2026-05-22 00:00:00+00:00, run_after=2026-05-23 00:00:00+00:00
[2026-05-23T11:46:36.634+0000] {processor.py:183} INFO - Processing /home/vscode/.local/lib/python3.11/site-packages/airflow/example_dags/example_task_group.py took 0.056 seconds
[2026-05-23T11:47:16.662+0000] {processor.py:161} INFO - Started process (PID=15704) to work on /home/vscode/.local/lib/python3.11/site-packages/airflow/example_dags/example_task_group.py
[2026-05-23T11:47:16.665+0000] {processor.py:830} INFO - Processing file /home/vscode/.local/lib/python3.11/site-packages/airflow/example_dags/example_task_group.py for tasks to queue
[2026-05-23T11:47:16.665+0000] {logging_mixin.py:188} INFO - [2026-05-23T11:47:16.665+0000] {dagbag.py:545} INFO - Filling up the DagBag from /home/vscode/.local/lib/python3.11/site-packages/airflow/example_dags/example_task_group.py
[2026-05-23T11:47:16.676+0000] {processor.py:840} INFO - DAG(s) 'example_task_group' retrieved from /home/vscode/.local/lib/python3.11/site-packages/airflow/example_dags/example_task_group.py
[2026-05-23T11:47:16.693+0000] {logging_mixin.py:188} INFO - [2026-05-23T11:47:16.693+0000] {dag.py:3096} INFO - Sync 1 DAGs
[2026-05-23T11:47:16.719+0000] {logging_mixin.py:188} INFO - [2026-05-23T11:47:16.719+0000] {dag.py:3954} INFO - Setting next_dagrun for example_task_group to 2026-05-22 00:00:00+00:00, run_after=2026-05-23 00:00:00+00:00
[2026-05-23T11:47:16.733+0000] {processor.py:183} INFO - Processing /home/vscode/.local/lib/python3.11/site-packages/airflow/example_dags/example_task_group.py took 0.083 seconds
[2026-05-23T11:47:59.003+0000] {processor.py:161} INFO - Started process (PID=16095) to work on /home/vscode/.local/lib/python3.11/site-packages/airflow/example_dags/example_task_group.py
[2026-05-23T11:47:59.004+0000] {processor.py:830} INFO - Processing file /home/vscode/.local/lib/python3.11/site-packages/airflow/example_dags/example_task_group.py for tasks to queue
[2026-05-23T11:47:59.006+0000] {logging_mixin.py:188} INFO - [2026-05-23T11:47:59.006+0000] {dagbag.py:545} INFO - Filling up the DagBag from /home/vscode/.local/lib/python3.11/site-packages/airflow/example_dags/example_task_group.py
[2026-05-23T11:47:59.024+0000] {processor.py:840} INFO - DAG(s) 'example_task_group' retrieved from /home/vscode/.local/lib/python3.11/site-packages/airflow/example_dags/example_task_group.py
[2026-05-23T11:47:59.068+0000] {logging_mixin.py:188} INFO - [2026-05-23T11:47:59.068+0000] {dag.py:3096} INFO - Sync 1 DAGs
[2026-05-23T11:47:59.102+0000] {logging_mixin.py:188} INFO - [2026-05-23T11:47:59.102+0000] {dag.py:3954} INFO - Setting next_dagrun for example_task_group to 2026-05-22 00:00:00+00:00, run_after=2026-05-23 00:00:00+00:00
[2026-05-23T11:47:59.126+0000] {processor.py:183} INFO - Processing /home/vscode/.local/lib/python3.11/site-packages/airflow/example_dags/example_task_group.py took 0.155 seconds
[2026-05-23T11:48:41.393+0000] {processor.py:161} INFO - Started process (PID=16492) to work on /home/vscode/.local/lib/python3.11/site-packages/airflow/example_dags/example_task_group.py
[2026-05-23T11:48:41.394+0000] {processor.py:830} INFO - Processing file /home/vscode/.local/lib/python3.11/site-packages/airflow/example_dags/example_task_group.py for tasks to queue
[2026-05-23T11:48:41.395+0000] {logging_mixin.py:188} INFO - [2026-05-23T11:48:41.395+0000] {dagbag.py:545} INFO - Filling up the DagBag from /home/vscode/.local/lib/python3.11/site-packages/airflow/example_dags/example_task_group.py
[2026-05-23T11:48:41.404+0000] {processor.py:840} INFO - DAG(s) 'example_task_group' retrieved from /home/vscode/.local/lib/python3.11/site-packages/airflow/example_dags/example_task_group.py
[2026-05-23T11:48:41.425+0000] {logging_mixin.py:188} INFO - [2026-05-23T11:48:41.425+0000] {dag.py:3096} INFO - Sync 1 DAGs
[2026-05-23T11:48:41.454+0000] {logging_mixin.py:188} INFO - [2026-05-23T11:48:41.454+0000] {dag.py:3954} INFO - Setting next_dagrun for example_task_group to 2026-05-22 00:00:00+00:00, run_after=2026-05-23 00:00:00+00:00
[2026-05-23T11:48:41.477+0000] {processor.py:183} INFO - Processing /home/vscode/.local/lib/python3.11/site-packages/airflow/example_dags/example_task_group.py took 0.099 seconds
[2026-05-23T11:49:22.152+0000] {processor.py:161} INFO - Started process (PID=16880) to work on /home/vscode/.local/lib/python3.11/site-packages/airflow/example_dags/example_task_group.py
[2026-05-23T11:49:22.153+0000] {processor.py:830} INFO - Processing file /home/vscode/.local/lib/python3.11/site-packages/airflow/example_dags/example_task_group.py for tasks to queue
[2026-05-23T11:49:22.153+0000] {logging_mixin.py:188} INFO - [2026-05-23T11:49:22.153+0000] {dagbag.py:545} INFO - Filling up the DagBag from /home/vscode/.local/lib/python3.11/site-packages/airflow/example_dags/example_task_group.py
[2026-05-23T11:49:22.159+0000] {processor.py:840} INFO - DAG(s) 'example_task_group' retrieved from /home/vscode/.local/lib/python3.11/site-packages/airflow/example_dags/example_task_group.py
[2026-05-23T11:49:22.171+0000] {logging_mixin.py:188} INFO - [2026-05-23T11:49:22.171+0000] {dag.py:3096} INFO - Sync 1 DAGs
[2026-05-23T11:49:22.185+0000] {logging_mixin.py:188} INFO - [2026-05-23T11:49:22.184+0000] {dag.py:3954} INFO - Setting next_dagrun for example_task_group to 2026-05-22 00:00:00+00:00, run_after=2026-05-23 00:00:00+00:00
[2026-05-23T11:49:22.200+0000] {processor.py:183} INFO - Processing /home/vscode/.local/lib/python3.11/site-packages/airflow/example_dags/example_task_group.py took 0.055 seconds
[2026-05-23T11:50:05.789+0000] {processor.py:161} INFO - Started process (PID=17518) to work on /home/vscode/.local/lib/python3.11/site-packages/airflow/example_dags/example_task_group.py
[2026-05-23T11:50:05.791+0000] {processor.py:830} INFO - Processing file /home/vscode/.local/lib/python3.11/site-packages/airflow/example_dags/example_task_group.py for tasks to queue
[2026-05-23T11:50:05.794+0000] {logging_mixin.py:188} INFO - [2026-05-23T11:50:05.794+0000] {dagbag.py:545} INFO - Filling up the DagBag from /home/vscode/.local/lib/python3.11/site-packages/airflow/example_dags/example_task_group.py
[2026-05-23T11:50:05.808+0000] {processor.py:840} INFO - DAG(s) 'example_task_group' retrieved from /home/vscode/.local/lib/python3.11/site-packages/airflow/example_dags/example_task_group.py
[2026-05-23T11:50:05.847+0000] {logging_mixin.py:188} INFO - [2026-05-23T11:50:05.847+0000] {dag.py:3096} INFO - Sync 1 DAGs
[2026-05-23T11:50:05.861+0000] {logging_mixin.py:188} INFO - [2026-05-23T11:50:05.861+0000] {dag.py:3954} INFO - Setting next_dagrun for example_task_group to 2026-05-22 00:00:00+00:00, run_after=2026-05-23 00:00:00+00:00
[2026-05-23T11:50:05.876+0000] {processor.py:183} INFO - Processing /home/vscode/.local/lib/python3.11/site-packages/airflow/example_dags/example_task_group.py took 0.111 seconds
[2026-05-23T11:50:48.655+0000] {processor.py:161} INFO - Started process (PID=18239) to work on /home/vscode/.local/lib/python3.11/site-packages/airflow/example_dags/example_task_group.py
[2026-05-23T11:50:48.656+0000] {processor.py:830} INFO - Processing file /home/vscode/.local/lib/python3.11/site-packages/airflow/example_dags/example_task_group.py for tasks to queue
[2026-05-23T11:50:48.657+0000] {logging_mixin.py:188} INFO - [2026-05-23T11:50:48.656+0000] {dagbag.py:545} INFO - Filling up the DagBag from /home/vscode/.local/lib/python3.11/site-packages/airflow/example_dags/example_task_group.py
[2026-05-23T11:50:48.662+0000] {processor.py:840} INFO - DAG(s) 'example_task_group' retrieved from /home/vscode/.local/lib/python3.11/site-packages/airflow/example_dags/example_task_group.py
[2026-05-23T11:50:48.674+0000] {logging_mixin.py:188} INFO - [2026-05-23T11:50:48.674+0000] {dag.py:3096} INFO - Sync 1 DAGs
[2026-05-23T11:50:48.688+0000] {logging_mixin.py:188} INFO - [2026-05-23T11:50:48.688+0000] {dag.py:3954} INFO - Setting next_dagrun for example_task_group to 2026-05-22 00:00:00+00:00, run_after=2026-05-23 00:00:00+00:00
[2026-05-23T11:50:48.704+0000] {processor.py:183} INFO - Processing /home/vscode/.local/lib/python3.11/site-packages/airflow/example_dags/example_task_group.py took 0.054 seconds
[2026-05-23T11:51:28.279+0000] {processor.py:161} INFO - Started process (PID=18686) to work on /home/vscode/.local/lib/python3.11/site-packages/airflow/example_dags/example_task_group.py
[2026-05-23T11:51:28.280+0000] {processor.py:830} INFO - Processing file /home/vscode/.local/lib/python3.11/site-packages/airflow/example_dags/example_task_group.py for tasks to queue
[2026-05-23T11:51:28.281+0000] {logging_mixin.py:188} INFO - [2026-05-23T11:51:28.280+0000] {dagbag.py:545} INFO - Filling up the DagBag from /home/vscode/.local/lib/python3.11/site-packages/airflow/example_dags/example_task_group.py
[2026-05-23T11:51:28.286+0000] {processor.py:840} INFO - DAG(s) 'example_task_group' retrieved from /home/vscode/.local/lib/python3.11/site-packages/airflow/example_dags/example_task_group.py
[2026-05-23T11:51:28.299+0000] {logging_mixin.py:188} INFO - [2026-05-23T11:51:28.298+0000] {dag.py:3096} INFO - Sync 1 DAGs
[2026-05-23T11:51:28.312+0000] {logging_mixin.py:188} INFO - [2026-05-23T11:51:28.312+0000] {dag.py:3954} INFO - Setting next_dagrun for example_task_group to 2026-05-22 00:00:00+00:00, run_after=2026-05-23 00:00:00+00:00
[2026-05-23T11:51:28.327+0000] {processor.py:183} INFO - Processing /home/vscode/.local/lib/python3.11/site-packages/airflow/example_dags/example_task_group.py took 0.053 seconds
[2026-05-23T11:52:09.385+0000] {processor.py:161} INFO - Started process (PID=19027) to work on /home/vscode/.local/lib/python3.11/site-packages/airflow/example_dags/example_task_group.py
[2026-05-23T11:52:09.386+0000] {processor.py:830} INFO - Processing file /home/vscode/.local/lib/python3.11/site-packages/airflow/example_dags/example_task_group.py for tasks to queue
[2026-05-23T11:52:09.387+0000] {logging_mixin.py:188} INFO - [2026-05-23T11:52:09.386+0000] {dagbag.py:545} INFO - Filling up the DagBag from /home/vscode/.local/lib/python3.11/site-packages/airflow/example_dags/example_task_group.py
[2026-05-23T11:52:09.393+0000] {processor.py:840} INFO - DAG(s) 'example_task_group' retrieved from /home/vscode/.local/lib/python3.11/site-packages/airflow/example_dags/example_task_group.py
[2026-05-23T11:52:09.405+0000] {logging_mixin.py:188} INFO - [2026-05-23T11:52:09.405+0000] {dag.py:3096} INFO - Sync 1 DAGs
[2026-05-23T11:52:09.419+0000] {logging_mixin.py:188} INFO - [2026-05-23T11:52:09.419+0000] {dag.py:3954} INFO - Setting next_dagrun for example_task_group to 2026-05-22 00:00:00+00:00, run_after=2026-05-23 00:00:00+00:00
[2026-05-23T11:52:09.435+0000] {processor.py:183} INFO - Processing /home/vscode/.local/lib/python3.11/site-packages/airflow/example_dags/example_task_group.py took 0.058 seconds
[2026-05-23T11:52:49.261+0000] {processor.py:161} INFO - Started process (PID=19460) to work on /home/vscode/.local/lib/python3.11/site-packages/airflow/example_dags/example_task_group.py
[2026-05-23T11:52:49.261+0000] {processor.py:830} INFO - Processing file /home/vscode/.local/lib/python3.11/site-packages/airflow/example_dags/example_task_group.py for tasks to queue
[2026-05-23T11:52:49.262+0000] {logging_mixin.py:188} INFO - [2026-05-23T11:52:49.262+0000] {dagbag.py:545} INFO - Filling up the DagBag from /home/vscode/.local/lib/python3.11/site-packages/airflow/example_dags/example_task_group.py
[2026-05-23T11:52:49.268+0000] {processor.py:840} INFO - DAG(s) 'example_task_group' retrieved from /home/vscode/.local/lib/python3.11/site-packages/airflow/example_dags/example_task_group.py
[2026-05-23T11:52:49.281+0000] {logging_mixin.py:188} INFO - [2026-05-23T11:52:49.280+0000] {dag.py:3096} INFO - Sync 1 DAGs
[2026-05-23T11:52:49.300+0000] {logging_mixin.py:188} INFO - [2026-05-23T11:52:49.300+0000] {dag.py:3954} INFO - Setting next_dagrun for example_task_group to 2026-05-22 00:00:00+00:00, run_after=2026-05-23 00:00:00+00:00
[2026-05-23T11:52:49.346+0000] {processor.py:183} INFO - Processing /home/vscode/.local/lib/python3.11/site-packages/airflow/example_dags/example_task_group.py took 0.091 seconds
[2026-05-23T11:53:29.232+0000] {processor.py:161} INFO - Started process (PID=19958) to work on /home/vscode/.local/lib/python3.11/site-packages/airflow/example_dags/example_task_group.py
[2026-05-23T11:53:29.233+0000] {processor.py:830} INFO - Processing file /home/vscode/.local/lib/python3.11/site-packages/airflow/example_dags/example_task_group.py for tasks to queue
[2026-05-23T11:53:29.233+0000] {logging_mixin.py:188} INFO - [2026-05-23T11:53:29.233+0000] {dagbag.py:545} INFO - Filling up the DagBag from /home/vscode/.local/lib/python3.11/site-packages/airflow/example_dags/example_task_group.py
[2026-05-23T11:53:29.239+0000] {processor.py:840} INFO - DAG(s) 'example_task_group' retrieved from /home/vscode/.local/lib/python3.11/site-packages/airflow/example_dags/example_task_group.py
[2026-05-23T11:53:29.251+0000] {logging_mixin.py:188} INFO - [2026-05-23T11:53:29.251+0000] {dag.py:3096} INFO - Sync 1 DAGs
[2026-05-23T11:53:29.264+0000] {logging_mixin.py:188} INFO - [2026-05-23T11:53:29.264+0000] {dag.py:3954} INFO - Setting next_dagrun for example_task_group to 2026-05-22 00:00:00+00:00, run_after=2026-05-23 00:00:00+00:00
[2026-05-23T11:53:29.280+0000] {processor.py:183} INFO - Processing /home/vscode/.local/lib/python3.11/site-packages/airflow/example_dags/example_task_group.py took 0.055 seconds
[2026-05-23T11:54:11.803+0000] {processor.py:161} INFO - Started process (PID=20483) to work on /home/vscode/.local/lib/python3.11/site-packages/airflow/example_dags/example_task_group.py
[2026-05-23T11:54:11.806+0000] {processor.py:830} INFO - Processing file /home/vscode/.local/lib/python3.11/site-packages/airflow/example_dags/example_task_group.py for tasks to queue
[2026-05-23T11:54:11.808+0000] {logging_mixin.py:188} INFO - [2026-05-23T11:54:11.807+0000] {dagbag.py:545} INFO - Filling up the DagBag from /home/vscode/.local/lib/python3.11/site-packages/airflow/example_dags/example_task_group.py
[2026-05-23T11:54:11.822+0000] {processor.py:840} INFO - DAG(s) 'example_task_group' retrieved from /home/vscode/.local/lib/python3.11/site-packages/airflow/example_dags/example_task_group.py
[2026-05-23T11:54:11.848+0000] {logging_mixin.py:188} INFO - [2026-05-23T11:54:11.848+0000] {dag.py:3096} INFO - Sync 1 DAGs
[2026-05-23T11:54:11.883+0000] {logging_mixin.py:188} INFO - [2026-05-23T11:54:11.883+0000] {dag.py:3954} INFO - Setting next_dagrun for example_task_group to 2026-05-22 00:00:00+00:00, run_after=2026-05-23 00:00:00+00:00
[2026-05-23T11:54:11.919+0000] {processor.py:183} INFO - Processing /home/vscode/.local/lib/python3.11/site-packages/airflow/example_dags/example_task_group.py took 0.126 seconds
[2026-05-23T11:54:57.673+0000] {processor.py:161} INFO - Started process (PID=21194) to work on /home/vscode/.local/lib/python3.11/site-packages/airflow/example_dags/example_task_group.py
[2026-05-23T11:54:57.674+0000] {processor.py:830} INFO - Processing file /home/vscode/.local/lib/python3.11/site-packages/airflow/example_dags/example_task_group.py for tasks to queue
[2026-05-23T11:54:57.675+0000] {logging_mixin.py:188} INFO - [2026-05-23T11:54:57.674+0000] {dagbag.py:545} INFO - Filling up the DagBag from /home/vscode/.local/lib/python3.11/site-packages/airflow/example_dags/example_task_group.py
[2026-05-23T11:54:57.683+0000] {processor.py:840} INFO - DAG(s) 'example_task_group' retrieved from /home/vscode/.local/lib/python3.11/site-packages/airflow/example_dags/example_task_group.py
[2026-05-23T11:54:57.717+0000] {logging_mixin.py:188} INFO - [2026-05-23T11:54:57.717+0000] {dag.py:3096} INFO - Sync 1 DAGs
[2026-05-23T11:54:57.739+0000] {logging_mixin.py:188} INFO - [2026-05-23T11:54:57.739+0000] {dag.py:3954} INFO - Setting next_dagrun for example_task_group to 2026-05-22 00:00:00+00:00, run_after=2026-05-23 00:00:00+00:00
[2026-05-23T11:54:57.762+0000] {processor.py:183} INFO - Processing /home/vscode/.local/lib/python3.11/site-packages/airflow/example_dags/example_task_group.py took 0.106 seconds
[2026-05-23T11:55:49.430+0000] {processor.py:161} INFO - Started process (PID=21903) to work on /home/vscode/.local/lib/python3.11/site-packages/airflow/example_dags/example_task_group.py
[2026-05-23T11:55:49.431+0000] {processor.py:830} INFO - Processing file /home/vscode/.local/lib/python3.11/site-packages/airflow/example_dags/example_task_group.py for tasks to queue
[2026-05-23T11:55:49.432+0000] {logging_mixin.py:188} INFO - [2026-05-23T11:55:49.431+0000] {dagbag.py:545} INFO - Filling up the DagBag from /home/vscode/.local/lib/python3.11/site-packages/airflow/example_dags/example_task_group.py
[2026-05-23T11:55:49.440+0000] {processor.py:840} INFO - DAG(s) 'example_task_group' retrieved from /home/vscode/.local/lib/python3.11/site-packages/airflow/example_dags/example_task_group.py
[2026-05-23T11:55:49.458+0000] {logging_mixin.py:188} INFO - [2026-05-23T11:55:49.458+0000] {dag.py:3096} INFO - Sync 1 DAGs
[2026-05-23T11:55:49.479+0000] {logging_mixin.py:188} INFO - [2026-05-23T11:55:49.479+0000] {dag.py:3954} INFO - Setting next_dagrun for example_task_group to 2026-05-22 00:00:00+00:00, run_after=2026-05-23 00:00:00+00:00
[2026-05-23T11:55:49.502+0000] {processor.py:183} INFO - Processing /home/vscode/.local/lib/python3.11/site-packages/airflow/example_dags/example_task_group.py took 0.086 seconds
[2026-05-23T11:56:38.620+0000] {processor.py:161} INFO - Started process (PID=22538) to work on /home/vscode/.local/lib/python3.11/site-packages/airflow/example_dags/example_task_group.py
[2026-05-23T11:56:38.621+0000] {processor.py:830} INFO - Processing file /home/vscode/.local/lib/python3.11/site-packages/airflow/example_dags/example_task_group.py for tasks to queue
[2026-05-23T11:56:38.622+0000] {logging_mixin.py:188} INFO - [2026-05-23T11:56:38.622+0000] {dagbag.py:545} INFO - Filling up the DagBag from /home/vscode/.local/lib/python3.11/site-packages/airflow/example_dags/example_task_group.py
[2026-05-23T11:56:38.630+0000] {processor.py:840} INFO - DAG(s) 'example_task_group' retrieved from /home/vscode/.local/lib/python3.11/site-packages/airflow/example_dags/example_task_group.py
[2026-05-23T11:56:38.649+0000] {logging_mixin.py:188} INFO - [2026-05-23T11:56:38.648+0000] {dag.py:3096} INFO - Sync 1 DAGs
[2026-05-23T11:56:38.670+0000] {logging_mixin.py:188} INFO - [2026-05-23T11:56:38.670+0000] {dag.py:3954} INFO - Setting next_dagrun for example_task_group to 2026-05-22 00:00:00+00:00, run_after=2026-05-23 00:00:00+00:00
[2026-05-23T11:56:38.692+0000] {processor.py:183} INFO - Processing /home/vscode/.local/lib/python3.11/site-packages/airflow/example_dags/example_task_group.py took 0.082 seconds
[2026-05-23T11:57:27.956+0000] {processor.py:161} INFO - Started process (PID=22990) to work on /home/vscode/.local/lib/python3.11/site-packages/airflow/example_dags/example_task_group.py
[2026-05-23T11:57:27.957+0000] {processor.py:830} INFO - Processing file /home/vscode/.local/lib/python3.11/site-packages/airflow/example_dags/example_task_group.py for tasks to queue
[2026-05-23T11:57:27.957+0000] {logging_mixin.py:188} INFO - [2026-05-23T11:57:27.957+0000] {dagbag.py:545} INFO - Filling up the DagBag from /home/vscode/.local/lib/python3.11/site-packages/airflow/example_dags/example_task_group.py
[2026-05-23T11:57:27.966+0000] {processor.py:840} INFO - DAG(s) 'example_task_group' retrieved from /home/vscode/.local/lib/python3.11/site-packages/airflow/example_dags/example_task_group.py
[2026-05-23T11:57:27.984+0000] {logging_mixin.py:188} INFO - [2026-05-23T11:57:27.984+0000] {dag.py:3096} INFO - Sync 1 DAGs
[2026-05-23T11:57:28.033+0000] {logging_mixin.py:188} INFO - [2026-05-23T11:57:28.027+0000] {dag.py:3954} INFO - Setting next_dagrun for example_task_group to 2026-05-22 00:00:00+00:00, run_after=2026-05-23 00:00:00+00:00
[2026-05-23T11:57:28.106+0000] {processor.py:183} INFO - Processing /home/vscode/.local/lib/python3.11/site-packages/airflow/example_dags/example_task_group.py took 0.160 seconds
[2026-05-23T11:58:19.479+0000] {processor.py:161} INFO - Started process (PID=23396) to work on /home/vscode/.local/lib/python3.11/site-packages/airflow/example_dags/example_task_group.py
[2026-05-23T11:58:19.479+0000] {processor.py:830} INFO - Processing file /home/vscode/.local/lib/python3.11/site-packages/airflow/example_dags/example_task_group.py for tasks to queue
[2026-05-23T11:58:19.480+0000] {logging_mixin.py:188} INFO - [2026-05-23T11:58:19.480+0000] {dagbag.py:545} INFO - Filling up the DagBag from /home/vscode/.local/lib/python3.11/site-packages/airflow/example_dags/example_task_group.py
[2026-05-23T11:58:19.489+0000] {processor.py:840} INFO - DAG(s) 'example_task_group' retrieved from /home/vscode/.local/lib/python3.11/site-packages/airflow/example_dags/example_task_group.py
[2026-05-23T11:58:19.508+0000] {logging_mixin.py:188} INFO - [2026-05-23T11:58:19.507+0000] {dag.py:3096} INFO - Sync 1 DAGs
[2026-05-23T11:58:19.529+0000] {logging_mixin.py:188} INFO - [2026-05-23T11:58:19.528+0000] {dag.py:3954} INFO - Setting next_dagrun for example_task_group to 2026-05-22 00:00:00+00:00, run_after=2026-05-23 00:00:00+00:00
[2026-05-23T11:58:19.551+0000] {processor.py:183} INFO - Processing /home/vscode/.local/lib/python3.11/site-packages/airflow/example_dags/example_task_group.py took 0.082 seconds
