[2026-05-23T12:01:46.830+0000] {processor.py:161} INFO - Started process (PID=26613) to work on /home/vscode/.local/lib/python3.11/site-packages/airflow/example_dags/example_asset_alias.py
[2026-05-23T12:01:46.832+0000] {processor.py:830} INFO - Processing file /home/vscode/.local/lib/python3.11/site-packages/airflow/example_dags/example_asset_alias.py for tasks to queue
[2026-05-23T12:01:46.833+0000] {logging_mixin.py:188} INFO - [2026-05-23T12:01:46.833+0000] {dagbag.py:545} INFO - Filling up the DagBag from /home/vscode/.local/lib/python3.11/site-packages/airflow/example_dags/example_asset_alias.py
[2026-05-23T12:01:46.842+0000] {logging_mixin.py:188} INFO - [2026-05-23T12:01:46.840+0000] {dagbag.py:355} ERROR - Failed to import: /home/vscode/.local/lib/python3.11/site-packages/airflow/example_dags/example_asset_alias.py
Traceback (most recent call last):
  File "/home/vscode/.local/lib/python3.11/site-packages/airflow/models/dagbag.py", line 351, in parse
  File "<frozen importlib._bootstrap_external>", line 940, in exec_module
  File "<frozen importlib._bootstrap>", line 241, in _call_with_frames_removed
  File "/home/vscode/.local/lib/python3.11/site-packages/airflow/example_dags/example_asset_alias.py", line 38, in <module>
    from airflow.sdk import DAG, Asset, AssetAlias, task
  File "/home/vscode/.local/lib/python3.11/site-packages/airflow/sdk/__init__.py", line 137, in __getattr__
    mod = importlib.import_module(module_path, __name__)
          ^^^^^^^^^^^^^^^^^^^^^^^^^^^^^^^^^^^^^^^^^^^^^^
  File "/usr/local/lib/python3.11/importlib/__init__.py", line 126, in import_module
    return _bootstrap._gcd_import(name[level:], package, level)
           ^^^^^^^^^^^^^^^^^^^^^^^^^^^^^^^^^^^^^^^^^^^^^^^^^^^^
  File "/home/vscode/.local/lib/python3.11/site-packages/airflow/sdk/definitions/dag.py", line 40, in <module>
    from airflow.exceptions import (
ImportError: cannot import name 'RemovedInAirflow4Warning' from 'airflow.exceptions' (/home/vscode/.local/lib/python3.11/site-packages/airflow/exceptions.py)
[2026-05-23T12:01:46.845+0000] {processor.py:842} WARNING - No viable dags retrieved from /home/vscode/.local/lib/python3.11/site-packages/airflow/example_dags/example_asset_alias.py
[2026-05-23T12:01:46.880+0000] {processor.py:183} INFO - Processing /home/vscode/.local/lib/python3.11/site-packages/airflow/example_dags/example_asset_alias.py took 0.064 seconds
[2026-05-23T12:02:20.351+0000] {processor.py:161} INFO - Started process (PID=29217) to work on /home/vscode/.local/lib/python3.11/site-packages/airflow/example_dags/example_asset_alias.py
[2026-05-23T12:02:20.352+0000] {processor.py:830} INFO - Processing file /home/vscode/.local/lib/python3.11/site-packages/airflow/example_dags/example_asset_alias.py for tasks to queue
[2026-05-23T12:02:20.353+0000] {logging_mixin.py:188} INFO - [2026-05-23T12:02:20.352+0000] {dagbag.py:545} INFO - Filling up the DagBag from /home/vscode/.local/lib/python3.11/site-packages/airflow/example_dags/example_asset_alias.py
[2026-05-23T12:02:20.360+0000] {logging_mixin.py:188} INFO - [2026-05-23T12:02:20.358+0000] {dagbag.py:355} ERROR - Failed to import: /home/vscode/.local/lib/python3.11/site-packages/airflow/example_dags/example_asset_alias.py
Traceback (most recent call last):
  File "/home/vscode/.local/lib/python3.11/site-packages/airflow/models/dagbag.py", line 351, in parse
  File "<frozen importlib._bootstrap_external>", line 940, in exec_module
  File "<frozen importlib._bootstrap>", line 241, in _call_with_frames_removed
  File "/home/vscode/.local/lib/python3.11/site-packages/airflow/example_dags/example_asset_alias.py", line 38, in <module>
    from airflow.sdk import DAG, Asset, AssetAlias, task
  File "/home/vscode/.local/lib/python3.11/site-packages/airflow/sdk/__init__.py", line 137, in __getattr__
    mod = importlib.import_module(module_path, __name__)
          ^^^^^^^^^^^^^^^^^^^^^^^^^^^^^^^^^^^^^^^^^^^^^^
  File "/usr/local/lib/python3.11/importlib/__init__.py", line 126, in import_module
    return _bootstrap._gcd_import(name[level:], package, level)
           ^^^^^^^^^^^^^^^^^^^^^^^^^^^^^^^^^^^^^^^^^^^^^^^^^^^^
  File "/home/vscode/.local/lib/python3.11/site-packages/airflow/sdk/definitions/dag.py", line 40, in <module>
    from airflow.exceptions import (
ImportError: cannot import name 'RemovedInAirflow4Warning' from 'airflow.exceptions' (/home/vscode/.local/lib/python3.11/site-packages/airflow/exceptions.py)
[2026-05-23T12:02:20.361+0000] {processor.py:842} WARNING - No viable dags retrieved from /home/vscode/.local/lib/python3.11/site-packages/airflow/example_dags/example_asset_alias.py
[2026-05-23T12:02:20.383+0000] {processor.py:183} INFO - Processing /home/vscode/.local/lib/python3.11/site-packages/airflow/example_dags/example_asset_alias.py took 0.044 seconds
[2026-05-23T12:02:50.747+0000] {processor.py:161} INFO - Started process (PID=29688) to work on /home/vscode/.local/lib/python3.11/site-packages/airflow/example_dags/example_asset_alias.py
[2026-05-23T12:02:50.748+0000] {processor.py:830} INFO - Processing file /home/vscode/.local/lib/python3.11/site-packages/airflow/example_dags/example_asset_alias.py for tasks to queue
[2026-05-23T12:02:50.748+0000] {logging_mixin.py:188} INFO - [2026-05-23T12:02:50.748+0000] {dagbag.py:545} INFO - Filling up the DagBag from /home/vscode/.local/lib/python3.11/site-packages/airflow/example_dags/example_asset_alias.py
[2026-05-23T12:02:50.752+0000] {logging_mixin.py:188} INFO - [2026-05-23T12:02:50.751+0000] {dagbag.py:355} ERROR - Failed to import: /home/vscode/.local/lib/python3.11/site-packages/airflow/example_dags/example_asset_alias.py
Traceback (most recent call last):
  File "/home/vscode/.local/lib/python3.11/site-packages/airflow/models/dagbag.py", line 351, in parse
  File "<frozen importlib._bootstrap_external>", line 940, in exec_module
  File "<frozen importlib._bootstrap>", line 241, in _call_with_frames_removed
  File "/home/vscode/.local/lib/python3.11/site-packages/airflow/example_dags/example_asset_alias.py", line 38, in <module>
    from airflow.sdk import DAG, Asset, AssetAlias, task
  File "/home/vscode/.local/lib/python3.11/site-packages/airflow/sdk/__init__.py", line 137, in __getattr__
    mod = importlib.import_module(module_path, __name__)
          ^^^^^^^^^^^^^^^^^^^^^^^^^^^^^^^^^^^^^^^^^^^^^^
  File "/usr/local/lib/python3.11/importlib/__init__.py", line 126, in import_module
    return _bootstrap._gcd_import(name[level:], package, level)
           ^^^^^^^^^^^^^^^^^^^^^^^^^^^^^^^^^^^^^^^^^^^^^^^^^^^^
  File "/home/vscode/.local/lib/python3.11/site-packages/airflow/sdk/definitions/dag.py", line 40, in <module>
    from airflow.exceptions import (
ImportError: cannot import name 'RemovedInAirflow4Warning' from 'airflow.exceptions' (/home/vscode/.local/lib/python3.11/site-packages/airflow/exceptions.py)
[2026-05-23T12:02:50.753+0000] {processor.py:842} WARNING - No viable dags retrieved from /home/vscode/.local/lib/python3.11/site-packages/airflow/example_dags/example_asset_alias.py
[2026-05-23T12:02:50.773+0000] {processor.py:183} INFO - Processing /home/vscode/.local/lib/python3.11/site-packages/airflow/example_dags/example_asset_alias.py took 0.033 seconds
[2026-05-23T12:03:21.141+0000] {processor.py:161} INFO - Started process (PID=29913) to work on /home/vscode/.local/lib/python3.11/site-packages/airflow/example_dags/example_asset_alias.py
[2026-05-23T12:03:21.141+0000] {processor.py:830} INFO - Processing file /home/vscode/.local/lib/python3.11/site-packages/airflow/example_dags/example_asset_alias.py for tasks to queue
[2026-05-23T12:03:21.142+0000] {logging_mixin.py:188} INFO - [2026-05-23T12:03:21.142+0000] {dagbag.py:545} INFO - Filling up the DagBag from /home/vscode/.local/lib/python3.11/site-packages/airflow/example_dags/example_asset_alias.py
[2026-05-23T12:03:21.146+0000] {logging_mixin.py:188} INFO - [2026-05-23T12:03:21.144+0000] {dagbag.py:355} ERROR - Failed to import: /home/vscode/.local/lib/python3.11/site-packages/airflow/example_dags/example_asset_alias.py
Traceback (most recent call last):
  File "/home/vscode/.local/lib/python3.11/site-packages/airflow/models/dagbag.py", line 351, in parse
  File "<frozen importlib._bootstrap_external>", line 940, in exec_module
  File "<frozen importlib._bootstrap>", line 241, in _call_with_frames_removed
  File "/home/vscode/.local/lib/python3.11/site-packages/airflow/example_dags/example_asset_alias.py", line 38, in <module>
    from airflow.sdk import DAG, Asset, AssetAlias, task
  File "/home/vscode/.local/lib/python3.11/site-packages/airflow/sdk/__init__.py", line 137, in __getattr__
    mod = importlib.import_module(module_path, __name__)
          ^^^^^^^^^^^^^^^^^^^^^^^^^^^^^^^^^^^^^^^^^^^^^^
  File "/usr/local/lib/python3.11/importlib/__init__.py", line 126, in import_module
    return _bootstrap._gcd_import(name[level:], package, level)
           ^^^^^^^^^^^^^^^^^^^^^^^^^^^^^^^^^^^^^^^^^^^^^^^^^^^^
  File "/home/vscode/.local/lib/python3.11/site-packages/airflow/sdk/definitions/dag.py", line 40, in <module>
    from airflow.exceptions import (
ImportError: cannot import name 'RemovedInAirflow4Warning' from 'airflow.exceptions' (/home/vscode/.local/lib/python3.11/site-packages/airflow/exceptions.py)
[2026-05-23T12:03:21.146+0000] {processor.py:842} WARNING - No viable dags retrieved from /home/vscode/.local/lib/python3.11/site-packages/airflow/example_dags/example_asset_alias.py
[2026-05-23T12:03:21.158+0000] {processor.py:183} INFO - Processing /home/vscode/.local/lib/python3.11/site-packages/airflow/example_dags/example_asset_alias.py took 0.024 seconds
[2026-05-23T12:03:51.548+0000] {processor.py:161} INFO - Started process (PID=30023) to work on /home/vscode/.local/lib/python3.11/site-packages/airflow/example_dags/example_asset_alias.py
[2026-05-23T12:03:51.549+0000] {processor.py:830} INFO - Processing file /home/vscode/.local/lib/python3.11/site-packages/airflow/example_dags/example_asset_alias.py for tasks to queue
[2026-05-23T12:03:51.549+0000] {logging_mixin.py:188} INFO - [2026-05-23T12:03:51.549+0000] {dagbag.py:545} INFO - Filling up the DagBag from /home/vscode/.local/lib/python3.11/site-packages/airflow/example_dags/example_asset_alias.py
[2026-05-23T12:03:51.553+0000] {logging_mixin.py:188} INFO - [2026-05-23T12:03:51.552+0000] {dagbag.py:355} ERROR - Failed to import: /home/vscode/.local/lib/python3.11/site-packages/airflow/example_dags/example_asset_alias.py
Traceback (most recent call last):
  File "/home/vscode/.local/lib/python3.11/site-packages/airflow/models/dagbag.py", line 351, in parse
  File "<frozen importlib._bootstrap_external>", line 940, in exec_module
  File "<frozen importlib._bootstrap>", line 241, in _call_with_frames_removed
  File "/home/vscode/.local/lib/python3.11/site-packages/airflow/example_dags/example_asset_alias.py", line 38, in <module>
    from airflow.sdk import DAG, Asset, AssetAlias, task
  File "/home/vscode/.local/lib/python3.11/site-packages/airflow/sdk/__init__.py", line 137, in __getattr__
    mod = importlib.import_module(module_path, __name__)
          ^^^^^^^^^^^^^^^^^^^^^^^^^^^^^^^^^^^^^^^^^^^^^^
  File "/usr/local/lib/python3.11/importlib/__init__.py", line 126, in import_module
    return _bootstrap._gcd_import(name[level:], package, level)
           ^^^^^^^^^^^^^^^^^^^^^^^^^^^^^^^^^^^^^^^^^^^^^^^^^^^^
  File "/home/vscode/.local/lib/python3.11/site-packages/airflow/sdk/definitions/dag.py", line 40, in <module>
    from airflow.exceptions import (
ImportError: cannot import name 'RemovedInAirflow4Warning' from 'airflow.exceptions' (/home/vscode/.local/lib/python3.11/site-packages/airflow/exceptions.py)
[2026-05-23T12:03:51.553+0000] {processor.py:842} WARNING - No viable dags retrieved from /home/vscode/.local/lib/python3.11/site-packages/airflow/example_dags/example_asset_alias.py
[2026-05-23T12:03:51.566+0000] {processor.py:183} INFO - Processing /home/vscode/.local/lib/python3.11/site-packages/airflow/example_dags/example_asset_alias.py took 0.024 seconds
[2026-05-23T12:04:21.872+0000] {processor.py:161} INFO - Started process (PID=30137) to work on /home/vscode/.local/lib/python3.11/site-packages/airflow/example_dags/example_asset_alias.py
[2026-05-23T12:04:21.873+0000] {processor.py:830} INFO - Processing file /home/vscode/.local/lib/python3.11/site-packages/airflow/example_dags/example_asset_alias.py for tasks to queue
[2026-05-23T12:04:21.873+0000] {logging_mixin.py:188} INFO - [2026-05-23T12:04:21.873+0000] {dagbag.py:545} INFO - Filling up the DagBag from /home/vscode/.local/lib/python3.11/site-packages/airflow/example_dags/example_asset_alias.py
[2026-05-23T12:04:21.877+0000] {logging_mixin.py:188} INFO - [2026-05-23T12:04:21.876+0000] {dagbag.py:355} ERROR - Failed to import: /home/vscode/.local/lib/python3.11/site-packages/airflow/example_dags/example_asset_alias.py
Traceback (most recent call last):
  File "/home/vscode/.local/lib/python3.11/site-packages/airflow/models/dagbag.py", line 351, in parse
  File "<frozen importlib._bootstrap_external>", line 940, in exec_module
  File "<frozen importlib._bootstrap>", line 241, in _call_with_frames_removed
  File "/home/vscode/.local/lib/python3.11/site-packages/airflow/example_dags/example_asset_alias.py", line 38, in <module>
    from airflow.sdk import DAG, Asset, AssetAlias, task
  File "/home/vscode/.local/lib/python3.11/site-packages/airflow/sdk/__init__.py", line 137, in __getattr__
    mod = importlib.import_module(module_path, __name__)
          ^^^^^^^^^^^^^^^^^^^^^^^^^^^^^^^^^^^^^^^^^^^^^^
  File "/usr/local/lib/python3.11/importlib/__init__.py", line 126, in import_module
    return _bootstrap._gcd_import(name[level:], package, level)
           ^^^^^^^^^^^^^^^^^^^^^^^^^^^^^^^^^^^^^^^^^^^^^^^^^^^^
  File "/home/vscode/.local/lib/python3.11/site-packages/airflow/sdk/definitions/dag.py", line 40, in <module>
    from airflow.exceptions import (
ImportError: cannot import name 'RemovedInAirflow4Warning' from 'airflow.exceptions' (/home/vscode/.local/lib/python3.11/site-packages/airflow/exceptions.py)
[2026-05-23T12:04:21.877+0000] {processor.py:842} WARNING - No viable dags retrieved from /home/vscode/.local/lib/python3.11/site-packages/airflow/example_dags/example_asset_alias.py
[2026-05-23T12:04:21.890+0000] {processor.py:183} INFO - Processing /home/vscode/.local/lib/python3.11/site-packages/airflow/example_dags/example_asset_alias.py took 0.024 seconds
[2026-05-23T12:04:52.271+0000] {processor.py:161} INFO - Started process (PID=30247) to work on /home/vscode/.local/lib/python3.11/site-packages/airflow/example_dags/example_asset_alias.py
[2026-05-23T12:04:52.272+0000] {processor.py:830} INFO - Processing file /home/vscode/.local/lib/python3.11/site-packages/airflow/example_dags/example_asset_alias.py for tasks to queue
[2026-05-23T12:04:52.272+0000] {logging_mixin.py:188} INFO - [2026-05-23T12:04:52.272+0000] {dagbag.py:545} INFO - Filling up the DagBag from /home/vscode/.local/lib/python3.11/site-packages/airflow/example_dags/example_asset_alias.py
[2026-05-23T12:04:52.276+0000] {logging_mixin.py:188} INFO - [2026-05-23T12:04:52.275+0000] {dagbag.py:355} ERROR - Failed to import: /home/vscode/.local/lib/python3.11/site-packages/airflow/example_dags/example_asset_alias.py
Traceback (most recent call last):
  File "/home/vscode/.local/lib/python3.11/site-packages/airflow/models/dagbag.py", line 351, in parse
  File "<frozen importlib._bootstrap_external>", line 940, in exec_module
  File "<frozen importlib._bootstrap>", line 241, in _call_with_frames_removed
  File "/home/vscode/.local/lib/python3.11/site-packages/airflow/example_dags/example_asset_alias.py", line 38, in <module>
    from airflow.sdk import DAG, Asset, AssetAlias, task
  File "/home/vscode/.local/lib/python3.11/site-packages/airflow/sdk/__init__.py", line 137, in __getattr__
    mod = importlib.import_module(module_path, __name__)
          ^^^^^^^^^^^^^^^^^^^^^^^^^^^^^^^^^^^^^^^^^^^^^^
  File "/usr/local/lib/python3.11/importlib/__init__.py", line 126, in import_module
    return _bootstrap._gcd_import(name[level:], package, level)
           ^^^^^^^^^^^^^^^^^^^^^^^^^^^^^^^^^^^^^^^^^^^^^^^^^^^^
  File "/home/vscode/.local/lib/python3.11/site-packages/airflow/sdk/definitions/dag.py", line 40, in <module>
    from airflow.exceptions import (
ImportError: cannot import name 'RemovedInAirflow4Warning' from 'airflow.exceptions' (/home/vscode/.local/lib/python3.11/site-packages/airflow/exceptions.py)
[2026-05-23T12:04:52.277+0000] {processor.py:842} WARNING - No viable dags retrieved from /home/vscode/.local/lib/python3.11/site-packages/airflow/example_dags/example_asset_alias.py
[2026-05-23T12:04:52.289+0000] {processor.py:183} INFO - Processing /home/vscode/.local/lib/python3.11/site-packages/airflow/example_dags/example_asset_alias.py took 0.025 seconds
[2026-05-23T12:05:23.556+0000] {processor.py:161} INFO - Started process (PID=30363) to work on /home/vscode/.local/lib/python3.11/site-packages/airflow/example_dags/example_asset_alias.py
[2026-05-23T12:05:23.556+0000] {processor.py:830} INFO - Processing file /home/vscode/.local/lib/python3.11/site-packages/airflow/example_dags/example_asset_alias.py for tasks to queue
[2026-05-23T12:05:23.557+0000] {logging_mixin.py:188} INFO - [2026-05-23T12:05:23.557+0000] {dagbag.py:545} INFO - Filling up the DagBag from /home/vscode/.local/lib/python3.11/site-packages/airflow/example_dags/example_asset_alias.py
[2026-05-23T12:05:23.561+0000] {logging_mixin.py:188} INFO - [2026-05-23T12:05:23.560+0000] {dagbag.py:355} ERROR - Failed to import: /home/vscode/.local/lib/python3.11/site-packages/airflow/example_dags/example_asset_alias.py
Traceback (most recent call last):
  File "/home/vscode/.local/lib/python3.11/site-packages/airflow/models/dagbag.py", line 351, in parse
  File "<frozen importlib._bootstrap_external>", line 940, in exec_module
  File "<frozen importlib._bootstrap>", line 241, in _call_with_frames_removed
  File "/home/vscode/.local/lib/python3.11/site-packages/airflow/example_dags/example_asset_alias.py", line 38, in <module>
    from airflow.sdk import DAG, Asset, AssetAlias, task
  File "/home/vscode/.local/lib/python3.11/site-packages/airflow/sdk/__init__.py", line 137, in __getattr__
    mod = importlib.import_module(module_path, __name__)
          ^^^^^^^^^^^^^^^^^^^^^^^^^^^^^^^^^^^^^^^^^^^^^^
  File "/usr/local/lib/python3.11/importlib/__init__.py", line 126, in import_module
    return _bootstrap._gcd_import(name[level:], package, level)
           ^^^^^^^^^^^^^^^^^^^^^^^^^^^^^^^^^^^^^^^^^^^^^^^^^^^^
  File "/home/vscode/.local/lib/python3.11/site-packages/airflow/sdk/definitions/dag.py", line 40, in <module>
    from airflow.exceptions import (
ImportError: cannot import name 'RemovedInAirflow4Warning' from 'airflow.exceptions' (/home/vscode/.local/lib/python3.11/site-packages/airflow/exceptions.py)
[2026-05-23T12:05:23.561+0000] {processor.py:842} WARNING - No viable dags retrieved from /home/vscode/.local/lib/python3.11/site-packages/airflow/example_dags/example_asset_alias.py
[2026-05-23T12:05:23.575+0000] {processor.py:183} INFO - Processing /home/vscode/.local/lib/python3.11/site-packages/airflow/example_dags/example_asset_alias.py took 0.026 seconds
[2026-05-23T12:05:54.893+0000] {processor.py:161} INFO - Started process (PID=30479) to work on /home/vscode/.local/lib/python3.11/site-packages/airflow/example_dags/example_asset_alias.py
[2026-05-23T12:05:54.894+0000] {processor.py:830} INFO - Processing file /home/vscode/.local/lib/python3.11/site-packages/airflow/example_dags/example_asset_alias.py for tasks to queue
[2026-05-23T12:05:54.894+0000] {logging_mixin.py:188} INFO - [2026-05-23T12:05:54.894+0000] {dagbag.py:545} INFO - Filling up the DagBag from /home/vscode/.local/lib/python3.11/site-packages/airflow/example_dags/example_asset_alias.py
[2026-05-23T12:05:54.898+0000] {logging_mixin.py:188} INFO - [2026-05-23T12:05:54.897+0000] {dagbag.py:355} ERROR - Failed to import: /home/vscode/.local/lib/python3.11/site-packages/airflow/example_dags/example_asset_alias.py
Traceback (most recent call last):
  File "/home/vscode/.local/lib/python3.11/site-packages/airflow/models/dagbag.py", line 351, in parse
  File "<frozen importlib._bootstrap_external>", line 940, in exec_module
  File "<frozen importlib._bootstrap>", line 241, in _call_with_frames_removed
  File "/home/vscode/.local/lib/python3.11/site-packages/airflow/example_dags/example_asset_alias.py", line 38, in <module>
    from airflow.sdk import DAG, Asset, AssetAlias, task
  File "/home/vscode/.local/lib/python3.11/site-packages/airflow/sdk/__init__.py", line 137, in __getattr__
    mod = importlib.import_module(module_path, __name__)
          ^^^^^^^^^^^^^^^^^^^^^^^^^^^^^^^^^^^^^^^^^^^^^^
  File "/usr/local/lib/python3.11/importlib/__init__.py", line 126, in import_module
    return _bootstrap._gcd_import(name[level:], package, level)
           ^^^^^^^^^^^^^^^^^^^^^^^^^^^^^^^^^^^^^^^^^^^^^^^^^^^^
  File "/home/vscode/.local/lib/python3.11/site-packages/airflow/sdk/definitions/dag.py", line 40, in <module>
    from airflow.exceptions import (
ImportError: cannot import name 'RemovedInAirflow4Warning' from 'airflow.exceptions' (/home/vscode/.local/lib/python3.11/site-packages/airflow/exceptions.py)
[2026-05-23T12:05:54.899+0000] {processor.py:842} WARNING - No viable dags retrieved from /home/vscode/.local/lib/python3.11/site-packages/airflow/example_dags/example_asset_alias.py
[2026-05-23T12:05:54.912+0000] {processor.py:183} INFO - Processing /home/vscode/.local/lib/python3.11/site-packages/airflow/example_dags/example_asset_alias.py took 0.025 seconds
[2026-05-23T12:06:25.733+0000] {processor.py:161} INFO - Started process (PID=30595) to work on /home/vscode/.local/lib/python3.11/site-packages/airflow/example_dags/example_asset_alias.py
[2026-05-23T12:06:25.734+0000] {processor.py:830} INFO - Processing file /home/vscode/.local/lib/python3.11/site-packages/airflow/example_dags/example_asset_alias.py for tasks to queue
[2026-05-23T12:06:25.734+0000] {logging_mixin.py:188} INFO - [2026-05-23T12:06:25.734+0000] {dagbag.py:545} INFO - Filling up the DagBag from /home/vscode/.local/lib/python3.11/site-packages/airflow/example_dags/example_asset_alias.py
[2026-05-23T12:06:25.738+0000] {logging_mixin.py:188} INFO - [2026-05-23T12:06:25.737+0000] {dagbag.py:355} ERROR - Failed to import: /home/vscode/.local/lib/python3.11/site-packages/airflow/example_dags/example_asset_alias.py
Traceback (most recent call last):
  File "/home/vscode/.local/lib/python3.11/site-packages/airflow/models/dagbag.py", line 351, in parse
  File "<frozen importlib._bootstrap_external>", line 940, in exec_module
  File "<frozen importlib._bootstrap>", line 241, in _call_with_frames_removed
  File "/home/vscode/.local/lib/python3.11/site-packages/airflow/example_dags/example_asset_alias.py", line 38, in <module>
    from airflow.sdk import DAG, Asset, AssetAlias, task
  File "/home/vscode/.local/lib/python3.11/site-packages/airflow/sdk/__init__.py", line 137, in __getattr__
    mod = importlib.import_module(module_path, __name__)
          ^^^^^^^^^^^^^^^^^^^^^^^^^^^^^^^^^^^^^^^^^^^^^^
  File "/usr/local/lib/python3.11/importlib/__init__.py", line 126, in import_module
    return _bootstrap._gcd_import(name[level:], package, level)
           ^^^^^^^^^^^^^^^^^^^^^^^^^^^^^^^^^^^^^^^^^^^^^^^^^^^^
  File "/home/vscode/.local/lib/python3.11/site-packages/airflow/sdk/definitions/dag.py", line 40, in <module>
    from airflow.exceptions import (
ImportError: cannot import name 'RemovedInAirflow4Warning' from 'airflow.exceptions' (/home/vscode/.local/lib/python3.11/site-packages/airflow/exceptions.py)
[2026-05-23T12:06:25.739+0000] {processor.py:842} WARNING - No viable dags retrieved from /home/vscode/.local/lib/python3.11/site-packages/airflow/example_dags/example_asset_alias.py
[2026-05-23T12:06:25.753+0000] {processor.py:183} INFO - Processing /home/vscode/.local/lib/python3.11/site-packages/airflow/example_dags/example_asset_alias.py took 0.026 seconds
[2026-05-23T12:06:56.464+0000] {processor.py:161} INFO - Started process (PID=30711) to work on /home/vscode/.local/lib/python3.11/site-packages/airflow/example_dags/example_asset_alias.py
[2026-05-23T12:06:56.465+0000] {processor.py:830} INFO - Processing file /home/vscode/.local/lib/python3.11/site-packages/airflow/example_dags/example_asset_alias.py for tasks to queue
[2026-05-23T12:06:56.465+0000] {logging_mixin.py:188} INFO - [2026-05-23T12:06:56.465+0000] {dagbag.py:545} INFO - Filling up the DagBag from /home/vscode/.local/lib/python3.11/site-packages/airflow/example_dags/example_asset_alias.py
[2026-05-23T12:06:56.469+0000] {logging_mixin.py:188} INFO - [2026-05-23T12:06:56.468+0000] {dagbag.py:355} ERROR - Failed to import: /home/vscode/.local/lib/python3.11/site-packages/airflow/example_dags/example_asset_alias.py
Traceback (most recent call last):
  File "/home/vscode/.local/lib/python3.11/site-packages/airflow/models/dagbag.py", line 351, in parse
  File "<frozen importlib._bootstrap_external>", line 940, in exec_module
  File "<frozen importlib._bootstrap>", line 241, in _call_with_frames_removed
  File "/home/vscode/.local/lib/python3.11/site-packages/airflow/example_dags/example_asset_alias.py", line 38, in <module>
    from airflow.sdk import DAG, Asset, AssetAlias, task
  File "/home/vscode/.local/lib/python3.11/site-packages/airflow/sdk/__init__.py", line 137, in __getattr__
    mod = importlib.import_module(module_path, __name__)
          ^^^^^^^^^^^^^^^^^^^^^^^^^^^^^^^^^^^^^^^^^^^^^^
  File "/usr/local/lib/python3.11/importlib/__init__.py", line 126, in import_module
    return _bootstrap._gcd_import(name[level:], package, level)
           ^^^^^^^^^^^^^^^^^^^^^^^^^^^^^^^^^^^^^^^^^^^^^^^^^^^^
  File "/home/vscode/.local/lib/python3.11/site-packages/airflow/sdk/definitions/dag.py", line 40, in <module>
    from airflow.exceptions import (
ImportError: cannot import name 'RemovedInAirflow4Warning' from 'airflow.exceptions' (/home/vscode/.local/lib/python3.11/site-packages/airflow/exceptions.py)
[2026-05-23T12:06:56.469+0000] {processor.py:842} WARNING - No viable dags retrieved from /home/vscode/.local/lib/python3.11/site-packages/airflow/example_dags/example_asset_alias.py
[2026-05-23T12:06:56.485+0000] {processor.py:183} INFO - Processing /home/vscode/.local/lib/python3.11/site-packages/airflow/example_dags/example_asset_alias.py took 0.028 seconds
[2026-05-23T12:07:27.166+0000] {processor.py:161} INFO - Started process (PID=30825) to work on /home/vscode/.local/lib/python3.11/site-packages/airflow/example_dags/example_asset_alias.py
[2026-05-23T12:07:27.167+0000] {processor.py:830} INFO - Processing file /home/vscode/.local/lib/python3.11/site-packages/airflow/example_dags/example_asset_alias.py for tasks to queue
[2026-05-23T12:07:27.168+0000] {logging_mixin.py:188} INFO - [2026-05-23T12:07:27.167+0000] {dagbag.py:545} INFO - Filling up the DagBag from /home/vscode/.local/lib/python3.11/site-packages/airflow/example_dags/example_asset_alias.py
[2026-05-23T12:07:27.171+0000] {logging_mixin.py:188} INFO - [2026-05-23T12:07:27.170+0000] {dagbag.py:355} ERROR - Failed to import: /home/vscode/.local/lib/python3.11/site-packages/airflow/example_dags/example_asset_alias.py
Traceback (most recent call last):
  File "/home/vscode/.local/lib/python3.11/site-packages/airflow/models/dagbag.py", line 351, in parse
  File "<frozen importlib._bootstrap_external>", line 940, in exec_module
  File "<frozen importlib._bootstrap>", line 241, in _call_with_frames_removed
  File "/home/vscode/.local/lib/python3.11/site-packages/airflow/example_dags/example_asset_alias.py", line 38, in <module>
    from airflow.sdk import DAG, Asset, AssetAlias, task
  File "/home/vscode/.local/lib/python3.11/site-packages/airflow/sdk/__init__.py", line 137, in __getattr__
    mod = importlib.import_module(module_path, __name__)
          ^^^^^^^^^^^^^^^^^^^^^^^^^^^^^^^^^^^^^^^^^^^^^^
  File "/usr/local/lib/python3.11/importlib/__init__.py", line 126, in import_module
    return _bootstrap._gcd_import(name[level:], package, level)
           ^^^^^^^^^^^^^^^^^^^^^^^^^^^^^^^^^^^^^^^^^^^^^^^^^^^^
  File "/home/vscode/.local/lib/python3.11/site-packages/airflow/sdk/definitions/dag.py", line 40, in <module>
    from airflow.exceptions import (
ImportError: cannot import name 'RemovedInAirflow4Warning' from 'airflow.exceptions' (/home/vscode/.local/lib/python3.11/site-packages/airflow/exceptions.py)
[2026-05-23T12:07:27.172+0000] {processor.py:842} WARNING - No viable dags retrieved from /home/vscode/.local/lib/python3.11/site-packages/airflow/example_dags/example_asset_alias.py
[2026-05-23T12:07:27.184+0000] {processor.py:183} INFO - Processing /home/vscode/.local/lib/python3.11/site-packages/airflow/example_dags/example_asset_alias.py took 0.024 seconds
[2026-05-23T12:07:57.602+0000] {processor.py:161} INFO - Started process (PID=30935) to work on /home/vscode/.local/lib/python3.11/site-packages/airflow/example_dags/example_asset_alias.py
[2026-05-23T12:07:57.602+0000] {processor.py:830} INFO - Processing file /home/vscode/.local/lib/python3.11/site-packages/airflow/example_dags/example_asset_alias.py for tasks to queue
[2026-05-23T12:07:57.603+0000] {logging_mixin.py:188} INFO - [2026-05-23T12:07:57.603+0000] {dagbag.py:545} INFO - Filling up the DagBag from /home/vscode/.local/lib/python3.11/site-packages/airflow/example_dags/example_asset_alias.py
[2026-05-23T12:07:57.607+0000] {logging_mixin.py:188} INFO - [2026-05-23T12:07:57.606+0000] {dagbag.py:355} ERROR - Failed to import: /home/vscode/.local/lib/python3.11/site-packages/airflow/example_dags/example_asset_alias.py
Traceback (most recent call last):
  File "/home/vscode/.local/lib/python3.11/site-packages/airflow/models/dagbag.py", line 351, in parse
  File "<frozen importlib._bootstrap_external>", line 940, in exec_module
  File "<frozen importlib._bootstrap>", line 241, in _call_with_frames_removed
  File "/home/vscode/.local/lib/python3.11/site-packages/airflow/example_dags/example_asset_alias.py", line 38, in <module>
    from airflow.sdk import DAG, Asset, AssetAlias, task
  File "/home/vscode/.local/lib/python3.11/site-packages/airflow/sdk/__init__.py", line 137, in __getattr__
    mod = importlib.import_module(module_path, __name__)
          ^^^^^^^^^^^^^^^^^^^^^^^^^^^^^^^^^^^^^^^^^^^^^^
  File "/usr/local/lib/python3.11/importlib/__init__.py", line 126, in import_module
    return _bootstrap._gcd_import(name[level:], package, level)
           ^^^^^^^^^^^^^^^^^^^^^^^^^^^^^^^^^^^^^^^^^^^^^^^^^^^^
  File "/home/vscode/.local/lib/python3.11/site-packages/airflow/sdk/definitions/dag.py", line 40, in <module>
    from airflow.exceptions import (
ImportError: cannot import name 'RemovedInAirflow4Warning' from 'airflow.exceptions' (/home/vscode/.local/lib/python3.11/site-packages/airflow/exceptions.py)
[2026-05-23T12:07:57.607+0000] {processor.py:842} WARNING - No viable dags retrieved from /home/vscode/.local/lib/python3.11/site-packages/airflow/example_dags/example_asset_alias.py
[2026-05-23T12:07:57.620+0000] {processor.py:183} INFO - Processing /home/vscode/.local/lib/python3.11/site-packages/airflow/example_dags/example_asset_alias.py took 0.024 seconds
[2026-05-23T12:08:28.190+0000] {processor.py:161} INFO - Started process (PID=31095) to work on /home/vscode/.local/lib/python3.11/site-packages/airflow/example_dags/example_asset_alias.py
[2026-05-23T12:08:28.191+0000] {processor.py:830} INFO - Processing file /home/vscode/.local/lib/python3.11/site-packages/airflow/example_dags/example_asset_alias.py for tasks to queue
[2026-05-23T12:08:28.192+0000] {logging_mixin.py:188} INFO - [2026-05-23T12:08:28.191+0000] {dagbag.py:545} INFO - Filling up the DagBag from /home/vscode/.local/lib/python3.11/site-packages/airflow/example_dags/example_asset_alias.py
[2026-05-23T12:08:28.196+0000] {logging_mixin.py:188} INFO - [2026-05-23T12:08:28.194+0000] {dagbag.py:355} ERROR - Failed to import: /home/vscode/.local/lib/python3.11/site-packages/airflow/example_dags/example_asset_alias.py
Traceback (most recent call last):
  File "/home/vscode/.local/lib/python3.11/site-packages/airflow/models/dagbag.py", line 351, in parse
  File "<frozen importlib._bootstrap_external>", line 940, in exec_module
  File "<frozen importlib._bootstrap>", line 241, in _call_with_frames_removed
  File "/home/vscode/.local/lib/python3.11/site-packages/airflow/example_dags/example_asset_alias.py", line 38, in <module>
    from airflow.sdk import DAG, Asset, AssetAlias, task
  File "/home/vscode/.local/lib/python3.11/site-packages/airflow/sdk/__init__.py", line 137, in __getattr__
    mod = importlib.import_module(module_path, __name__)
          ^^^^^^^^^^^^^^^^^^^^^^^^^^^^^^^^^^^^^^^^^^^^^^
  File "/usr/local/lib/python3.11/importlib/__init__.py", line 126, in import_module
    return _bootstrap._gcd_import(name[level:], package, level)
           ^^^^^^^^^^^^^^^^^^^^^^^^^^^^^^^^^^^^^^^^^^^^^^^^^^^^
  File "/home/vscode/.local/lib/python3.11/site-packages/airflow/sdk/definitions/dag.py", line 40, in <module>
    from airflow.exceptions import (
ImportError: cannot import name 'RemovedInAirflow4Warning' from 'airflow.exceptions' (/home/vscode/.local/lib/python3.11/site-packages/airflow/exceptions.py)
[2026-05-23T12:08:28.196+0000] {processor.py:842} WARNING - No viable dags retrieved from /home/vscode/.local/lib/python3.11/site-packages/airflow/example_dags/example_asset_alias.py
[2026-05-23T12:08:28.210+0000] {processor.py:183} INFO - Processing /home/vscode/.local/lib/python3.11/site-packages/airflow/example_dags/example_asset_alias.py took 0.027 seconds
[2026-05-23T12:08:58.800+0000] {processor.py:161} INFO - Started process (PID=31306) to work on /home/vscode/.local/lib/python3.11/site-packages/airflow/example_dags/example_asset_alias.py
[2026-05-23T12:08:58.800+0000] {processor.py:830} INFO - Processing file /home/vscode/.local/lib/python3.11/site-packages/airflow/example_dags/example_asset_alias.py for tasks to queue
[2026-05-23T12:08:58.801+0000] {logging_mixin.py:188} INFO - [2026-05-23T12:08:58.801+0000] {dagbag.py:545} INFO - Filling up the DagBag from /home/vscode/.local/lib/python3.11/site-packages/airflow/example_dags/example_asset_alias.py
[2026-05-23T12:08:58.805+0000] {logging_mixin.py:188} INFO - [2026-05-23T12:08:58.804+0000] {dagbag.py:355} ERROR - Failed to import: /home/vscode/.local/lib/python3.11/site-packages/airflow/example_dags/example_asset_alias.py
Traceback (most recent call last):
  File "/home/vscode/.local/lib/python3.11/site-packages/airflow/models/dagbag.py", line 351, in parse
  File "<frozen importlib._bootstrap_external>", line 940, in exec_module
  File "<frozen importlib._bootstrap>", line 241, in _call_with_frames_removed
  File "/home/vscode/.local/lib/python3.11/site-packages/airflow/example_dags/example_asset_alias.py", line 38, in <module>
    from airflow.sdk import DAG, Asset, AssetAlias, task
  File "/home/vscode/.local/lib/python3.11/site-packages/airflow/sdk/__init__.py", line 137, in __getattr__
    mod = importlib.import_module(module_path, __name__)
          ^^^^^^^^^^^^^^^^^^^^^^^^^^^^^^^^^^^^^^^^^^^^^^
  File "/usr/local/lib/python3.11/importlib/__init__.py", line 126, in import_module
    return _bootstrap._gcd_import(name[level:], package, level)
           ^^^^^^^^^^^^^^^^^^^^^^^^^^^^^^^^^^^^^^^^^^^^^^^^^^^^
  File "/home/vscode/.local/lib/python3.11/site-packages/airflow/sdk/definitions/dag.py", line 40, in <module>
    from airflow.exceptions import (
ImportError: cannot import name 'RemovedInAirflow4Warning' from 'airflow.exceptions' (/home/vscode/.local/lib/python3.11/site-packages/airflow/exceptions.py)
[2026-05-23T12:08:58.805+0000] {processor.py:842} WARNING - No viable dags retrieved from /home/vscode/.local/lib/python3.11/site-packages/airflow/example_dags/example_asset_alias.py
[2026-05-23T12:08:58.817+0000] {processor.py:183} INFO - Processing /home/vscode/.local/lib/python3.11/site-packages/airflow/example_dags/example_asset_alias.py took 0.024 seconds
[2026-05-23T12:09:29.354+0000] {processor.py:161} INFO - Started process (PID=31547) to work on /home/vscode/.local/lib/python3.11/site-packages/airflow/example_dags/example_asset_alias.py
[2026-05-23T12:09:29.355+0000] {processor.py:830} INFO - Processing file /home/vscode/.local/lib/python3.11/site-packages/airflow/example_dags/example_asset_alias.py for tasks to queue
[2026-05-23T12:09:29.355+0000] {logging_mixin.py:188} INFO - [2026-05-23T12:09:29.355+0000] {dagbag.py:545} INFO - Filling up the DagBag from /home/vscode/.local/lib/python3.11/site-packages/airflow/example_dags/example_asset_alias.py
[2026-05-23T12:09:29.361+0000] {logging_mixin.py:188} INFO - [2026-05-23T12:09:29.359+0000] {dagbag.py:355} ERROR - Failed to import: /home/vscode/.local/lib/python3.11/site-packages/airflow/example_dags/example_asset_alias.py
Traceback (most recent call last):
  File "/home/vscode/.local/lib/python3.11/site-packages/airflow/models/dagbag.py", line 351, in parse
  File "<frozen importlib._bootstrap_external>", line 940, in exec_module
  File "<frozen importlib._bootstrap>", line 241, in _call_with_frames_removed
  File "/home/vscode/.local/lib/python3.11/site-packages/airflow/example_dags/example_asset_alias.py", line 38, in <module>
    from airflow.sdk import DAG, Asset, AssetAlias, task
  File "/home/vscode/.local/lib/python3.11/site-packages/airflow/sdk/__init__.py", line 137, in __getattr__
    mod = importlib.import_module(module_path, __name__)
          ^^^^^^^^^^^^^^^^^^^^^^^^^^^^^^^^^^^^^^^^^^^^^^
  File "/usr/local/lib/python3.11/importlib/__init__.py", line 126, in import_module
    return _bootstrap._gcd_import(name[level:], package, level)
           ^^^^^^^^^^^^^^^^^^^^^^^^^^^^^^^^^^^^^^^^^^^^^^^^^^^^
  File "/home/vscode/.local/lib/python3.11/site-packages/airflow/sdk/definitions/dag.py", line 40, in <module>
    from airflow.exceptions import (
ImportError: cannot import name 'RemovedInAirflow4Warning' from 'airflow.exceptions' (/home/vscode/.local/lib/python3.11/site-packages/airflow/exceptions.py)
[2026-05-23T12:09:29.361+0000] {processor.py:842} WARNING - No viable dags retrieved from /home/vscode/.local/lib/python3.11/site-packages/airflow/example_dags/example_asset_alias.py
[2026-05-23T12:09:29.387+0000] {processor.py:183} INFO - Processing /home/vscode/.local/lib/python3.11/site-packages/airflow/example_dags/example_asset_alias.py took 0.047 seconds
[2026-05-23T12:10:02.377+0000] {processor.py:161} INFO - Started process (PID=31731) to work on /home/vscode/.local/lib/python3.11/site-packages/airflow/example_dags/example_asset_alias.py
[2026-05-23T12:10:02.378+0000] {processor.py:830} INFO - Processing file /home/vscode/.local/lib/python3.11/site-packages/airflow/example_dags/example_asset_alias.py for tasks to queue
[2026-05-23T12:10:02.378+0000] {logging_mixin.py:188} INFO - [2026-05-23T12:10:02.378+0000] {dagbag.py:545} INFO - Filling up the DagBag from /home/vscode/.local/lib/python3.11/site-packages/airflow/example_dags/example_asset_alias.py
[2026-05-23T12:10:02.382+0000] {logging_mixin.py:188} INFO - [2026-05-23T12:10:02.381+0000] {dagbag.py:355} ERROR - Failed to import: /home/vscode/.local/lib/python3.11/site-packages/airflow/example_dags/example_asset_alias.py
Traceback (most recent call last):
  File "/home/vscode/.local/lib/python3.11/site-packages/airflow/models/dagbag.py", line 351, in parse
    loader.exec_module(new_module)
  File "<frozen importlib._bootstrap_external>", line 940, in exec_module
  File "<frozen importlib._bootstrap>", line 241, in _call_with_frames_removed
  File "/home/vscode/.local/lib/python3.11/site-packages/airflow/example_dags/example_asset_alias.py", line 38, in <module>
    from airflow.sdk import DAG, Asset, AssetAlias, task
  File "/home/vscode/.local/lib/python3.11/site-packages/airflow/sdk/__init__.py", line 137, in __getattr__
    mod = importlib.import_module(module_path, __name__)
          ^^^^^^^^^^^^^^^^^^^^^^^^^^^^^^^^^^^^^^^^^^^^^^
  File "/usr/local/lib/python3.11/importlib/__init__.py", line 126, in import_module
    return _bootstrap._gcd_import(name[level:], package, level)
           ^^^^^^^^^^^^^^^^^^^^^^^^^^^^^^^^^^^^^^^^^^^^^^^^^^^^
  File "/home/vscode/.local/lib/python3.11/site-packages/airflow/sdk/definitions/dag.py", line 40, in <module>
    from airflow.exceptions import (
ImportError: cannot import name 'RemovedInAirflow4Warning' from 'airflow.exceptions' (/home/vscode/.local/lib/python3.11/site-packages/airflow/exceptions.py)
[2026-05-23T12:10:02.383+0000] {processor.py:842} WARNING - No viable dags retrieved from /home/vscode/.local/lib/python3.11/site-packages/airflow/example_dags/example_asset_alias.py
[2026-05-23T12:10:02.395+0000] {processor.py:183} INFO - Processing /home/vscode/.local/lib/python3.11/site-packages/airflow/example_dags/example_asset_alias.py took 0.024 seconds
[2026-05-23T12:10:32.998+0000] {processor.py:161} INFO - Started process (PID=31943) to work on /home/vscode/.local/lib/python3.11/site-packages/airflow/example_dags/example_asset_alias.py
[2026-05-23T12:10:32.999+0000] {processor.py:830} INFO - Processing file /home/vscode/.local/lib/python3.11/site-packages/airflow/example_dags/example_asset_alias.py for tasks to queue
[2026-05-23T12:10:33.000+0000] {logging_mixin.py:188} INFO - [2026-05-23T12:10:32.999+0000] {dagbag.py:545} INFO - Filling up the DagBag from /home/vscode/.local/lib/python3.11/site-packages/airflow/example_dags/example_asset_alias.py
[2026-05-23T12:10:33.005+0000] {logging_mixin.py:188} INFO - [2026-05-23T12:10:33.003+0000] {dagbag.py:355} ERROR - Failed to import: /home/vscode/.local/lib/python3.11/site-packages/airflow/example_dags/example_asset_alias.py
Traceback (most recent call last):
  File "/home/vscode/.local/lib/python3.11/site-packages/airflow/models/dagbag.py", line 351, in parse
    loader.exec_module(new_module)
  File "<frozen importlib._bootstrap_external>", line 940, in exec_module
  File "<frozen importlib._bootstrap>", line 241, in _call_with_frames_removed
  File "/home/vscode/.local/lib/python3.11/site-packages/airflow/example_dags/example_asset_alias.py", line 38, in <module>
    from airflow.sdk import DAG, Asset, AssetAlias, task
  File "/home/vscode/.local/lib/python3.11/site-packages/airflow/sdk/__init__.py", line 137, in __getattr__
    mod = importlib.import_module(module_path, __name__)
          ^^^^^^^^^^^^^^^^^^^^^^^^^^^^^^^^^^^^^^^^^^^^^^
  File "/usr/local/lib/python3.11/importlib/__init__.py", line 126, in import_module
    return _bootstrap._gcd_import(name[level:], package, level)
           ^^^^^^^^^^^^^^^^^^^^^^^^^^^^^^^^^^^^^^^^^^^^^^^^^^^^
  File "/home/vscode/.local/lib/python3.11/site-packages/airflow/sdk/definitions/dag.py", line 40, in <module>
    from airflow.exceptions import (
ImportError: cannot import name 'RemovedInAirflow4Warning' from 'airflow.exceptions' (/home/vscode/.local/lib/python3.11/site-packages/airflow/exceptions.py)
[2026-05-23T12:10:33.005+0000] {processor.py:842} WARNING - No viable dags retrieved from /home/vscode/.local/lib/python3.11/site-packages/airflow/example_dags/example_asset_alias.py
[2026-05-23T12:10:33.017+0000] {processor.py:183} INFO - Processing /home/vscode/.local/lib/python3.11/site-packages/airflow/example_dags/example_asset_alias.py took 0.029 seconds
[2026-05-23T12:11:03.592+0000] {processor.py:161} INFO - Started process (PID=32137) to work on /home/vscode/.local/lib/python3.11/site-packages/airflow/example_dags/example_asset_alias.py
[2026-05-23T12:11:03.593+0000] {processor.py:830} INFO - Processing file /home/vscode/.local/lib/python3.11/site-packages/airflow/example_dags/example_asset_alias.py for tasks to queue
[2026-05-23T12:11:03.594+0000] {logging_mixin.py:188} INFO - [2026-05-23T12:11:03.593+0000] {dagbag.py:545} INFO - Filling up the DagBag from /home/vscode/.local/lib/python3.11/site-packages/airflow/example_dags/example_asset_alias.py
[2026-05-23T12:11:03.598+0000] {logging_mixin.py:188} INFO - [2026-05-23T12:11:03.596+0000] {dagbag.py:355} ERROR - Failed to import: /home/vscode/.local/lib/python3.11/site-packages/airflow/example_dags/example_asset_alias.py
Traceback (most recent call last):
  File "/home/vscode/.local/lib/python3.11/site-packages/airflow/models/dagbag.py", line 351, in parse
    loader.exec_module(new_module)
  File "<frozen importlib._bootstrap_external>", line 940, in exec_module
  File "<frozen importlib._bootstrap>", line 241, in _call_with_frames_removed
  File "/home/vscode/.local/lib/python3.11/site-packages/airflow/example_dags/example_asset_alias.py", line 38, in <module>
    from airflow.sdk import DAG, Asset, AssetAlias, task
  File "/home/vscode/.local/lib/python3.11/site-packages/airflow/sdk/__init__.py", line 137, in __getattr__
    mod = importlib.import_module(module_path, __name__)
          ^^^^^^^^^^^^^^^^^^^^^^^^^^^^^^^^^^^^^^^^^^^^^^
  File "/usr/local/lib/python3.11/importlib/__init__.py", line 126, in import_module
    return _bootstrap._gcd_import(name[level:], package, level)
           ^^^^^^^^^^^^^^^^^^^^^^^^^^^^^^^^^^^^^^^^^^^^^^^^^^^^
  File "/home/vscode/.local/lib/python3.11/site-packages/airflow/sdk/definitions/dag.py", line 40, in <module>
    from airflow.exceptions import (
ImportError: cannot import name 'RemovedInAirflow4Warning' from 'airflow.exceptions' (/home/vscode/.local/lib/python3.11/site-packages/airflow/exceptions.py)
[2026-05-23T12:11:03.598+0000] {processor.py:842} WARNING - No viable dags retrieved from /home/vscode/.local/lib/python3.11/site-packages/airflow/example_dags/example_asset_alias.py
[2026-05-23T12:11:03.611+0000] {processor.py:183} INFO - Processing /home/vscode/.local/lib/python3.11/site-packages/airflow/example_dags/example_asset_alias.py took 0.025 seconds
