[2026-05-23T11:27:12.693+0000] {processor.py:161} INFO - Started process (PID=3488) to work on /home/vscode/.local/lib/python3.11/site-packages/airflow/example_dags/example_branch_operator.py
[2026-05-23T11:27:12.693+0000] {processor.py:830} INFO - Processing file /home/vscode/.local/lib/python3.11/site-packages/airflow/example_dags/example_branch_operator.py for tasks to queue
[2026-05-23T11:27:12.694+0000] {logging_mixin.py:188} INFO - [2026-05-23T11:27:12.694+0000] {dagbag.py:545} INFO - Filling up the DagBag from /home/vscode/.local/lib/python3.11/site-packages/airflow/example_dags/example_branch_operator.py
[2026-05-23T11:27:12.707+0000] {processor.py:840} INFO - DAG(s) 'example_branch_operator' retrieved from /home/vscode/.local/lib/python3.11/site-packages/airflow/example_dags/example_branch_operator.py
[2026-05-23T11:27:12.911+0000] {logging_mixin.py:188} INFO - [2026-05-23T11:27:12.910+0000] {dag.py:3096} INFO - Sync 1 DAGs
[2026-05-23T11:27:12.921+0000] {logging_mixin.py:188} INFO - [2026-05-23T11:27:12.921+0000] {dag.py:3954} INFO - Setting next_dagrun for example_branch_operator to 2026-05-22 00:00:00+00:00, run_after=2026-05-23 00:00:00+00:00
[2026-05-23T11:27:12.937+0000] {processor.py:183} INFO - Processing /home/vscode/.local/lib/python3.11/site-packages/airflow/example_dags/example_branch_operator.py took 0.250 seconds
[2026-05-23T11:28:09.377+0000] {processor.py:161} INFO - Started process (PID=4216) to work on /home/vscode/.local/lib/python3.11/site-packages/airflow/example_dags/example_branch_operator.py
[2026-05-23T11:28:09.381+0000] {processor.py:830} INFO - Processing file /home/vscode/.local/lib/python3.11/site-packages/airflow/example_dags/example_branch_operator.py for tasks to queue
[2026-05-23T11:28:09.382+0000] {logging_mixin.py:188} INFO - [2026-05-23T11:28:09.382+0000] {dagbag.py:545} INFO - Filling up the DagBag from /home/vscode/.local/lib/python3.11/site-packages/airflow/example_dags/example_branch_operator.py
[2026-05-23T11:28:09.422+0000] {processor.py:840} INFO - DAG(s) 'example_branch_operator' retrieved from /home/vscode/.local/lib/python3.11/site-packages/airflow/example_dags/example_branch_operator.py
[2026-05-23T11:28:09.452+0000] {logging_mixin.py:188} INFO - [2026-05-23T11:28:09.451+0000] {dag.py:3096} INFO - Sync 1 DAGs
[2026-05-23T11:28:09.468+0000] {logging_mixin.py:188} INFO - [2026-05-23T11:28:09.467+0000] {dag.py:3954} INFO - Setting next_dagrun for example_branch_operator to 2026-05-22 00:00:00+00:00, run_after=2026-05-23 00:00:00+00:00
[2026-05-23T11:28:09.485+0000] {processor.py:183} INFO - Processing /home/vscode/.local/lib/python3.11/site-packages/airflow/example_dags/example_branch_operator.py took 0.123 seconds
[2026-05-23T11:29:15.873+0000] {processor.py:161} INFO - Started process (PID=4776) to work on /home/vscode/.local/lib/python3.11/site-packages/airflow/example_dags/example_branch_operator.py
[2026-05-23T11:29:15.873+0000] {processor.py:830} INFO - Processing file /home/vscode/.local/lib/python3.11/site-packages/airflow/example_dags/example_branch_operator.py for tasks to queue
[2026-05-23T11:29:15.874+0000] {logging_mixin.py:188} INFO - [2026-05-23T11:29:15.874+0000] {dagbag.py:545} INFO - Filling up the DagBag from /home/vscode/.local/lib/python3.11/site-packages/airflow/example_dags/example_branch_operator.py
[2026-05-23T11:29:15.886+0000] {processor.py:840} INFO - DAG(s) 'example_branch_operator' retrieved from /home/vscode/.local/lib/python3.11/site-packages/airflow/example_dags/example_branch_operator.py
[2026-05-23T11:29:15.903+0000] {logging_mixin.py:188} INFO - [2026-05-23T11:29:15.903+0000] {dag.py:3096} INFO - Sync 1 DAGs
[2026-05-23T11:29:15.916+0000] {logging_mixin.py:188} INFO - [2026-05-23T11:29:15.916+0000] {dag.py:3954} INFO - Setting next_dagrun for example_branch_operator to 2026-05-22 00:00:00+00:00, run_after=2026-05-23 00:00:00+00:00
[2026-05-23T11:29:15.932+0000] {processor.py:183} INFO - Processing /home/vscode/.local/lib/python3.11/site-packages/airflow/example_dags/example_branch_operator.py took 0.065 seconds
[2026-05-23T11:30:19.293+0000] {processor.py:161} INFO - Started process (PID=5415) to work on /home/vscode/.local/lib/python3.11/site-packages/airflow/example_dags/example_branch_operator.py
[2026-05-23T11:30:19.294+0000] {processor.py:830} INFO - Processing file /home/vscode/.local/lib/python3.11/site-packages/airflow/example_dags/example_branch_operator.py for tasks to queue
[2026-05-23T11:30:19.294+0000] {logging_mixin.py:188} INFO - [2026-05-23T11:30:19.294+0000] {dagbag.py:545} INFO - Filling up the DagBag from /home/vscode/.local/lib/python3.11/site-packages/airflow/example_dags/example_branch_operator.py
[2026-05-23T11:30:19.307+0000] {processor.py:840} INFO - DAG(s) 'example_branch_operator' retrieved from /home/vscode/.local/lib/python3.11/site-packages/airflow/example_dags/example_branch_operator.py
[2026-05-23T11:30:19.324+0000] {logging_mixin.py:188} INFO - [2026-05-23T11:30:19.324+0000] {dag.py:3096} INFO - Sync 1 DAGs
[2026-05-23T11:30:19.338+0000] {logging_mixin.py:188} INFO - [2026-05-23T11:30:19.338+0000] {dag.py:3954} INFO - Setting next_dagrun for example_branch_operator to 2026-05-22 00:00:00+00:00, run_after=2026-05-23 00:00:00+00:00
[2026-05-23T11:30:19.354+0000] {processor.py:183} INFO - Processing /home/vscode/.local/lib/python3.11/site-packages/airflow/example_dags/example_branch_operator.py took 0.067 seconds
[2026-05-23T11:31:19.880+0000] {processor.py:161} INFO - Started process (PID=5948) to work on /home/vscode/.local/lib/python3.11/site-packages/airflow/example_dags/example_branch_operator.py
[2026-05-23T11:31:19.881+0000] {processor.py:830} INFO - Processing file /home/vscode/.local/lib/python3.11/site-packages/airflow/example_dags/example_branch_operator.py for tasks to queue
[2026-05-23T11:31:19.881+0000] {logging_mixin.py:188} INFO - [2026-05-23T11:31:19.881+0000] {dagbag.py:545} INFO - Filling up the DagBag from /home/vscode/.local/lib/python3.11/site-packages/airflow/example_dags/example_branch_operator.py
[2026-05-23T11:31:19.895+0000] {processor.py:840} INFO - DAG(s) 'example_branch_operator' retrieved from /home/vscode/.local/lib/python3.11/site-packages/airflow/example_dags/example_branch_operator.py
[2026-05-23T11:31:19.919+0000] {logging_mixin.py:188} INFO - [2026-05-23T11:31:19.919+0000] {dag.py:3096} INFO - Sync 1 DAGs
[2026-05-23T11:31:19.933+0000] {logging_mixin.py:188} INFO - [2026-05-23T11:31:19.932+0000] {dag.py:3954} INFO - Setting next_dagrun for example_branch_operator to 2026-05-22 00:00:00+00:00, run_after=2026-05-23 00:00:00+00:00
[2026-05-23T11:31:19.952+0000] {processor.py:183} INFO - Processing /home/vscode/.local/lib/python3.11/site-packages/airflow/example_dags/example_branch_operator.py took 0.078 seconds
[2026-05-23T11:32:23.318+0000] {processor.py:161} INFO - Started process (PID=6630) to work on /home/vscode/.local/lib/python3.11/site-packages/airflow/example_dags/example_branch_operator.py
[2026-05-23T11:32:23.319+0000] {processor.py:830} INFO - Processing file /home/vscode/.local/lib/python3.11/site-packages/airflow/example_dags/example_branch_operator.py for tasks to queue
[2026-05-23T11:32:23.320+0000] {logging_mixin.py:188} INFO - [2026-05-23T11:32:23.319+0000] {dagbag.py:545} INFO - Filling up the DagBag from /home/vscode/.local/lib/python3.11/site-packages/airflow/example_dags/example_branch_operator.py
[2026-05-23T11:32:23.332+0000] {processor.py:840} INFO - DAG(s) 'example_branch_operator' retrieved from /home/vscode/.local/lib/python3.11/site-packages/airflow/example_dags/example_branch_operator.py
[2026-05-23T11:32:23.349+0000] {logging_mixin.py:188} INFO - [2026-05-23T11:32:23.349+0000] {dag.py:3096} INFO - Sync 1 DAGs
[2026-05-23T11:32:23.362+0000] {logging_mixin.py:188} INFO - [2026-05-23T11:32:23.362+0000] {dag.py:3954} INFO - Setting next_dagrun for example_branch_operator to 2026-05-22 00:00:00+00:00, run_after=2026-05-23 00:00:00+00:00
[2026-05-23T11:32:23.379+0000] {processor.py:183} INFO - Processing /home/vscode/.local/lib/python3.11/site-packages/airflow/example_dags/example_branch_operator.py took 0.066 seconds
[2026-05-23T11:33:30.337+0000] {processor.py:161} INFO - Started process (PID=8327) to work on /home/vscode/.local/lib/python3.11/site-packages/airflow/example_dags/example_branch_operator.py
[2026-05-23T11:33:30.338+0000] {processor.py:830} INFO - Processing file /home/vscode/.local/lib/python3.11/site-packages/airflow/example_dags/example_branch_operator.py for tasks to queue
[2026-05-23T11:33:30.338+0000] {logging_mixin.py:188} INFO - [2026-05-23T11:33:30.338+0000] {dagbag.py:545} INFO - Filling up the DagBag from /home/vscode/.local/lib/python3.11/site-packages/airflow/example_dags/example_branch_operator.py
[2026-05-23T11:33:30.351+0000] {processor.py:840} INFO - DAG(s) 'example_branch_operator' retrieved from /home/vscode/.local/lib/python3.11/site-packages/airflow/example_dags/example_branch_operator.py
[2026-05-23T11:33:30.368+0000] {logging_mixin.py:188} INFO - [2026-05-23T11:33:30.367+0000] {dag.py:3096} INFO - Sync 1 DAGs
[2026-05-23T11:33:30.380+0000] {logging_mixin.py:188} INFO - [2026-05-23T11:33:30.380+0000] {dag.py:3954} INFO - Setting next_dagrun for example_branch_operator to 2026-05-22 00:00:00+00:00, run_after=2026-05-23 00:00:00+00:00
[2026-05-23T11:33:30.397+0000] {processor.py:183} INFO - Processing /home/vscode/.local/lib/python3.11/site-packages/airflow/example_dags/example_branch_operator.py took 0.065 seconds
[2026-05-23T11:34:40.236+0000] {processor.py:161} INFO - Started process (PID=8817) to work on /home/vscode/.local/lib/python3.11/site-packages/airflow/example_dags/example_branch_operator.py
[2026-05-23T11:34:40.237+0000] {processor.py:830} INFO - Processing file /home/vscode/.local/lib/python3.11/site-packages/airflow/example_dags/example_branch_operator.py for tasks to queue
[2026-05-23T11:34:40.237+0000] {logging_mixin.py:188} INFO - [2026-05-23T11:34:40.237+0000] {dagbag.py:545} INFO - Filling up the DagBag from /home/vscode/.local/lib/python3.11/site-packages/airflow/example_dags/example_branch_operator.py
[2026-05-23T11:34:40.250+0000] {processor.py:840} INFO - DAG(s) 'example_branch_operator' retrieved from /home/vscode/.local/lib/python3.11/site-packages/airflow/example_dags/example_branch_operator.py
[2026-05-23T11:34:40.268+0000] {logging_mixin.py:188} INFO - [2026-05-23T11:34:40.267+0000] {dag.py:3096} INFO - Sync 1 DAGs
[2026-05-23T11:34:40.281+0000] {logging_mixin.py:188} INFO - [2026-05-23T11:34:40.281+0000] {dag.py:3954} INFO - Setting next_dagrun for example_branch_operator to 2026-05-22 00:00:00+00:00, run_after=2026-05-23 00:00:00+00:00
[2026-05-23T11:34:40.298+0000] {processor.py:183} INFO - Processing /home/vscode/.local/lib/python3.11/site-packages/airflow/example_dags/example_branch_operator.py took 0.068 seconds
[2026-05-23T11:35:46.649+0000] {processor.py:161} INFO - Started process (PID=9294) to work on /home/vscode/.local/lib/python3.11/site-packages/airflow/example_dags/example_branch_operator.py
[2026-05-23T11:35:46.649+0000] {processor.py:830} INFO - Processing file /home/vscode/.local/lib/python3.11/site-packages/airflow/example_dags/example_branch_operator.py for tasks to queue
[2026-05-23T11:35:46.650+0000] {logging_mixin.py:188} INFO - [2026-05-23T11:35:46.650+0000] {dagbag.py:545} INFO - Filling up the DagBag from /home/vscode/.local/lib/python3.11/site-packages/airflow/example_dags/example_branch_operator.py
[2026-05-23T11:35:46.663+0000] {processor.py:840} INFO - DAG(s) 'example_branch_operator' retrieved from /home/vscode/.local/lib/python3.11/site-packages/airflow/example_dags/example_branch_operator.py
[2026-05-23T11:35:46.681+0000] {logging_mixin.py:188} INFO - [2026-05-23T11:35:46.680+0000] {dag.py:3096} INFO - Sync 1 DAGs
[2026-05-23T11:35:46.694+0000] {logging_mixin.py:188} INFO - [2026-05-23T11:35:46.694+0000] {dag.py:3954} INFO - Setting next_dagrun for example_branch_operator to 2026-05-22 00:00:00+00:00, run_after=2026-05-23 00:00:00+00:00
[2026-05-23T11:35:46.711+0000] {processor.py:183} INFO - Processing /home/vscode/.local/lib/python3.11/site-packages/airflow/example_dags/example_branch_operator.py took 0.068 seconds
[2026-05-23T11:36:49.825+0000] {processor.py:161} INFO - Started process (PID=9904) to work on /home/vscode/.local/lib/python3.11/site-packages/airflow/example_dags/example_branch_operator.py
[2026-05-23T11:36:49.825+0000] {processor.py:830} INFO - Processing file /home/vscode/.local/lib/python3.11/site-packages/airflow/example_dags/example_branch_operator.py for tasks to queue
[2026-05-23T11:36:49.826+0000] {logging_mixin.py:188} INFO - [2026-05-23T11:36:49.826+0000] {dagbag.py:545} INFO - Filling up the DagBag from /home/vscode/.local/lib/python3.11/site-packages/airflow/example_dags/example_branch_operator.py
[2026-05-23T11:36:49.850+0000] {processor.py:840} INFO - DAG(s) 'example_branch_operator' retrieved from /home/vscode/.local/lib/python3.11/site-packages/airflow/example_dags/example_branch_operator.py
[2026-05-23T11:36:49.871+0000] {logging_mixin.py:188} INFO - [2026-05-23T11:36:49.870+0000] {dag.py:3096} INFO - Sync 1 DAGs
[2026-05-23T11:36:49.885+0000] {logging_mixin.py:188} INFO - [2026-05-23T11:36:49.885+0000] {dag.py:3954} INFO - Setting next_dagrun for example_branch_operator to 2026-05-22 00:00:00+00:00, run_after=2026-05-23 00:00:00+00:00
[2026-05-23T11:36:49.902+0000] {processor.py:183} INFO - Processing /home/vscode/.local/lib/python3.11/site-packages/airflow/example_dags/example_branch_operator.py took 0.089 seconds
[2026-05-23T11:37:58.942+0000] {processor.py:161} INFO - Started process (PID=10453) to work on /home/vscode/.local/lib/python3.11/site-packages/airflow/example_dags/example_branch_operator.py
[2026-05-23T11:37:58.943+0000] {processor.py:830} INFO - Processing file /home/vscode/.local/lib/python3.11/site-packages/airflow/example_dags/example_branch_operator.py for tasks to queue
[2026-05-23T11:37:58.943+0000] {logging_mixin.py:188} INFO - [2026-05-23T11:37:58.943+0000] {dagbag.py:545} INFO - Filling up the DagBag from /home/vscode/.local/lib/python3.11/site-packages/airflow/example_dags/example_branch_operator.py
[2026-05-23T11:37:58.955+0000] {processor.py:840} INFO - DAG(s) 'example_branch_operator' retrieved from /home/vscode/.local/lib/python3.11/site-packages/airflow/example_dags/example_branch_operator.py
[2026-05-23T11:37:58.974+0000] {logging_mixin.py:188} INFO - [2026-05-23T11:37:58.974+0000] {dag.py:3096} INFO - Sync 1 DAGs
[2026-05-23T11:37:58.988+0000] {logging_mixin.py:188} INFO - [2026-05-23T11:37:58.988+0000] {dag.py:3954} INFO - Setting next_dagrun for example_branch_operator to 2026-05-22 00:00:00+00:00, run_after=2026-05-23 00:00:00+00:00
[2026-05-23T11:37:59.005+0000] {processor.py:183} INFO - Processing /home/vscode/.local/lib/python3.11/site-packages/airflow/example_dags/example_branch_operator.py took 0.069 seconds
[2026-05-23T11:38:59.396+0000] {processor.py:161} INFO - Started process (PID=11013) to work on /home/vscode/.local/lib/python3.11/site-packages/airflow/example_dags/example_branch_operator.py
[2026-05-23T11:38:59.397+0000] {processor.py:830} INFO - Processing file /home/vscode/.local/lib/python3.11/site-packages/airflow/example_dags/example_branch_operator.py for tasks to queue
[2026-05-23T11:38:59.397+0000] {logging_mixin.py:188} INFO - [2026-05-23T11:38:59.397+0000] {dagbag.py:545} INFO - Filling up the DagBag from /home/vscode/.local/lib/python3.11/site-packages/airflow/example_dags/example_branch_operator.py
[2026-05-23T11:38:59.410+0000] {processor.py:840} INFO - DAG(s) 'example_branch_operator' retrieved from /home/vscode/.local/lib/python3.11/site-packages/airflow/example_dags/example_branch_operator.py
[2026-05-23T11:38:59.427+0000] {logging_mixin.py:188} INFO - [2026-05-23T11:38:59.427+0000] {dag.py:3096} INFO - Sync 1 DAGs
[2026-05-23T11:38:59.442+0000] {logging_mixin.py:188} INFO - [2026-05-23T11:38:59.442+0000] {dag.py:3954} INFO - Setting next_dagrun for example_branch_operator to 2026-05-22 00:00:00+00:00, run_after=2026-05-23 00:00:00+00:00
[2026-05-23T11:38:59.457+0000] {processor.py:183} INFO - Processing /home/vscode/.local/lib/python3.11/site-packages/airflow/example_dags/example_branch_operator.py took 0.067 seconds
[2026-05-23T11:40:03.355+0000] {processor.py:161} INFO - Started process (PID=11531) to work on /home/vscode/.local/lib/python3.11/site-packages/airflow/example_dags/example_branch_operator.py
[2026-05-23T11:40:03.356+0000] {processor.py:830} INFO - Processing file /home/vscode/.local/lib/python3.11/site-packages/airflow/example_dags/example_branch_operator.py for tasks to queue
[2026-05-23T11:40:03.357+0000] {logging_mixin.py:188} INFO - [2026-05-23T11:40:03.356+0000] {dagbag.py:545} INFO - Filling up the DagBag from /home/vscode/.local/lib/python3.11/site-packages/airflow/example_dags/example_branch_operator.py
[2026-05-23T11:40:03.369+0000] {processor.py:840} INFO - DAG(s) 'example_branch_operator' retrieved from /home/vscode/.local/lib/python3.11/site-packages/airflow/example_dags/example_branch_operator.py
[2026-05-23T11:40:03.386+0000] {logging_mixin.py:188} INFO - [2026-05-23T11:40:03.386+0000] {dag.py:3096} INFO - Sync 1 DAGs
[2026-05-23T11:40:03.400+0000] {logging_mixin.py:188} INFO - [2026-05-23T11:40:03.400+0000] {dag.py:3954} INFO - Setting next_dagrun for example_branch_operator to 2026-05-22 00:00:00+00:00, run_after=2026-05-23 00:00:00+00:00
[2026-05-23T11:40:03.415+0000] {processor.py:183} INFO - Processing /home/vscode/.local/lib/python3.11/site-packages/airflow/example_dags/example_branch_operator.py took 0.066 seconds
[2026-05-23T11:41:07.524+0000] {processor.py:161} INFO - Started process (PID=12125) to work on /home/vscode/.local/lib/python3.11/site-packages/airflow/example_dags/example_branch_operator.py
[2026-05-23T11:41:07.525+0000] {processor.py:830} INFO - Processing file /home/vscode/.local/lib/python3.11/site-packages/airflow/example_dags/example_branch_operator.py for tasks to queue
[2026-05-23T11:41:07.526+0000] {logging_mixin.py:188} INFO - [2026-05-23T11:41:07.525+0000] {dagbag.py:545} INFO - Filling up the DagBag from /home/vscode/.local/lib/python3.11/site-packages/airflow/example_dags/example_branch_operator.py
[2026-05-23T11:41:07.538+0000] {processor.py:840} INFO - DAG(s) 'example_branch_operator' retrieved from /home/vscode/.local/lib/python3.11/site-packages/airflow/example_dags/example_branch_operator.py
[2026-05-23T11:41:07.555+0000] {logging_mixin.py:188} INFO - [2026-05-23T11:41:07.555+0000] {dag.py:3096} INFO - Sync 1 DAGs
[2026-05-23T11:41:07.569+0000] {logging_mixin.py:188} INFO - [2026-05-23T11:41:07.569+0000] {dag.py:3954} INFO - Setting next_dagrun for example_branch_operator to 2026-05-22 00:00:00+00:00, run_after=2026-05-23 00:00:00+00:00
[2026-05-23T11:41:07.584+0000] {processor.py:183} INFO - Processing /home/vscode/.local/lib/python3.11/site-packages/airflow/example_dags/example_branch_operator.py took 0.065 seconds
[2026-05-23T11:42:11.048+0000] {processor.py:161} INFO - Started process (PID=12703) to work on /home/vscode/.local/lib/python3.11/site-packages/airflow/example_dags/example_branch_operator.py
[2026-05-23T11:42:11.049+0000] {processor.py:830} INFO - Processing file /home/vscode/.local/lib/python3.11/site-packages/airflow/example_dags/example_branch_operator.py for tasks to queue
[2026-05-23T11:42:11.049+0000] {logging_mixin.py:188} INFO - [2026-05-23T11:42:11.049+0000] {dagbag.py:545} INFO - Filling up the DagBag from /home/vscode/.local/lib/python3.11/site-packages/airflow/example_dags/example_branch_operator.py
[2026-05-23T11:42:11.061+0000] {processor.py:840} INFO - DAG(s) 'example_branch_operator' retrieved from /home/vscode/.local/lib/python3.11/site-packages/airflow/example_dags/example_branch_operator.py
[2026-05-23T11:42:11.080+0000] {logging_mixin.py:188} INFO - [2026-05-23T11:42:11.079+0000] {dag.py:3096} INFO - Sync 1 DAGs
[2026-05-23T11:42:11.094+0000] {logging_mixin.py:188} INFO - [2026-05-23T11:42:11.094+0000] {dag.py:3954} INFO - Setting next_dagrun for example_branch_operator to 2026-05-22 00:00:00+00:00, run_after=2026-05-23 00:00:00+00:00
[2026-05-23T11:42:11.109+0000] {processor.py:183} INFO - Processing /home/vscode/.local/lib/python3.11/site-packages/airflow/example_dags/example_branch_operator.py took 0.066 seconds
[2026-05-23T11:43:17.015+0000] {processor.py:161} INFO - Started process (PID=13300) to work on /home/vscode/.local/lib/python3.11/site-packages/airflow/example_dags/example_branch_operator.py
[2026-05-23T11:43:17.016+0000] {processor.py:830} INFO - Processing file /home/vscode/.local/lib/python3.11/site-packages/airflow/example_dags/example_branch_operator.py for tasks to queue
[2026-05-23T11:43:17.016+0000] {logging_mixin.py:188} INFO - [2026-05-23T11:43:17.016+0000] {dagbag.py:545} INFO - Filling up the DagBag from /home/vscode/.local/lib/python3.11/site-packages/airflow/example_dags/example_branch_operator.py
[2026-05-23T11:43:17.031+0000] {processor.py:840} INFO - DAG(s) 'example_branch_operator' retrieved from /home/vscode/.local/lib/python3.11/site-packages/airflow/example_dags/example_branch_operator.py
[2026-05-23T11:43:17.048+0000] {logging_mixin.py:188} INFO - [2026-05-23T11:43:17.048+0000] {dag.py:3096} INFO - Sync 1 DAGs
[2026-05-23T11:43:17.061+0000] {logging_mixin.py:188} INFO - [2026-05-23T11:43:17.061+0000] {dag.py:3954} INFO - Setting next_dagrun for example_branch_operator to 2026-05-22 00:00:00+00:00, run_after=2026-05-23 00:00:00+00:00
[2026-05-23T11:43:17.078+0000] {processor.py:183} INFO - Processing /home/vscode/.local/lib/python3.11/site-packages/airflow/example_dags/example_branch_operator.py took 0.069 seconds
[2026-05-23T11:44:22.647+0000] {processor.py:161} INFO - Started process (PID=13884) to work on /home/vscode/.local/lib/python3.11/site-packages/airflow/example_dags/example_branch_operator.py
[2026-05-23T11:44:22.649+0000] {processor.py:830} INFO - Processing file /home/vscode/.local/lib/python3.11/site-packages/airflow/example_dags/example_branch_operator.py for tasks to queue
[2026-05-23T11:44:22.650+0000] {logging_mixin.py:188} INFO - [2026-05-23T11:44:22.649+0000] {dagbag.py:545} INFO - Filling up the DagBag from /home/vscode/.local/lib/python3.11/site-packages/airflow/example_dags/example_branch_operator.py
[2026-05-23T11:44:22.676+0000] {processor.py:840} INFO - DAG(s) 'example_branch_operator' retrieved from /home/vscode/.local/lib/python3.11/site-packages/airflow/example_dags/example_branch_operator.py
[2026-05-23T11:44:22.716+0000] {logging_mixin.py:188} INFO - [2026-05-23T11:44:22.715+0000] {dag.py:3096} INFO - Sync 1 DAGs
[2026-05-23T11:44:22.731+0000] {logging_mixin.py:188} INFO - [2026-05-23T11:44:22.730+0000] {dag.py:3954} INFO - Setting next_dagrun for example_branch_operator to 2026-05-22 00:00:00+00:00, run_after=2026-05-23 00:00:00+00:00
[2026-05-23T11:44:22.746+0000] {processor.py:183} INFO - Processing /home/vscode/.local/lib/python3.11/site-packages/airflow/example_dags/example_branch_operator.py took 0.111 seconds
[2026-05-23T11:45:29.317+0000] {processor.py:161} INFO - Started process (PID=14549) to work on /home/vscode/.local/lib/python3.11/site-packages/airflow/example_dags/example_branch_operator.py
[2026-05-23T11:45:29.318+0000] {processor.py:830} INFO - Processing file /home/vscode/.local/lib/python3.11/site-packages/airflow/example_dags/example_branch_operator.py for tasks to queue
[2026-05-23T11:45:29.319+0000] {logging_mixin.py:188} INFO - [2026-05-23T11:45:29.318+0000] {dagbag.py:545} INFO - Filling up the DagBag from /home/vscode/.local/lib/python3.11/site-packages/airflow/example_dags/example_branch_operator.py
[2026-05-23T11:45:29.341+0000] {processor.py:840} INFO - DAG(s) 'example_branch_operator' retrieved from /home/vscode/.local/lib/python3.11/site-packages/airflow/example_dags/example_branch_operator.py
[2026-05-23T11:45:29.360+0000] {logging_mixin.py:188} INFO - [2026-05-23T11:45:29.359+0000] {dag.py:3096} INFO - Sync 1 DAGs
[2026-05-23T11:45:29.382+0000] {logging_mixin.py:188} INFO - [2026-05-23T11:45:29.382+0000] {dag.py:3954} INFO - Setting next_dagrun for example_branch_operator to 2026-05-22 00:00:00+00:00, run_after=2026-05-23 00:00:00+00:00
[2026-05-23T11:45:29.413+0000] {processor.py:183} INFO - Processing /home/vscode/.local/lib/python3.11/site-packages/airflow/example_dags/example_branch_operator.py took 0.113 seconds
[2026-05-23T11:46:29.177+0000] {processor.py:161} INFO - Started process (PID=15276) to work on /home/vscode/.local/lib/python3.11/site-packages/airflow/example_dags/example_branch_operator.py
[2026-05-23T11:46:29.177+0000] {processor.py:830} INFO - Processing file /home/vscode/.local/lib/python3.11/site-packages/airflow/example_dags/example_branch_operator.py for tasks to queue
[2026-05-23T11:46:29.178+0000] {logging_mixin.py:188} INFO - [2026-05-23T11:46:29.178+0000] {dagbag.py:545} INFO - Filling up the DagBag from /home/vscode/.local/lib/python3.11/site-packages/airflow/example_dags/example_branch_operator.py
[2026-05-23T11:46:29.190+0000] {processor.py:840} INFO - DAG(s) 'example_branch_operator' retrieved from /home/vscode/.local/lib/python3.11/site-packages/airflow/example_dags/example_branch_operator.py
[2026-05-23T11:46:29.208+0000] {logging_mixin.py:188} INFO - [2026-05-23T11:46:29.208+0000] {dag.py:3096} INFO - Sync 1 DAGs
[2026-05-23T11:46:29.221+0000] {logging_mixin.py:188} INFO - [2026-05-23T11:46:29.221+0000] {dag.py:3954} INFO - Setting next_dagrun for example_branch_operator to 2026-05-22 00:00:00+00:00, run_after=2026-05-23 00:00:00+00:00
[2026-05-23T11:46:29.237+0000] {processor.py:183} INFO - Processing /home/vscode/.local/lib/python3.11/site-packages/airflow/example_dags/example_branch_operator.py took 0.066 seconds
[2026-05-23T11:47:29.686+0000] {processor.py:161} INFO - Started process (PID=15849) to work on /home/vscode/.local/lib/python3.11/site-packages/airflow/example_dags/example_branch_operator.py
[2026-05-23T11:47:29.686+0000] {processor.py:830} INFO - Processing file /home/vscode/.local/lib/python3.11/site-packages/airflow/example_dags/example_branch_operator.py for tasks to queue
[2026-05-23T11:47:29.687+0000] {logging_mixin.py:188} INFO - [2026-05-23T11:47:29.686+0000] {dagbag.py:545} INFO - Filling up the DagBag from /home/vscode/.local/lib/python3.11/site-packages/airflow/example_dags/example_branch_operator.py
[2026-05-23T11:47:29.699+0000] {processor.py:840} INFO - DAG(s) 'example_branch_operator' retrieved from /home/vscode/.local/lib/python3.11/site-packages/airflow/example_dags/example_branch_operator.py
[2026-05-23T11:47:29.717+0000] {logging_mixin.py:188} INFO - [2026-05-23T11:47:29.717+0000] {dag.py:3096} INFO - Sync 1 DAGs
[2026-05-23T11:47:29.730+0000] {logging_mixin.py:188} INFO - [2026-05-23T11:47:29.730+0000] {dag.py:3954} INFO - Setting next_dagrun for example_branch_operator to 2026-05-22 00:00:00+00:00, run_after=2026-05-23 00:00:00+00:00
[2026-05-23T11:47:29.746+0000] {processor.py:183} INFO - Processing /home/vscode/.local/lib/python3.11/site-packages/airflow/example_dags/example_branch_operator.py took 0.066 seconds
[2026-05-23T11:48:34.941+0000] {processor.py:161} INFO - Started process (PID=16392) to work on /home/vscode/.local/lib/python3.11/site-packages/airflow/example_dags/example_branch_operator.py
[2026-05-23T11:48:34.941+0000] {processor.py:830} INFO - Processing file /home/vscode/.local/lib/python3.11/site-packages/airflow/example_dags/example_branch_operator.py for tasks to queue
[2026-05-23T11:48:34.942+0000] {logging_mixin.py:188} INFO - [2026-05-23T11:48:34.942+0000] {dagbag.py:545} INFO - Filling up the DagBag from /home/vscode/.local/lib/python3.11/site-packages/airflow/example_dags/example_branch_operator.py
[2026-05-23T11:48:34.954+0000] {processor.py:840} INFO - DAG(s) 'example_branch_operator' retrieved from /home/vscode/.local/lib/python3.11/site-packages/airflow/example_dags/example_branch_operator.py
[2026-05-23T11:48:34.971+0000] {logging_mixin.py:188} INFO - [2026-05-23T11:48:34.971+0000] {dag.py:3096} INFO - Sync 1 DAGs
[2026-05-23T11:48:34.985+0000] {logging_mixin.py:188} INFO - [2026-05-23T11:48:34.985+0000] {dag.py:3954} INFO - Setting next_dagrun for example_branch_operator to 2026-05-22 00:00:00+00:00, run_after=2026-05-23 00:00:00+00:00
[2026-05-23T11:48:35.002+0000] {processor.py:183} INFO - Processing /home/vscode/.local/lib/python3.11/site-packages/airflow/example_dags/example_branch_operator.py took 0.067 seconds
[2026-05-23T11:49:36.612+0000] {processor.py:161} INFO - Started process (PID=17030) to work on /home/vscode/.local/lib/python3.11/site-packages/airflow/example_dags/example_branch_operator.py
[2026-05-23T11:49:36.612+0000] {processor.py:830} INFO - Processing file /home/vscode/.local/lib/python3.11/site-packages/airflow/example_dags/example_branch_operator.py for tasks to queue
[2026-05-23T11:49:36.613+0000] {logging_mixin.py:188} INFO - [2026-05-23T11:49:36.613+0000] {dagbag.py:545} INFO - Filling up the DagBag from /home/vscode/.local/lib/python3.11/site-packages/airflow/example_dags/example_branch_operator.py
[2026-05-23T11:49:36.625+0000] {processor.py:840} INFO - DAG(s) 'example_branch_operator' retrieved from /home/vscode/.local/lib/python3.11/site-packages/airflow/example_dags/example_branch_operator.py
[2026-05-23T11:49:36.643+0000] {logging_mixin.py:188} INFO - [2026-05-23T11:49:36.642+0000] {dag.py:3096} INFO - Sync 1 DAGs
[2026-05-23T11:49:36.657+0000] {logging_mixin.py:188} INFO - [2026-05-23T11:49:36.657+0000] {dag.py:3954} INFO - Setting next_dagrun for example_branch_operator to 2026-05-22 00:00:00+00:00, run_after=2026-05-23 00:00:00+00:00
[2026-05-23T11:49:36.674+0000] {processor.py:183} INFO - Processing /home/vscode/.local/lib/python3.11/site-packages/airflow/example_dags/example_branch_operator.py took 0.068 seconds
[2026-05-23T11:50:41.257+0000] {processor.py:161} INFO - Started process (PID=18128) to work on /home/vscode/.local/lib/python3.11/site-packages/airflow/example_dags/example_branch_operator.py
[2026-05-23T11:50:41.257+0000] {processor.py:830} INFO - Processing file /home/vscode/.local/lib/python3.11/site-packages/airflow/example_dags/example_branch_operator.py for tasks to queue
[2026-05-23T11:50:41.258+0000] {logging_mixin.py:188} INFO - [2026-05-23T11:50:41.258+0000] {dagbag.py:545} INFO - Filling up the DagBag from /home/vscode/.local/lib/python3.11/site-packages/airflow/example_dags/example_branch_operator.py
[2026-05-23T11:50:41.271+0000] {processor.py:840} INFO - DAG(s) 'example_branch_operator' retrieved from /home/vscode/.local/lib/python3.11/site-packages/airflow/example_dags/example_branch_operator.py
[2026-05-23T11:50:41.289+0000] {logging_mixin.py:188} INFO - [2026-05-23T11:50:41.288+0000] {dag.py:3096} INFO - Sync 1 DAGs
[2026-05-23T11:50:41.302+0000] {logging_mixin.py:188} INFO - [2026-05-23T11:50:41.302+0000] {dag.py:3954} INFO - Setting next_dagrun for example_branch_operator to 2026-05-22 00:00:00+00:00, run_after=2026-05-23 00:00:00+00:00
[2026-05-23T11:50:41.318+0000] {processor.py:183} INFO - Processing /home/vscode/.local/lib/python3.11/site-packages/airflow/example_dags/example_branch_operator.py took 0.068 seconds
[2026-05-23T11:51:40.931+0000] {processor.py:161} INFO - Started process (PID=18780) to work on /home/vscode/.local/lib/python3.11/site-packages/airflow/example_dags/example_branch_operator.py
[2026-05-23T11:51:40.931+0000] {processor.py:830} INFO - Processing file /home/vscode/.local/lib/python3.11/site-packages/airflow/example_dags/example_branch_operator.py for tasks to queue
[2026-05-23T11:51:40.932+0000] {logging_mixin.py:188} INFO - [2026-05-23T11:51:40.932+0000] {dagbag.py:545} INFO - Filling up the DagBag from /home/vscode/.local/lib/python3.11/site-packages/airflow/example_dags/example_branch_operator.py
[2026-05-23T11:51:40.944+0000] {processor.py:840} INFO - DAG(s) 'example_branch_operator' retrieved from /home/vscode/.local/lib/python3.11/site-packages/airflow/example_dags/example_branch_operator.py
[2026-05-23T11:51:40.962+0000] {logging_mixin.py:188} INFO - [2026-05-23T11:51:40.962+0000] {dag.py:3096} INFO - Sync 1 DAGs
[2026-05-23T11:51:40.976+0000] {logging_mixin.py:188} INFO - [2026-05-23T11:51:40.976+0000] {dag.py:3954} INFO - Setting next_dagrun for example_branch_operator to 2026-05-22 00:00:00+00:00, run_after=2026-05-23 00:00:00+00:00
[2026-05-23T11:51:40.995+0000] {processor.py:183} INFO - Processing /home/vscode/.local/lib/python3.11/site-packages/airflow/example_dags/example_branch_operator.py took 0.070 seconds
[2026-05-23T11:52:41.819+0000] {processor.py:161} INFO - Started process (PID=19299) to work on /home/vscode/.local/lib/python3.11/site-packages/airflow/example_dags/example_branch_operator.py
[2026-05-23T11:52:41.820+0000] {processor.py:830} INFO - Processing file /home/vscode/.local/lib/python3.11/site-packages/airflow/example_dags/example_branch_operator.py for tasks to queue
[2026-05-23T11:52:41.820+0000] {logging_mixin.py:188} INFO - [2026-05-23T11:52:41.820+0000] {dagbag.py:545} INFO - Filling up the DagBag from /home/vscode/.local/lib/python3.11/site-packages/airflow/example_dags/example_branch_operator.py
[2026-05-23T11:52:41.834+0000] {processor.py:840} INFO - DAG(s) 'example_branch_operator' retrieved from /home/vscode/.local/lib/python3.11/site-packages/airflow/example_dags/example_branch_operator.py
[2026-05-23T11:52:41.853+0000] {logging_mixin.py:188} INFO - [2026-05-23T11:52:41.853+0000] {dag.py:3096} INFO - Sync 1 DAGs
[2026-05-23T11:52:41.868+0000] {logging_mixin.py:188} INFO - [2026-05-23T11:52:41.868+0000] {dag.py:3954} INFO - Setting next_dagrun for example_branch_operator to 2026-05-22 00:00:00+00:00, run_after=2026-05-23 00:00:00+00:00
[2026-05-23T11:52:41.883+0000] {processor.py:183} INFO - Processing /home/vscode/.local/lib/python3.11/site-packages/airflow/example_dags/example_branch_operator.py took 0.071 seconds
[2026-05-23T11:53:40.651+0000] {processor.py:161} INFO - Started process (PID=20061) to work on /home/vscode/.local/lib/python3.11/site-packages/airflow/example_dags/example_branch_operator.py
[2026-05-23T11:53:40.651+0000] {processor.py:830} INFO - Processing file /home/vscode/.local/lib/python3.11/site-packages/airflow/example_dags/example_branch_operator.py for tasks to queue
[2026-05-23T11:53:40.652+0000] {logging_mixin.py:188} INFO - [2026-05-23T11:53:40.652+0000] {dagbag.py:545} INFO - Filling up the DagBag from /home/vscode/.local/lib/python3.11/site-packages/airflow/example_dags/example_branch_operator.py
[2026-05-23T11:53:40.679+0000] {processor.py:840} INFO - DAG(s) 'example_branch_operator' retrieved from /home/vscode/.local/lib/python3.11/site-packages/airflow/example_dags/example_branch_operator.py
[2026-05-23T11:53:40.732+0000] {logging_mixin.py:188} INFO - [2026-05-23T11:53:40.732+0000] {dag.py:3096} INFO - Sync 1 DAGs
[2026-05-23T11:53:40.779+0000] {logging_mixin.py:188} INFO - [2026-05-23T11:53:40.778+0000] {dag.py:3954} INFO - Setting next_dagrun for example_branch_operator to 2026-05-22 00:00:00+00:00, run_after=2026-05-23 00:00:00+00:00
[2026-05-23T11:53:40.821+0000] {processor.py:183} INFO - Processing /home/vscode/.local/lib/python3.11/site-packages/airflow/example_dags/example_branch_operator.py took 0.176 seconds
[2026-05-23T11:54:48.492+0000] {processor.py:161} INFO - Started process (PID=21010) to work on /home/vscode/.local/lib/python3.11/site-packages/airflow/example_dags/example_branch_operator.py
[2026-05-23T11:54:48.493+0000] {processor.py:830} INFO - Processing file /home/vscode/.local/lib/python3.11/site-packages/airflow/example_dags/example_branch_operator.py for tasks to queue
[2026-05-23T11:54:48.494+0000] {logging_mixin.py:188} INFO - [2026-05-23T11:54:48.493+0000] {dagbag.py:545} INFO - Filling up the DagBag from /home/vscode/.local/lib/python3.11/site-packages/airflow/example_dags/example_branch_operator.py
[2026-05-23T11:54:48.513+0000] {processor.py:840} INFO - DAG(s) 'example_branch_operator' retrieved from /home/vscode/.local/lib/python3.11/site-packages/airflow/example_dags/example_branch_operator.py
[2026-05-23T11:54:48.541+0000] {logging_mixin.py:188} INFO - [2026-05-23T11:54:48.541+0000] {dag.py:3096} INFO - Sync 1 DAGs
[2026-05-23T11:54:48.562+0000] {logging_mixin.py:188} INFO - [2026-05-23T11:54:48.562+0000] {dag.py:3954} INFO - Setting next_dagrun for example_branch_operator to 2026-05-22 00:00:00+00:00, run_after=2026-05-23 00:00:00+00:00
[2026-05-23T11:54:48.588+0000] {processor.py:183} INFO - Processing /home/vscode/.local/lib/python3.11/site-packages/airflow/example_dags/example_branch_operator.py took 0.105 seconds
[2026-05-23T11:56:04.556+0000] {processor.py:161} INFO - Started process (PID=22048) to work on /home/vscode/.local/lib/python3.11/site-packages/airflow/example_dags/example_branch_operator.py
[2026-05-23T11:56:04.560+0000] {processor.py:830} INFO - Processing file /home/vscode/.local/lib/python3.11/site-packages/airflow/example_dags/example_branch_operator.py for tasks to queue
[2026-05-23T11:56:04.561+0000] {logging_mixin.py:188} INFO - [2026-05-23T11:56:04.560+0000] {dagbag.py:545} INFO - Filling up the DagBag from /home/vscode/.local/lib/python3.11/site-packages/airflow/example_dags/example_branch_operator.py
[2026-05-23T11:56:04.602+0000] {processor.py:840} INFO - DAG(s) 'example_branch_operator' retrieved from /home/vscode/.local/lib/python3.11/site-packages/airflow/example_dags/example_branch_operator.py
[2026-05-23T11:56:04.670+0000] {logging_mixin.py:188} INFO - [2026-05-23T11:56:04.667+0000] {dag.py:3096} INFO - Sync 1 DAGs
[2026-05-23T11:56:04.714+0000] {logging_mixin.py:188} INFO - [2026-05-23T11:56:04.712+0000] {dag.py:3954} INFO - Setting next_dagrun for example_branch_operator to 2026-05-22 00:00:00+00:00, run_after=2026-05-23 00:00:00+00:00
[2026-05-23T11:56:04.793+0000] {processor.py:183} INFO - Processing /home/vscode/.local/lib/python3.11/site-packages/airflow/example_dags/example_branch_operator.py took 0.259 seconds
[2026-05-23T11:57:17.541+0000] {processor.py:161} INFO - Started process (PID=22800) to work on /home/vscode/.local/lib/python3.11/site-packages/airflow/example_dags/example_branch_operator.py
[2026-05-23T11:57:17.542+0000] {processor.py:830} INFO - Processing file /home/vscode/.local/lib/python3.11/site-packages/airflow/example_dags/example_branch_operator.py for tasks to queue
[2026-05-23T11:57:17.543+0000] {logging_mixin.py:188} INFO - [2026-05-23T11:57:17.543+0000] {dagbag.py:545} INFO - Filling up the DagBag from /home/vscode/.local/lib/python3.11/site-packages/airflow/example_dags/example_branch_operator.py
[2026-05-23T11:57:17.562+0000] {processor.py:840} INFO - DAG(s) 'example_branch_operator' retrieved from /home/vscode/.local/lib/python3.11/site-packages/airflow/example_dags/example_branch_operator.py
[2026-05-23T11:57:17.590+0000] {logging_mixin.py:188} INFO - [2026-05-23T11:57:17.590+0000] {dag.py:3096} INFO - Sync 1 DAGs
[2026-05-23T11:57:17.611+0000] {logging_mixin.py:188} INFO - [2026-05-23T11:57:17.611+0000] {dag.py:3954} INFO - Setting next_dagrun for example_branch_operator to 2026-05-22 00:00:00+00:00, run_after=2026-05-23 00:00:00+00:00
[2026-05-23T11:57:17.635+0000] {processor.py:183} INFO - Processing /home/vscode/.local/lib/python3.11/site-packages/airflow/example_dags/example_branch_operator.py took 0.103 seconds
[2026-05-23T11:58:32.791+0000] {processor.py:161} INFO - Started process (PID=23593) to work on /home/vscode/.local/lib/python3.11/site-packages/airflow/example_dags/example_branch_operator.py
[2026-05-23T11:58:32.792+0000] {processor.py:830} INFO - Processing file /home/vscode/.local/lib/python3.11/site-packages/airflow/example_dags/example_branch_operator.py for tasks to queue
[2026-05-23T11:58:32.793+0000] {logging_mixin.py:188} INFO - [2026-05-23T11:58:32.793+0000] {dagbag.py:545} INFO - Filling up the DagBag from /home/vscode/.local/lib/python3.11/site-packages/airflow/example_dags/example_branch_operator.py
[2026-05-23T11:58:32.813+0000] {processor.py:840} INFO - DAG(s) 'example_branch_operator' retrieved from /home/vscode/.local/lib/python3.11/site-packages/airflow/example_dags/example_branch_operator.py
[2026-05-23T11:58:32.846+0000] {logging_mixin.py:188} INFO - [2026-05-23T11:58:32.846+0000] {dag.py:3096} INFO - Sync 1 DAGs
[2026-05-23T11:58:32.924+0000] {logging_mixin.py:188} INFO - [2026-05-23T11:58:32.923+0000] {dag.py:3954} INFO - Setting next_dagrun for example_branch_operator to 2026-05-22 00:00:00+00:00, run_after=2026-05-23 00:00:00+00:00
[2026-05-23T11:58:32.960+0000] {processor.py:183} INFO - Processing /home/vscode/.local/lib/python3.11/site-packages/airflow/example_dags/example_branch_operator.py took 0.180 seconds
