[2026-05-23T11:27:08.797+0000] {processor.py:161} INFO - Started process (PID=3471) to work on /home/vscode/.local/lib/python3.11/site-packages/airflow/example_dags/example_branch_day_of_week_operator.py
[2026-05-23T11:27:08.798+0000] {processor.py:830} INFO - Processing file /home/vscode/.local/lib/python3.11/site-packages/airflow/example_dags/example_branch_day_of_week_operator.py for tasks to queue
[2026-05-23T11:27:08.799+0000] {logging_mixin.py:188} INFO - [2026-05-23T11:27:08.798+0000] {dagbag.py:545} INFO - Filling up the DagBag from /home/vscode/.local/lib/python3.11/site-packages/airflow/example_dags/example_branch_day_of_week_operator.py
[2026-05-23T11:27:08.810+0000] {processor.py:840} INFO - DAG(s) 'example_weekday_branch_operator' retrieved from /home/vscode/.local/lib/python3.11/site-packages/airflow/example_dags/example_branch_day_of_week_operator.py
[2026-05-23T11:27:09.000+0000] {logging_mixin.py:188} INFO - [2026-05-23T11:27:09.000+0000] {dag.py:3096} INFO - Sync 1 DAGs
[2026-05-23T11:27:09.016+0000] {logging_mixin.py:188} INFO - [2026-05-23T11:27:09.016+0000] {dag.py:3954} INFO - Setting next_dagrun for example_weekday_branch_operator to 2026-05-22 00:00:00+00:00, run_after=2026-05-23 00:00:00+00:00
[2026-05-23T11:27:09.031+0000] {processor.py:183} INFO - Processing /home/vscode/.local/lib/python3.11/site-packages/airflow/example_dags/example_branch_day_of_week_operator.py took 0.243 seconds
[2026-05-23T11:28:05.952+0000] {processor.py:161} INFO - Started process (PID=4196) to work on /home/vscode/.local/lib/python3.11/site-packages/airflow/example_dags/example_branch_day_of_week_operator.py
[2026-05-23T11:28:05.952+0000] {processor.py:830} INFO - Processing file /home/vscode/.local/lib/python3.11/site-packages/airflow/example_dags/example_branch_day_of_week_operator.py for tasks to queue
[2026-05-23T11:28:05.953+0000] {logging_mixin.py:188} INFO - [2026-05-23T11:28:05.953+0000] {dagbag.py:545} INFO - Filling up the DagBag from /home/vscode/.local/lib/python3.11/site-packages/airflow/example_dags/example_branch_day_of_week_operator.py
[2026-05-23T11:28:05.959+0000] {processor.py:840} INFO - DAG(s) 'example_weekday_branch_operator' retrieved from /home/vscode/.local/lib/python3.11/site-packages/airflow/example_dags/example_branch_day_of_week_operator.py
[2026-05-23T11:28:05.971+0000] {logging_mixin.py:188} INFO - [2026-05-23T11:28:05.970+0000] {dag.py:3096} INFO - Sync 1 DAGs
[2026-05-23T11:28:05.985+0000] {logging_mixin.py:188} INFO - [2026-05-23T11:28:05.985+0000] {dag.py:3954} INFO - Setting next_dagrun for example_weekday_branch_operator to 2026-05-22 00:00:00+00:00, run_after=2026-05-23 00:00:00+00:00
[2026-05-23T11:28:06.005+0000] {processor.py:183} INFO - Processing /home/vscode/.local/lib/python3.11/site-packages/airflow/example_dags/example_branch_day_of_week_operator.py took 0.059 seconds
[2026-05-23T11:29:12.455+0000] {processor.py:161} INFO - Started process (PID=4740) to work on /home/vscode/.local/lib/python3.11/site-packages/airflow/example_dags/example_branch_day_of_week_operator.py
[2026-05-23T11:29:12.456+0000] {processor.py:830} INFO - Processing file /home/vscode/.local/lib/python3.11/site-packages/airflow/example_dags/example_branch_day_of_week_operator.py for tasks to queue
[2026-05-23T11:29:12.456+0000] {logging_mixin.py:188} INFO - [2026-05-23T11:29:12.456+0000] {dagbag.py:545} INFO - Filling up the DagBag from /home/vscode/.local/lib/python3.11/site-packages/airflow/example_dags/example_branch_day_of_week_operator.py
[2026-05-23T11:29:12.463+0000] {processor.py:840} INFO - DAG(s) 'example_weekday_branch_operator' retrieved from /home/vscode/.local/lib/python3.11/site-packages/airflow/example_dags/example_branch_day_of_week_operator.py
[2026-05-23T11:29:12.490+0000] {logging_mixin.py:188} INFO - [2026-05-23T11:29:12.490+0000] {dag.py:3096} INFO - Sync 1 DAGs
[2026-05-23T11:29:12.515+0000] {logging_mixin.py:188} INFO - [2026-05-23T11:29:12.514+0000] {dag.py:3954} INFO - Setting next_dagrun for example_weekday_branch_operator to 2026-05-22 00:00:00+00:00, run_after=2026-05-23 00:00:00+00:00
[2026-05-23T11:29:12.548+0000] {processor.py:183} INFO - Processing /home/vscode/.local/lib/python3.11/site-packages/airflow/example_dags/example_branch_day_of_week_operator.py took 0.099 seconds
[2026-05-23T11:30:16.742+0000] {processor.py:161} INFO - Started process (PID=5403) to work on /home/vscode/.local/lib/python3.11/site-packages/airflow/example_dags/example_branch_day_of_week_operator.py
[2026-05-23T11:30:16.743+0000] {processor.py:830} INFO - Processing file /home/vscode/.local/lib/python3.11/site-packages/airflow/example_dags/example_branch_day_of_week_operator.py for tasks to queue
[2026-05-23T11:30:16.743+0000] {logging_mixin.py:188} INFO - [2026-05-23T11:30:16.743+0000] {dagbag.py:545} INFO - Filling up the DagBag from /home/vscode/.local/lib/python3.11/site-packages/airflow/example_dags/example_branch_day_of_week_operator.py
[2026-05-23T11:30:16.749+0000] {processor.py:840} INFO - DAG(s) 'example_weekday_branch_operator' retrieved from /home/vscode/.local/lib/python3.11/site-packages/airflow/example_dags/example_branch_day_of_week_operator.py
[2026-05-23T11:30:16.761+0000] {logging_mixin.py:188} INFO - [2026-05-23T11:30:16.761+0000] {dag.py:3096} INFO - Sync 1 DAGs
[2026-05-23T11:30:16.778+0000] {logging_mixin.py:188} INFO - [2026-05-23T11:30:16.778+0000] {dag.py:3954} INFO - Setting next_dagrun for example_weekday_branch_operator to 2026-05-22 00:00:00+00:00, run_after=2026-05-23 00:00:00+00:00
[2026-05-23T11:30:16.794+0000] {processor.py:183} INFO - Processing /home/vscode/.local/lib/python3.11/site-packages/airflow/example_dags/example_branch_day_of_week_operator.py took 0.057 seconds
[2026-05-23T11:31:18.140+0000] {processor.py:161} INFO - Started process (PID=5937) to work on /home/vscode/.local/lib/python3.11/site-packages/airflow/example_dags/example_branch_day_of_week_operator.py
[2026-05-23T11:31:18.140+0000] {processor.py:830} INFO - Processing file /home/vscode/.local/lib/python3.11/site-packages/airflow/example_dags/example_branch_day_of_week_operator.py for tasks to queue
[2026-05-23T11:31:18.141+0000] {logging_mixin.py:188} INFO - [2026-05-23T11:31:18.141+0000] {dagbag.py:545} INFO - Filling up the DagBag from /home/vscode/.local/lib/python3.11/site-packages/airflow/example_dags/example_branch_day_of_week_operator.py
[2026-05-23T11:31:18.147+0000] {processor.py:840} INFO - DAG(s) 'example_weekday_branch_operator' retrieved from /home/vscode/.local/lib/python3.11/site-packages/airflow/example_dags/example_branch_day_of_week_operator.py
[2026-05-23T11:31:18.160+0000] {logging_mixin.py:188} INFO - [2026-05-23T11:31:18.159+0000] {dag.py:3096} INFO - Sync 1 DAGs
[2026-05-23T11:31:18.174+0000] {logging_mixin.py:188} INFO - [2026-05-23T11:31:18.174+0000] {dag.py:3954} INFO - Setting next_dagrun for example_weekday_branch_operator to 2026-05-22 00:00:00+00:00, run_after=2026-05-23 00:00:00+00:00
[2026-05-23T11:31:18.189+0000] {processor.py:183} INFO - Processing /home/vscode/.local/lib/python3.11/site-packages/airflow/example_dags/example_branch_day_of_week_operator.py took 0.056 seconds
[2026-05-23T11:32:21.023+0000] {processor.py:161} INFO - Started process (PID=6570) to work on /home/vscode/.local/lib/python3.11/site-packages/airflow/example_dags/example_branch_day_of_week_operator.py
[2026-05-23T11:32:21.024+0000] {processor.py:830} INFO - Processing file /home/vscode/.local/lib/python3.11/site-packages/airflow/example_dags/example_branch_day_of_week_operator.py for tasks to queue
[2026-05-23T11:32:21.025+0000] {logging_mixin.py:188} INFO - [2026-05-23T11:32:21.025+0000] {dagbag.py:545} INFO - Filling up the DagBag from /home/vscode/.local/lib/python3.11/site-packages/airflow/example_dags/example_branch_day_of_week_operator.py
[2026-05-23T11:32:21.037+0000] {processor.py:840} INFO - DAG(s) 'example_weekday_branch_operator' retrieved from /home/vscode/.local/lib/python3.11/site-packages/airflow/example_dags/example_branch_day_of_week_operator.py
[2026-05-23T11:32:21.065+0000] {logging_mixin.py:188} INFO - [2026-05-23T11:32:21.064+0000] {dag.py:3096} INFO - Sync 1 DAGs
[2026-05-23T11:32:21.092+0000] {logging_mixin.py:188} INFO - [2026-05-23T11:32:21.092+0000] {dag.py:3954} INFO - Setting next_dagrun for example_weekday_branch_operator to 2026-05-22 00:00:00+00:00, run_after=2026-05-23 00:00:00+00:00
[2026-05-23T11:32:21.109+0000] {processor.py:183} INFO - Processing /home/vscode/.local/lib/python3.11/site-packages/airflow/example_dags/example_branch_day_of_week_operator.py took 0.097 seconds
[2026-05-23T11:33:27.184+0000] {processor.py:161} INFO - Started process (PID=8321) to work on /home/vscode/.local/lib/python3.11/site-packages/airflow/example_dags/example_branch_day_of_week_operator.py
[2026-05-23T11:33:27.186+0000] {processor.py:830} INFO - Processing file /home/vscode/.local/lib/python3.11/site-packages/airflow/example_dags/example_branch_day_of_week_operator.py for tasks to queue
[2026-05-23T11:33:27.186+0000] {logging_mixin.py:188} INFO - [2026-05-23T11:33:27.186+0000] {dagbag.py:545} INFO - Filling up the DagBag from /home/vscode/.local/lib/python3.11/site-packages/airflow/example_dags/example_branch_day_of_week_operator.py
[2026-05-23T11:33:27.192+0000] {processor.py:840} INFO - DAG(s) 'example_weekday_branch_operator' retrieved from /home/vscode/.local/lib/python3.11/site-packages/airflow/example_dags/example_branch_day_of_week_operator.py
[2026-05-23T11:33:27.204+0000] {logging_mixin.py:188} INFO - [2026-05-23T11:33:27.204+0000] {dag.py:3096} INFO - Sync 1 DAGs
[2026-05-23T11:33:27.227+0000] {logging_mixin.py:188} INFO - [2026-05-23T11:33:27.227+0000] {dag.py:3954} INFO - Setting next_dagrun for example_weekday_branch_operator to 2026-05-22 00:00:00+00:00, run_after=2026-05-23 00:00:00+00:00
[2026-05-23T11:33:27.247+0000] {processor.py:183} INFO - Processing /home/vscode/.local/lib/python3.11/site-packages/airflow/example_dags/example_branch_day_of_week_operator.py took 0.069 seconds
[2026-05-23T11:34:19.656+0000] {processor.py:161} INFO - Started process (PID=8595) to work on /home/vscode/.local/lib/python3.11/site-packages/airflow/example_dags/example_branch_day_of_week_operator.py
[2026-05-23T11:34:19.656+0000] {processor.py:830} INFO - Processing file /home/vscode/.local/lib/python3.11/site-packages/airflow/example_dags/example_branch_day_of_week_operator.py for tasks to queue
[2026-05-23T11:34:19.657+0000] {logging_mixin.py:188} INFO - [2026-05-23T11:34:19.657+0000] {dagbag.py:545} INFO - Filling up the DagBag from /home/vscode/.local/lib/python3.11/site-packages/airflow/example_dags/example_branch_day_of_week_operator.py
[2026-05-23T11:34:19.662+0000] {processor.py:840} INFO - DAG(s) 'example_weekday_branch_operator' retrieved from /home/vscode/.local/lib/python3.11/site-packages/airflow/example_dags/example_branch_day_of_week_operator.py
[2026-05-23T11:34:19.674+0000] {logging_mixin.py:188} INFO - [2026-05-23T11:34:19.674+0000] {dag.py:3096} INFO - Sync 1 DAGs
[2026-05-23T11:34:19.688+0000] {logging_mixin.py:188} INFO - [2026-05-23T11:34:19.688+0000] {dag.py:3954} INFO - Setting next_dagrun for example_weekday_branch_operator to 2026-05-22 00:00:00+00:00, run_after=2026-05-23 00:00:00+00:00
[2026-05-23T11:34:19.703+0000] {processor.py:183} INFO - Processing /home/vscode/.local/lib/python3.11/site-packages/airflow/example_dags/example_branch_day_of_week_operator.py took 0.054 seconds
[2026-05-23T11:35:25.633+0000] {processor.py:161} INFO - Started process (PID=9174) to work on /home/vscode/.local/lib/python3.11/site-packages/airflow/example_dags/example_branch_day_of_week_operator.py
[2026-05-23T11:35:25.634+0000] {processor.py:830} INFO - Processing file /home/vscode/.local/lib/python3.11/site-packages/airflow/example_dags/example_branch_day_of_week_operator.py for tasks to queue
[2026-05-23T11:35:25.634+0000] {logging_mixin.py:188} INFO - [2026-05-23T11:35:25.634+0000] {dagbag.py:545} INFO - Filling up the DagBag from /home/vscode/.local/lib/python3.11/site-packages/airflow/example_dags/example_branch_day_of_week_operator.py
[2026-05-23T11:35:25.640+0000] {processor.py:840} INFO - DAG(s) 'example_weekday_branch_operator' retrieved from /home/vscode/.local/lib/python3.11/site-packages/airflow/example_dags/example_branch_day_of_week_operator.py
[2026-05-23T11:35:25.652+0000] {logging_mixin.py:188} INFO - [2026-05-23T11:35:25.652+0000] {dag.py:3096} INFO - Sync 1 DAGs
[2026-05-23T11:35:25.667+0000] {logging_mixin.py:188} INFO - [2026-05-23T11:35:25.667+0000] {dag.py:3954} INFO - Setting next_dagrun for example_weekday_branch_operator to 2026-05-22 00:00:00+00:00, run_after=2026-05-23 00:00:00+00:00
[2026-05-23T11:35:25.684+0000] {processor.py:183} INFO - Processing /home/vscode/.local/lib/python3.11/site-packages/airflow/example_dags/example_branch_day_of_week_operator.py took 0.057 seconds
[2026-05-23T11:36:28.424+0000] {processor.py:161} INFO - Started process (PID=9717) to work on /home/vscode/.local/lib/python3.11/site-packages/airflow/example_dags/example_branch_day_of_week_operator.py
[2026-05-23T11:36:28.425+0000] {processor.py:830} INFO - Processing file /home/vscode/.local/lib/python3.11/site-packages/airflow/example_dags/example_branch_day_of_week_operator.py for tasks to queue
[2026-05-23T11:36:28.425+0000] {logging_mixin.py:188} INFO - [2026-05-23T11:36:28.425+0000] {dagbag.py:545} INFO - Filling up the DagBag from /home/vscode/.local/lib/python3.11/site-packages/airflow/example_dags/example_branch_day_of_week_operator.py
[2026-05-23T11:36:28.431+0000] {processor.py:840} INFO - DAG(s) 'example_weekday_branch_operator' retrieved from /home/vscode/.local/lib/python3.11/site-packages/airflow/example_dags/example_branch_day_of_week_operator.py
[2026-05-23T11:36:28.443+0000] {logging_mixin.py:188} INFO - [2026-05-23T11:36:28.443+0000] {dag.py:3096} INFO - Sync 1 DAGs
[2026-05-23T11:36:28.456+0000] {logging_mixin.py:188} INFO - [2026-05-23T11:36:28.456+0000] {dag.py:3954} INFO - Setting next_dagrun for example_weekday_branch_operator to 2026-05-22 00:00:00+00:00, run_after=2026-05-23 00:00:00+00:00
[2026-05-23T11:36:28.471+0000] {processor.py:183} INFO - Processing /home/vscode/.local/lib/python3.11/site-packages/airflow/example_dags/example_branch_day_of_week_operator.py took 0.053 seconds
[2026-05-23T11:37:38.358+0000] {processor.py:161} INFO - Started process (PID=10326) to work on /home/vscode/.local/lib/python3.11/site-packages/airflow/example_dags/example_branch_day_of_week_operator.py
[2026-05-23T11:37:38.358+0000] {processor.py:830} INFO - Processing file /home/vscode/.local/lib/python3.11/site-packages/airflow/example_dags/example_branch_day_of_week_operator.py for tasks to queue
[2026-05-23T11:37:38.359+0000] {logging_mixin.py:188} INFO - [2026-05-23T11:37:38.359+0000] {dagbag.py:545} INFO - Filling up the DagBag from /home/vscode/.local/lib/python3.11/site-packages/airflow/example_dags/example_branch_day_of_week_operator.py
[2026-05-23T11:37:38.365+0000] {processor.py:840} INFO - DAG(s) 'example_weekday_branch_operator' retrieved from /home/vscode/.local/lib/python3.11/site-packages/airflow/example_dags/example_branch_day_of_week_operator.py
[2026-05-23T11:37:38.377+0000] {logging_mixin.py:188} INFO - [2026-05-23T11:37:38.376+0000] {dag.py:3096} INFO - Sync 1 DAGs
[2026-05-23T11:37:38.391+0000] {logging_mixin.py:188} INFO - [2026-05-23T11:37:38.390+0000] {dag.py:3954} INFO - Setting next_dagrun for example_weekday_branch_operator to 2026-05-22 00:00:00+00:00, run_after=2026-05-23 00:00:00+00:00
[2026-05-23T11:37:38.406+0000] {processor.py:183} INFO - Processing /home/vscode/.local/lib/python3.11/site-packages/airflow/example_dags/example_branch_day_of_week_operator.py took 0.054 seconds
[2026-05-23T11:38:39.979+0000] {processor.py:161} INFO - Started process (PID=10836) to work on /home/vscode/.local/lib/python3.11/site-packages/airflow/example_dags/example_branch_day_of_week_operator.py
[2026-05-23T11:38:39.980+0000] {processor.py:830} INFO - Processing file /home/vscode/.local/lib/python3.11/site-packages/airflow/example_dags/example_branch_day_of_week_operator.py for tasks to queue
[2026-05-23T11:38:39.981+0000] {logging_mixin.py:188} INFO - [2026-05-23T11:38:39.980+0000] {dagbag.py:545} INFO - Filling up the DagBag from /home/vscode/.local/lib/python3.11/site-packages/airflow/example_dags/example_branch_day_of_week_operator.py
[2026-05-23T11:38:39.986+0000] {processor.py:840} INFO - DAG(s) 'example_weekday_branch_operator' retrieved from /home/vscode/.local/lib/python3.11/site-packages/airflow/example_dags/example_branch_day_of_week_operator.py
[2026-05-23T11:38:39.999+0000] {logging_mixin.py:188} INFO - [2026-05-23T11:38:39.998+0000] {dag.py:3096} INFO - Sync 1 DAGs
[2026-05-23T11:38:40.013+0000] {logging_mixin.py:188} INFO - [2026-05-23T11:38:40.013+0000] {dag.py:3954} INFO - Setting next_dagrun for example_weekday_branch_operator to 2026-05-22 00:00:00+00:00, run_after=2026-05-23 00:00:00+00:00
[2026-05-23T11:38:40.029+0000] {processor.py:183} INFO - Processing /home/vscode/.local/lib/python3.11/site-packages/airflow/example_dags/example_branch_day_of_week_operator.py took 0.056 seconds
[2026-05-23T11:39:43.902+0000] {processor.py:161} INFO - Started process (PID=11408) to work on /home/vscode/.local/lib/python3.11/site-packages/airflow/example_dags/example_branch_day_of_week_operator.py
[2026-05-23T11:39:43.903+0000] {processor.py:830} INFO - Processing file /home/vscode/.local/lib/python3.11/site-packages/airflow/example_dags/example_branch_day_of_week_operator.py for tasks to queue
[2026-05-23T11:39:43.903+0000] {logging_mixin.py:188} INFO - [2026-05-23T11:39:43.903+0000] {dagbag.py:545} INFO - Filling up the DagBag from /home/vscode/.local/lib/python3.11/site-packages/airflow/example_dags/example_branch_day_of_week_operator.py
[2026-05-23T11:39:43.909+0000] {processor.py:840} INFO - DAG(s) 'example_weekday_branch_operator' retrieved from /home/vscode/.local/lib/python3.11/site-packages/airflow/example_dags/example_branch_day_of_week_operator.py
[2026-05-23T11:39:43.921+0000] {logging_mixin.py:188} INFO - [2026-05-23T11:39:43.921+0000] {dag.py:3096} INFO - Sync 1 DAGs
[2026-05-23T11:39:43.935+0000] {logging_mixin.py:188} INFO - [2026-05-23T11:39:43.935+0000] {dag.py:3954} INFO - Setting next_dagrun for example_weekday_branch_operator to 2026-05-22 00:00:00+00:00, run_after=2026-05-23 00:00:00+00:00
[2026-05-23T11:39:43.950+0000] {processor.py:183} INFO - Processing /home/vscode/.local/lib/python3.11/site-packages/airflow/example_dags/example_branch_day_of_week_operator.py took 0.055 seconds
[2026-05-23T11:40:46.907+0000] {processor.py:161} INFO - Started process (PID=11930) to work on /home/vscode/.local/lib/python3.11/site-packages/airflow/example_dags/example_branch_day_of_week_operator.py
[2026-05-23T11:40:46.908+0000] {processor.py:830} INFO - Processing file /home/vscode/.local/lib/python3.11/site-packages/airflow/example_dags/example_branch_day_of_week_operator.py for tasks to queue
[2026-05-23T11:40:46.909+0000] {logging_mixin.py:188} INFO - [2026-05-23T11:40:46.908+0000] {dagbag.py:545} INFO - Filling up the DagBag from /home/vscode/.local/lib/python3.11/site-packages/airflow/example_dags/example_branch_day_of_week_operator.py
[2026-05-23T11:40:46.914+0000] {processor.py:840} INFO - DAG(s) 'example_weekday_branch_operator' retrieved from /home/vscode/.local/lib/python3.11/site-packages/airflow/example_dags/example_branch_day_of_week_operator.py
[2026-05-23T11:40:46.932+0000] {logging_mixin.py:188} INFO - [2026-05-23T11:40:46.932+0000] {dag.py:3096} INFO - Sync 1 DAGs
[2026-05-23T11:40:46.955+0000] {logging_mixin.py:188} INFO - [2026-05-23T11:40:46.955+0000] {dag.py:3954} INFO - Setting next_dagrun for example_weekday_branch_operator to 2026-05-22 00:00:00+00:00, run_after=2026-05-23 00:00:00+00:00
[2026-05-23T11:40:46.980+0000] {processor.py:183} INFO - Processing /home/vscode/.local/lib/python3.11/site-packages/airflow/example_dags/example_branch_day_of_week_operator.py took 0.080 seconds
[2026-05-23T11:41:50.502+0000] {processor.py:161} INFO - Started process (PID=12570) to work on /home/vscode/.local/lib/python3.11/site-packages/airflow/example_dags/example_branch_day_of_week_operator.py
[2026-05-23T11:41:50.502+0000] {processor.py:830} INFO - Processing file /home/vscode/.local/lib/python3.11/site-packages/airflow/example_dags/example_branch_day_of_week_operator.py for tasks to queue
[2026-05-23T11:41:50.503+0000] {logging_mixin.py:188} INFO - [2026-05-23T11:41:50.503+0000] {dagbag.py:545} INFO - Filling up the DagBag from /home/vscode/.local/lib/python3.11/site-packages/airflow/example_dags/example_branch_day_of_week_operator.py
[2026-05-23T11:41:50.509+0000] {processor.py:840} INFO - DAG(s) 'example_weekday_branch_operator' retrieved from /home/vscode/.local/lib/python3.11/site-packages/airflow/example_dags/example_branch_day_of_week_operator.py
[2026-05-23T11:41:50.521+0000] {logging_mixin.py:188} INFO - [2026-05-23T11:41:50.520+0000] {dag.py:3096} INFO - Sync 1 DAGs
[2026-05-23T11:41:50.534+0000] {logging_mixin.py:188} INFO - [2026-05-23T11:41:50.534+0000] {dag.py:3954} INFO - Setting next_dagrun for example_weekday_branch_operator to 2026-05-22 00:00:00+00:00, run_after=2026-05-23 00:00:00+00:00
[2026-05-23T11:41:50.549+0000] {processor.py:183} INFO - Processing /home/vscode/.local/lib/python3.11/site-packages/airflow/example_dags/example_branch_day_of_week_operator.py took 0.053 seconds
[2026-05-23T11:42:55.851+0000] {processor.py:161} INFO - Started process (PID=13107) to work on /home/vscode/.local/lib/python3.11/site-packages/airflow/example_dags/example_branch_day_of_week_operator.py
[2026-05-23T11:42:55.851+0000] {processor.py:830} INFO - Processing file /home/vscode/.local/lib/python3.11/site-packages/airflow/example_dags/example_branch_day_of_week_operator.py for tasks to queue
[2026-05-23T11:42:55.852+0000] {logging_mixin.py:188} INFO - [2026-05-23T11:42:55.852+0000] {dagbag.py:545} INFO - Filling up the DagBag from /home/vscode/.local/lib/python3.11/site-packages/airflow/example_dags/example_branch_day_of_week_operator.py
[2026-05-23T11:42:55.858+0000] {processor.py:840} INFO - DAG(s) 'example_weekday_branch_operator' retrieved from /home/vscode/.local/lib/python3.11/site-packages/airflow/example_dags/example_branch_day_of_week_operator.py
[2026-05-23T11:42:55.875+0000] {logging_mixin.py:188} INFO - [2026-05-23T11:42:55.875+0000] {dag.py:3096} INFO - Sync 1 DAGs
[2026-05-23T11:42:55.898+0000] {logging_mixin.py:188} INFO - [2026-05-23T11:42:55.897+0000] {dag.py:3954} INFO - Setting next_dagrun for example_weekday_branch_operator to 2026-05-22 00:00:00+00:00, run_after=2026-05-23 00:00:00+00:00
[2026-05-23T11:42:55.917+0000] {processor.py:183} INFO - Processing /home/vscode/.local/lib/python3.11/site-packages/airflow/example_dags/example_branch_day_of_week_operator.py took 0.072 seconds
[2026-05-23T11:44:03.120+0000] {processor.py:161} INFO - Started process (PID=13720) to work on /home/vscode/.local/lib/python3.11/site-packages/airflow/example_dags/example_branch_day_of_week_operator.py
[2026-05-23T11:44:03.121+0000] {processor.py:830} INFO - Processing file /home/vscode/.local/lib/python3.11/site-packages/airflow/example_dags/example_branch_day_of_week_operator.py for tasks to queue
[2026-05-23T11:44:03.121+0000] {logging_mixin.py:188} INFO - [2026-05-23T11:44:03.121+0000] {dagbag.py:545} INFO - Filling up the DagBag from /home/vscode/.local/lib/python3.11/site-packages/airflow/example_dags/example_branch_day_of_week_operator.py
[2026-05-23T11:44:03.127+0000] {processor.py:840} INFO - DAG(s) 'example_weekday_branch_operator' retrieved from /home/vscode/.local/lib/python3.11/site-packages/airflow/example_dags/example_branch_day_of_week_operator.py
[2026-05-23T11:44:03.138+0000] {logging_mixin.py:188} INFO - [2026-05-23T11:44:03.138+0000] {dag.py:3096} INFO - Sync 1 DAGs
[2026-05-23T11:44:03.152+0000] {logging_mixin.py:188} INFO - [2026-05-23T11:44:03.152+0000] {dag.py:3954} INFO - Setting next_dagrun for example_weekday_branch_operator to 2026-05-22 00:00:00+00:00, run_after=2026-05-23 00:00:00+00:00
[2026-05-23T11:44:03.168+0000] {processor.py:183} INFO - Processing /home/vscode/.local/lib/python3.11/site-packages/airflow/example_dags/example_branch_day_of_week_operator.py took 0.055 seconds
[2026-05-23T11:45:09.025+0000] {processor.py:161} INFO - Started process (PID=14267) to work on /home/vscode/.local/lib/python3.11/site-packages/airflow/example_dags/example_branch_day_of_week_operator.py
[2026-05-23T11:45:09.026+0000] {processor.py:830} INFO - Processing file /home/vscode/.local/lib/python3.11/site-packages/airflow/example_dags/example_branch_day_of_week_operator.py for tasks to queue
[2026-05-23T11:45:09.027+0000] {logging_mixin.py:188} INFO - [2026-05-23T11:45:09.026+0000] {dagbag.py:545} INFO - Filling up the DagBag from /home/vscode/.local/lib/python3.11/site-packages/airflow/example_dags/example_branch_day_of_week_operator.py
[2026-05-23T11:45:09.036+0000] {processor.py:840} INFO - DAG(s) 'example_weekday_branch_operator' retrieved from /home/vscode/.local/lib/python3.11/site-packages/airflow/example_dags/example_branch_day_of_week_operator.py
[2026-05-23T11:45:09.054+0000] {logging_mixin.py:188} INFO - [2026-05-23T11:45:09.053+0000] {dag.py:3096} INFO - Sync 1 DAGs
[2026-05-23T11:45:09.068+0000] {logging_mixin.py:188} INFO - [2026-05-23T11:45:09.067+0000] {dag.py:3954} INFO - Setting next_dagrun for example_weekday_branch_operator to 2026-05-22 00:00:00+00:00, run_after=2026-05-23 00:00:00+00:00
[2026-05-23T11:45:09.082+0000] {processor.py:183} INFO - Processing /home/vscode/.local/lib/python3.11/site-packages/airflow/example_dags/example_branch_day_of_week_operator.py took 0.076 seconds
[2026-05-23T11:46:10.915+0000] {processor.py:161} INFO - Started process (PID=15037) to work on /home/vscode/.local/lib/python3.11/site-packages/airflow/example_dags/example_branch_day_of_week_operator.py
[2026-05-23T11:46:10.916+0000] {processor.py:830} INFO - Processing file /home/vscode/.local/lib/python3.11/site-packages/airflow/example_dags/example_branch_day_of_week_operator.py for tasks to queue
[2026-05-23T11:46:10.916+0000] {logging_mixin.py:188} INFO - [2026-05-23T11:46:10.916+0000] {dagbag.py:545} INFO - Filling up the DagBag from /home/vscode/.local/lib/python3.11/site-packages/airflow/example_dags/example_branch_day_of_week_operator.py
[2026-05-23T11:46:10.922+0000] {processor.py:840} INFO - DAG(s) 'example_weekday_branch_operator' retrieved from /home/vscode/.local/lib/python3.11/site-packages/airflow/example_dags/example_branch_day_of_week_operator.py
[2026-05-23T11:46:10.933+0000] {logging_mixin.py:188} INFO - [2026-05-23T11:46:10.933+0000] {dag.py:3096} INFO - Sync 1 DAGs
[2026-05-23T11:46:10.946+0000] {logging_mixin.py:188} INFO - [2026-05-23T11:46:10.946+0000] {dag.py:3954} INFO - Setting next_dagrun for example_weekday_branch_operator to 2026-05-22 00:00:00+00:00, run_after=2026-05-23 00:00:00+00:00
[2026-05-23T11:46:10.961+0000] {processor.py:183} INFO - Processing /home/vscode/.local/lib/python3.11/site-packages/airflow/example_dags/example_branch_day_of_week_operator.py took 0.051 seconds
[2026-05-23T11:47:10.262+0000] {processor.py:161} INFO - Started process (PID=15609) to work on /home/vscode/.local/lib/python3.11/site-packages/airflow/example_dags/example_branch_day_of_week_operator.py
[2026-05-23T11:47:10.262+0000] {processor.py:830} INFO - Processing file /home/vscode/.local/lib/python3.11/site-packages/airflow/example_dags/example_branch_day_of_week_operator.py for tasks to queue
[2026-05-23T11:47:10.263+0000] {logging_mixin.py:188} INFO - [2026-05-23T11:47:10.263+0000] {dagbag.py:545} INFO - Filling up the DagBag from /home/vscode/.local/lib/python3.11/site-packages/airflow/example_dags/example_branch_day_of_week_operator.py
[2026-05-23T11:47:10.269+0000] {processor.py:840} INFO - DAG(s) 'example_weekday_branch_operator' retrieved from /home/vscode/.local/lib/python3.11/site-packages/airflow/example_dags/example_branch_day_of_week_operator.py
[2026-05-23T11:47:10.281+0000] {logging_mixin.py:188} INFO - [2026-05-23T11:47:10.281+0000] {dag.py:3096} INFO - Sync 1 DAGs
[2026-05-23T11:47:10.295+0000] {logging_mixin.py:188} INFO - [2026-05-23T11:47:10.295+0000] {dag.py:3954} INFO - Setting next_dagrun for example_weekday_branch_operator to 2026-05-22 00:00:00+00:00, run_after=2026-05-23 00:00:00+00:00
[2026-05-23T11:47:10.311+0000] {processor.py:183} INFO - Processing /home/vscode/.local/lib/python3.11/site-packages/airflow/example_dags/example_branch_day_of_week_operator.py took 0.056 seconds
[2026-05-23T11:48:15.671+0000] {processor.py:161} INFO - Started process (PID=16204) to work on /home/vscode/.local/lib/python3.11/site-packages/airflow/example_dags/example_branch_day_of_week_operator.py
[2026-05-23T11:48:15.671+0000] {processor.py:830} INFO - Processing file /home/vscode/.local/lib/python3.11/site-packages/airflow/example_dags/example_branch_day_of_week_operator.py for tasks to queue
[2026-05-23T11:48:15.672+0000] {logging_mixin.py:188} INFO - [2026-05-23T11:48:15.672+0000] {dagbag.py:545} INFO - Filling up the DagBag from /home/vscode/.local/lib/python3.11/site-packages/airflow/example_dags/example_branch_day_of_week_operator.py
[2026-05-23T11:48:15.680+0000] {processor.py:840} INFO - DAG(s) 'example_weekday_branch_operator' retrieved from /home/vscode/.local/lib/python3.11/site-packages/airflow/example_dags/example_branch_day_of_week_operator.py
[2026-05-23T11:48:15.693+0000] {logging_mixin.py:188} INFO - [2026-05-23T11:48:15.693+0000] {dag.py:3096} INFO - Sync 1 DAGs
[2026-05-23T11:48:15.707+0000] {logging_mixin.py:188} INFO - [2026-05-23T11:48:15.707+0000] {dag.py:3954} INFO - Setting next_dagrun for example_weekday_branch_operator to 2026-05-22 00:00:00+00:00, run_after=2026-05-23 00:00:00+00:00
[2026-05-23T11:48:15.723+0000] {processor.py:183} INFO - Processing /home/vscode/.local/lib/python3.11/site-packages/airflow/example_dags/example_branch_day_of_week_operator.py took 0.060 seconds
[2026-05-23T11:49:16.173+0000] {processor.py:161} INFO - Started process (PID=16778) to work on /home/vscode/.local/lib/python3.11/site-packages/airflow/example_dags/example_branch_day_of_week_operator.py
[2026-05-23T11:49:16.174+0000] {processor.py:830} INFO - Processing file /home/vscode/.local/lib/python3.11/site-packages/airflow/example_dags/example_branch_day_of_week_operator.py for tasks to queue
[2026-05-23T11:49:16.174+0000] {logging_mixin.py:188} INFO - [2026-05-23T11:49:16.174+0000] {dagbag.py:545} INFO - Filling up the DagBag from /home/vscode/.local/lib/python3.11/site-packages/airflow/example_dags/example_branch_day_of_week_operator.py
[2026-05-23T11:49:16.180+0000] {processor.py:840} INFO - DAG(s) 'example_weekday_branch_operator' retrieved from /home/vscode/.local/lib/python3.11/site-packages/airflow/example_dags/example_branch_day_of_week_operator.py
[2026-05-23T11:49:16.193+0000] {logging_mixin.py:188} INFO - [2026-05-23T11:49:16.193+0000] {dag.py:3096} INFO - Sync 1 DAGs
[2026-05-23T11:49:16.207+0000] {logging_mixin.py:188} INFO - [2026-05-23T11:49:16.207+0000] {dag.py:3954} INFO - Setting next_dagrun for example_weekday_branch_operator to 2026-05-22 00:00:00+00:00, run_after=2026-05-23 00:00:00+00:00
[2026-05-23T11:49:16.222+0000] {processor.py:183} INFO - Processing /home/vscode/.local/lib/python3.11/site-packages/airflow/example_dags/example_branch_day_of_week_operator.py took 0.055 seconds
[2026-05-23T11:50:20.726+0000] {processor.py:161} INFO - Started process (PID=17752) to work on /home/vscode/.local/lib/python3.11/site-packages/airflow/example_dags/example_branch_day_of_week_operator.py
[2026-05-23T11:50:20.727+0000] {processor.py:830} INFO - Processing file /home/vscode/.local/lib/python3.11/site-packages/airflow/example_dags/example_branch_day_of_week_operator.py for tasks to queue
[2026-05-23T11:50:20.727+0000] {logging_mixin.py:188} INFO - [2026-05-23T11:50:20.727+0000] {dagbag.py:545} INFO - Filling up the DagBag from /home/vscode/.local/lib/python3.11/site-packages/airflow/example_dags/example_branch_day_of_week_operator.py
[2026-05-23T11:50:20.733+0000] {processor.py:840} INFO - DAG(s) 'example_weekday_branch_operator' retrieved from /home/vscode/.local/lib/python3.11/site-packages/airflow/example_dags/example_branch_day_of_week_operator.py
[2026-05-23T11:50:20.745+0000] {logging_mixin.py:188} INFO - [2026-05-23T11:50:20.745+0000] {dag.py:3096} INFO - Sync 1 DAGs
[2026-05-23T11:50:20.759+0000] {logging_mixin.py:188} INFO - [2026-05-23T11:50:20.759+0000] {dag.py:3954} INFO - Setting next_dagrun for example_weekday_branch_operator to 2026-05-22 00:00:00+00:00, run_after=2026-05-23 00:00:00+00:00
[2026-05-23T11:50:20.775+0000] {processor.py:183} INFO - Processing /home/vscode/.local/lib/python3.11/site-packages/airflow/example_dags/example_branch_day_of_week_operator.py took 0.055 seconds
[2026-05-23T11:51:21.779+0000] {processor.py:161} INFO - Started process (PID=18585) to work on /home/vscode/.local/lib/python3.11/site-packages/airflow/example_dags/example_branch_day_of_week_operator.py
[2026-05-23T11:51:21.779+0000] {processor.py:830} INFO - Processing file /home/vscode/.local/lib/python3.11/site-packages/airflow/example_dags/example_branch_day_of_week_operator.py for tasks to queue
[2026-05-23T11:51:21.780+0000] {logging_mixin.py:188} INFO - [2026-05-23T11:51:21.780+0000] {dagbag.py:545} INFO - Filling up the DagBag from /home/vscode/.local/lib/python3.11/site-packages/airflow/example_dags/example_branch_day_of_week_operator.py
[2026-05-23T11:51:21.786+0000] {processor.py:840} INFO - DAG(s) 'example_weekday_branch_operator' retrieved from /home/vscode/.local/lib/python3.11/site-packages/airflow/example_dags/example_branch_day_of_week_operator.py
[2026-05-23T11:51:21.798+0000] {logging_mixin.py:188} INFO - [2026-05-23T11:51:21.798+0000] {dag.py:3096} INFO - Sync 1 DAGs
[2026-05-23T11:51:21.812+0000] {logging_mixin.py:188} INFO - [2026-05-23T11:51:21.811+0000] {dag.py:3954} INFO - Setting next_dagrun for example_weekday_branch_operator to 2026-05-22 00:00:00+00:00, run_after=2026-05-23 00:00:00+00:00
[2026-05-23T11:51:21.829+0000] {processor.py:183} INFO - Processing /home/vscode/.local/lib/python3.11/site-packages/airflow/example_dags/example_branch_day_of_week_operator.py took 0.056 seconds
[2026-05-23T11:52:23.883+0000] {processor.py:161} INFO - Started process (PID=19184) to work on /home/vscode/.local/lib/python3.11/site-packages/airflow/example_dags/example_branch_day_of_week_operator.py
[2026-05-23T11:52:23.883+0000] {processor.py:830} INFO - Processing file /home/vscode/.local/lib/python3.11/site-packages/airflow/example_dags/example_branch_day_of_week_operator.py for tasks to queue
[2026-05-23T11:52:23.884+0000] {logging_mixin.py:188} INFO - [2026-05-23T11:52:23.883+0000] {dagbag.py:545} INFO - Filling up the DagBag from /home/vscode/.local/lib/python3.11/site-packages/airflow/example_dags/example_branch_day_of_week_operator.py
[2026-05-23T11:52:23.890+0000] {processor.py:840} INFO - DAG(s) 'example_weekday_branch_operator' retrieved from /home/vscode/.local/lib/python3.11/site-packages/airflow/example_dags/example_branch_day_of_week_operator.py
[2026-05-23T11:52:23.905+0000] {logging_mixin.py:188} INFO - [2026-05-23T11:52:23.904+0000] {dag.py:3096} INFO - Sync 1 DAGs
[2026-05-23T11:52:23.918+0000] {logging_mixin.py:188} INFO - [2026-05-23T11:52:23.918+0000] {dag.py:3954} INFO - Setting next_dagrun for example_weekday_branch_operator to 2026-05-22 00:00:00+00:00, run_after=2026-05-23 00:00:00+00:00
[2026-05-23T11:52:23.933+0000] {processor.py:183} INFO - Processing /home/vscode/.local/lib/python3.11/site-packages/airflow/example_dags/example_branch_day_of_week_operator.py took 0.056 seconds
[2026-05-23T11:53:20.519+0000] {processor.py:161} INFO - Started process (PID=19752) to work on /home/vscode/.local/lib/python3.11/site-packages/airflow/example_dags/example_branch_day_of_week_operator.py
[2026-05-23T11:53:20.520+0000] {processor.py:830} INFO - Processing file /home/vscode/.local/lib/python3.11/site-packages/airflow/example_dags/example_branch_day_of_week_operator.py for tasks to queue
[2026-05-23T11:53:20.520+0000] {logging_mixin.py:188} INFO - [2026-05-23T11:53:20.520+0000] {dagbag.py:545} INFO - Filling up the DagBag from /home/vscode/.local/lib/python3.11/site-packages/airflow/example_dags/example_branch_day_of_week_operator.py
[2026-05-23T11:53:20.526+0000] {processor.py:840} INFO - DAG(s) 'example_weekday_branch_operator' retrieved from /home/vscode/.local/lib/python3.11/site-packages/airflow/example_dags/example_branch_day_of_week_operator.py
[2026-05-23T11:53:20.544+0000] {logging_mixin.py:188} INFO - [2026-05-23T11:53:20.544+0000] {dag.py:3096} INFO - Sync 1 DAGs
[2026-05-23T11:53:20.566+0000] {logging_mixin.py:188} INFO - [2026-05-23T11:53:20.566+0000] {dag.py:3954} INFO - Setting next_dagrun for example_weekday_branch_operator to 2026-05-22 00:00:00+00:00, run_after=2026-05-23 00:00:00+00:00
[2026-05-23T11:53:20.589+0000] {processor.py:183} INFO - Processing /home/vscode/.local/lib/python3.11/site-packages/airflow/example_dags/example_branch_day_of_week_operator.py took 0.076 seconds
[2026-05-23T11:54:25.120+0000] {processor.py:161} INFO - Started process (PID=20715) to work on /home/vscode/.local/lib/python3.11/site-packages/airflow/example_dags/example_branch_day_of_week_operator.py
[2026-05-23T11:54:25.121+0000] {processor.py:830} INFO - Processing file /home/vscode/.local/lib/python3.11/site-packages/airflow/example_dags/example_branch_day_of_week_operator.py for tasks to queue
[2026-05-23T11:54:25.121+0000] {logging_mixin.py:188} INFO - [2026-05-23T11:54:25.121+0000] {dagbag.py:545} INFO - Filling up the DagBag from /home/vscode/.local/lib/python3.11/site-packages/airflow/example_dags/example_branch_day_of_week_operator.py
[2026-05-23T11:54:25.134+0000] {processor.py:840} INFO - DAG(s) 'example_weekday_branch_operator' retrieved from /home/vscode/.local/lib/python3.11/site-packages/airflow/example_dags/example_branch_day_of_week_operator.py
[2026-05-23T11:54:25.168+0000] {logging_mixin.py:188} INFO - [2026-05-23T11:54:25.168+0000] {dag.py:3096} INFO - Sync 1 DAGs
[2026-05-23T11:54:25.190+0000] {logging_mixin.py:188} INFO - [2026-05-23T11:54:25.190+0000] {dag.py:3954} INFO - Setting next_dagrun for example_weekday_branch_operator to 2026-05-22 00:00:00+00:00, run_after=2026-05-23 00:00:00+00:00
[2026-05-23T11:54:25.223+0000] {processor.py:183} INFO - Processing /home/vscode/.local/lib/python3.11/site-packages/airflow/example_dags/example_branch_day_of_week_operator.py took 0.113 seconds
[2026-05-23T11:55:40.268+0000] {processor.py:161} INFO - Started process (PID=21695) to work on /home/vscode/.local/lib/python3.11/site-packages/airflow/example_dags/example_branch_day_of_week_operator.py
[2026-05-23T11:55:40.268+0000] {processor.py:830} INFO - Processing file /home/vscode/.local/lib/python3.11/site-packages/airflow/example_dags/example_branch_day_of_week_operator.py for tasks to queue
[2026-05-23T11:55:40.269+0000] {logging_mixin.py:188} INFO - [2026-05-23T11:55:40.269+0000] {dagbag.py:545} INFO - Filling up the DagBag from /home/vscode/.local/lib/python3.11/site-packages/airflow/example_dags/example_branch_day_of_week_operator.py
[2026-05-23T11:55:40.278+0000] {processor.py:840} INFO - DAG(s) 'example_weekday_branch_operator' retrieved from /home/vscode/.local/lib/python3.11/site-packages/airflow/example_dags/example_branch_day_of_week_operator.py
[2026-05-23T11:55:40.297+0000] {logging_mixin.py:188} INFO - [2026-05-23T11:55:40.297+0000] {dag.py:3096} INFO - Sync 1 DAGs
[2026-05-23T11:55:40.319+0000] {logging_mixin.py:188} INFO - [2026-05-23T11:55:40.318+0000] {dag.py:3954} INFO - Setting next_dagrun for example_weekday_branch_operator to 2026-05-22 00:00:00+00:00, run_after=2026-05-23 00:00:00+00:00
[2026-05-23T11:55:40.339+0000] {processor.py:183} INFO - Processing /home/vscode/.local/lib/python3.11/site-packages/airflow/example_dags/example_branch_day_of_week_operator.py took 0.081 seconds
[2026-05-23T11:56:53.634+0000] {processor.py:161} INFO - Started process (PID=22639) to work on /home/vscode/.local/lib/python3.11/site-packages/airflow/example_dags/example_branch_day_of_week_operator.py
[2026-05-23T11:56:53.635+0000] {processor.py:830} INFO - Processing file /home/vscode/.local/lib/python3.11/site-packages/airflow/example_dags/example_branch_day_of_week_operator.py for tasks to queue
[2026-05-23T11:56:53.636+0000] {logging_mixin.py:188} INFO - [2026-05-23T11:56:53.636+0000] {dagbag.py:545} INFO - Filling up the DagBag from /home/vscode/.local/lib/python3.11/site-packages/airflow/example_dags/example_branch_day_of_week_operator.py
[2026-05-23T11:56:53.644+0000] {processor.py:840} INFO - DAG(s) 'example_weekday_branch_operator' retrieved from /home/vscode/.local/lib/python3.11/site-packages/airflow/example_dags/example_branch_day_of_week_operator.py
[2026-05-23T11:56:53.663+0000] {logging_mixin.py:188} INFO - [2026-05-23T11:56:53.663+0000] {dag.py:3096} INFO - Sync 1 DAGs
[2026-05-23T11:56:53.685+0000] {logging_mixin.py:188} INFO - [2026-05-23T11:56:53.684+0000] {dag.py:3954} INFO - Setting next_dagrun for example_weekday_branch_operator to 2026-05-22 00:00:00+00:00, run_after=2026-05-23 00:00:00+00:00
[2026-05-23T11:56:53.710+0000] {processor.py:183} INFO - Processing /home/vscode/.local/lib/python3.11/site-packages/airflow/example_dags/example_branch_day_of_week_operator.py took 0.086 seconds
[2026-05-23T11:58:09.531+0000] {processor.py:161} INFO - Started process (PID=23266) to work on /home/vscode/.local/lib/python3.11/site-packages/airflow/example_dags/example_branch_day_of_week_operator.py
[2026-05-23T11:58:09.532+0000] {processor.py:830} INFO - Processing file /home/vscode/.local/lib/python3.11/site-packages/airflow/example_dags/example_branch_day_of_week_operator.py for tasks to queue
[2026-05-23T11:58:09.533+0000] {logging_mixin.py:188} INFO - [2026-05-23T11:58:09.533+0000] {dagbag.py:545} INFO - Filling up the DagBag from /home/vscode/.local/lib/python3.11/site-packages/airflow/example_dags/example_branch_day_of_week_operator.py
[2026-05-23T11:58:09.542+0000] {processor.py:840} INFO - DAG(s) 'example_weekday_branch_operator' retrieved from /home/vscode/.local/lib/python3.11/site-packages/airflow/example_dags/example_branch_day_of_week_operator.py
[2026-05-23T11:58:09.560+0000] {logging_mixin.py:188} INFO - [2026-05-23T11:58:09.560+0000] {dag.py:3096} INFO - Sync 1 DAGs
[2026-05-23T11:58:09.585+0000] {logging_mixin.py:188} INFO - [2026-05-23T11:58:09.585+0000] {dag.py:3954} INFO - Setting next_dagrun for example_weekday_branch_operator to 2026-05-22 00:00:00+00:00, run_after=2026-05-23 00:00:00+00:00
[2026-05-23T11:58:09.608+0000] {processor.py:183} INFO - Processing /home/vscode/.local/lib/python3.11/site-packages/airflow/example_dags/example_branch_day_of_week_operator.py took 0.086 seconds
