[2026-05-23T11:26:39.319+0000] {processor.py:161} INFO - Started process (PID=3050) to work on /home/vscode/.local/lib/python3.11/site-packages/airflow/example_dags/example_skip_dag.py
[2026-05-23T11:26:39.320+0000] {processor.py:830} INFO - Processing file /home/vscode/.local/lib/python3.11/site-packages/airflow/example_dags/example_skip_dag.py for tasks to queue
[2026-05-23T11:26:39.321+0000] {logging_mixin.py:188} INFO - [2026-05-23T11:26:39.320+0000] {dagbag.py:545} INFO - Filling up the DagBag from /home/vscode/.local/lib/python3.11/site-packages/airflow/example_dags/example_skip_dag.py
[2026-05-23T11:26:39.326+0000] {processor.py:840} INFO - DAG(s) 'example_skip_dag' retrieved from /home/vscode/.local/lib/python3.11/site-packages/airflow/example_dags/example_skip_dag.py
[2026-05-23T11:26:39.331+0000] {logging_mixin.py:188} INFO - [2026-05-23T11:26:39.331+0000] {dag.py:3096} INFO - Sync 1 DAGs
[2026-05-23T11:26:39.347+0000] {logging_mixin.py:188} INFO - [2026-05-23T11:26:39.347+0000] {dag.py:3954} INFO - Setting next_dagrun for example_skip_dag to 2026-05-22 00:00:00+00:00, run_after=2026-05-23 00:00:00+00:00
[2026-05-23T11:26:39.362+0000] {processor.py:183} INFO - Processing /home/vscode/.local/lib/python3.11/site-packages/airflow/example_dags/example_skip_dag.py took 0.048 seconds
[2026-05-23T11:27:37.917+0000] {processor.py:161} INFO - Started process (PID=3836) to work on /home/vscode/.local/lib/python3.11/site-packages/airflow/example_dags/example_skip_dag.py
[2026-05-23T11:27:37.918+0000] {processor.py:830} INFO - Processing file /home/vscode/.local/lib/python3.11/site-packages/airflow/example_dags/example_skip_dag.py for tasks to queue
[2026-05-23T11:27:37.918+0000] {logging_mixin.py:188} INFO - [2026-05-23T11:27:37.918+0000] {dagbag.py:545} INFO - Filling up the DagBag from /home/vscode/.local/lib/python3.11/site-packages/airflow/example_dags/example_skip_dag.py
[2026-05-23T11:27:37.923+0000] {processor.py:840} INFO - DAG(s) 'example_skip_dag' retrieved from /home/vscode/.local/lib/python3.11/site-packages/airflow/example_dags/example_skip_dag.py
[2026-05-23T11:27:38.088+0000] {logging_mixin.py:188} INFO - [2026-05-23T11:27:38.088+0000] {dag.py:3096} INFO - Sync 1 DAGs
[2026-05-23T11:27:38.099+0000] {logging_mixin.py:188} INFO - [2026-05-23T11:27:38.098+0000] {dag.py:3954} INFO - Setting next_dagrun for example_skip_dag to 2026-05-22 00:00:00+00:00, run_after=2026-05-23 00:00:00+00:00
[2026-05-23T11:27:38.114+0000] {processor.py:183} INFO - Processing /home/vscode/.local/lib/python3.11/site-packages/airflow/example_dags/example_skip_dag.py took 0.202 seconds
[2026-05-23T11:28:30.048+0000] {processor.py:161} INFO - Started process (PID=4411) to work on /home/vscode/.local/lib/python3.11/site-packages/airflow/example_dags/example_skip_dag.py
[2026-05-23T11:28:30.049+0000] {processor.py:830} INFO - Processing file /home/vscode/.local/lib/python3.11/site-packages/airflow/example_dags/example_skip_dag.py for tasks to queue
[2026-05-23T11:28:30.049+0000] {logging_mixin.py:188} INFO - [2026-05-23T11:28:30.049+0000] {dagbag.py:545} INFO - Filling up the DagBag from /home/vscode/.local/lib/python3.11/site-packages/airflow/example_dags/example_skip_dag.py
[2026-05-23T11:28:30.054+0000] {processor.py:840} INFO - DAG(s) 'example_skip_dag' retrieved from /home/vscode/.local/lib/python3.11/site-packages/airflow/example_dags/example_skip_dag.py
[2026-05-23T11:28:30.066+0000] {logging_mixin.py:188} INFO - [2026-05-23T11:28:30.066+0000] {dag.py:3096} INFO - Sync 1 DAGs
[2026-05-23T11:28:30.081+0000] {logging_mixin.py:188} INFO - [2026-05-23T11:28:30.081+0000] {dag.py:3954} INFO - Setting next_dagrun for example_skip_dag to 2026-05-22 00:00:00+00:00, run_after=2026-05-23 00:00:00+00:00
[2026-05-23T11:28:30.096+0000] {processor.py:183} INFO - Processing /home/vscode/.local/lib/python3.11/site-packages/airflow/example_dags/example_skip_dag.py took 0.054 seconds
[2026-05-23T11:29:21.955+0000] {processor.py:161} INFO - Started process (PID=4871) to work on /home/vscode/.local/lib/python3.11/site-packages/airflow/example_dags/example_skip_dag.py
[2026-05-23T11:29:21.956+0000] {processor.py:830} INFO - Processing file /home/vscode/.local/lib/python3.11/site-packages/airflow/example_dags/example_skip_dag.py for tasks to queue
[2026-05-23T11:29:21.956+0000] {logging_mixin.py:188} INFO - [2026-05-23T11:29:21.956+0000] {dagbag.py:545} INFO - Filling up the DagBag from /home/vscode/.local/lib/python3.11/site-packages/airflow/example_dags/example_skip_dag.py
[2026-05-23T11:29:21.961+0000] {processor.py:840} INFO - DAG(s) 'example_skip_dag' retrieved from /home/vscode/.local/lib/python3.11/site-packages/airflow/example_dags/example_skip_dag.py
[2026-05-23T11:29:21.972+0000] {logging_mixin.py:188} INFO - [2026-05-23T11:29:21.972+0000] {dag.py:3096} INFO - Sync 1 DAGs
[2026-05-23T11:29:21.985+0000] {logging_mixin.py:188} INFO - [2026-05-23T11:29:21.985+0000] {dag.py:3954} INFO - Setting next_dagrun for example_skip_dag to 2026-05-22 00:00:00+00:00, run_after=2026-05-23 00:00:00+00:00
[2026-05-23T11:29:21.999+0000] {processor.py:183} INFO - Processing /home/vscode/.local/lib/python3.11/site-packages/airflow/example_dags/example_skip_dag.py took 0.051 seconds
[2026-05-23T11:30:07.286+0000] {processor.py:161} INFO - Started process (PID=5281) to work on /home/vscode/.local/lib/python3.11/site-packages/airflow/example_dags/example_skip_dag.py
[2026-05-23T11:30:07.286+0000] {processor.py:830} INFO - Processing file /home/vscode/.local/lib/python3.11/site-packages/airflow/example_dags/example_skip_dag.py for tasks to queue
[2026-05-23T11:30:07.287+0000] {logging_mixin.py:188} INFO - [2026-05-23T11:30:07.287+0000] {dagbag.py:545} INFO - Filling up the DagBag from /home/vscode/.local/lib/python3.11/site-packages/airflow/example_dags/example_skip_dag.py
[2026-05-23T11:30:07.292+0000] {processor.py:840} INFO - DAG(s) 'example_skip_dag' retrieved from /home/vscode/.local/lib/python3.11/site-packages/airflow/example_dags/example_skip_dag.py
[2026-05-23T11:30:07.305+0000] {logging_mixin.py:188} INFO - [2026-05-23T11:30:07.305+0000] {dag.py:3096} INFO - Sync 1 DAGs
[2026-05-23T11:30:07.319+0000] {logging_mixin.py:188} INFO - [2026-05-23T11:30:07.318+0000] {dag.py:3954} INFO - Setting next_dagrun for example_skip_dag to 2026-05-22 00:00:00+00:00, run_after=2026-05-23 00:00:00+00:00
[2026-05-23T11:30:07.333+0000] {processor.py:183} INFO - Processing /home/vscode/.local/lib/python3.11/site-packages/airflow/example_dags/example_skip_dag.py took 0.054 seconds
[2026-05-23T11:30:48.847+0000] {processor.py:161} INFO - Started process (PID=5728) to work on /home/vscode/.local/lib/python3.11/site-packages/airflow/example_dags/example_skip_dag.py
[2026-05-23T11:30:48.848+0000] {processor.py:830} INFO - Processing file /home/vscode/.local/lib/python3.11/site-packages/airflow/example_dags/example_skip_dag.py for tasks to queue
[2026-05-23T11:30:48.849+0000] {logging_mixin.py:188} INFO - [2026-05-23T11:30:48.848+0000] {dagbag.py:545} INFO - Filling up the DagBag from /home/vscode/.local/lib/python3.11/site-packages/airflow/example_dags/example_skip_dag.py
[2026-05-23T11:30:48.854+0000] {processor.py:840} INFO - DAG(s) 'example_skip_dag' retrieved from /home/vscode/.local/lib/python3.11/site-packages/airflow/example_dags/example_skip_dag.py
[2026-05-23T11:30:48.866+0000] {logging_mixin.py:188} INFO - [2026-05-23T11:30:48.866+0000] {dag.py:3096} INFO - Sync 1 DAGs
[2026-05-23T11:30:48.880+0000] {logging_mixin.py:188} INFO - [2026-05-23T11:30:48.880+0000] {dag.py:3954} INFO - Setting next_dagrun for example_skip_dag to 2026-05-22 00:00:00+00:00, run_after=2026-05-23 00:00:00+00:00
[2026-05-23T11:30:48.895+0000] {processor.py:183} INFO - Processing /home/vscode/.local/lib/python3.11/site-packages/airflow/example_dags/example_skip_dag.py took 0.054 seconds
[2026-05-23T11:31:33.674+0000] {processor.py:161} INFO - Started process (PID=6167) to work on /home/vscode/.local/lib/python3.11/site-packages/airflow/example_dags/example_skip_dag.py
[2026-05-23T11:31:33.675+0000] {processor.py:830} INFO - Processing file /home/vscode/.local/lib/python3.11/site-packages/airflow/example_dags/example_skip_dag.py for tasks to queue
[2026-05-23T11:31:33.676+0000] {logging_mixin.py:188} INFO - [2026-05-23T11:31:33.675+0000] {dagbag.py:545} INFO - Filling up the DagBag from /home/vscode/.local/lib/python3.11/site-packages/airflow/example_dags/example_skip_dag.py
[2026-05-23T11:31:33.682+0000] {processor.py:840} INFO - DAG(s) 'example_skip_dag' retrieved from /home/vscode/.local/lib/python3.11/site-packages/airflow/example_dags/example_skip_dag.py
[2026-05-23T11:31:33.701+0000] {logging_mixin.py:188} INFO - [2026-05-23T11:31:33.700+0000] {dag.py:3096} INFO - Sync 1 DAGs
[2026-05-23T11:31:33.719+0000] {logging_mixin.py:188} INFO - [2026-05-23T11:31:33.718+0000] {dag.py:3954} INFO - Setting next_dagrun for example_skip_dag to 2026-05-22 00:00:00+00:00, run_after=2026-05-23 00:00:00+00:00
[2026-05-23T11:31:33.736+0000] {processor.py:183} INFO - Processing /home/vscode/.local/lib/python3.11/site-packages/airflow/example_dags/example_skip_dag.py took 0.070 seconds
[2026-05-23T11:32:16.041+0000] {processor.py:161} INFO - Started process (PID=6529) to work on /home/vscode/.local/lib/python3.11/site-packages/airflow/example_dags/example_skip_dag.py
[2026-05-23T11:32:16.041+0000] {processor.py:830} INFO - Processing file /home/vscode/.local/lib/python3.11/site-packages/airflow/example_dags/example_skip_dag.py for tasks to queue
[2026-05-23T11:32:16.042+0000] {logging_mixin.py:188} INFO - [2026-05-23T11:32:16.042+0000] {dagbag.py:545} INFO - Filling up the DagBag from /home/vscode/.local/lib/python3.11/site-packages/airflow/example_dags/example_skip_dag.py
[2026-05-23T11:32:16.046+0000] {processor.py:840} INFO - DAG(s) 'example_skip_dag' retrieved from /home/vscode/.local/lib/python3.11/site-packages/airflow/example_dags/example_skip_dag.py
[2026-05-23T11:32:16.059+0000] {logging_mixin.py:188} INFO - [2026-05-23T11:32:16.058+0000] {dag.py:3096} INFO - Sync 1 DAGs
[2026-05-23T11:32:16.076+0000] {logging_mixin.py:188} INFO - [2026-05-23T11:32:16.075+0000] {dag.py:3954} INFO - Setting next_dagrun for example_skip_dag to 2026-05-22 00:00:00+00:00, run_after=2026-05-23 00:00:00+00:00
[2026-05-23T11:32:16.091+0000] {processor.py:183} INFO - Processing /home/vscode/.local/lib/python3.11/site-packages/airflow/example_dags/example_skip_dag.py took 0.058 seconds
[2026-05-23T11:32:56.602+0000] {processor.py:161} INFO - Started process (PID=7433) to work on /home/vscode/.local/lib/python3.11/site-packages/airflow/example_dags/example_skip_dag.py
[2026-05-23T11:32:56.603+0000] {processor.py:830} INFO - Processing file /home/vscode/.local/lib/python3.11/site-packages/airflow/example_dags/example_skip_dag.py for tasks to queue
[2026-05-23T11:32:56.603+0000] {logging_mixin.py:188} INFO - [2026-05-23T11:32:56.603+0000] {dagbag.py:545} INFO - Filling up the DagBag from /home/vscode/.local/lib/python3.11/site-packages/airflow/example_dags/example_skip_dag.py
[2026-05-23T11:32:56.608+0000] {processor.py:840} INFO - DAG(s) 'example_skip_dag' retrieved from /home/vscode/.local/lib/python3.11/site-packages/airflow/example_dags/example_skip_dag.py
[2026-05-23T11:32:56.620+0000] {logging_mixin.py:188} INFO - [2026-05-23T11:32:56.619+0000] {dag.py:3096} INFO - Sync 1 DAGs
[2026-05-23T11:32:56.634+0000] {logging_mixin.py:188} INFO - [2026-05-23T11:32:56.634+0000] {dag.py:3954} INFO - Setting next_dagrun for example_skip_dag to 2026-05-22 00:00:00+00:00, run_after=2026-05-23 00:00:00+00:00
[2026-05-23T11:32:56.649+0000] {processor.py:183} INFO - Processing /home/vscode/.local/lib/python3.11/site-packages/airflow/example_dags/example_skip_dag.py took 0.054 seconds
[2026-05-23T11:33:44.015+0000] {processor.py:161} INFO - Started process (PID=8438) to work on /home/vscode/.local/lib/python3.11/site-packages/airflow/example_dags/example_skip_dag.py
[2026-05-23T11:33:44.015+0000] {processor.py:830} INFO - Processing file /home/vscode/.local/lib/python3.11/site-packages/airflow/example_dags/example_skip_dag.py for tasks to queue
[2026-05-23T11:33:44.016+0000] {logging_mixin.py:188} INFO - [2026-05-23T11:33:44.016+0000] {dagbag.py:545} INFO - Filling up the DagBag from /home/vscode/.local/lib/python3.11/site-packages/airflow/example_dags/example_skip_dag.py
[2026-05-23T11:33:44.021+0000] {processor.py:840} INFO - DAG(s) 'example_skip_dag' retrieved from /home/vscode/.local/lib/python3.11/site-packages/airflow/example_dags/example_skip_dag.py
[2026-05-23T11:33:44.035+0000] {logging_mixin.py:188} INFO - [2026-05-23T11:33:44.034+0000] {dag.py:3096} INFO - Sync 1 DAGs
[2026-05-23T11:33:44.048+0000] {logging_mixin.py:188} INFO - [2026-05-23T11:33:44.048+0000] {dag.py:3954} INFO - Setting next_dagrun for example_skip_dag to 2026-05-22 00:00:00+00:00, run_after=2026-05-23 00:00:00+00:00
[2026-05-23T11:33:44.063+0000] {processor.py:183} INFO - Processing /home/vscode/.local/lib/python3.11/site-packages/airflow/example_dags/example_skip_dag.py took 0.055 seconds
[2026-05-23T11:34:30.841+0000] {processor.py:161} INFO - Started process (PID=8768) to work on /home/vscode/.local/lib/python3.11/site-packages/airflow/example_dags/example_skip_dag.py
[2026-05-23T11:34:30.842+0000] {processor.py:830} INFO - Processing file /home/vscode/.local/lib/python3.11/site-packages/airflow/example_dags/example_skip_dag.py for tasks to queue
[2026-05-23T11:34:30.842+0000] {logging_mixin.py:188} INFO - [2026-05-23T11:34:30.842+0000] {dagbag.py:545} INFO - Filling up the DagBag from /home/vscode/.local/lib/python3.11/site-packages/airflow/example_dags/example_skip_dag.py
[2026-05-23T11:34:30.847+0000] {processor.py:840} INFO - DAG(s) 'example_skip_dag' retrieved from /home/vscode/.local/lib/python3.11/site-packages/airflow/example_dags/example_skip_dag.py
[2026-05-23T11:34:30.859+0000] {logging_mixin.py:188} INFO - [2026-05-23T11:34:30.859+0000] {dag.py:3096} INFO - Sync 1 DAGs
[2026-05-23T11:34:30.878+0000] {logging_mixin.py:188} INFO - [2026-05-23T11:34:30.878+0000] {dag.py:3954} INFO - Setting next_dagrun for example_skip_dag to 2026-05-22 00:00:00+00:00, run_after=2026-05-23 00:00:00+00:00
[2026-05-23T11:34:30.894+0000] {processor.py:183} INFO - Processing /home/vscode/.local/lib/python3.11/site-packages/airflow/example_dags/example_skip_dag.py took 0.060 seconds
[2026-05-23T11:35:15.336+0000] {processor.py:161} INFO - Started process (PID=9058) to work on /home/vscode/.local/lib/python3.11/site-packages/airflow/example_dags/example_skip_dag.py
[2026-05-23T11:35:15.337+0000] {processor.py:830} INFO - Processing file /home/vscode/.local/lib/python3.11/site-packages/airflow/example_dags/example_skip_dag.py for tasks to queue
[2026-05-23T11:35:15.337+0000] {logging_mixin.py:188} INFO - [2026-05-23T11:35:15.337+0000] {dagbag.py:545} INFO - Filling up the DagBag from /home/vscode/.local/lib/python3.11/site-packages/airflow/example_dags/example_skip_dag.py
[2026-05-23T11:35:15.342+0000] {processor.py:840} INFO - DAG(s) 'example_skip_dag' retrieved from /home/vscode/.local/lib/python3.11/site-packages/airflow/example_dags/example_skip_dag.py
[2026-05-23T11:35:15.354+0000] {logging_mixin.py:188} INFO - [2026-05-23T11:35:15.354+0000] {dag.py:3096} INFO - Sync 1 DAGs
[2026-05-23T11:35:15.368+0000] {logging_mixin.py:188} INFO - [2026-05-23T11:35:15.368+0000] {dag.py:3954} INFO - Setting next_dagrun for example_skip_dag to 2026-05-22 00:00:00+00:00, run_after=2026-05-23 00:00:00+00:00
[2026-05-23T11:35:15.384+0000] {processor.py:183} INFO - Processing /home/vscode/.local/lib/python3.11/site-packages/airflow/example_dags/example_skip_dag.py took 0.054 seconds
[2026-05-23T11:35:58.109+0000] {processor.py:161} INFO - Started process (PID=9421) to work on /home/vscode/.local/lib/python3.11/site-packages/airflow/example_dags/example_skip_dag.py
[2026-05-23T11:35:58.109+0000] {processor.py:830} INFO - Processing file /home/vscode/.local/lib/python3.11/site-packages/airflow/example_dags/example_skip_dag.py for tasks to queue
[2026-05-23T11:35:58.110+0000] {logging_mixin.py:188} INFO - [2026-05-23T11:35:58.110+0000] {dagbag.py:545} INFO - Filling up the DagBag from /home/vscode/.local/lib/python3.11/site-packages/airflow/example_dags/example_skip_dag.py
[2026-05-23T11:35:58.115+0000] {processor.py:840} INFO - DAG(s) 'example_skip_dag' retrieved from /home/vscode/.local/lib/python3.11/site-packages/airflow/example_dags/example_skip_dag.py
[2026-05-23T11:35:58.127+0000] {logging_mixin.py:188} INFO - [2026-05-23T11:35:58.127+0000] {dag.py:3096} INFO - Sync 1 DAGs
[2026-05-23T11:35:58.140+0000] {logging_mixin.py:188} INFO - [2026-05-23T11:35:58.140+0000] {dag.py:3954} INFO - Setting next_dagrun for example_skip_dag to 2026-05-22 00:00:00+00:00, run_after=2026-05-23 00:00:00+00:00
[2026-05-23T11:35:58.155+0000] {processor.py:183} INFO - Processing /home/vscode/.local/lib/python3.11/site-packages/airflow/example_dags/example_skip_dag.py took 0.053 seconds
[2026-05-23T11:36:40.801+0000] {processor.py:161} INFO - Started process (PID=9849) to work on /home/vscode/.local/lib/python3.11/site-packages/airflow/example_dags/example_skip_dag.py
[2026-05-23T11:36:40.801+0000] {processor.py:830} INFO - Processing file /home/vscode/.local/lib/python3.11/site-packages/airflow/example_dags/example_skip_dag.py for tasks to queue
[2026-05-23T11:36:40.802+0000] {logging_mixin.py:188} INFO - [2026-05-23T11:36:40.802+0000] {dagbag.py:545} INFO - Filling up the DagBag from /home/vscode/.local/lib/python3.11/site-packages/airflow/example_dags/example_skip_dag.py
[2026-05-23T11:36:40.807+0000] {processor.py:840} INFO - DAG(s) 'example_skip_dag' retrieved from /home/vscode/.local/lib/python3.11/site-packages/airflow/example_dags/example_skip_dag.py
[2026-05-23T11:36:40.820+0000] {logging_mixin.py:188} INFO - [2026-05-23T11:36:40.820+0000] {dag.py:3096} INFO - Sync 1 DAGs
[2026-05-23T11:36:40.834+0000] {logging_mixin.py:188} INFO - [2026-05-23T11:36:40.833+0000] {dag.py:3954} INFO - Setting next_dagrun for example_skip_dag to 2026-05-22 00:00:00+00:00, run_after=2026-05-23 00:00:00+00:00
[2026-05-23T11:36:40.849+0000] {processor.py:183} INFO - Processing /home/vscode/.local/lib/python3.11/site-packages/airflow/example_dags/example_skip_dag.py took 0.054 seconds
[2026-05-23T11:37:26.945+0000] {processor.py:161} INFO - Started process (PID=10255) to work on /home/vscode/.local/lib/python3.11/site-packages/airflow/example_dags/example_skip_dag.py
[2026-05-23T11:37:26.946+0000] {processor.py:830} INFO - Processing file /home/vscode/.local/lib/python3.11/site-packages/airflow/example_dags/example_skip_dag.py for tasks to queue
[2026-05-23T11:37:26.947+0000] {logging_mixin.py:188} INFO - [2026-05-23T11:37:26.946+0000] {dagbag.py:545} INFO - Filling up the DagBag from /home/vscode/.local/lib/python3.11/site-packages/airflow/example_dags/example_skip_dag.py
[2026-05-23T11:37:26.951+0000] {processor.py:840} INFO - DAG(s) 'example_skip_dag' retrieved from /home/vscode/.local/lib/python3.11/site-packages/airflow/example_dags/example_skip_dag.py
[2026-05-23T11:37:26.963+0000] {logging_mixin.py:188} INFO - [2026-05-23T11:37:26.963+0000] {dag.py:3096} INFO - Sync 1 DAGs
[2026-05-23T11:37:26.976+0000] {logging_mixin.py:188} INFO - [2026-05-23T11:37:26.976+0000] {dag.py:3954} INFO - Setting next_dagrun for example_skip_dag to 2026-05-22 00:00:00+00:00, run_after=2026-05-23 00:00:00+00:00
[2026-05-23T11:37:26.991+0000] {processor.py:183} INFO - Processing /home/vscode/.local/lib/python3.11/site-packages/airflow/example_dags/example_skip_dag.py took 0.052 seconds
[2026-05-23T11:38:11.860+0000] {processor.py:161} INFO - Started process (PID=10593) to work on /home/vscode/.local/lib/python3.11/site-packages/airflow/example_dags/example_skip_dag.py
[2026-05-23T11:38:11.861+0000] {processor.py:830} INFO - Processing file /home/vscode/.local/lib/python3.11/site-packages/airflow/example_dags/example_skip_dag.py for tasks to queue
[2026-05-23T11:38:11.862+0000] {logging_mixin.py:188} INFO - [2026-05-23T11:38:11.862+0000] {dagbag.py:545} INFO - Filling up the DagBag from /home/vscode/.local/lib/python3.11/site-packages/airflow/example_dags/example_skip_dag.py
[2026-05-23T11:38:11.867+0000] {processor.py:840} INFO - DAG(s) 'example_skip_dag' retrieved from /home/vscode/.local/lib/python3.11/site-packages/airflow/example_dags/example_skip_dag.py
[2026-05-23T11:38:11.879+0000] {logging_mixin.py:188} INFO - [2026-05-23T11:38:11.879+0000] {dag.py:3096} INFO - Sync 1 DAGs
[2026-05-23T11:38:11.893+0000] {logging_mixin.py:188} INFO - [2026-05-23T11:38:11.892+0000] {dag.py:3954} INFO - Setting next_dagrun for example_skip_dag to 2026-05-22 00:00:00+00:00, run_after=2026-05-23 00:00:00+00:00
[2026-05-23T11:38:11.908+0000] {processor.py:183} INFO - Processing /home/vscode/.local/lib/python3.11/site-packages/airflow/example_dags/example_skip_dag.py took 0.055 seconds
[2026-05-23T11:39:11.508+0000] {processor.py:161} INFO - Started process (PID=11088) to work on /home/vscode/.local/lib/python3.11/site-packages/airflow/example_dags/example_skip_dag.py
[2026-05-23T11:39:11.509+0000] {processor.py:830} INFO - Processing file /home/vscode/.local/lib/python3.11/site-packages/airflow/example_dags/example_skip_dag.py for tasks to queue
[2026-05-23T11:39:11.509+0000] {logging_mixin.py:188} INFO - [2026-05-23T11:39:11.509+0000] {dagbag.py:545} INFO - Filling up the DagBag from /home/vscode/.local/lib/python3.11/site-packages/airflow/example_dags/example_skip_dag.py
[2026-05-23T11:39:11.514+0000] {processor.py:840} INFO - DAG(s) 'example_skip_dag' retrieved from /home/vscode/.local/lib/python3.11/site-packages/airflow/example_dags/example_skip_dag.py
[2026-05-23T11:39:11.526+0000] {logging_mixin.py:188} INFO - [2026-05-23T11:39:11.526+0000] {dag.py:3096} INFO - Sync 1 DAGs
[2026-05-23T11:39:11.541+0000] {logging_mixin.py:188} INFO - [2026-05-23T11:39:11.541+0000] {dag.py:3954} INFO - Setting next_dagrun for example_skip_dag to 2026-05-22 00:00:00+00:00, run_after=2026-05-23 00:00:00+00:00
[2026-05-23T11:39:11.556+0000] {processor.py:183} INFO - Processing /home/vscode/.local/lib/python3.11/site-packages/airflow/example_dags/example_skip_dag.py took 0.055 seconds
[2026-05-23T11:39:55.432+0000] {processor.py:161} INFO - Started process (PID=11479) to work on /home/vscode/.local/lib/python3.11/site-packages/airflow/example_dags/example_skip_dag.py
[2026-05-23T11:39:55.433+0000] {processor.py:830} INFO - Processing file /home/vscode/.local/lib/python3.11/site-packages/airflow/example_dags/example_skip_dag.py for tasks to queue
[2026-05-23T11:39:55.434+0000] {logging_mixin.py:188} INFO - [2026-05-23T11:39:55.433+0000] {dagbag.py:545} INFO - Filling up the DagBag from /home/vscode/.local/lib/python3.11/site-packages/airflow/example_dags/example_skip_dag.py
[2026-05-23T11:39:55.439+0000] {processor.py:840} INFO - DAG(s) 'example_skip_dag' retrieved from /home/vscode/.local/lib/python3.11/site-packages/airflow/example_dags/example_skip_dag.py
[2026-05-23T11:39:55.450+0000] {logging_mixin.py:188} INFO - [2026-05-23T11:39:55.450+0000] {dag.py:3096} INFO - Sync 1 DAGs
[2026-05-23T11:39:55.463+0000] {logging_mixin.py:188} INFO - [2026-05-23T11:39:55.463+0000] {dag.py:3954} INFO - Setting next_dagrun for example_skip_dag to 2026-05-22 00:00:00+00:00, run_after=2026-05-23 00:00:00+00:00
[2026-05-23T11:39:55.478+0000] {processor.py:183} INFO - Processing /home/vscode/.local/lib/python3.11/site-packages/airflow/example_dags/example_skip_dag.py took 0.052 seconds
[2026-05-23T11:40:36.700+0000] {processor.py:161} INFO - Started process (PID=11867) to work on /home/vscode/.local/lib/python3.11/site-packages/airflow/example_dags/example_skip_dag.py
[2026-05-23T11:40:36.701+0000] {processor.py:830} INFO - Processing file /home/vscode/.local/lib/python3.11/site-packages/airflow/example_dags/example_skip_dag.py for tasks to queue
[2026-05-23T11:40:36.701+0000] {logging_mixin.py:188} INFO - [2026-05-23T11:40:36.701+0000] {dagbag.py:545} INFO - Filling up the DagBag from /home/vscode/.local/lib/python3.11/site-packages/airflow/example_dags/example_skip_dag.py
[2026-05-23T11:40:36.706+0000] {processor.py:840} INFO - DAG(s) 'example_skip_dag' retrieved from /home/vscode/.local/lib/python3.11/site-packages/airflow/example_dags/example_skip_dag.py
[2026-05-23T11:40:36.718+0000] {logging_mixin.py:188} INFO - [2026-05-23T11:40:36.718+0000] {dag.py:3096} INFO - Sync 1 DAGs
[2026-05-23T11:40:36.734+0000] {logging_mixin.py:188} INFO - [2026-05-23T11:40:36.734+0000] {dag.py:3954} INFO - Setting next_dagrun for example_skip_dag to 2026-05-22 00:00:00+00:00, run_after=2026-05-23 00:00:00+00:00
[2026-05-23T11:40:36.750+0000] {processor.py:183} INFO - Processing /home/vscode/.local/lib/python3.11/site-packages/airflow/example_dags/example_skip_dag.py took 0.056 seconds
[2026-05-23T11:41:18.336+0000] {processor.py:161} INFO - Started process (PID=12192) to work on /home/vscode/.local/lib/python3.11/site-packages/airflow/example_dags/example_skip_dag.py
[2026-05-23T11:41:18.337+0000] {processor.py:830} INFO - Processing file /home/vscode/.local/lib/python3.11/site-packages/airflow/example_dags/example_skip_dag.py for tasks to queue
[2026-05-23T11:41:18.338+0000] {logging_mixin.py:188} INFO - [2026-05-23T11:41:18.337+0000] {dagbag.py:545} INFO - Filling up the DagBag from /home/vscode/.local/lib/python3.11/site-packages/airflow/example_dags/example_skip_dag.py
[2026-05-23T11:41:18.344+0000] {processor.py:840} INFO - DAG(s) 'example_skip_dag' retrieved from /home/vscode/.local/lib/python3.11/site-packages/airflow/example_dags/example_skip_dag.py
[2026-05-23T11:41:18.365+0000] {logging_mixin.py:188} INFO - [2026-05-23T11:41:18.365+0000] {dag.py:3096} INFO - Sync 1 DAGs
[2026-05-23T11:41:18.414+0000] {logging_mixin.py:188} INFO - [2026-05-23T11:41:18.413+0000] {dag.py:3954} INFO - Setting next_dagrun for example_skip_dag to 2026-05-22 00:00:00+00:00, run_after=2026-05-23 00:00:00+00:00
[2026-05-23T11:41:18.451+0000] {processor.py:183} INFO - Processing /home/vscode/.local/lib/python3.11/site-packages/airflow/example_dags/example_skip_dag.py took 0.124 seconds
[2026-05-23T11:42:00.775+0000] {processor.py:161} INFO - Started process (PID=12640) to work on /home/vscode/.local/lib/python3.11/site-packages/airflow/example_dags/example_skip_dag.py
[2026-05-23T11:42:00.775+0000] {processor.py:830} INFO - Processing file /home/vscode/.local/lib/python3.11/site-packages/airflow/example_dags/example_skip_dag.py for tasks to queue
[2026-05-23T11:42:00.776+0000] {logging_mixin.py:188} INFO - [2026-05-23T11:42:00.776+0000] {dagbag.py:545} INFO - Filling up the DagBag from /home/vscode/.local/lib/python3.11/site-packages/airflow/example_dags/example_skip_dag.py
[2026-05-23T11:42:00.781+0000] {processor.py:840} INFO - DAG(s) 'example_skip_dag' retrieved from /home/vscode/.local/lib/python3.11/site-packages/airflow/example_dags/example_skip_dag.py
[2026-05-23T11:42:00.792+0000] {logging_mixin.py:188} INFO - [2026-05-23T11:42:00.792+0000] {dag.py:3096} INFO - Sync 1 DAGs
[2026-05-23T11:42:00.806+0000] {logging_mixin.py:188} INFO - [2026-05-23T11:42:00.805+0000] {dag.py:3954} INFO - Setting next_dagrun for example_skip_dag to 2026-05-22 00:00:00+00:00, run_after=2026-05-23 00:00:00+00:00
[2026-05-23T11:42:00.822+0000] {processor.py:183} INFO - Processing /home/vscode/.local/lib/python3.11/site-packages/airflow/example_dags/example_skip_dag.py took 0.053 seconds
[2026-05-23T11:42:44.642+0000] {processor.py:161} INFO - Started process (PID=13037) to work on /home/vscode/.local/lib/python3.11/site-packages/airflow/example_dags/example_skip_dag.py
[2026-05-23T11:42:44.643+0000] {processor.py:830} INFO - Processing file /home/vscode/.local/lib/python3.11/site-packages/airflow/example_dags/example_skip_dag.py for tasks to queue
[2026-05-23T11:42:44.644+0000] {logging_mixin.py:188} INFO - [2026-05-23T11:42:44.643+0000] {dagbag.py:545} INFO - Filling up the DagBag from /home/vscode/.local/lib/python3.11/site-packages/airflow/example_dags/example_skip_dag.py
[2026-05-23T11:42:44.649+0000] {processor.py:840} INFO - DAG(s) 'example_skip_dag' retrieved from /home/vscode/.local/lib/python3.11/site-packages/airflow/example_dags/example_skip_dag.py
[2026-05-23T11:42:44.660+0000] {logging_mixin.py:188} INFO - [2026-05-23T11:42:44.660+0000] {dag.py:3096} INFO - Sync 1 DAGs
[2026-05-23T11:42:44.674+0000] {logging_mixin.py:188} INFO - [2026-05-23T11:42:44.674+0000] {dag.py:3954} INFO - Setting next_dagrun for example_skip_dag to 2026-05-22 00:00:00+00:00, run_after=2026-05-23 00:00:00+00:00
[2026-05-23T11:42:44.691+0000] {processor.py:183} INFO - Processing /home/vscode/.local/lib/python3.11/site-packages/airflow/example_dags/example_skip_dag.py took 0.054 seconds
[2026-05-23T11:43:29.572+0000] {processor.py:161} INFO - Started process (PID=13448) to work on /home/vscode/.local/lib/python3.11/site-packages/airflow/example_dags/example_skip_dag.py
[2026-05-23T11:43:29.573+0000] {processor.py:830} INFO - Processing file /home/vscode/.local/lib/python3.11/site-packages/airflow/example_dags/example_skip_dag.py for tasks to queue
[2026-05-23T11:43:29.574+0000] {logging_mixin.py:188} INFO - [2026-05-23T11:43:29.573+0000] {dagbag.py:545} INFO - Filling up the DagBag from /home/vscode/.local/lib/python3.11/site-packages/airflow/example_dags/example_skip_dag.py
[2026-05-23T11:43:29.581+0000] {processor.py:840} INFO - DAG(s) 'example_skip_dag' retrieved from /home/vscode/.local/lib/python3.11/site-packages/airflow/example_dags/example_skip_dag.py
[2026-05-23T11:43:29.599+0000] {logging_mixin.py:188} INFO - [2026-05-23T11:43:29.599+0000] {dag.py:3096} INFO - Sync 1 DAGs
[2026-05-23T11:43:29.633+0000] {logging_mixin.py:188} INFO - [2026-05-23T11:43:29.633+0000] {dag.py:3954} INFO - Setting next_dagrun for example_skip_dag to 2026-05-22 00:00:00+00:00, run_after=2026-05-23 00:00:00+00:00
[2026-05-23T11:43:29.659+0000] {processor.py:183} INFO - Processing /home/vscode/.local/lib/python3.11/site-packages/airflow/example_dags/example_skip_dag.py took 0.103 seconds
[2026-05-23T11:44:13.498+0000] {processor.py:161} INFO - Started process (PID=13792) to work on /home/vscode/.local/lib/python3.11/site-packages/airflow/example_dags/example_skip_dag.py
[2026-05-23T11:44:13.498+0000] {processor.py:830} INFO - Processing file /home/vscode/.local/lib/python3.11/site-packages/airflow/example_dags/example_skip_dag.py for tasks to queue
[2026-05-23T11:44:13.499+0000] {logging_mixin.py:188} INFO - [2026-05-23T11:44:13.499+0000] {dagbag.py:545} INFO - Filling up the DagBag from /home/vscode/.local/lib/python3.11/site-packages/airflow/example_dags/example_skip_dag.py
[2026-05-23T11:44:13.504+0000] {processor.py:840} INFO - DAG(s) 'example_skip_dag' retrieved from /home/vscode/.local/lib/python3.11/site-packages/airflow/example_dags/example_skip_dag.py
[2026-05-23T11:44:13.516+0000] {logging_mixin.py:188} INFO - [2026-05-23T11:44:13.516+0000] {dag.py:3096} INFO - Sync 1 DAGs
[2026-05-23T11:44:13.529+0000] {logging_mixin.py:188} INFO - [2026-05-23T11:44:13.529+0000] {dag.py:3954} INFO - Setting next_dagrun for example_skip_dag to 2026-05-22 00:00:00+00:00, run_after=2026-05-23 00:00:00+00:00
[2026-05-23T11:44:13.544+0000] {processor.py:183} INFO - Processing /home/vscode/.local/lib/python3.11/site-packages/airflow/example_dags/example_skip_dag.py took 0.052 seconds
[2026-05-23T11:44:56.574+0000] {processor.py:161} INFO - Started process (PID=14179) to work on /home/vscode/.local/lib/python3.11/site-packages/airflow/example_dags/example_skip_dag.py
[2026-05-23T11:44:56.575+0000] {processor.py:830} INFO - Processing file /home/vscode/.local/lib/python3.11/site-packages/airflow/example_dags/example_skip_dag.py for tasks to queue
[2026-05-23T11:44:56.575+0000] {logging_mixin.py:188} INFO - [2026-05-23T11:44:56.575+0000] {dagbag.py:545} INFO - Filling up the DagBag from /home/vscode/.local/lib/python3.11/site-packages/airflow/example_dags/example_skip_dag.py
[2026-05-23T11:44:56.580+0000] {processor.py:840} INFO - DAG(s) 'example_skip_dag' retrieved from /home/vscode/.local/lib/python3.11/site-packages/airflow/example_dags/example_skip_dag.py
[2026-05-23T11:44:56.593+0000] {logging_mixin.py:188} INFO - [2026-05-23T11:44:56.592+0000] {dag.py:3096} INFO - Sync 1 DAGs
[2026-05-23T11:44:56.606+0000] {logging_mixin.py:188} INFO - [2026-05-23T11:44:56.606+0000] {dag.py:3954} INFO - Setting next_dagrun for example_skip_dag to 2026-05-22 00:00:00+00:00, run_after=2026-05-23 00:00:00+00:00
[2026-05-23T11:44:56.622+0000] {processor.py:183} INFO - Processing /home/vscode/.local/lib/python3.11/site-packages/airflow/example_dags/example_skip_dag.py took 0.054 seconds
[2026-05-23T11:45:40.694+0000] {processor.py:161} INFO - Started process (PID=14781) to work on /home/vscode/.local/lib/python3.11/site-packages/airflow/example_dags/example_skip_dag.py
[2026-05-23T11:45:40.695+0000] {processor.py:830} INFO - Processing file /home/vscode/.local/lib/python3.11/site-packages/airflow/example_dags/example_skip_dag.py for tasks to queue
[2026-05-23T11:45:40.696+0000] {logging_mixin.py:188} INFO - [2026-05-23T11:45:40.696+0000] {dagbag.py:545} INFO - Filling up the DagBag from /home/vscode/.local/lib/python3.11/site-packages/airflow/example_dags/example_skip_dag.py
[2026-05-23T11:45:40.701+0000] {processor.py:840} INFO - DAG(s) 'example_skip_dag' retrieved from /home/vscode/.local/lib/python3.11/site-packages/airflow/example_dags/example_skip_dag.py
[2026-05-23T11:45:40.713+0000] {logging_mixin.py:188} INFO - [2026-05-23T11:45:40.713+0000] {dag.py:3096} INFO - Sync 1 DAGs
[2026-05-23T11:45:40.726+0000] {logging_mixin.py:188} INFO - [2026-05-23T11:45:40.726+0000] {dag.py:3954} INFO - Setting next_dagrun for example_skip_dag to 2026-05-22 00:00:00+00:00, run_after=2026-05-23 00:00:00+00:00
[2026-05-23T11:45:40.742+0000] {processor.py:183} INFO - Processing /home/vscode/.local/lib/python3.11/site-packages/airflow/example_dags/example_skip_dag.py took 0.054 seconds
[2026-05-23T11:46:20.465+0000] {processor.py:161} INFO - Started process (PID=15102) to work on /home/vscode/.local/lib/python3.11/site-packages/airflow/example_dags/example_skip_dag.py
[2026-05-23T11:46:20.465+0000] {processor.py:830} INFO - Processing file /home/vscode/.local/lib/python3.11/site-packages/airflow/example_dags/example_skip_dag.py for tasks to queue
[2026-05-23T11:46:20.466+0000] {logging_mixin.py:188} INFO - [2026-05-23T11:46:20.466+0000] {dagbag.py:545} INFO - Filling up the DagBag from /home/vscode/.local/lib/python3.11/site-packages/airflow/example_dags/example_skip_dag.py
[2026-05-23T11:46:20.471+0000] {processor.py:840} INFO - DAG(s) 'example_skip_dag' retrieved from /home/vscode/.local/lib/python3.11/site-packages/airflow/example_dags/example_skip_dag.py
[2026-05-23T11:46:20.483+0000] {logging_mixin.py:188} INFO - [2026-05-23T11:46:20.482+0000] {dag.py:3096} INFO - Sync 1 DAGs
[2026-05-23T11:46:20.500+0000] {logging_mixin.py:188} INFO - [2026-05-23T11:46:20.500+0000] {dag.py:3954} INFO - Setting next_dagrun for example_skip_dag to 2026-05-22 00:00:00+00:00, run_after=2026-05-23 00:00:00+00:00
[2026-05-23T11:46:20.517+0000] {processor.py:183} INFO - Processing /home/vscode/.local/lib/python3.11/site-packages/airflow/example_dags/example_skip_dag.py took 0.058 seconds
[2026-05-23T11:47:01.191+0000] {processor.py:161} INFO - Started process (PID=15549) to work on /home/vscode/.local/lib/python3.11/site-packages/airflow/example_dags/example_skip_dag.py
[2026-05-23T11:47:01.191+0000] {processor.py:830} INFO - Processing file /home/vscode/.local/lib/python3.11/site-packages/airflow/example_dags/example_skip_dag.py for tasks to queue
[2026-05-23T11:47:01.192+0000] {logging_mixin.py:188} INFO - [2026-05-23T11:47:01.192+0000] {dagbag.py:545} INFO - Filling up the DagBag from /home/vscode/.local/lib/python3.11/site-packages/airflow/example_dags/example_skip_dag.py
[2026-05-23T11:47:01.197+0000] {processor.py:840} INFO - DAG(s) 'example_skip_dag' retrieved from /home/vscode/.local/lib/python3.11/site-packages/airflow/example_dags/example_skip_dag.py
[2026-05-23T11:47:01.209+0000] {logging_mixin.py:188} INFO - [2026-05-23T11:47:01.209+0000] {dag.py:3096} INFO - Sync 1 DAGs
[2026-05-23T11:47:01.222+0000] {logging_mixin.py:188} INFO - [2026-05-23T11:47:01.222+0000] {dag.py:3954} INFO - Setting next_dagrun for example_skip_dag to 2026-05-22 00:00:00+00:00, run_after=2026-05-23 00:00:00+00:00
[2026-05-23T11:47:01.238+0000] {processor.py:183} INFO - Processing /home/vscode/.local/lib/python3.11/site-packages/airflow/example_dags/example_skip_dag.py took 0.053 seconds
[2026-05-23T11:47:42.101+0000] {processor.py:161} INFO - Started process (PID=15933) to work on /home/vscode/.local/lib/python3.11/site-packages/airflow/example_dags/example_skip_dag.py
[2026-05-23T11:47:42.101+0000] {processor.py:830} INFO - Processing file /home/vscode/.local/lib/python3.11/site-packages/airflow/example_dags/example_skip_dag.py for tasks to queue
[2026-05-23T11:47:42.102+0000] {logging_mixin.py:188} INFO - [2026-05-23T11:47:42.102+0000] {dagbag.py:545} INFO - Filling up the DagBag from /home/vscode/.local/lib/python3.11/site-packages/airflow/example_dags/example_skip_dag.py
[2026-05-23T11:47:42.107+0000] {processor.py:840} INFO - DAG(s) 'example_skip_dag' retrieved from /home/vscode/.local/lib/python3.11/site-packages/airflow/example_dags/example_skip_dag.py
[2026-05-23T11:47:42.119+0000] {logging_mixin.py:188} INFO - [2026-05-23T11:47:42.119+0000] {dag.py:3096} INFO - Sync 1 DAGs
[2026-05-23T11:47:42.132+0000] {logging_mixin.py:188} INFO - [2026-05-23T11:47:42.132+0000] {dag.py:3954} INFO - Setting next_dagrun for example_skip_dag to 2026-05-22 00:00:00+00:00, run_after=2026-05-23 00:00:00+00:00
[2026-05-23T11:47:42.148+0000] {processor.py:183} INFO - Processing /home/vscode/.local/lib/python3.11/site-packages/airflow/example_dags/example_skip_dag.py took 0.053 seconds
[2026-05-23T11:48:24.809+0000] {processor.py:161} INFO - Started process (PID=16324) to work on /home/vscode/.local/lib/python3.11/site-packages/airflow/example_dags/example_skip_dag.py
[2026-05-23T11:48:24.810+0000] {processor.py:830} INFO - Processing file /home/vscode/.local/lib/python3.11/site-packages/airflow/example_dags/example_skip_dag.py for tasks to queue
[2026-05-23T11:48:24.810+0000] {logging_mixin.py:188} INFO - [2026-05-23T11:48:24.810+0000] {dagbag.py:545} INFO - Filling up the DagBag from /home/vscode/.local/lib/python3.11/site-packages/airflow/example_dags/example_skip_dag.py
[2026-05-23T11:48:24.816+0000] {processor.py:840} INFO - DAG(s) 'example_skip_dag' retrieved from /home/vscode/.local/lib/python3.11/site-packages/airflow/example_dags/example_skip_dag.py
[2026-05-23T11:48:24.828+0000] {logging_mixin.py:188} INFO - [2026-05-23T11:48:24.828+0000] {dag.py:3096} INFO - Sync 1 DAGs
[2026-05-23T11:48:24.843+0000] {logging_mixin.py:188} INFO - [2026-05-23T11:48:24.843+0000] {dag.py:3954} INFO - Setting next_dagrun for example_skip_dag to 2026-05-22 00:00:00+00:00, run_after=2026-05-23 00:00:00+00:00
[2026-05-23T11:48:24.858+0000] {processor.py:183} INFO - Processing /home/vscode/.local/lib/python3.11/site-packages/airflow/example_dags/example_skip_dag.py took 0.056 seconds
[2026-05-23T11:49:05.207+0000] {processor.py:161} INFO - Started process (PID=16707) to work on /home/vscode/.local/lib/python3.11/site-packages/airflow/example_dags/example_skip_dag.py
[2026-05-23T11:49:05.208+0000] {processor.py:830} INFO - Processing file /home/vscode/.local/lib/python3.11/site-packages/airflow/example_dags/example_skip_dag.py for tasks to queue
[2026-05-23T11:49:05.209+0000] {logging_mixin.py:188} INFO - [2026-05-23T11:49:05.208+0000] {dagbag.py:545} INFO - Filling up the DagBag from /home/vscode/.local/lib/python3.11/site-packages/airflow/example_dags/example_skip_dag.py
[2026-05-23T11:49:05.214+0000] {processor.py:840} INFO - DAG(s) 'example_skip_dag' retrieved from /home/vscode/.local/lib/python3.11/site-packages/airflow/example_dags/example_skip_dag.py
[2026-05-23T11:49:05.225+0000] {logging_mixin.py:188} INFO - [2026-05-23T11:49:05.225+0000] {dag.py:3096} INFO - Sync 1 DAGs
[2026-05-23T11:49:05.240+0000] {logging_mixin.py:188} INFO - [2026-05-23T11:49:05.239+0000] {dag.py:3954} INFO - Setting next_dagrun for example_skip_dag to 2026-05-22 00:00:00+00:00, run_after=2026-05-23 00:00:00+00:00
[2026-05-23T11:49:05.255+0000] {processor.py:183} INFO - Processing /home/vscode/.local/lib/python3.11/site-packages/airflow/example_dags/example_skip_dag.py took 0.054 seconds
[2026-05-23T11:49:48.114+0000] {processor.py:161} INFO - Started process (PID=17230) to work on /home/vscode/.local/lib/python3.11/site-packages/airflow/example_dags/example_skip_dag.py
[2026-05-23T11:49:48.114+0000] {processor.py:830} INFO - Processing file /home/vscode/.local/lib/python3.11/site-packages/airflow/example_dags/example_skip_dag.py for tasks to queue
[2026-05-23T11:49:48.115+0000] {logging_mixin.py:188} INFO - [2026-05-23T11:49:48.115+0000] {dagbag.py:545} INFO - Filling up the DagBag from /home/vscode/.local/lib/python3.11/site-packages/airflow/example_dags/example_skip_dag.py
[2026-05-23T11:49:48.120+0000] {processor.py:840} INFO - DAG(s) 'example_skip_dag' retrieved from /home/vscode/.local/lib/python3.11/site-packages/airflow/example_dags/example_skip_dag.py
[2026-05-23T11:49:48.134+0000] {logging_mixin.py:188} INFO - [2026-05-23T11:49:48.134+0000] {dag.py:3096} INFO - Sync 1 DAGs
[2026-05-23T11:49:48.148+0000] {logging_mixin.py:188} INFO - [2026-05-23T11:49:48.148+0000] {dag.py:3954} INFO - Setting next_dagrun for example_skip_dag to 2026-05-22 00:00:00+00:00, run_after=2026-05-23 00:00:00+00:00
[2026-05-23T11:49:48.169+0000] {processor.py:183} INFO - Processing /home/vscode/.local/lib/python3.11/site-packages/airflow/example_dags/example_skip_dag.py took 0.062 seconds
[2026-05-23T11:50:31.125+0000] {processor.py:161} INFO - Started process (PID=17947) to work on /home/vscode/.local/lib/python3.11/site-packages/airflow/example_dags/example_skip_dag.py
[2026-05-23T11:50:31.126+0000] {processor.py:830} INFO - Processing file /home/vscode/.local/lib/python3.11/site-packages/airflow/example_dags/example_skip_dag.py for tasks to queue
[2026-05-23T11:50:31.126+0000] {logging_mixin.py:188} INFO - [2026-05-23T11:50:31.126+0000] {dagbag.py:545} INFO - Filling up the DagBag from /home/vscode/.local/lib/python3.11/site-packages/airflow/example_dags/example_skip_dag.py
[2026-05-23T11:50:31.132+0000] {processor.py:840} INFO - DAG(s) 'example_skip_dag' retrieved from /home/vscode/.local/lib/python3.11/site-packages/airflow/example_dags/example_skip_dag.py
[2026-05-23T11:50:31.144+0000] {logging_mixin.py:188} INFO - [2026-05-23T11:50:31.144+0000] {dag.py:3096} INFO - Sync 1 DAGs
[2026-05-23T11:50:31.157+0000] {logging_mixin.py:188} INFO - [2026-05-23T11:50:31.157+0000] {dag.py:3954} INFO - Setting next_dagrun for example_skip_dag to 2026-05-22 00:00:00+00:00, run_after=2026-05-23 00:00:00+00:00
[2026-05-23T11:50:31.172+0000] {processor.py:183} INFO - Processing /home/vscode/.local/lib/python3.11/site-packages/airflow/example_dags/example_skip_dag.py took 0.053 seconds
[2026-05-23T11:51:13.925+0000] {processor.py:161} INFO - Started process (PID=18468) to work on /home/vscode/.local/lib/python3.11/site-packages/airflow/example_dags/example_skip_dag.py
[2026-05-23T11:51:13.926+0000] {processor.py:830} INFO - Processing file /home/vscode/.local/lib/python3.11/site-packages/airflow/example_dags/example_skip_dag.py for tasks to queue
[2026-05-23T11:51:13.926+0000] {logging_mixin.py:188} INFO - [2026-05-23T11:51:13.926+0000] {dagbag.py:545} INFO - Filling up the DagBag from /home/vscode/.local/lib/python3.11/site-packages/airflow/example_dags/example_skip_dag.py
[2026-05-23T11:51:13.931+0000] {processor.py:840} INFO - DAG(s) 'example_skip_dag' retrieved from /home/vscode/.local/lib/python3.11/site-packages/airflow/example_dags/example_skip_dag.py
[2026-05-23T11:51:13.943+0000] {logging_mixin.py:188} INFO - [2026-05-23T11:51:13.943+0000] {dag.py:3096} INFO - Sync 1 DAGs
[2026-05-23T11:51:13.957+0000] {logging_mixin.py:188} INFO - [2026-05-23T11:51:13.956+0000] {dag.py:3954} INFO - Setting next_dagrun for example_skip_dag to 2026-05-22 00:00:00+00:00, run_after=2026-05-23 00:00:00+00:00
[2026-05-23T11:51:13.972+0000] {processor.py:183} INFO - Processing /home/vscode/.local/lib/python3.11/site-packages/airflow/example_dags/example_skip_dag.py took 0.053 seconds
[2026-05-23T11:52:13.628+0000] {processor.py:161} INFO - Started process (PID=19061) to work on /home/vscode/.local/lib/python3.11/site-packages/airflow/example_dags/example_skip_dag.py
[2026-05-23T11:52:13.629+0000] {processor.py:830} INFO - Processing file /home/vscode/.local/lib/python3.11/site-packages/airflow/example_dags/example_skip_dag.py for tasks to queue
[2026-05-23T11:52:13.629+0000] {logging_mixin.py:188} INFO - [2026-05-23T11:52:13.629+0000] {dagbag.py:545} INFO - Filling up the DagBag from /home/vscode/.local/lib/python3.11/site-packages/airflow/example_dags/example_skip_dag.py
[2026-05-23T11:52:13.634+0000] {processor.py:840} INFO - DAG(s) 'example_skip_dag' retrieved from /home/vscode/.local/lib/python3.11/site-packages/airflow/example_dags/example_skip_dag.py
[2026-05-23T11:52:13.646+0000] {logging_mixin.py:188} INFO - [2026-05-23T11:52:13.646+0000] {dag.py:3096} INFO - Sync 1 DAGs
[2026-05-23T11:52:13.660+0000] {logging_mixin.py:188} INFO - [2026-05-23T11:52:13.660+0000] {dag.py:3954} INFO - Setting next_dagrun for example_skip_dag to 2026-05-22 00:00:00+00:00, run_after=2026-05-23 00:00:00+00:00
[2026-05-23T11:52:13.674+0000] {processor.py:183} INFO - Processing /home/vscode/.local/lib/python3.11/site-packages/airflow/example_dags/example_skip_dag.py took 0.053 seconds
[2026-05-23T11:52:53.261+0000] {processor.py:161} INFO - Started process (PID=19494) to work on /home/vscode/.local/lib/python3.11/site-packages/airflow/example_dags/example_skip_dag.py
[2026-05-23T11:52:53.262+0000] {processor.py:830} INFO - Processing file /home/vscode/.local/lib/python3.11/site-packages/airflow/example_dags/example_skip_dag.py for tasks to queue
[2026-05-23T11:52:53.262+0000] {logging_mixin.py:188} INFO - [2026-05-23T11:52:53.262+0000] {dagbag.py:545} INFO - Filling up the DagBag from /home/vscode/.local/lib/python3.11/site-packages/airflow/example_dags/example_skip_dag.py
[2026-05-23T11:52:53.267+0000] {processor.py:840} INFO - DAG(s) 'example_skip_dag' retrieved from /home/vscode/.local/lib/python3.11/site-packages/airflow/example_dags/example_skip_dag.py
[2026-05-23T11:52:53.279+0000] {logging_mixin.py:188} INFO - [2026-05-23T11:52:53.279+0000] {dag.py:3096} INFO - Sync 1 DAGs
[2026-05-23T11:52:53.293+0000] {logging_mixin.py:188} INFO - [2026-05-23T11:52:53.293+0000] {dag.py:3954} INFO - Setting next_dagrun for example_skip_dag to 2026-05-22 00:00:00+00:00, run_after=2026-05-23 00:00:00+00:00
[2026-05-23T11:52:53.308+0000] {processor.py:183} INFO - Processing /home/vscode/.local/lib/python3.11/site-packages/airflow/example_dags/example_skip_dag.py took 0.053 seconds
[2026-05-23T11:53:51.831+0000] {processor.py:161} INFO - Started process (PID=20211) to work on /home/vscode/.local/lib/python3.11/site-packages/airflow/example_dags/example_skip_dag.py
[2026-05-23T11:53:51.832+0000] {processor.py:830} INFO - Processing file /home/vscode/.local/lib/python3.11/site-packages/airflow/example_dags/example_skip_dag.py for tasks to queue
[2026-05-23T11:53:51.832+0000] {logging_mixin.py:188} INFO - [2026-05-23T11:53:51.832+0000] {dagbag.py:545} INFO - Filling up the DagBag from /home/vscode/.local/lib/python3.11/site-packages/airflow/example_dags/example_skip_dag.py
[2026-05-23T11:53:51.837+0000] {processor.py:840} INFO - DAG(s) 'example_skip_dag' retrieved from /home/vscode/.local/lib/python3.11/site-packages/airflow/example_dags/example_skip_dag.py
[2026-05-23T11:53:51.849+0000] {logging_mixin.py:188} INFO - [2026-05-23T11:53:51.849+0000] {dag.py:3096} INFO - Sync 1 DAGs
[2026-05-23T11:53:51.864+0000] {logging_mixin.py:188} INFO - [2026-05-23T11:53:51.863+0000] {dag.py:3954} INFO - Setting next_dagrun for example_skip_dag to 2026-05-22 00:00:00+00:00, run_after=2026-05-23 00:00:00+00:00
[2026-05-23T11:53:51.880+0000] {processor.py:183} INFO - Processing /home/vscode/.local/lib/python3.11/site-packages/airflow/example_dags/example_skip_dag.py took 0.056 seconds
[2026-05-23T11:54:36.204+0000] {processor.py:161} INFO - Started process (PID=20891) to work on /home/vscode/.local/lib/python3.11/site-packages/airflow/example_dags/example_skip_dag.py
[2026-05-23T11:54:36.205+0000] {processor.py:830} INFO - Processing file /home/vscode/.local/lib/python3.11/site-packages/airflow/example_dags/example_skip_dag.py for tasks to queue
[2026-05-23T11:54:36.206+0000] {logging_mixin.py:188} INFO - [2026-05-23T11:54:36.206+0000] {dagbag.py:545} INFO - Filling up the DagBag from /home/vscode/.local/lib/python3.11/site-packages/airflow/example_dags/example_skip_dag.py
[2026-05-23T11:54:36.213+0000] {processor.py:840} INFO - DAG(s) 'example_skip_dag' retrieved from /home/vscode/.local/lib/python3.11/site-packages/airflow/example_dags/example_skip_dag.py
[2026-05-23T11:54:36.232+0000] {logging_mixin.py:188} INFO - [2026-05-23T11:54:36.232+0000] {dag.py:3096} INFO - Sync 1 DAGs
[2026-05-23T11:54:36.273+0000] {logging_mixin.py:188} INFO - [2026-05-23T11:54:36.273+0000] {dag.py:3954} INFO - Setting next_dagrun for example_skip_dag to 2026-05-22 00:00:00+00:00, run_after=2026-05-23 00:00:00+00:00
[2026-05-23T11:54:36.295+0000] {processor.py:183} INFO - Processing /home/vscode/.local/lib/python3.11/site-packages/airflow/example_dags/example_skip_dag.py took 0.101 seconds
[2026-05-23T11:55:24.614+0000] {processor.py:161} INFO - Started process (PID=21549) to work on /home/vscode/.local/lib/python3.11/site-packages/airflow/example_dags/example_skip_dag.py
[2026-05-23T11:55:24.617+0000] {processor.py:830} INFO - Processing file /home/vscode/.local/lib/python3.11/site-packages/airflow/example_dags/example_skip_dag.py for tasks to queue
[2026-05-23T11:55:24.618+0000] {logging_mixin.py:188} INFO - [2026-05-23T11:55:24.617+0000] {dagbag.py:545} INFO - Filling up the DagBag from /home/vscode/.local/lib/python3.11/site-packages/airflow/example_dags/example_skip_dag.py
[2026-05-23T11:55:24.630+0000] {processor.py:840} INFO - DAG(s) 'example_skip_dag' retrieved from /home/vscode/.local/lib/python3.11/site-packages/airflow/example_dags/example_skip_dag.py
[2026-05-23T11:55:24.667+0000] {logging_mixin.py:188} INFO - [2026-05-23T11:55:24.667+0000] {dag.py:3096} INFO - Sync 1 DAGs
[2026-05-23T11:55:24.707+0000] {logging_mixin.py:188} INFO - [2026-05-23T11:55:24.706+0000] {dag.py:3954} INFO - Setting next_dagrun for example_skip_dag to 2026-05-22 00:00:00+00:00, run_after=2026-05-23 00:00:00+00:00
[2026-05-23T11:55:24.739+0000] {processor.py:183} INFO - Processing /home/vscode/.local/lib/python3.11/site-packages/airflow/example_dags/example_skip_dag.py took 0.156 seconds
[2026-05-23T11:56:15.566+0000] {processor.py:161} INFO - Started process (PID=22157) to work on /home/vscode/.local/lib/python3.11/site-packages/airflow/example_dags/example_skip_dag.py
[2026-05-23T11:56:15.567+0000] {processor.py:830} INFO - Processing file /home/vscode/.local/lib/python3.11/site-packages/airflow/example_dags/example_skip_dag.py for tasks to queue
[2026-05-23T11:56:15.567+0000] {logging_mixin.py:188} INFO - [2026-05-23T11:56:15.567+0000] {dagbag.py:545} INFO - Filling up the DagBag from /home/vscode/.local/lib/python3.11/site-packages/airflow/example_dags/example_skip_dag.py
[2026-05-23T11:56:15.575+0000] {processor.py:840} INFO - DAG(s) 'example_skip_dag' retrieved from /home/vscode/.local/lib/python3.11/site-packages/airflow/example_dags/example_skip_dag.py
[2026-05-23T11:56:15.597+0000] {logging_mixin.py:188} INFO - [2026-05-23T11:56:15.596+0000] {dag.py:3096} INFO - Sync 1 DAGs
[2026-05-23T11:56:15.620+0000] {logging_mixin.py:188} INFO - [2026-05-23T11:56:15.620+0000] {dag.py:3954} INFO - Setting next_dagrun for example_skip_dag to 2026-05-22 00:00:00+00:00, run_after=2026-05-23 00:00:00+00:00
[2026-05-23T11:56:15.642+0000] {processor.py:183} INFO - Processing /home/vscode/.local/lib/python3.11/site-packages/airflow/example_dags/example_skip_dag.py took 0.086 seconds
[2026-05-23T11:57:05.866+0000] {processor.py:161} INFO - Started process (PID=22720) to work on /home/vscode/.local/lib/python3.11/site-packages/airflow/example_dags/example_skip_dag.py
[2026-05-23T11:57:05.867+0000] {processor.py:830} INFO - Processing file /home/vscode/.local/lib/python3.11/site-packages/airflow/example_dags/example_skip_dag.py for tasks to queue
[2026-05-23T11:57:05.867+0000] {logging_mixin.py:188} INFO - [2026-05-23T11:57:05.867+0000] {dagbag.py:545} INFO - Filling up the DagBag from /home/vscode/.local/lib/python3.11/site-packages/airflow/example_dags/example_skip_dag.py
[2026-05-23T11:57:05.875+0000] {processor.py:840} INFO - DAG(s) 'example_skip_dag' retrieved from /home/vscode/.local/lib/python3.11/site-packages/airflow/example_dags/example_skip_dag.py
[2026-05-23T11:57:05.894+0000] {logging_mixin.py:188} INFO - [2026-05-23T11:57:05.894+0000] {dag.py:3096} INFO - Sync 1 DAGs
[2026-05-23T11:57:05.916+0000] {logging_mixin.py:188} INFO - [2026-05-23T11:57:05.915+0000] {dag.py:3954} INFO - Setting next_dagrun for example_skip_dag to 2026-05-22 00:00:00+00:00, run_after=2026-05-23 00:00:00+00:00
[2026-05-23T11:57:05.939+0000] {processor.py:183} INFO - Processing /home/vscode/.local/lib/python3.11/site-packages/airflow/example_dags/example_skip_dag.py took 0.082 seconds
[2026-05-23T11:57:55.535+0000] {processor.py:161} INFO - Started process (PID=23180) to work on /home/vscode/.local/lib/python3.11/site-packages/airflow/example_dags/example_skip_dag.py
[2026-05-23T11:57:55.536+0000] {processor.py:830} INFO - Processing file /home/vscode/.local/lib/python3.11/site-packages/airflow/example_dags/example_skip_dag.py for tasks to queue
[2026-05-23T11:57:55.536+0000] {logging_mixin.py:188} INFO - [2026-05-23T11:57:55.536+0000] {dagbag.py:545} INFO - Filling up the DagBag from /home/vscode/.local/lib/python3.11/site-packages/airflow/example_dags/example_skip_dag.py
[2026-05-23T11:57:55.544+0000] {processor.py:840} INFO - DAG(s) 'example_skip_dag' retrieved from /home/vscode/.local/lib/python3.11/site-packages/airflow/example_dags/example_skip_dag.py
[2026-05-23T11:57:55.563+0000] {logging_mixin.py:188} INFO - [2026-05-23T11:57:55.562+0000] {dag.py:3096} INFO - Sync 1 DAGs
[2026-05-23T11:57:55.584+0000] {logging_mixin.py:188} INFO - [2026-05-23T11:57:55.584+0000] {dag.py:3954} INFO - Setting next_dagrun for example_skip_dag to 2026-05-22 00:00:00+00:00, run_after=2026-05-23 00:00:00+00:00
[2026-05-23T11:57:55.611+0000] {processor.py:183} INFO - Processing /home/vscode/.local/lib/python3.11/site-packages/airflow/example_dags/example_skip_dag.py took 0.086 seconds
[2026-05-23T11:58:43.937+0000] {processor.py:161} INFO - Started process (PID=23713) to work on /home/vscode/.local/lib/python3.11/site-packages/airflow/example_dags/example_skip_dag.py
[2026-05-23T11:58:43.937+0000] {processor.py:830} INFO - Processing file /home/vscode/.local/lib/python3.11/site-packages/airflow/example_dags/example_skip_dag.py for tasks to queue
[2026-05-23T11:58:43.938+0000] {logging_mixin.py:188} INFO - [2026-05-23T11:58:43.938+0000] {dagbag.py:545} INFO - Filling up the DagBag from /home/vscode/.local/lib/python3.11/site-packages/airflow/example_dags/example_skip_dag.py
[2026-05-23T11:58:43.939+0000] {processor.py:842} WARNING - No viable dags retrieved from /home/vscode/.local/lib/python3.11/site-packages/airflow/example_dags/example_skip_dag.py
[2026-05-23T11:58:43.948+0000] {processor.py:183} INFO - Processing /home/vscode/.local/lib/python3.11/site-packages/airflow/example_dags/example_skip_dag.py took 0.027 seconds
