[2026-05-23T11:26:43.094+0000] {processor.py:161} INFO - Started process (PID=3081) to work on /home/vscode/.local/lib/python3.11/site-packages/airflow/example_dags/example_python_operator.py
[2026-05-23T11:26:43.094+0000] {processor.py:830} INFO - Processing file /home/vscode/.local/lib/python3.11/site-packages/airflow/example_dags/example_python_operator.py for tasks to queue
[2026-05-23T11:26:43.095+0000] {logging_mixin.py:188} INFO - [2026-05-23T11:26:43.095+0000] {dagbag.py:545} INFO - Filling up the DagBag from /home/vscode/.local/lib/python3.11/site-packages/airflow/example_dags/example_python_operator.py
[2026-05-23T11:26:43.104+0000] {processor.py:840} INFO - DAG(s) 'example_python_operator' retrieved from /home/vscode/.local/lib/python3.11/site-packages/airflow/example_dags/example_python_operator.py
[2026-05-23T11:26:43.109+0000] {logging_mixin.py:188} INFO - [2026-05-23T11:26:43.109+0000] {dag.py:3096} INFO - Sync 1 DAGs
[2026-05-23T11:26:43.117+0000] {logging_mixin.py:188} INFO - [2026-05-23T11:26:43.117+0000] {dag.py:3954} INFO - Setting next_dagrun for example_python_operator to None, run_after=None
[2026-05-23T11:26:43.132+0000] {processor.py:183} INFO - Processing /home/vscode/.local/lib/python3.11/site-packages/airflow/example_dags/example_python_operator.py took 0.045 seconds
[2026-05-23T11:27:42.477+0000] {processor.py:161} INFO - Started process (PID=3863) to work on /home/vscode/.local/lib/python3.11/site-packages/airflow/example_dags/example_python_operator.py
[2026-05-23T11:27:42.478+0000] {processor.py:830} INFO - Processing file /home/vscode/.local/lib/python3.11/site-packages/airflow/example_dags/example_python_operator.py for tasks to queue
[2026-05-23T11:27:42.480+0000] {logging_mixin.py:188} INFO - [2026-05-23T11:27:42.479+0000] {dagbag.py:545} INFO - Filling up the DagBag from /home/vscode/.local/lib/python3.11/site-packages/airflow/example_dags/example_python_operator.py
[2026-05-23T11:27:42.492+0000] {processor.py:840} INFO - DAG(s) 'example_python_operator' retrieved from /home/vscode/.local/lib/python3.11/site-packages/airflow/example_dags/example_python_operator.py
[2026-05-23T11:27:42.688+0000] {logging_mixin.py:188} INFO - [2026-05-23T11:27:42.688+0000] {dag.py:3096} INFO - Sync 1 DAGs
[2026-05-23T11:27:42.694+0000] {logging_mixin.py:188} INFO - [2026-05-23T11:27:42.694+0000] {dag.py:3954} INFO - Setting next_dagrun for example_python_operator to None, run_after=None
[2026-05-23T11:27:42.710+0000] {processor.py:183} INFO - Processing /home/vscode/.local/lib/python3.11/site-packages/airflow/example_dags/example_python_operator.py took 0.245 seconds
[2026-05-23T11:28:35.268+0000] {processor.py:161} INFO - Started process (PID=4449) to work on /home/vscode/.local/lib/python3.11/site-packages/airflow/example_dags/example_python_operator.py
[2026-05-23T11:28:35.269+0000] {processor.py:830} INFO - Processing file /home/vscode/.local/lib/python3.11/site-packages/airflow/example_dags/example_python_operator.py for tasks to queue
[2026-05-23T11:28:35.271+0000] {logging_mixin.py:188} INFO - [2026-05-23T11:28:35.270+0000] {dagbag.py:545} INFO - Filling up the DagBag from /home/vscode/.local/lib/python3.11/site-packages/airflow/example_dags/example_python_operator.py
[2026-05-23T11:28:35.282+0000] {processor.py:840} INFO - DAG(s) 'example_python_operator' retrieved from /home/vscode/.local/lib/python3.11/site-packages/airflow/example_dags/example_python_operator.py
[2026-05-23T11:28:35.301+0000] {logging_mixin.py:188} INFO - [2026-05-23T11:28:35.300+0000] {dag.py:3096} INFO - Sync 1 DAGs
[2026-05-23T11:28:35.317+0000] {logging_mixin.py:188} INFO - [2026-05-23T11:28:35.317+0000] {dag.py:3954} INFO - Setting next_dagrun for example_python_operator to None, run_after=None
[2026-05-23T11:28:35.338+0000] {processor.py:183} INFO - Processing /home/vscode/.local/lib/python3.11/site-packages/airflow/example_dags/example_python_operator.py took 0.113 seconds
[2026-05-23T11:29:26.039+0000] {processor.py:161} INFO - Started process (PID=4964) to work on /home/vscode/.local/lib/python3.11/site-packages/airflow/example_dags/example_python_operator.py
[2026-05-23T11:29:26.039+0000] {processor.py:830} INFO - Processing file /home/vscode/.local/lib/python3.11/site-packages/airflow/example_dags/example_python_operator.py for tasks to queue
[2026-05-23T11:29:26.040+0000] {logging_mixin.py:188} INFO - [2026-05-23T11:29:26.039+0000] {dagbag.py:545} INFO - Filling up the DagBag from /home/vscode/.local/lib/python3.11/site-packages/airflow/example_dags/example_python_operator.py
[2026-05-23T11:29:26.047+0000] {processor.py:840} INFO - DAG(s) 'example_python_operator' retrieved from /home/vscode/.local/lib/python3.11/site-packages/airflow/example_dags/example_python_operator.py
[2026-05-23T11:29:26.059+0000] {logging_mixin.py:188} INFO - [2026-05-23T11:29:26.059+0000] {dag.py:3096} INFO - Sync 1 DAGs
[2026-05-23T11:29:26.067+0000] {logging_mixin.py:188} INFO - [2026-05-23T11:29:26.067+0000] {dag.py:3954} INFO - Setting next_dagrun for example_python_operator to None, run_after=None
[2026-05-23T11:29:26.083+0000] {processor.py:183} INFO - Processing /home/vscode/.local/lib/python3.11/site-packages/airflow/example_dags/example_python_operator.py took 0.050 seconds
[2026-05-23T11:30:11.393+0000] {processor.py:161} INFO - Started process (PID=5332) to work on /home/vscode/.local/lib/python3.11/site-packages/airflow/example_dags/example_python_operator.py
[2026-05-23T11:30:11.394+0000] {processor.py:830} INFO - Processing file /home/vscode/.local/lib/python3.11/site-packages/airflow/example_dags/example_python_operator.py for tasks to queue
[2026-05-23T11:30:11.394+0000] {logging_mixin.py:188} INFO - [2026-05-23T11:30:11.394+0000] {dagbag.py:545} INFO - Filling up the DagBag from /home/vscode/.local/lib/python3.11/site-packages/airflow/example_dags/example_python_operator.py
[2026-05-23T11:30:11.402+0000] {processor.py:840} INFO - DAG(s) 'example_python_operator' retrieved from /home/vscode/.local/lib/python3.11/site-packages/airflow/example_dags/example_python_operator.py
[2026-05-23T11:30:11.416+0000] {logging_mixin.py:188} INFO - [2026-05-23T11:30:11.416+0000] {dag.py:3096} INFO - Sync 1 DAGs
[2026-05-23T11:30:11.424+0000] {logging_mixin.py:188} INFO - [2026-05-23T11:30:11.424+0000] {dag.py:3954} INFO - Setting next_dagrun for example_python_operator to None, run_after=None
[2026-05-23T11:30:11.440+0000] {processor.py:183} INFO - Processing /home/vscode/.local/lib/python3.11/site-packages/airflow/example_dags/example_python_operator.py took 0.053 seconds
[2026-05-23T11:31:11.767+0000] {processor.py:161} INFO - Started process (PID=5887) to work on /home/vscode/.local/lib/python3.11/site-packages/airflow/example_dags/example_python_operator.py
[2026-05-23T11:31:11.768+0000] {processor.py:830} INFO - Processing file /home/vscode/.local/lib/python3.11/site-packages/airflow/example_dags/example_python_operator.py for tasks to queue
[2026-05-23T11:31:11.768+0000] {logging_mixin.py:188} INFO - [2026-05-23T11:31:11.768+0000] {dagbag.py:545} INFO - Filling up the DagBag from /home/vscode/.local/lib/python3.11/site-packages/airflow/example_dags/example_python_operator.py
[2026-05-23T11:31:11.777+0000] {processor.py:840} INFO - DAG(s) 'example_python_operator' retrieved from /home/vscode/.local/lib/python3.11/site-packages/airflow/example_dags/example_python_operator.py
[2026-05-23T11:31:11.795+0000] {logging_mixin.py:188} INFO - [2026-05-23T11:31:11.795+0000] {dag.py:3096} INFO - Sync 1 DAGs
[2026-05-23T11:31:11.805+0000] {logging_mixin.py:188} INFO - [2026-05-23T11:31:11.805+0000] {dag.py:3954} INFO - Setting next_dagrun for example_python_operator to None, run_after=None
[2026-05-23T11:31:11.821+0000] {processor.py:183} INFO - Processing /home/vscode/.local/lib/python3.11/site-packages/airflow/example_dags/example_python_operator.py took 0.060 seconds
[2026-05-23T11:31:54.304+0000] {processor.py:161} INFO - Started process (PID=6320) to work on /home/vscode/.local/lib/python3.11/site-packages/airflow/example_dags/example_python_operator.py
[2026-05-23T11:31:54.304+0000] {processor.py:830} INFO - Processing file /home/vscode/.local/lib/python3.11/site-packages/airflow/example_dags/example_python_operator.py for tasks to queue
[2026-05-23T11:31:54.305+0000] {logging_mixin.py:188} INFO - [2026-05-23T11:31:54.305+0000] {dagbag.py:545} INFO - Filling up the DagBag from /home/vscode/.local/lib/python3.11/site-packages/airflow/example_dags/example_python_operator.py
[2026-05-23T11:31:54.316+0000] {processor.py:840} INFO - DAG(s) 'example_python_operator' retrieved from /home/vscode/.local/lib/python3.11/site-packages/airflow/example_dags/example_python_operator.py
[2026-05-23T11:31:54.332+0000] {logging_mixin.py:188} INFO - [2026-05-23T11:31:54.331+0000] {dag.py:3096} INFO - Sync 1 DAGs
[2026-05-23T11:31:54.340+0000] {logging_mixin.py:188} INFO - [2026-05-23T11:31:54.340+0000] {dag.py:3954} INFO - Setting next_dagrun for example_python_operator to None, run_after=None
[2026-05-23T11:31:54.356+0000] {processor.py:183} INFO - Processing /home/vscode/.local/lib/python3.11/site-packages/airflow/example_dags/example_python_operator.py took 0.062 seconds
[2026-05-23T11:32:36.646+0000] {processor.py:161} INFO - Started process (PID=6725) to work on /home/vscode/.local/lib/python3.11/site-packages/airflow/example_dags/example_python_operator.py
[2026-05-23T11:32:36.647+0000] {processor.py:830} INFO - Processing file /home/vscode/.local/lib/python3.11/site-packages/airflow/example_dags/example_python_operator.py for tasks to queue
[2026-05-23T11:32:36.647+0000] {logging_mixin.py:188} INFO - [2026-05-23T11:32:36.647+0000] {dagbag.py:545} INFO - Filling up the DagBag from /home/vscode/.local/lib/python3.11/site-packages/airflow/example_dags/example_python_operator.py
[2026-05-23T11:32:36.655+0000] {processor.py:840} INFO - DAG(s) 'example_python_operator' retrieved from /home/vscode/.local/lib/python3.11/site-packages/airflow/example_dags/example_python_operator.py
[2026-05-23T11:32:36.669+0000] {logging_mixin.py:188} INFO - [2026-05-23T11:32:36.669+0000] {dag.py:3096} INFO - Sync 1 DAGs
[2026-05-23T11:32:36.677+0000] {logging_mixin.py:188} INFO - [2026-05-23T11:32:36.677+0000] {dag.py:3954} INFO - Setting next_dagrun for example_python_operator to None, run_after=None
[2026-05-23T11:32:36.692+0000] {processor.py:183} INFO - Processing /home/vscode/.local/lib/python3.11/site-packages/airflow/example_dags/example_python_operator.py took 0.052 seconds
[2026-05-23T11:33:22.828+0000] {processor.py:161} INFO - Started process (PID=8300) to work on /home/vscode/.local/lib/python3.11/site-packages/airflow/example_dags/example_python_operator.py
[2026-05-23T11:33:22.831+0000] {processor.py:830} INFO - Processing file /home/vscode/.local/lib/python3.11/site-packages/airflow/example_dags/example_python_operator.py for tasks to queue
[2026-05-23T11:33:22.831+0000] {logging_mixin.py:188} INFO - [2026-05-23T11:33:22.831+0000] {dagbag.py:545} INFO - Filling up the DagBag from /home/vscode/.local/lib/python3.11/site-packages/airflow/example_dags/example_python_operator.py
[2026-05-23T11:33:22.851+0000] {processor.py:840} INFO - DAG(s) 'example_python_operator' retrieved from /home/vscode/.local/lib/python3.11/site-packages/airflow/example_dags/example_python_operator.py
[2026-05-23T11:33:22.920+0000] {logging_mixin.py:188} INFO - [2026-05-23T11:33:22.918+0000] {dag.py:3096} INFO - Sync 1 DAGs
[2026-05-23T11:33:22.935+0000] {logging_mixin.py:188} INFO - [2026-05-23T11:33:22.935+0000] {dag.py:3954} INFO - Setting next_dagrun for example_python_operator to None, run_after=None
[2026-05-23T11:33:22.969+0000] {processor.py:183} INFO - Processing /home/vscode/.local/lib/python3.11/site-packages/airflow/example_dags/example_python_operator.py took 0.165 seconds
[2026-05-23T11:34:09.987+0000] {processor.py:161} INFO - Started process (PID=8551) to work on /home/vscode/.local/lib/python3.11/site-packages/airflow/example_dags/example_python_operator.py
[2026-05-23T11:34:09.987+0000] {processor.py:830} INFO - Processing file /home/vscode/.local/lib/python3.11/site-packages/airflow/example_dags/example_python_operator.py for tasks to queue
[2026-05-23T11:34:09.988+0000] {logging_mixin.py:188} INFO - [2026-05-23T11:34:09.988+0000] {dagbag.py:545} INFO - Filling up the DagBag from /home/vscode/.local/lib/python3.11/site-packages/airflow/example_dags/example_python_operator.py
[2026-05-23T11:34:09.996+0000] {processor.py:840} INFO - DAG(s) 'example_python_operator' retrieved from /home/vscode/.local/lib/python3.11/site-packages/airflow/example_dags/example_python_operator.py
[2026-05-23T11:34:10.009+0000] {logging_mixin.py:188} INFO - [2026-05-23T11:34:10.009+0000] {dag.py:3096} INFO - Sync 1 DAGs
[2026-05-23T11:34:10.017+0000] {logging_mixin.py:188} INFO - [2026-05-23T11:34:10.017+0000] {dag.py:3954} INFO - Setting next_dagrun for example_python_operator to None, run_after=None
[2026-05-23T11:34:10.033+0000] {processor.py:183} INFO - Processing /home/vscode/.local/lib/python3.11/site-packages/airflow/example_dags/example_python_operator.py took 0.053 seconds
[2026-05-23T11:34:54.807+0000] {processor.py:161} INFO - Started process (PID=8889) to work on /home/vscode/.local/lib/python3.11/site-packages/airflow/example_dags/example_python_operator.py
[2026-05-23T11:34:54.808+0000] {processor.py:830} INFO - Processing file /home/vscode/.local/lib/python3.11/site-packages/airflow/example_dags/example_python_operator.py for tasks to queue
[2026-05-23T11:34:54.809+0000] {logging_mixin.py:188} INFO - [2026-05-23T11:34:54.808+0000] {dagbag.py:545} INFO - Filling up the DagBag from /home/vscode/.local/lib/python3.11/site-packages/airflow/example_dags/example_python_operator.py
[2026-05-23T11:34:54.818+0000] {processor.py:840} INFO - DAG(s) 'example_python_operator' retrieved from /home/vscode/.local/lib/python3.11/site-packages/airflow/example_dags/example_python_operator.py
[2026-05-23T11:34:54.836+0000] {logging_mixin.py:188} INFO - [2026-05-23T11:34:54.836+0000] {dag.py:3096} INFO - Sync 1 DAGs
[2026-05-23T11:34:54.844+0000] {logging_mixin.py:188} INFO - [2026-05-23T11:34:54.844+0000] {dag.py:3954} INFO - Setting next_dagrun for example_python_operator to None, run_after=None
[2026-05-23T11:34:54.860+0000] {processor.py:183} INFO - Processing /home/vscode/.local/lib/python3.11/site-packages/airflow/example_dags/example_python_operator.py took 0.059 seconds
[2026-05-23T11:35:37.990+0000] {processor.py:161} INFO - Started process (PID=9241) to work on /home/vscode/.local/lib/python3.11/site-packages/airflow/example_dags/example_python_operator.py
[2026-05-23T11:35:37.991+0000] {processor.py:830} INFO - Processing file /home/vscode/.local/lib/python3.11/site-packages/airflow/example_dags/example_python_operator.py for tasks to queue
[2026-05-23T11:35:37.992+0000] {logging_mixin.py:188} INFO - [2026-05-23T11:35:37.991+0000] {dagbag.py:545} INFO - Filling up the DagBag from /home/vscode/.local/lib/python3.11/site-packages/airflow/example_dags/example_python_operator.py
[2026-05-23T11:35:38.004+0000] {processor.py:840} INFO - DAG(s) 'example_python_operator' retrieved from /home/vscode/.local/lib/python3.11/site-packages/airflow/example_dags/example_python_operator.py
[2026-05-23T11:35:38.025+0000] {logging_mixin.py:188} INFO - [2026-05-23T11:35:38.025+0000] {dag.py:3096} INFO - Sync 1 DAGs
[2026-05-23T11:35:38.038+0000] {logging_mixin.py:188} INFO - [2026-05-23T11:35:38.038+0000] {dag.py:3954} INFO - Setting next_dagrun for example_python_operator to None, run_after=None
[2026-05-23T11:35:38.063+0000] {processor.py:183} INFO - Processing /home/vscode/.local/lib/python3.11/site-packages/airflow/example_dags/example_python_operator.py took 0.083 seconds
[2026-05-23T11:36:19.787+0000] {processor.py:161} INFO - Started process (PID=9545) to work on /home/vscode/.local/lib/python3.11/site-packages/airflow/example_dags/example_python_operator.py
[2026-05-23T11:36:19.788+0000] {processor.py:830} INFO - Processing file /home/vscode/.local/lib/python3.11/site-packages/airflow/example_dags/example_python_operator.py for tasks to queue
[2026-05-23T11:36:19.788+0000] {logging_mixin.py:188} INFO - [2026-05-23T11:36:19.788+0000] {dagbag.py:545} INFO - Filling up the DagBag from /home/vscode/.local/lib/python3.11/site-packages/airflow/example_dags/example_python_operator.py
[2026-05-23T11:36:19.797+0000] {processor.py:840} INFO - DAG(s) 'example_python_operator' retrieved from /home/vscode/.local/lib/python3.11/site-packages/airflow/example_dags/example_python_operator.py
[2026-05-23T11:36:19.810+0000] {logging_mixin.py:188} INFO - [2026-05-23T11:36:19.810+0000] {dag.py:3096} INFO - Sync 1 DAGs
[2026-05-23T11:36:19.820+0000] {logging_mixin.py:188} INFO - [2026-05-23T11:36:19.819+0000] {dag.py:3954} INFO - Setting next_dagrun for example_python_operator to None, run_after=None
[2026-05-23T11:36:19.835+0000] {processor.py:183} INFO - Processing /home/vscode/.local/lib/python3.11/site-packages/airflow/example_dags/example_python_operator.py took 0.054 seconds
[2026-05-23T11:37:05.712+0000] {processor.py:161} INFO - Started process (PID=10000) to work on /home/vscode/.local/lib/python3.11/site-packages/airflow/example_dags/example_python_operator.py
[2026-05-23T11:37:05.713+0000] {processor.py:830} INFO - Processing file /home/vscode/.local/lib/python3.11/site-packages/airflow/example_dags/example_python_operator.py for tasks to queue
[2026-05-23T11:37:05.713+0000] {logging_mixin.py:188} INFO - [2026-05-23T11:37:05.713+0000] {dagbag.py:545} INFO - Filling up the DagBag from /home/vscode/.local/lib/python3.11/site-packages/airflow/example_dags/example_python_operator.py
[2026-05-23T11:37:05.723+0000] {processor.py:840} INFO - DAG(s) 'example_python_operator' retrieved from /home/vscode/.local/lib/python3.11/site-packages/airflow/example_dags/example_python_operator.py
[2026-05-23T11:37:05.735+0000] {logging_mixin.py:188} INFO - [2026-05-23T11:37:05.735+0000] {dag.py:3096} INFO - Sync 1 DAGs
[2026-05-23T11:37:05.743+0000] {logging_mixin.py:188} INFO - [2026-05-23T11:37:05.743+0000] {dag.py:3954} INFO - Setting next_dagrun for example_python_operator to None, run_after=None
[2026-05-23T11:37:05.758+0000] {processor.py:183} INFO - Processing /home/vscode/.local/lib/python3.11/site-packages/airflow/example_dags/example_python_operator.py took 0.052 seconds
[2026-05-23T11:37:50.468+0000] {processor.py:161} INFO - Started process (PID=10407) to work on /home/vscode/.local/lib/python3.11/site-packages/airflow/example_dags/example_python_operator.py
[2026-05-23T11:37:50.469+0000] {processor.py:830} INFO - Processing file /home/vscode/.local/lib/python3.11/site-packages/airflow/example_dags/example_python_operator.py for tasks to queue
[2026-05-23T11:37:50.469+0000] {logging_mixin.py:188} INFO - [2026-05-23T11:37:50.469+0000] {dagbag.py:545} INFO - Filling up the DagBag from /home/vscode/.local/lib/python3.11/site-packages/airflow/example_dags/example_python_operator.py
[2026-05-23T11:37:50.477+0000] {processor.py:840} INFO - DAG(s) 'example_python_operator' retrieved from /home/vscode/.local/lib/python3.11/site-packages/airflow/example_dags/example_python_operator.py
[2026-05-23T11:37:50.491+0000] {logging_mixin.py:188} INFO - [2026-05-23T11:37:50.491+0000] {dag.py:3096} INFO - Sync 1 DAGs
[2026-05-23T11:37:50.499+0000] {logging_mixin.py:188} INFO - [2026-05-23T11:37:50.499+0000] {dag.py:3954} INFO - Setting next_dagrun for example_python_operator to None, run_after=None
[2026-05-23T11:37:50.515+0000] {processor.py:183} INFO - Processing /home/vscode/.local/lib/python3.11/site-packages/airflow/example_dags/example_python_operator.py took 0.053 seconds
[2026-05-23T11:38:32.135+0000] {processor.py:161} INFO - Started process (PID=10778) to work on /home/vscode/.local/lib/python3.11/site-packages/airflow/example_dags/example_python_operator.py
[2026-05-23T11:38:32.136+0000] {processor.py:830} INFO - Processing file /home/vscode/.local/lib/python3.11/site-packages/airflow/example_dags/example_python_operator.py for tasks to queue
[2026-05-23T11:38:32.137+0000] {logging_mixin.py:188} INFO - [2026-05-23T11:38:32.136+0000] {dagbag.py:545} INFO - Filling up the DagBag from /home/vscode/.local/lib/python3.11/site-packages/airflow/example_dags/example_python_operator.py
[2026-05-23T11:38:32.144+0000] {processor.py:840} INFO - DAG(s) 'example_python_operator' retrieved from /home/vscode/.local/lib/python3.11/site-packages/airflow/example_dags/example_python_operator.py
[2026-05-23T11:38:32.157+0000] {logging_mixin.py:188} INFO - [2026-05-23T11:38:32.157+0000] {dag.py:3096} INFO - Sync 1 DAGs
[2026-05-23T11:38:32.166+0000] {logging_mixin.py:188} INFO - [2026-05-23T11:38:32.165+0000] {dag.py:3954} INFO - Setting next_dagrun for example_python_operator to None, run_after=None
[2026-05-23T11:38:32.181+0000] {processor.py:183} INFO - Processing /home/vscode/.local/lib/python3.11/site-packages/airflow/example_dags/example_python_operator.py took 0.052 seconds
[2026-05-23T11:39:34.032+0000] {processor.py:161} INFO - Started process (PID=11351) to work on /home/vscode/.local/lib/python3.11/site-packages/airflow/example_dags/example_python_operator.py
[2026-05-23T11:39:34.033+0000] {processor.py:830} INFO - Processing file /home/vscode/.local/lib/python3.11/site-packages/airflow/example_dags/example_python_operator.py for tasks to queue
[2026-05-23T11:39:34.033+0000] {logging_mixin.py:188} INFO - [2026-05-23T11:39:34.033+0000] {dagbag.py:545} INFO - Filling up the DagBag from /home/vscode/.local/lib/python3.11/site-packages/airflow/example_dags/example_python_operator.py
[2026-05-23T11:39:34.041+0000] {processor.py:840} INFO - DAG(s) 'example_python_operator' retrieved from /home/vscode/.local/lib/python3.11/site-packages/airflow/example_dags/example_python_operator.py
[2026-05-23T11:39:34.054+0000] {logging_mixin.py:188} INFO - [2026-05-23T11:39:34.054+0000] {dag.py:3096} INFO - Sync 1 DAGs
[2026-05-23T11:39:34.062+0000] {logging_mixin.py:188} INFO - [2026-05-23T11:39:34.062+0000] {dag.py:3954} INFO - Setting next_dagrun for example_python_operator to None, run_after=None
[2026-05-23T11:39:34.078+0000] {processor.py:183} INFO - Processing /home/vscode/.local/lib/python3.11/site-packages/airflow/example_dags/example_python_operator.py took 0.052 seconds
[2026-05-23T11:40:15.299+0000] {processor.py:161} INFO - Started process (PID=11670) to work on /home/vscode/.local/lib/python3.11/site-packages/airflow/example_dags/example_python_operator.py
[2026-05-23T11:40:15.299+0000] {processor.py:830} INFO - Processing file /home/vscode/.local/lib/python3.11/site-packages/airflow/example_dags/example_python_operator.py for tasks to queue
[2026-05-23T11:40:15.300+0000] {logging_mixin.py:188} INFO - [2026-05-23T11:40:15.300+0000] {dagbag.py:545} INFO - Filling up the DagBag from /home/vscode/.local/lib/python3.11/site-packages/airflow/example_dags/example_python_operator.py
[2026-05-23T11:40:15.309+0000] {processor.py:840} INFO - DAG(s) 'example_python_operator' retrieved from /home/vscode/.local/lib/python3.11/site-packages/airflow/example_dags/example_python_operator.py
[2026-05-23T11:40:15.322+0000] {logging_mixin.py:188} INFO - [2026-05-23T11:40:15.322+0000] {dag.py:3096} INFO - Sync 1 DAGs
[2026-05-23T11:40:15.330+0000] {logging_mixin.py:188} INFO - [2026-05-23T11:40:15.330+0000] {dag.py:3954} INFO - Setting next_dagrun for example_python_operator to None, run_after=None
[2026-05-23T11:40:15.346+0000] {processor.py:183} INFO - Processing /home/vscode/.local/lib/python3.11/site-packages/airflow/example_dags/example_python_operator.py took 0.053 seconds
[2026-05-23T11:41:00.831+0000] {processor.py:161} INFO - Started process (PID=12077) to work on /home/vscode/.local/lib/python3.11/site-packages/airflow/example_dags/example_python_operator.py
[2026-05-23T11:41:00.831+0000] {processor.py:830} INFO - Processing file /home/vscode/.local/lib/python3.11/site-packages/airflow/example_dags/example_python_operator.py for tasks to queue
[2026-05-23T11:41:00.832+0000] {logging_mixin.py:188} INFO - [2026-05-23T11:41:00.832+0000] {dagbag.py:545} INFO - Filling up the DagBag from /home/vscode/.local/lib/python3.11/site-packages/airflow/example_dags/example_python_operator.py
[2026-05-23T11:41:00.841+0000] {processor.py:840} INFO - DAG(s) 'example_python_operator' retrieved from /home/vscode/.local/lib/python3.11/site-packages/airflow/example_dags/example_python_operator.py
[2026-05-23T11:41:00.854+0000] {logging_mixin.py:188} INFO - [2026-05-23T11:41:00.854+0000] {dag.py:3096} INFO - Sync 1 DAGs
[2026-05-23T11:41:00.862+0000] {logging_mixin.py:188} INFO - [2026-05-23T11:41:00.862+0000] {dag.py:3954} INFO - Setting next_dagrun for example_python_operator to None, run_after=None
[2026-05-23T11:41:00.878+0000] {processor.py:183} INFO - Processing /home/vscode/.local/lib/python3.11/site-packages/airflow/example_dags/example_python_operator.py took 0.053 seconds
[2026-05-23T11:42:02.867+0000] {processor.py:161} INFO - Started process (PID=12657) to work on /home/vscode/.local/lib/python3.11/site-packages/airflow/example_dags/example_python_operator.py
[2026-05-23T11:42:02.867+0000] {processor.py:830} INFO - Processing file /home/vscode/.local/lib/python3.11/site-packages/airflow/example_dags/example_python_operator.py for tasks to queue
[2026-05-23T11:42:02.868+0000] {logging_mixin.py:188} INFO - [2026-05-23T11:42:02.868+0000] {dagbag.py:545} INFO - Filling up the DagBag from /home/vscode/.local/lib/python3.11/site-packages/airflow/example_dags/example_python_operator.py
[2026-05-23T11:42:02.876+0000] {processor.py:840} INFO - DAG(s) 'example_python_operator' retrieved from /home/vscode/.local/lib/python3.11/site-packages/airflow/example_dags/example_python_operator.py
[2026-05-23T11:42:02.888+0000] {logging_mixin.py:188} INFO - [2026-05-23T11:42:02.888+0000] {dag.py:3096} INFO - Sync 1 DAGs
[2026-05-23T11:42:02.896+0000] {logging_mixin.py:188} INFO - [2026-05-23T11:42:02.896+0000] {dag.py:3954} INFO - Setting next_dagrun for example_python_operator to None, run_after=None
[2026-05-23T11:42:02.911+0000] {processor.py:183} INFO - Processing /home/vscode/.local/lib/python3.11/site-packages/airflow/example_dags/example_python_operator.py took 0.050 seconds
[2026-05-23T11:42:46.172+0000] {processor.py:161} INFO - Started process (PID=13047) to work on /home/vscode/.local/lib/python3.11/site-packages/airflow/example_dags/example_python_operator.py
[2026-05-23T11:42:46.173+0000] {processor.py:830} INFO - Processing file /home/vscode/.local/lib/python3.11/site-packages/airflow/example_dags/example_python_operator.py for tasks to queue
[2026-05-23T11:42:46.174+0000] {logging_mixin.py:188} INFO - [2026-05-23T11:42:46.173+0000] {dagbag.py:545} INFO - Filling up the DagBag from /home/vscode/.local/lib/python3.11/site-packages/airflow/example_dags/example_python_operator.py
[2026-05-23T11:42:46.182+0000] {processor.py:840} INFO - DAG(s) 'example_python_operator' retrieved from /home/vscode/.local/lib/python3.11/site-packages/airflow/example_dags/example_python_operator.py
[2026-05-23T11:42:46.195+0000] {logging_mixin.py:188} INFO - [2026-05-23T11:42:46.195+0000] {dag.py:3096} INFO - Sync 1 DAGs
[2026-05-23T11:42:46.204+0000] {logging_mixin.py:188} INFO - [2026-05-23T11:42:46.204+0000] {dag.py:3954} INFO - Setting next_dagrun for example_python_operator to None, run_after=None
[2026-05-23T11:42:46.219+0000] {processor.py:183} INFO - Processing /home/vscode/.local/lib/python3.11/site-packages/airflow/example_dags/example_python_operator.py took 0.053 seconds
[2026-05-23T11:43:31.171+0000] {processor.py:161} INFO - Started process (PID=13458) to work on /home/vscode/.local/lib/python3.11/site-packages/airflow/example_dags/example_python_operator.py
[2026-05-23T11:43:31.171+0000] {processor.py:830} INFO - Processing file /home/vscode/.local/lib/python3.11/site-packages/airflow/example_dags/example_python_operator.py for tasks to queue
[2026-05-23T11:43:31.172+0000] {logging_mixin.py:188} INFO - [2026-05-23T11:43:31.171+0000] {dagbag.py:545} INFO - Filling up the DagBag from /home/vscode/.local/lib/python3.11/site-packages/airflow/example_dags/example_python_operator.py
[2026-05-23T11:43:31.179+0000] {processor.py:840} INFO - DAG(s) 'example_python_operator' retrieved from /home/vscode/.local/lib/python3.11/site-packages/airflow/example_dags/example_python_operator.py
[2026-05-23T11:43:31.192+0000] {logging_mixin.py:188} INFO - [2026-05-23T11:43:31.192+0000] {dag.py:3096} INFO - Sync 1 DAGs
[2026-05-23T11:43:31.200+0000] {logging_mixin.py:188} INFO - [2026-05-23T11:43:31.200+0000] {dag.py:3954} INFO - Setting next_dagrun for example_python_operator to None, run_after=None
[2026-05-23T11:43:31.215+0000] {processor.py:183} INFO - Processing /home/vscode/.local/lib/python3.11/site-packages/airflow/example_dags/example_python_operator.py took 0.050 seconds
[2026-05-23T11:44:14.850+0000] {processor.py:161} INFO - Started process (PID=13795) to work on /home/vscode/.local/lib/python3.11/site-packages/airflow/example_dags/example_python_operator.py
[2026-05-23T11:44:14.851+0000] {processor.py:830} INFO - Processing file /home/vscode/.local/lib/python3.11/site-packages/airflow/example_dags/example_python_operator.py for tasks to queue
[2026-05-23T11:44:14.852+0000] {logging_mixin.py:188} INFO - [2026-05-23T11:44:14.851+0000] {dagbag.py:545} INFO - Filling up the DagBag from /home/vscode/.local/lib/python3.11/site-packages/airflow/example_dags/example_python_operator.py
[2026-05-23T11:44:14.859+0000] {processor.py:840} INFO - DAG(s) 'example_python_operator' retrieved from /home/vscode/.local/lib/python3.11/site-packages/airflow/example_dags/example_python_operator.py
[2026-05-23T11:44:14.872+0000] {logging_mixin.py:188} INFO - [2026-05-23T11:44:14.872+0000] {dag.py:3096} INFO - Sync 1 DAGs
[2026-05-23T11:44:14.882+0000] {logging_mixin.py:188} INFO - [2026-05-23T11:44:14.882+0000] {dag.py:3954} INFO - Setting next_dagrun for example_python_operator to None, run_after=None
[2026-05-23T11:44:14.898+0000] {processor.py:183} INFO - Processing /home/vscode/.local/lib/python3.11/site-packages/airflow/example_dags/example_python_operator.py took 0.053 seconds
[2026-05-23T11:44:58.851+0000] {processor.py:161} INFO - Started process (PID=14201) to work on /home/vscode/.local/lib/python3.11/site-packages/airflow/example_dags/example_python_operator.py
[2026-05-23T11:44:58.851+0000] {processor.py:830} INFO - Processing file /home/vscode/.local/lib/python3.11/site-packages/airflow/example_dags/example_python_operator.py for tasks to queue
[2026-05-23T11:44:58.852+0000] {logging_mixin.py:188} INFO - [2026-05-23T11:44:58.851+0000] {dagbag.py:545} INFO - Filling up the DagBag from /home/vscode/.local/lib/python3.11/site-packages/airflow/example_dags/example_python_operator.py
[2026-05-23T11:44:58.859+0000] {processor.py:840} INFO - DAG(s) 'example_python_operator' retrieved from /home/vscode/.local/lib/python3.11/site-packages/airflow/example_dags/example_python_operator.py
[2026-05-23T11:44:58.874+0000] {logging_mixin.py:188} INFO - [2026-05-23T11:44:58.874+0000] {dag.py:3096} INFO - Sync 1 DAGs
[2026-05-23T11:44:58.887+0000] {logging_mixin.py:188} INFO - [2026-05-23T11:44:58.886+0000] {dag.py:3954} INFO - Setting next_dagrun for example_python_operator to None, run_after=None
[2026-05-23T11:44:58.902+0000] {processor.py:183} INFO - Processing /home/vscode/.local/lib/python3.11/site-packages/airflow/example_dags/example_python_operator.py took 0.057 seconds
[2026-05-23T11:45:42.982+0000] {processor.py:161} INFO - Started process (PID=14800) to work on /home/vscode/.local/lib/python3.11/site-packages/airflow/example_dags/example_python_operator.py
[2026-05-23T11:45:42.983+0000] {processor.py:830} INFO - Processing file /home/vscode/.local/lib/python3.11/site-packages/airflow/example_dags/example_python_operator.py for tasks to queue
[2026-05-23T11:45:42.984+0000] {logging_mixin.py:188} INFO - [2026-05-23T11:45:42.983+0000] {dagbag.py:545} INFO - Filling up the DagBag from /home/vscode/.local/lib/python3.11/site-packages/airflow/example_dags/example_python_operator.py
[2026-05-23T11:45:42.991+0000] {processor.py:840} INFO - DAG(s) 'example_python_operator' retrieved from /home/vscode/.local/lib/python3.11/site-packages/airflow/example_dags/example_python_operator.py
[2026-05-23T11:45:43.004+0000] {logging_mixin.py:188} INFO - [2026-05-23T11:45:43.004+0000] {dag.py:3096} INFO - Sync 1 DAGs
[2026-05-23T11:45:43.012+0000] {logging_mixin.py:188} INFO - [2026-05-23T11:45:43.012+0000] {dag.py:3954} INFO - Setting next_dagrun for example_python_operator to None, run_after=None
[2026-05-23T11:45:43.031+0000] {processor.py:183} INFO - Processing /home/vscode/.local/lib/python3.11/site-packages/airflow/example_dags/example_python_operator.py took 0.055 seconds
[2026-05-23T11:46:42.346+0000] {processor.py:161} INFO - Started process (PID=15424) to work on /home/vscode/.local/lib/python3.11/site-packages/airflow/example_dags/example_python_operator.py
[2026-05-23T11:46:42.347+0000] {processor.py:830} INFO - Processing file /home/vscode/.local/lib/python3.11/site-packages/airflow/example_dags/example_python_operator.py for tasks to queue
[2026-05-23T11:46:42.348+0000] {logging_mixin.py:188} INFO - [2026-05-23T11:46:42.347+0000] {dagbag.py:545} INFO - Filling up the DagBag from /home/vscode/.local/lib/python3.11/site-packages/airflow/example_dags/example_python_operator.py
[2026-05-23T11:46:42.359+0000] {processor.py:840} INFO - DAG(s) 'example_python_operator' retrieved from /home/vscode/.local/lib/python3.11/site-packages/airflow/example_dags/example_python_operator.py
[2026-05-23T11:46:42.378+0000] {logging_mixin.py:188} INFO - [2026-05-23T11:46:42.378+0000] {dag.py:3096} INFO - Sync 1 DAGs
[2026-05-23T11:46:42.390+0000] {logging_mixin.py:188} INFO - [2026-05-23T11:46:42.389+0000] {dag.py:3954} INFO - Setting next_dagrun for example_python_operator to None, run_after=None
[2026-05-23T11:46:42.409+0000] {processor.py:183} INFO - Processing /home/vscode/.local/lib/python3.11/site-packages/airflow/example_dags/example_python_operator.py took 0.071 seconds
[2026-05-23T11:47:44.968+0000] {processor.py:161} INFO - Started process (PID=15946) to work on /home/vscode/.local/lib/python3.11/site-packages/airflow/example_dags/example_python_operator.py
[2026-05-23T11:47:44.968+0000] {processor.py:830} INFO - Processing file /home/vscode/.local/lib/python3.11/site-packages/airflow/example_dags/example_python_operator.py for tasks to queue
[2026-05-23T11:47:44.969+0000] {logging_mixin.py:188} INFO - [2026-05-23T11:47:44.969+0000] {dagbag.py:545} INFO - Filling up the DagBag from /home/vscode/.local/lib/python3.11/site-packages/airflow/example_dags/example_python_operator.py
[2026-05-23T11:47:44.977+0000] {processor.py:840} INFO - DAG(s) 'example_python_operator' retrieved from /home/vscode/.local/lib/python3.11/site-packages/airflow/example_dags/example_python_operator.py
[2026-05-23T11:47:44.989+0000] {logging_mixin.py:188} INFO - [2026-05-23T11:47:44.989+0000] {dag.py:3096} INFO - Sync 1 DAGs
[2026-05-23T11:47:44.997+0000] {logging_mixin.py:188} INFO - [2026-05-23T11:47:44.997+0000] {dag.py:3954} INFO - Setting next_dagrun for example_python_operator to None, run_after=None
[2026-05-23T11:47:45.012+0000] {processor.py:183} INFO - Processing /home/vscode/.local/lib/python3.11/site-packages/airflow/example_dags/example_python_operator.py took 0.050 seconds
[2026-05-23T11:48:28.214+0000] {processor.py:161} INFO - Started process (PID=16348) to work on /home/vscode/.local/lib/python3.11/site-packages/airflow/example_dags/example_python_operator.py
[2026-05-23T11:48:28.215+0000] {processor.py:830} INFO - Processing file /home/vscode/.local/lib/python3.11/site-packages/airflow/example_dags/example_python_operator.py for tasks to queue
[2026-05-23T11:48:28.215+0000] {logging_mixin.py:188} INFO - [2026-05-23T11:48:28.215+0000] {dagbag.py:545} INFO - Filling up the DagBag from /home/vscode/.local/lib/python3.11/site-packages/airflow/example_dags/example_python_operator.py
[2026-05-23T11:48:28.223+0000] {processor.py:840} INFO - DAG(s) 'example_python_operator' retrieved from /home/vscode/.local/lib/python3.11/site-packages/airflow/example_dags/example_python_operator.py
[2026-05-23T11:48:28.235+0000] {logging_mixin.py:188} INFO - [2026-05-23T11:48:28.235+0000] {dag.py:3096} INFO - Sync 1 DAGs
[2026-05-23T11:48:28.243+0000] {logging_mixin.py:188} INFO - [2026-05-23T11:48:28.243+0000] {dag.py:3954} INFO - Setting next_dagrun for example_python_operator to None, run_after=None
[2026-05-23T11:48:28.259+0000] {processor.py:183} INFO - Processing /home/vscode/.local/lib/python3.11/site-packages/airflow/example_dags/example_python_operator.py took 0.051 seconds
[2026-05-23T11:49:30.179+0000] {processor.py:161} INFO - Started process (PID=16993) to work on /home/vscode/.local/lib/python3.11/site-packages/airflow/example_dags/example_python_operator.py
[2026-05-23T11:49:30.180+0000] {processor.py:830} INFO - Processing file /home/vscode/.local/lib/python3.11/site-packages/airflow/example_dags/example_python_operator.py for tasks to queue
[2026-05-23T11:49:30.180+0000] {logging_mixin.py:188} INFO - [2026-05-23T11:49:30.180+0000] {dagbag.py:545} INFO - Filling up the DagBag from /home/vscode/.local/lib/python3.11/site-packages/airflow/example_dags/example_python_operator.py
[2026-05-23T11:49:30.190+0000] {processor.py:840} INFO - DAG(s) 'example_python_operator' retrieved from /home/vscode/.local/lib/python3.11/site-packages/airflow/example_dags/example_python_operator.py
[2026-05-23T11:49:30.203+0000] {logging_mixin.py:188} INFO - [2026-05-23T11:49:30.203+0000] {dag.py:3096} INFO - Sync 1 DAGs
[2026-05-23T11:49:30.211+0000] {logging_mixin.py:188} INFO - [2026-05-23T11:49:30.211+0000] {dag.py:3954} INFO - Setting next_dagrun for example_python_operator to None, run_after=None
[2026-05-23T11:49:30.226+0000] {processor.py:183} INFO - Processing /home/vscode/.local/lib/python3.11/site-packages/airflow/example_dags/example_python_operator.py took 0.056 seconds
[2026-05-23T11:50:13.931+0000] {processor.py:161} INFO - Started process (PID=17698) to work on /home/vscode/.local/lib/python3.11/site-packages/airflow/example_dags/example_python_operator.py
[2026-05-23T11:50:13.932+0000] {processor.py:830} INFO - Processing file /home/vscode/.local/lib/python3.11/site-packages/airflow/example_dags/example_python_operator.py for tasks to queue
[2026-05-23T11:50:13.932+0000] {logging_mixin.py:188} INFO - [2026-05-23T11:50:13.932+0000] {dagbag.py:545} INFO - Filling up the DagBag from /home/vscode/.local/lib/python3.11/site-packages/airflow/example_dags/example_python_operator.py
[2026-05-23T11:50:13.940+0000] {processor.py:840} INFO - DAG(s) 'example_python_operator' retrieved from /home/vscode/.local/lib/python3.11/site-packages/airflow/example_dags/example_python_operator.py
[2026-05-23T11:50:13.953+0000] {logging_mixin.py:188} INFO - [2026-05-23T11:50:13.953+0000] {dag.py:3096} INFO - Sync 1 DAGs
[2026-05-23T11:50:13.962+0000] {logging_mixin.py:188} INFO - [2026-05-23T11:50:13.961+0000] {dag.py:3954} INFO - Setting next_dagrun for example_python_operator to None, run_after=None
[2026-05-23T11:50:13.977+0000] {processor.py:183} INFO - Processing /home/vscode/.local/lib/python3.11/site-packages/airflow/example_dags/example_python_operator.py took 0.054 seconds
[2026-05-23T11:51:15.842+0000] {processor.py:161} INFO - Started process (PID=18488) to work on /home/vscode/.local/lib/python3.11/site-packages/airflow/example_dags/example_python_operator.py
[2026-05-23T11:51:15.843+0000] {processor.py:830} INFO - Processing file /home/vscode/.local/lib/python3.11/site-packages/airflow/example_dags/example_python_operator.py for tasks to queue
[2026-05-23T11:51:15.844+0000] {logging_mixin.py:188} INFO - [2026-05-23T11:51:15.844+0000] {dagbag.py:545} INFO - Filling up the DagBag from /home/vscode/.local/lib/python3.11/site-packages/airflow/example_dags/example_python_operator.py
[2026-05-23T11:51:15.853+0000] {processor.py:840} INFO - DAG(s) 'example_python_operator' retrieved from /home/vscode/.local/lib/python3.11/site-packages/airflow/example_dags/example_python_operator.py
[2026-05-23T11:51:15.867+0000] {logging_mixin.py:188} INFO - [2026-05-23T11:51:15.867+0000] {dag.py:3096} INFO - Sync 1 DAGs
[2026-05-23T11:51:15.876+0000] {logging_mixin.py:188} INFO - [2026-05-23T11:51:15.876+0000] {dag.py:3954} INFO - Setting next_dagrun for example_python_operator to None, run_after=None
[2026-05-23T11:51:15.892+0000] {processor.py:183} INFO - Processing /home/vscode/.local/lib/python3.11/site-packages/airflow/example_dags/example_python_operator.py took 0.056 seconds
[2026-05-23T11:52:15.888+0000] {processor.py:161} INFO - Started process (PID=19076) to work on /home/vscode/.local/lib/python3.11/site-packages/airflow/example_dags/example_python_operator.py
[2026-05-23T11:52:15.889+0000] {processor.py:830} INFO - Processing file /home/vscode/.local/lib/python3.11/site-packages/airflow/example_dags/example_python_operator.py for tasks to queue
[2026-05-23T11:52:15.889+0000] {logging_mixin.py:188} INFO - [2026-05-23T11:52:15.889+0000] {dagbag.py:545} INFO - Filling up the DagBag from /home/vscode/.local/lib/python3.11/site-packages/airflow/example_dags/example_python_operator.py
[2026-05-23T11:52:15.897+0000] {processor.py:840} INFO - DAG(s) 'example_python_operator' retrieved from /home/vscode/.local/lib/python3.11/site-packages/airflow/example_dags/example_python_operator.py
[2026-05-23T11:52:15.910+0000] {logging_mixin.py:188} INFO - [2026-05-23T11:52:15.910+0000] {dag.py:3096} INFO - Sync 1 DAGs
[2026-05-23T11:52:15.918+0000] {logging_mixin.py:188} INFO - [2026-05-23T11:52:15.918+0000] {dag.py:3954} INFO - Setting next_dagrun for example_python_operator to None, run_after=None
[2026-05-23T11:52:15.933+0000] {processor.py:183} INFO - Processing /home/vscode/.local/lib/python3.11/site-packages/airflow/example_dags/example_python_operator.py took 0.051 seconds
[2026-05-23T11:53:10.929+0000] {processor.py:161} INFO - Started process (PID=19655) to work on /home/vscode/.local/lib/python3.11/site-packages/airflow/example_dags/example_python_operator.py
[2026-05-23T11:53:10.930+0000] {processor.py:830} INFO - Processing file /home/vscode/.local/lib/python3.11/site-packages/airflow/example_dags/example_python_operator.py for tasks to queue
[2026-05-23T11:53:10.931+0000] {logging_mixin.py:188} INFO - [2026-05-23T11:53:10.930+0000] {dagbag.py:545} INFO - Filling up the DagBag from /home/vscode/.local/lib/python3.11/site-packages/airflow/example_dags/example_python_operator.py
[2026-05-23T11:53:10.938+0000] {processor.py:840} INFO - DAG(s) 'example_python_operator' retrieved from /home/vscode/.local/lib/python3.11/site-packages/airflow/example_dags/example_python_operator.py
[2026-05-23T11:53:10.952+0000] {logging_mixin.py:188} INFO - [2026-05-23T11:53:10.951+0000] {dag.py:3096} INFO - Sync 1 DAGs
[2026-05-23T11:53:10.960+0000] {logging_mixin.py:188} INFO - [2026-05-23T11:53:10.960+0000] {dag.py:3954} INFO - Setting next_dagrun for example_python_operator to None, run_after=None
[2026-05-23T11:53:10.975+0000] {processor.py:183} INFO - Processing /home/vscode/.local/lib/python3.11/site-packages/airflow/example_dags/example_python_operator.py took 0.052 seconds
[2026-05-23T11:53:54.107+0000] {processor.py:161} INFO - Started process (PID=20237) to work on /home/vscode/.local/lib/python3.11/site-packages/airflow/example_dags/example_python_operator.py
[2026-05-23T11:53:54.108+0000] {processor.py:830} INFO - Processing file /home/vscode/.local/lib/python3.11/site-packages/airflow/example_dags/example_python_operator.py for tasks to queue
[2026-05-23T11:53:54.109+0000] {logging_mixin.py:188} INFO - [2026-05-23T11:53:54.108+0000] {dagbag.py:545} INFO - Filling up the DagBag from /home/vscode/.local/lib/python3.11/site-packages/airflow/example_dags/example_python_operator.py
[2026-05-23T11:53:54.116+0000] {processor.py:840} INFO - DAG(s) 'example_python_operator' retrieved from /home/vscode/.local/lib/python3.11/site-packages/airflow/example_dags/example_python_operator.py
[2026-05-23T11:53:54.137+0000] {logging_mixin.py:188} INFO - [2026-05-23T11:53:54.137+0000] {dag.py:3096} INFO - Sync 1 DAGs
[2026-05-23T11:53:54.151+0000] {logging_mixin.py:188} INFO - [2026-05-23T11:53:54.150+0000] {dag.py:3954} INFO - Setting next_dagrun for example_python_operator to None, run_after=None
[2026-05-23T11:53:54.172+0000] {processor.py:183} INFO - Processing /home/vscode/.local/lib/python3.11/site-packages/airflow/example_dags/example_python_operator.py took 0.070 seconds
[2026-05-23T11:54:39.841+0000] {processor.py:161} INFO - Started process (PID=20919) to work on /home/vscode/.local/lib/python3.11/site-packages/airflow/example_dags/example_python_operator.py
[2026-05-23T11:54:39.842+0000] {processor.py:830} INFO - Processing file /home/vscode/.local/lib/python3.11/site-packages/airflow/example_dags/example_python_operator.py for tasks to queue
[2026-05-23T11:54:39.843+0000] {logging_mixin.py:188} INFO - [2026-05-23T11:54:39.843+0000] {dagbag.py:545} INFO - Filling up the DagBag from /home/vscode/.local/lib/python3.11/site-packages/airflow/example_dags/example_python_operator.py
[2026-05-23T11:54:39.855+0000] {processor.py:840} INFO - DAG(s) 'example_python_operator' retrieved from /home/vscode/.local/lib/python3.11/site-packages/airflow/example_dags/example_python_operator.py
[2026-05-23T11:54:39.874+0000] {logging_mixin.py:188} INFO - [2026-05-23T11:54:39.874+0000] {dag.py:3096} INFO - Sync 1 DAGs
[2026-05-23T11:54:39.887+0000] {logging_mixin.py:188} INFO - [2026-05-23T11:54:39.886+0000] {dag.py:3954} INFO - Setting next_dagrun for example_python_operator to None, run_after=None
[2026-05-23T11:54:39.909+0000] {processor.py:183} INFO - Processing /home/vscode/.local/lib/python3.11/site-packages/airflow/example_dags/example_python_operator.py took 0.077 seconds
[2026-05-23T11:55:28.181+0000] {processor.py:161} INFO - Started process (PID=21572) to work on /home/vscode/.local/lib/python3.11/site-packages/airflow/example_dags/example_python_operator.py
[2026-05-23T11:55:28.182+0000] {processor.py:830} INFO - Processing file /home/vscode/.local/lib/python3.11/site-packages/airflow/example_dags/example_python_operator.py for tasks to queue
[2026-05-23T11:55:28.183+0000] {logging_mixin.py:188} INFO - [2026-05-23T11:55:28.182+0000] {dagbag.py:545} INFO - Filling up the DagBag from /home/vscode/.local/lib/python3.11/site-packages/airflow/example_dags/example_python_operator.py
[2026-05-23T11:55:28.202+0000] {processor.py:840} INFO - DAG(s) 'example_python_operator' retrieved from /home/vscode/.local/lib/python3.11/site-packages/airflow/example_dags/example_python_operator.py
[2026-05-23T11:55:28.223+0000] {logging_mixin.py:188} INFO - [2026-05-23T11:55:28.223+0000] {dag.py:3096} INFO - Sync 1 DAGs
[2026-05-23T11:55:28.236+0000] {logging_mixin.py:188} INFO - [2026-05-23T11:55:28.236+0000] {dag.py:3954} INFO - Setting next_dagrun for example_python_operator to None, run_after=None
[2026-05-23T11:55:28.288+0000] {processor.py:183} INFO - Processing /home/vscode/.local/lib/python3.11/site-packages/airflow/example_dags/example_python_operator.py took 0.117 seconds
[2026-05-23T11:56:19.010+0000] {processor.py:161} INFO - Started process (PID=22180) to work on /home/vscode/.local/lib/python3.11/site-packages/airflow/example_dags/example_python_operator.py
[2026-05-23T11:56:19.010+0000] {processor.py:830} INFO - Processing file /home/vscode/.local/lib/python3.11/site-packages/airflow/example_dags/example_python_operator.py for tasks to queue
[2026-05-23T11:56:19.012+0000] {logging_mixin.py:188} INFO - [2026-05-23T11:56:19.011+0000] {dagbag.py:545} INFO - Filling up the DagBag from /home/vscode/.local/lib/python3.11/site-packages/airflow/example_dags/example_python_operator.py
[2026-05-23T11:56:19.024+0000] {processor.py:840} INFO - DAG(s) 'example_python_operator' retrieved from /home/vscode/.local/lib/python3.11/site-packages/airflow/example_dags/example_python_operator.py
[2026-05-23T11:56:19.044+0000] {logging_mixin.py:188} INFO - [2026-05-23T11:56:19.044+0000] {dag.py:3096} INFO - Sync 1 DAGs
[2026-05-23T11:56:19.057+0000] {logging_mixin.py:188} INFO - [2026-05-23T11:56:19.057+0000] {dag.py:3954} INFO - Setting next_dagrun for example_python_operator to None, run_after=None
[2026-05-23T11:56:19.083+0000] {processor.py:183} INFO - Processing /home/vscode/.local/lib/python3.11/site-packages/airflow/example_dags/example_python_operator.py took 0.085 seconds
[2026-05-23T11:57:08.359+0000] {processor.py:161} INFO - Started process (PID=22736) to work on /home/vscode/.local/lib/python3.11/site-packages/airflow/example_dags/example_python_operator.py
[2026-05-23T11:57:08.360+0000] {processor.py:830} INFO - Processing file /home/vscode/.local/lib/python3.11/site-packages/airflow/example_dags/example_python_operator.py for tasks to queue
[2026-05-23T11:57:08.361+0000] {logging_mixin.py:188} INFO - [2026-05-23T11:57:08.360+0000] {dagbag.py:545} INFO - Filling up the DagBag from /home/vscode/.local/lib/python3.11/site-packages/airflow/example_dags/example_python_operator.py
[2026-05-23T11:57:08.372+0000] {processor.py:840} INFO - DAG(s) 'example_python_operator' retrieved from /home/vscode/.local/lib/python3.11/site-packages/airflow/example_dags/example_python_operator.py
[2026-05-23T11:57:08.399+0000] {logging_mixin.py:188} INFO - [2026-05-23T11:57:08.399+0000] {dag.py:3096} INFO - Sync 1 DAGs
[2026-05-23T11:57:08.412+0000] {logging_mixin.py:188} INFO - [2026-05-23T11:57:08.412+0000] {dag.py:3954} INFO - Setting next_dagrun for example_python_operator to None, run_after=None
[2026-05-23T11:57:08.472+0000] {processor.py:183} INFO - Processing /home/vscode/.local/lib/python3.11/site-packages/airflow/example_dags/example_python_operator.py took 0.123 seconds
[2026-05-23T11:57:59.214+0000] {processor.py:161} INFO - Started process (PID=23196) to work on /home/vscode/.local/lib/python3.11/site-packages/airflow/example_dags/example_python_operator.py
[2026-05-23T11:57:59.216+0000] {processor.py:830} INFO - Processing file /home/vscode/.local/lib/python3.11/site-packages/airflow/example_dags/example_python_operator.py for tasks to queue
[2026-05-23T11:57:59.218+0000] {logging_mixin.py:188} INFO - [2026-05-23T11:57:59.217+0000] {dagbag.py:545} INFO - Filling up the DagBag from /home/vscode/.local/lib/python3.11/site-packages/airflow/example_dags/example_python_operator.py
[2026-05-23T11:57:59.234+0000] {processor.py:840} INFO - DAG(s) 'example_python_operator' retrieved from /home/vscode/.local/lib/python3.11/site-packages/airflow/example_dags/example_python_operator.py
[2026-05-23T11:57:59.256+0000] {logging_mixin.py:188} INFO - [2026-05-23T11:57:59.256+0000] {dag.py:3096} INFO - Sync 1 DAGs
[2026-05-23T11:57:59.270+0000] {logging_mixin.py:188} INFO - [2026-05-23T11:57:59.269+0000] {dag.py:3954} INFO - Setting next_dagrun for example_python_operator to None, run_after=None
[2026-05-23T11:57:59.298+0000] {processor.py:183} INFO - Processing /home/vscode/.local/lib/python3.11/site-packages/airflow/example_dags/example_python_operator.py took 0.097 seconds
[2026-05-23T11:58:46.782+0000] {processor.py:161} INFO - Started process (PID=23747) to work on /home/vscode/.local/lib/python3.11/site-packages/airflow/example_dags/example_python_operator.py
[2026-05-23T11:58:46.782+0000] {processor.py:830} INFO - Processing file /home/vscode/.local/lib/python3.11/site-packages/airflow/example_dags/example_python_operator.py for tasks to queue
[2026-05-23T11:58:46.783+0000] {logging_mixin.py:188} INFO - [2026-05-23T11:58:46.783+0000] {dagbag.py:545} INFO - Filling up the DagBag from /home/vscode/.local/lib/python3.11/site-packages/airflow/example_dags/example_python_operator.py
[2026-05-23T11:58:46.783+0000] {processor.py:842} WARNING - No viable dags retrieved from /home/vscode/.local/lib/python3.11/site-packages/airflow/example_dags/example_python_operator.py
[2026-05-23T11:58:46.788+0000] {processor.py:183} INFO - Processing /home/vscode/.local/lib/python3.11/site-packages/airflow/example_dags/example_python_operator.py took 0.013 seconds
