[2026-05-23T12:01:48.048+0000] {processor.py:161} INFO - Started process (PID=26706) to work on /home/vscode/.local/lib/python3.11/site-packages/airflow/example_dags/example_asset_alias_with_no_taskflow.py
[2026-05-23T12:01:48.048+0000] {processor.py:830} INFO - Processing file /home/vscode/.local/lib/python3.11/site-packages/airflow/example_dags/example_asset_alias_with_no_taskflow.py for tasks to queue
[2026-05-23T12:01:48.049+0000] {logging_mixin.py:188} INFO - [2026-05-23T12:01:48.048+0000] {dagbag.py:545} INFO - Filling up the DagBag from /home/vscode/.local/lib/python3.11/site-packages/airflow/example_dags/example_asset_alias_with_no_taskflow.py
[2026-05-23T12:01:48.052+0000] {logging_mixin.py:188} INFO - [2026-05-23T12:01:48.051+0000] {dagbag.py:355} ERROR - Failed to import: /home/vscode/.local/lib/python3.11/site-packages/airflow/example_dags/example_asset_alias_with_no_taskflow.py
Traceback (most recent call last):
  File "/home/vscode/.local/lib/python3.11/site-packages/airflow/models/dagbag.py", line 351, in parse
  File "<frozen importlib._bootstrap_external>", line 940, in exec_module
  File "<frozen importlib._bootstrap>", line 241, in _call_with_frames_removed
  File "/home/vscode/.local/lib/python3.11/site-packages/airflow/example_dags/example_asset_alias_with_no_taskflow.py", line 38, in <module>
    from airflow.providers.standard.operators.python import PythonOperator
  File "/home/vscode/.local/lib/python3.11/site-packages/airflow/providers/standard/__init__.py", line 37, in <module>
    raise RuntimeError(
RuntimeError: The package `apache-airflow-providers-standard:1.13.0` needs Apache Airflow 2.11.0+
[2026-05-23T12:01:48.053+0000] {processor.py:842} WARNING - No viable dags retrieved from /home/vscode/.local/lib/python3.11/site-packages/airflow/example_dags/example_asset_alias_with_no_taskflow.py
[2026-05-23T12:01:48.074+0000] {processor.py:183} INFO - Processing /home/vscode/.local/lib/python3.11/site-packages/airflow/example_dags/example_asset_alias_with_no_taskflow.py took 0.039 seconds
[2026-05-23T12:02:21.273+0000] {processor.py:161} INFO - Started process (PID=29219) to work on /home/vscode/.local/lib/python3.11/site-packages/airflow/example_dags/example_asset_alias_with_no_taskflow.py
[2026-05-23T12:02:21.274+0000] {processor.py:830} INFO - Processing file /home/vscode/.local/lib/python3.11/site-packages/airflow/example_dags/example_asset_alias_with_no_taskflow.py for tasks to queue
[2026-05-23T12:02:21.275+0000] {logging_mixin.py:188} INFO - [2026-05-23T12:02:21.274+0000] {dagbag.py:545} INFO - Filling up the DagBag from /home/vscode/.local/lib/python3.11/site-packages/airflow/example_dags/example_asset_alias_with_no_taskflow.py
[2026-05-23T12:02:21.277+0000] {logging_mixin.py:188} INFO - [2026-05-23T12:02:21.277+0000] {dagbag.py:355} ERROR - Failed to import: /home/vscode/.local/lib/python3.11/site-packages/airflow/example_dags/example_asset_alias_with_no_taskflow.py
Traceback (most recent call last):
  File "/home/vscode/.local/lib/python3.11/site-packages/airflow/models/dagbag.py", line 351, in parse
  File "<frozen importlib._bootstrap_external>", line 940, in exec_module
  File "<frozen importlib._bootstrap>", line 241, in _call_with_frames_removed
  File "/home/vscode/.local/lib/python3.11/site-packages/airflow/example_dags/example_asset_alias_with_no_taskflow.py", line 38, in <module>
    from airflow.providers.standard.operators.python import PythonOperator
  File "/home/vscode/.local/lib/python3.11/site-packages/airflow/providers/standard/__init__.py", line 37, in <module>
    raise RuntimeError(
RuntimeError: The package `apache-airflow-providers-standard:1.13.0` needs Apache Airflow 2.11.0+
[2026-05-23T12:02:21.278+0000] {processor.py:842} WARNING - No viable dags retrieved from /home/vscode/.local/lib/python3.11/site-packages/airflow/example_dags/example_asset_alias_with_no_taskflow.py
[2026-05-23T12:02:21.291+0000] {processor.py:183} INFO - Processing /home/vscode/.local/lib/python3.11/site-packages/airflow/example_dags/example_asset_alias_with_no_taskflow.py took 0.024 seconds
[2026-05-23T12:02:51.879+0000] {processor.py:161} INFO - Started process (PID=29715) to work on /home/vscode/.local/lib/python3.11/site-packages/airflow/example_dags/example_asset_alias_with_no_taskflow.py
[2026-05-23T12:02:51.879+0000] {processor.py:830} INFO - Processing file /home/vscode/.local/lib/python3.11/site-packages/airflow/example_dags/example_asset_alias_with_no_taskflow.py for tasks to queue
[2026-05-23T12:02:51.880+0000] {logging_mixin.py:188} INFO - [2026-05-23T12:02:51.880+0000] {dagbag.py:545} INFO - Filling up the DagBag from /home/vscode/.local/lib/python3.11/site-packages/airflow/example_dags/example_asset_alias_with_no_taskflow.py
[2026-05-23T12:02:51.882+0000] {logging_mixin.py:188} INFO - [2026-05-23T12:02:51.882+0000] {dagbag.py:355} ERROR - Failed to import: /home/vscode/.local/lib/python3.11/site-packages/airflow/example_dags/example_asset_alias_with_no_taskflow.py
Traceback (most recent call last):
  File "/home/vscode/.local/lib/python3.11/site-packages/airflow/models/dagbag.py", line 351, in parse
  File "<frozen importlib._bootstrap_external>", line 940, in exec_module
  File "<frozen importlib._bootstrap>", line 241, in _call_with_frames_removed
  File "/home/vscode/.local/lib/python3.11/site-packages/airflow/example_dags/example_asset_alias_with_no_taskflow.py", line 38, in <module>
    from airflow.providers.standard.operators.python import PythonOperator
  File "/home/vscode/.local/lib/python3.11/site-packages/airflow/providers/standard/__init__.py", line 37, in <module>
    raise RuntimeError(
RuntimeError: The package `apache-airflow-providers-standard:1.13.0` needs Apache Airflow 2.11.0+
[2026-05-23T12:02:51.883+0000] {processor.py:842} WARNING - No viable dags retrieved from /home/vscode/.local/lib/python3.11/site-packages/airflow/example_dags/example_asset_alias_with_no_taskflow.py
[2026-05-23T12:02:51.896+0000] {processor.py:183} INFO - Processing /home/vscode/.local/lib/python3.11/site-packages/airflow/example_dags/example_asset_alias_with_no_taskflow.py took 0.024 seconds
[2026-05-23T12:03:22.276+0000] {processor.py:161} INFO - Started process (PID=29915) to work on /home/vscode/.local/lib/python3.11/site-packages/airflow/example_dags/example_asset_alias_with_no_taskflow.py
[2026-05-23T12:03:22.277+0000] {processor.py:830} INFO - Processing file /home/vscode/.local/lib/python3.11/site-packages/airflow/example_dags/example_asset_alias_with_no_taskflow.py for tasks to queue
[2026-05-23T12:03:22.277+0000] {logging_mixin.py:188} INFO - [2026-05-23T12:03:22.277+0000] {dagbag.py:545} INFO - Filling up the DagBag from /home/vscode/.local/lib/python3.11/site-packages/airflow/example_dags/example_asset_alias_with_no_taskflow.py
[2026-05-23T12:03:22.280+0000] {logging_mixin.py:188} INFO - [2026-05-23T12:03:22.279+0000] {dagbag.py:355} ERROR - Failed to import: /home/vscode/.local/lib/python3.11/site-packages/airflow/example_dags/example_asset_alias_with_no_taskflow.py
Traceback (most recent call last):
  File "/home/vscode/.local/lib/python3.11/site-packages/airflow/models/dagbag.py", line 351, in parse
  File "<frozen importlib._bootstrap_external>", line 940, in exec_module
  File "<frozen importlib._bootstrap>", line 241, in _call_with_frames_removed
  File "/home/vscode/.local/lib/python3.11/site-packages/airflow/example_dags/example_asset_alias_with_no_taskflow.py", line 38, in <module>
    from airflow.providers.standard.operators.python import PythonOperator
  File "/home/vscode/.local/lib/python3.11/site-packages/airflow/providers/standard/__init__.py", line 37, in <module>
    raise RuntimeError(
RuntimeError: The package `apache-airflow-providers-standard:1.13.0` needs Apache Airflow 2.11.0+
[2026-05-23T12:03:22.281+0000] {processor.py:842} WARNING - No viable dags retrieved from /home/vscode/.local/lib/python3.11/site-packages/airflow/example_dags/example_asset_alias_with_no_taskflow.py
[2026-05-23T12:03:22.305+0000] {processor.py:183} INFO - Processing /home/vscode/.local/lib/python3.11/site-packages/airflow/example_dags/example_asset_alias_with_no_taskflow.py took 0.037 seconds
[2026-05-23T12:03:52.700+0000] {processor.py:161} INFO - Started process (PID=30031) to work on /home/vscode/.local/lib/python3.11/site-packages/airflow/example_dags/example_asset_alias_with_no_taskflow.py
[2026-05-23T12:03:52.701+0000] {processor.py:830} INFO - Processing file /home/vscode/.local/lib/python3.11/site-packages/airflow/example_dags/example_asset_alias_with_no_taskflow.py for tasks to queue
[2026-05-23T12:03:52.702+0000] {logging_mixin.py:188} INFO - [2026-05-23T12:03:52.702+0000] {dagbag.py:545} INFO - Filling up the DagBag from /home/vscode/.local/lib/python3.11/site-packages/airflow/example_dags/example_asset_alias_with_no_taskflow.py
[2026-05-23T12:03:52.705+0000] {logging_mixin.py:188} INFO - [2026-05-23T12:03:52.704+0000] {dagbag.py:355} ERROR - Failed to import: /home/vscode/.local/lib/python3.11/site-packages/airflow/example_dags/example_asset_alias_with_no_taskflow.py
Traceback (most recent call last):
  File "/home/vscode/.local/lib/python3.11/site-packages/airflow/models/dagbag.py", line 351, in parse
  File "<frozen importlib._bootstrap_external>", line 940, in exec_module
  File "<frozen importlib._bootstrap>", line 241, in _call_with_frames_removed
  File "/home/vscode/.local/lib/python3.11/site-packages/airflow/example_dags/example_asset_alias_with_no_taskflow.py", line 38, in <module>
    from airflow.providers.standard.operators.python import PythonOperator
  File "/home/vscode/.local/lib/python3.11/site-packages/airflow/providers/standard/__init__.py", line 37, in <module>
    raise RuntimeError(
RuntimeError: The package `apache-airflow-providers-standard:1.13.0` needs Apache Airflow 2.11.0+
[2026-05-23T12:03:52.705+0000] {processor.py:842} WARNING - No viable dags retrieved from /home/vscode/.local/lib/python3.11/site-packages/airflow/example_dags/example_asset_alias_with_no_taskflow.py
[2026-05-23T12:03:52.718+0000] {processor.py:183} INFO - Processing /home/vscode/.local/lib/python3.11/site-packages/airflow/example_dags/example_asset_alias_with_no_taskflow.py took 0.031 seconds
[2026-05-23T12:04:23.005+0000] {processor.py:161} INFO - Started process (PID=30139) to work on /home/vscode/.local/lib/python3.11/site-packages/airflow/example_dags/example_asset_alias_with_no_taskflow.py
[2026-05-23T12:04:23.006+0000] {processor.py:830} INFO - Processing file /home/vscode/.local/lib/python3.11/site-packages/airflow/example_dags/example_asset_alias_with_no_taskflow.py for tasks to queue
[2026-05-23T12:04:23.007+0000] {logging_mixin.py:188} INFO - [2026-05-23T12:04:23.006+0000] {dagbag.py:545} INFO - Filling up the DagBag from /home/vscode/.local/lib/python3.11/site-packages/airflow/example_dags/example_asset_alias_with_no_taskflow.py
[2026-05-23T12:04:23.009+0000] {logging_mixin.py:188} INFO - [2026-05-23T12:04:23.008+0000] {dagbag.py:355} ERROR - Failed to import: /home/vscode/.local/lib/python3.11/site-packages/airflow/example_dags/example_asset_alias_with_no_taskflow.py
Traceback (most recent call last):
  File "/home/vscode/.local/lib/python3.11/site-packages/airflow/models/dagbag.py", line 351, in parse
  File "<frozen importlib._bootstrap_external>", line 940, in exec_module
  File "<frozen importlib._bootstrap>", line 241, in _call_with_frames_removed
  File "/home/vscode/.local/lib/python3.11/site-packages/airflow/example_dags/example_asset_alias_with_no_taskflow.py", line 38, in <module>
    from airflow.providers.standard.operators.python import PythonOperator
  File "/home/vscode/.local/lib/python3.11/site-packages/airflow/providers/standard/__init__.py", line 37, in <module>
    raise RuntimeError(
RuntimeError: The package `apache-airflow-providers-standard:1.13.0` needs Apache Airflow 2.11.0+
[2026-05-23T12:04:23.009+0000] {processor.py:842} WARNING - No viable dags retrieved from /home/vscode/.local/lib/python3.11/site-packages/airflow/example_dags/example_asset_alias_with_no_taskflow.py
[2026-05-23T12:04:23.022+0000] {processor.py:183} INFO - Processing /home/vscode/.local/lib/python3.11/site-packages/airflow/example_dags/example_asset_alias_with_no_taskflow.py took 0.023 seconds
[2026-05-23T12:04:53.404+0000] {processor.py:161} INFO - Started process (PID=30255) to work on /home/vscode/.local/lib/python3.11/site-packages/airflow/example_dags/example_asset_alias_with_no_taskflow.py
[2026-05-23T12:04:53.404+0000] {processor.py:830} INFO - Processing file /home/vscode/.local/lib/python3.11/site-packages/airflow/example_dags/example_asset_alias_with_no_taskflow.py for tasks to queue
[2026-05-23T12:04:53.405+0000] {logging_mixin.py:188} INFO - [2026-05-23T12:04:53.404+0000] {dagbag.py:545} INFO - Filling up the DagBag from /home/vscode/.local/lib/python3.11/site-packages/airflow/example_dags/example_asset_alias_with_no_taskflow.py
[2026-05-23T12:04:53.407+0000] {logging_mixin.py:188} INFO - [2026-05-23T12:04:53.406+0000] {dagbag.py:355} ERROR - Failed to import: /home/vscode/.local/lib/python3.11/site-packages/airflow/example_dags/example_asset_alias_with_no_taskflow.py
Traceback (most recent call last):
  File "/home/vscode/.local/lib/python3.11/site-packages/airflow/models/dagbag.py", line 351, in parse
  File "<frozen importlib._bootstrap_external>", line 940, in exec_module
  File "<frozen importlib._bootstrap>", line 241, in _call_with_frames_removed
  File "/home/vscode/.local/lib/python3.11/site-packages/airflow/example_dags/example_asset_alias_with_no_taskflow.py", line 38, in <module>
    from airflow.providers.standard.operators.python import PythonOperator
  File "/home/vscode/.local/lib/python3.11/site-packages/airflow/providers/standard/__init__.py", line 37, in <module>
    raise RuntimeError(
RuntimeError: The package `apache-airflow-providers-standard:1.13.0` needs Apache Airflow 2.11.0+
[2026-05-23T12:04:53.407+0000] {processor.py:842} WARNING - No viable dags retrieved from /home/vscode/.local/lib/python3.11/site-packages/airflow/example_dags/example_asset_alias_with_no_taskflow.py
[2026-05-23T12:04:53.420+0000] {processor.py:183} INFO - Processing /home/vscode/.local/lib/python3.11/site-packages/airflow/example_dags/example_asset_alias_with_no_taskflow.py took 0.022 seconds
[2026-05-23T12:05:24.164+0000] {processor.py:161} INFO - Started process (PID=30364) to work on /home/vscode/.local/lib/python3.11/site-packages/airflow/example_dags/example_asset_alias_with_no_taskflow.py
[2026-05-23T12:05:24.165+0000] {processor.py:830} INFO - Processing file /home/vscode/.local/lib/python3.11/site-packages/airflow/example_dags/example_asset_alias_with_no_taskflow.py for tasks to queue
[2026-05-23T12:05:24.166+0000] {logging_mixin.py:188} INFO - [2026-05-23T12:05:24.165+0000] {dagbag.py:545} INFO - Filling up the DagBag from /home/vscode/.local/lib/python3.11/site-packages/airflow/example_dags/example_asset_alias_with_no_taskflow.py
[2026-05-23T12:05:24.168+0000] {logging_mixin.py:188} INFO - [2026-05-23T12:05:24.167+0000] {dagbag.py:355} ERROR - Failed to import: /home/vscode/.local/lib/python3.11/site-packages/airflow/example_dags/example_asset_alias_with_no_taskflow.py
Traceback (most recent call last):
  File "/home/vscode/.local/lib/python3.11/site-packages/airflow/models/dagbag.py", line 351, in parse
  File "<frozen importlib._bootstrap_external>", line 940, in exec_module
  File "<frozen importlib._bootstrap>", line 241, in _call_with_frames_removed
  File "/home/vscode/.local/lib/python3.11/site-packages/airflow/example_dags/example_asset_alias_with_no_taskflow.py", line 38, in <module>
    from airflow.providers.standard.operators.python import PythonOperator
  File "/home/vscode/.local/lib/python3.11/site-packages/airflow/providers/standard/__init__.py", line 37, in <module>
    raise RuntimeError(
RuntimeError: The package `apache-airflow-providers-standard:1.13.0` needs Apache Airflow 2.11.0+
[2026-05-23T12:05:24.169+0000] {processor.py:842} WARNING - No viable dags retrieved from /home/vscode/.local/lib/python3.11/site-packages/airflow/example_dags/example_asset_alias_with_no_taskflow.py
[2026-05-23T12:05:24.182+0000] {processor.py:183} INFO - Processing /home/vscode/.local/lib/python3.11/site-packages/airflow/example_dags/example_asset_alias_with_no_taskflow.py took 0.025 seconds
[2026-05-23T12:05:56.040+0000] {processor.py:161} INFO - Started process (PID=30487) to work on /home/vscode/.local/lib/python3.11/site-packages/airflow/example_dags/example_asset_alias_with_no_taskflow.py
[2026-05-23T12:05:56.040+0000] {processor.py:830} INFO - Processing file /home/vscode/.local/lib/python3.11/site-packages/airflow/example_dags/example_asset_alias_with_no_taskflow.py for tasks to queue
[2026-05-23T12:05:56.041+0000] {logging_mixin.py:188} INFO - [2026-05-23T12:05:56.040+0000] {dagbag.py:545} INFO - Filling up the DagBag from /home/vscode/.local/lib/python3.11/site-packages/airflow/example_dags/example_asset_alias_with_no_taskflow.py
[2026-05-23T12:05:56.043+0000] {logging_mixin.py:188} INFO - [2026-05-23T12:05:56.042+0000] {dagbag.py:355} ERROR - Failed to import: /home/vscode/.local/lib/python3.11/site-packages/airflow/example_dags/example_asset_alias_with_no_taskflow.py
Traceback (most recent call last):
  File "/home/vscode/.local/lib/python3.11/site-packages/airflow/models/dagbag.py", line 351, in parse
  File "<frozen importlib._bootstrap_external>", line 940, in exec_module
  File "<frozen importlib._bootstrap>", line 241, in _call_with_frames_removed
  File "/home/vscode/.local/lib/python3.11/site-packages/airflow/example_dags/example_asset_alias_with_no_taskflow.py", line 38, in <module>
    from airflow.providers.standard.operators.python import PythonOperator
  File "/home/vscode/.local/lib/python3.11/site-packages/airflow/providers/standard/__init__.py", line 37, in <module>
    raise RuntimeError(
RuntimeError: The package `apache-airflow-providers-standard:1.13.0` needs Apache Airflow 2.11.0+
[2026-05-23T12:05:56.043+0000] {processor.py:842} WARNING - No viable dags retrieved from /home/vscode/.local/lib/python3.11/site-packages/airflow/example_dags/example_asset_alias_with_no_taskflow.py
[2026-05-23T12:05:56.056+0000] {processor.py:183} INFO - Processing /home/vscode/.local/lib/python3.11/site-packages/airflow/example_dags/example_asset_alias_with_no_taskflow.py took 0.027 seconds
[2026-05-23T12:06:26.876+0000] {processor.py:161} INFO - Started process (PID=30603) to work on /home/vscode/.local/lib/python3.11/site-packages/airflow/example_dags/example_asset_alias_with_no_taskflow.py
[2026-05-23T12:06:26.877+0000] {processor.py:830} INFO - Processing file /home/vscode/.local/lib/python3.11/site-packages/airflow/example_dags/example_asset_alias_with_no_taskflow.py for tasks to queue
[2026-05-23T12:06:26.877+0000] {logging_mixin.py:188} INFO - [2026-05-23T12:06:26.877+0000] {dagbag.py:545} INFO - Filling up the DagBag from /home/vscode/.local/lib/python3.11/site-packages/airflow/example_dags/example_asset_alias_with_no_taskflow.py
[2026-05-23T12:06:26.880+0000] {logging_mixin.py:188} INFO - [2026-05-23T12:06:26.879+0000] {dagbag.py:355} ERROR - Failed to import: /home/vscode/.local/lib/python3.11/site-packages/airflow/example_dags/example_asset_alias_with_no_taskflow.py
Traceback (most recent call last):
  File "/home/vscode/.local/lib/python3.11/site-packages/airflow/models/dagbag.py", line 351, in parse
  File "<frozen importlib._bootstrap_external>", line 940, in exec_module
  File "<frozen importlib._bootstrap>", line 241, in _call_with_frames_removed
  File "/home/vscode/.local/lib/python3.11/site-packages/airflow/example_dags/example_asset_alias_with_no_taskflow.py", line 38, in <module>
    from airflow.providers.standard.operators.python import PythonOperator
  File "/home/vscode/.local/lib/python3.11/site-packages/airflow/providers/standard/__init__.py", line 37, in <module>
    raise RuntimeError(
RuntimeError: The package `apache-airflow-providers-standard:1.13.0` needs Apache Airflow 2.11.0+
[2026-05-23T12:06:26.880+0000] {processor.py:842} WARNING - No viable dags retrieved from /home/vscode/.local/lib/python3.11/site-packages/airflow/example_dags/example_asset_alias_with_no_taskflow.py
[2026-05-23T12:06:26.892+0000] {processor.py:183} INFO - Processing /home/vscode/.local/lib/python3.11/site-packages/airflow/example_dags/example_asset_alias_with_no_taskflow.py took 0.023 seconds
[2026-05-23T12:06:57.601+0000] {processor.py:161} INFO - Started process (PID=30713) to work on /home/vscode/.local/lib/python3.11/site-packages/airflow/example_dags/example_asset_alias_with_no_taskflow.py
[2026-05-23T12:06:57.601+0000] {processor.py:830} INFO - Processing file /home/vscode/.local/lib/python3.11/site-packages/airflow/example_dags/example_asset_alias_with_no_taskflow.py for tasks to queue
[2026-05-23T12:06:57.602+0000] {logging_mixin.py:188} INFO - [2026-05-23T12:06:57.601+0000] {dagbag.py:545} INFO - Filling up the DagBag from /home/vscode/.local/lib/python3.11/site-packages/airflow/example_dags/example_asset_alias_with_no_taskflow.py
[2026-05-23T12:06:57.604+0000] {logging_mixin.py:188} INFO - [2026-05-23T12:06:57.603+0000] {dagbag.py:355} ERROR - Failed to import: /home/vscode/.local/lib/python3.11/site-packages/airflow/example_dags/example_asset_alias_with_no_taskflow.py
Traceback (most recent call last):
  File "/home/vscode/.local/lib/python3.11/site-packages/airflow/models/dagbag.py", line 351, in parse
  File "<frozen importlib._bootstrap_external>", line 940, in exec_module
  File "<frozen importlib._bootstrap>", line 241, in _call_with_frames_removed
  File "/home/vscode/.local/lib/python3.11/site-packages/airflow/example_dags/example_asset_alias_with_no_taskflow.py", line 38, in <module>
    from airflow.providers.standard.operators.python import PythonOperator
  File "/home/vscode/.local/lib/python3.11/site-packages/airflow/providers/standard/__init__.py", line 37, in <module>
    raise RuntimeError(
RuntimeError: The package `apache-airflow-providers-standard:1.13.0` needs Apache Airflow 2.11.0+
[2026-05-23T12:06:57.604+0000] {processor.py:842} WARNING - No viable dags retrieved from /home/vscode/.local/lib/python3.11/site-packages/airflow/example_dags/example_asset_alias_with_no_taskflow.py
[2026-05-23T12:06:57.617+0000] {processor.py:183} INFO - Processing /home/vscode/.local/lib/python3.11/site-packages/airflow/example_dags/example_asset_alias_with_no_taskflow.py took 0.022 seconds
[2026-05-23T12:07:28.304+0000] {processor.py:161} INFO - Started process (PID=30827) to work on /home/vscode/.local/lib/python3.11/site-packages/airflow/example_dags/example_asset_alias_with_no_taskflow.py
[2026-05-23T12:07:28.304+0000] {processor.py:830} INFO - Processing file /home/vscode/.local/lib/python3.11/site-packages/airflow/example_dags/example_asset_alias_with_no_taskflow.py for tasks to queue
[2026-05-23T12:07:28.305+0000] {logging_mixin.py:188} INFO - [2026-05-23T12:07:28.305+0000] {dagbag.py:545} INFO - Filling up the DagBag from /home/vscode/.local/lib/python3.11/site-packages/airflow/example_dags/example_asset_alias_with_no_taskflow.py
[2026-05-23T12:07:28.307+0000] {logging_mixin.py:188} INFO - [2026-05-23T12:07:28.306+0000] {dagbag.py:355} ERROR - Failed to import: /home/vscode/.local/lib/python3.11/site-packages/airflow/example_dags/example_asset_alias_with_no_taskflow.py
Traceback (most recent call last):
  File "/home/vscode/.local/lib/python3.11/site-packages/airflow/models/dagbag.py", line 351, in parse
  File "<frozen importlib._bootstrap_external>", line 940, in exec_module
  File "<frozen importlib._bootstrap>", line 241, in _call_with_frames_removed
  File "/home/vscode/.local/lib/python3.11/site-packages/airflow/example_dags/example_asset_alias_with_no_taskflow.py", line 38, in <module>
    from airflow.providers.standard.operators.python import PythonOperator
  File "/home/vscode/.local/lib/python3.11/site-packages/airflow/providers/standard/__init__.py", line 37, in <module>
    raise RuntimeError(
RuntimeError: The package `apache-airflow-providers-standard:1.13.0` needs Apache Airflow 2.11.0+
[2026-05-23T12:07:28.307+0000] {processor.py:842} WARNING - No viable dags retrieved from /home/vscode/.local/lib/python3.11/site-packages/airflow/example_dags/example_asset_alias_with_no_taskflow.py
[2026-05-23T12:07:28.319+0000] {processor.py:183} INFO - Processing /home/vscode/.local/lib/python3.11/site-packages/airflow/example_dags/example_asset_alias_with_no_taskflow.py took 0.022 seconds
[2026-05-23T12:07:59.874+0000] {processor.py:161} INFO - Started process (PID=30945) to work on /home/vscode/.local/lib/python3.11/site-packages/airflow/example_dags/example_asset_alias_with_no_taskflow.py
[2026-05-23T12:07:59.875+0000] {processor.py:830} INFO - Processing file /home/vscode/.local/lib/python3.11/site-packages/airflow/example_dags/example_asset_alias_with_no_taskflow.py for tasks to queue
[2026-05-23T12:07:59.876+0000] {logging_mixin.py:188} INFO - [2026-05-23T12:07:59.875+0000] {dagbag.py:545} INFO - Filling up the DagBag from /home/vscode/.local/lib/python3.11/site-packages/airflow/example_dags/example_asset_alias_with_no_taskflow.py
[2026-05-23T12:07:59.878+0000] {logging_mixin.py:188} INFO - [2026-05-23T12:07:59.877+0000] {dagbag.py:355} ERROR - Failed to import: /home/vscode/.local/lib/python3.11/site-packages/airflow/example_dags/example_asset_alias_with_no_taskflow.py
Traceback (most recent call last):
  File "/home/vscode/.local/lib/python3.11/site-packages/airflow/models/dagbag.py", line 351, in parse
  File "<frozen importlib._bootstrap_external>", line 940, in exec_module
  File "<frozen importlib._bootstrap>", line 241, in _call_with_frames_removed
  File "/home/vscode/.local/lib/python3.11/site-packages/airflow/example_dags/example_asset_alias_with_no_taskflow.py", line 38, in <module>
    from airflow.providers.standard.operators.python import PythonOperator
  File "/home/vscode/.local/lib/python3.11/site-packages/airflow/providers/standard/__init__.py", line 37, in <module>
    raise RuntimeError(
RuntimeError: The package `apache-airflow-providers-standard:1.13.0` needs Apache Airflow 2.11.0+
[2026-05-23T12:07:59.878+0000] {processor.py:842} WARNING - No viable dags retrieved from /home/vscode/.local/lib/python3.11/site-packages/airflow/example_dags/example_asset_alias_with_no_taskflow.py
[2026-05-23T12:07:59.892+0000] {processor.py:183} INFO - Processing /home/vscode/.local/lib/python3.11/site-packages/airflow/example_dags/example_asset_alias_with_no_taskflow.py took 0.024 seconds
[2026-05-23T12:08:30.139+0000] {processor.py:161} INFO - Started process (PID=31102) to work on /home/vscode/.local/lib/python3.11/site-packages/airflow/example_dags/example_asset_alias_with_no_taskflow.py
[2026-05-23T12:08:30.140+0000] {processor.py:830} INFO - Processing file /home/vscode/.local/lib/python3.11/site-packages/airflow/example_dags/example_asset_alias_with_no_taskflow.py for tasks to queue
[2026-05-23T12:08:30.140+0000] {logging_mixin.py:188} INFO - [2026-05-23T12:08:30.140+0000] {dagbag.py:545} INFO - Filling up the DagBag from /home/vscode/.local/lib/python3.11/site-packages/airflow/example_dags/example_asset_alias_with_no_taskflow.py
[2026-05-23T12:08:30.143+0000] {logging_mixin.py:188} INFO - [2026-05-23T12:08:30.142+0000] {dagbag.py:355} ERROR - Failed to import: /home/vscode/.local/lib/python3.11/site-packages/airflow/example_dags/example_asset_alias_with_no_taskflow.py
Traceback (most recent call last):
  File "/home/vscode/.local/lib/python3.11/site-packages/airflow/models/dagbag.py", line 351, in parse
  File "<frozen importlib._bootstrap_external>", line 940, in exec_module
  File "<frozen importlib._bootstrap>", line 241, in _call_with_frames_removed
  File "/home/vscode/.local/lib/python3.11/site-packages/airflow/example_dags/example_asset_alias_with_no_taskflow.py", line 38, in <module>
    from airflow.providers.standard.operators.python import PythonOperator
  File "/home/vscode/.local/lib/python3.11/site-packages/airflow/providers/standard/__init__.py", line 37, in <module>
    raise RuntimeError(
RuntimeError: The package `apache-airflow-providers-standard:1.13.0` needs Apache Airflow 2.11.0+
[2026-05-23T12:08:30.143+0000] {processor.py:842} WARNING - No viable dags retrieved from /home/vscode/.local/lib/python3.11/site-packages/airflow/example_dags/example_asset_alias_with_no_taskflow.py
[2026-05-23T12:08:30.157+0000] {processor.py:183} INFO - Processing /home/vscode/.local/lib/python3.11/site-packages/airflow/example_dags/example_asset_alias_with_no_taskflow.py took 0.024 seconds
[2026-05-23T12:09:00.423+0000] {processor.py:161} INFO - Started process (PID=31312) to work on /home/vscode/.local/lib/python3.11/site-packages/airflow/example_dags/example_asset_alias_with_no_taskflow.py
[2026-05-23T12:09:00.424+0000] {processor.py:830} INFO - Processing file /home/vscode/.local/lib/python3.11/site-packages/airflow/example_dags/example_asset_alias_with_no_taskflow.py for tasks to queue
[2026-05-23T12:09:00.425+0000] {logging_mixin.py:188} INFO - [2026-05-23T12:09:00.424+0000] {dagbag.py:545} INFO - Filling up the DagBag from /home/vscode/.local/lib/python3.11/site-packages/airflow/example_dags/example_asset_alias_with_no_taskflow.py
[2026-05-23T12:09:00.429+0000] {logging_mixin.py:188} INFO - [2026-05-23T12:09:00.427+0000] {dagbag.py:355} ERROR - Failed to import: /home/vscode/.local/lib/python3.11/site-packages/airflow/example_dags/example_asset_alias_with_no_taskflow.py
Traceback (most recent call last):
  File "/home/vscode/.local/lib/python3.11/site-packages/airflow/models/dagbag.py", line 351, in parse
  File "<frozen importlib._bootstrap_external>", line 940, in exec_module
  File "<frozen importlib._bootstrap>", line 241, in _call_with_frames_removed
  File "/home/vscode/.local/lib/python3.11/site-packages/airflow/example_dags/example_asset_alias_with_no_taskflow.py", line 38, in <module>
    from airflow.providers.standard.operators.python import PythonOperator
  File "/home/vscode/.local/lib/python3.11/site-packages/airflow/providers/standard/__init__.py", line 37, in <module>
    raise RuntimeError(
RuntimeError: The package `apache-airflow-providers-standard:1.13.0` needs Apache Airflow 2.11.0+
[2026-05-23T12:09:00.429+0000] {processor.py:842} WARNING - No viable dags retrieved from /home/vscode/.local/lib/python3.11/site-packages/airflow/example_dags/example_asset_alias_with_no_taskflow.py
[2026-05-23T12:09:00.443+0000] {processor.py:183} INFO - Processing /home/vscode/.local/lib/python3.11/site-packages/airflow/example_dags/example_asset_alias_with_no_taskflow.py took 0.033 seconds
[2026-05-23T12:09:30.714+0000] {processor.py:161} INFO - Started process (PID=31566) to work on /home/vscode/.local/lib/python3.11/site-packages/airflow/example_dags/example_asset_alias_with_no_taskflow.py
[2026-05-23T12:09:30.715+0000] {processor.py:830} INFO - Processing file /home/vscode/.local/lib/python3.11/site-packages/airflow/example_dags/example_asset_alias_with_no_taskflow.py for tasks to queue
[2026-05-23T12:09:30.716+0000] {logging_mixin.py:188} INFO - [2026-05-23T12:09:30.715+0000] {dagbag.py:545} INFO - Filling up the DagBag from /home/vscode/.local/lib/python3.11/site-packages/airflow/example_dags/example_asset_alias_with_no_taskflow.py
[2026-05-23T12:09:30.719+0000] {logging_mixin.py:188} INFO - [2026-05-23T12:09:30.718+0000] {dagbag.py:355} ERROR - Failed to import: /home/vscode/.local/lib/python3.11/site-packages/airflow/example_dags/example_asset_alias_with_no_taskflow.py
Traceback (most recent call last):
  File "/home/vscode/.local/lib/python3.11/site-packages/airflow/models/dagbag.py", line 351, in parse
  File "<frozen importlib._bootstrap_external>", line 940, in exec_module
  File "<frozen importlib._bootstrap>", line 241, in _call_with_frames_removed
  File "/home/vscode/.local/lib/python3.11/site-packages/airflow/example_dags/example_asset_alias_with_no_taskflow.py", line 38, in <module>
    from airflow.providers.standard.operators.python import PythonOperator
  File "/home/vscode/.local/lib/python3.11/site-packages/airflow/providers/standard/__init__.py", line 37, in <module>
    raise RuntimeError(
RuntimeError: The package `apache-airflow-providers-standard:1.13.0` needs Apache Airflow 2.11.0+
[2026-05-23T12:09:30.720+0000] {processor.py:842} WARNING - No viable dags retrieved from /home/vscode/.local/lib/python3.11/site-packages/airflow/example_dags/example_asset_alias_with_no_taskflow.py
[2026-05-23T12:09:30.737+0000] {processor.py:183} INFO - Processing /home/vscode/.local/lib/python3.11/site-packages/airflow/example_dags/example_asset_alias_with_no_taskflow.py took 0.034 seconds
[2026-05-23T12:10:04.638+0000] {processor.py:161} INFO - Started process (PID=31750) to work on /home/vscode/.local/lib/python3.11/site-packages/airflow/example_dags/example_asset_alias_with_no_taskflow.py
[2026-05-23T12:10:04.638+0000] {processor.py:830} INFO - Processing file /home/vscode/.local/lib/python3.11/site-packages/airflow/example_dags/example_asset_alias_with_no_taskflow.py for tasks to queue
[2026-05-23T12:10:04.639+0000] {logging_mixin.py:188} INFO - [2026-05-23T12:10:04.639+0000] {dagbag.py:545} INFO - Filling up the DagBag from /home/vscode/.local/lib/python3.11/site-packages/airflow/example_dags/example_asset_alias_with_no_taskflow.py
[2026-05-23T12:10:04.642+0000] {logging_mixin.py:188} INFO - [2026-05-23T12:10:04.641+0000] {dagbag.py:355} ERROR - Failed to import: /home/vscode/.local/lib/python3.11/site-packages/airflow/example_dags/example_asset_alias_with_no_taskflow.py
Traceback (most recent call last):
  File "/home/vscode/.local/lib/python3.11/site-packages/airflow/models/dagbag.py", line 351, in parse
    loader.exec_module(new_module)
  File "<frozen importlib._bootstrap_external>", line 940, in exec_module
  File "<frozen importlib._bootstrap>", line 241, in _call_with_frames_removed
  File "/home/vscode/.local/lib/python3.11/site-packages/airflow/example_dags/example_asset_alias_with_no_taskflow.py", line 38, in <module>
    from airflow.providers.standard.operators.python import PythonOperator
  File "/home/vscode/.local/lib/python3.11/site-packages/airflow/providers/standard/__init__.py", line 37, in <module>
    raise RuntimeError(
RuntimeError: The package `apache-airflow-providers-standard:1.13.0` needs Apache Airflow 2.11.0+
[2026-05-23T12:10:04.642+0000] {processor.py:842} WARNING - No viable dags retrieved from /home/vscode/.local/lib/python3.11/site-packages/airflow/example_dags/example_asset_alias_with_no_taskflow.py
[2026-05-23T12:10:04.655+0000] {processor.py:183} INFO - Processing /home/vscode/.local/lib/python3.11/site-packages/airflow/example_dags/example_asset_alias_with_no_taskflow.py took 0.024 seconds
[2026-05-23T12:10:35.253+0000] {processor.py:161} INFO - Started process (PID=31956) to work on /home/vscode/.local/lib/python3.11/site-packages/airflow/example_dags/example_asset_alias_with_no_taskflow.py
[2026-05-23T12:10:35.254+0000] {processor.py:830} INFO - Processing file /home/vscode/.local/lib/python3.11/site-packages/airflow/example_dags/example_asset_alias_with_no_taskflow.py for tasks to queue
[2026-05-23T12:10:35.254+0000] {logging_mixin.py:188} INFO - [2026-05-23T12:10:35.254+0000] {dagbag.py:545} INFO - Filling up the DagBag from /home/vscode/.local/lib/python3.11/site-packages/airflow/example_dags/example_asset_alias_with_no_taskflow.py
[2026-05-23T12:10:35.257+0000] {logging_mixin.py:188} INFO - [2026-05-23T12:10:35.256+0000] {dagbag.py:355} ERROR - Failed to import: /home/vscode/.local/lib/python3.11/site-packages/airflow/example_dags/example_asset_alias_with_no_taskflow.py
Traceback (most recent call last):
  File "/home/vscode/.local/lib/python3.11/site-packages/airflow/models/dagbag.py", line 351, in parse
    loader.exec_module(new_module)
  File "<frozen importlib._bootstrap_external>", line 940, in exec_module
  File "<frozen importlib._bootstrap>", line 241, in _call_with_frames_removed
  File "/home/vscode/.local/lib/python3.11/site-packages/airflow/example_dags/example_asset_alias_with_no_taskflow.py", line 38, in <module>
    from airflow.providers.standard.operators.python import PythonOperator
  File "/home/vscode/.local/lib/python3.11/site-packages/airflow/providers/standard/__init__.py", line 37, in <module>
    raise RuntimeError(
RuntimeError: The package `apache-airflow-providers-standard:1.13.0` needs Apache Airflow 2.11.0+
[2026-05-23T12:10:35.257+0000] {processor.py:842} WARNING - No viable dags retrieved from /home/vscode/.local/lib/python3.11/site-packages/airflow/example_dags/example_asset_alias_with_no_taskflow.py
[2026-05-23T12:10:35.270+0000] {processor.py:183} INFO - Processing /home/vscode/.local/lib/python3.11/site-packages/airflow/example_dags/example_asset_alias_with_no_taskflow.py took 0.023 seconds
[2026-05-23T12:11:05.873+0000] {processor.py:161} INFO - Started process (PID=32171) to work on /home/vscode/.local/lib/python3.11/site-packages/airflow/example_dags/example_asset_alias_with_no_taskflow.py
[2026-05-23T12:11:05.874+0000] {processor.py:830} INFO - Processing file /home/vscode/.local/lib/python3.11/site-packages/airflow/example_dags/example_asset_alias_with_no_taskflow.py for tasks to queue
[2026-05-23T12:11:05.875+0000] {logging_mixin.py:188} INFO - [2026-05-23T12:11:05.875+0000] {dagbag.py:545} INFO - Filling up the DagBag from /home/vscode/.local/lib/python3.11/site-packages/airflow/example_dags/example_asset_alias_with_no_taskflow.py
[2026-05-23T12:11:05.878+0000] {logging_mixin.py:188} INFO - [2026-05-23T12:11:05.877+0000] {dagbag.py:355} ERROR - Failed to import: /home/vscode/.local/lib/python3.11/site-packages/airflow/example_dags/example_asset_alias_with_no_taskflow.py
Traceback (most recent call last):
  File "/home/vscode/.local/lib/python3.11/site-packages/airflow/models/dagbag.py", line 351, in parse
    loader.exec_module(new_module)
  File "<frozen importlib._bootstrap_external>", line 940, in exec_module
  File "<frozen importlib._bootstrap>", line 241, in _call_with_frames_removed
  File "/home/vscode/.local/lib/python3.11/site-packages/airflow/example_dags/example_asset_alias_with_no_taskflow.py", line 38, in <module>
    from airflow.providers.standard.operators.python import PythonOperator
  File "/home/vscode/.local/lib/python3.11/site-packages/airflow/providers/standard/__init__.py", line 37, in <module>
    raise RuntimeError(
RuntimeError: The package `apache-airflow-providers-standard:1.13.0` needs Apache Airflow 2.11.0+
[2026-05-23T12:11:05.879+0000] {processor.py:842} WARNING - No viable dags retrieved from /home/vscode/.local/lib/python3.11/site-packages/airflow/example_dags/example_asset_alias_with_no_taskflow.py
[2026-05-23T12:11:05.901+0000] {processor.py:183} INFO - Processing /home/vscode/.local/lib/python3.11/site-packages/airflow/example_dags/example_asset_alias_with_no_taskflow.py took 0.038 seconds
