[2026-05-23T11:27:02.314+0000] {processor.py:161} INFO - Started process (PID=3365) to work on /home/vscode/.local/lib/python3.11/site-packages/airflow/example_dags/example_branch_operator_decorator.py
[2026-05-23T11:27:02.315+0000] {processor.py:830} INFO - Processing file /home/vscode/.local/lib/python3.11/site-packages/airflow/example_dags/example_branch_operator_decorator.py for tasks to queue
[2026-05-23T11:27:02.315+0000] {logging_mixin.py:188} INFO - [2026-05-23T11:27:02.315+0000] {dagbag.py:545} INFO - Filling up the DagBag from /home/vscode/.local/lib/python3.11/site-packages/airflow/example_dags/example_branch_operator_decorator.py
[2026-05-23T11:27:02.331+0000] {processor.py:840} INFO - DAG(s) 'example_branch_python_operator_decorator' retrieved from /home/vscode/.local/lib/python3.11/site-packages/airflow/example_dags/example_branch_operator_decorator.py
[2026-05-23T11:27:02.498+0000] {logging_mixin.py:188} INFO - [2026-05-23T11:27:02.498+0000] {dag.py:3096} INFO - Sync 1 DAGs
[2026-05-23T11:27:02.510+0000] {logging_mixin.py:188} INFO - [2026-05-23T11:27:02.510+0000] {dag.py:3954} INFO - Setting next_dagrun for example_branch_python_operator_decorator to 2026-05-22 00:00:00+00:00, run_after=2026-05-23 00:00:00+00:00
[2026-05-23T11:27:02.526+0000] {processor.py:183} INFO - Processing /home/vscode/.local/lib/python3.11/site-packages/airflow/example_dags/example_branch_operator_decorator.py took 0.217 seconds
[2026-05-23T11:28:01.634+0000] {processor.py:161} INFO - Started process (PID=4158) to work on /home/vscode/.local/lib/python3.11/site-packages/airflow/example_dags/example_branch_operator_decorator.py
[2026-05-23T11:28:01.635+0000] {processor.py:830} INFO - Processing file /home/vscode/.local/lib/python3.11/site-packages/airflow/example_dags/example_branch_operator_decorator.py for tasks to queue
[2026-05-23T11:28:01.636+0000] {logging_mixin.py:188} INFO - [2026-05-23T11:28:01.635+0000] {dagbag.py:545} INFO - Filling up the DagBag from /home/vscode/.local/lib/python3.11/site-packages/airflow/example_dags/example_branch_operator_decorator.py
[2026-05-23T11:28:01.651+0000] {processor.py:840} INFO - DAG(s) 'example_branch_python_operator_decorator' retrieved from /home/vscode/.local/lib/python3.11/site-packages/airflow/example_dags/example_branch_operator_decorator.py
[2026-05-23T11:28:01.669+0000] {logging_mixin.py:188} INFO - [2026-05-23T11:28:01.668+0000] {dag.py:3096} INFO - Sync 1 DAGs
[2026-05-23T11:28:01.683+0000] {logging_mixin.py:188} INFO - [2026-05-23T11:28:01.682+0000] {dag.py:3954} INFO - Setting next_dagrun for example_branch_python_operator_decorator to 2026-05-22 00:00:00+00:00, run_after=2026-05-23 00:00:00+00:00
[2026-05-23T11:28:01.697+0000] {processor.py:183} INFO - Processing /home/vscode/.local/lib/python3.11/site-packages/airflow/example_dags/example_branch_operator_decorator.py took 0.069 seconds
[2026-05-23T11:28:52.326+0000] {processor.py:161} INFO - Started process (PID=4615) to work on /home/vscode/.local/lib/python3.11/site-packages/airflow/example_dags/example_branch_operator_decorator.py
[2026-05-23T11:28:52.327+0000] {processor.py:830} INFO - Processing file /home/vscode/.local/lib/python3.11/site-packages/airflow/example_dags/example_branch_operator_decorator.py for tasks to queue
[2026-05-23T11:28:52.327+0000] {logging_mixin.py:188} INFO - [2026-05-23T11:28:52.327+0000] {dagbag.py:545} INFO - Filling up the DagBag from /home/vscode/.local/lib/python3.11/site-packages/airflow/example_dags/example_branch_operator_decorator.py
[2026-05-23T11:28:52.343+0000] {processor.py:840} INFO - DAG(s) 'example_branch_python_operator_decorator' retrieved from /home/vscode/.local/lib/python3.11/site-packages/airflow/example_dags/example_branch_operator_decorator.py
[2026-05-23T11:28:52.360+0000] {logging_mixin.py:188} INFO - [2026-05-23T11:28:52.360+0000] {dag.py:3096} INFO - Sync 1 DAGs
[2026-05-23T11:28:52.374+0000] {logging_mixin.py:188} INFO - [2026-05-23T11:28:52.374+0000] {dag.py:3954} INFO - Setting next_dagrun for example_branch_python_operator_decorator to 2026-05-22 00:00:00+00:00, run_after=2026-05-23 00:00:00+00:00
[2026-05-23T11:28:52.389+0000] {processor.py:183} INFO - Processing /home/vscode/.local/lib/python3.11/site-packages/airflow/example_dags/example_branch_operator_decorator.py took 0.069 seconds
[2026-05-23T11:29:56.518+0000] {processor.py:161} INFO - Started process (PID=5147) to work on /home/vscode/.local/lib/python3.11/site-packages/airflow/example_dags/example_branch_operator_decorator.py
[2026-05-23T11:29:56.519+0000] {processor.py:830} INFO - Processing file /home/vscode/.local/lib/python3.11/site-packages/airflow/example_dags/example_branch_operator_decorator.py for tasks to queue
[2026-05-23T11:29:56.520+0000] {logging_mixin.py:188} INFO - [2026-05-23T11:29:56.519+0000] {dagbag.py:545} INFO - Filling up the DagBag from /home/vscode/.local/lib/python3.11/site-packages/airflow/example_dags/example_branch_operator_decorator.py
[2026-05-23T11:29:56.535+0000] {processor.py:840} INFO - DAG(s) 'example_branch_python_operator_decorator' retrieved from /home/vscode/.local/lib/python3.11/site-packages/airflow/example_dags/example_branch_operator_decorator.py
[2026-05-23T11:29:56.558+0000] {logging_mixin.py:188} INFO - [2026-05-23T11:29:56.558+0000] {dag.py:3096} INFO - Sync 1 DAGs
[2026-05-23T11:29:56.572+0000] {logging_mixin.py:188} INFO - [2026-05-23T11:29:56.572+0000] {dag.py:3954} INFO - Setting next_dagrun for example_branch_python_operator_decorator to 2026-05-22 00:00:00+00:00, run_after=2026-05-23 00:00:00+00:00
[2026-05-23T11:29:56.587+0000] {processor.py:183} INFO - Processing /home/vscode/.local/lib/python3.11/site-packages/airflow/example_dags/example_branch_operator_decorator.py took 0.074 seconds
[2026-05-23T11:30:56.356+0000] {processor.py:161} INFO - Started process (PID=5778) to work on /home/vscode/.local/lib/python3.11/site-packages/airflow/example_dags/example_branch_operator_decorator.py
[2026-05-23T11:30:56.356+0000] {processor.py:830} INFO - Processing file /home/vscode/.local/lib/python3.11/site-packages/airflow/example_dags/example_branch_operator_decorator.py for tasks to queue
[2026-05-23T11:30:56.357+0000] {logging_mixin.py:188} INFO - [2026-05-23T11:30:56.356+0000] {dagbag.py:545} INFO - Filling up the DagBag from /home/vscode/.local/lib/python3.11/site-packages/airflow/example_dags/example_branch_operator_decorator.py
[2026-05-23T11:30:56.377+0000] {processor.py:840} INFO - DAG(s) 'example_branch_python_operator_decorator' retrieved from /home/vscode/.local/lib/python3.11/site-packages/airflow/example_dags/example_branch_operator_decorator.py
[2026-05-23T11:30:56.395+0000] {logging_mixin.py:188} INFO - [2026-05-23T11:30:56.395+0000] {dag.py:3096} INFO - Sync 1 DAGs
[2026-05-23T11:30:56.409+0000] {logging_mixin.py:188} INFO - [2026-05-23T11:30:56.409+0000] {dag.py:3954} INFO - Setting next_dagrun for example_branch_python_operator_decorator to 2026-05-22 00:00:00+00:00, run_after=2026-05-23 00:00:00+00:00
[2026-05-23T11:30:56.424+0000] {processor.py:183} INFO - Processing /home/vscode/.local/lib/python3.11/site-packages/airflow/example_dags/example_branch_operator_decorator.py took 0.074 seconds
[2026-05-23T11:32:00.850+0000] {processor.py:161} INFO - Started process (PID=6358) to work on /home/vscode/.local/lib/python3.11/site-packages/airflow/example_dags/example_branch_operator_decorator.py
[2026-05-23T11:32:00.850+0000] {processor.py:830} INFO - Processing file /home/vscode/.local/lib/python3.11/site-packages/airflow/example_dags/example_branch_operator_decorator.py for tasks to queue
[2026-05-23T11:32:00.851+0000] {logging_mixin.py:188} INFO - [2026-05-23T11:32:00.851+0000] {dagbag.py:545} INFO - Filling up the DagBag from /home/vscode/.local/lib/python3.11/site-packages/airflow/example_dags/example_branch_operator_decorator.py
[2026-05-23T11:32:00.870+0000] {processor.py:840} INFO - DAG(s) 'example_branch_python_operator_decorator' retrieved from /home/vscode/.local/lib/python3.11/site-packages/airflow/example_dags/example_branch_operator_decorator.py
[2026-05-23T11:32:00.888+0000] {logging_mixin.py:188} INFO - [2026-05-23T11:32:00.888+0000] {dag.py:3096} INFO - Sync 1 DAGs
[2026-05-23T11:32:00.902+0000] {logging_mixin.py:188} INFO - [2026-05-23T11:32:00.902+0000] {dag.py:3954} INFO - Setting next_dagrun for example_branch_python_operator_decorator to 2026-05-22 00:00:00+00:00, run_after=2026-05-23 00:00:00+00:00
[2026-05-23T11:32:00.918+0000] {processor.py:183} INFO - Processing /home/vscode/.local/lib/python3.11/site-packages/airflow/example_dags/example_branch_operator_decorator.py took 0.074 seconds
[2026-05-23T11:33:03.868+0000] {processor.py:161} INFO - Started process (PID=7572) to work on /home/vscode/.local/lib/python3.11/site-packages/airflow/example_dags/example_branch_operator_decorator.py
[2026-05-23T11:33:03.869+0000] {processor.py:830} INFO - Processing file /home/vscode/.local/lib/python3.11/site-packages/airflow/example_dags/example_branch_operator_decorator.py for tasks to queue
[2026-05-23T11:33:03.869+0000] {logging_mixin.py:188} INFO - [2026-05-23T11:33:03.869+0000] {dagbag.py:545} INFO - Filling up the DagBag from /home/vscode/.local/lib/python3.11/site-packages/airflow/example_dags/example_branch_operator_decorator.py
[2026-05-23T11:33:03.927+0000] {processor.py:840} INFO - DAG(s) 'example_branch_python_operator_decorator' retrieved from /home/vscode/.local/lib/python3.11/site-packages/airflow/example_dags/example_branch_operator_decorator.py
[2026-05-23T11:33:03.957+0000] {logging_mixin.py:188} INFO - [2026-05-23T11:33:03.957+0000] {dag.py:3096} INFO - Sync 1 DAGs
[2026-05-23T11:33:03.978+0000] {logging_mixin.py:188} INFO - [2026-05-23T11:33:03.978+0000] {dag.py:3954} INFO - Setting next_dagrun for example_branch_python_operator_decorator to 2026-05-22 00:00:00+00:00, run_after=2026-05-23 00:00:00+00:00
[2026-05-23T11:33:04.003+0000] {processor.py:183} INFO - Processing /home/vscode/.local/lib/python3.11/site-packages/airflow/example_dags/example_branch_operator_decorator.py took 0.144 seconds
[2026-05-23T11:34:14.919+0000] {processor.py:161} INFO - Started process (PID=8568) to work on /home/vscode/.local/lib/python3.11/site-packages/airflow/example_dags/example_branch_operator_decorator.py
[2026-05-23T11:34:14.919+0000] {processor.py:830} INFO - Processing file /home/vscode/.local/lib/python3.11/site-packages/airflow/example_dags/example_branch_operator_decorator.py for tasks to queue
[2026-05-23T11:34:14.920+0000] {logging_mixin.py:188} INFO - [2026-05-23T11:34:14.920+0000] {dagbag.py:545} INFO - Filling up the DagBag from /home/vscode/.local/lib/python3.11/site-packages/airflow/example_dags/example_branch_operator_decorator.py
[2026-05-23T11:34:14.935+0000] {processor.py:840} INFO - DAG(s) 'example_branch_python_operator_decorator' retrieved from /home/vscode/.local/lib/python3.11/site-packages/airflow/example_dags/example_branch_operator_decorator.py
[2026-05-23T11:34:14.952+0000] {logging_mixin.py:188} INFO - [2026-05-23T11:34:14.952+0000] {dag.py:3096} INFO - Sync 1 DAGs
[2026-05-23T11:34:14.967+0000] {logging_mixin.py:188} INFO - [2026-05-23T11:34:14.967+0000] {dag.py:3954} INFO - Setting next_dagrun for example_branch_python_operator_decorator to 2026-05-22 00:00:00+00:00, run_after=2026-05-23 00:00:00+00:00
[2026-05-23T11:34:14.983+0000] {processor.py:183} INFO - Processing /home/vscode/.local/lib/python3.11/site-packages/airflow/example_dags/example_branch_operator_decorator.py took 0.069 seconds
[2026-05-23T11:35:20.505+0000] {processor.py:161} INFO - Started process (PID=9086) to work on /home/vscode/.local/lib/python3.11/site-packages/airflow/example_dags/example_branch_operator_decorator.py
[2026-05-23T11:35:20.505+0000] {processor.py:830} INFO - Processing file /home/vscode/.local/lib/python3.11/site-packages/airflow/example_dags/example_branch_operator_decorator.py for tasks to queue
[2026-05-23T11:35:20.506+0000] {logging_mixin.py:188} INFO - [2026-05-23T11:35:20.506+0000] {dagbag.py:545} INFO - Filling up the DagBag from /home/vscode/.local/lib/python3.11/site-packages/airflow/example_dags/example_branch_operator_decorator.py
[2026-05-23T11:35:20.521+0000] {processor.py:840} INFO - DAG(s) 'example_branch_python_operator_decorator' retrieved from /home/vscode/.local/lib/python3.11/site-packages/airflow/example_dags/example_branch_operator_decorator.py
[2026-05-23T11:35:20.538+0000] {logging_mixin.py:188} INFO - [2026-05-23T11:35:20.538+0000] {dag.py:3096} INFO - Sync 1 DAGs
[2026-05-23T11:35:20.551+0000] {logging_mixin.py:188} INFO - [2026-05-23T11:35:20.551+0000] {dag.py:3954} INFO - Setting next_dagrun for example_branch_python_operator_decorator to 2026-05-22 00:00:00+00:00, run_after=2026-05-23 00:00:00+00:00
[2026-05-23T11:35:20.566+0000] {processor.py:183} INFO - Processing /home/vscode/.local/lib/python3.11/site-packages/airflow/example_dags/example_branch_operator_decorator.py took 0.068 seconds
[2026-05-23T11:36:23.022+0000] {processor.py:161} INFO - Started process (PID=9623) to work on /home/vscode/.local/lib/python3.11/site-packages/airflow/example_dags/example_branch_operator_decorator.py
[2026-05-23T11:36:23.022+0000] {processor.py:830} INFO - Processing file /home/vscode/.local/lib/python3.11/site-packages/airflow/example_dags/example_branch_operator_decorator.py for tasks to queue
[2026-05-23T11:36:23.023+0000] {logging_mixin.py:188} INFO - [2026-05-23T11:36:23.023+0000] {dagbag.py:545} INFO - Filling up the DagBag from /home/vscode/.local/lib/python3.11/site-packages/airflow/example_dags/example_branch_operator_decorator.py
[2026-05-23T11:36:23.039+0000] {processor.py:840} INFO - DAG(s) 'example_branch_python_operator_decorator' retrieved from /home/vscode/.local/lib/python3.11/site-packages/airflow/example_dags/example_branch_operator_decorator.py
[2026-05-23T11:36:23.057+0000] {logging_mixin.py:188} INFO - [2026-05-23T11:36:23.057+0000] {dag.py:3096} INFO - Sync 1 DAGs
[2026-05-23T11:36:23.071+0000] {logging_mixin.py:188} INFO - [2026-05-23T11:36:23.071+0000] {dag.py:3954} INFO - Setting next_dagrun for example_branch_python_operator_decorator to 2026-05-22 00:00:00+00:00, run_after=2026-05-23 00:00:00+00:00
[2026-05-23T11:36:23.086+0000] {processor.py:183} INFO - Processing /home/vscode/.local/lib/python3.11/site-packages/airflow/example_dags/example_branch_operator_decorator.py took 0.070 seconds
[2026-05-23T11:37:33.221+0000] {processor.py:161} INFO - Started process (PID=10291) to work on /home/vscode/.local/lib/python3.11/site-packages/airflow/example_dags/example_branch_operator_decorator.py
[2026-05-23T11:37:33.221+0000] {processor.py:830} INFO - Processing file /home/vscode/.local/lib/python3.11/site-packages/airflow/example_dags/example_branch_operator_decorator.py for tasks to queue
[2026-05-23T11:37:33.222+0000] {logging_mixin.py:188} INFO - [2026-05-23T11:37:33.222+0000] {dagbag.py:545} INFO - Filling up the DagBag from /home/vscode/.local/lib/python3.11/site-packages/airflow/example_dags/example_branch_operator_decorator.py
[2026-05-23T11:37:33.238+0000] {processor.py:840} INFO - DAG(s) 'example_branch_python_operator_decorator' retrieved from /home/vscode/.local/lib/python3.11/site-packages/airflow/example_dags/example_branch_operator_decorator.py
[2026-05-23T11:37:33.255+0000] {logging_mixin.py:188} INFO - [2026-05-23T11:37:33.255+0000] {dag.py:3096} INFO - Sync 1 DAGs
[2026-05-23T11:37:33.270+0000] {logging_mixin.py:188} INFO - [2026-05-23T11:37:33.270+0000] {dag.py:3954} INFO - Setting next_dagrun for example_branch_python_operator_decorator to 2026-05-22 00:00:00+00:00, run_after=2026-05-23 00:00:00+00:00
[2026-05-23T11:37:33.286+0000] {processor.py:183} INFO - Processing /home/vscode/.local/lib/python3.11/site-packages/airflow/example_dags/example_branch_operator_decorator.py took 0.072 seconds
[2026-05-23T11:38:34.844+0000] {processor.py:161} INFO - Started process (PID=10802) to work on /home/vscode/.local/lib/python3.11/site-packages/airflow/example_dags/example_branch_operator_decorator.py
[2026-05-23T11:38:34.845+0000] {processor.py:830} INFO - Processing file /home/vscode/.local/lib/python3.11/site-packages/airflow/example_dags/example_branch_operator_decorator.py for tasks to queue
[2026-05-23T11:38:34.846+0000] {logging_mixin.py:188} INFO - [2026-05-23T11:38:34.846+0000] {dagbag.py:545} INFO - Filling up the DagBag from /home/vscode/.local/lib/python3.11/site-packages/airflow/example_dags/example_branch_operator_decorator.py
[2026-05-23T11:38:34.866+0000] {processor.py:840} INFO - DAG(s) 'example_branch_python_operator_decorator' retrieved from /home/vscode/.local/lib/python3.11/site-packages/airflow/example_dags/example_branch_operator_decorator.py
[2026-05-23T11:38:34.883+0000] {logging_mixin.py:188} INFO - [2026-05-23T11:38:34.883+0000] {dag.py:3096} INFO - Sync 1 DAGs
[2026-05-23T11:38:34.897+0000] {logging_mixin.py:188} INFO - [2026-05-23T11:38:34.896+0000] {dag.py:3954} INFO - Setting next_dagrun for example_branch_python_operator_decorator to 2026-05-22 00:00:00+00:00, run_after=2026-05-23 00:00:00+00:00
[2026-05-23T11:38:34.911+0000] {processor.py:183} INFO - Processing /home/vscode/.local/lib/python3.11/site-packages/airflow/example_dags/example_branch_operator_decorator.py took 0.074 seconds
[2026-05-23T11:39:39.904+0000] {processor.py:161} INFO - Started process (PID=11390) to work on /home/vscode/.local/lib/python3.11/site-packages/airflow/example_dags/example_branch_operator_decorator.py
[2026-05-23T11:39:39.905+0000] {processor.py:830} INFO - Processing file /home/vscode/.local/lib/python3.11/site-packages/airflow/example_dags/example_branch_operator_decorator.py for tasks to queue
[2026-05-23T11:39:39.906+0000] {logging_mixin.py:188} INFO - [2026-05-23T11:39:39.906+0000] {dagbag.py:545} INFO - Filling up the DagBag from /home/vscode/.local/lib/python3.11/site-packages/airflow/example_dags/example_branch_operator_decorator.py
[2026-05-23T11:39:39.925+0000] {processor.py:840} INFO - DAG(s) 'example_branch_python_operator_decorator' retrieved from /home/vscode/.local/lib/python3.11/site-packages/airflow/example_dags/example_branch_operator_decorator.py
[2026-05-23T11:39:39.942+0000] {logging_mixin.py:188} INFO - [2026-05-23T11:39:39.942+0000] {dag.py:3096} INFO - Sync 1 DAGs
[2026-05-23T11:39:39.955+0000] {logging_mixin.py:188} INFO - [2026-05-23T11:39:39.955+0000] {dag.py:3954} INFO - Setting next_dagrun for example_branch_python_operator_decorator to 2026-05-22 00:00:00+00:00, run_after=2026-05-23 00:00:00+00:00
[2026-05-23T11:39:39.971+0000] {processor.py:183} INFO - Processing /home/vscode/.local/lib/python3.11/site-packages/airflow/example_dags/example_branch_operator_decorator.py took 0.077 seconds
[2026-05-23T11:40:41.611+0000] {processor.py:161} INFO - Started process (PID=11900) to work on /home/vscode/.local/lib/python3.11/site-packages/airflow/example_dags/example_branch_operator_decorator.py
[2026-05-23T11:40:41.611+0000] {processor.py:830} INFO - Processing file /home/vscode/.local/lib/python3.11/site-packages/airflow/example_dags/example_branch_operator_decorator.py for tasks to queue
[2026-05-23T11:40:41.612+0000] {logging_mixin.py:188} INFO - [2026-05-23T11:40:41.612+0000] {dagbag.py:545} INFO - Filling up the DagBag from /home/vscode/.local/lib/python3.11/site-packages/airflow/example_dags/example_branch_operator_decorator.py
[2026-05-23T11:40:41.627+0000] {processor.py:840} INFO - DAG(s) 'example_branch_python_operator_decorator' retrieved from /home/vscode/.local/lib/python3.11/site-packages/airflow/example_dags/example_branch_operator_decorator.py
[2026-05-23T11:40:41.644+0000] {logging_mixin.py:188} INFO - [2026-05-23T11:40:41.644+0000] {dag.py:3096} INFO - Sync 1 DAGs
[2026-05-23T11:40:41.657+0000] {logging_mixin.py:188} INFO - [2026-05-23T11:40:41.657+0000] {dag.py:3954} INFO - Setting next_dagrun for example_branch_python_operator_decorator to 2026-05-22 00:00:00+00:00, run_after=2026-05-23 00:00:00+00:00
[2026-05-23T11:40:41.673+0000] {processor.py:183} INFO - Processing /home/vscode/.local/lib/python3.11/site-packages/airflow/example_dags/example_branch_operator_decorator.py took 0.067 seconds
[2026-05-23T11:41:45.369+0000] {processor.py:161} INFO - Started process (PID=12542) to work on /home/vscode/.local/lib/python3.11/site-packages/airflow/example_dags/example_branch_operator_decorator.py
[2026-05-23T11:41:45.369+0000] {processor.py:830} INFO - Processing file /home/vscode/.local/lib/python3.11/site-packages/airflow/example_dags/example_branch_operator_decorator.py for tasks to queue
[2026-05-23T11:41:45.370+0000] {logging_mixin.py:188} INFO - [2026-05-23T11:41:45.370+0000] {dagbag.py:545} INFO - Filling up the DagBag from /home/vscode/.local/lib/python3.11/site-packages/airflow/example_dags/example_branch_operator_decorator.py
[2026-05-23T11:41:45.386+0000] {processor.py:840} INFO - DAG(s) 'example_branch_python_operator_decorator' retrieved from /home/vscode/.local/lib/python3.11/site-packages/airflow/example_dags/example_branch_operator_decorator.py
[2026-05-23T11:41:45.404+0000] {logging_mixin.py:188} INFO - [2026-05-23T11:41:45.403+0000] {dag.py:3096} INFO - Sync 1 DAGs
[2026-05-23T11:41:45.417+0000] {logging_mixin.py:188} INFO - [2026-05-23T11:41:45.417+0000] {dag.py:3954} INFO - Setting next_dagrun for example_branch_python_operator_decorator to 2026-05-22 00:00:00+00:00, run_after=2026-05-23 00:00:00+00:00
[2026-05-23T11:41:45.432+0000] {processor.py:183} INFO - Processing /home/vscode/.local/lib/python3.11/site-packages/airflow/example_dags/example_branch_operator_decorator.py took 0.069 seconds
[2026-05-23T11:42:50.696+0000] {processor.py:161} INFO - Started process (PID=13073) to work on /home/vscode/.local/lib/python3.11/site-packages/airflow/example_dags/example_branch_operator_decorator.py
[2026-05-23T11:42:50.696+0000] {processor.py:830} INFO - Processing file /home/vscode/.local/lib/python3.11/site-packages/airflow/example_dags/example_branch_operator_decorator.py for tasks to queue
[2026-05-23T11:42:50.697+0000] {logging_mixin.py:188} INFO - [2026-05-23T11:42:50.696+0000] {dagbag.py:545} INFO - Filling up the DagBag from /home/vscode/.local/lib/python3.11/site-packages/airflow/example_dags/example_branch_operator_decorator.py
[2026-05-23T11:42:50.711+0000] {processor.py:840} INFO - DAG(s) 'example_branch_python_operator_decorator' retrieved from /home/vscode/.local/lib/python3.11/site-packages/airflow/example_dags/example_branch_operator_decorator.py
[2026-05-23T11:42:50.728+0000] {logging_mixin.py:188} INFO - [2026-05-23T11:42:50.728+0000] {dag.py:3096} INFO - Sync 1 DAGs
[2026-05-23T11:42:50.744+0000] {logging_mixin.py:188} INFO - [2026-05-23T11:42:50.744+0000] {dag.py:3954} INFO - Setting next_dagrun for example_branch_python_operator_decorator to 2026-05-22 00:00:00+00:00, run_after=2026-05-23 00:00:00+00:00
[2026-05-23T11:42:50.760+0000] {processor.py:183} INFO - Processing /home/vscode/.local/lib/python3.11/site-packages/airflow/example_dags/example_branch_operator_decorator.py took 0.070 seconds
[2026-05-23T11:43:57.984+0000] {processor.py:161} INFO - Started process (PID=13692) to work on /home/vscode/.local/lib/python3.11/site-packages/airflow/example_dags/example_branch_operator_decorator.py
[2026-05-23T11:43:57.985+0000] {processor.py:830} INFO - Processing file /home/vscode/.local/lib/python3.11/site-packages/airflow/example_dags/example_branch_operator_decorator.py for tasks to queue
[2026-05-23T11:43:57.985+0000] {logging_mixin.py:188} INFO - [2026-05-23T11:43:57.985+0000] {dagbag.py:545} INFO - Filling up the DagBag from /home/vscode/.local/lib/python3.11/site-packages/airflow/example_dags/example_branch_operator_decorator.py
[2026-05-23T11:43:58.002+0000] {processor.py:840} INFO - DAG(s) 'example_branch_python_operator_decorator' retrieved from /home/vscode/.local/lib/python3.11/site-packages/airflow/example_dags/example_branch_operator_decorator.py
[2026-05-23T11:43:58.019+0000] {logging_mixin.py:188} INFO - [2026-05-23T11:43:58.019+0000] {dag.py:3096} INFO - Sync 1 DAGs
[2026-05-23T11:43:58.032+0000] {logging_mixin.py:188} INFO - [2026-05-23T11:43:58.032+0000] {dag.py:3954} INFO - Setting next_dagrun for example_branch_python_operator_decorator to 2026-05-22 00:00:00+00:00, run_after=2026-05-23 00:00:00+00:00
[2026-05-23T11:43:58.050+0000] {processor.py:183} INFO - Processing /home/vscode/.local/lib/python3.11/site-packages/airflow/example_dags/example_branch_operator_decorator.py took 0.072 seconds
[2026-05-23T11:45:04.111+0000] {processor.py:161} INFO - Started process (PID=14229) to work on /home/vscode/.local/lib/python3.11/site-packages/airflow/example_dags/example_branch_operator_decorator.py
[2026-05-23T11:45:04.111+0000] {processor.py:830} INFO - Processing file /home/vscode/.local/lib/python3.11/site-packages/airflow/example_dags/example_branch_operator_decorator.py for tasks to queue
[2026-05-23T11:45:04.112+0000] {logging_mixin.py:188} INFO - [2026-05-23T11:45:04.112+0000] {dagbag.py:545} INFO - Filling up the DagBag from /home/vscode/.local/lib/python3.11/site-packages/airflow/example_dags/example_branch_operator_decorator.py
[2026-05-23T11:45:04.130+0000] {processor.py:840} INFO - DAG(s) 'example_branch_python_operator_decorator' retrieved from /home/vscode/.local/lib/python3.11/site-packages/airflow/example_dags/example_branch_operator_decorator.py
[2026-05-23T11:45:04.147+0000] {logging_mixin.py:188} INFO - [2026-05-23T11:45:04.147+0000] {dag.py:3096} INFO - Sync 1 DAGs
[2026-05-23T11:45:04.160+0000] {logging_mixin.py:188} INFO - [2026-05-23T11:45:04.160+0000] {dag.py:3954} INFO - Setting next_dagrun for example_branch_python_operator_decorator to 2026-05-22 00:00:00+00:00, run_after=2026-05-23 00:00:00+00:00
[2026-05-23T11:45:04.175+0000] {processor.py:183} INFO - Processing /home/vscode/.local/lib/python3.11/site-packages/airflow/example_dags/example_branch_operator_decorator.py took 0.070 seconds
[2026-05-23T11:46:05.775+0000] {processor.py:161} INFO - Started process (PID=15003) to work on /home/vscode/.local/lib/python3.11/site-packages/airflow/example_dags/example_branch_operator_decorator.py
[2026-05-23T11:46:05.775+0000] {processor.py:830} INFO - Processing file /home/vscode/.local/lib/python3.11/site-packages/airflow/example_dags/example_branch_operator_decorator.py for tasks to queue
[2026-05-23T11:46:05.776+0000] {logging_mixin.py:188} INFO - [2026-05-23T11:46:05.776+0000] {dagbag.py:545} INFO - Filling up the DagBag from /home/vscode/.local/lib/python3.11/site-packages/airflow/example_dags/example_branch_operator_decorator.py
[2026-05-23T11:46:05.791+0000] {processor.py:840} INFO - DAG(s) 'example_branch_python_operator_decorator' retrieved from /home/vscode/.local/lib/python3.11/site-packages/airflow/example_dags/example_branch_operator_decorator.py
[2026-05-23T11:46:05.812+0000] {logging_mixin.py:188} INFO - [2026-05-23T11:46:05.812+0000] {dag.py:3096} INFO - Sync 1 DAGs
[2026-05-23T11:46:05.826+0000] {logging_mixin.py:188} INFO - [2026-05-23T11:46:05.826+0000] {dag.py:3954} INFO - Setting next_dagrun for example_branch_python_operator_decorator to 2026-05-22 00:00:00+00:00, run_after=2026-05-23 00:00:00+00:00
[2026-05-23T11:46:05.841+0000] {processor.py:183} INFO - Processing /home/vscode/.local/lib/python3.11/site-packages/airflow/example_dags/example_branch_operator_decorator.py took 0.072 seconds
[2026-05-23T11:47:05.120+0000] {processor.py:161} INFO - Started process (PID=15569) to work on /home/vscode/.local/lib/python3.11/site-packages/airflow/example_dags/example_branch_operator_decorator.py
[2026-05-23T11:47:05.121+0000] {processor.py:830} INFO - Processing file /home/vscode/.local/lib/python3.11/site-packages/airflow/example_dags/example_branch_operator_decorator.py for tasks to queue
[2026-05-23T11:47:05.121+0000] {logging_mixin.py:188} INFO - [2026-05-23T11:47:05.121+0000] {dagbag.py:545} INFO - Filling up the DagBag from /home/vscode/.local/lib/python3.11/site-packages/airflow/example_dags/example_branch_operator_decorator.py
[2026-05-23T11:47:05.137+0000] {processor.py:840} INFO - DAG(s) 'example_branch_python_operator_decorator' retrieved from /home/vscode/.local/lib/python3.11/site-packages/airflow/example_dags/example_branch_operator_decorator.py
[2026-05-23T11:47:05.153+0000] {logging_mixin.py:188} INFO - [2026-05-23T11:47:05.153+0000] {dag.py:3096} INFO - Sync 1 DAGs
[2026-05-23T11:47:05.167+0000] {logging_mixin.py:188} INFO - [2026-05-23T11:47:05.167+0000] {dag.py:3954} INFO - Setting next_dagrun for example_branch_python_operator_decorator to 2026-05-22 00:00:00+00:00, run_after=2026-05-23 00:00:00+00:00
[2026-05-23T11:47:05.182+0000] {processor.py:183} INFO - Processing /home/vscode/.local/lib/python3.11/site-packages/airflow/example_dags/example_branch_operator_decorator.py took 0.068 seconds
[2026-05-23T11:48:10.485+0000] {processor.py:161} INFO - Started process (PID=16176) to work on /home/vscode/.local/lib/python3.11/site-packages/airflow/example_dags/example_branch_operator_decorator.py
[2026-05-23T11:48:10.485+0000] {processor.py:830} INFO - Processing file /home/vscode/.local/lib/python3.11/site-packages/airflow/example_dags/example_branch_operator_decorator.py for tasks to queue
[2026-05-23T11:48:10.486+0000] {logging_mixin.py:188} INFO - [2026-05-23T11:48:10.486+0000] {dagbag.py:545} INFO - Filling up the DagBag from /home/vscode/.local/lib/python3.11/site-packages/airflow/example_dags/example_branch_operator_decorator.py
[2026-05-23T11:48:10.501+0000] {processor.py:840} INFO - DAG(s) 'example_branch_python_operator_decorator' retrieved from /home/vscode/.local/lib/python3.11/site-packages/airflow/example_dags/example_branch_operator_decorator.py
[2026-05-23T11:48:10.519+0000] {logging_mixin.py:188} INFO - [2026-05-23T11:48:10.519+0000] {dag.py:3096} INFO - Sync 1 DAGs
[2026-05-23T11:48:10.533+0000] {logging_mixin.py:188} INFO - [2026-05-23T11:48:10.533+0000] {dag.py:3954} INFO - Setting next_dagrun for example_branch_python_operator_decorator to 2026-05-22 00:00:00+00:00, run_after=2026-05-23 00:00:00+00:00
[2026-05-23T11:48:10.548+0000] {processor.py:183} INFO - Processing /home/vscode/.local/lib/python3.11/site-packages/airflow/example_dags/example_branch_operator_decorator.py took 0.069 seconds
[2026-05-23T11:49:11.036+0000] {processor.py:161} INFO - Started process (PID=16749) to work on /home/vscode/.local/lib/python3.11/site-packages/airflow/example_dags/example_branch_operator_decorator.py
[2026-05-23T11:49:11.037+0000] {processor.py:830} INFO - Processing file /home/vscode/.local/lib/python3.11/site-packages/airflow/example_dags/example_branch_operator_decorator.py for tasks to queue
[2026-05-23T11:49:11.037+0000] {logging_mixin.py:188} INFO - [2026-05-23T11:49:11.037+0000] {dagbag.py:545} INFO - Filling up the DagBag from /home/vscode/.local/lib/python3.11/site-packages/airflow/example_dags/example_branch_operator_decorator.py
[2026-05-23T11:49:11.053+0000] {processor.py:840} INFO - DAG(s) 'example_branch_python_operator_decorator' retrieved from /home/vscode/.local/lib/python3.11/site-packages/airflow/example_dags/example_branch_operator_decorator.py
[2026-05-23T11:49:11.071+0000] {logging_mixin.py:188} INFO - [2026-05-23T11:49:11.071+0000] {dag.py:3096} INFO - Sync 1 DAGs
[2026-05-23T11:49:11.087+0000] {logging_mixin.py:188} INFO - [2026-05-23T11:49:11.087+0000] {dag.py:3954} INFO - Setting next_dagrun for example_branch_python_operator_decorator to 2026-05-22 00:00:00+00:00, run_after=2026-05-23 00:00:00+00:00
[2026-05-23T11:49:11.104+0000] {processor.py:183} INFO - Processing /home/vscode/.local/lib/python3.11/site-packages/airflow/example_dags/example_branch_operator_decorator.py took 0.074 seconds
[2026-05-23T11:50:16.424+0000] {processor.py:161} INFO - Started process (PID=17715) to work on /home/vscode/.local/lib/python3.11/site-packages/airflow/example_dags/example_branch_operator_decorator.py
[2026-05-23T11:50:16.424+0000] {processor.py:830} INFO - Processing file /home/vscode/.local/lib/python3.11/site-packages/airflow/example_dags/example_branch_operator_decorator.py for tasks to queue
[2026-05-23T11:50:16.425+0000] {logging_mixin.py:188} INFO - [2026-05-23T11:50:16.424+0000] {dagbag.py:545} INFO - Filling up the DagBag from /home/vscode/.local/lib/python3.11/site-packages/airflow/example_dags/example_branch_operator_decorator.py
[2026-05-23T11:50:16.440+0000] {processor.py:840} INFO - DAG(s) 'example_branch_python_operator_decorator' retrieved from /home/vscode/.local/lib/python3.11/site-packages/airflow/example_dags/example_branch_operator_decorator.py
[2026-05-23T11:50:16.458+0000] {logging_mixin.py:188} INFO - [2026-05-23T11:50:16.458+0000] {dag.py:3096} INFO - Sync 1 DAGs
[2026-05-23T11:50:16.472+0000] {logging_mixin.py:188} INFO - [2026-05-23T11:50:16.472+0000] {dag.py:3954} INFO - Setting next_dagrun for example_branch_python_operator_decorator to 2026-05-22 00:00:00+00:00, run_after=2026-05-23 00:00:00+00:00
[2026-05-23T11:50:16.488+0000] {processor.py:183} INFO - Processing /home/vscode/.local/lib/python3.11/site-packages/airflow/example_dags/example_branch_operator_decorator.py took 0.071 seconds
[2026-05-23T11:51:18.100+0000] {processor.py:161} INFO - Started process (PID=18499) to work on /home/vscode/.local/lib/python3.11/site-packages/airflow/example_dags/example_branch_operator_decorator.py
[2026-05-23T11:51:18.101+0000] {processor.py:830} INFO - Processing file /home/vscode/.local/lib/python3.11/site-packages/airflow/example_dags/example_branch_operator_decorator.py for tasks to queue
[2026-05-23T11:51:18.101+0000] {logging_mixin.py:188} INFO - [2026-05-23T11:51:18.101+0000] {dagbag.py:545} INFO - Filling up the DagBag from /home/vscode/.local/lib/python3.11/site-packages/airflow/example_dags/example_branch_operator_decorator.py
[2026-05-23T11:51:18.117+0000] {processor.py:840} INFO - DAG(s) 'example_branch_python_operator_decorator' retrieved from /home/vscode/.local/lib/python3.11/site-packages/airflow/example_dags/example_branch_operator_decorator.py
[2026-05-23T11:51:18.134+0000] {logging_mixin.py:188} INFO - [2026-05-23T11:51:18.134+0000] {dag.py:3096} INFO - Sync 1 DAGs
[2026-05-23T11:51:18.148+0000] {logging_mixin.py:188} INFO - [2026-05-23T11:51:18.148+0000] {dag.py:3954} INFO - Setting next_dagrun for example_branch_python_operator_decorator to 2026-05-22 00:00:00+00:00, run_after=2026-05-23 00:00:00+00:00
[2026-05-23T11:51:18.163+0000] {processor.py:183} INFO - Processing /home/vscode/.local/lib/python3.11/site-packages/airflow/example_dags/example_branch_operator_decorator.py took 0.069 seconds
[2026-05-23T11:52:19.989+0000] {processor.py:161} INFO - Started process (PID=19091) to work on /home/vscode/.local/lib/python3.11/site-packages/airflow/example_dags/example_branch_operator_decorator.py
[2026-05-23T11:52:19.990+0000] {processor.py:830} INFO - Processing file /home/vscode/.local/lib/python3.11/site-packages/airflow/example_dags/example_branch_operator_decorator.py for tasks to queue
[2026-05-23T11:52:19.990+0000] {logging_mixin.py:188} INFO - [2026-05-23T11:52:19.990+0000] {dagbag.py:545} INFO - Filling up the DagBag from /home/vscode/.local/lib/python3.11/site-packages/airflow/example_dags/example_branch_operator_decorator.py
[2026-05-23T11:52:20.006+0000] {processor.py:840} INFO - DAG(s) 'example_branch_python_operator_decorator' retrieved from /home/vscode/.local/lib/python3.11/site-packages/airflow/example_dags/example_branch_operator_decorator.py
[2026-05-23T11:52:20.024+0000] {logging_mixin.py:188} INFO - [2026-05-23T11:52:20.024+0000] {dag.py:3096} INFO - Sync 1 DAGs
[2026-05-23T11:52:20.037+0000] {logging_mixin.py:188} INFO - [2026-05-23T11:52:20.037+0000] {dag.py:3954} INFO - Setting next_dagrun for example_branch_python_operator_decorator to 2026-05-22 00:00:00+00:00, run_after=2026-05-23 00:00:00+00:00
[2026-05-23T11:52:20.052+0000] {processor.py:183} INFO - Processing /home/vscode/.local/lib/python3.11/site-packages/airflow/example_dags/example_branch_operator_decorator.py took 0.069 seconds
[2026-05-23T11:53:16.070+0000] {processor.py:161} INFO - Started process (PID=19709) to work on /home/vscode/.local/lib/python3.11/site-packages/airflow/example_dags/example_branch_operator_decorator.py
[2026-05-23T11:53:16.071+0000] {processor.py:830} INFO - Processing file /home/vscode/.local/lib/python3.11/site-packages/airflow/example_dags/example_branch_operator_decorator.py for tasks to queue
[2026-05-23T11:53:16.071+0000] {logging_mixin.py:188} INFO - [2026-05-23T11:53:16.071+0000] {dagbag.py:545} INFO - Filling up the DagBag from /home/vscode/.local/lib/python3.11/site-packages/airflow/example_dags/example_branch_operator_decorator.py
[2026-05-23T11:53:16.087+0000] {processor.py:840} INFO - DAG(s) 'example_branch_python_operator_decorator' retrieved from /home/vscode/.local/lib/python3.11/site-packages/airflow/example_dags/example_branch_operator_decorator.py
[2026-05-23T11:53:16.105+0000] {logging_mixin.py:188} INFO - [2026-05-23T11:53:16.105+0000] {dag.py:3096} INFO - Sync 1 DAGs
[2026-05-23T11:53:16.118+0000] {logging_mixin.py:188} INFO - [2026-05-23T11:53:16.118+0000] {dag.py:3954} INFO - Setting next_dagrun for example_branch_python_operator_decorator to 2026-05-22 00:00:00+00:00, run_after=2026-05-23 00:00:00+00:00
[2026-05-23T11:53:16.136+0000] {processor.py:183} INFO - Processing /home/vscode/.local/lib/python3.11/site-packages/airflow/example_dags/example_branch_operator_decorator.py took 0.072 seconds
[2026-05-23T11:54:20.967+0000] {processor.py:161} INFO - Started process (PID=20613) to work on /home/vscode/.local/lib/python3.11/site-packages/airflow/example_dags/example_branch_operator_decorator.py
[2026-05-23T11:54:20.968+0000] {processor.py:830} INFO - Processing file /home/vscode/.local/lib/python3.11/site-packages/airflow/example_dags/example_branch_operator_decorator.py for tasks to queue
[2026-05-23T11:54:20.969+0000] {logging_mixin.py:188} INFO - [2026-05-23T11:54:20.969+0000] {dagbag.py:545} INFO - Filling up the DagBag from /home/vscode/.local/lib/python3.11/site-packages/airflow/example_dags/example_branch_operator_decorator.py
[2026-05-23T11:54:21.004+0000] {processor.py:840} INFO - DAG(s) 'example_branch_python_operator_decorator' retrieved from /home/vscode/.local/lib/python3.11/site-packages/airflow/example_dags/example_branch_operator_decorator.py
[2026-05-23T11:54:21.033+0000] {logging_mixin.py:188} INFO - [2026-05-23T11:54:21.032+0000] {dag.py:3096} INFO - Sync 1 DAGs
[2026-05-23T11:54:21.050+0000] {logging_mixin.py:188} INFO - [2026-05-23T11:54:21.050+0000] {dag.py:3954} INFO - Setting next_dagrun for example_branch_python_operator_decorator to 2026-05-22 00:00:00+00:00, run_after=2026-05-23 00:00:00+00:00
[2026-05-23T11:54:21.065+0000] {processor.py:183} INFO - Processing /home/vscode/.local/lib/python3.11/site-packages/airflow/example_dags/example_branch_operator_decorator.py took 0.106 seconds
[2026-05-23T11:55:34.851+0000] {processor.py:161} INFO - Started process (PID=21647) to work on /home/vscode/.local/lib/python3.11/site-packages/airflow/example_dags/example_branch_operator_decorator.py
[2026-05-23T11:55:34.852+0000] {processor.py:830} INFO - Processing file /home/vscode/.local/lib/python3.11/site-packages/airflow/example_dags/example_branch_operator_decorator.py for tasks to queue
[2026-05-23T11:55:34.853+0000] {logging_mixin.py:188} INFO - [2026-05-23T11:55:34.852+0000] {dagbag.py:545} INFO - Filling up the DagBag from /home/vscode/.local/lib/python3.11/site-packages/airflow/example_dags/example_branch_operator_decorator.py
[2026-05-23T11:55:34.877+0000] {processor.py:840} INFO - DAG(s) 'example_branch_python_operator_decorator' retrieved from /home/vscode/.local/lib/python3.11/site-packages/airflow/example_dags/example_branch_operator_decorator.py
[2026-05-23T11:55:34.911+0000] {logging_mixin.py:188} INFO - [2026-05-23T11:55:34.911+0000] {dag.py:3096} INFO - Sync 1 DAGs
[2026-05-23T11:55:34.936+0000] {logging_mixin.py:188} INFO - [2026-05-23T11:55:34.936+0000] {dag.py:3954} INFO - Setting next_dagrun for example_branch_python_operator_decorator to 2026-05-22 00:00:00+00:00, run_after=2026-05-23 00:00:00+00:00
[2026-05-23T11:55:34.988+0000] {processor.py:183} INFO - Processing /home/vscode/.local/lib/python3.11/site-packages/airflow/example_dags/example_branch_operator_decorator.py took 0.146 seconds
[2026-05-23T11:56:28.200+0000] {processor.py:161} INFO - Started process (PID=22394) to work on /home/vscode/.local/lib/python3.11/site-packages/airflow/example_dags/example_branch_operator_decorator.py
[2026-05-23T11:56:28.201+0000] {processor.py:830} INFO - Processing file /home/vscode/.local/lib/python3.11/site-packages/airflow/example_dags/example_branch_operator_decorator.py for tasks to queue
[2026-05-23T11:56:28.202+0000] {logging_mixin.py:188} INFO - [2026-05-23T11:56:28.201+0000] {dagbag.py:545} INFO - Filling up the DagBag from /home/vscode/.local/lib/python3.11/site-packages/airflow/example_dags/example_branch_operator_decorator.py
[2026-05-23T11:56:28.228+0000] {processor.py:840} INFO - DAG(s) 'example_branch_python_operator_decorator' retrieved from /home/vscode/.local/lib/python3.11/site-packages/airflow/example_dags/example_branch_operator_decorator.py
[2026-05-23T11:56:28.257+0000] {logging_mixin.py:188} INFO - [2026-05-23T11:56:28.257+0000] {dag.py:3096} INFO - Sync 1 DAGs
[2026-05-23T11:56:28.279+0000] {logging_mixin.py:188} INFO - [2026-05-23T11:56:28.279+0000] {dag.py:3954} INFO - Setting next_dagrun for example_branch_python_operator_decorator to 2026-05-22 00:00:00+00:00, run_after=2026-05-23 00:00:00+00:00
[2026-05-23T11:56:28.302+0000] {processor.py:183} INFO - Processing /home/vscode/.local/lib/python3.11/site-packages/airflow/example_dags/example_branch_operator_decorator.py took 0.112 seconds
[2026-05-23T11:57:43.580+0000] {processor.py:161} INFO - Started process (PID=23100) to work on /home/vscode/.local/lib/python3.11/site-packages/airflow/example_dags/example_branch_operator_decorator.py
[2026-05-23T11:57:43.581+0000] {processor.py:830} INFO - Processing file /home/vscode/.local/lib/python3.11/site-packages/airflow/example_dags/example_branch_operator_decorator.py for tasks to queue
[2026-05-23T11:57:43.582+0000] {logging_mixin.py:188} INFO - [2026-05-23T11:57:43.581+0000] {dagbag.py:545} INFO - Filling up the DagBag from /home/vscode/.local/lib/python3.11/site-packages/airflow/example_dags/example_branch_operator_decorator.py
[2026-05-23T11:57:43.606+0000] {processor.py:840} INFO - DAG(s) 'example_branch_python_operator_decorator' retrieved from /home/vscode/.local/lib/python3.11/site-packages/airflow/example_dags/example_branch_operator_decorator.py
[2026-05-23T11:57:43.637+0000] {logging_mixin.py:188} INFO - [2026-05-23T11:57:43.637+0000] {dag.py:3096} INFO - Sync 1 DAGs
[2026-05-23T11:57:43.664+0000] {logging_mixin.py:188} INFO - [2026-05-23T11:57:43.664+0000] {dag.py:3954} INFO - Setting next_dagrun for example_branch_python_operator_decorator to 2026-05-22 00:00:00+00:00, run_after=2026-05-23 00:00:00+00:00
[2026-05-23T11:57:43.702+0000] {processor.py:183} INFO - Processing /home/vscode/.local/lib/python3.11/site-packages/airflow/example_dags/example_branch_operator_decorator.py took 0.132 seconds
[2026-05-23T11:58:55.095+0000] {processor.py:161} INFO - Started process (PID=23806) to work on /home/vscode/.local/lib/python3.11/site-packages/airflow/example_dags/example_branch_operator_decorator.py
[2026-05-23T11:58:55.096+0000] {processor.py:830} INFO - Processing file /home/vscode/.local/lib/python3.11/site-packages/airflow/example_dags/example_branch_operator_decorator.py for tasks to queue
[2026-05-23T11:58:55.099+0000] {logging_mixin.py:188} INFO - [2026-05-23T11:58:55.098+0000] {dagbag.py:545} INFO - Filling up the DagBag from /home/vscode/.local/lib/python3.11/site-packages/airflow/example_dags/example_branch_operator_decorator.py
[2026-05-23T11:58:55.099+0000] {processor.py:842} WARNING - No viable dags retrieved from /home/vscode/.local/lib/python3.11/site-packages/airflow/example_dags/example_branch_operator_decorator.py
[2026-05-23T11:58:55.122+0000] {processor.py:183} INFO - Processing /home/vscode/.local/lib/python3.11/site-packages/airflow/example_dags/example_branch_operator_decorator.py took 0.038 seconds
