[2026-05-23T11:26:37.908+0000] {processor.py:161} INFO - Started process (PID=3047) to work on /home/vscode/.local/lib/python3.11/site-packages/airflow/example_dags/example_short_circuit_operator.py
[2026-05-23T11:26:37.909+0000] {processor.py:830} INFO - Processing file /home/vscode/.local/lib/python3.11/site-packages/airflow/example_dags/example_short_circuit_operator.py for tasks to queue
[2026-05-23T11:26:37.909+0000] {logging_mixin.py:188} INFO - [2026-05-23T11:26:37.909+0000] {dagbag.py:545} INFO - Filling up the DagBag from /home/vscode/.local/lib/python3.11/site-packages/airflow/example_dags/example_short_circuit_operator.py
[2026-05-23T11:26:37.914+0000] {processor.py:840} INFO - DAG(s) 'example_short_circuit_operator' retrieved from /home/vscode/.local/lib/python3.11/site-packages/airflow/example_dags/example_short_circuit_operator.py
[2026-05-23T11:26:37.920+0000] {logging_mixin.py:188} INFO - [2026-05-23T11:26:37.920+0000] {dag.py:3096} INFO - Sync 1 DAGs
[2026-05-23T11:26:37.938+0000] {logging_mixin.py:188} INFO - [2026-05-23T11:26:37.938+0000] {dag.py:3954} INFO - Setting next_dagrun for example_short_circuit_operator to 2026-05-22 00:00:00+00:00, run_after=2026-05-23 00:00:00+00:00
[2026-05-23T11:26:37.954+0000] {processor.py:183} INFO - Processing /home/vscode/.local/lib/python3.11/site-packages/airflow/example_dags/example_short_circuit_operator.py took 0.051 seconds
[2026-05-23T11:27:35.252+0000] {processor.py:161} INFO - Started process (PID=3755) to work on /home/vscode/.local/lib/python3.11/site-packages/airflow/example_dags/example_short_circuit_operator.py
[2026-05-23T11:27:35.252+0000] {processor.py:830} INFO - Processing file /home/vscode/.local/lib/python3.11/site-packages/airflow/example_dags/example_short_circuit_operator.py for tasks to queue
[2026-05-23T11:27:35.253+0000] {logging_mixin.py:188} INFO - [2026-05-23T11:27:35.253+0000] {dagbag.py:545} INFO - Filling up the DagBag from /home/vscode/.local/lib/python3.11/site-packages/airflow/example_dags/example_short_circuit_operator.py
[2026-05-23T11:27:35.259+0000] {processor.py:840} INFO - DAG(s) 'example_short_circuit_operator' retrieved from /home/vscode/.local/lib/python3.11/site-packages/airflow/example_dags/example_short_circuit_operator.py
[2026-05-23T11:27:35.453+0000] {logging_mixin.py:188} INFO - [2026-05-23T11:27:35.452+0000] {dag.py:3096} INFO - Sync 1 DAGs
[2026-05-23T11:27:35.463+0000] {logging_mixin.py:188} INFO - [2026-05-23T11:27:35.463+0000] {dag.py:3954} INFO - Setting next_dagrun for example_short_circuit_operator to 2026-05-22 00:00:00+00:00, run_after=2026-05-23 00:00:00+00:00
[2026-05-23T11:27:35.477+0000] {processor.py:183} INFO - Processing /home/vscode/.local/lib/python3.11/site-packages/airflow/example_dags/example_short_circuit_operator.py took 0.231 seconds
[2026-05-23T11:28:28.306+0000] {processor.py:161} INFO - Started process (PID=4403) to work on /home/vscode/.local/lib/python3.11/site-packages/airflow/example_dags/example_short_circuit_operator.py
[2026-05-23T11:28:28.307+0000] {processor.py:830} INFO - Processing file /home/vscode/.local/lib/python3.11/site-packages/airflow/example_dags/example_short_circuit_operator.py for tasks to queue
[2026-05-23T11:28:28.308+0000] {logging_mixin.py:188} INFO - [2026-05-23T11:28:28.307+0000] {dagbag.py:545} INFO - Filling up the DagBag from /home/vscode/.local/lib/python3.11/site-packages/airflow/example_dags/example_short_circuit_operator.py
[2026-05-23T11:28:28.316+0000] {processor.py:840} INFO - DAG(s) 'example_short_circuit_operator' retrieved from /home/vscode/.local/lib/python3.11/site-packages/airflow/example_dags/example_short_circuit_operator.py
[2026-05-23T11:28:28.330+0000] {logging_mixin.py:188} INFO - [2026-05-23T11:28:28.330+0000] {dag.py:3096} INFO - Sync 1 DAGs
[2026-05-23T11:28:28.344+0000] {logging_mixin.py:188} INFO - [2026-05-23T11:28:28.344+0000] {dag.py:3954} INFO - Setting next_dagrun for example_short_circuit_operator to 2026-05-22 00:00:00+00:00, run_after=2026-05-23 00:00:00+00:00
[2026-05-23T11:28:28.359+0000] {processor.py:183} INFO - Processing /home/vscode/.local/lib/python3.11/site-packages/airflow/example_dags/example_short_circuit_operator.py took 0.059 seconds
[2026-05-23T11:29:20.600+0000] {processor.py:161} INFO - Started process (PID=4868) to work on /home/vscode/.local/lib/python3.11/site-packages/airflow/example_dags/example_short_circuit_operator.py
[2026-05-23T11:29:20.601+0000] {processor.py:830} INFO - Processing file /home/vscode/.local/lib/python3.11/site-packages/airflow/example_dags/example_short_circuit_operator.py for tasks to queue
[2026-05-23T11:29:20.602+0000] {logging_mixin.py:188} INFO - [2026-05-23T11:29:20.601+0000] {dagbag.py:545} INFO - Filling up the DagBag from /home/vscode/.local/lib/python3.11/site-packages/airflow/example_dags/example_short_circuit_operator.py
[2026-05-23T11:29:20.610+0000] {processor.py:840} INFO - DAG(s) 'example_short_circuit_operator' retrieved from /home/vscode/.local/lib/python3.11/site-packages/airflow/example_dags/example_short_circuit_operator.py
[2026-05-23T11:29:20.631+0000] {logging_mixin.py:188} INFO - [2026-05-23T11:29:20.631+0000] {dag.py:3096} INFO - Sync 1 DAGs
[2026-05-23T11:29:20.652+0000] {logging_mixin.py:188} INFO - [2026-05-23T11:29:20.651+0000] {dag.py:3954} INFO - Setting next_dagrun for example_short_circuit_operator to 2026-05-22 00:00:00+00:00, run_after=2026-05-23 00:00:00+00:00
[2026-05-23T11:29:20.694+0000] {processor.py:183} INFO - Processing /home/vscode/.local/lib/python3.11/site-packages/airflow/example_dags/example_short_circuit_operator.py took 0.104 seconds
[2026-05-23T11:30:05.445+0000] {processor.py:161} INFO - Started process (PID=5271) to work on /home/vscode/.local/lib/python3.11/site-packages/airflow/example_dags/example_short_circuit_operator.py
[2026-05-23T11:30:05.446+0000] {processor.py:830} INFO - Processing file /home/vscode/.local/lib/python3.11/site-packages/airflow/example_dags/example_short_circuit_operator.py for tasks to queue
[2026-05-23T11:30:05.447+0000] {logging_mixin.py:188} INFO - [2026-05-23T11:30:05.446+0000] {dagbag.py:545} INFO - Filling up the DagBag from /home/vscode/.local/lib/python3.11/site-packages/airflow/example_dags/example_short_circuit_operator.py
[2026-05-23T11:30:05.453+0000] {processor.py:840} INFO - DAG(s) 'example_short_circuit_operator' retrieved from /home/vscode/.local/lib/python3.11/site-packages/airflow/example_dags/example_short_circuit_operator.py
[2026-05-23T11:30:05.466+0000] {logging_mixin.py:188} INFO - [2026-05-23T11:30:05.466+0000] {dag.py:3096} INFO - Sync 1 DAGs
[2026-05-23T11:30:05.479+0000] {logging_mixin.py:188} INFO - [2026-05-23T11:30:05.479+0000] {dag.py:3954} INFO - Setting next_dagrun for example_short_circuit_operator to 2026-05-22 00:00:00+00:00, run_after=2026-05-23 00:00:00+00:00
[2026-05-23T11:30:05.495+0000] {processor.py:183} INFO - Processing /home/vscode/.local/lib/python3.11/site-packages/airflow/example_dags/example_short_circuit_operator.py took 0.056 seconds
[2026-05-23T11:30:47.108+0000] {processor.py:161} INFO - Started process (PID=5712) to work on /home/vscode/.local/lib/python3.11/site-packages/airflow/example_dags/example_short_circuit_operator.py
[2026-05-23T11:30:47.108+0000] {processor.py:830} INFO - Processing file /home/vscode/.local/lib/python3.11/site-packages/airflow/example_dags/example_short_circuit_operator.py for tasks to queue
[2026-05-23T11:30:47.109+0000] {logging_mixin.py:188} INFO - [2026-05-23T11:30:47.109+0000] {dagbag.py:545} INFO - Filling up the DagBag from /home/vscode/.local/lib/python3.11/site-packages/airflow/example_dags/example_short_circuit_operator.py
[2026-05-23T11:30:47.117+0000] {processor.py:840} INFO - DAG(s) 'example_short_circuit_operator' retrieved from /home/vscode/.local/lib/python3.11/site-packages/airflow/example_dags/example_short_circuit_operator.py
[2026-05-23T11:30:47.130+0000] {logging_mixin.py:188} INFO - [2026-05-23T11:30:47.130+0000] {dag.py:3096} INFO - Sync 1 DAGs
[2026-05-23T11:30:47.145+0000] {logging_mixin.py:188} INFO - [2026-05-23T11:30:47.144+0000] {dag.py:3954} INFO - Setting next_dagrun for example_short_circuit_operator to 2026-05-22 00:00:00+00:00, run_after=2026-05-23 00:00:00+00:00
[2026-05-23T11:30:47.160+0000] {processor.py:183} INFO - Processing /home/vscode/.local/lib/python3.11/site-packages/airflow/example_dags/example_short_circuit_operator.py took 0.059 seconds
[2026-05-23T11:31:31.295+0000] {processor.py:161} INFO - Started process (PID=6153) to work on /home/vscode/.local/lib/python3.11/site-packages/airflow/example_dags/example_short_circuit_operator.py
[2026-05-23T11:31:31.296+0000] {processor.py:830} INFO - Processing file /home/vscode/.local/lib/python3.11/site-packages/airflow/example_dags/example_short_circuit_operator.py for tasks to queue
[2026-05-23T11:31:31.296+0000] {logging_mixin.py:188} INFO - [2026-05-23T11:31:31.296+0000] {dagbag.py:545} INFO - Filling up the DagBag from /home/vscode/.local/lib/python3.11/site-packages/airflow/example_dags/example_short_circuit_operator.py
[2026-05-23T11:31:31.302+0000] {processor.py:840} INFO - DAG(s) 'example_short_circuit_operator' retrieved from /home/vscode/.local/lib/python3.11/site-packages/airflow/example_dags/example_short_circuit_operator.py
[2026-05-23T11:31:31.314+0000] {logging_mixin.py:188} INFO - [2026-05-23T11:31:31.314+0000] {dag.py:3096} INFO - Sync 1 DAGs
[2026-05-23T11:31:31.328+0000] {logging_mixin.py:188} INFO - [2026-05-23T11:31:31.328+0000] {dag.py:3954} INFO - Setting next_dagrun for example_short_circuit_operator to 2026-05-22 00:00:00+00:00, run_after=2026-05-23 00:00:00+00:00
[2026-05-23T11:31:31.343+0000] {processor.py:183} INFO - Processing /home/vscode/.local/lib/python3.11/site-packages/airflow/example_dags/example_short_circuit_operator.py took 0.056 seconds
[2026-05-23T11:32:14.454+0000] {processor.py:161} INFO - Started process (PID=6514) to work on /home/vscode/.local/lib/python3.11/site-packages/airflow/example_dags/example_short_circuit_operator.py
[2026-05-23T11:32:14.454+0000] {processor.py:830} INFO - Processing file /home/vscode/.local/lib/python3.11/site-packages/airflow/example_dags/example_short_circuit_operator.py for tasks to queue
[2026-05-23T11:32:14.455+0000] {logging_mixin.py:188} INFO - [2026-05-23T11:32:14.455+0000] {dagbag.py:545} INFO - Filling up the DagBag from /home/vscode/.local/lib/python3.11/site-packages/airflow/example_dags/example_short_circuit_operator.py
[2026-05-23T11:32:14.460+0000] {processor.py:840} INFO - DAG(s) 'example_short_circuit_operator' retrieved from /home/vscode/.local/lib/python3.11/site-packages/airflow/example_dags/example_short_circuit_operator.py
[2026-05-23T11:32:14.473+0000] {logging_mixin.py:188} INFO - [2026-05-23T11:32:14.473+0000] {dag.py:3096} INFO - Sync 1 DAGs
[2026-05-23T11:32:14.487+0000] {logging_mixin.py:188} INFO - [2026-05-23T11:32:14.486+0000] {dag.py:3954} INFO - Setting next_dagrun for example_short_circuit_operator to 2026-05-22 00:00:00+00:00, run_after=2026-05-23 00:00:00+00:00
[2026-05-23T11:32:14.502+0000] {processor.py:183} INFO - Processing /home/vscode/.local/lib/python3.11/site-packages/airflow/example_dags/example_short_circuit_operator.py took 0.054 seconds
[2026-05-23T11:32:54.859+0000] {processor.py:161} INFO - Started process (PID=7429) to work on /home/vscode/.local/lib/python3.11/site-packages/airflow/example_dags/example_short_circuit_operator.py
[2026-05-23T11:32:54.860+0000] {processor.py:830} INFO - Processing file /home/vscode/.local/lib/python3.11/site-packages/airflow/example_dags/example_short_circuit_operator.py for tasks to queue
[2026-05-23T11:32:54.861+0000] {logging_mixin.py:188} INFO - [2026-05-23T11:32:54.860+0000] {dagbag.py:545} INFO - Filling up the DagBag from /home/vscode/.local/lib/python3.11/site-packages/airflow/example_dags/example_short_circuit_operator.py
[2026-05-23T11:32:54.869+0000] {processor.py:840} INFO - DAG(s) 'example_short_circuit_operator' retrieved from /home/vscode/.local/lib/python3.11/site-packages/airflow/example_dags/example_short_circuit_operator.py
[2026-05-23T11:32:54.887+0000] {logging_mixin.py:188} INFO - [2026-05-23T11:32:54.887+0000] {dag.py:3096} INFO - Sync 1 DAGs
[2026-05-23T11:32:54.906+0000] {logging_mixin.py:188} INFO - [2026-05-23T11:32:54.906+0000] {dag.py:3954} INFO - Setting next_dagrun for example_short_circuit_operator to 2026-05-22 00:00:00+00:00, run_after=2026-05-23 00:00:00+00:00
[2026-05-23T11:32:54.928+0000] {processor.py:183} INFO - Processing /home/vscode/.local/lib/python3.11/site-packages/airflow/example_dags/example_short_circuit_operator.py took 0.077 seconds
[2026-05-23T11:33:41.755+0000] {processor.py:161} INFO - Started process (PID=8426) to work on /home/vscode/.local/lib/python3.11/site-packages/airflow/example_dags/example_short_circuit_operator.py
[2026-05-23T11:33:41.755+0000] {processor.py:830} INFO - Processing file /home/vscode/.local/lib/python3.11/site-packages/airflow/example_dags/example_short_circuit_operator.py for tasks to queue
[2026-05-23T11:33:41.756+0000] {logging_mixin.py:188} INFO - [2026-05-23T11:33:41.756+0000] {dagbag.py:545} INFO - Filling up the DagBag from /home/vscode/.local/lib/python3.11/site-packages/airflow/example_dags/example_short_circuit_operator.py
[2026-05-23T11:33:41.764+0000] {processor.py:840} INFO - DAG(s) 'example_short_circuit_operator' retrieved from /home/vscode/.local/lib/python3.11/site-packages/airflow/example_dags/example_short_circuit_operator.py
[2026-05-23T11:33:41.777+0000] {logging_mixin.py:188} INFO - [2026-05-23T11:33:41.777+0000] {dag.py:3096} INFO - Sync 1 DAGs
[2026-05-23T11:33:41.791+0000] {logging_mixin.py:188} INFO - [2026-05-23T11:33:41.791+0000] {dag.py:3954} INFO - Setting next_dagrun for example_short_circuit_operator to 2026-05-22 00:00:00+00:00, run_after=2026-05-23 00:00:00+00:00
[2026-05-23T11:33:41.809+0000] {processor.py:183} INFO - Processing /home/vscode/.local/lib/python3.11/site-packages/airflow/example_dags/example_short_circuit_operator.py took 0.066 seconds
[2026-05-23T11:34:28.993+0000] {processor.py:161} INFO - Started process (PID=8759) to work on /home/vscode/.local/lib/python3.11/site-packages/airflow/example_dags/example_short_circuit_operator.py
[2026-05-23T11:34:28.994+0000] {processor.py:830} INFO - Processing file /home/vscode/.local/lib/python3.11/site-packages/airflow/example_dags/example_short_circuit_operator.py for tasks to queue
[2026-05-23T11:34:28.994+0000] {logging_mixin.py:188} INFO - [2026-05-23T11:34:28.994+0000] {dagbag.py:545} INFO - Filling up the DagBag from /home/vscode/.local/lib/python3.11/site-packages/airflow/example_dags/example_short_circuit_operator.py
[2026-05-23T11:34:29.000+0000] {processor.py:840} INFO - DAG(s) 'example_short_circuit_operator' retrieved from /home/vscode/.local/lib/python3.11/site-packages/airflow/example_dags/example_short_circuit_operator.py
[2026-05-23T11:34:29.013+0000] {logging_mixin.py:188} INFO - [2026-05-23T11:34:29.013+0000] {dag.py:3096} INFO - Sync 1 DAGs
[2026-05-23T11:34:29.028+0000] {logging_mixin.py:188} INFO - [2026-05-23T11:34:29.028+0000] {dag.py:3954} INFO - Setting next_dagrun for example_short_circuit_operator to 2026-05-22 00:00:00+00:00, run_after=2026-05-23 00:00:00+00:00
[2026-05-23T11:34:29.043+0000] {processor.py:183} INFO - Processing /home/vscode/.local/lib/python3.11/site-packages/airflow/example_dags/example_short_circuit_operator.py took 0.056 seconds
[2026-05-23T11:35:13.075+0000] {processor.py:161} INFO - Started process (PID=9048) to work on /home/vscode/.local/lib/python3.11/site-packages/airflow/example_dags/example_short_circuit_operator.py
[2026-05-23T11:35:13.076+0000] {processor.py:830} INFO - Processing file /home/vscode/.local/lib/python3.11/site-packages/airflow/example_dags/example_short_circuit_operator.py for tasks to queue
[2026-05-23T11:35:13.077+0000] {logging_mixin.py:188} INFO - [2026-05-23T11:35:13.076+0000] {dagbag.py:545} INFO - Filling up the DagBag from /home/vscode/.local/lib/python3.11/site-packages/airflow/example_dags/example_short_circuit_operator.py
[2026-05-23T11:35:13.083+0000] {processor.py:840} INFO - DAG(s) 'example_short_circuit_operator' retrieved from /home/vscode/.local/lib/python3.11/site-packages/airflow/example_dags/example_short_circuit_operator.py
[2026-05-23T11:35:13.096+0000] {logging_mixin.py:188} INFO - [2026-05-23T11:35:13.096+0000] {dag.py:3096} INFO - Sync 1 DAGs
[2026-05-23T11:35:13.111+0000] {logging_mixin.py:188} INFO - [2026-05-23T11:35:13.111+0000] {dag.py:3954} INFO - Setting next_dagrun for example_short_circuit_operator to 2026-05-22 00:00:00+00:00, run_after=2026-05-23 00:00:00+00:00
[2026-05-23T11:35:13.126+0000] {processor.py:183} INFO - Processing /home/vscode/.local/lib/python3.11/site-packages/airflow/example_dags/example_short_circuit_operator.py took 0.057 seconds
[2026-05-23T11:35:55.899+0000] {processor.py:161} INFO - Started process (PID=9410) to work on /home/vscode/.local/lib/python3.11/site-packages/airflow/example_dags/example_short_circuit_operator.py
[2026-05-23T11:35:55.900+0000] {processor.py:830} INFO - Processing file /home/vscode/.local/lib/python3.11/site-packages/airflow/example_dags/example_short_circuit_operator.py for tasks to queue
[2026-05-23T11:35:55.901+0000] {logging_mixin.py:188} INFO - [2026-05-23T11:35:55.900+0000] {dagbag.py:545} INFO - Filling up the DagBag from /home/vscode/.local/lib/python3.11/site-packages/airflow/example_dags/example_short_circuit_operator.py
[2026-05-23T11:35:55.906+0000] {processor.py:840} INFO - DAG(s) 'example_short_circuit_operator' retrieved from /home/vscode/.local/lib/python3.11/site-packages/airflow/example_dags/example_short_circuit_operator.py
[2026-05-23T11:35:55.921+0000] {logging_mixin.py:188} INFO - [2026-05-23T11:35:55.921+0000] {dag.py:3096} INFO - Sync 1 DAGs
[2026-05-23T11:35:55.935+0000] {logging_mixin.py:188} INFO - [2026-05-23T11:35:55.935+0000] {dag.py:3954} INFO - Setting next_dagrun for example_short_circuit_operator to 2026-05-22 00:00:00+00:00, run_after=2026-05-23 00:00:00+00:00
[2026-05-23T11:35:55.951+0000] {processor.py:183} INFO - Processing /home/vscode/.local/lib/python3.11/site-packages/airflow/example_dags/example_short_circuit_operator.py took 0.058 seconds
[2026-05-23T11:36:38.556+0000] {processor.py:161} INFO - Started process (PID=9833) to work on /home/vscode/.local/lib/python3.11/site-packages/airflow/example_dags/example_short_circuit_operator.py
[2026-05-23T11:36:38.556+0000] {processor.py:830} INFO - Processing file /home/vscode/.local/lib/python3.11/site-packages/airflow/example_dags/example_short_circuit_operator.py for tasks to queue
[2026-05-23T11:36:38.557+0000] {logging_mixin.py:188} INFO - [2026-05-23T11:36:38.557+0000] {dagbag.py:545} INFO - Filling up the DagBag from /home/vscode/.local/lib/python3.11/site-packages/airflow/example_dags/example_short_circuit_operator.py
[2026-05-23T11:36:38.563+0000] {processor.py:840} INFO - DAG(s) 'example_short_circuit_operator' retrieved from /home/vscode/.local/lib/python3.11/site-packages/airflow/example_dags/example_short_circuit_operator.py
[2026-05-23T11:36:38.576+0000] {logging_mixin.py:188} INFO - [2026-05-23T11:36:38.576+0000] {dag.py:3096} INFO - Sync 1 DAGs
[2026-05-23T11:36:38.590+0000] {logging_mixin.py:188} INFO - [2026-05-23T11:36:38.590+0000] {dag.py:3954} INFO - Setting next_dagrun for example_short_circuit_operator to 2026-05-22 00:00:00+00:00, run_after=2026-05-23 00:00:00+00:00
[2026-05-23T11:36:38.607+0000] {processor.py:183} INFO - Processing /home/vscode/.local/lib/python3.11/site-packages/airflow/example_dags/example_short_circuit_operator.py took 0.057 seconds
[2026-05-23T11:37:26.454+0000] {processor.py:161} INFO - Started process (PID=10253) to work on /home/vscode/.local/lib/python3.11/site-packages/airflow/example_dags/example_short_circuit_operator.py
[2026-05-23T11:37:26.455+0000] {processor.py:830} INFO - Processing file /home/vscode/.local/lib/python3.11/site-packages/airflow/example_dags/example_short_circuit_operator.py for tasks to queue
[2026-05-23T11:37:26.455+0000] {logging_mixin.py:188} INFO - [2026-05-23T11:37:26.455+0000] {dagbag.py:545} INFO - Filling up the DagBag from /home/vscode/.local/lib/python3.11/site-packages/airflow/example_dags/example_short_circuit_operator.py
[2026-05-23T11:37:26.461+0000] {processor.py:840} INFO - DAG(s) 'example_short_circuit_operator' retrieved from /home/vscode/.local/lib/python3.11/site-packages/airflow/example_dags/example_short_circuit_operator.py
[2026-05-23T11:37:26.474+0000] {logging_mixin.py:188} INFO - [2026-05-23T11:37:26.474+0000] {dag.py:3096} INFO - Sync 1 DAGs
[2026-05-23T11:37:26.488+0000] {logging_mixin.py:188} INFO - [2026-05-23T11:37:26.488+0000] {dag.py:3954} INFO - Setting next_dagrun for example_short_circuit_operator to 2026-05-22 00:00:00+00:00, run_after=2026-05-23 00:00:00+00:00
[2026-05-23T11:37:26.503+0000] {processor.py:183} INFO - Processing /home/vscode/.local/lib/python3.11/site-packages/airflow/example_dags/example_short_circuit_operator.py took 0.055 seconds
[2026-05-23T11:38:09.600+0000] {processor.py:161} INFO - Started process (PID=10577) to work on /home/vscode/.local/lib/python3.11/site-packages/airflow/example_dags/example_short_circuit_operator.py
[2026-05-23T11:38:09.600+0000] {processor.py:830} INFO - Processing file /home/vscode/.local/lib/python3.11/site-packages/airflow/example_dags/example_short_circuit_operator.py for tasks to queue
[2026-05-23T11:38:09.601+0000] {logging_mixin.py:188} INFO - [2026-05-23T11:38:09.600+0000] {dagbag.py:545} INFO - Filling up the DagBag from /home/vscode/.local/lib/python3.11/site-packages/airflow/example_dags/example_short_circuit_operator.py
[2026-05-23T11:38:09.607+0000] {processor.py:840} INFO - DAG(s) 'example_short_circuit_operator' retrieved from /home/vscode/.local/lib/python3.11/site-packages/airflow/example_dags/example_short_circuit_operator.py
[2026-05-23T11:38:09.619+0000] {logging_mixin.py:188} INFO - [2026-05-23T11:38:09.619+0000] {dag.py:3096} INFO - Sync 1 DAGs
[2026-05-23T11:38:09.633+0000] {logging_mixin.py:188} INFO - [2026-05-23T11:38:09.633+0000] {dag.py:3954} INFO - Setting next_dagrun for example_short_circuit_operator to 2026-05-22 00:00:00+00:00, run_after=2026-05-23 00:00:00+00:00
[2026-05-23T11:38:09.649+0000] {processor.py:183} INFO - Processing /home/vscode/.local/lib/python3.11/site-packages/airflow/example_dags/example_short_circuit_operator.py took 0.056 seconds
[2026-05-23T11:38:50.112+0000] {processor.py:161} INFO - Started process (PID=10959) to work on /home/vscode/.local/lib/python3.11/site-packages/airflow/example_dags/example_short_circuit_operator.py
[2026-05-23T11:38:50.113+0000] {processor.py:830} INFO - Processing file /home/vscode/.local/lib/python3.11/site-packages/airflow/example_dags/example_short_circuit_operator.py for tasks to queue
[2026-05-23T11:38:50.113+0000] {logging_mixin.py:188} INFO - [2026-05-23T11:38:50.113+0000] {dagbag.py:545} INFO - Filling up the DagBag from /home/vscode/.local/lib/python3.11/site-packages/airflow/example_dags/example_short_circuit_operator.py
[2026-05-23T11:38:50.119+0000] {processor.py:840} INFO - DAG(s) 'example_short_circuit_operator' retrieved from /home/vscode/.local/lib/python3.11/site-packages/airflow/example_dags/example_short_circuit_operator.py
[2026-05-23T11:38:50.133+0000] {logging_mixin.py:188} INFO - [2026-05-23T11:38:50.133+0000] {dag.py:3096} INFO - Sync 1 DAGs
[2026-05-23T11:38:50.147+0000] {logging_mixin.py:188} INFO - [2026-05-23T11:38:50.146+0000] {dag.py:3954} INFO - Setting next_dagrun for example_short_circuit_operator to 2026-05-22 00:00:00+00:00, run_after=2026-05-23 00:00:00+00:00
[2026-05-23T11:38:50.162+0000] {processor.py:183} INFO - Processing /home/vscode/.local/lib/python3.11/site-packages/airflow/example_dags/example_short_circuit_operator.py took 0.056 seconds
[2026-05-23T11:39:31.772+0000] {processor.py:161} INFO - Started process (PID=11335) to work on /home/vscode/.local/lib/python3.11/site-packages/airflow/example_dags/example_short_circuit_operator.py
[2026-05-23T11:39:31.773+0000] {processor.py:830} INFO - Processing file /home/vscode/.local/lib/python3.11/site-packages/airflow/example_dags/example_short_circuit_operator.py for tasks to queue
[2026-05-23T11:39:31.774+0000] {logging_mixin.py:188} INFO - [2026-05-23T11:39:31.773+0000] {dagbag.py:545} INFO - Filling up the DagBag from /home/vscode/.local/lib/python3.11/site-packages/airflow/example_dags/example_short_circuit_operator.py
[2026-05-23T11:39:31.779+0000] {processor.py:840} INFO - DAG(s) 'example_short_circuit_operator' retrieved from /home/vscode/.local/lib/python3.11/site-packages/airflow/example_dags/example_short_circuit_operator.py
[2026-05-23T11:39:31.797+0000] {logging_mixin.py:188} INFO - [2026-05-23T11:39:31.797+0000] {dag.py:3096} INFO - Sync 1 DAGs
[2026-05-23T11:39:31.811+0000] {logging_mixin.py:188} INFO - [2026-05-23T11:39:31.811+0000] {dag.py:3954} INFO - Setting next_dagrun for example_short_circuit_operator to 2026-05-22 00:00:00+00:00, run_after=2026-05-23 00:00:00+00:00
[2026-05-23T11:39:31.828+0000] {processor.py:183} INFO - Processing /home/vscode/.local/lib/python3.11/site-packages/airflow/example_dags/example_short_circuit_operator.py took 0.062 seconds
[2026-05-23T11:40:13.038+0000] {processor.py:161} INFO - Started process (PID=11660) to work on /home/vscode/.local/lib/python3.11/site-packages/airflow/example_dags/example_short_circuit_operator.py
[2026-05-23T11:40:13.039+0000] {processor.py:830} INFO - Processing file /home/vscode/.local/lib/python3.11/site-packages/airflow/example_dags/example_short_circuit_operator.py for tasks to queue
[2026-05-23T11:40:13.039+0000] {logging_mixin.py:188} INFO - [2026-05-23T11:40:13.039+0000] {dagbag.py:545} INFO - Filling up the DagBag from /home/vscode/.local/lib/python3.11/site-packages/airflow/example_dags/example_short_circuit_operator.py
[2026-05-23T11:40:13.045+0000] {processor.py:840} INFO - DAG(s) 'example_short_circuit_operator' retrieved from /home/vscode/.local/lib/python3.11/site-packages/airflow/example_dags/example_short_circuit_operator.py
[2026-05-23T11:40:13.058+0000] {logging_mixin.py:188} INFO - [2026-05-23T11:40:13.057+0000] {dag.py:3096} INFO - Sync 1 DAGs
[2026-05-23T11:40:13.071+0000] {logging_mixin.py:188} INFO - [2026-05-23T11:40:13.070+0000] {dag.py:3954} INFO - Setting next_dagrun for example_short_circuit_operator to 2026-05-22 00:00:00+00:00, run_after=2026-05-23 00:00:00+00:00
[2026-05-23T11:40:13.086+0000] {processor.py:183} INFO - Processing /home/vscode/.local/lib/python3.11/site-packages/airflow/example_dags/example_short_circuit_operator.py took 0.054 seconds
[2026-05-23T11:40:57.365+0000] {processor.py:161} INFO - Started process (PID=12057) to work on /home/vscode/.local/lib/python3.11/site-packages/airflow/example_dags/example_short_circuit_operator.py
[2026-05-23T11:40:57.365+0000] {processor.py:830} INFO - Processing file /home/vscode/.local/lib/python3.11/site-packages/airflow/example_dags/example_short_circuit_operator.py for tasks to queue
[2026-05-23T11:40:57.366+0000] {logging_mixin.py:188} INFO - [2026-05-23T11:40:57.365+0000] {dagbag.py:545} INFO - Filling up the DagBag from /home/vscode/.local/lib/python3.11/site-packages/airflow/example_dags/example_short_circuit_operator.py
[2026-05-23T11:40:57.373+0000] {processor.py:840} INFO - DAG(s) 'example_short_circuit_operator' retrieved from /home/vscode/.local/lib/python3.11/site-packages/airflow/example_dags/example_short_circuit_operator.py
[2026-05-23T11:40:57.402+0000] {logging_mixin.py:188} INFO - [2026-05-23T11:40:57.402+0000] {dag.py:3096} INFO - Sync 1 DAGs
[2026-05-23T11:40:57.425+0000] {logging_mixin.py:188} INFO - [2026-05-23T11:40:57.425+0000] {dag.py:3954} INFO - Setting next_dagrun for example_short_circuit_operator to 2026-05-22 00:00:00+00:00, run_after=2026-05-23 00:00:00+00:00
[2026-05-23T11:40:57.456+0000] {processor.py:183} INFO - Processing /home/vscode/.local/lib/python3.11/site-packages/airflow/example_dags/example_short_circuit_operator.py took 0.097 seconds
[2026-05-23T11:41:38.986+0000] {processor.py:161} INFO - Started process (PID=12499) to work on /home/vscode/.local/lib/python3.11/site-packages/airflow/example_dags/example_short_circuit_operator.py
[2026-05-23T11:41:38.987+0000] {processor.py:830} INFO - Processing file /home/vscode/.local/lib/python3.11/site-packages/airflow/example_dags/example_short_circuit_operator.py for tasks to queue
[2026-05-23T11:41:38.987+0000] {logging_mixin.py:188} INFO - [2026-05-23T11:41:38.987+0000] {dagbag.py:545} INFO - Filling up the DagBag from /home/vscode/.local/lib/python3.11/site-packages/airflow/example_dags/example_short_circuit_operator.py
[2026-05-23T11:41:38.993+0000] {processor.py:840} INFO - DAG(s) 'example_short_circuit_operator' retrieved from /home/vscode/.local/lib/python3.11/site-packages/airflow/example_dags/example_short_circuit_operator.py
[2026-05-23T11:41:39.008+0000] {logging_mixin.py:188} INFO - [2026-05-23T11:41:39.008+0000] {dag.py:3096} INFO - Sync 1 DAGs
[2026-05-23T11:41:39.023+0000] {logging_mixin.py:188} INFO - [2026-05-23T11:41:39.022+0000] {dag.py:3954} INFO - Setting next_dagrun for example_short_circuit_operator to 2026-05-22 00:00:00+00:00, run_after=2026-05-23 00:00:00+00:00
[2026-05-23T11:41:39.046+0000] {processor.py:183} INFO - Processing /home/vscode/.local/lib/python3.11/site-packages/airflow/example_dags/example_short_circuit_operator.py took 0.066 seconds
[2026-05-23T11:42:21.327+0000] {processor.py:161} INFO - Started process (PID=12833) to work on /home/vscode/.local/lib/python3.11/site-packages/airflow/example_dags/example_short_circuit_operator.py
[2026-05-23T11:42:21.327+0000] {processor.py:830} INFO - Processing file /home/vscode/.local/lib/python3.11/site-packages/airflow/example_dags/example_short_circuit_operator.py for tasks to queue
[2026-05-23T11:42:21.328+0000] {logging_mixin.py:188} INFO - [2026-05-23T11:42:21.327+0000] {dagbag.py:545} INFO - Filling up the DagBag from /home/vscode/.local/lib/python3.11/site-packages/airflow/example_dags/example_short_circuit_operator.py
[2026-05-23T11:42:21.333+0000] {processor.py:840} INFO - DAG(s) 'example_short_circuit_operator' retrieved from /home/vscode/.local/lib/python3.11/site-packages/airflow/example_dags/example_short_circuit_operator.py
[2026-05-23T11:42:21.346+0000] {logging_mixin.py:188} INFO - [2026-05-23T11:42:21.346+0000] {dag.py:3096} INFO - Sync 1 DAGs
[2026-05-23T11:42:21.359+0000] {logging_mixin.py:188} INFO - [2026-05-23T11:42:21.359+0000] {dag.py:3954} INFO - Setting next_dagrun for example_short_circuit_operator to 2026-05-22 00:00:00+00:00, run_after=2026-05-23 00:00:00+00:00
[2026-05-23T11:42:21.374+0000] {processor.py:183} INFO - Processing /home/vscode/.local/lib/python3.11/site-packages/airflow/example_dags/example_short_circuit_operator.py took 0.054 seconds
[2026-05-23T11:43:05.985+0000] {processor.py:161} INFO - Started process (PID=13229) to work on /home/vscode/.local/lib/python3.11/site-packages/airflow/example_dags/example_short_circuit_operator.py
[2026-05-23T11:43:05.986+0000] {processor.py:830} INFO - Processing file /home/vscode/.local/lib/python3.11/site-packages/airflow/example_dags/example_short_circuit_operator.py for tasks to queue
[2026-05-23T11:43:05.986+0000] {logging_mixin.py:188} INFO - [2026-05-23T11:43:05.986+0000] {dagbag.py:545} INFO - Filling up the DagBag from /home/vscode/.local/lib/python3.11/site-packages/airflow/example_dags/example_short_circuit_operator.py
[2026-05-23T11:43:05.995+0000] {processor.py:840} INFO - DAG(s) 'example_short_circuit_operator' retrieved from /home/vscode/.local/lib/python3.11/site-packages/airflow/example_dags/example_short_circuit_operator.py
[2026-05-23T11:43:06.018+0000] {logging_mixin.py:188} INFO - [2026-05-23T11:43:06.018+0000] {dag.py:3096} INFO - Sync 1 DAGs
[2026-05-23T11:43:06.039+0000] {logging_mixin.py:188} INFO - [2026-05-23T11:43:06.039+0000] {dag.py:3954} INFO - Setting next_dagrun for example_short_circuit_operator to 2026-05-22 00:00:00+00:00, run_after=2026-05-23 00:00:00+00:00
[2026-05-23T11:43:06.058+0000] {processor.py:183} INFO - Processing /home/vscode/.local/lib/python3.11/site-packages/airflow/example_dags/example_short_circuit_operator.py took 0.079 seconds
[2026-05-23T11:43:51.114+0000] {processor.py:161} INFO - Started process (PID=13643) to work on /home/vscode/.local/lib/python3.11/site-packages/airflow/example_dags/example_short_circuit_operator.py
[2026-05-23T11:43:51.115+0000] {processor.py:830} INFO - Processing file /home/vscode/.local/lib/python3.11/site-packages/airflow/example_dags/example_short_circuit_operator.py for tasks to queue
[2026-05-23T11:43:51.115+0000] {logging_mixin.py:188} INFO - [2026-05-23T11:43:51.115+0000] {dagbag.py:545} INFO - Filling up the DagBag from /home/vscode/.local/lib/python3.11/site-packages/airflow/example_dags/example_short_circuit_operator.py
[2026-05-23T11:43:51.121+0000] {processor.py:840} INFO - DAG(s) 'example_short_circuit_operator' retrieved from /home/vscode/.local/lib/python3.11/site-packages/airflow/example_dags/example_short_circuit_operator.py
[2026-05-23T11:43:51.134+0000] {logging_mixin.py:188} INFO - [2026-05-23T11:43:51.134+0000] {dag.py:3096} INFO - Sync 1 DAGs
[2026-05-23T11:43:51.148+0000] {logging_mixin.py:188} INFO - [2026-05-23T11:43:51.148+0000] {dag.py:3954} INFO - Setting next_dagrun for example_short_circuit_operator to 2026-05-22 00:00:00+00:00, run_after=2026-05-23 00:00:00+00:00
[2026-05-23T11:43:51.163+0000] {processor.py:183} INFO - Processing /home/vscode/.local/lib/python3.11/site-packages/airflow/example_dags/example_short_circuit_operator.py took 0.055 seconds
[2026-05-23T11:44:33.964+0000] {processor.py:161} INFO - Started process (PID=14037) to work on /home/vscode/.local/lib/python3.11/site-packages/airflow/example_dags/example_short_circuit_operator.py
[2026-05-23T11:44:33.965+0000] {processor.py:830} INFO - Processing file /home/vscode/.local/lib/python3.11/site-packages/airflow/example_dags/example_short_circuit_operator.py for tasks to queue
[2026-05-23T11:44:33.965+0000] {logging_mixin.py:188} INFO - [2026-05-23T11:44:33.965+0000] {dagbag.py:545} INFO - Filling up the DagBag from /home/vscode/.local/lib/python3.11/site-packages/airflow/example_dags/example_short_circuit_operator.py
[2026-05-23T11:44:33.971+0000] {processor.py:840} INFO - DAG(s) 'example_short_circuit_operator' retrieved from /home/vscode/.local/lib/python3.11/site-packages/airflow/example_dags/example_short_circuit_operator.py
[2026-05-23T11:44:33.984+0000] {logging_mixin.py:188} INFO - [2026-05-23T11:44:33.984+0000] {dag.py:3096} INFO - Sync 1 DAGs
[2026-05-23T11:44:33.998+0000] {logging_mixin.py:188} INFO - [2026-05-23T11:44:33.998+0000] {dag.py:3954} INFO - Setting next_dagrun for example_short_circuit_operator to 2026-05-22 00:00:00+00:00, run_after=2026-05-23 00:00:00+00:00
[2026-05-23T11:44:34.014+0000] {processor.py:183} INFO - Processing /home/vscode/.local/lib/python3.11/site-packages/airflow/example_dags/example_short_circuit_operator.py took 0.056 seconds
[2026-05-23T11:45:18.239+0000] {processor.py:161} INFO - Started process (PID=14389) to work on /home/vscode/.local/lib/python3.11/site-packages/airflow/example_dags/example_short_circuit_operator.py
[2026-05-23T11:45:18.239+0000] {processor.py:830} INFO - Processing file /home/vscode/.local/lib/python3.11/site-packages/airflow/example_dags/example_short_circuit_operator.py for tasks to queue
[2026-05-23T11:45:18.240+0000] {logging_mixin.py:188} INFO - [2026-05-23T11:45:18.240+0000] {dagbag.py:545} INFO - Filling up the DagBag from /home/vscode/.local/lib/python3.11/site-packages/airflow/example_dags/example_short_circuit_operator.py
[2026-05-23T11:45:18.245+0000] {processor.py:840} INFO - DAG(s) 'example_short_circuit_operator' retrieved from /home/vscode/.local/lib/python3.11/site-packages/airflow/example_dags/example_short_circuit_operator.py
[2026-05-23T11:45:18.259+0000] {logging_mixin.py:188} INFO - [2026-05-23T11:45:18.259+0000] {dag.py:3096} INFO - Sync 1 DAGs
[2026-05-23T11:45:18.273+0000] {logging_mixin.py:188} INFO - [2026-05-23T11:45:18.273+0000] {dag.py:3954} INFO - Setting next_dagrun for example_short_circuit_operator to 2026-05-22 00:00:00+00:00, run_after=2026-05-23 00:00:00+00:00
[2026-05-23T11:45:18.289+0000] {processor.py:183} INFO - Processing /home/vscode/.local/lib/python3.11/site-packages/airflow/example_dags/example_short_circuit_operator.py took 0.057 seconds
[2026-05-23T11:46:00.779+0000] {processor.py:161} INFO - Started process (PID=14975) to work on /home/vscode/.local/lib/python3.11/site-packages/airflow/example_dags/example_short_circuit_operator.py
[2026-05-23T11:46:00.779+0000] {processor.py:830} INFO - Processing file /home/vscode/.local/lib/python3.11/site-packages/airflow/example_dags/example_short_circuit_operator.py for tasks to queue
[2026-05-23T11:46:00.780+0000] {logging_mixin.py:188} INFO - [2026-05-23T11:46:00.780+0000] {dagbag.py:545} INFO - Filling up the DagBag from /home/vscode/.local/lib/python3.11/site-packages/airflow/example_dags/example_short_circuit_operator.py
[2026-05-23T11:46:00.786+0000] {processor.py:840} INFO - DAG(s) 'example_short_circuit_operator' retrieved from /home/vscode/.local/lib/python3.11/site-packages/airflow/example_dags/example_short_circuit_operator.py
[2026-05-23T11:46:00.800+0000] {logging_mixin.py:188} INFO - [2026-05-23T11:46:00.800+0000] {dag.py:3096} INFO - Sync 1 DAGs
[2026-05-23T11:46:00.813+0000] {logging_mixin.py:188} INFO - [2026-05-23T11:46:00.813+0000] {dag.py:3954} INFO - Setting next_dagrun for example_short_circuit_operator to 2026-05-22 00:00:00+00:00, run_after=2026-05-23 00:00:00+00:00
[2026-05-23T11:46:00.829+0000] {processor.py:183} INFO - Processing /home/vscode/.local/lib/python3.11/site-packages/airflow/example_dags/example_short_circuit_operator.py took 0.057 seconds
[2026-05-23T11:46:39.466+0000] {processor.py:161} INFO - Started process (PID=15406) to work on /home/vscode/.local/lib/python3.11/site-packages/airflow/example_dags/example_short_circuit_operator.py
[2026-05-23T11:46:39.467+0000] {processor.py:830} INFO - Processing file /home/vscode/.local/lib/python3.11/site-packages/airflow/example_dags/example_short_circuit_operator.py for tasks to queue
[2026-05-23T11:46:39.468+0000] {logging_mixin.py:188} INFO - [2026-05-23T11:46:39.467+0000] {dagbag.py:545} INFO - Filling up the DagBag from /home/vscode/.local/lib/python3.11/site-packages/airflow/example_dags/example_short_circuit_operator.py
[2026-05-23T11:46:39.473+0000] {processor.py:840} INFO - DAG(s) 'example_short_circuit_operator' retrieved from /home/vscode/.local/lib/python3.11/site-packages/airflow/example_dags/example_short_circuit_operator.py
[2026-05-23T11:46:39.487+0000] {logging_mixin.py:188} INFO - [2026-05-23T11:46:39.487+0000] {dag.py:3096} INFO - Sync 1 DAGs
[2026-05-23T11:46:39.500+0000] {logging_mixin.py:188} INFO - [2026-05-23T11:46:39.500+0000] {dag.py:3954} INFO - Setting next_dagrun for example_short_circuit_operator to 2026-05-22 00:00:00+00:00, run_after=2026-05-23 00:00:00+00:00
[2026-05-23T11:46:39.516+0000] {processor.py:183} INFO - Processing /home/vscode/.local/lib/python3.11/site-packages/airflow/example_dags/example_short_circuit_operator.py took 0.057 seconds
[2026-05-23T11:47:19.406+0000] {processor.py:161} INFO - Started process (PID=15731) to work on /home/vscode/.local/lib/python3.11/site-packages/airflow/example_dags/example_short_circuit_operator.py
[2026-05-23T11:47:19.406+0000] {processor.py:830} INFO - Processing file /home/vscode/.local/lib/python3.11/site-packages/airflow/example_dags/example_short_circuit_operator.py for tasks to queue
[2026-05-23T11:47:19.407+0000] {logging_mixin.py:188} INFO - [2026-05-23T11:47:19.407+0000] {dagbag.py:545} INFO - Filling up the DagBag from /home/vscode/.local/lib/python3.11/site-packages/airflow/example_dags/example_short_circuit_operator.py
[2026-05-23T11:47:19.413+0000] {processor.py:840} INFO - DAG(s) 'example_short_circuit_operator' retrieved from /home/vscode/.local/lib/python3.11/site-packages/airflow/example_dags/example_short_circuit_operator.py
[2026-05-23T11:47:19.427+0000] {logging_mixin.py:188} INFO - [2026-05-23T11:47:19.426+0000] {dag.py:3096} INFO - Sync 1 DAGs
[2026-05-23T11:47:19.441+0000] {logging_mixin.py:188} INFO - [2026-05-23T11:47:19.441+0000] {dag.py:3954} INFO - Setting next_dagrun for example_short_circuit_operator to 2026-05-22 00:00:00+00:00, run_after=2026-05-23 00:00:00+00:00
[2026-05-23T11:47:19.461+0000] {processor.py:183} INFO - Processing /home/vscode/.local/lib/python3.11/site-packages/airflow/example_dags/example_short_circuit_operator.py took 0.061 seconds
[2026-05-23T11:48:03.345+0000] {processor.py:161} INFO - Started process (PID=16126) to work on /home/vscode/.local/lib/python3.11/site-packages/airflow/example_dags/example_short_circuit_operator.py
[2026-05-23T11:48:03.346+0000] {processor.py:830} INFO - Processing file /home/vscode/.local/lib/python3.11/site-packages/airflow/example_dags/example_short_circuit_operator.py for tasks to queue
[2026-05-23T11:48:03.346+0000] {logging_mixin.py:188} INFO - [2026-05-23T11:48:03.346+0000] {dagbag.py:545} INFO - Filling up the DagBag from /home/vscode/.local/lib/python3.11/site-packages/airflow/example_dags/example_short_circuit_operator.py
[2026-05-23T11:48:03.352+0000] {processor.py:840} INFO - DAG(s) 'example_short_circuit_operator' retrieved from /home/vscode/.local/lib/python3.11/site-packages/airflow/example_dags/example_short_circuit_operator.py
[2026-05-23T11:48:03.374+0000] {logging_mixin.py:188} INFO - [2026-05-23T11:48:03.374+0000] {dag.py:3096} INFO - Sync 1 DAGs
[2026-05-23T11:48:03.396+0000] {logging_mixin.py:188} INFO - [2026-05-23T11:48:03.396+0000] {dag.py:3954} INFO - Setting next_dagrun for example_short_circuit_operator to 2026-05-22 00:00:00+00:00, run_after=2026-05-23 00:00:00+00:00
[2026-05-23T11:48:03.412+0000] {processor.py:183} INFO - Processing /home/vscode/.local/lib/python3.11/site-packages/airflow/example_dags/example_short_circuit_operator.py took 0.073 seconds
[2026-05-23T11:48:45.356+0000] {processor.py:161} INFO - Started process (PID=16516) to work on /home/vscode/.local/lib/python3.11/site-packages/airflow/example_dags/example_short_circuit_operator.py
[2026-05-23T11:48:45.357+0000] {processor.py:830} INFO - Processing file /home/vscode/.local/lib/python3.11/site-packages/airflow/example_dags/example_short_circuit_operator.py for tasks to queue
[2026-05-23T11:48:45.357+0000] {logging_mixin.py:188} INFO - [2026-05-23T11:48:45.357+0000] {dagbag.py:545} INFO - Filling up the DagBag from /home/vscode/.local/lib/python3.11/site-packages/airflow/example_dags/example_short_circuit_operator.py
[2026-05-23T11:48:45.363+0000] {processor.py:840} INFO - DAG(s) 'example_short_circuit_operator' retrieved from /home/vscode/.local/lib/python3.11/site-packages/airflow/example_dags/example_short_circuit_operator.py
[2026-05-23T11:48:45.376+0000] {logging_mixin.py:188} INFO - [2026-05-23T11:48:45.376+0000] {dag.py:3096} INFO - Sync 1 DAGs
[2026-05-23T11:48:45.391+0000] {logging_mixin.py:188} INFO - [2026-05-23T11:48:45.390+0000] {dag.py:3954} INFO - Setting next_dagrun for example_short_circuit_operator to 2026-05-22 00:00:00+00:00, run_after=2026-05-23 00:00:00+00:00
[2026-05-23T11:48:45.407+0000] {processor.py:183} INFO - Processing /home/vscode/.local/lib/python3.11/site-packages/airflow/example_dags/example_short_circuit_operator.py took 0.057 seconds
[2026-05-23T11:49:26.341+0000] {processor.py:161} INFO - Started process (PID=16967) to work on /home/vscode/.local/lib/python3.11/site-packages/airflow/example_dags/example_short_circuit_operator.py
[2026-05-23T11:49:26.342+0000] {processor.py:830} INFO - Processing file /home/vscode/.local/lib/python3.11/site-packages/airflow/example_dags/example_short_circuit_operator.py for tasks to queue
[2026-05-23T11:49:26.343+0000] {logging_mixin.py:188} INFO - [2026-05-23T11:49:26.342+0000] {dagbag.py:545} INFO - Filling up the DagBag from /home/vscode/.local/lib/python3.11/site-packages/airflow/example_dags/example_short_circuit_operator.py
[2026-05-23T11:49:26.348+0000] {processor.py:840} INFO - DAG(s) 'example_short_circuit_operator' retrieved from /home/vscode/.local/lib/python3.11/site-packages/airflow/example_dags/example_short_circuit_operator.py
[2026-05-23T11:49:26.361+0000] {logging_mixin.py:188} INFO - [2026-05-23T11:49:26.361+0000] {dag.py:3096} INFO - Sync 1 DAGs
[2026-05-23T11:49:26.375+0000] {logging_mixin.py:188} INFO - [2026-05-23T11:49:26.375+0000] {dag.py:3954} INFO - Setting next_dagrun for example_short_circuit_operator to 2026-05-22 00:00:00+00:00, run_after=2026-05-23 00:00:00+00:00
[2026-05-23T11:49:26.390+0000] {processor.py:183} INFO - Processing /home/vscode/.local/lib/python3.11/site-packages/airflow/example_dags/example_short_circuit_operator.py took 0.055 seconds
[2026-05-23T11:50:09.837+0000] {processor.py:161} INFO - Started process (PID=17613) to work on /home/vscode/.local/lib/python3.11/site-packages/airflow/example_dags/example_short_circuit_operator.py
[2026-05-23T11:50:09.837+0000] {processor.py:830} INFO - Processing file /home/vscode/.local/lib/python3.11/site-packages/airflow/example_dags/example_short_circuit_operator.py for tasks to queue
[2026-05-23T11:50:09.838+0000] {logging_mixin.py:188} INFO - [2026-05-23T11:50:09.838+0000] {dagbag.py:545} INFO - Filling up the DagBag from /home/vscode/.local/lib/python3.11/site-packages/airflow/example_dags/example_short_circuit_operator.py
[2026-05-23T11:50:09.844+0000] {processor.py:840} INFO - DAG(s) 'example_short_circuit_operator' retrieved from /home/vscode/.local/lib/python3.11/site-packages/airflow/example_dags/example_short_circuit_operator.py
[2026-05-23T11:50:09.857+0000] {logging_mixin.py:188} INFO - [2026-05-23T11:50:09.857+0000] {dag.py:3096} INFO - Sync 1 DAGs
[2026-05-23T11:50:09.871+0000] {logging_mixin.py:188} INFO - [2026-05-23T11:50:09.871+0000] {dag.py:3954} INFO - Setting next_dagrun for example_short_circuit_operator to 2026-05-22 00:00:00+00:00, run_after=2026-05-23 00:00:00+00:00
[2026-05-23T11:50:09.886+0000] {processor.py:183} INFO - Processing /home/vscode/.local/lib/python3.11/site-packages/airflow/example_dags/example_short_circuit_operator.py took 0.056 seconds
[2026-05-23T11:50:51.386+0000] {processor.py:161} INFO - Started process (PID=18318) to work on /home/vscode/.local/lib/python3.11/site-packages/airflow/example_dags/example_short_circuit_operator.py
[2026-05-23T11:50:51.387+0000] {processor.py:830} INFO - Processing file /home/vscode/.local/lib/python3.11/site-packages/airflow/example_dags/example_short_circuit_operator.py for tasks to queue
[2026-05-23T11:50:51.388+0000] {logging_mixin.py:188} INFO - [2026-05-23T11:50:51.387+0000] {dagbag.py:545} INFO - Filling up the DagBag from /home/vscode/.local/lib/python3.11/site-packages/airflow/example_dags/example_short_circuit_operator.py
[2026-05-23T11:50:51.393+0000] {processor.py:840} INFO - DAG(s) 'example_short_circuit_operator' retrieved from /home/vscode/.local/lib/python3.11/site-packages/airflow/example_dags/example_short_circuit_operator.py
[2026-05-23T11:50:51.406+0000] {logging_mixin.py:188} INFO - [2026-05-23T11:50:51.406+0000] {dag.py:3096} INFO - Sync 1 DAGs
[2026-05-23T11:50:51.420+0000] {logging_mixin.py:188} INFO - [2026-05-23T11:50:51.420+0000] {dag.py:3954} INFO - Setting next_dagrun for example_short_circuit_operator to 2026-05-22 00:00:00+00:00, run_after=2026-05-23 00:00:00+00:00
[2026-05-23T11:50:51.435+0000] {processor.py:183} INFO - Processing /home/vscode/.local/lib/python3.11/site-packages/airflow/example_dags/example_short_circuit_operator.py took 0.055 seconds
[2026-05-23T11:51:31.932+0000] {processor.py:161} INFO - Started process (PID=18717) to work on /home/vscode/.local/lib/python3.11/site-packages/airflow/example_dags/example_short_circuit_operator.py
[2026-05-23T11:51:31.933+0000] {processor.py:830} INFO - Processing file /home/vscode/.local/lib/python3.11/site-packages/airflow/example_dags/example_short_circuit_operator.py for tasks to queue
[2026-05-23T11:51:31.933+0000] {logging_mixin.py:188} INFO - [2026-05-23T11:51:31.933+0000] {dagbag.py:545} INFO - Filling up the DagBag from /home/vscode/.local/lib/python3.11/site-packages/airflow/example_dags/example_short_circuit_operator.py
[2026-05-23T11:51:31.939+0000] {processor.py:840} INFO - DAG(s) 'example_short_circuit_operator' retrieved from /home/vscode/.local/lib/python3.11/site-packages/airflow/example_dags/example_short_circuit_operator.py
[2026-05-23T11:51:31.952+0000] {logging_mixin.py:188} INFO - [2026-05-23T11:51:31.952+0000] {dag.py:3096} INFO - Sync 1 DAGs
[2026-05-23T11:51:31.966+0000] {logging_mixin.py:188} INFO - [2026-05-23T11:51:31.966+0000] {dag.py:3954} INFO - Setting next_dagrun for example_short_circuit_operator to 2026-05-22 00:00:00+00:00, run_after=2026-05-23 00:00:00+00:00
[2026-05-23T11:51:31.981+0000] {processor.py:183} INFO - Processing /home/vscode/.local/lib/python3.11/site-packages/airflow/example_dags/example_short_circuit_operator.py took 0.056 seconds
[2026-05-23T11:52:12.490+0000] {processor.py:161} INFO - Started process (PID=19052) to work on /home/vscode/.local/lib/python3.11/site-packages/airflow/example_dags/example_short_circuit_operator.py
[2026-05-23T11:52:12.491+0000] {processor.py:830} INFO - Processing file /home/vscode/.local/lib/python3.11/site-packages/airflow/example_dags/example_short_circuit_operator.py for tasks to queue
[2026-05-23T11:52:12.491+0000] {logging_mixin.py:188} INFO - [2026-05-23T11:52:12.491+0000] {dagbag.py:545} INFO - Filling up the DagBag from /home/vscode/.local/lib/python3.11/site-packages/airflow/example_dags/example_short_circuit_operator.py
[2026-05-23T11:52:12.497+0000] {processor.py:840} INFO - DAG(s) 'example_short_circuit_operator' retrieved from /home/vscode/.local/lib/python3.11/site-packages/airflow/example_dags/example_short_circuit_operator.py
[2026-05-23T11:52:12.510+0000] {logging_mixin.py:188} INFO - [2026-05-23T11:52:12.510+0000] {dag.py:3096} INFO - Sync 1 DAGs
[2026-05-23T11:52:12.524+0000] {logging_mixin.py:188} INFO - [2026-05-23T11:52:12.524+0000] {dag.py:3954} INFO - Setting next_dagrun for example_short_circuit_operator to 2026-05-22 00:00:00+00:00, run_after=2026-05-23 00:00:00+00:00
[2026-05-23T11:52:12.541+0000] {processor.py:183} INFO - Processing /home/vscode/.local/lib/python3.11/site-packages/airflow/example_dags/example_short_circuit_operator.py took 0.057 seconds
[2026-05-23T11:52:52.124+0000] {processor.py:161} INFO - Started process (PID=19492) to work on /home/vscode/.local/lib/python3.11/site-packages/airflow/example_dags/example_short_circuit_operator.py
[2026-05-23T11:52:52.125+0000] {processor.py:830} INFO - Processing file /home/vscode/.local/lib/python3.11/site-packages/airflow/example_dags/example_short_circuit_operator.py for tasks to queue
[2026-05-23T11:52:52.126+0000] {logging_mixin.py:188} INFO - [2026-05-23T11:52:52.125+0000] {dagbag.py:545} INFO - Filling up the DagBag from /home/vscode/.local/lib/python3.11/site-packages/airflow/example_dags/example_short_circuit_operator.py
[2026-05-23T11:52:52.131+0000] {processor.py:840} INFO - DAG(s) 'example_short_circuit_operator' retrieved from /home/vscode/.local/lib/python3.11/site-packages/airflow/example_dags/example_short_circuit_operator.py
[2026-05-23T11:52:52.144+0000] {logging_mixin.py:188} INFO - [2026-05-23T11:52:52.144+0000] {dag.py:3096} INFO - Sync 1 DAGs
[2026-05-23T11:52:52.157+0000] {logging_mixin.py:188} INFO - [2026-05-23T11:52:52.157+0000] {dag.py:3954} INFO - Setting next_dagrun for example_short_circuit_operator to 2026-05-22 00:00:00+00:00, run_after=2026-05-23 00:00:00+00:00
[2026-05-23T11:52:52.172+0000] {processor.py:183} INFO - Processing /home/vscode/.local/lib/python3.11/site-packages/airflow/example_dags/example_short_circuit_operator.py took 0.053 seconds
[2026-05-23T11:53:50.697+0000] {processor.py:161} INFO - Started process (PID=20187) to work on /home/vscode/.local/lib/python3.11/site-packages/airflow/example_dags/example_short_circuit_operator.py
[2026-05-23T11:53:50.698+0000] {processor.py:830} INFO - Processing file /home/vscode/.local/lib/python3.11/site-packages/airflow/example_dags/example_short_circuit_operator.py for tasks to queue
[2026-05-23T11:53:50.699+0000] {logging_mixin.py:188} INFO - [2026-05-23T11:53:50.698+0000] {dagbag.py:545} INFO - Filling up the DagBag from /home/vscode/.local/lib/python3.11/site-packages/airflow/example_dags/example_short_circuit_operator.py
[2026-05-23T11:53:50.704+0000] {processor.py:840} INFO - DAG(s) 'example_short_circuit_operator' retrieved from /home/vscode/.local/lib/python3.11/site-packages/airflow/example_dags/example_short_circuit_operator.py
[2026-05-23T11:53:50.717+0000] {logging_mixin.py:188} INFO - [2026-05-23T11:53:50.717+0000] {dag.py:3096} INFO - Sync 1 DAGs
[2026-05-23T11:53:50.732+0000] {logging_mixin.py:188} INFO - [2026-05-23T11:53:50.732+0000] {dag.py:3954} INFO - Setting next_dagrun for example_short_circuit_operator to 2026-05-22 00:00:00+00:00, run_after=2026-05-23 00:00:00+00:00
[2026-05-23T11:53:50.758+0000] {processor.py:183} INFO - Processing /home/vscode/.local/lib/python3.11/site-packages/airflow/example_dags/example_short_circuit_operator.py took 0.067 seconds
[2026-05-23T11:54:35.566+0000] {processor.py:161} INFO - Started process (PID=20879) to work on /home/vscode/.local/lib/python3.11/site-packages/airflow/example_dags/example_short_circuit_operator.py
[2026-05-23T11:54:35.566+0000] {processor.py:830} INFO - Processing file /home/vscode/.local/lib/python3.11/site-packages/airflow/example_dags/example_short_circuit_operator.py for tasks to queue
[2026-05-23T11:54:35.567+0000] {logging_mixin.py:188} INFO - [2026-05-23T11:54:35.567+0000] {dagbag.py:545} INFO - Filling up the DagBag from /home/vscode/.local/lib/python3.11/site-packages/airflow/example_dags/example_short_circuit_operator.py
[2026-05-23T11:54:35.576+0000] {processor.py:840} INFO - DAG(s) 'example_short_circuit_operator' retrieved from /home/vscode/.local/lib/python3.11/site-packages/airflow/example_dags/example_short_circuit_operator.py
[2026-05-23T11:54:35.599+0000] {logging_mixin.py:188} INFO - [2026-05-23T11:54:35.598+0000] {dag.py:3096} INFO - Sync 1 DAGs
[2026-05-23T11:54:35.626+0000] {logging_mixin.py:188} INFO - [2026-05-23T11:54:35.625+0000] {dag.py:3954} INFO - Setting next_dagrun for example_short_circuit_operator to 2026-05-22 00:00:00+00:00, run_after=2026-05-23 00:00:00+00:00
[2026-05-23T11:54:35.648+0000] {processor.py:183} INFO - Processing /home/vscode/.local/lib/python3.11/site-packages/airflow/example_dags/example_short_circuit_operator.py took 0.091 seconds
[2026-05-23T11:55:23.444+0000] {processor.py:161} INFO - Started process (PID=21538) to work on /home/vscode/.local/lib/python3.11/site-packages/airflow/example_dags/example_short_circuit_operator.py
[2026-05-23T11:55:23.451+0000] {processor.py:830} INFO - Processing file /home/vscode/.local/lib/python3.11/site-packages/airflow/example_dags/example_short_circuit_operator.py for tasks to queue
[2026-05-23T11:55:23.451+0000] {logging_mixin.py:188} INFO - [2026-05-23T11:55:23.451+0000] {dagbag.py:545} INFO - Filling up the DagBag from /home/vscode/.local/lib/python3.11/site-packages/airflow/example_dags/example_short_circuit_operator.py
[2026-05-23T11:55:23.472+0000] {processor.py:840} INFO - DAG(s) 'example_short_circuit_operator' retrieved from /home/vscode/.local/lib/python3.11/site-packages/airflow/example_dags/example_short_circuit_operator.py
[2026-05-23T11:55:23.518+0000] {logging_mixin.py:188} INFO - [2026-05-23T11:55:23.516+0000] {dag.py:3096} INFO - Sync 1 DAGs
[2026-05-23T11:55:23.563+0000] {logging_mixin.py:188} INFO - [2026-05-23T11:55:23.563+0000] {dag.py:3954} INFO - Setting next_dagrun for example_short_circuit_operator to 2026-05-22 00:00:00+00:00, run_after=2026-05-23 00:00:00+00:00
[2026-05-23T11:55:23.613+0000] {processor.py:183} INFO - Processing /home/vscode/.local/lib/python3.11/site-packages/airflow/example_dags/example_short_circuit_operator.py took 0.198 seconds
[2026-05-23T11:56:15.131+0000] {processor.py:161} INFO - Started process (PID=22153) to work on /home/vscode/.local/lib/python3.11/site-packages/airflow/example_dags/example_short_circuit_operator.py
[2026-05-23T11:56:15.133+0000] {processor.py:830} INFO - Processing file /home/vscode/.local/lib/python3.11/site-packages/airflow/example_dags/example_short_circuit_operator.py for tasks to queue
[2026-05-23T11:56:15.134+0000] {logging_mixin.py:188} INFO - [2026-05-23T11:56:15.133+0000] {dagbag.py:545} INFO - Filling up the DagBag from /home/vscode/.local/lib/python3.11/site-packages/airflow/example_dags/example_short_circuit_operator.py
[2026-05-23T11:56:15.149+0000] {processor.py:840} INFO - DAG(s) 'example_short_circuit_operator' retrieved from /home/vscode/.local/lib/python3.11/site-packages/airflow/example_dags/example_short_circuit_operator.py
[2026-05-23T11:56:15.170+0000] {logging_mixin.py:188} INFO - [2026-05-23T11:56:15.170+0000] {dag.py:3096} INFO - Sync 1 DAGs
[2026-05-23T11:56:15.194+0000] {logging_mixin.py:188} INFO - [2026-05-23T11:56:15.194+0000] {dag.py:3954} INFO - Setting next_dagrun for example_short_circuit_operator to 2026-05-22 00:00:00+00:00, run_after=2026-05-23 00:00:00+00:00
[2026-05-23T11:56:15.215+0000] {processor.py:183} INFO - Processing /home/vscode/.local/lib/python3.11/site-packages/airflow/example_dags/example_short_circuit_operator.py took 0.107 seconds
[2026-05-23T11:57:04.468+0000] {processor.py:161} INFO - Started process (PID=22712) to work on /home/vscode/.local/lib/python3.11/site-packages/airflow/example_dags/example_short_circuit_operator.py
[2026-05-23T11:57:04.468+0000] {processor.py:830} INFO - Processing file /home/vscode/.local/lib/python3.11/site-packages/airflow/example_dags/example_short_circuit_operator.py for tasks to queue
[2026-05-23T11:57:04.469+0000] {logging_mixin.py:188} INFO - [2026-05-23T11:57:04.469+0000] {dagbag.py:545} INFO - Filling up the DagBag from /home/vscode/.local/lib/python3.11/site-packages/airflow/example_dags/example_short_circuit_operator.py
[2026-05-23T11:57:04.477+0000] {processor.py:840} INFO - DAG(s) 'example_short_circuit_operator' retrieved from /home/vscode/.local/lib/python3.11/site-packages/airflow/example_dags/example_short_circuit_operator.py
[2026-05-23T11:57:04.497+0000] {logging_mixin.py:188} INFO - [2026-05-23T11:57:04.496+0000] {dag.py:3096} INFO - Sync 1 DAGs
[2026-05-23T11:57:04.561+0000] {logging_mixin.py:188} INFO - [2026-05-23T11:57:04.560+0000] {dag.py:3954} INFO - Setting next_dagrun for example_short_circuit_operator to 2026-05-22 00:00:00+00:00, run_after=2026-05-23 00:00:00+00:00
[2026-05-23T11:57:04.681+0000] {processor.py:183} INFO - Processing /home/vscode/.local/lib/python3.11/site-packages/airflow/example_dags/example_short_circuit_operator.py took 0.223 seconds
[2026-05-23T11:57:54.390+0000] {processor.py:161} INFO - Started process (PID=23171) to work on /home/vscode/.local/lib/python3.11/site-packages/airflow/example_dags/example_short_circuit_operator.py
[2026-05-23T11:57:54.391+0000] {processor.py:830} INFO - Processing file /home/vscode/.local/lib/python3.11/site-packages/airflow/example_dags/example_short_circuit_operator.py for tasks to queue
[2026-05-23T11:57:54.392+0000] {logging_mixin.py:188} INFO - [2026-05-23T11:57:54.391+0000] {dagbag.py:545} INFO - Filling up the DagBag from /home/vscode/.local/lib/python3.11/site-packages/airflow/example_dags/example_short_circuit_operator.py
[2026-05-23T11:57:54.400+0000] {processor.py:840} INFO - DAG(s) 'example_short_circuit_operator' retrieved from /home/vscode/.local/lib/python3.11/site-packages/airflow/example_dags/example_short_circuit_operator.py
[2026-05-23T11:57:54.422+0000] {logging_mixin.py:188} INFO - [2026-05-23T11:57:54.422+0000] {dag.py:3096} INFO - Sync 1 DAGs
[2026-05-23T11:57:54.443+0000] {logging_mixin.py:188} INFO - [2026-05-23T11:57:54.443+0000] {dag.py:3954} INFO - Setting next_dagrun for example_short_circuit_operator to 2026-05-22 00:00:00+00:00, run_after=2026-05-23 00:00:00+00:00
[2026-05-23T11:57:54.465+0000] {processor.py:183} INFO - Processing /home/vscode/.local/lib/python3.11/site-packages/airflow/example_dags/example_short_circuit_operator.py took 0.084 seconds
[2026-05-23T11:58:42.780+0000] {processor.py:161} INFO - Started process (PID=23698) to work on /home/vscode/.local/lib/python3.11/site-packages/airflow/example_dags/example_short_circuit_operator.py
[2026-05-23T11:58:42.781+0000] {processor.py:830} INFO - Processing file /home/vscode/.local/lib/python3.11/site-packages/airflow/example_dags/example_short_circuit_operator.py for tasks to queue
[2026-05-23T11:58:42.781+0000] {logging_mixin.py:188} INFO - [2026-05-23T11:58:42.781+0000] {dagbag.py:545} INFO - Filling up the DagBag from /home/vscode/.local/lib/python3.11/site-packages/airflow/example_dags/example_short_circuit_operator.py
[2026-05-23T11:58:42.782+0000] {processor.py:842} WARNING - No viable dags retrieved from /home/vscode/.local/lib/python3.11/site-packages/airflow/example_dags/example_short_circuit_operator.py
[2026-05-23T11:58:42.786+0000] {processor.py:183} INFO - Processing /home/vscode/.local/lib/python3.11/site-packages/airflow/example_dags/example_short_circuit_operator.py took 0.013 seconds
