[2026-05-23T11:26:50.130+0000] {processor.py:161} INFO - Started process (PID=3117) to work on /home/vscode/.local/lib/python3.11/site-packages/airflow/example_dags/example_latest_only_with_trigger.py
[2026-05-23T11:26:50.130+0000] {processor.py:830} INFO - Processing file /home/vscode/.local/lib/python3.11/site-packages/airflow/example_dags/example_latest_only_with_trigger.py for tasks to queue
[2026-05-23T11:26:50.131+0000] {logging_mixin.py:188} INFO - [2026-05-23T11:26:50.131+0000] {dagbag.py:545} INFO - Filling up the DagBag from /home/vscode/.local/lib/python3.11/site-packages/airflow/example_dags/example_latest_only_with_trigger.py
[2026-05-23T11:26:50.135+0000] {processor.py:840} INFO - DAG(s) 'latest_only_with_trigger' retrieved from /home/vscode/.local/lib/python3.11/site-packages/airflow/example_dags/example_latest_only_with_trigger.py
[2026-05-23T11:26:50.404+0000] {logging_mixin.py:188} INFO - [2026-05-23T11:26:50.403+0000] {dag.py:3096} INFO - Sync 1 DAGs
[2026-05-23T11:26:50.421+0000] {logging_mixin.py:188} INFO - [2026-05-23T11:26:50.421+0000] {dag.py:3954} INFO - Setting next_dagrun for latest_only_with_trigger to 2026-05-23 04:00:00+00:00, run_after=2026-05-23 08:00:00+00:00
[2026-05-23T11:26:50.462+0000] {processor.py:183} INFO - Processing /home/vscode/.local/lib/python3.11/site-packages/airflow/example_dags/example_latest_only_with_trigger.py took 0.340 seconds
[2026-05-23T11:27:50.639+0000] {processor.py:161} INFO - Started process (PID=3971) to work on /home/vscode/.local/lib/python3.11/site-packages/airflow/example_dags/example_latest_only_with_trigger.py
[2026-05-23T11:27:50.641+0000] {processor.py:830} INFO - Processing file /home/vscode/.local/lib/python3.11/site-packages/airflow/example_dags/example_latest_only_with_trigger.py for tasks to queue
[2026-05-23T11:27:50.644+0000] {logging_mixin.py:188} INFO - [2026-05-23T11:27:50.642+0000] {dagbag.py:545} INFO - Filling up the DagBag from /home/vscode/.local/lib/python3.11/site-packages/airflow/example_dags/example_latest_only_with_trigger.py
[2026-05-23T11:27:50.663+0000] {processor.py:840} INFO - DAG(s) 'latest_only_with_trigger' retrieved from /home/vscode/.local/lib/python3.11/site-packages/airflow/example_dags/example_latest_only_with_trigger.py
[2026-05-23T11:27:50.832+0000] {logging_mixin.py:188} INFO - [2026-05-23T11:27:50.832+0000] {dag.py:3096} INFO - Sync 1 DAGs
[2026-05-23T11:27:50.844+0000] {logging_mixin.py:188} INFO - [2026-05-23T11:27:50.844+0000] {dag.py:3954} INFO - Setting next_dagrun for latest_only_with_trigger to 2026-05-23 04:00:00+00:00, run_after=2026-05-23 08:00:00+00:00
[2026-05-23T11:27:50.859+0000] {processor.py:183} INFO - Processing /home/vscode/.local/lib/python3.11/site-packages/airflow/example_dags/example_latest_only_with_trigger.py took 0.244 seconds
[2026-05-23T11:28:42.195+0000] {processor.py:161} INFO - Started process (PID=4558) to work on /home/vscode/.local/lib/python3.11/site-packages/airflow/example_dags/example_latest_only_with_trigger.py
[2026-05-23T11:28:42.195+0000] {processor.py:830} INFO - Processing file /home/vscode/.local/lib/python3.11/site-packages/airflow/example_dags/example_latest_only_with_trigger.py for tasks to queue
[2026-05-23T11:28:42.196+0000] {logging_mixin.py:188} INFO - [2026-05-23T11:28:42.196+0000] {dagbag.py:545} INFO - Filling up the DagBag from /home/vscode/.local/lib/python3.11/site-packages/airflow/example_dags/example_latest_only_with_trigger.py
[2026-05-23T11:28:42.200+0000] {processor.py:840} INFO - DAG(s) 'latest_only_with_trigger' retrieved from /home/vscode/.local/lib/python3.11/site-packages/airflow/example_dags/example_latest_only_with_trigger.py
[2026-05-23T11:28:42.213+0000] {logging_mixin.py:188} INFO - [2026-05-23T11:28:42.213+0000] {dag.py:3096} INFO - Sync 1 DAGs
[2026-05-23T11:28:42.227+0000] {logging_mixin.py:188} INFO - [2026-05-23T11:28:42.227+0000] {dag.py:3954} INFO - Setting next_dagrun for latest_only_with_trigger to 2026-05-23 04:00:00+00:00, run_after=2026-05-23 08:00:00+00:00
[2026-05-23T11:28:42.241+0000] {processor.py:183} INFO - Processing /home/vscode/.local/lib/python3.11/site-packages/airflow/example_dags/example_latest_only_with_trigger.py took 0.052 seconds
[2026-05-23T11:29:32.761+0000] {processor.py:161} INFO - Started process (PID=5001) to work on /home/vscode/.local/lib/python3.11/site-packages/airflow/example_dags/example_latest_only_with_trigger.py
[2026-05-23T11:29:32.761+0000] {processor.py:830} INFO - Processing file /home/vscode/.local/lib/python3.11/site-packages/airflow/example_dags/example_latest_only_with_trigger.py for tasks to queue
[2026-05-23T11:29:32.762+0000] {logging_mixin.py:188} INFO - [2026-05-23T11:29:32.761+0000] {dagbag.py:545} INFO - Filling up the DagBag from /home/vscode/.local/lib/python3.11/site-packages/airflow/example_dags/example_latest_only_with_trigger.py
[2026-05-23T11:29:32.768+0000] {processor.py:840} INFO - DAG(s) 'latest_only_with_trigger' retrieved from /home/vscode/.local/lib/python3.11/site-packages/airflow/example_dags/example_latest_only_with_trigger.py
[2026-05-23T11:29:32.781+0000] {logging_mixin.py:188} INFO - [2026-05-23T11:29:32.781+0000] {dag.py:3096} INFO - Sync 1 DAGs
[2026-05-23T11:29:32.795+0000] {logging_mixin.py:188} INFO - [2026-05-23T11:29:32.795+0000] {dag.py:3954} INFO - Setting next_dagrun for latest_only_with_trigger to 2026-05-23 04:00:00+00:00, run_after=2026-05-23 08:00:00+00:00
[2026-05-23T11:29:32.809+0000] {processor.py:183} INFO - Processing /home/vscode/.local/lib/python3.11/site-packages/airflow/example_dags/example_latest_only_with_trigger.py took 0.054 seconds
[2026-05-23T11:30:34.698+0000] {processor.py:161} INFO - Started process (PID=5579) to work on /home/vscode/.local/lib/python3.11/site-packages/airflow/example_dags/example_latest_only_with_trigger.py
[2026-05-23T11:30:34.698+0000] {processor.py:830} INFO - Processing file /home/vscode/.local/lib/python3.11/site-packages/airflow/example_dags/example_latest_only_with_trigger.py for tasks to queue
[2026-05-23T11:30:34.699+0000] {logging_mixin.py:188} INFO - [2026-05-23T11:30:34.699+0000] {dagbag.py:545} INFO - Filling up the DagBag from /home/vscode/.local/lib/python3.11/site-packages/airflow/example_dags/example_latest_only_with_trigger.py
[2026-05-23T11:30:34.703+0000] {processor.py:840} INFO - DAG(s) 'latest_only_with_trigger' retrieved from /home/vscode/.local/lib/python3.11/site-packages/airflow/example_dags/example_latest_only_with_trigger.py
[2026-05-23T11:30:34.715+0000] {logging_mixin.py:188} INFO - [2026-05-23T11:30:34.715+0000] {dag.py:3096} INFO - Sync 1 DAGs
[2026-05-23T11:30:34.729+0000] {logging_mixin.py:188} INFO - [2026-05-23T11:30:34.729+0000] {dag.py:3954} INFO - Setting next_dagrun for latest_only_with_trigger to 2026-05-23 04:00:00+00:00, run_after=2026-05-23 08:00:00+00:00
[2026-05-23T11:30:34.745+0000] {processor.py:183} INFO - Processing /home/vscode/.local/lib/python3.11/site-packages/airflow/example_dags/example_latest_only_with_trigger.py took 0.053 seconds
[2026-05-23T11:31:38.034+0000] {processor.py:161} INFO - Started process (PID=6204) to work on /home/vscode/.local/lib/python3.11/site-packages/airflow/example_dags/example_latest_only_with_trigger.py
[2026-05-23T11:31:38.034+0000] {processor.py:830} INFO - Processing file /home/vscode/.local/lib/python3.11/site-packages/airflow/example_dags/example_latest_only_with_trigger.py for tasks to queue
[2026-05-23T11:31:38.035+0000] {logging_mixin.py:188} INFO - [2026-05-23T11:31:38.035+0000] {dagbag.py:545} INFO - Filling up the DagBag from /home/vscode/.local/lib/python3.11/site-packages/airflow/example_dags/example_latest_only_with_trigger.py
[2026-05-23T11:31:38.039+0000] {processor.py:840} INFO - DAG(s) 'latest_only_with_trigger' retrieved from /home/vscode/.local/lib/python3.11/site-packages/airflow/example_dags/example_latest_only_with_trigger.py
[2026-05-23T11:31:38.050+0000] {logging_mixin.py:188} INFO - [2026-05-23T11:31:38.050+0000] {dag.py:3096} INFO - Sync 1 DAGs
[2026-05-23T11:31:38.063+0000] {logging_mixin.py:188} INFO - [2026-05-23T11:31:38.063+0000] {dag.py:3954} INFO - Setting next_dagrun for latest_only_with_trigger to 2026-05-23 04:00:00+00:00, run_after=2026-05-23 08:00:00+00:00
[2026-05-23T11:31:38.078+0000] {processor.py:183} INFO - Processing /home/vscode/.local/lib/python3.11/site-packages/airflow/example_dags/example_latest_only_with_trigger.py took 0.051 seconds
[2026-05-23T11:32:40.816+0000] {processor.py:161} INFO - Started process (PID=6751) to work on /home/vscode/.local/lib/python3.11/site-packages/airflow/example_dags/example_latest_only_with_trigger.py
[2026-05-23T11:32:40.816+0000] {processor.py:830} INFO - Processing file /home/vscode/.local/lib/python3.11/site-packages/airflow/example_dags/example_latest_only_with_trigger.py for tasks to queue
[2026-05-23T11:32:40.817+0000] {logging_mixin.py:188} INFO - [2026-05-23T11:32:40.817+0000] {dagbag.py:545} INFO - Filling up the DagBag from /home/vscode/.local/lib/python3.11/site-packages/airflow/example_dags/example_latest_only_with_trigger.py
[2026-05-23T11:32:40.821+0000] {processor.py:840} INFO - DAG(s) 'latest_only_with_trigger' retrieved from /home/vscode/.local/lib/python3.11/site-packages/airflow/example_dags/example_latest_only_with_trigger.py
[2026-05-23T11:32:40.833+0000] {logging_mixin.py:188} INFO - [2026-05-23T11:32:40.833+0000] {dag.py:3096} INFO - Sync 1 DAGs
[2026-05-23T11:32:40.849+0000] {logging_mixin.py:188} INFO - [2026-05-23T11:32:40.849+0000] {dag.py:3954} INFO - Setting next_dagrun for latest_only_with_trigger to 2026-05-23 04:00:00+00:00, run_after=2026-05-23 08:00:00+00:00
[2026-05-23T11:32:40.867+0000] {processor.py:183} INFO - Processing /home/vscode/.local/lib/python3.11/site-packages/airflow/example_dags/example_latest_only_with_trigger.py took 0.057 seconds
[2026-05-23T11:33:48.588+0000] {processor.py:161} INFO - Started process (PID=8459) to work on /home/vscode/.local/lib/python3.11/site-packages/airflow/example_dags/example_latest_only_with_trigger.py
[2026-05-23T11:33:48.589+0000] {processor.py:830} INFO - Processing file /home/vscode/.local/lib/python3.11/site-packages/airflow/example_dags/example_latest_only_with_trigger.py for tasks to queue
[2026-05-23T11:33:48.590+0000] {logging_mixin.py:188} INFO - [2026-05-23T11:33:48.589+0000] {dagbag.py:545} INFO - Filling up the DagBag from /home/vscode/.local/lib/python3.11/site-packages/airflow/example_dags/example_latest_only_with_trigger.py
[2026-05-23T11:33:48.594+0000] {processor.py:840} INFO - DAG(s) 'latest_only_with_trigger' retrieved from /home/vscode/.local/lib/python3.11/site-packages/airflow/example_dags/example_latest_only_with_trigger.py
[2026-05-23T11:33:48.606+0000] {logging_mixin.py:188} INFO - [2026-05-23T11:33:48.606+0000] {dag.py:3096} INFO - Sync 1 DAGs
[2026-05-23T11:33:48.621+0000] {logging_mixin.py:188} INFO - [2026-05-23T11:33:48.620+0000] {dag.py:3954} INFO - Setting next_dagrun for latest_only_with_trigger to 2026-05-23 04:00:00+00:00, run_after=2026-05-23 08:00:00+00:00
[2026-05-23T11:33:48.637+0000] {processor.py:183} INFO - Processing /home/vscode/.local/lib/python3.11/site-packages/airflow/example_dags/example_latest_only_with_trigger.py took 0.055 seconds
[2026-05-23T11:34:35.977+0000] {processor.py:161} INFO - Started process (PID=8797) to work on /home/vscode/.local/lib/python3.11/site-packages/airflow/example_dags/example_latest_only_with_trigger.py
[2026-05-23T11:34:35.977+0000] {processor.py:830} INFO - Processing file /home/vscode/.local/lib/python3.11/site-packages/airflow/example_dags/example_latest_only_with_trigger.py for tasks to queue
[2026-05-23T11:34:35.978+0000] {logging_mixin.py:188} INFO - [2026-05-23T11:34:35.978+0000] {dagbag.py:545} INFO - Filling up the DagBag from /home/vscode/.local/lib/python3.11/site-packages/airflow/example_dags/example_latest_only_with_trigger.py
[2026-05-23T11:34:35.982+0000] {processor.py:840} INFO - DAG(s) 'latest_only_with_trigger' retrieved from /home/vscode/.local/lib/python3.11/site-packages/airflow/example_dags/example_latest_only_with_trigger.py
[2026-05-23T11:34:35.994+0000] {logging_mixin.py:188} INFO - [2026-05-23T11:34:35.994+0000] {dag.py:3096} INFO - Sync 1 DAGs
[2026-05-23T11:34:36.009+0000] {logging_mixin.py:188} INFO - [2026-05-23T11:34:36.009+0000] {dag.py:3954} INFO - Setting next_dagrun for latest_only_with_trigger to 2026-05-23 04:00:00+00:00, run_after=2026-05-23 08:00:00+00:00
[2026-05-23T11:34:36.024+0000] {processor.py:183} INFO - Processing /home/vscode/.local/lib/python3.11/site-packages/airflow/example_dags/example_latest_only_with_trigger.py took 0.053 seconds
[2026-05-23T11:35:41.899+0000] {processor.py:161} INFO - Started process (PID=9261) to work on /home/vscode/.local/lib/python3.11/site-packages/airflow/example_dags/example_latest_only_with_trigger.py
[2026-05-23T11:35:41.900+0000] {processor.py:830} INFO - Processing file /home/vscode/.local/lib/python3.11/site-packages/airflow/example_dags/example_latest_only_with_trigger.py for tasks to queue
[2026-05-23T11:35:41.901+0000] {logging_mixin.py:188} INFO - [2026-05-23T11:35:41.900+0000] {dagbag.py:545} INFO - Filling up the DagBag from /home/vscode/.local/lib/python3.11/site-packages/airflow/example_dags/example_latest_only_with_trigger.py
[2026-05-23T11:35:41.905+0000] {processor.py:840} INFO - DAG(s) 'latest_only_with_trigger' retrieved from /home/vscode/.local/lib/python3.11/site-packages/airflow/example_dags/example_latest_only_with_trigger.py
[2026-05-23T11:35:41.916+0000] {logging_mixin.py:188} INFO - [2026-05-23T11:35:41.916+0000] {dag.py:3096} INFO - Sync 1 DAGs
[2026-05-23T11:35:41.930+0000] {logging_mixin.py:188} INFO - [2026-05-23T11:35:41.930+0000] {dag.py:3954} INFO - Setting next_dagrun for latest_only_with_trigger to 2026-05-23 04:00:00+00:00, run_after=2026-05-23 08:00:00+00:00
[2026-05-23T11:35:41.945+0000] {processor.py:183} INFO - Processing /home/vscode/.local/lib/python3.11/site-packages/airflow/example_dags/example_latest_only_with_trigger.py took 0.052 seconds
[2026-05-23T11:36:45.842+0000] {processor.py:161} INFO - Started process (PID=9884) to work on /home/vscode/.local/lib/python3.11/site-packages/airflow/example_dags/example_latest_only_with_trigger.py
[2026-05-23T11:36:45.843+0000] {processor.py:830} INFO - Processing file /home/vscode/.local/lib/python3.11/site-packages/airflow/example_dags/example_latest_only_with_trigger.py for tasks to queue
[2026-05-23T11:36:45.843+0000] {logging_mixin.py:188} INFO - [2026-05-23T11:36:45.843+0000] {dagbag.py:545} INFO - Filling up the DagBag from /home/vscode/.local/lib/python3.11/site-packages/airflow/example_dags/example_latest_only_with_trigger.py
[2026-05-23T11:36:45.848+0000] {processor.py:840} INFO - DAG(s) 'latest_only_with_trigger' retrieved from /home/vscode/.local/lib/python3.11/site-packages/airflow/example_dags/example_latest_only_with_trigger.py
[2026-05-23T11:36:45.859+0000] {logging_mixin.py:188} INFO - [2026-05-23T11:36:45.859+0000] {dag.py:3096} INFO - Sync 1 DAGs
[2026-05-23T11:36:45.873+0000] {logging_mixin.py:188} INFO - [2026-05-23T11:36:45.872+0000] {dag.py:3954} INFO - Setting next_dagrun for latest_only_with_trigger to 2026-05-23 04:00:00+00:00, run_after=2026-05-23 08:00:00+00:00
[2026-05-23T11:36:45.888+0000] {processor.py:183} INFO - Processing /home/vscode/.local/lib/python3.11/site-packages/airflow/example_dags/example_latest_only_with_trigger.py took 0.052 seconds
[2026-05-23T11:37:32.081+0000] {processor.py:161} INFO - Started process (PID=10283) to work on /home/vscode/.local/lib/python3.11/site-packages/airflow/example_dags/example_latest_only_with_trigger.py
[2026-05-23T11:37:32.082+0000] {processor.py:830} INFO - Processing file /home/vscode/.local/lib/python3.11/site-packages/airflow/example_dags/example_latest_only_with_trigger.py for tasks to queue
[2026-05-23T11:37:32.083+0000] {logging_mixin.py:188} INFO - [2026-05-23T11:37:32.082+0000] {dagbag.py:545} INFO - Filling up the DagBag from /home/vscode/.local/lib/python3.11/site-packages/airflow/example_dags/example_latest_only_with_trigger.py
[2026-05-23T11:37:32.087+0000] {processor.py:840} INFO - DAG(s) 'latest_only_with_trigger' retrieved from /home/vscode/.local/lib/python3.11/site-packages/airflow/example_dags/example_latest_only_with_trigger.py
[2026-05-23T11:37:32.099+0000] {logging_mixin.py:188} INFO - [2026-05-23T11:37:32.099+0000] {dag.py:3096} INFO - Sync 1 DAGs
[2026-05-23T11:37:32.113+0000] {logging_mixin.py:188} INFO - [2026-05-23T11:37:32.113+0000] {dag.py:3954} INFO - Setting next_dagrun for latest_only_with_trigger to 2026-05-23 04:00:00+00:00, run_after=2026-05-23 08:00:00+00:00
[2026-05-23T11:37:32.129+0000] {processor.py:183} INFO - Processing /home/vscode/.local/lib/python3.11/site-packages/airflow/example_dags/example_latest_only_with_trigger.py took 0.053 seconds
[2026-05-23T11:38:33.724+0000] {processor.py:161} INFO - Started process (PID=10788) to work on /home/vscode/.local/lib/python3.11/site-packages/airflow/example_dags/example_latest_only_with_trigger.py
[2026-05-23T11:38:33.724+0000] {processor.py:830} INFO - Processing file /home/vscode/.local/lib/python3.11/site-packages/airflow/example_dags/example_latest_only_with_trigger.py for tasks to queue
[2026-05-23T11:38:33.725+0000] {logging_mixin.py:188} INFO - [2026-05-23T11:38:33.725+0000] {dagbag.py:545} INFO - Filling up the DagBag from /home/vscode/.local/lib/python3.11/site-packages/airflow/example_dags/example_latest_only_with_trigger.py
[2026-05-23T11:38:33.731+0000] {processor.py:840} INFO - DAG(s) 'latest_only_with_trigger' retrieved from /home/vscode/.local/lib/python3.11/site-packages/airflow/example_dags/example_latest_only_with_trigger.py
[2026-05-23T11:38:33.748+0000] {logging_mixin.py:188} INFO - [2026-05-23T11:38:33.748+0000] {dag.py:3096} INFO - Sync 1 DAGs
[2026-05-23T11:38:33.763+0000] {logging_mixin.py:188} INFO - [2026-05-23T11:38:33.763+0000] {dag.py:3954} INFO - Setting next_dagrun for latest_only_with_trigger to 2026-05-23 04:00:00+00:00, run_after=2026-05-23 08:00:00+00:00
[2026-05-23T11:38:33.778+0000] {processor.py:183} INFO - Processing /home/vscode/.local/lib/python3.11/site-packages/airflow/example_dags/example_latest_only_with_trigger.py took 0.076 seconds
[2026-05-23T11:39:38.740+0000] {processor.py:161} INFO - Started process (PID=11378) to work on /home/vscode/.local/lib/python3.11/site-packages/airflow/example_dags/example_latest_only_with_trigger.py
[2026-05-23T11:39:38.741+0000] {processor.py:830} INFO - Processing file /home/vscode/.local/lib/python3.11/site-packages/airflow/example_dags/example_latest_only_with_trigger.py for tasks to queue
[2026-05-23T11:39:38.742+0000] {logging_mixin.py:188} INFO - [2026-05-23T11:39:38.741+0000] {dagbag.py:545} INFO - Filling up the DagBag from /home/vscode/.local/lib/python3.11/site-packages/airflow/example_dags/example_latest_only_with_trigger.py
[2026-05-23T11:39:38.746+0000] {processor.py:840} INFO - DAG(s) 'latest_only_with_trigger' retrieved from /home/vscode/.local/lib/python3.11/site-packages/airflow/example_dags/example_latest_only_with_trigger.py
[2026-05-23T11:39:38.757+0000] {logging_mixin.py:188} INFO - [2026-05-23T11:39:38.757+0000] {dag.py:3096} INFO - Sync 1 DAGs
[2026-05-23T11:39:38.770+0000] {logging_mixin.py:188} INFO - [2026-05-23T11:39:38.770+0000] {dag.py:3954} INFO - Setting next_dagrun for latest_only_with_trigger to 2026-05-23 04:00:00+00:00, run_after=2026-05-23 08:00:00+00:00
[2026-05-23T11:39:38.785+0000] {processor.py:183} INFO - Processing /home/vscode/.local/lib/python3.11/site-packages/airflow/example_dags/example_latest_only_with_trigger.py took 0.051 seconds
[2026-05-23T11:40:40.709+0000] {processor.py:161} INFO - Started process (PID=11893) to work on /home/vscode/.local/lib/python3.11/site-packages/airflow/example_dags/example_latest_only_with_trigger.py
[2026-05-23T11:40:40.709+0000] {processor.py:830} INFO - Processing file /home/vscode/.local/lib/python3.11/site-packages/airflow/example_dags/example_latest_only_with_trigger.py for tasks to queue
[2026-05-23T11:40:40.710+0000] {logging_mixin.py:188} INFO - [2026-05-23T11:40:40.710+0000] {dagbag.py:545} INFO - Filling up the DagBag from /home/vscode/.local/lib/python3.11/site-packages/airflow/example_dags/example_latest_only_with_trigger.py
[2026-05-23T11:40:40.714+0000] {processor.py:840} INFO - DAG(s) 'latest_only_with_trigger' retrieved from /home/vscode/.local/lib/python3.11/site-packages/airflow/example_dags/example_latest_only_with_trigger.py
[2026-05-23T11:40:40.726+0000] {logging_mixin.py:188} INFO - [2026-05-23T11:40:40.725+0000] {dag.py:3096} INFO - Sync 1 DAGs
[2026-05-23T11:40:40.739+0000] {logging_mixin.py:188} INFO - [2026-05-23T11:40:40.739+0000] {dag.py:3954} INFO - Setting next_dagrun for latest_only_with_trigger to 2026-05-23 04:00:00+00:00, run_after=2026-05-23 08:00:00+00:00
[2026-05-23T11:40:40.756+0000] {processor.py:183} INFO - Processing /home/vscode/.local/lib/python3.11/site-packages/airflow/example_dags/example_latest_only_with_trigger.py took 0.053 seconds
[2026-05-23T11:41:44.131+0000] {processor.py:161} INFO - Started process (PID=12528) to work on /home/vscode/.local/lib/python3.11/site-packages/airflow/example_dags/example_latest_only_with_trigger.py
[2026-05-23T11:41:44.132+0000] {processor.py:830} INFO - Processing file /home/vscode/.local/lib/python3.11/site-packages/airflow/example_dags/example_latest_only_with_trigger.py for tasks to queue
[2026-05-23T11:41:44.133+0000] {logging_mixin.py:188} INFO - [2026-05-23T11:41:44.132+0000] {dagbag.py:545} INFO - Filling up the DagBag from /home/vscode/.local/lib/python3.11/site-packages/airflow/example_dags/example_latest_only_with_trigger.py
[2026-05-23T11:41:44.151+0000] {processor.py:840} INFO - DAG(s) 'latest_only_with_trigger' retrieved from /home/vscode/.local/lib/python3.11/site-packages/airflow/example_dags/example_latest_only_with_trigger.py
[2026-05-23T11:41:44.191+0000] {logging_mixin.py:188} INFO - [2026-05-23T11:41:44.191+0000] {dag.py:3096} INFO - Sync 1 DAGs
[2026-05-23T11:41:44.229+0000] {logging_mixin.py:188} INFO - [2026-05-23T11:41:44.229+0000] {dag.py:3954} INFO - Setting next_dagrun for latest_only_with_trigger to 2026-05-23 04:00:00+00:00, run_after=2026-05-23 08:00:00+00:00
[2026-05-23T11:41:44.246+0000] {processor.py:183} INFO - Processing /home/vscode/.local/lib/python3.11/site-packages/airflow/example_dags/example_latest_only_with_trigger.py took 0.123 seconds
[2026-05-23T11:42:49.566+0000] {processor.py:161} INFO - Started process (PID=13071) to work on /home/vscode/.local/lib/python3.11/site-packages/airflow/example_dags/example_latest_only_with_trigger.py
[2026-05-23T11:42:49.567+0000] {processor.py:830} INFO - Processing file /home/vscode/.local/lib/python3.11/site-packages/airflow/example_dags/example_latest_only_with_trigger.py for tasks to queue
[2026-05-23T11:42:49.568+0000] {logging_mixin.py:188} INFO - [2026-05-23T11:42:49.567+0000] {dagbag.py:545} INFO - Filling up the DagBag from /home/vscode/.local/lib/python3.11/site-packages/airflow/example_dags/example_latest_only_with_trigger.py
[2026-05-23T11:42:49.572+0000] {processor.py:840} INFO - DAG(s) 'latest_only_with_trigger' retrieved from /home/vscode/.local/lib/python3.11/site-packages/airflow/example_dags/example_latest_only_with_trigger.py
[2026-05-23T11:42:49.583+0000] {logging_mixin.py:188} INFO - [2026-05-23T11:42:49.583+0000] {dag.py:3096} INFO - Sync 1 DAGs
[2026-05-23T11:42:49.596+0000] {logging_mixin.py:188} INFO - [2026-05-23T11:42:49.596+0000] {dag.py:3954} INFO - Setting next_dagrun for latest_only_with_trigger to 2026-05-23 04:00:00+00:00, run_after=2026-05-23 08:00:00+00:00
[2026-05-23T11:42:49.611+0000] {processor.py:183} INFO - Processing /home/vscode/.local/lib/python3.11/site-packages/airflow/example_dags/example_latest_only_with_trigger.py took 0.050 seconds
[2026-05-23T11:43:57.784+0000] {processor.py:161} INFO - Started process (PID=13686) to work on /home/vscode/.local/lib/python3.11/site-packages/airflow/example_dags/example_latest_only_with_trigger.py
[2026-05-23T11:43:57.784+0000] {processor.py:830} INFO - Processing file /home/vscode/.local/lib/python3.11/site-packages/airflow/example_dags/example_latest_only_with_trigger.py for tasks to queue
[2026-05-23T11:43:57.785+0000] {logging_mixin.py:188} INFO - [2026-05-23T11:43:57.785+0000] {dagbag.py:545} INFO - Filling up the DagBag from /home/vscode/.local/lib/python3.11/site-packages/airflow/example_dags/example_latest_only_with_trigger.py
[2026-05-23T11:43:57.789+0000] {processor.py:840} INFO - DAG(s) 'latest_only_with_trigger' retrieved from /home/vscode/.local/lib/python3.11/site-packages/airflow/example_dags/example_latest_only_with_trigger.py
[2026-05-23T11:43:57.804+0000] {logging_mixin.py:188} INFO - [2026-05-23T11:43:57.804+0000] {dag.py:3096} INFO - Sync 1 DAGs
[2026-05-23T11:43:57.829+0000] {logging_mixin.py:188} INFO - [2026-05-23T11:43:57.828+0000] {dag.py:3954} INFO - Setting next_dagrun for latest_only_with_trigger to 2026-05-23 04:00:00+00:00, run_after=2026-05-23 08:00:00+00:00
[2026-05-23T11:43:57.859+0000] {processor.py:183} INFO - Processing /home/vscode/.local/lib/python3.11/site-packages/airflow/example_dags/example_latest_only_with_trigger.py took 0.081 seconds
[2026-05-23T11:45:02.980+0000] {processor.py:161} INFO - Started process (PID=14227) to work on /home/vscode/.local/lib/python3.11/site-packages/airflow/example_dags/example_latest_only_with_trigger.py
[2026-05-23T11:45:02.981+0000] {processor.py:830} INFO - Processing file /home/vscode/.local/lib/python3.11/site-packages/airflow/example_dags/example_latest_only_with_trigger.py for tasks to queue
[2026-05-23T11:45:02.982+0000] {logging_mixin.py:188} INFO - [2026-05-23T11:45:02.981+0000] {dagbag.py:545} INFO - Filling up the DagBag from /home/vscode/.local/lib/python3.11/site-packages/airflow/example_dags/example_latest_only_with_trigger.py
[2026-05-23T11:45:02.986+0000] {processor.py:840} INFO - DAG(s) 'latest_only_with_trigger' retrieved from /home/vscode/.local/lib/python3.11/site-packages/airflow/example_dags/example_latest_only_with_trigger.py
[2026-05-23T11:45:02.998+0000] {logging_mixin.py:188} INFO - [2026-05-23T11:45:02.998+0000] {dag.py:3096} INFO - Sync 1 DAGs
[2026-05-23T11:45:03.012+0000] {logging_mixin.py:188} INFO - [2026-05-23T11:45:03.011+0000] {dag.py:3954} INFO - Setting next_dagrun for latest_only_with_trigger to 2026-05-23 04:00:00+00:00, run_after=2026-05-23 08:00:00+00:00
[2026-05-23T11:45:03.027+0000] {processor.py:183} INFO - Processing /home/vscode/.local/lib/python3.11/site-packages/airflow/example_dags/example_latest_only_with_trigger.py took 0.052 seconds
[2026-05-23T11:46:04.646+0000] {processor.py:161} INFO - Started process (PID=14995) to work on /home/vscode/.local/lib/python3.11/site-packages/airflow/example_dags/example_latest_only_with_trigger.py
[2026-05-23T11:46:04.647+0000] {processor.py:830} INFO - Processing file /home/vscode/.local/lib/python3.11/site-packages/airflow/example_dags/example_latest_only_with_trigger.py for tasks to queue
[2026-05-23T11:46:04.647+0000] {logging_mixin.py:188} INFO - [2026-05-23T11:46:04.647+0000] {dagbag.py:545} INFO - Filling up the DagBag from /home/vscode/.local/lib/python3.11/site-packages/airflow/example_dags/example_latest_only_with_trigger.py
[2026-05-23T11:46:04.652+0000] {processor.py:840} INFO - DAG(s) 'latest_only_with_trigger' retrieved from /home/vscode/.local/lib/python3.11/site-packages/airflow/example_dags/example_latest_only_with_trigger.py
[2026-05-23T11:46:04.663+0000] {logging_mixin.py:188} INFO - [2026-05-23T11:46:04.663+0000] {dag.py:3096} INFO - Sync 1 DAGs
[2026-05-23T11:46:04.676+0000] {logging_mixin.py:188} INFO - [2026-05-23T11:46:04.676+0000] {dag.py:3954} INFO - Setting next_dagrun for latest_only_with_trigger to 2026-05-23 04:00:00+00:00, run_after=2026-05-23 08:00:00+00:00
[2026-05-23T11:46:04.692+0000] {processor.py:183} INFO - Processing /home/vscode/.local/lib/python3.11/site-packages/airflow/example_dags/example_latest_only_with_trigger.py took 0.052 seconds
[2026-05-23T11:47:03.991+0000] {processor.py:161} INFO - Started process (PID=15567) to work on /home/vscode/.local/lib/python3.11/site-packages/airflow/example_dags/example_latest_only_with_trigger.py
[2026-05-23T11:47:03.991+0000] {processor.py:830} INFO - Processing file /home/vscode/.local/lib/python3.11/site-packages/airflow/example_dags/example_latest_only_with_trigger.py for tasks to queue
[2026-05-23T11:47:03.992+0000] {logging_mixin.py:188} INFO - [2026-05-23T11:47:03.992+0000] {dagbag.py:545} INFO - Filling up the DagBag from /home/vscode/.local/lib/python3.11/site-packages/airflow/example_dags/example_latest_only_with_trigger.py
[2026-05-23T11:47:03.996+0000] {processor.py:840} INFO - DAG(s) 'latest_only_with_trigger' retrieved from /home/vscode/.local/lib/python3.11/site-packages/airflow/example_dags/example_latest_only_with_trigger.py
[2026-05-23T11:47:04.011+0000] {logging_mixin.py:188} INFO - [2026-05-23T11:47:04.011+0000] {dag.py:3096} INFO - Sync 1 DAGs
[2026-05-23T11:47:04.025+0000] {logging_mixin.py:188} INFO - [2026-05-23T11:47:04.025+0000] {dag.py:3954} INFO - Setting next_dagrun for latest_only_with_trigger to 2026-05-23 04:00:00+00:00, run_after=2026-05-23 08:00:00+00:00
[2026-05-23T11:47:04.042+0000] {processor.py:183} INFO - Processing /home/vscode/.local/lib/python3.11/site-packages/airflow/example_dags/example_latest_only_with_trigger.py took 0.057 seconds
[2026-05-23T11:48:09.350+0000] {processor.py:161} INFO - Started process (PID=16168) to work on /home/vscode/.local/lib/python3.11/site-packages/airflow/example_dags/example_latest_only_with_trigger.py
[2026-05-23T11:48:09.351+0000] {processor.py:830} INFO - Processing file /home/vscode/.local/lib/python3.11/site-packages/airflow/example_dags/example_latest_only_with_trigger.py for tasks to queue
[2026-05-23T11:48:09.352+0000] {logging_mixin.py:188} INFO - [2026-05-23T11:48:09.351+0000] {dagbag.py:545} INFO - Filling up the DagBag from /home/vscode/.local/lib/python3.11/site-packages/airflow/example_dags/example_latest_only_with_trigger.py
[2026-05-23T11:48:09.357+0000] {processor.py:840} INFO - DAG(s) 'latest_only_with_trigger' retrieved from /home/vscode/.local/lib/python3.11/site-packages/airflow/example_dags/example_latest_only_with_trigger.py
[2026-05-23T11:48:09.368+0000] {logging_mixin.py:188} INFO - [2026-05-23T11:48:09.368+0000] {dag.py:3096} INFO - Sync 1 DAGs
[2026-05-23T11:48:09.382+0000] {logging_mixin.py:188} INFO - [2026-05-23T11:48:09.381+0000] {dag.py:3954} INFO - Setting next_dagrun for latest_only_with_trigger to 2026-05-23 04:00:00+00:00, run_after=2026-05-23 08:00:00+00:00
[2026-05-23T11:48:09.397+0000] {processor.py:183} INFO - Processing /home/vscode/.local/lib/python3.11/site-packages/airflow/example_dags/example_latest_only_with_trigger.py took 0.054 seconds
[2026-05-23T11:49:09.903+0000] {processor.py:161} INFO - Started process (PID=16741) to work on /home/vscode/.local/lib/python3.11/site-packages/airflow/example_dags/example_latest_only_with_trigger.py
[2026-05-23T11:49:09.904+0000] {processor.py:830} INFO - Processing file /home/vscode/.local/lib/python3.11/site-packages/airflow/example_dags/example_latest_only_with_trigger.py for tasks to queue
[2026-05-23T11:49:09.905+0000] {logging_mixin.py:188} INFO - [2026-05-23T11:49:09.904+0000] {dagbag.py:545} INFO - Filling up the DagBag from /home/vscode/.local/lib/python3.11/site-packages/airflow/example_dags/example_latest_only_with_trigger.py
[2026-05-23T11:49:09.909+0000] {processor.py:840} INFO - DAG(s) 'latest_only_with_trigger' retrieved from /home/vscode/.local/lib/python3.11/site-packages/airflow/example_dags/example_latest_only_with_trigger.py
[2026-05-23T11:49:09.921+0000] {logging_mixin.py:188} INFO - [2026-05-23T11:49:09.921+0000] {dag.py:3096} INFO - Sync 1 DAGs
[2026-05-23T11:49:09.936+0000] {logging_mixin.py:188} INFO - [2026-05-23T11:49:09.936+0000] {dag.py:3954} INFO - Setting next_dagrun for latest_only_with_trigger to 2026-05-23 04:00:00+00:00, run_after=2026-05-23 08:00:00+00:00
[2026-05-23T11:49:09.952+0000] {processor.py:183} INFO - Processing /home/vscode/.local/lib/python3.11/site-packages/airflow/example_dags/example_latest_only_with_trigger.py took 0.054 seconds
[2026-05-23T11:50:15.133+0000] {processor.py:161} INFO - Started process (PID=17713) to work on /home/vscode/.local/lib/python3.11/site-packages/airflow/example_dags/example_latest_only_with_trigger.py
[2026-05-23T11:50:15.134+0000] {processor.py:830} INFO - Processing file /home/vscode/.local/lib/python3.11/site-packages/airflow/example_dags/example_latest_only_with_trigger.py for tasks to queue
[2026-05-23T11:50:15.135+0000] {logging_mixin.py:188} INFO - [2026-05-23T11:50:15.134+0000] {dagbag.py:545} INFO - Filling up the DagBag from /home/vscode/.local/lib/python3.11/site-packages/airflow/example_dags/example_latest_only_with_trigger.py
[2026-05-23T11:50:15.155+0000] {processor.py:840} INFO - DAG(s) 'latest_only_with_trigger' retrieved from /home/vscode/.local/lib/python3.11/site-packages/airflow/example_dags/example_latest_only_with_trigger.py
[2026-05-23T11:50:15.221+0000] {logging_mixin.py:188} INFO - [2026-05-23T11:50:15.221+0000] {dag.py:3096} INFO - Sync 1 DAGs
[2026-05-23T11:50:15.270+0000] {logging_mixin.py:188} INFO - [2026-05-23T11:50:15.270+0000] {dag.py:3954} INFO - Setting next_dagrun for latest_only_with_trigger to 2026-05-23 04:00:00+00:00, run_after=2026-05-23 08:00:00+00:00
[2026-05-23T11:50:15.314+0000] {processor.py:183} INFO - Processing /home/vscode/.local/lib/python3.11/site-packages/airflow/example_dags/example_latest_only_with_trigger.py took 0.224 seconds
[2026-05-23T11:51:16.971+0000] {processor.py:161} INFO - Started process (PID=18490) to work on /home/vscode/.local/lib/python3.11/site-packages/airflow/example_dags/example_latest_only_with_trigger.py
[2026-05-23T11:51:16.971+0000] {processor.py:830} INFO - Processing file /home/vscode/.local/lib/python3.11/site-packages/airflow/example_dags/example_latest_only_with_trigger.py for tasks to queue
[2026-05-23T11:51:16.972+0000] {logging_mixin.py:188} INFO - [2026-05-23T11:51:16.972+0000] {dagbag.py:545} INFO - Filling up the DagBag from /home/vscode/.local/lib/python3.11/site-packages/airflow/example_dags/example_latest_only_with_trigger.py
[2026-05-23T11:51:16.976+0000] {processor.py:840} INFO - DAG(s) 'latest_only_with_trigger' retrieved from /home/vscode/.local/lib/python3.11/site-packages/airflow/example_dags/example_latest_only_with_trigger.py
[2026-05-23T11:51:16.988+0000] {logging_mixin.py:188} INFO - [2026-05-23T11:51:16.988+0000] {dag.py:3096} INFO - Sync 1 DAGs
[2026-05-23T11:51:17.002+0000] {logging_mixin.py:188} INFO - [2026-05-23T11:51:17.002+0000] {dag.py:3954} INFO - Setting next_dagrun for latest_only_with_trigger to 2026-05-23 04:00:00+00:00, run_after=2026-05-23 08:00:00+00:00
[2026-05-23T11:51:17.017+0000] {processor.py:183} INFO - Processing /home/vscode/.local/lib/python3.11/site-packages/airflow/example_dags/example_latest_only_with_trigger.py took 0.053 seconds
[2026-05-23T11:52:19.660+0000] {processor.py:161} INFO - Started process (PID=19090) to work on /home/vscode/.local/lib/python3.11/site-packages/airflow/example_dags/example_latest_only_with_trigger.py
[2026-05-23T11:52:19.660+0000] {processor.py:830} INFO - Processing file /home/vscode/.local/lib/python3.11/site-packages/airflow/example_dags/example_latest_only_with_trigger.py for tasks to queue
[2026-05-23T11:52:19.661+0000] {logging_mixin.py:188} INFO - [2026-05-23T11:52:19.660+0000] {dagbag.py:545} INFO - Filling up the DagBag from /home/vscode/.local/lib/python3.11/site-packages/airflow/example_dags/example_latest_only_with_trigger.py
[2026-05-23T11:52:19.665+0000] {processor.py:840} INFO - DAG(s) 'latest_only_with_trigger' retrieved from /home/vscode/.local/lib/python3.11/site-packages/airflow/example_dags/example_latest_only_with_trigger.py
[2026-05-23T11:52:19.677+0000] {logging_mixin.py:188} INFO - [2026-05-23T11:52:19.677+0000] {dag.py:3096} INFO - Sync 1 DAGs
[2026-05-23T11:52:19.691+0000] {logging_mixin.py:188} INFO - [2026-05-23T11:52:19.691+0000] {dag.py:3954} INFO - Setting next_dagrun for latest_only_with_trigger to 2026-05-23 04:00:00+00:00, run_after=2026-05-23 08:00:00+00:00
[2026-05-23T11:52:19.707+0000] {processor.py:183} INFO - Processing /home/vscode/.local/lib/python3.11/site-packages/airflow/example_dags/example_latest_only_with_trigger.py took 0.054 seconds
[2026-05-23T11:53:14.941+0000] {processor.py:161} INFO - Started process (PID=19688) to work on /home/vscode/.local/lib/python3.11/site-packages/airflow/example_dags/example_latest_only_with_trigger.py
[2026-05-23T11:53:14.942+0000] {processor.py:830} INFO - Processing file /home/vscode/.local/lib/python3.11/site-packages/airflow/example_dags/example_latest_only_with_trigger.py for tasks to queue
[2026-05-23T11:53:14.943+0000] {logging_mixin.py:188} INFO - [2026-05-23T11:53:14.942+0000] {dagbag.py:545} INFO - Filling up the DagBag from /home/vscode/.local/lib/python3.11/site-packages/airflow/example_dags/example_latest_only_with_trigger.py
[2026-05-23T11:53:14.949+0000] {processor.py:840} INFO - DAG(s) 'latest_only_with_trigger' retrieved from /home/vscode/.local/lib/python3.11/site-packages/airflow/example_dags/example_latest_only_with_trigger.py
[2026-05-23T11:53:14.963+0000] {logging_mixin.py:188} INFO - [2026-05-23T11:53:14.963+0000] {dag.py:3096} INFO - Sync 1 DAGs
[2026-05-23T11:53:14.978+0000] {logging_mixin.py:188} INFO - [2026-05-23T11:53:14.977+0000] {dag.py:3954} INFO - Setting next_dagrun for latest_only_with_trigger to 2026-05-23 04:00:00+00:00, run_after=2026-05-23 08:00:00+00:00
[2026-05-23T11:53:14.993+0000] {processor.py:183} INFO - Processing /home/vscode/.local/lib/python3.11/site-packages/airflow/example_dags/example_latest_only_with_trigger.py took 0.059 seconds
[2026-05-23T11:54:19.973+0000] {processor.py:161} INFO - Started process (PID=20601) to work on /home/vscode/.local/lib/python3.11/site-packages/airflow/example_dags/example_latest_only_with_trigger.py
[2026-05-23T11:54:19.974+0000] {processor.py:830} INFO - Processing file /home/vscode/.local/lib/python3.11/site-packages/airflow/example_dags/example_latest_only_with_trigger.py for tasks to queue
[2026-05-23T11:54:19.975+0000] {logging_mixin.py:188} INFO - [2026-05-23T11:54:19.974+0000] {dagbag.py:545} INFO - Filling up the DagBag from /home/vscode/.local/lib/python3.11/site-packages/airflow/example_dags/example_latest_only_with_trigger.py
[2026-05-23T11:54:19.979+0000] {processor.py:840} INFO - DAG(s) 'latest_only_with_trigger' retrieved from /home/vscode/.local/lib/python3.11/site-packages/airflow/example_dags/example_latest_only_with_trigger.py
[2026-05-23T11:54:19.990+0000] {logging_mixin.py:188} INFO - [2026-05-23T11:54:19.990+0000] {dag.py:3096} INFO - Sync 1 DAGs
[2026-05-23T11:54:20.004+0000] {logging_mixin.py:188} INFO - [2026-05-23T11:54:20.003+0000] {dag.py:3954} INFO - Setting next_dagrun for latest_only_with_trigger to 2026-05-23 04:00:00+00:00, run_after=2026-05-23 08:00:00+00:00
[2026-05-23T11:54:20.019+0000] {processor.py:183} INFO - Processing /home/vscode/.local/lib/python3.11/site-packages/airflow/example_dags/example_latest_only_with_trigger.py took 0.051 seconds
[2026-05-23T11:55:08.446+0000] {processor.py:161} INFO - Started process (PID=21331) to work on /home/vscode/.local/lib/python3.11/site-packages/airflow/example_dags/example_latest_only_with_trigger.py
[2026-05-23T11:55:08.447+0000] {processor.py:830} INFO - Processing file /home/vscode/.local/lib/python3.11/site-packages/airflow/example_dags/example_latest_only_with_trigger.py for tasks to queue
[2026-05-23T11:55:08.448+0000] {logging_mixin.py:188} INFO - [2026-05-23T11:55:08.448+0000] {dagbag.py:545} INFO - Filling up the DagBag from /home/vscode/.local/lib/python3.11/site-packages/airflow/example_dags/example_latest_only_with_trigger.py
[2026-05-23T11:55:08.455+0000] {processor.py:840} INFO - DAG(s) 'latest_only_with_trigger' retrieved from /home/vscode/.local/lib/python3.11/site-packages/airflow/example_dags/example_latest_only_with_trigger.py
[2026-05-23T11:55:08.472+0000] {logging_mixin.py:188} INFO - [2026-05-23T11:55:08.472+0000] {dag.py:3096} INFO - Sync 1 DAGs
[2026-05-23T11:55:08.494+0000] {logging_mixin.py:188} INFO - [2026-05-23T11:55:08.494+0000] {dag.py:3954} INFO - Setting next_dagrun for latest_only_with_trigger to 2026-05-23 04:00:00+00:00, run_after=2026-05-23 08:00:00+00:00
[2026-05-23T11:55:08.517+0000] {processor.py:183} INFO - Processing /home/vscode/.local/lib/python3.11/site-packages/airflow/example_dags/example_latest_only_with_trigger.py took 0.080 seconds
[2026-05-23T11:55:58.811+0000] {processor.py:161} INFO - Started process (PID=21980) to work on /home/vscode/.local/lib/python3.11/site-packages/airflow/example_dags/example_latest_only_with_trigger.py
[2026-05-23T11:55:58.812+0000] {processor.py:830} INFO - Processing file /home/vscode/.local/lib/python3.11/site-packages/airflow/example_dags/example_latest_only_with_trigger.py for tasks to queue
[2026-05-23T11:55:58.813+0000] {logging_mixin.py:188} INFO - [2026-05-23T11:55:58.813+0000] {dagbag.py:545} INFO - Filling up the DagBag from /home/vscode/.local/lib/python3.11/site-packages/airflow/example_dags/example_latest_only_with_trigger.py
[2026-05-23T11:55:58.819+0000] {processor.py:840} INFO - DAG(s) 'latest_only_with_trigger' retrieved from /home/vscode/.local/lib/python3.11/site-packages/airflow/example_dags/example_latest_only_with_trigger.py
[2026-05-23T11:55:58.837+0000] {logging_mixin.py:188} INFO - [2026-05-23T11:55:58.837+0000] {dag.py:3096} INFO - Sync 1 DAGs
[2026-05-23T11:55:58.858+0000] {logging_mixin.py:188} INFO - [2026-05-23T11:55:58.858+0000] {dag.py:3954} INFO - Setting next_dagrun for latest_only_with_trigger to 2026-05-23 04:00:00+00:00, run_after=2026-05-23 08:00:00+00:00
[2026-05-23T11:55:58.883+0000] {processor.py:183} INFO - Processing /home/vscode/.local/lib/python3.11/site-packages/airflow/example_dags/example_latest_only_with_trigger.py took 0.081 seconds
[2026-05-23T11:56:48.496+0000] {processor.py:161} INFO - Started process (PID=22602) to work on /home/vscode/.local/lib/python3.11/site-packages/airflow/example_dags/example_latest_only_with_trigger.py
[2026-05-23T11:56:48.504+0000] {processor.py:830} INFO - Processing file /home/vscode/.local/lib/python3.11/site-packages/airflow/example_dags/example_latest_only_with_trigger.py for tasks to queue
[2026-05-23T11:56:48.505+0000] {logging_mixin.py:188} INFO - [2026-05-23T11:56:48.504+0000] {dagbag.py:545} INFO - Filling up the DagBag from /home/vscode/.local/lib/python3.11/site-packages/airflow/example_dags/example_latest_only_with_trigger.py
[2026-05-23T11:56:48.527+0000] {processor.py:840} INFO - DAG(s) 'latest_only_with_trigger' retrieved from /home/vscode/.local/lib/python3.11/site-packages/airflow/example_dags/example_latest_only_with_trigger.py
[2026-05-23T11:56:48.559+0000] {logging_mixin.py:188} INFO - [2026-05-23T11:56:48.559+0000] {dag.py:3096} INFO - Sync 1 DAGs
[2026-05-23T11:56:48.605+0000] {logging_mixin.py:188} INFO - [2026-05-23T11:56:48.605+0000] {dag.py:3954} INFO - Setting next_dagrun for latest_only_with_trigger to 2026-05-23 04:00:00+00:00, run_after=2026-05-23 08:00:00+00:00
[2026-05-23T11:56:48.642+0000] {processor.py:183} INFO - Processing /home/vscode/.local/lib/python3.11/site-packages/airflow/example_dags/example_latest_only_with_trigger.py took 0.195 seconds
[2026-05-23T11:57:37.596+0000] {processor.py:161} INFO - Started process (PID=23060) to work on /home/vscode/.local/lib/python3.11/site-packages/airflow/example_dags/example_latest_only_with_trigger.py
[2026-05-23T11:57:37.597+0000] {processor.py:830} INFO - Processing file /home/vscode/.local/lib/python3.11/site-packages/airflow/example_dags/example_latest_only_with_trigger.py for tasks to queue
[2026-05-23T11:57:37.598+0000] {logging_mixin.py:188} INFO - [2026-05-23T11:57:37.597+0000] {dagbag.py:545} INFO - Filling up the DagBag from /home/vscode/.local/lib/python3.11/site-packages/airflow/example_dags/example_latest_only_with_trigger.py
[2026-05-23T11:57:37.604+0000] {processor.py:840} INFO - DAG(s) 'latest_only_with_trigger' retrieved from /home/vscode/.local/lib/python3.11/site-packages/airflow/example_dags/example_latest_only_with_trigger.py
[2026-05-23T11:57:37.622+0000] {logging_mixin.py:188} INFO - [2026-05-23T11:57:37.622+0000] {dag.py:3096} INFO - Sync 1 DAGs
[2026-05-23T11:57:37.643+0000] {logging_mixin.py:188} INFO - [2026-05-23T11:57:37.643+0000] {dag.py:3954} INFO - Setting next_dagrun for latest_only_with_trigger to 2026-05-23 04:00:00+00:00, run_after=2026-05-23 08:00:00+00:00
[2026-05-23T11:57:37.669+0000] {processor.py:183} INFO - Processing /home/vscode/.local/lib/python3.11/site-packages/airflow/example_dags/example_latest_only_with_trigger.py took 0.082 seconds
[2026-05-23T11:58:26.261+0000] {processor.py:161} INFO - Started process (PID=23513) to work on /home/vscode/.local/lib/python3.11/site-packages/airflow/example_dags/example_latest_only_with_trigger.py
[2026-05-23T11:58:26.263+0000] {processor.py:830} INFO - Processing file /home/vscode/.local/lib/python3.11/site-packages/airflow/example_dags/example_latest_only_with_trigger.py for tasks to queue
[2026-05-23T11:58:26.264+0000] {logging_mixin.py:188} INFO - [2026-05-23T11:58:26.264+0000] {dagbag.py:545} INFO - Filling up the DagBag from /home/vscode/.local/lib/python3.11/site-packages/airflow/example_dags/example_latest_only_with_trigger.py
[2026-05-23T11:58:26.270+0000] {processor.py:840} INFO - DAG(s) 'latest_only_with_trigger' retrieved from /home/vscode/.local/lib/python3.11/site-packages/airflow/example_dags/example_latest_only_with_trigger.py
[2026-05-23T11:58:26.287+0000] {logging_mixin.py:188} INFO - [2026-05-23T11:58:26.287+0000] {dag.py:3096} INFO - Sync 1 DAGs
[2026-05-23T11:58:26.310+0000] {logging_mixin.py:188} INFO - [2026-05-23T11:58:26.309+0000] {dag.py:3954} INFO - Setting next_dagrun for latest_only_with_trigger to 2026-05-23 04:00:00+00:00, run_after=2026-05-23 08:00:00+00:00
[2026-05-23T11:58:26.335+0000] {processor.py:183} INFO - Processing /home/vscode/.local/lib/python3.11/site-packages/airflow/example_dags/example_latest_only_with_trigger.py took 0.085 seconds
