[2026-05-23T11:26:56.978+0000] {processor.py:161} INFO - Started process (PID=3277) to work on /home/vscode/.local/lib/python3.11/site-packages/airflow/example_dags/example_kubernetes_executor.py
[2026-05-23T11:26:56.978+0000] {processor.py:830} INFO - Processing file /home/vscode/.local/lib/python3.11/site-packages/airflow/example_dags/example_kubernetes_executor.py for tasks to queue
[2026-05-23T11:26:56.978+0000] {logging_mixin.py:188} INFO - [2026-05-23T11:26:56.978+0000] {dagbag.py:545} INFO - Filling up the DagBag from /home/vscode/.local/lib/python3.11/site-packages/airflow/example_dags/example_kubernetes_executor.py
[2026-05-23T11:26:56.980+0000] {logging_mixin.py:188} INFO - [2026-05-23T11:26:56.980+0000] {example_kubernetes_executor.py:39} WARNING - The example_kubernetes_executor example DAG requires the kubernetes provider. Please install it with: pip install apache-airflow[cncf.kubernetes]
[2026-05-23T11:26:56.980+0000] {processor.py:842} WARNING - No viable dags retrieved from /home/vscode/.local/lib/python3.11/site-packages/airflow/example_dags/example_kubernetes_executor.py
[2026-05-23T11:26:56.987+0000] {processor.py:183} INFO - Processing /home/vscode/.local/lib/python3.11/site-packages/airflow/example_dags/example_kubernetes_executor.py took 0.015 seconds
[2026-05-23T11:27:56.207+0000] {processor.py:161} INFO - Started process (PID=4091) to work on /home/vscode/.local/lib/python3.11/site-packages/airflow/example_dags/example_kubernetes_executor.py
[2026-05-23T11:27:56.207+0000] {processor.py:830} INFO - Processing file /home/vscode/.local/lib/python3.11/site-packages/airflow/example_dags/example_kubernetes_executor.py for tasks to queue
[2026-05-23T11:27:56.208+0000] {logging_mixin.py:188} INFO - [2026-05-23T11:27:56.208+0000] {dagbag.py:545} INFO - Filling up the DagBag from /home/vscode/.local/lib/python3.11/site-packages/airflow/example_dags/example_kubernetes_executor.py
[2026-05-23T11:27:56.310+0000] {logging_mixin.py:188} INFO - [2026-05-23T11:27:56.310+0000] {example_kubernetes_executor.py:39} WARNING - The example_kubernetes_executor example DAG requires the kubernetes provider. Please install it with: pip install apache-airflow[cncf.kubernetes]
[2026-05-23T11:27:56.310+0000] {processor.py:842} WARNING - No viable dags retrieved from /home/vscode/.local/lib/python3.11/site-packages/airflow/example_dags/example_kubernetes_executor.py
[2026-05-23T11:27:56.315+0000] {processor.py:183} INFO - Processing /home/vscode/.local/lib/python3.11/site-packages/airflow/example_dags/example_kubernetes_executor.py took 0.114 seconds
[2026-05-23T11:28:47.886+0000] {processor.py:161} INFO - Started process (PID=4593) to work on /home/vscode/.local/lib/python3.11/site-packages/airflow/example_dags/example_kubernetes_executor.py
[2026-05-23T11:28:47.886+0000] {processor.py:830} INFO - Processing file /home/vscode/.local/lib/python3.11/site-packages/airflow/example_dags/example_kubernetes_executor.py for tasks to queue
[2026-05-23T11:28:47.887+0000] {logging_mixin.py:188} INFO - [2026-05-23T11:28:47.887+0000] {dagbag.py:545} INFO - Filling up the DagBag from /home/vscode/.local/lib/python3.11/site-packages/airflow/example_dags/example_kubernetes_executor.py
[2026-05-23T11:28:47.891+0000] {logging_mixin.py:188} INFO - [2026-05-23T11:28:47.891+0000] {example_kubernetes_executor.py:39} WARNING - The example_kubernetes_executor example DAG requires the kubernetes provider. Please install it with: pip install apache-airflow[cncf.kubernetes]
[2026-05-23T11:28:47.891+0000] {processor.py:842} WARNING - No viable dags retrieved from /home/vscode/.local/lib/python3.11/site-packages/airflow/example_dags/example_kubernetes_executor.py
[2026-05-23T11:28:47.903+0000] {processor.py:183} INFO - Processing /home/vscode/.local/lib/python3.11/site-packages/airflow/example_dags/example_kubernetes_executor.py took 0.027 seconds
[2026-05-23T11:29:52.151+0000] {processor.py:161} INFO - Started process (PID=5120) to work on /home/vscode/.local/lib/python3.11/site-packages/airflow/example_dags/example_kubernetes_executor.py
[2026-05-23T11:29:52.151+0000] {processor.py:830} INFO - Processing file /home/vscode/.local/lib/python3.11/site-packages/airflow/example_dags/example_kubernetes_executor.py for tasks to queue
[2026-05-23T11:29:52.152+0000] {logging_mixin.py:188} INFO - [2026-05-23T11:29:52.152+0000] {dagbag.py:545} INFO - Filling up the DagBag from /home/vscode/.local/lib/python3.11/site-packages/airflow/example_dags/example_kubernetes_executor.py
[2026-05-23T11:29:52.154+0000] {logging_mixin.py:188} INFO - [2026-05-23T11:29:52.154+0000] {example_kubernetes_executor.py:39} WARNING - The example_kubernetes_executor example DAG requires the kubernetes provider. Please install it with: pip install apache-airflow[cncf.kubernetes]
[2026-05-23T11:29:52.154+0000] {processor.py:842} WARNING - No viable dags retrieved from /home/vscode/.local/lib/python3.11/site-packages/airflow/example_dags/example_kubernetes_executor.py
[2026-05-23T11:29:52.161+0000] {processor.py:183} INFO - Processing /home/vscode/.local/lib/python3.11/site-packages/airflow/example_dags/example_kubernetes_executor.py took 0.016 seconds
[2026-05-23T11:30:52.260+0000] {processor.py:161} INFO - Started process (PID=5745) to work on /home/vscode/.local/lib/python3.11/site-packages/airflow/example_dags/example_kubernetes_executor.py
[2026-05-23T11:30:52.260+0000] {processor.py:830} INFO - Processing file /home/vscode/.local/lib/python3.11/site-packages/airflow/example_dags/example_kubernetes_executor.py for tasks to queue
[2026-05-23T11:30:52.261+0000] {logging_mixin.py:188} INFO - [2026-05-23T11:30:52.261+0000] {dagbag.py:545} INFO - Filling up the DagBag from /home/vscode/.local/lib/python3.11/site-packages/airflow/example_dags/example_kubernetes_executor.py
[2026-05-23T11:30:52.263+0000] {logging_mixin.py:188} INFO - [2026-05-23T11:30:52.263+0000] {example_kubernetes_executor.py:39} WARNING - The example_kubernetes_executor example DAG requires the kubernetes provider. Please install it with: pip install apache-airflow[cncf.kubernetes]
[2026-05-23T11:30:52.263+0000] {processor.py:842} WARNING - No viable dags retrieved from /home/vscode/.local/lib/python3.11/site-packages/airflow/example_dags/example_kubernetes_executor.py
[2026-05-23T11:30:52.271+0000] {processor.py:183} INFO - Processing /home/vscode/.local/lib/python3.11/site-packages/airflow/example_dags/example_kubernetes_executor.py took 0.018 seconds
[2026-05-23T11:31:55.709+0000] {processor.py:161} INFO - Started process (PID=6324) to work on /home/vscode/.local/lib/python3.11/site-packages/airflow/example_dags/example_kubernetes_executor.py
[2026-05-23T11:31:55.710+0000] {processor.py:830} INFO - Processing file /home/vscode/.local/lib/python3.11/site-packages/airflow/example_dags/example_kubernetes_executor.py for tasks to queue
[2026-05-23T11:31:55.710+0000] {logging_mixin.py:188} INFO - [2026-05-23T11:31:55.710+0000] {dagbag.py:545} INFO - Filling up the DagBag from /home/vscode/.local/lib/python3.11/site-packages/airflow/example_dags/example_kubernetes_executor.py
[2026-05-23T11:31:55.712+0000] {logging_mixin.py:188} INFO - [2026-05-23T11:31:55.712+0000] {example_kubernetes_executor.py:39} WARNING - The example_kubernetes_executor example DAG requires the kubernetes provider. Please install it with: pip install apache-airflow[cncf.kubernetes]
[2026-05-23T11:31:55.713+0000] {processor.py:842} WARNING - No viable dags retrieved from /home/vscode/.local/lib/python3.11/site-packages/airflow/example_dags/example_kubernetes_executor.py
[2026-05-23T11:31:55.719+0000] {processor.py:183} INFO - Processing /home/vscode/.local/lib/python3.11/site-packages/airflow/example_dags/example_kubernetes_executor.py took 0.016 seconds
[2026-05-23T11:32:58.512+0000] {processor.py:161} INFO - Started process (PID=7444) to work on /home/vscode/.local/lib/python3.11/site-packages/airflow/example_dags/example_kubernetes_executor.py
[2026-05-23T11:32:58.513+0000] {processor.py:830} INFO - Processing file /home/vscode/.local/lib/python3.11/site-packages/airflow/example_dags/example_kubernetes_executor.py for tasks to queue
[2026-05-23T11:32:58.514+0000] {logging_mixin.py:188} INFO - [2026-05-23T11:32:58.513+0000] {dagbag.py:545} INFO - Filling up the DagBag from /home/vscode/.local/lib/python3.11/site-packages/airflow/example_dags/example_kubernetes_executor.py
[2026-05-23T11:32:58.517+0000] {logging_mixin.py:188} INFO - [2026-05-23T11:32:58.517+0000] {example_kubernetes_executor.py:39} WARNING - The example_kubernetes_executor example DAG requires the kubernetes provider. Please install it with: pip install apache-airflow[cncf.kubernetes]
[2026-05-23T11:32:58.517+0000] {processor.py:842} WARNING - No viable dags retrieved from /home/vscode/.local/lib/python3.11/site-packages/airflow/example_dags/example_kubernetes_executor.py
[2026-05-23T11:32:58.527+0000] {processor.py:183} INFO - Processing /home/vscode/.local/lib/python3.11/site-packages/airflow/example_dags/example_kubernetes_executor.py took 0.024 seconds
[2026-05-23T11:33:54.252+0000] {processor.py:161} INFO - Started process (PID=8476) to work on /home/vscode/.local/lib/python3.11/site-packages/airflow/example_dags/example_kubernetes_executor.py
[2026-05-23T11:33:54.252+0000] {processor.py:830} INFO - Processing file /home/vscode/.local/lib/python3.11/site-packages/airflow/example_dags/example_kubernetes_executor.py for tasks to queue
[2026-05-23T11:33:54.253+0000] {logging_mixin.py:188} INFO - [2026-05-23T11:33:54.253+0000] {dagbag.py:545} INFO - Filling up the DagBag from /home/vscode/.local/lib/python3.11/site-packages/airflow/example_dags/example_kubernetes_executor.py
[2026-05-23T11:33:54.255+0000] {logging_mixin.py:188} INFO - [2026-05-23T11:33:54.255+0000] {example_kubernetes_executor.py:39} WARNING - The example_kubernetes_executor example DAG requires the kubernetes provider. Please install it with: pip install apache-airflow[cncf.kubernetes]
[2026-05-23T11:33:54.255+0000] {processor.py:842} WARNING - No viable dags retrieved from /home/vscode/.local/lib/python3.11/site-packages/airflow/example_dags/example_kubernetes_executor.py
[2026-05-23T11:33:54.262+0000] {processor.py:183} INFO - Processing /home/vscode/.local/lib/python3.11/site-packages/airflow/example_dags/example_kubernetes_executor.py took 0.016 seconds
[2026-05-23T11:35:00.530+0000] {processor.py:161} INFO - Started process (PID=8919) to work on /home/vscode/.local/lib/python3.11/site-packages/airflow/example_dags/example_kubernetes_executor.py
[2026-05-23T11:35:00.531+0000] {processor.py:830} INFO - Processing file /home/vscode/.local/lib/python3.11/site-packages/airflow/example_dags/example_kubernetes_executor.py for tasks to queue
[2026-05-23T11:35:00.532+0000] {logging_mixin.py:188} INFO - [2026-05-23T11:35:00.532+0000] {dagbag.py:545} INFO - Filling up the DagBag from /home/vscode/.local/lib/python3.11/site-packages/airflow/example_dags/example_kubernetes_executor.py
[2026-05-23T11:35:00.535+0000] {logging_mixin.py:188} INFO - [2026-05-23T11:35:00.535+0000] {example_kubernetes_executor.py:39} WARNING - The example_kubernetes_executor example DAG requires the kubernetes provider. Please install it with: pip install apache-airflow[cncf.kubernetes]
[2026-05-23T11:35:00.535+0000] {processor.py:842} WARNING - No viable dags retrieved from /home/vscode/.local/lib/python3.11/site-packages/airflow/example_dags/example_kubernetes_executor.py
[2026-05-23T11:35:00.545+0000] {processor.py:183} INFO - Processing /home/vscode/.local/lib/python3.11/site-packages/airflow/example_dags/example_kubernetes_executor.py took 0.024 seconds
[2026-05-23T11:36:04.836+0000] {processor.py:161} INFO - Started process (PID=9452) to work on /home/vscode/.local/lib/python3.11/site-packages/airflow/example_dags/example_kubernetes_executor.py
[2026-05-23T11:36:04.836+0000] {processor.py:830} INFO - Processing file /home/vscode/.local/lib/python3.11/site-packages/airflow/example_dags/example_kubernetes_executor.py for tasks to queue
[2026-05-23T11:36:04.837+0000] {logging_mixin.py:188} INFO - [2026-05-23T11:36:04.837+0000] {dagbag.py:545} INFO - Filling up the DagBag from /home/vscode/.local/lib/python3.11/site-packages/airflow/example_dags/example_kubernetes_executor.py
[2026-05-23T11:36:04.839+0000] {logging_mixin.py:188} INFO - [2026-05-23T11:36:04.839+0000] {example_kubernetes_executor.py:39} WARNING - The example_kubernetes_executor example DAG requires the kubernetes provider. Please install it with: pip install apache-airflow[cncf.kubernetes]
[2026-05-23T11:36:04.839+0000] {processor.py:842} WARNING - No viable dags retrieved from /home/vscode/.local/lib/python3.11/site-packages/airflow/example_dags/example_kubernetes_executor.py
[2026-05-23T11:36:04.846+0000] {processor.py:183} INFO - Processing /home/vscode/.local/lib/python3.11/site-packages/airflow/example_dags/example_kubernetes_executor.py took 0.016 seconds
[2026-05-23T11:37:11.530+0000] {processor.py:161} INFO - Started process (PID=10037) to work on /home/vscode/.local/lib/python3.11/site-packages/airflow/example_dags/example_kubernetes_executor.py
[2026-05-23T11:37:11.531+0000] {processor.py:830} INFO - Processing file /home/vscode/.local/lib/python3.11/site-packages/airflow/example_dags/example_kubernetes_executor.py for tasks to queue
[2026-05-23T11:37:11.531+0000] {logging_mixin.py:188} INFO - [2026-05-23T11:37:11.531+0000] {dagbag.py:545} INFO - Filling up the DagBag from /home/vscode/.local/lib/python3.11/site-packages/airflow/example_dags/example_kubernetes_executor.py
[2026-05-23T11:37:11.534+0000] {logging_mixin.py:188} INFO - [2026-05-23T11:37:11.533+0000] {example_kubernetes_executor.py:39} WARNING - The example_kubernetes_executor example DAG requires the kubernetes provider. Please install it with: pip install apache-airflow[cncf.kubernetes]
[2026-05-23T11:37:11.534+0000] {processor.py:842} WARNING - No viable dags retrieved from /home/vscode/.local/lib/python3.11/site-packages/airflow/example_dags/example_kubernetes_executor.py
[2026-05-23T11:37:11.541+0000] {processor.py:183} INFO - Processing /home/vscode/.local/lib/python3.11/site-packages/airflow/example_dags/example_kubernetes_executor.py took 0.017 seconds
[2026-05-23T11:38:17.672+0000] {processor.py:161} INFO - Started process (PID=10638) to work on /home/vscode/.local/lib/python3.11/site-packages/airflow/example_dags/example_kubernetes_executor.py
[2026-05-23T11:38:17.673+0000] {processor.py:830} INFO - Processing file /home/vscode/.local/lib/python3.11/site-packages/airflow/example_dags/example_kubernetes_executor.py for tasks to queue
[2026-05-23T11:38:17.673+0000] {logging_mixin.py:188} INFO - [2026-05-23T11:38:17.673+0000] {dagbag.py:545} INFO - Filling up the DagBag from /home/vscode/.local/lib/python3.11/site-packages/airflow/example_dags/example_kubernetes_executor.py
[2026-05-23T11:38:17.676+0000] {logging_mixin.py:188} INFO - [2026-05-23T11:38:17.676+0000] {example_kubernetes_executor.py:39} WARNING - The example_kubernetes_executor example DAG requires the kubernetes provider. Please install it with: pip install apache-airflow[cncf.kubernetes]
[2026-05-23T11:38:17.676+0000] {processor.py:842} WARNING - No viable dags retrieved from /home/vscode/.local/lib/python3.11/site-packages/airflow/example_dags/example_kubernetes_executor.py
[2026-05-23T11:38:17.687+0000] {processor.py:183} INFO - Processing /home/vscode/.local/lib/python3.11/site-packages/airflow/example_dags/example_kubernetes_executor.py took 0.020 seconds
[2026-05-23T11:39:19.903+0000] {processor.py:161} INFO - Started process (PID=11141) to work on /home/vscode/.local/lib/python3.11/site-packages/airflow/example_dags/example_kubernetes_executor.py
[2026-05-23T11:39:19.904+0000] {processor.py:830} INFO - Processing file /home/vscode/.local/lib/python3.11/site-packages/airflow/example_dags/example_kubernetes_executor.py for tasks to queue
[2026-05-23T11:39:19.904+0000] {logging_mixin.py:188} INFO - [2026-05-23T11:39:19.904+0000] {dagbag.py:545} INFO - Filling up the DagBag from /home/vscode/.local/lib/python3.11/site-packages/airflow/example_dags/example_kubernetes_executor.py
[2026-05-23T11:39:19.906+0000] {logging_mixin.py:188} INFO - [2026-05-23T11:39:19.906+0000] {example_kubernetes_executor.py:39} WARNING - The example_kubernetes_executor example DAG requires the kubernetes provider. Please install it with: pip install apache-airflow[cncf.kubernetes]
[2026-05-23T11:39:19.906+0000] {processor.py:842} WARNING - No viable dags retrieved from /home/vscode/.local/lib/python3.11/site-packages/airflow/example_dags/example_kubernetes_executor.py
[2026-05-23T11:39:19.913+0000] {processor.py:183} INFO - Processing /home/vscode/.local/lib/python3.11/site-packages/airflow/example_dags/example_kubernetes_executor.py took 0.016 seconds
[2026-05-23T11:40:21.347+0000] {processor.py:161} INFO - Started process (PID=11707) to work on /home/vscode/.local/lib/python3.11/site-packages/airflow/example_dags/example_kubernetes_executor.py
[2026-05-23T11:40:21.348+0000] {processor.py:830} INFO - Processing file /home/vscode/.local/lib/python3.11/site-packages/airflow/example_dags/example_kubernetes_executor.py for tasks to queue
[2026-05-23T11:40:21.349+0000] {logging_mixin.py:188} INFO - [2026-05-23T11:40:21.348+0000] {dagbag.py:545} INFO - Filling up the DagBag from /home/vscode/.local/lib/python3.11/site-packages/airflow/example_dags/example_kubernetes_executor.py
[2026-05-23T11:40:21.352+0000] {logging_mixin.py:188} INFO - [2026-05-23T11:40:21.352+0000] {example_kubernetes_executor.py:39} WARNING - The example_kubernetes_executor example DAG requires the kubernetes provider. Please install it with: pip install apache-airflow[cncf.kubernetes]
[2026-05-23T11:40:21.352+0000] {processor.py:842} WARNING - No viable dags retrieved from /home/vscode/.local/lib/python3.11/site-packages/airflow/example_dags/example_kubernetes_executor.py
[2026-05-23T11:40:21.360+0000] {processor.py:183} INFO - Processing /home/vscode/.local/lib/python3.11/site-packages/airflow/example_dags/example_kubernetes_executor.py took 0.021 seconds
[2026-05-23T11:41:25.841+0000] {processor.py:161} INFO - Started process (PID=12323) to work on /home/vscode/.local/lib/python3.11/site-packages/airflow/example_dags/example_kubernetes_executor.py
[2026-05-23T11:41:25.841+0000] {processor.py:830} INFO - Processing file /home/vscode/.local/lib/python3.11/site-packages/airflow/example_dags/example_kubernetes_executor.py for tasks to queue
[2026-05-23T11:41:25.842+0000] {logging_mixin.py:188} INFO - [2026-05-23T11:41:25.842+0000] {dagbag.py:545} INFO - Filling up the DagBag from /home/vscode/.local/lib/python3.11/site-packages/airflow/example_dags/example_kubernetes_executor.py
[2026-05-23T11:41:25.844+0000] {logging_mixin.py:188} INFO - [2026-05-23T11:41:25.844+0000] {example_kubernetes_executor.py:39} WARNING - The example_kubernetes_executor example DAG requires the kubernetes provider. Please install it with: pip install apache-airflow[cncf.kubernetes]
[2026-05-23T11:41:25.844+0000] {processor.py:842} WARNING - No viable dags retrieved from /home/vscode/.local/lib/python3.11/site-packages/airflow/example_dags/example_kubernetes_executor.py
[2026-05-23T11:41:25.855+0000] {processor.py:183} INFO - Processing /home/vscode/.local/lib/python3.11/site-packages/airflow/example_dags/example_kubernetes_executor.py took 0.020 seconds
[2026-05-23T11:42:29.633+0000] {processor.py:161} INFO - Started process (PID=12945) to work on /home/vscode/.local/lib/python3.11/site-packages/airflow/example_dags/example_kubernetes_executor.py
[2026-05-23T11:42:29.634+0000] {processor.py:830} INFO - Processing file /home/vscode/.local/lib/python3.11/site-packages/airflow/example_dags/example_kubernetes_executor.py for tasks to queue
[2026-05-23T11:42:29.634+0000] {logging_mixin.py:188} INFO - [2026-05-23T11:42:29.634+0000] {dagbag.py:545} INFO - Filling up the DagBag from /home/vscode/.local/lib/python3.11/site-packages/airflow/example_dags/example_kubernetes_executor.py
[2026-05-23T11:42:29.636+0000] {logging_mixin.py:188} INFO - [2026-05-23T11:42:29.636+0000] {example_kubernetes_executor.py:39} WARNING - The example_kubernetes_executor example DAG requires the kubernetes provider. Please install it with: pip install apache-airflow[cncf.kubernetes]
[2026-05-23T11:42:29.637+0000] {processor.py:842} WARNING - No viable dags retrieved from /home/vscode/.local/lib/python3.11/site-packages/airflow/example_dags/example_kubernetes_executor.py
[2026-05-23T11:42:29.644+0000] {processor.py:183} INFO - Processing /home/vscode/.local/lib/python3.11/site-packages/airflow/example_dags/example_kubernetes_executor.py took 0.016 seconds
[2026-05-23T11:43:37.438+0000] {processor.py:161} INFO - Started process (PID=13494) to work on /home/vscode/.local/lib/python3.11/site-packages/airflow/example_dags/example_kubernetes_executor.py
[2026-05-23T11:43:37.439+0000] {processor.py:830} INFO - Processing file /home/vscode/.local/lib/python3.11/site-packages/airflow/example_dags/example_kubernetes_executor.py for tasks to queue
[2026-05-23T11:43:37.439+0000] {logging_mixin.py:188} INFO - [2026-05-23T11:43:37.439+0000] {dagbag.py:545} INFO - Filling up the DagBag from /home/vscode/.local/lib/python3.11/site-packages/airflow/example_dags/example_kubernetes_executor.py
[2026-05-23T11:43:37.442+0000] {logging_mixin.py:188} INFO - [2026-05-23T11:43:37.441+0000] {example_kubernetes_executor.py:39} WARNING - The example_kubernetes_executor example DAG requires the kubernetes provider. Please install it with: pip install apache-airflow[cncf.kubernetes]
[2026-05-23T11:43:37.442+0000] {processor.py:842} WARNING - No viable dags retrieved from /home/vscode/.local/lib/python3.11/site-packages/airflow/example_dags/example_kubernetes_executor.py
[2026-05-23T11:43:37.449+0000] {processor.py:183} INFO - Processing /home/vscode/.local/lib/python3.11/site-packages/airflow/example_dags/example_kubernetes_executor.py took 0.017 seconds
[2026-05-23T11:44:41.365+0000] {processor.py:161} INFO - Started process (PID=14087) to work on /home/vscode/.local/lib/python3.11/site-packages/airflow/example_dags/example_kubernetes_executor.py
[2026-05-23T11:44:41.366+0000] {processor.py:830} INFO - Processing file /home/vscode/.local/lib/python3.11/site-packages/airflow/example_dags/example_kubernetes_executor.py for tasks to queue
[2026-05-23T11:44:41.366+0000] {logging_mixin.py:188} INFO - [2026-05-23T11:44:41.366+0000] {dagbag.py:545} INFO - Filling up the DagBag from /home/vscode/.local/lib/python3.11/site-packages/airflow/example_dags/example_kubernetes_executor.py
[2026-05-23T11:44:41.368+0000] {logging_mixin.py:188} INFO - [2026-05-23T11:44:41.368+0000] {example_kubernetes_executor.py:39} WARNING - The example_kubernetes_executor example DAG requires the kubernetes provider. Please install it with: pip install apache-airflow[cncf.kubernetes]
[2026-05-23T11:44:41.369+0000] {processor.py:842} WARNING - No viable dags retrieved from /home/vscode/.local/lib/python3.11/site-packages/airflow/example_dags/example_kubernetes_executor.py
[2026-05-23T11:44:41.375+0000] {processor.py:183} INFO - Processing /home/vscode/.local/lib/python3.11/site-packages/airflow/example_dags/example_kubernetes_executor.py took 0.016 seconds
[2026-05-23T11:45:46.116+0000] {processor.py:161} INFO - Started process (PID=14814) to work on /home/vscode/.local/lib/python3.11/site-packages/airflow/example_dags/example_kubernetes_executor.py
[2026-05-23T11:45:46.117+0000] {processor.py:830} INFO - Processing file /home/vscode/.local/lib/python3.11/site-packages/airflow/example_dags/example_kubernetes_executor.py for tasks to queue
[2026-05-23T11:45:46.117+0000] {logging_mixin.py:188} INFO - [2026-05-23T11:45:46.117+0000] {dagbag.py:545} INFO - Filling up the DagBag from /home/vscode/.local/lib/python3.11/site-packages/airflow/example_dags/example_kubernetes_executor.py
[2026-05-23T11:45:46.119+0000] {logging_mixin.py:188} INFO - [2026-05-23T11:45:46.119+0000] {example_kubernetes_executor.py:39} WARNING - The example_kubernetes_executor example DAG requires the kubernetes provider. Please install it with: pip install apache-airflow[cncf.kubernetes]
[2026-05-23T11:45:46.119+0000] {processor.py:842} WARNING - No viable dags retrieved from /home/vscode/.local/lib/python3.11/site-packages/airflow/example_dags/example_kubernetes_executor.py
[2026-05-23T11:45:46.126+0000] {processor.py:183} INFO - Processing /home/vscode/.local/lib/python3.11/site-packages/airflow/example_dags/example_kubernetes_executor.py took 0.016 seconds
[2026-05-23T11:46:46.577+0000] {processor.py:161} INFO - Started process (PID=15452) to work on /home/vscode/.local/lib/python3.11/site-packages/airflow/example_dags/example_kubernetes_executor.py
[2026-05-23T11:46:46.578+0000] {processor.py:830} INFO - Processing file /home/vscode/.local/lib/python3.11/site-packages/airflow/example_dags/example_kubernetes_executor.py for tasks to queue
[2026-05-23T11:46:46.579+0000] {logging_mixin.py:188} INFO - [2026-05-23T11:46:46.578+0000] {dagbag.py:545} INFO - Filling up the DagBag from /home/vscode/.local/lib/python3.11/site-packages/airflow/example_dags/example_kubernetes_executor.py
[2026-05-23T11:46:46.581+0000] {logging_mixin.py:188} INFO - [2026-05-23T11:46:46.581+0000] {example_kubernetes_executor.py:39} WARNING - The example_kubernetes_executor example DAG requires the kubernetes provider. Please install it with: pip install apache-airflow[cncf.kubernetes]
[2026-05-23T11:46:46.581+0000] {processor.py:842} WARNING - No viable dags retrieved from /home/vscode/.local/lib/python3.11/site-packages/airflow/example_dags/example_kubernetes_executor.py
[2026-05-23T11:46:46.588+0000] {processor.py:183} INFO - Processing /home/vscode/.local/lib/python3.11/site-packages/airflow/example_dags/example_kubernetes_executor.py took 0.016 seconds
[2026-05-23T11:47:48.844+0000] {processor.py:161} INFO - Started process (PID=15972) to work on /home/vscode/.local/lib/python3.11/site-packages/airflow/example_dags/example_kubernetes_executor.py
[2026-05-23T11:47:48.845+0000] {processor.py:830} INFO - Processing file /home/vscode/.local/lib/python3.11/site-packages/airflow/example_dags/example_kubernetes_executor.py for tasks to queue
[2026-05-23T11:47:48.845+0000] {logging_mixin.py:188} INFO - [2026-05-23T11:47:48.845+0000] {dagbag.py:545} INFO - Filling up the DagBag from /home/vscode/.local/lib/python3.11/site-packages/airflow/example_dags/example_kubernetes_executor.py
[2026-05-23T11:47:48.847+0000] {logging_mixin.py:188} INFO - [2026-05-23T11:47:48.847+0000] {example_kubernetes_executor.py:39} WARNING - The example_kubernetes_executor example DAG requires the kubernetes provider. Please install it with: pip install apache-airflow[cncf.kubernetes]
[2026-05-23T11:47:48.847+0000] {processor.py:842} WARNING - No viable dags retrieved from /home/vscode/.local/lib/python3.11/site-packages/airflow/example_dags/example_kubernetes_executor.py
[2026-05-23T11:47:48.854+0000] {processor.py:183} INFO - Processing /home/vscode/.local/lib/python3.11/site-packages/airflow/example_dags/example_kubernetes_executor.py took 0.016 seconds
[2026-05-23T11:48:49.638+0000] {processor.py:161} INFO - Started process (PID=16574) to work on /home/vscode/.local/lib/python3.11/site-packages/airflow/example_dags/example_kubernetes_executor.py
[2026-05-23T11:48:49.639+0000] {processor.py:830} INFO - Processing file /home/vscode/.local/lib/python3.11/site-packages/airflow/example_dags/example_kubernetes_executor.py for tasks to queue
[2026-05-23T11:48:49.639+0000] {logging_mixin.py:188} INFO - [2026-05-23T11:48:49.639+0000] {dagbag.py:545} INFO - Filling up the DagBag from /home/vscode/.local/lib/python3.11/site-packages/airflow/example_dags/example_kubernetes_executor.py
[2026-05-23T11:48:49.641+0000] {logging_mixin.py:188} INFO - [2026-05-23T11:48:49.641+0000] {example_kubernetes_executor.py:39} WARNING - The example_kubernetes_executor example DAG requires the kubernetes provider. Please install it with: pip install apache-airflow[cncf.kubernetes]
[2026-05-23T11:48:49.641+0000] {processor.py:842} WARNING - No viable dags retrieved from /home/vscode/.local/lib/python3.11/site-packages/airflow/example_dags/example_kubernetes_executor.py
[2026-05-23T11:48:49.649+0000] {processor.py:183} INFO - Processing /home/vscode/.local/lib/python3.11/site-packages/airflow/example_dags/example_kubernetes_executor.py took 0.017 seconds
[2026-05-23T11:49:55.664+0000] {processor.py:161} INFO - Started process (PID=17335) to work on /home/vscode/.local/lib/python3.11/site-packages/airflow/example_dags/example_kubernetes_executor.py
[2026-05-23T11:49:55.665+0000] {processor.py:830} INFO - Processing file /home/vscode/.local/lib/python3.11/site-packages/airflow/example_dags/example_kubernetes_executor.py for tasks to queue
[2026-05-23T11:49:55.666+0000] {logging_mixin.py:188} INFO - [2026-05-23T11:49:55.665+0000] {dagbag.py:545} INFO - Filling up the DagBag from /home/vscode/.local/lib/python3.11/site-packages/airflow/example_dags/example_kubernetes_executor.py
[2026-05-23T11:49:55.668+0000] {logging_mixin.py:188} INFO - [2026-05-23T11:49:55.668+0000] {example_kubernetes_executor.py:39} WARNING - The example_kubernetes_executor example DAG requires the kubernetes provider. Please install it with: pip install apache-airflow[cncf.kubernetes]
[2026-05-23T11:49:55.668+0000] {processor.py:842} WARNING - No viable dags retrieved from /home/vscode/.local/lib/python3.11/site-packages/airflow/example_dags/example_kubernetes_executor.py
[2026-05-23T11:49:55.675+0000] {processor.py:183} INFO - Processing /home/vscode/.local/lib/python3.11/site-packages/airflow/example_dags/example_kubernetes_executor.py took 0.017 seconds
[2026-05-23T11:50:58.455+0000] {processor.py:161} INFO - Started process (PID=18363) to work on /home/vscode/.local/lib/python3.11/site-packages/airflow/example_dags/example_kubernetes_executor.py
[2026-05-23T11:50:58.456+0000] {processor.py:830} INFO - Processing file /home/vscode/.local/lib/python3.11/site-packages/airflow/example_dags/example_kubernetes_executor.py for tasks to queue
[2026-05-23T11:50:58.456+0000] {logging_mixin.py:188} INFO - [2026-05-23T11:50:58.456+0000] {dagbag.py:545} INFO - Filling up the DagBag from /home/vscode/.local/lib/python3.11/site-packages/airflow/example_dags/example_kubernetes_executor.py
[2026-05-23T11:50:58.458+0000] {logging_mixin.py:188} INFO - [2026-05-23T11:50:58.458+0000] {example_kubernetes_executor.py:39} WARNING - The example_kubernetes_executor example DAG requires the kubernetes provider. Please install it with: pip install apache-airflow[cncf.kubernetes]
[2026-05-23T11:50:58.458+0000] {processor.py:842} WARNING - No viable dags retrieved from /home/vscode/.local/lib/python3.11/site-packages/airflow/example_dags/example_kubernetes_executor.py
[2026-05-23T11:50:58.465+0000] {processor.py:183} INFO - Processing /home/vscode/.local/lib/python3.11/site-packages/airflow/example_dags/example_kubernetes_executor.py took 0.016 seconds
[2026-05-23T11:52:00.281+0000] {processor.py:161} INFO - Started process (PID=18913) to work on /home/vscode/.local/lib/python3.11/site-packages/airflow/example_dags/example_kubernetes_executor.py
[2026-05-23T11:52:00.282+0000] {processor.py:830} INFO - Processing file /home/vscode/.local/lib/python3.11/site-packages/airflow/example_dags/example_kubernetes_executor.py for tasks to queue
[2026-05-23T11:52:00.283+0000] {logging_mixin.py:188} INFO - [2026-05-23T11:52:00.283+0000] {dagbag.py:545} INFO - Filling up the DagBag from /home/vscode/.local/lib/python3.11/site-packages/airflow/example_dags/example_kubernetes_executor.py
[2026-05-23T11:52:00.286+0000] {logging_mixin.py:188} INFO - [2026-05-23T11:52:00.286+0000] {example_kubernetes_executor.py:39} WARNING - The example_kubernetes_executor example DAG requires the kubernetes provider. Please install it with: pip install apache-airflow[cncf.kubernetes]
[2026-05-23T11:52:00.286+0000] {processor.py:842} WARNING - No viable dags retrieved from /home/vscode/.local/lib/python3.11/site-packages/airflow/example_dags/example_kubernetes_executor.py
[2026-05-23T11:52:00.293+0000] {processor.py:183} INFO - Processing /home/vscode/.local/lib/python3.11/site-packages/airflow/example_dags/example_kubernetes_executor.py took 0.031 seconds
[2026-05-23T11:52:58.398+0000] {processor.py:161} INFO - Started process (PID=19545) to work on /home/vscode/.local/lib/python3.11/site-packages/airflow/example_dags/example_kubernetes_executor.py
[2026-05-23T11:52:58.399+0000] {processor.py:830} INFO - Processing file /home/vscode/.local/lib/python3.11/site-packages/airflow/example_dags/example_kubernetes_executor.py for tasks to queue
[2026-05-23T11:52:58.399+0000] {logging_mixin.py:188} INFO - [2026-05-23T11:52:58.399+0000] {dagbag.py:545} INFO - Filling up the DagBag from /home/vscode/.local/lib/python3.11/site-packages/airflow/example_dags/example_kubernetes_executor.py
[2026-05-23T11:52:58.401+0000] {logging_mixin.py:188} INFO - [2026-05-23T11:52:58.401+0000] {example_kubernetes_executor.py:39} WARNING - The example_kubernetes_executor example DAG requires the kubernetes provider. Please install it with: pip install apache-airflow[cncf.kubernetes]
[2026-05-23T11:52:58.402+0000] {processor.py:842} WARNING - No viable dags retrieved from /home/vscode/.local/lib/python3.11/site-packages/airflow/example_dags/example_kubernetes_executor.py
[2026-05-23T11:52:58.409+0000] {processor.py:183} INFO - Processing /home/vscode/.local/lib/python3.11/site-packages/airflow/example_dags/example_kubernetes_executor.py took 0.017 seconds
[2026-05-23T11:53:59.244+0000] {processor.py:161} INFO - Started process (PID=20284) to work on /home/vscode/.local/lib/python3.11/site-packages/airflow/example_dags/example_kubernetes_executor.py
[2026-05-23T11:53:59.245+0000] {processor.py:830} INFO - Processing file /home/vscode/.local/lib/python3.11/site-packages/airflow/example_dags/example_kubernetes_executor.py for tasks to queue
[2026-05-23T11:53:59.245+0000] {logging_mixin.py:188} INFO - [2026-05-23T11:53:59.245+0000] {dagbag.py:545} INFO - Filling up the DagBag from /home/vscode/.local/lib/python3.11/site-packages/airflow/example_dags/example_kubernetes_executor.py
[2026-05-23T11:53:59.247+0000] {logging_mixin.py:188} INFO - [2026-05-23T11:53:59.247+0000] {example_kubernetes_executor.py:39} WARNING - The example_kubernetes_executor example DAG requires the kubernetes provider. Please install it with: pip install apache-airflow[cncf.kubernetes]
[2026-05-23T11:53:59.248+0000] {processor.py:842} WARNING - No viable dags retrieved from /home/vscode/.local/lib/python3.11/site-packages/airflow/example_dags/example_kubernetes_executor.py
[2026-05-23T11:53:59.254+0000] {processor.py:183} INFO - Processing /home/vscode/.local/lib/python3.11/site-packages/airflow/example_dags/example_kubernetes_executor.py took 0.016 seconds
[2026-05-23T11:55:10.742+0000] {processor.py:161} INFO - Started process (PID=21341) to work on /home/vscode/.local/lib/python3.11/site-packages/airflow/example_dags/example_kubernetes_executor.py
[2026-05-23T11:55:10.745+0000] {processor.py:830} INFO - Processing file /home/vscode/.local/lib/python3.11/site-packages/airflow/example_dags/example_kubernetes_executor.py for tasks to queue
[2026-05-23T11:55:10.745+0000] {logging_mixin.py:188} INFO - [2026-05-23T11:55:10.745+0000] {dagbag.py:545} INFO - Filling up the DagBag from /home/vscode/.local/lib/python3.11/site-packages/airflow/example_dags/example_kubernetes_executor.py
[2026-05-23T11:55:10.754+0000] {logging_mixin.py:188} INFO - [2026-05-23T11:55:10.754+0000] {example_kubernetes_executor.py:39} WARNING - The example_kubernetes_executor example DAG requires the kubernetes provider. Please install it with: pip install apache-airflow[cncf.kubernetes]
[2026-05-23T11:55:10.754+0000] {processor.py:842} WARNING - No viable dags retrieved from /home/vscode/.local/lib/python3.11/site-packages/airflow/example_dags/example_kubernetes_executor.py
[2026-05-23T11:55:10.775+0000] {processor.py:183} INFO - Processing /home/vscode/.local/lib/python3.11/site-packages/airflow/example_dags/example_kubernetes_executor.py took 0.049 seconds
[2026-05-23T11:56:00.875+0000] {processor.py:161} INFO - Started process (PID=22009) to work on /home/vscode/.local/lib/python3.11/site-packages/airflow/example_dags/example_kubernetes_executor.py
[2026-05-23T11:56:00.876+0000] {processor.py:830} INFO - Processing file /home/vscode/.local/lib/python3.11/site-packages/airflow/example_dags/example_kubernetes_executor.py for tasks to queue
[2026-05-23T11:56:00.877+0000] {logging_mixin.py:188} INFO - [2026-05-23T11:56:00.876+0000] {dagbag.py:545} INFO - Filling up the DagBag from /home/vscode/.local/lib/python3.11/site-packages/airflow/example_dags/example_kubernetes_executor.py
[2026-05-23T11:56:00.880+0000] {logging_mixin.py:188} INFO - [2026-05-23T11:56:00.880+0000] {example_kubernetes_executor.py:39} WARNING - The example_kubernetes_executor example DAG requires the kubernetes provider. Please install it with: pip install apache-airflow[cncf.kubernetes]
[2026-05-23T11:56:00.881+0000] {processor.py:842} WARNING - No viable dags retrieved from /home/vscode/.local/lib/python3.11/site-packages/airflow/example_dags/example_kubernetes_executor.py
[2026-05-23T11:56:00.892+0000] {processor.py:183} INFO - Processing /home/vscode/.local/lib/python3.11/site-packages/airflow/example_dags/example_kubernetes_executor.py took 0.026 seconds
[2026-05-23T11:57:14.812+0000] {processor.py:161} INFO - Started process (PID=22784) to work on /home/vscode/.local/lib/python3.11/site-packages/airflow/example_dags/example_kubernetes_executor.py
[2026-05-23T11:57:14.813+0000] {processor.py:830} INFO - Processing file /home/vscode/.local/lib/python3.11/site-packages/airflow/example_dags/example_kubernetes_executor.py for tasks to queue
[2026-05-23T11:57:14.814+0000] {logging_mixin.py:188} INFO - [2026-05-23T11:57:14.814+0000] {dagbag.py:545} INFO - Filling up the DagBag from /home/vscode/.local/lib/python3.11/site-packages/airflow/example_dags/example_kubernetes_executor.py
[2026-05-23T11:57:14.817+0000] {logging_mixin.py:188} INFO - [2026-05-23T11:57:14.817+0000] {example_kubernetes_executor.py:39} WARNING - The example_kubernetes_executor example DAG requires the kubernetes provider. Please install it with: pip install apache-airflow[cncf.kubernetes]
[2026-05-23T11:57:14.817+0000] {processor.py:842} WARNING - No viable dags retrieved from /home/vscode/.local/lib/python3.11/site-packages/airflow/example_dags/example_kubernetes_executor.py
[2026-05-23T11:57:14.831+0000] {processor.py:183} INFO - Processing /home/vscode/.local/lib/python3.11/site-packages/airflow/example_dags/example_kubernetes_executor.py took 0.028 seconds
[2026-05-23T11:58:05.533+0000] {processor.py:161} INFO - Started process (PID=23242) to work on /home/vscode/.local/lib/python3.11/site-packages/airflow/example_dags/example_kubernetes_executor.py
[2026-05-23T11:58:05.534+0000] {processor.py:830} INFO - Processing file /home/vscode/.local/lib/python3.11/site-packages/airflow/example_dags/example_kubernetes_executor.py for tasks to queue
[2026-05-23T11:58:05.535+0000] {logging_mixin.py:188} INFO - [2026-05-23T11:58:05.534+0000] {dagbag.py:545} INFO - Filling up the DagBag from /home/vscode/.local/lib/python3.11/site-packages/airflow/example_dags/example_kubernetes_executor.py
[2026-05-23T11:58:05.538+0000] {logging_mixin.py:188} INFO - [2026-05-23T11:58:05.537+0000] {example_kubernetes_executor.py:39} WARNING - The example_kubernetes_executor example DAG requires the kubernetes provider. Please install it with: pip install apache-airflow[cncf.kubernetes]
[2026-05-23T11:58:05.538+0000] {processor.py:842} WARNING - No viable dags retrieved from /home/vscode/.local/lib/python3.11/site-packages/airflow/example_dags/example_kubernetes_executor.py
[2026-05-23T11:58:05.548+0000] {processor.py:183} INFO - Processing /home/vscode/.local/lib/python3.11/site-packages/airflow/example_dags/example_kubernetes_executor.py took 0.024 seconds
