[2026-05-23T11:26:29.189+0000] {processor.py:161} INFO - Started process (PID=2955) to work on /home/vscode/.local/lib/python3.11/site-packages/airflow/example_dags/tutorial_taskflow_api.py
[2026-05-23T11:26:29.189+0000] {processor.py:830} INFO - Processing file /home/vscode/.local/lib/python3.11/site-packages/airflow/example_dags/tutorial_taskflow_api.py for tasks to queue
[2026-05-23T11:26:29.190+0000] {logging_mixin.py:188} INFO - [2026-05-23T11:26:29.190+0000] {dagbag.py:545} INFO - Filling up the DagBag from /home/vscode/.local/lib/python3.11/site-packages/airflow/example_dags/tutorial_taskflow_api.py
[2026-05-23T11:26:29.196+0000] {processor.py:840} INFO - DAG(s) 'tutorial_taskflow_api' retrieved from /home/vscode/.local/lib/python3.11/site-packages/airflow/example_dags/tutorial_taskflow_api.py
[2026-05-23T11:26:29.202+0000] {logging_mixin.py:188} INFO - [2026-05-23T11:26:29.201+0000] {dag.py:3096} INFO - Sync 1 DAGs
[2026-05-23T11:26:29.210+0000] {logging_mixin.py:188} INFO - [2026-05-23T11:26:29.210+0000] {dag.py:3954} INFO - Setting next_dagrun for tutorial_taskflow_api to None, run_after=None
[2026-05-23T11:26:29.225+0000] {processor.py:183} INFO - Processing /home/vscode/.local/lib/python3.11/site-packages/airflow/example_dags/tutorial_taskflow_api.py took 0.045 seconds
[2026-05-23T11:27:23.477+0000] {processor.py:161} INFO - Started process (PID=3683) to work on /home/vscode/.local/lib/python3.11/site-packages/airflow/example_dags/tutorial_taskflow_api.py
[2026-05-23T11:27:23.477+0000] {processor.py:830} INFO - Processing file /home/vscode/.local/lib/python3.11/site-packages/airflow/example_dags/tutorial_taskflow_api.py for tasks to queue
[2026-05-23T11:27:23.478+0000] {logging_mixin.py:188} INFO - [2026-05-23T11:27:23.477+0000] {dagbag.py:545} INFO - Filling up the DagBag from /home/vscode/.local/lib/python3.11/site-packages/airflow/example_dags/tutorial_taskflow_api.py
[2026-05-23T11:27:23.482+0000] {processor.py:840} INFO - DAG(s) 'tutorial_taskflow_api' retrieved from /home/vscode/.local/lib/python3.11/site-packages/airflow/example_dags/tutorial_taskflow_api.py
[2026-05-23T11:27:23.643+0000] {logging_mixin.py:188} INFO - [2026-05-23T11:27:23.642+0000] {dag.py:3096} INFO - Sync 1 DAGs
[2026-05-23T11:27:23.649+0000] {logging_mixin.py:188} INFO - [2026-05-23T11:27:23.649+0000] {dag.py:3954} INFO - Setting next_dagrun for tutorial_taskflow_api to None, run_after=None
[2026-05-23T11:27:23.663+0000] {processor.py:183} INFO - Processing /home/vscode/.local/lib/python3.11/site-packages/airflow/example_dags/tutorial_taskflow_api.py took 0.195 seconds
[2026-05-23T11:28:19.319+0000] {processor.py:161} INFO - Started process (PID=4275) to work on /home/vscode/.local/lib/python3.11/site-packages/airflow/example_dags/tutorial_taskflow_api.py
[2026-05-23T11:28:19.320+0000] {processor.py:830} INFO - Processing file /home/vscode/.local/lib/python3.11/site-packages/airflow/example_dags/tutorial_taskflow_api.py for tasks to queue
[2026-05-23T11:28:19.321+0000] {logging_mixin.py:188} INFO - [2026-05-23T11:28:19.320+0000] {dagbag.py:545} INFO - Filling up the DagBag from /home/vscode/.local/lib/python3.11/site-packages/airflow/example_dags/tutorial_taskflow_api.py
[2026-05-23T11:28:19.325+0000] {processor.py:840} INFO - DAG(s) 'tutorial_taskflow_api' retrieved from /home/vscode/.local/lib/python3.11/site-packages/airflow/example_dags/tutorial_taskflow_api.py
[2026-05-23T11:28:19.336+0000] {logging_mixin.py:188} INFO - [2026-05-23T11:28:19.336+0000] {dag.py:3096} INFO - Sync 1 DAGs
[2026-05-23T11:28:19.343+0000] {logging_mixin.py:188} INFO - [2026-05-23T11:28:19.343+0000] {dag.py:3954} INFO - Setting next_dagrun for tutorial_taskflow_api to None, run_after=None
[2026-05-23T11:28:19.360+0000] {processor.py:183} INFO - Processing /home/vscode/.local/lib/python3.11/site-packages/airflow/example_dags/tutorial_taskflow_api.py took 0.047 seconds
[2026-05-23T11:29:03.593+0000] {processor.py:161} INFO - Started process (PID=4693) to work on /home/vscode/.local/lib/python3.11/site-packages/airflow/example_dags/tutorial_taskflow_api.py
[2026-05-23T11:29:03.594+0000] {processor.py:830} INFO - Processing file /home/vscode/.local/lib/python3.11/site-packages/airflow/example_dags/tutorial_taskflow_api.py for tasks to queue
[2026-05-23T11:29:03.594+0000] {logging_mixin.py:188} INFO - [2026-05-23T11:29:03.594+0000] {dagbag.py:545} INFO - Filling up the DagBag from /home/vscode/.local/lib/python3.11/site-packages/airflow/example_dags/tutorial_taskflow_api.py
[2026-05-23T11:29:03.599+0000] {processor.py:840} INFO - DAG(s) 'tutorial_taskflow_api' retrieved from /home/vscode/.local/lib/python3.11/site-packages/airflow/example_dags/tutorial_taskflow_api.py
[2026-05-23T11:29:03.610+0000] {logging_mixin.py:188} INFO - [2026-05-23T11:29:03.610+0000] {dag.py:3096} INFO - Sync 1 DAGs
[2026-05-23T11:29:03.619+0000] {logging_mixin.py:188} INFO - [2026-05-23T11:29:03.619+0000] {dag.py:3954} INFO - Setting next_dagrun for tutorial_taskflow_api to None, run_after=None
[2026-05-23T11:29:03.638+0000] {processor.py:183} INFO - Processing /home/vscode/.local/lib/python3.11/site-packages/airflow/example_dags/tutorial_taskflow_api.py took 0.051 seconds
[2026-05-23T11:29:46.283+0000] {processor.py:161} INFO - Started process (PID=5084) to work on /home/vscode/.local/lib/python3.11/site-packages/airflow/example_dags/tutorial_taskflow_api.py
[2026-05-23T11:29:46.283+0000] {processor.py:830} INFO - Processing file /home/vscode/.local/lib/python3.11/site-packages/airflow/example_dags/tutorial_taskflow_api.py for tasks to queue
[2026-05-23T11:29:46.284+0000] {logging_mixin.py:188} INFO - [2026-05-23T11:29:46.284+0000] {dagbag.py:545} INFO - Filling up the DagBag from /home/vscode/.local/lib/python3.11/site-packages/airflow/example_dags/tutorial_taskflow_api.py
[2026-05-23T11:29:46.289+0000] {processor.py:840} INFO - DAG(s) 'tutorial_taskflow_api' retrieved from /home/vscode/.local/lib/python3.11/site-packages/airflow/example_dags/tutorial_taskflow_api.py
[2026-05-23T11:29:46.301+0000] {logging_mixin.py:188} INFO - [2026-05-23T11:29:46.301+0000] {dag.py:3096} INFO - Sync 1 DAGs
[2026-05-23T11:29:46.313+0000] {logging_mixin.py:188} INFO - [2026-05-23T11:29:46.312+0000] {dag.py:3954} INFO - Setting next_dagrun for tutorial_taskflow_api to None, run_after=None
[2026-05-23T11:29:46.328+0000] {processor.py:183} INFO - Processing /home/vscode/.local/lib/python3.11/site-packages/airflow/example_dags/tutorial_taskflow_api.py took 0.052 seconds
[2026-05-23T11:30:28.551+0000] {processor.py:161} INFO - Started process (PID=5537) to work on /home/vscode/.local/lib/python3.11/site-packages/airflow/example_dags/tutorial_taskflow_api.py
[2026-05-23T11:30:28.552+0000] {processor.py:830} INFO - Processing file /home/vscode/.local/lib/python3.11/site-packages/airflow/example_dags/tutorial_taskflow_api.py for tasks to queue
[2026-05-23T11:30:28.552+0000] {logging_mixin.py:188} INFO - [2026-05-23T11:30:28.552+0000] {dagbag.py:545} INFO - Filling up the DagBag from /home/vscode/.local/lib/python3.11/site-packages/airflow/example_dags/tutorial_taskflow_api.py
[2026-05-23T11:30:28.557+0000] {processor.py:840} INFO - DAG(s) 'tutorial_taskflow_api' retrieved from /home/vscode/.local/lib/python3.11/site-packages/airflow/example_dags/tutorial_taskflow_api.py
[2026-05-23T11:30:28.571+0000] {logging_mixin.py:188} INFO - [2026-05-23T11:30:28.571+0000] {dag.py:3096} INFO - Sync 1 DAGs
[2026-05-23T11:30:28.584+0000] {logging_mixin.py:188} INFO - [2026-05-23T11:30:28.584+0000] {dag.py:3954} INFO - Setting next_dagrun for tutorial_taskflow_api to None, run_after=None
[2026-05-23T11:30:28.607+0000] {processor.py:183} INFO - Processing /home/vscode/.local/lib/python3.11/site-packages/airflow/example_dags/tutorial_taskflow_api.py took 0.062 seconds
[2026-05-23T11:31:08.899+0000] {processor.py:161} INFO - Started process (PID=5869) to work on /home/vscode/.local/lib/python3.11/site-packages/airflow/example_dags/tutorial_taskflow_api.py
[2026-05-23T11:31:08.899+0000] {processor.py:830} INFO - Processing file /home/vscode/.local/lib/python3.11/site-packages/airflow/example_dags/tutorial_taskflow_api.py for tasks to queue
[2026-05-23T11:31:08.900+0000] {logging_mixin.py:188} INFO - [2026-05-23T11:31:08.899+0000] {dagbag.py:545} INFO - Filling up the DagBag from /home/vscode/.local/lib/python3.11/site-packages/airflow/example_dags/tutorial_taskflow_api.py
[2026-05-23T11:31:08.904+0000] {processor.py:840} INFO - DAG(s) 'tutorial_taskflow_api' retrieved from /home/vscode/.local/lib/python3.11/site-packages/airflow/example_dags/tutorial_taskflow_api.py
[2026-05-23T11:31:08.916+0000] {logging_mixin.py:188} INFO - [2026-05-23T11:31:08.915+0000] {dag.py:3096} INFO - Sync 1 DAGs
[2026-05-23T11:31:08.924+0000] {logging_mixin.py:188} INFO - [2026-05-23T11:31:08.924+0000] {dag.py:3954} INFO - Setting next_dagrun for tutorial_taskflow_api to None, run_after=None
[2026-05-23T11:31:08.939+0000] {processor.py:183} INFO - Processing /home/vscode/.local/lib/python3.11/site-packages/airflow/example_dags/tutorial_taskflow_api.py took 0.047 seconds
[2026-05-23T11:31:51.708+0000] {processor.py:161} INFO - Started process (PID=6297) to work on /home/vscode/.local/lib/python3.11/site-packages/airflow/example_dags/tutorial_taskflow_api.py
[2026-05-23T11:31:51.709+0000] {processor.py:830} INFO - Processing file /home/vscode/.local/lib/python3.11/site-packages/airflow/example_dags/tutorial_taskflow_api.py for tasks to queue
[2026-05-23T11:31:51.709+0000] {logging_mixin.py:188} INFO - [2026-05-23T11:31:51.709+0000] {dagbag.py:545} INFO - Filling up the DagBag from /home/vscode/.local/lib/python3.11/site-packages/airflow/example_dags/tutorial_taskflow_api.py
[2026-05-23T11:31:51.714+0000] {processor.py:840} INFO - DAG(s) 'tutorial_taskflow_api' retrieved from /home/vscode/.local/lib/python3.11/site-packages/airflow/example_dags/tutorial_taskflow_api.py
[2026-05-23T11:31:51.725+0000] {logging_mixin.py:188} INFO - [2026-05-23T11:31:51.724+0000] {dag.py:3096} INFO - Sync 1 DAGs
[2026-05-23T11:31:51.733+0000] {logging_mixin.py:188} INFO - [2026-05-23T11:31:51.733+0000] {dag.py:3954} INFO - Setting next_dagrun for tutorial_taskflow_api to None, run_after=None
[2026-05-23T11:31:51.750+0000] {processor.py:183} INFO - Processing /home/vscode/.local/lib/python3.11/site-packages/airflow/example_dags/tutorial_taskflow_api.py took 0.047 seconds
[2026-05-23T11:32:33.779+0000] {processor.py:161} INFO - Started process (PID=6700) to work on /home/vscode/.local/lib/python3.11/site-packages/airflow/example_dags/tutorial_taskflow_api.py
[2026-05-23T11:32:33.780+0000] {processor.py:830} INFO - Processing file /home/vscode/.local/lib/python3.11/site-packages/airflow/example_dags/tutorial_taskflow_api.py for tasks to queue
[2026-05-23T11:32:33.780+0000] {logging_mixin.py:188} INFO - [2026-05-23T11:32:33.780+0000] {dagbag.py:545} INFO - Filling up the DagBag from /home/vscode/.local/lib/python3.11/site-packages/airflow/example_dags/tutorial_taskflow_api.py
[2026-05-23T11:32:33.785+0000] {processor.py:840} INFO - DAG(s) 'tutorial_taskflow_api' retrieved from /home/vscode/.local/lib/python3.11/site-packages/airflow/example_dags/tutorial_taskflow_api.py
[2026-05-23T11:32:33.797+0000] {logging_mixin.py:188} INFO - [2026-05-23T11:32:33.797+0000] {dag.py:3096} INFO - Sync 1 DAGs
[2026-05-23T11:32:33.806+0000] {logging_mixin.py:188} INFO - [2026-05-23T11:32:33.806+0000] {dag.py:3954} INFO - Setting next_dagrun for tutorial_taskflow_api to None, run_after=None
[2026-05-23T11:32:33.823+0000] {processor.py:183} INFO - Processing /home/vscode/.local/lib/python3.11/site-packages/airflow/example_dags/tutorial_taskflow_api.py took 0.050 seconds
[2026-05-23T11:33:17.118+0000] {processor.py:161} INFO - Started process (PID=8202) to work on /home/vscode/.local/lib/python3.11/site-packages/airflow/example_dags/tutorial_taskflow_api.py
[2026-05-23T11:33:17.123+0000] {processor.py:830} INFO - Processing file /home/vscode/.local/lib/python3.11/site-packages/airflow/example_dags/tutorial_taskflow_api.py for tasks to queue
[2026-05-23T11:33:17.125+0000] {logging_mixin.py:188} INFO - [2026-05-23T11:33:17.125+0000] {dagbag.py:545} INFO - Filling up the DagBag from /home/vscode/.local/lib/python3.11/site-packages/airflow/example_dags/tutorial_taskflow_api.py
[2026-05-23T11:33:17.142+0000] {processor.py:840} INFO - DAG(s) 'tutorial_taskflow_api' retrieved from /home/vscode/.local/lib/python3.11/site-packages/airflow/example_dags/tutorial_taskflow_api.py
[2026-05-23T11:33:17.192+0000] {logging_mixin.py:188} INFO - [2026-05-23T11:33:17.191+0000] {dag.py:3096} INFO - Sync 1 DAGs
[2026-05-23T11:33:17.234+0000] {logging_mixin.py:188} INFO - [2026-05-23T11:33:17.234+0000] {dag.py:3954} INFO - Setting next_dagrun for tutorial_taskflow_api to None, run_after=None
[2026-05-23T11:33:17.321+0000] {processor.py:183} INFO - Processing /home/vscode/.local/lib/python3.11/site-packages/airflow/example_dags/tutorial_taskflow_api.py took 0.232 seconds
[2026-05-23T11:34:06.290+0000] {processor.py:161} INFO - Started process (PID=8537) to work on /home/vscode/.local/lib/python3.11/site-packages/airflow/example_dags/tutorial_taskflow_api.py
[2026-05-23T11:34:06.291+0000] {processor.py:830} INFO - Processing file /home/vscode/.local/lib/python3.11/site-packages/airflow/example_dags/tutorial_taskflow_api.py for tasks to queue
[2026-05-23T11:34:06.291+0000] {logging_mixin.py:188} INFO - [2026-05-23T11:34:06.291+0000] {dagbag.py:545} INFO - Filling up the DagBag from /home/vscode/.local/lib/python3.11/site-packages/airflow/example_dags/tutorial_taskflow_api.py
[2026-05-23T11:34:06.296+0000] {processor.py:840} INFO - DAG(s) 'tutorial_taskflow_api' retrieved from /home/vscode/.local/lib/python3.11/site-packages/airflow/example_dags/tutorial_taskflow_api.py
[2026-05-23T11:34:06.307+0000] {logging_mixin.py:188} INFO - [2026-05-23T11:34:06.307+0000] {dag.py:3096} INFO - Sync 1 DAGs
[2026-05-23T11:34:06.314+0000] {logging_mixin.py:188} INFO - [2026-05-23T11:34:06.314+0000] {dag.py:3954} INFO - Setting next_dagrun for tutorial_taskflow_api to None, run_after=None
[2026-05-23T11:34:06.331+0000] {processor.py:183} INFO - Processing /home/vscode/.local/lib/python3.11/site-packages/airflow/example_dags/tutorial_taskflow_api.py took 0.047 seconds
[2026-05-23T11:34:50.423+0000] {processor.py:161} INFO - Started process (PID=8869) to work on /home/vscode/.local/lib/python3.11/site-packages/airflow/example_dags/tutorial_taskflow_api.py
[2026-05-23T11:34:50.423+0000] {processor.py:830} INFO - Processing file /home/vscode/.local/lib/python3.11/site-packages/airflow/example_dags/tutorial_taskflow_api.py for tasks to queue
[2026-05-23T11:34:50.424+0000] {logging_mixin.py:188} INFO - [2026-05-23T11:34:50.423+0000] {dagbag.py:545} INFO - Filling up the DagBag from /home/vscode/.local/lib/python3.11/site-packages/airflow/example_dags/tutorial_taskflow_api.py
[2026-05-23T11:34:50.428+0000] {processor.py:840} INFO - DAG(s) 'tutorial_taskflow_api' retrieved from /home/vscode/.local/lib/python3.11/site-packages/airflow/example_dags/tutorial_taskflow_api.py
[2026-05-23T11:34:50.439+0000] {logging_mixin.py:188} INFO - [2026-05-23T11:34:50.439+0000] {dag.py:3096} INFO - Sync 1 DAGs
[2026-05-23T11:34:50.448+0000] {logging_mixin.py:188} INFO - [2026-05-23T11:34:50.447+0000] {dag.py:3954} INFO - Setting next_dagrun for tutorial_taskflow_api to None, run_after=None
[2026-05-23T11:34:50.464+0000] {processor.py:183} INFO - Processing /home/vscode/.local/lib/python3.11/site-packages/airflow/example_dags/tutorial_taskflow_api.py took 0.047 seconds
[2026-05-23T11:35:35.112+0000] {processor.py:161} INFO - Started process (PID=9223) to work on /home/vscode/.local/lib/python3.11/site-packages/airflow/example_dags/tutorial_taskflow_api.py
[2026-05-23T11:35:35.112+0000] {processor.py:830} INFO - Processing file /home/vscode/.local/lib/python3.11/site-packages/airflow/example_dags/tutorial_taskflow_api.py for tasks to queue
[2026-05-23T11:35:35.113+0000] {logging_mixin.py:188} INFO - [2026-05-23T11:35:35.113+0000] {dagbag.py:545} INFO - Filling up the DagBag from /home/vscode/.local/lib/python3.11/site-packages/airflow/example_dags/tutorial_taskflow_api.py
[2026-05-23T11:35:35.117+0000] {processor.py:840} INFO - DAG(s) 'tutorial_taskflow_api' retrieved from /home/vscode/.local/lib/python3.11/site-packages/airflow/example_dags/tutorial_taskflow_api.py
[2026-05-23T11:35:35.128+0000] {logging_mixin.py:188} INFO - [2026-05-23T11:35:35.128+0000] {dag.py:3096} INFO - Sync 1 DAGs
[2026-05-23T11:35:35.136+0000] {logging_mixin.py:188} INFO - [2026-05-23T11:35:35.136+0000] {dag.py:3954} INFO - Setting next_dagrun for tutorial_taskflow_api to None, run_after=None
[2026-05-23T11:35:35.153+0000] {processor.py:183} INFO - Processing /home/vscode/.local/lib/python3.11/site-packages/airflow/example_dags/tutorial_taskflow_api.py took 0.048 seconds
[2026-05-23T11:36:17.400+0000] {processor.py:161} INFO - Started process (PID=9533) to work on /home/vscode/.local/lib/python3.11/site-packages/airflow/example_dags/tutorial_taskflow_api.py
[2026-05-23T11:36:17.401+0000] {processor.py:830} INFO - Processing file /home/vscode/.local/lib/python3.11/site-packages/airflow/example_dags/tutorial_taskflow_api.py for tasks to queue
[2026-05-23T11:36:17.402+0000] {logging_mixin.py:188} INFO - [2026-05-23T11:36:17.401+0000] {dagbag.py:545} INFO - Filling up the DagBag from /home/vscode/.local/lib/python3.11/site-packages/airflow/example_dags/tutorial_taskflow_api.py
[2026-05-23T11:36:17.406+0000] {processor.py:840} INFO - DAG(s) 'tutorial_taskflow_api' retrieved from /home/vscode/.local/lib/python3.11/site-packages/airflow/example_dags/tutorial_taskflow_api.py
[2026-05-23T11:36:17.418+0000] {logging_mixin.py:188} INFO - [2026-05-23T11:36:17.417+0000] {dag.py:3096} INFO - Sync 1 DAGs
[2026-05-23T11:36:17.426+0000] {logging_mixin.py:188} INFO - [2026-05-23T11:36:17.426+0000] {dag.py:3954} INFO - Setting next_dagrun for tutorial_taskflow_api to None, run_after=None
[2026-05-23T11:36:17.443+0000] {processor.py:183} INFO - Processing /home/vscode/.local/lib/python3.11/site-packages/airflow/example_dags/tutorial_taskflow_api.py took 0.049 seconds
[2026-05-23T11:37:00.685+0000] {processor.py:161} INFO - Started process (PID=9979) to work on /home/vscode/.local/lib/python3.11/site-packages/airflow/example_dags/tutorial_taskflow_api.py
[2026-05-23T11:37:00.685+0000] {processor.py:830} INFO - Processing file /home/vscode/.local/lib/python3.11/site-packages/airflow/example_dags/tutorial_taskflow_api.py for tasks to queue
[2026-05-23T11:37:00.686+0000] {logging_mixin.py:188} INFO - [2026-05-23T11:37:00.686+0000] {dagbag.py:545} INFO - Filling up the DagBag from /home/vscode/.local/lib/python3.11/site-packages/airflow/example_dags/tutorial_taskflow_api.py
[2026-05-23T11:37:00.691+0000] {processor.py:840} INFO - DAG(s) 'tutorial_taskflow_api' retrieved from /home/vscode/.local/lib/python3.11/site-packages/airflow/example_dags/tutorial_taskflow_api.py
[2026-05-23T11:37:00.705+0000] {logging_mixin.py:188} INFO - [2026-05-23T11:37:00.704+0000] {dag.py:3096} INFO - Sync 1 DAGs
[2026-05-23T11:37:00.712+0000] {logging_mixin.py:188} INFO - [2026-05-23T11:37:00.712+0000] {dag.py:3954} INFO - Setting next_dagrun for tutorial_taskflow_api to None, run_after=None
[2026-05-23T11:37:01.241+0000] {processor.py:183} INFO - Processing /home/vscode/.local/lib/python3.11/site-packages/airflow/example_dags/tutorial_taskflow_api.py took 0.563 seconds
[2026-05-23T11:37:46.904+0000] {processor.py:161} INFO - Started process (PID=10381) to work on /home/vscode/.local/lib/python3.11/site-packages/airflow/example_dags/tutorial_taskflow_api.py
[2026-05-23T11:37:46.904+0000] {processor.py:830} INFO - Processing file /home/vscode/.local/lib/python3.11/site-packages/airflow/example_dags/tutorial_taskflow_api.py for tasks to queue
[2026-05-23T11:37:46.905+0000] {logging_mixin.py:188} INFO - [2026-05-23T11:37:46.905+0000] {dagbag.py:545} INFO - Filling up the DagBag from /home/vscode/.local/lib/python3.11/site-packages/airflow/example_dags/tutorial_taskflow_api.py
[2026-05-23T11:37:46.910+0000] {processor.py:840} INFO - DAG(s) 'tutorial_taskflow_api' retrieved from /home/vscode/.local/lib/python3.11/site-packages/airflow/example_dags/tutorial_taskflow_api.py
[2026-05-23T11:37:46.923+0000] {logging_mixin.py:188} INFO - [2026-05-23T11:37:46.923+0000] {dag.py:3096} INFO - Sync 1 DAGs
[2026-05-23T11:37:46.931+0000] {logging_mixin.py:188} INFO - [2026-05-23T11:37:46.931+0000] {dag.py:3954} INFO - Setting next_dagrun for tutorial_taskflow_api to None, run_after=None
[2026-05-23T11:37:46.947+0000] {processor.py:183} INFO - Processing /home/vscode/.local/lib/python3.11/site-packages/airflow/example_dags/tutorial_taskflow_api.py took 0.050 seconds
[2026-05-23T11:38:28.552+0000] {processor.py:161} INFO - Started process (PID=10765) to work on /home/vscode/.local/lib/python3.11/site-packages/airflow/example_dags/tutorial_taskflow_api.py
[2026-05-23T11:38:28.552+0000] {processor.py:830} INFO - Processing file /home/vscode/.local/lib/python3.11/site-packages/airflow/example_dags/tutorial_taskflow_api.py for tasks to queue
[2026-05-23T11:38:28.553+0000] {logging_mixin.py:188} INFO - [2026-05-23T11:38:28.552+0000] {dagbag.py:545} INFO - Filling up the DagBag from /home/vscode/.local/lib/python3.11/site-packages/airflow/example_dags/tutorial_taskflow_api.py
[2026-05-23T11:38:28.557+0000] {processor.py:840} INFO - DAG(s) 'tutorial_taskflow_api' retrieved from /home/vscode/.local/lib/python3.11/site-packages/airflow/example_dags/tutorial_taskflow_api.py
[2026-05-23T11:38:28.568+0000] {logging_mixin.py:188} INFO - [2026-05-23T11:38:28.568+0000] {dag.py:3096} INFO - Sync 1 DAGs
[2026-05-23T11:38:28.578+0000] {logging_mixin.py:188} INFO - [2026-05-23T11:38:28.578+0000] {dag.py:3954} INFO - Setting next_dagrun for tutorial_taskflow_api to None, run_after=None
[2026-05-23T11:38:28.595+0000] {processor.py:183} INFO - Processing /home/vscode/.local/lib/python3.11/site-packages/airflow/example_dags/tutorial_taskflow_api.py took 0.049 seconds
[2026-05-23T11:39:09.672+0000] {processor.py:161} INFO - Started process (PID=11078) to work on /home/vscode/.local/lib/python3.11/site-packages/airflow/example_dags/tutorial_taskflow_api.py
[2026-05-23T11:39:09.672+0000] {processor.py:830} INFO - Processing file /home/vscode/.local/lib/python3.11/site-packages/airflow/example_dags/tutorial_taskflow_api.py for tasks to queue
[2026-05-23T11:39:09.673+0000] {logging_mixin.py:188} INFO - [2026-05-23T11:39:09.673+0000] {dagbag.py:545} INFO - Filling up the DagBag from /home/vscode/.local/lib/python3.11/site-packages/airflow/example_dags/tutorial_taskflow_api.py
[2026-05-23T11:39:09.677+0000] {processor.py:840} INFO - DAG(s) 'tutorial_taskflow_api' retrieved from /home/vscode/.local/lib/python3.11/site-packages/airflow/example_dags/tutorial_taskflow_api.py
[2026-05-23T11:39:09.689+0000] {logging_mixin.py:188} INFO - [2026-05-23T11:39:09.689+0000] {dag.py:3096} INFO - Sync 1 DAGs
[2026-05-23T11:39:09.697+0000] {logging_mixin.py:188} INFO - [2026-05-23T11:39:09.697+0000] {dag.py:3954} INFO - Setting next_dagrun for tutorial_taskflow_api to None, run_after=None
[2026-05-23T11:39:09.713+0000] {processor.py:183} INFO - Processing /home/vscode/.local/lib/python3.11/site-packages/airflow/example_dags/tutorial_taskflow_api.py took 0.047 seconds
[2026-05-23T11:39:53.180+0000] {processor.py:161} INFO - Started process (PID=11469) to work on /home/vscode/.local/lib/python3.11/site-packages/airflow/example_dags/tutorial_taskflow_api.py
[2026-05-23T11:39:53.181+0000] {processor.py:830} INFO - Processing file /home/vscode/.local/lib/python3.11/site-packages/airflow/example_dags/tutorial_taskflow_api.py for tasks to queue
[2026-05-23T11:39:53.182+0000] {logging_mixin.py:188} INFO - [2026-05-23T11:39:53.181+0000] {dagbag.py:545} INFO - Filling up the DagBag from /home/vscode/.local/lib/python3.11/site-packages/airflow/example_dags/tutorial_taskflow_api.py
[2026-05-23T11:39:53.186+0000] {processor.py:840} INFO - DAG(s) 'tutorial_taskflow_api' retrieved from /home/vscode/.local/lib/python3.11/site-packages/airflow/example_dags/tutorial_taskflow_api.py
[2026-05-23T11:39:53.197+0000] {logging_mixin.py:188} INFO - [2026-05-23T11:39:53.197+0000] {dag.py:3096} INFO - Sync 1 DAGs
[2026-05-23T11:39:53.205+0000] {logging_mixin.py:188} INFO - [2026-05-23T11:39:53.205+0000] {dag.py:3954} INFO - Setting next_dagrun for tutorial_taskflow_api to None, run_after=None
[2026-05-23T11:39:53.220+0000] {processor.py:183} INFO - Processing /home/vscode/.local/lib/python3.11/site-packages/airflow/example_dags/tutorial_taskflow_api.py took 0.050 seconds
[2026-05-23T11:40:34.437+0000] {processor.py:161} INFO - Started process (PID=11856) to work on /home/vscode/.local/lib/python3.11/site-packages/airflow/example_dags/tutorial_taskflow_api.py
[2026-05-23T11:40:34.437+0000] {processor.py:830} INFO - Processing file /home/vscode/.local/lib/python3.11/site-packages/airflow/example_dags/tutorial_taskflow_api.py for tasks to queue
[2026-05-23T11:40:34.438+0000] {logging_mixin.py:188} INFO - [2026-05-23T11:40:34.438+0000] {dagbag.py:545} INFO - Filling up the DagBag from /home/vscode/.local/lib/python3.11/site-packages/airflow/example_dags/tutorial_taskflow_api.py
[2026-05-23T11:40:34.442+0000] {processor.py:840} INFO - DAG(s) 'tutorial_taskflow_api' retrieved from /home/vscode/.local/lib/python3.11/site-packages/airflow/example_dags/tutorial_taskflow_api.py
[2026-05-23T11:40:34.453+0000] {logging_mixin.py:188} INFO - [2026-05-23T11:40:34.453+0000] {dag.py:3096} INFO - Sync 1 DAGs
[2026-05-23T11:40:34.461+0000] {logging_mixin.py:188} INFO - [2026-05-23T11:40:34.461+0000] {dag.py:3954} INFO - Setting next_dagrun for tutorial_taskflow_api to None, run_after=None
[2026-05-23T11:40:34.477+0000] {processor.py:183} INFO - Processing /home/vscode/.local/lib/python3.11/site-packages/airflow/example_dags/tutorial_taskflow_api.py took 0.046 seconds
[2026-05-23T11:41:16.086+0000] {processor.py:161} INFO - Started process (PID=12173) to work on /home/vscode/.local/lib/python3.11/site-packages/airflow/example_dags/tutorial_taskflow_api.py
[2026-05-23T11:41:16.093+0000] {processor.py:830} INFO - Processing file /home/vscode/.local/lib/python3.11/site-packages/airflow/example_dags/tutorial_taskflow_api.py for tasks to queue
[2026-05-23T11:41:16.096+0000] {logging_mixin.py:188} INFO - [2026-05-23T11:41:16.096+0000] {dagbag.py:545} INFO - Filling up the DagBag from /home/vscode/.local/lib/python3.11/site-packages/airflow/example_dags/tutorial_taskflow_api.py
[2026-05-23T11:41:16.101+0000] {processor.py:840} INFO - DAG(s) 'tutorial_taskflow_api' retrieved from /home/vscode/.local/lib/python3.11/site-packages/airflow/example_dags/tutorial_taskflow_api.py
[2026-05-23T11:41:16.113+0000] {logging_mixin.py:188} INFO - [2026-05-23T11:41:16.113+0000] {dag.py:3096} INFO - Sync 1 DAGs
[2026-05-23T11:41:16.120+0000] {logging_mixin.py:188} INFO - [2026-05-23T11:41:16.120+0000] {dag.py:3954} INFO - Setting next_dagrun for tutorial_taskflow_api to None, run_after=None
[2026-05-23T11:41:16.137+0000] {processor.py:183} INFO - Processing /home/vscode/.local/lib/python3.11/site-packages/airflow/example_dags/tutorial_taskflow_api.py took 0.071 seconds
[2026-05-23T11:41:59.368+0000] {processor.py:161} INFO - Started process (PID=12631) to work on /home/vscode/.local/lib/python3.11/site-packages/airflow/example_dags/tutorial_taskflow_api.py
[2026-05-23T11:41:59.368+0000] {processor.py:830} INFO - Processing file /home/vscode/.local/lib/python3.11/site-packages/airflow/example_dags/tutorial_taskflow_api.py for tasks to queue
[2026-05-23T11:41:59.369+0000] {logging_mixin.py:188} INFO - [2026-05-23T11:41:59.369+0000] {dagbag.py:545} INFO - Filling up the DagBag from /home/vscode/.local/lib/python3.11/site-packages/airflow/example_dags/tutorial_taskflow_api.py
[2026-05-23T11:41:59.373+0000] {processor.py:840} INFO - DAG(s) 'tutorial_taskflow_api' retrieved from /home/vscode/.local/lib/python3.11/site-packages/airflow/example_dags/tutorial_taskflow_api.py
[2026-05-23T11:41:59.384+0000] {logging_mixin.py:188} INFO - [2026-05-23T11:41:59.384+0000] {dag.py:3096} INFO - Sync 1 DAGs
[2026-05-23T11:41:59.392+0000] {logging_mixin.py:188} INFO - [2026-05-23T11:41:59.392+0000] {dag.py:3954} INFO - Setting next_dagrun for tutorial_taskflow_api to None, run_after=None
[2026-05-23T11:41:59.407+0000] {processor.py:183} INFO - Processing /home/vscode/.local/lib/python3.11/site-packages/airflow/example_dags/tutorial_taskflow_api.py took 0.045 seconds
[2026-05-23T11:42:43.300+0000] {processor.py:161} INFO - Started process (PID=13028) to work on /home/vscode/.local/lib/python3.11/site-packages/airflow/example_dags/tutorial_taskflow_api.py
[2026-05-23T11:42:43.301+0000] {processor.py:830} INFO - Processing file /home/vscode/.local/lib/python3.11/site-packages/airflow/example_dags/tutorial_taskflow_api.py for tasks to queue
[2026-05-23T11:42:43.301+0000] {logging_mixin.py:188} INFO - [2026-05-23T11:42:43.301+0000] {dagbag.py:545} INFO - Filling up the DagBag from /home/vscode/.local/lib/python3.11/site-packages/airflow/example_dags/tutorial_taskflow_api.py
[2026-05-23T11:42:43.306+0000] {processor.py:840} INFO - DAG(s) 'tutorial_taskflow_api' retrieved from /home/vscode/.local/lib/python3.11/site-packages/airflow/example_dags/tutorial_taskflow_api.py
[2026-05-23T11:42:43.316+0000] {logging_mixin.py:188} INFO - [2026-05-23T11:42:43.316+0000] {dag.py:3096} INFO - Sync 1 DAGs
[2026-05-23T11:42:43.324+0000] {logging_mixin.py:188} INFO - [2026-05-23T11:42:43.324+0000] {dag.py:3954} INFO - Setting next_dagrun for tutorial_taskflow_api to None, run_after=None
[2026-05-23T11:42:43.340+0000] {processor.py:183} INFO - Processing /home/vscode/.local/lib/python3.11/site-packages/airflow/example_dags/tutorial_taskflow_api.py took 0.045 seconds
[2026-05-23T11:43:27.286+0000] {processor.py:161} INFO - Started process (PID=13426) to work on /home/vscode/.local/lib/python3.11/site-packages/airflow/example_dags/tutorial_taskflow_api.py
[2026-05-23T11:43:27.287+0000] {processor.py:830} INFO - Processing file /home/vscode/.local/lib/python3.11/site-packages/airflow/example_dags/tutorial_taskflow_api.py for tasks to queue
[2026-05-23T11:43:27.287+0000] {logging_mixin.py:188} INFO - [2026-05-23T11:43:27.287+0000] {dagbag.py:545} INFO - Filling up the DagBag from /home/vscode/.local/lib/python3.11/site-packages/airflow/example_dags/tutorial_taskflow_api.py
[2026-05-23T11:43:27.292+0000] {processor.py:840} INFO - DAG(s) 'tutorial_taskflow_api' retrieved from /home/vscode/.local/lib/python3.11/site-packages/airflow/example_dags/tutorial_taskflow_api.py
[2026-05-23T11:43:27.303+0000] {logging_mixin.py:188} INFO - [2026-05-23T11:43:27.303+0000] {dag.py:3096} INFO - Sync 1 DAGs
[2026-05-23T11:43:27.311+0000] {logging_mixin.py:188} INFO - [2026-05-23T11:43:27.311+0000] {dag.py:3954} INFO - Setting next_dagrun for tutorial_taskflow_api to None, run_after=None
[2026-05-23T11:43:27.326+0000] {processor.py:183} INFO - Processing /home/vscode/.local/lib/python3.11/site-packages/airflow/example_dags/tutorial_taskflow_api.py took 0.046 seconds
[2026-05-23T11:44:11.758+0000] {processor.py:161} INFO - Started process (PID=13775) to work on /home/vscode/.local/lib/python3.11/site-packages/airflow/example_dags/tutorial_taskflow_api.py
[2026-05-23T11:44:11.759+0000] {processor.py:830} INFO - Processing file /home/vscode/.local/lib/python3.11/site-packages/airflow/example_dags/tutorial_taskflow_api.py for tasks to queue
[2026-05-23T11:44:11.759+0000] {logging_mixin.py:188} INFO - [2026-05-23T11:44:11.759+0000] {dagbag.py:545} INFO - Filling up the DagBag from /home/vscode/.local/lib/python3.11/site-packages/airflow/example_dags/tutorial_taskflow_api.py
[2026-05-23T11:44:11.764+0000] {processor.py:840} INFO - DAG(s) 'tutorial_taskflow_api' retrieved from /home/vscode/.local/lib/python3.11/site-packages/airflow/example_dags/tutorial_taskflow_api.py
[2026-05-23T11:44:11.775+0000] {logging_mixin.py:188} INFO - [2026-05-23T11:44:11.774+0000] {dag.py:3096} INFO - Sync 1 DAGs
[2026-05-23T11:44:11.783+0000] {logging_mixin.py:188} INFO - [2026-05-23T11:44:11.783+0000] {dag.py:3954} INFO - Setting next_dagrun for tutorial_taskflow_api to None, run_after=None
[2026-05-23T11:44:11.799+0000] {processor.py:183} INFO - Processing /home/vscode/.local/lib/python3.11/site-packages/airflow/example_dags/tutorial_taskflow_api.py took 0.047 seconds
[2026-05-23T11:44:54.438+0000] {processor.py:161} INFO - Started process (PID=14169) to work on /home/vscode/.local/lib/python3.11/site-packages/airflow/example_dags/tutorial_taskflow_api.py
[2026-05-23T11:44:54.439+0000] {processor.py:830} INFO - Processing file /home/vscode/.local/lib/python3.11/site-packages/airflow/example_dags/tutorial_taskflow_api.py for tasks to queue
[2026-05-23T11:44:54.440+0000] {logging_mixin.py:188} INFO - [2026-05-23T11:44:54.439+0000] {dagbag.py:545} INFO - Filling up the DagBag from /home/vscode/.local/lib/python3.11/site-packages/airflow/example_dags/tutorial_taskflow_api.py
[2026-05-23T11:44:54.446+0000] {processor.py:840} INFO - DAG(s) 'tutorial_taskflow_api' retrieved from /home/vscode/.local/lib/python3.11/site-packages/airflow/example_dags/tutorial_taskflow_api.py
[2026-05-23T11:44:54.461+0000] {logging_mixin.py:188} INFO - [2026-05-23T11:44:54.460+0000] {dag.py:3096} INFO - Sync 1 DAGs
[2026-05-23T11:44:54.469+0000] {logging_mixin.py:188} INFO - [2026-05-23T11:44:54.469+0000] {dag.py:3954} INFO - Setting next_dagrun for tutorial_taskflow_api to None, run_after=None
[2026-05-23T11:44:54.486+0000] {processor.py:183} INFO - Processing /home/vscode/.local/lib/python3.11/site-packages/airflow/example_dags/tutorial_taskflow_api.py took 0.054 seconds
[2026-05-23T11:45:39.381+0000] {processor.py:161} INFO - Started process (PID=14737) to work on /home/vscode/.local/lib/python3.11/site-packages/airflow/example_dags/tutorial_taskflow_api.py
[2026-05-23T11:45:39.381+0000] {processor.py:830} INFO - Processing file /home/vscode/.local/lib/python3.11/site-packages/airflow/example_dags/tutorial_taskflow_api.py for tasks to queue
[2026-05-23T11:45:39.382+0000] {logging_mixin.py:188} INFO - [2026-05-23T11:45:39.382+0000] {dagbag.py:545} INFO - Filling up the DagBag from /home/vscode/.local/lib/python3.11/site-packages/airflow/example_dags/tutorial_taskflow_api.py
[2026-05-23T11:45:39.388+0000] {processor.py:840} INFO - DAG(s) 'tutorial_taskflow_api' retrieved from /home/vscode/.local/lib/python3.11/site-packages/airflow/example_dags/tutorial_taskflow_api.py
[2026-05-23T11:45:39.399+0000] {logging_mixin.py:188} INFO - [2026-05-23T11:45:39.399+0000] {dag.py:3096} INFO - Sync 1 DAGs
[2026-05-23T11:45:39.407+0000] {logging_mixin.py:188} INFO - [2026-05-23T11:45:39.407+0000] {dag.py:3954} INFO - Setting next_dagrun for tutorial_taskflow_api to None, run_after=None
[2026-05-23T11:45:39.422+0000] {processor.py:183} INFO - Processing /home/vscode/.local/lib/python3.11/site-packages/airflow/example_dags/tutorial_taskflow_api.py took 0.049 seconds
[2026-05-23T11:46:18.919+0000] {processor.py:161} INFO - Started process (PID=15092) to work on /home/vscode/.local/lib/python3.11/site-packages/airflow/example_dags/tutorial_taskflow_api.py
[2026-05-23T11:46:18.920+0000] {processor.py:830} INFO - Processing file /home/vscode/.local/lib/python3.11/site-packages/airflow/example_dags/tutorial_taskflow_api.py for tasks to queue
[2026-05-23T11:46:18.920+0000] {logging_mixin.py:188} INFO - [2026-05-23T11:46:18.920+0000] {dagbag.py:545} INFO - Filling up the DagBag from /home/vscode/.local/lib/python3.11/site-packages/airflow/example_dags/tutorial_taskflow_api.py
[2026-05-23T11:46:18.925+0000] {processor.py:840} INFO - DAG(s) 'tutorial_taskflow_api' retrieved from /home/vscode/.local/lib/python3.11/site-packages/airflow/example_dags/tutorial_taskflow_api.py
[2026-05-23T11:46:18.936+0000] {logging_mixin.py:188} INFO - [2026-05-23T11:46:18.936+0000] {dag.py:3096} INFO - Sync 1 DAGs
[2026-05-23T11:46:18.944+0000] {logging_mixin.py:188} INFO - [2026-05-23T11:46:18.944+0000] {dag.py:3954} INFO - Setting next_dagrun for tutorial_taskflow_api to None, run_after=None
[2026-05-23T11:46:18.960+0000] {processor.py:183} INFO - Processing /home/vscode/.local/lib/python3.11/site-packages/airflow/example_dags/tutorial_taskflow_api.py took 0.047 seconds
[2026-05-23T11:46:58.932+0000] {processor.py:161} INFO - Started process (PID=15539) to work on /home/vscode/.local/lib/python3.11/site-packages/airflow/example_dags/tutorial_taskflow_api.py
[2026-05-23T11:46:58.933+0000] {processor.py:830} INFO - Processing file /home/vscode/.local/lib/python3.11/site-packages/airflow/example_dags/tutorial_taskflow_api.py for tasks to queue
[2026-05-23T11:46:58.933+0000] {logging_mixin.py:188} INFO - [2026-05-23T11:46:58.933+0000] {dagbag.py:545} INFO - Filling up the DagBag from /home/vscode/.local/lib/python3.11/site-packages/airflow/example_dags/tutorial_taskflow_api.py
[2026-05-23T11:46:58.938+0000] {processor.py:840} INFO - DAG(s) 'tutorial_taskflow_api' retrieved from /home/vscode/.local/lib/python3.11/site-packages/airflow/example_dags/tutorial_taskflow_api.py
[2026-05-23T11:46:58.949+0000] {logging_mixin.py:188} INFO - [2026-05-23T11:46:58.949+0000] {dag.py:3096} INFO - Sync 1 DAGs
[2026-05-23T11:46:58.961+0000] {logging_mixin.py:188} INFO - [2026-05-23T11:46:58.960+0000] {dag.py:3954} INFO - Setting next_dagrun for tutorial_taskflow_api to None, run_after=None
[2026-05-23T11:46:58.978+0000] {processor.py:183} INFO - Processing /home/vscode/.local/lib/python3.11/site-packages/airflow/example_dags/tutorial_taskflow_api.py took 0.052 seconds
[2026-05-23T11:47:39.833+0000] {processor.py:161} INFO - Started process (PID=15917) to work on /home/vscode/.local/lib/python3.11/site-packages/airflow/example_dags/tutorial_taskflow_api.py
[2026-05-23T11:47:39.833+0000] {processor.py:830} INFO - Processing file /home/vscode/.local/lib/python3.11/site-packages/airflow/example_dags/tutorial_taskflow_api.py for tasks to queue
[2026-05-23T11:47:39.834+0000] {logging_mixin.py:188} INFO - [2026-05-23T11:47:39.834+0000] {dagbag.py:545} INFO - Filling up the DagBag from /home/vscode/.local/lib/python3.11/site-packages/airflow/example_dags/tutorial_taskflow_api.py
[2026-05-23T11:47:39.839+0000] {processor.py:840} INFO - DAG(s) 'tutorial_taskflow_api' retrieved from /home/vscode/.local/lib/python3.11/site-packages/airflow/example_dags/tutorial_taskflow_api.py
[2026-05-23T11:47:39.850+0000] {logging_mixin.py:188} INFO - [2026-05-23T11:47:39.850+0000] {dag.py:3096} INFO - Sync 1 DAGs
[2026-05-23T11:47:39.859+0000] {logging_mixin.py:188} INFO - [2026-05-23T11:47:39.858+0000] {dag.py:3954} INFO - Setting next_dagrun for tutorial_taskflow_api to None, run_after=None
[2026-05-23T11:47:39.874+0000] {processor.py:183} INFO - Processing /home/vscode/.local/lib/python3.11/site-packages/airflow/example_dags/tutorial_taskflow_api.py took 0.047 seconds
[2026-05-23T11:48:23.154+0000] {processor.py:161} INFO - Started process (PID=16314) to work on /home/vscode/.local/lib/python3.11/site-packages/airflow/example_dags/tutorial_taskflow_api.py
[2026-05-23T11:48:23.154+0000] {processor.py:830} INFO - Processing file /home/vscode/.local/lib/python3.11/site-packages/airflow/example_dags/tutorial_taskflow_api.py for tasks to queue
[2026-05-23T11:48:23.155+0000] {logging_mixin.py:188} INFO - [2026-05-23T11:48:23.155+0000] {dagbag.py:545} INFO - Filling up the DagBag from /home/vscode/.local/lib/python3.11/site-packages/airflow/example_dags/tutorial_taskflow_api.py
[2026-05-23T11:48:23.159+0000] {processor.py:840} INFO - DAG(s) 'tutorial_taskflow_api' retrieved from /home/vscode/.local/lib/python3.11/site-packages/airflow/example_dags/tutorial_taskflow_api.py
[2026-05-23T11:48:23.171+0000] {logging_mixin.py:188} INFO - [2026-05-23T11:48:23.171+0000] {dag.py:3096} INFO - Sync 1 DAGs
[2026-05-23T11:48:23.179+0000] {logging_mixin.py:188} INFO - [2026-05-23T11:48:23.179+0000] {dag.py:3954} INFO - Setting next_dagrun for tutorial_taskflow_api to None, run_after=None
[2026-05-23T11:48:23.195+0000] {processor.py:183} INFO - Processing /home/vscode/.local/lib/python3.11/site-packages/airflow/example_dags/tutorial_taskflow_api.py took 0.048 seconds
[2026-05-23T11:49:02.944+0000] {processor.py:161} INFO - Started process (PID=16691) to work on /home/vscode/.local/lib/python3.11/site-packages/airflow/example_dags/tutorial_taskflow_api.py
[2026-05-23T11:49:02.944+0000] {processor.py:830} INFO - Processing file /home/vscode/.local/lib/python3.11/site-packages/airflow/example_dags/tutorial_taskflow_api.py for tasks to queue
[2026-05-23T11:49:02.945+0000] {logging_mixin.py:188} INFO - [2026-05-23T11:49:02.944+0000] {dagbag.py:545} INFO - Filling up the DagBag from /home/vscode/.local/lib/python3.11/site-packages/airflow/example_dags/tutorial_taskflow_api.py
[2026-05-23T11:49:02.949+0000] {processor.py:840} INFO - DAG(s) 'tutorial_taskflow_api' retrieved from /home/vscode/.local/lib/python3.11/site-packages/airflow/example_dags/tutorial_taskflow_api.py
[2026-05-23T11:49:02.960+0000] {logging_mixin.py:188} INFO - [2026-05-23T11:49:02.960+0000] {dag.py:3096} INFO - Sync 1 DAGs
[2026-05-23T11:49:02.968+0000] {logging_mixin.py:188} INFO - [2026-05-23T11:49:02.968+0000] {dag.py:3954} INFO - Setting next_dagrun for tutorial_taskflow_api to None, run_after=None
[2026-05-23T11:49:02.985+0000] {processor.py:183} INFO - Processing /home/vscode/.local/lib/python3.11/site-packages/airflow/example_dags/tutorial_taskflow_api.py took 0.047 seconds
[2026-05-23T11:49:46.354+0000] {processor.py:161} INFO - Started process (PID=17179) to work on /home/vscode/.local/lib/python3.11/site-packages/airflow/example_dags/tutorial_taskflow_api.py
[2026-05-23T11:49:46.355+0000] {processor.py:830} INFO - Processing file /home/vscode/.local/lib/python3.11/site-packages/airflow/example_dags/tutorial_taskflow_api.py for tasks to queue
[2026-05-23T11:49:46.356+0000] {logging_mixin.py:188} INFO - [2026-05-23T11:49:46.355+0000] {dagbag.py:545} INFO - Filling up the DagBag from /home/vscode/.local/lib/python3.11/site-packages/airflow/example_dags/tutorial_taskflow_api.py
[2026-05-23T11:49:46.360+0000] {processor.py:840} INFO - DAG(s) 'tutorial_taskflow_api' retrieved from /home/vscode/.local/lib/python3.11/site-packages/airflow/example_dags/tutorial_taskflow_api.py
[2026-05-23T11:49:46.371+0000] {logging_mixin.py:188} INFO - [2026-05-23T11:49:46.371+0000] {dag.py:3096} INFO - Sync 1 DAGs
[2026-05-23T11:49:46.379+0000] {logging_mixin.py:188} INFO - [2026-05-23T11:49:46.379+0000] {dag.py:3954} INFO - Setting next_dagrun for tutorial_taskflow_api to None, run_after=None
[2026-05-23T11:49:46.395+0000] {processor.py:183} INFO - Processing /home/vscode/.local/lib/python3.11/site-packages/airflow/example_dags/tutorial_taskflow_api.py took 0.046 seconds
[2026-05-23T11:50:29.336+0000] {processor.py:161} INFO - Started process (PID=17890) to work on /home/vscode/.local/lib/python3.11/site-packages/airflow/example_dags/tutorial_taskflow_api.py
[2026-05-23T11:50:29.337+0000] {processor.py:830} INFO - Processing file /home/vscode/.local/lib/python3.11/site-packages/airflow/example_dags/tutorial_taskflow_api.py for tasks to queue
[2026-05-23T11:50:29.337+0000] {logging_mixin.py:188} INFO - [2026-05-23T11:50:29.337+0000] {dagbag.py:545} INFO - Filling up the DagBag from /home/vscode/.local/lib/python3.11/site-packages/airflow/example_dags/tutorial_taskflow_api.py
[2026-05-23T11:50:29.342+0000] {processor.py:840} INFO - DAG(s) 'tutorial_taskflow_api' retrieved from /home/vscode/.local/lib/python3.11/site-packages/airflow/example_dags/tutorial_taskflow_api.py
[2026-05-23T11:50:29.359+0000] {logging_mixin.py:188} INFO - [2026-05-23T11:50:29.359+0000] {dag.py:3096} INFO - Sync 1 DAGs
[2026-05-23T11:50:29.368+0000] {logging_mixin.py:188} INFO - [2026-05-23T11:50:29.367+0000] {dag.py:3954} INFO - Setting next_dagrun for tutorial_taskflow_api to None, run_after=None
[2026-05-23T11:50:29.383+0000] {processor.py:183} INFO - Processing /home/vscode/.local/lib/python3.11/site-packages/airflow/example_dags/tutorial_taskflow_api.py took 0.053 seconds
[2026-05-23T11:51:11.648+0000] {processor.py:161} INFO - Started process (PID=18457) to work on /home/vscode/.local/lib/python3.11/site-packages/airflow/example_dags/tutorial_taskflow_api.py
[2026-05-23T11:51:11.649+0000] {processor.py:830} INFO - Processing file /home/vscode/.local/lib/python3.11/site-packages/airflow/example_dags/tutorial_taskflow_api.py for tasks to queue
[2026-05-23T11:51:11.649+0000] {logging_mixin.py:188} INFO - [2026-05-23T11:51:11.649+0000] {dagbag.py:545} INFO - Filling up the DagBag from /home/vscode/.local/lib/python3.11/site-packages/airflow/example_dags/tutorial_taskflow_api.py
[2026-05-23T11:51:11.654+0000] {processor.py:840} INFO - DAG(s) 'tutorial_taskflow_api' retrieved from /home/vscode/.local/lib/python3.11/site-packages/airflow/example_dags/tutorial_taskflow_api.py
[2026-05-23T11:51:11.665+0000] {logging_mixin.py:188} INFO - [2026-05-23T11:51:11.665+0000] {dag.py:3096} INFO - Sync 1 DAGs
[2026-05-23T11:51:11.674+0000] {logging_mixin.py:188} INFO - [2026-05-23T11:51:11.674+0000] {dag.py:3954} INFO - Setting next_dagrun for tutorial_taskflow_api to None, run_after=None
[2026-05-23T11:51:11.689+0000] {processor.py:183} INFO - Processing /home/vscode/.local/lib/python3.11/site-packages/airflow/example_dags/tutorial_taskflow_api.py took 0.047 seconds
[2026-05-23T11:51:51.085+0000] {processor.py:161} INFO - Started process (PID=18853) to work on /home/vscode/.local/lib/python3.11/site-packages/airflow/example_dags/tutorial_taskflow_api.py
[2026-05-23T11:51:51.085+0000] {processor.py:830} INFO - Processing file /home/vscode/.local/lib/python3.11/site-packages/airflow/example_dags/tutorial_taskflow_api.py for tasks to queue
[2026-05-23T11:51:51.086+0000] {logging_mixin.py:188} INFO - [2026-05-23T11:51:51.086+0000] {dagbag.py:545} INFO - Filling up the DagBag from /home/vscode/.local/lib/python3.11/site-packages/airflow/example_dags/tutorial_taskflow_api.py
[2026-05-23T11:51:51.093+0000] {processor.py:840} INFO - DAG(s) 'tutorial_taskflow_api' retrieved from /home/vscode/.local/lib/python3.11/site-packages/airflow/example_dags/tutorial_taskflow_api.py
[2026-05-23T11:51:51.112+0000] {logging_mixin.py:188} INFO - [2026-05-23T11:51:51.111+0000] {dag.py:3096} INFO - Sync 1 DAGs
[2026-05-23T11:51:51.124+0000] {logging_mixin.py:188} INFO - [2026-05-23T11:51:51.124+0000] {dag.py:3954} INFO - Setting next_dagrun for tutorial_taskflow_api to None, run_after=None
[2026-05-23T11:51:51.150+0000] {processor.py:183} INFO - Processing /home/vscode/.local/lib/python3.11/site-packages/airflow/example_dags/tutorial_taskflow_api.py took 0.091 seconds
[2026-05-23T11:52:33.812+0000] {processor.py:161} INFO - Started process (PID=19251) to work on /home/vscode/.local/lib/python3.11/site-packages/airflow/example_dags/tutorial_taskflow_api.py
[2026-05-23T11:52:33.813+0000] {processor.py:830} INFO - Processing file /home/vscode/.local/lib/python3.11/site-packages/airflow/example_dags/tutorial_taskflow_api.py for tasks to queue
[2026-05-23T11:52:33.813+0000] {logging_mixin.py:188} INFO - [2026-05-23T11:52:33.813+0000] {dagbag.py:545} INFO - Filling up the DagBag from /home/vscode/.local/lib/python3.11/site-packages/airflow/example_dags/tutorial_taskflow_api.py
[2026-05-23T11:52:33.818+0000] {processor.py:840} INFO - DAG(s) 'tutorial_taskflow_api' retrieved from /home/vscode/.local/lib/python3.11/site-packages/airflow/example_dags/tutorial_taskflow_api.py
[2026-05-23T11:52:33.830+0000] {logging_mixin.py:188} INFO - [2026-05-23T11:52:33.830+0000] {dag.py:3096} INFO - Sync 1 DAGs
[2026-05-23T11:52:33.838+0000] {logging_mixin.py:188} INFO - [2026-05-23T11:52:33.838+0000] {dag.py:3954} INFO - Setting next_dagrun for tutorial_taskflow_api to None, run_after=None
[2026-05-23T11:52:33.853+0000] {processor.py:183} INFO - Processing /home/vscode/.local/lib/python3.11/site-packages/airflow/example_dags/tutorial_taskflow_api.py took 0.048 seconds
[2026-05-23T11:53:22.881+0000] {processor.py:161} INFO - Started process (PID=19809) to work on /home/vscode/.local/lib/python3.11/site-packages/airflow/example_dags/tutorial_taskflow_api.py
[2026-05-23T11:53:22.881+0000] {processor.py:830} INFO - Processing file /home/vscode/.local/lib/python3.11/site-packages/airflow/example_dags/tutorial_taskflow_api.py for tasks to queue
[2026-05-23T11:53:22.882+0000] {logging_mixin.py:188} INFO - [2026-05-23T11:53:22.882+0000] {dagbag.py:545} INFO - Filling up the DagBag from /home/vscode/.local/lib/python3.11/site-packages/airflow/example_dags/tutorial_taskflow_api.py
[2026-05-23T11:53:22.886+0000] {processor.py:840} INFO - DAG(s) 'tutorial_taskflow_api' retrieved from /home/vscode/.local/lib/python3.11/site-packages/airflow/example_dags/tutorial_taskflow_api.py
[2026-05-23T11:53:22.897+0000] {logging_mixin.py:188} INFO - [2026-05-23T11:53:22.897+0000] {dag.py:3096} INFO - Sync 1 DAGs
[2026-05-23T11:53:22.905+0000] {logging_mixin.py:188} INFO - [2026-05-23T11:53:22.905+0000] {dag.py:3954} INFO - Setting next_dagrun for tutorial_taskflow_api to None, run_after=None
[2026-05-23T11:53:22.920+0000] {processor.py:183} INFO - Processing /home/vscode/.local/lib/python3.11/site-packages/airflow/example_dags/tutorial_taskflow_api.py took 0.045 seconds
[2026-05-23T11:54:05.830+0000] {processor.py:161} INFO - Started process (PID=20387) to work on /home/vscode/.local/lib/python3.11/site-packages/airflow/example_dags/tutorial_taskflow_api.py
[2026-05-23T11:54:05.831+0000] {processor.py:830} INFO - Processing file /home/vscode/.local/lib/python3.11/site-packages/airflow/example_dags/tutorial_taskflow_api.py for tasks to queue
[2026-05-23T11:54:05.831+0000] {logging_mixin.py:188} INFO - [2026-05-23T11:54:05.831+0000] {dagbag.py:545} INFO - Filling up the DagBag from /home/vscode/.local/lib/python3.11/site-packages/airflow/example_dags/tutorial_taskflow_api.py
[2026-05-23T11:54:05.836+0000] {processor.py:840} INFO - DAG(s) 'tutorial_taskflow_api' retrieved from /home/vscode/.local/lib/python3.11/site-packages/airflow/example_dags/tutorial_taskflow_api.py
[2026-05-23T11:54:05.847+0000] {logging_mixin.py:188} INFO - [2026-05-23T11:54:05.847+0000] {dag.py:3096} INFO - Sync 1 DAGs
[2026-05-23T11:54:05.856+0000] {logging_mixin.py:188} INFO - [2026-05-23T11:54:05.856+0000] {dag.py:3954} INFO - Setting next_dagrun for tutorial_taskflow_api to None, run_after=None
[2026-05-23T11:54:05.871+0000] {processor.py:183} INFO - Processing /home/vscode/.local/lib/python3.11/site-packages/airflow/example_dags/tutorial_taskflow_api.py took 0.047 seconds
[2026-05-23T11:54:51.459+0000] {processor.py:161} INFO - Started process (PID=21045) to work on /home/vscode/.local/lib/python3.11/site-packages/airflow/example_dags/tutorial_taskflow_api.py
[2026-05-23T11:54:51.460+0000] {processor.py:830} INFO - Processing file /home/vscode/.local/lib/python3.11/site-packages/airflow/example_dags/tutorial_taskflow_api.py for tasks to queue
[2026-05-23T11:54:51.463+0000] {logging_mixin.py:188} INFO - [2026-05-23T11:54:51.462+0000] {dagbag.py:545} INFO - Filling up the DagBag from /home/vscode/.local/lib/python3.11/site-packages/airflow/example_dags/tutorial_taskflow_api.py
[2026-05-23T11:54:51.471+0000] {processor.py:840} INFO - DAG(s) 'tutorial_taskflow_api' retrieved from /home/vscode/.local/lib/python3.11/site-packages/airflow/example_dags/tutorial_taskflow_api.py
[2026-05-23T11:54:51.503+0000] {logging_mixin.py:188} INFO - [2026-05-23T11:54:51.503+0000] {dag.py:3096} INFO - Sync 1 DAGs
[2026-05-23T11:54:51.518+0000] {logging_mixin.py:188} INFO - [2026-05-23T11:54:51.517+0000] {dag.py:3954} INFO - Setting next_dagrun for tutorial_taskflow_api to None, run_after=None
[2026-05-23T11:54:51.543+0000] {processor.py:183} INFO - Processing /home/vscode/.local/lib/python3.11/site-packages/airflow/example_dags/tutorial_taskflow_api.py took 0.096 seconds
[2026-05-23T11:55:43.753+0000] {processor.py:161} INFO - Started process (PID=21774) to work on /home/vscode/.local/lib/python3.11/site-packages/airflow/example_dags/tutorial_taskflow_api.py
[2026-05-23T11:55:43.755+0000] {processor.py:830} INFO - Processing file /home/vscode/.local/lib/python3.11/site-packages/airflow/example_dags/tutorial_taskflow_api.py for tasks to queue
[2026-05-23T11:55:43.755+0000] {logging_mixin.py:188} INFO - [2026-05-23T11:55:43.755+0000] {dagbag.py:545} INFO - Filling up the DagBag from /home/vscode/.local/lib/python3.11/site-packages/airflow/example_dags/tutorial_taskflow_api.py
[2026-05-23T11:55:43.762+0000] {processor.py:840} INFO - DAG(s) 'tutorial_taskflow_api' retrieved from /home/vscode/.local/lib/python3.11/site-packages/airflow/example_dags/tutorial_taskflow_api.py
[2026-05-23T11:55:43.779+0000] {logging_mixin.py:188} INFO - [2026-05-23T11:55:43.779+0000] {dag.py:3096} INFO - Sync 1 DAGs
[2026-05-23T11:55:43.791+0000] {logging_mixin.py:188} INFO - [2026-05-23T11:55:43.791+0000] {dag.py:3954} INFO - Setting next_dagrun for tutorial_taskflow_api to None, run_after=None
[2026-05-23T11:55:43.818+0000] {processor.py:183} INFO - Processing /home/vscode/.local/lib/python3.11/site-packages/airflow/example_dags/tutorial_taskflow_api.py took 0.075 seconds
[2026-05-23T11:56:33.090+0000] {processor.py:161} INFO - Started process (PID=22502) to work on /home/vscode/.local/lib/python3.11/site-packages/airflow/example_dags/tutorial_taskflow_api.py
[2026-05-23T11:56:33.091+0000] {processor.py:830} INFO - Processing file /home/vscode/.local/lib/python3.11/site-packages/airflow/example_dags/tutorial_taskflow_api.py for tasks to queue
[2026-05-23T11:56:33.092+0000] {logging_mixin.py:188} INFO - [2026-05-23T11:56:33.091+0000] {dagbag.py:545} INFO - Filling up the DagBag from /home/vscode/.local/lib/python3.11/site-packages/airflow/example_dags/tutorial_taskflow_api.py
[2026-05-23T11:56:33.098+0000] {processor.py:840} INFO - DAG(s) 'tutorial_taskflow_api' retrieved from /home/vscode/.local/lib/python3.11/site-packages/airflow/example_dags/tutorial_taskflow_api.py
[2026-05-23T11:56:33.114+0000] {logging_mixin.py:188} INFO - [2026-05-23T11:56:33.114+0000] {dag.py:3096} INFO - Sync 1 DAGs
[2026-05-23T11:56:33.127+0000] {logging_mixin.py:188} INFO - [2026-05-23T11:56:33.127+0000] {dag.py:3954} INFO - Setting next_dagrun for tutorial_taskflow_api to None, run_after=None
[2026-05-23T11:56:33.151+0000] {processor.py:183} INFO - Processing /home/vscode/.local/lib/python3.11/site-packages/airflow/example_dags/tutorial_taskflow_api.py took 0.084 seconds
[2026-05-23T11:57:22.349+0000] {processor.py:161} INFO - Started process (PID=22889) to work on /home/vscode/.local/lib/python3.11/site-packages/airflow/example_dags/tutorial_taskflow_api.py
[2026-05-23T11:57:22.349+0000] {processor.py:830} INFO - Processing file /home/vscode/.local/lib/python3.11/site-packages/airflow/example_dags/tutorial_taskflow_api.py for tasks to queue
[2026-05-23T11:57:22.350+0000] {logging_mixin.py:188} INFO - [2026-05-23T11:57:22.350+0000] {dagbag.py:545} INFO - Filling up the DagBag from /home/vscode/.local/lib/python3.11/site-packages/airflow/example_dags/tutorial_taskflow_api.py
[2026-05-23T11:57:22.357+0000] {processor.py:840} INFO - DAG(s) 'tutorial_taskflow_api' retrieved from /home/vscode/.local/lib/python3.11/site-packages/airflow/example_dags/tutorial_taskflow_api.py
[2026-05-23T11:57:22.374+0000] {logging_mixin.py:188} INFO - [2026-05-23T11:57:22.374+0000] {dag.py:3096} INFO - Sync 1 DAGs
[2026-05-23T11:57:22.387+0000] {logging_mixin.py:188} INFO - [2026-05-23T11:57:22.387+0000] {dag.py:3954} INFO - Setting next_dagrun for tutorial_taskflow_api to None, run_after=None
[2026-05-23T11:57:22.411+0000] {processor.py:183} INFO - Processing /home/vscode/.local/lib/python3.11/site-packages/airflow/example_dags/tutorial_taskflow_api.py took 0.072 seconds
[2026-05-23T11:58:13.308+0000] {processor.py:161} INFO - Started process (PID=23356) to work on /home/vscode/.local/lib/python3.11/site-packages/airflow/example_dags/tutorial_taskflow_api.py
[2026-05-23T11:58:13.308+0000] {processor.py:830} INFO - Processing file /home/vscode/.local/lib/python3.11/site-packages/airflow/example_dags/tutorial_taskflow_api.py for tasks to queue
[2026-05-23T11:58:13.309+0000] {logging_mixin.py:188} INFO - [2026-05-23T11:58:13.309+0000] {dagbag.py:545} INFO - Filling up the DagBag from /home/vscode/.local/lib/python3.11/site-packages/airflow/example_dags/tutorial_taskflow_api.py
[2026-05-23T11:58:13.315+0000] {processor.py:840} INFO - DAG(s) 'tutorial_taskflow_api' retrieved from /home/vscode/.local/lib/python3.11/site-packages/airflow/example_dags/tutorial_taskflow_api.py
[2026-05-23T11:58:13.333+0000] {logging_mixin.py:188} INFO - [2026-05-23T11:58:13.332+0000] {dag.py:3096} INFO - Sync 1 DAGs
[2026-05-23T11:58:13.345+0000] {logging_mixin.py:188} INFO - [2026-05-23T11:58:13.345+0000] {dag.py:3954} INFO - Setting next_dagrun for tutorial_taskflow_api to None, run_after=None
[2026-05-23T11:58:13.374+0000] {processor.py:183} INFO - Processing /home/vscode/.local/lib/python3.11/site-packages/airflow/example_dags/tutorial_taskflow_api.py took 0.075 seconds
[2026-05-23T12:11:26.689+0000] {processor.py:161} INFO - Started process (PID=32291) to work on /home/vscode/.local/lib/python3.11/site-packages/airflow/example_dags/tutorial_taskflow_api.py
[2026-05-23T12:11:26.692+0000] {processor.py:830} INFO - Processing file /home/vscode/.local/lib/python3.11/site-packages/airflow/example_dags/tutorial_taskflow_api.py for tasks to queue
[2026-05-23T12:11:26.693+0000] {logging_mixin.py:188} INFO - [2026-05-23T12:11:26.692+0000] {dagbag.py:545} INFO - Filling up the DagBag from /home/vscode/.local/lib/python3.11/site-packages/airflow/example_dags/tutorial_taskflow_api.py
[2026-05-23T12:11:26.697+0000] {processor.py:840} INFO - DAG(s) 'tutorial_taskflow_api' retrieved from /home/vscode/.local/lib/python3.11/site-packages/airflow/example_dags/tutorial_taskflow_api.py
[2026-05-23T12:11:26.765+0000] {logging_mixin.py:188} INFO - [2026-05-23T12:11:26.765+0000] {dag.py:3096} INFO - Sync 1 DAGs
[2026-05-23T12:11:26.773+0000] {logging_mixin.py:188} INFO - [2026-05-23T12:11:26.772+0000] {dag.py:3954} INFO - Setting next_dagrun for tutorial_taskflow_api to None, run_after=None
[2026-05-23T12:11:26.791+0000] {processor.py:183} INFO - Processing /home/vscode/.local/lib/python3.11/site-packages/airflow/example_dags/tutorial_taskflow_api.py took 0.109 seconds
