[2026-05-23T11:26:26.507+0000] {processor.py:161} INFO - Started process (PID=2914) to work on /home/vscode/.local/lib/python3.11/site-packages/airflow/example_dags/tutorial_taskflow_api_virtualenv.py
[2026-05-23T11:26:26.508+0000] {processor.py:830} INFO - Processing file /home/vscode/.local/lib/python3.11/site-packages/airflow/example_dags/tutorial_taskflow_api_virtualenv.py for tasks to queue
[2026-05-23T11:26:26.508+0000] {logging_mixin.py:188} INFO - [2026-05-23T11:26:26.508+0000] {dagbag.py:545} INFO - Filling up the DagBag from /home/vscode/.local/lib/python3.11/site-packages/airflow/example_dags/tutorial_taskflow_api_virtualenv.py
[2026-05-23T11:26:26.516+0000] {processor.py:840} INFO - DAG(s) 'tutorial_taskflow_api_virtualenv' retrieved from /home/vscode/.local/lib/python3.11/site-packages/airflow/example_dags/tutorial_taskflow_api_virtualenv.py
[2026-05-23T11:26:26.521+0000] {logging_mixin.py:188} INFO - [2026-05-23T11:26:26.521+0000] {dag.py:3096} INFO - Sync 1 DAGs
[2026-05-23T11:26:26.530+0000] {logging_mixin.py:188} INFO - [2026-05-23T11:26:26.529+0000] {dag.py:3954} INFO - Setting next_dagrun for tutorial_taskflow_api_virtualenv to None, run_after=None
[2026-05-23T11:26:26.544+0000] {processor.py:183} INFO - Processing /home/vscode/.local/lib/python3.11/site-packages/airflow/example_dags/tutorial_taskflow_api_virtualenv.py took 0.044 seconds
[2026-05-23T11:27:20.453+0000] {processor.py:161} INFO - Started process (PID=3605) to work on /home/vscode/.local/lib/python3.11/site-packages/airflow/example_dags/tutorial_taskflow_api_virtualenv.py
[2026-05-23T11:27:20.453+0000] {processor.py:830} INFO - Processing file /home/vscode/.local/lib/python3.11/site-packages/airflow/example_dags/tutorial_taskflow_api_virtualenv.py for tasks to queue
[2026-05-23T11:27:20.454+0000] {logging_mixin.py:188} INFO - [2026-05-23T11:27:20.454+0000] {dagbag.py:545} INFO - Filling up the DagBag from /home/vscode/.local/lib/python3.11/site-packages/airflow/example_dags/tutorial_taskflow_api_virtualenv.py
[2026-05-23T11:27:20.461+0000] {processor.py:840} INFO - DAG(s) 'tutorial_taskflow_api_virtualenv' retrieved from /home/vscode/.local/lib/python3.11/site-packages/airflow/example_dags/tutorial_taskflow_api_virtualenv.py
[2026-05-23T11:27:20.620+0000] {logging_mixin.py:188} INFO - [2026-05-23T11:27:20.620+0000] {dag.py:3096} INFO - Sync 1 DAGs
[2026-05-23T11:27:20.627+0000] {logging_mixin.py:188} INFO - [2026-05-23T11:27:20.627+0000] {dag.py:3954} INFO - Setting next_dagrun for tutorial_taskflow_api_virtualenv to None, run_after=None
[2026-05-23T11:27:20.641+0000] {processor.py:183} INFO - Processing /home/vscode/.local/lib/python3.11/site-packages/airflow/example_dags/tutorial_taskflow_api_virtualenv.py took 0.195 seconds
[2026-05-23T11:28:16.890+0000] {processor.py:161} INFO - Started process (PID=4264) to work on /home/vscode/.local/lib/python3.11/site-packages/airflow/example_dags/tutorial_taskflow_api_virtualenv.py
[2026-05-23T11:28:16.891+0000] {processor.py:830} INFO - Processing file /home/vscode/.local/lib/python3.11/site-packages/airflow/example_dags/tutorial_taskflow_api_virtualenv.py for tasks to queue
[2026-05-23T11:28:16.892+0000] {logging_mixin.py:188} INFO - [2026-05-23T11:28:16.891+0000] {dagbag.py:545} INFO - Filling up the DagBag from /home/vscode/.local/lib/python3.11/site-packages/airflow/example_dags/tutorial_taskflow_api_virtualenv.py
[2026-05-23T11:28:16.899+0000] {processor.py:840} INFO - DAG(s) 'tutorial_taskflow_api_virtualenv' retrieved from /home/vscode/.local/lib/python3.11/site-packages/airflow/example_dags/tutorial_taskflow_api_virtualenv.py
[2026-05-23T11:28:16.910+0000] {logging_mixin.py:188} INFO - [2026-05-23T11:28:16.910+0000] {dag.py:3096} INFO - Sync 1 DAGs
[2026-05-23T11:28:16.918+0000] {logging_mixin.py:188} INFO - [2026-05-23T11:28:16.918+0000] {dag.py:3954} INFO - Setting next_dagrun for tutorial_taskflow_api_virtualenv to None, run_after=None
[2026-05-23T11:28:16.934+0000] {processor.py:183} INFO - Processing /home/vscode/.local/lib/python3.11/site-packages/airflow/example_dags/tutorial_taskflow_api_virtualenv.py took 0.050 seconds
[2026-05-23T11:29:01.034+0000] {processor.py:161} INFO - Started process (PID=4670) to work on /home/vscode/.local/lib/python3.11/site-packages/airflow/example_dags/tutorial_taskflow_api_virtualenv.py
[2026-05-23T11:29:01.035+0000] {processor.py:830} INFO - Processing file /home/vscode/.local/lib/python3.11/site-packages/airflow/example_dags/tutorial_taskflow_api_virtualenv.py for tasks to queue
[2026-05-23T11:29:01.035+0000] {logging_mixin.py:188} INFO - [2026-05-23T11:29:01.035+0000] {dagbag.py:545} INFO - Filling up the DagBag from /home/vscode/.local/lib/python3.11/site-packages/airflow/example_dags/tutorial_taskflow_api_virtualenv.py
[2026-05-23T11:29:01.043+0000] {processor.py:840} INFO - DAG(s) 'tutorial_taskflow_api_virtualenv' retrieved from /home/vscode/.local/lib/python3.11/site-packages/airflow/example_dags/tutorial_taskflow_api_virtualenv.py
[2026-05-23T11:29:01.054+0000] {logging_mixin.py:188} INFO - [2026-05-23T11:29:01.054+0000] {dag.py:3096} INFO - Sync 1 DAGs
[2026-05-23T11:29:01.062+0000] {logging_mixin.py:188} INFO - [2026-05-23T11:29:01.061+0000] {dag.py:3954} INFO - Setting next_dagrun for tutorial_taskflow_api_virtualenv to None, run_after=None
[2026-05-23T11:29:01.077+0000] {processor.py:183} INFO - Processing /home/vscode/.local/lib/python3.11/site-packages/airflow/example_dags/tutorial_taskflow_api_virtualenv.py took 0.049 seconds
[2026-05-23T11:29:42.892+0000] {processor.py:161} INFO - Started process (PID=5065) to work on /home/vscode/.local/lib/python3.11/site-packages/airflow/example_dags/tutorial_taskflow_api_virtualenv.py
[2026-05-23T11:29:42.892+0000] {processor.py:830} INFO - Processing file /home/vscode/.local/lib/python3.11/site-packages/airflow/example_dags/tutorial_taskflow_api_virtualenv.py for tasks to queue
[2026-05-23T11:29:42.893+0000] {logging_mixin.py:188} INFO - [2026-05-23T11:29:42.893+0000] {dagbag.py:545} INFO - Filling up the DagBag from /home/vscode/.local/lib/python3.11/site-packages/airflow/example_dags/tutorial_taskflow_api_virtualenv.py
[2026-05-23T11:29:42.900+0000] {processor.py:840} INFO - DAG(s) 'tutorial_taskflow_api_virtualenv' retrieved from /home/vscode/.local/lib/python3.11/site-packages/airflow/example_dags/tutorial_taskflow_api_virtualenv.py
[2026-05-23T11:29:42.911+0000] {logging_mixin.py:188} INFO - [2026-05-23T11:29:42.911+0000] {dag.py:3096} INFO - Sync 1 DAGs
[2026-05-23T11:29:42.919+0000] {logging_mixin.py:188} INFO - [2026-05-23T11:29:42.919+0000] {dag.py:3954} INFO - Setting next_dagrun for tutorial_taskflow_api_virtualenv to None, run_after=None
[2026-05-23T11:29:42.933+0000] {processor.py:183} INFO - Processing /home/vscode/.local/lib/python3.11/site-packages/airflow/example_dags/tutorial_taskflow_api_virtualenv.py took 0.048 seconds
[2026-05-23T11:30:25.683+0000] {processor.py:161} INFO - Started process (PID=5525) to work on /home/vscode/.local/lib/python3.11/site-packages/airflow/example_dags/tutorial_taskflow_api_virtualenv.py
[2026-05-23T11:30:25.683+0000] {processor.py:830} INFO - Processing file /home/vscode/.local/lib/python3.11/site-packages/airflow/example_dags/tutorial_taskflow_api_virtualenv.py for tasks to queue
[2026-05-23T11:30:25.684+0000] {logging_mixin.py:188} INFO - [2026-05-23T11:30:25.683+0000] {dagbag.py:545} INFO - Filling up the DagBag from /home/vscode/.local/lib/python3.11/site-packages/airflow/example_dags/tutorial_taskflow_api_virtualenv.py
[2026-05-23T11:30:25.691+0000] {processor.py:840} INFO - DAG(s) 'tutorial_taskflow_api_virtualenv' retrieved from /home/vscode/.local/lib/python3.11/site-packages/airflow/example_dags/tutorial_taskflow_api_virtualenv.py
[2026-05-23T11:30:25.702+0000] {logging_mixin.py:188} INFO - [2026-05-23T11:30:25.702+0000] {dag.py:3096} INFO - Sync 1 DAGs
[2026-05-23T11:30:25.710+0000] {logging_mixin.py:188} INFO - [2026-05-23T11:30:25.710+0000] {dag.py:3954} INFO - Setting next_dagrun for tutorial_taskflow_api_virtualenv to None, run_after=None
[2026-05-23T11:30:25.725+0000] {processor.py:183} INFO - Processing /home/vscode/.local/lib/python3.11/site-packages/airflow/example_dags/tutorial_taskflow_api_virtualenv.py took 0.049 seconds
[2026-05-23T11:31:05.500+0000] {processor.py:161} INFO - Started process (PID=5847) to work on /home/vscode/.local/lib/python3.11/site-packages/airflow/example_dags/tutorial_taskflow_api_virtualenv.py
[2026-05-23T11:31:05.501+0000] {processor.py:830} INFO - Processing file /home/vscode/.local/lib/python3.11/site-packages/airflow/example_dags/tutorial_taskflow_api_virtualenv.py for tasks to queue
[2026-05-23T11:31:05.501+0000] {logging_mixin.py:188} INFO - [2026-05-23T11:31:05.501+0000] {dagbag.py:545} INFO - Filling up the DagBag from /home/vscode/.local/lib/python3.11/site-packages/airflow/example_dags/tutorial_taskflow_api_virtualenv.py
[2026-05-23T11:31:05.508+0000] {processor.py:840} INFO - DAG(s) 'tutorial_taskflow_api_virtualenv' retrieved from /home/vscode/.local/lib/python3.11/site-packages/airflow/example_dags/tutorial_taskflow_api_virtualenv.py
[2026-05-23T11:31:05.520+0000] {logging_mixin.py:188} INFO - [2026-05-23T11:31:05.519+0000] {dag.py:3096} INFO - Sync 1 DAGs
[2026-05-23T11:31:05.527+0000] {logging_mixin.py:188} INFO - [2026-05-23T11:31:05.527+0000] {dag.py:3954} INFO - Setting next_dagrun for tutorial_taskflow_api_virtualenv to None, run_after=None
[2026-05-23T11:31:05.542+0000] {processor.py:183} INFO - Processing /home/vscode/.local/lib/python3.11/site-packages/airflow/example_dags/tutorial_taskflow_api_virtualenv.py took 0.048 seconds
[2026-05-23T11:31:48.833+0000] {processor.py:161} INFO - Started process (PID=6279) to work on /home/vscode/.local/lib/python3.11/site-packages/airflow/example_dags/tutorial_taskflow_api_virtualenv.py
[2026-05-23T11:31:48.833+0000] {processor.py:830} INFO - Processing file /home/vscode/.local/lib/python3.11/site-packages/airflow/example_dags/tutorial_taskflow_api_virtualenv.py for tasks to queue
[2026-05-23T11:31:48.834+0000] {logging_mixin.py:188} INFO - [2026-05-23T11:31:48.833+0000] {dagbag.py:545} INFO - Filling up the DagBag from /home/vscode/.local/lib/python3.11/site-packages/airflow/example_dags/tutorial_taskflow_api_virtualenv.py
[2026-05-23T11:31:48.841+0000] {processor.py:840} INFO - DAG(s) 'tutorial_taskflow_api_virtualenv' retrieved from /home/vscode/.local/lib/python3.11/site-packages/airflow/example_dags/tutorial_taskflow_api_virtualenv.py
[2026-05-23T11:31:48.853+0000] {logging_mixin.py:188} INFO - [2026-05-23T11:31:48.853+0000] {dag.py:3096} INFO - Sync 1 DAGs
[2026-05-23T11:31:48.861+0000] {logging_mixin.py:188} INFO - [2026-05-23T11:31:48.861+0000] {dag.py:3954} INFO - Setting next_dagrun for tutorial_taskflow_api_virtualenv to None, run_after=None
[2026-05-23T11:31:48.876+0000] {processor.py:183} INFO - Processing /home/vscode/.local/lib/python3.11/site-packages/airflow/example_dags/tutorial_taskflow_api_virtualenv.py took 0.049 seconds
[2026-05-23T11:32:30.909+0000] {processor.py:161} INFO - Started process (PID=6682) to work on /home/vscode/.local/lib/python3.11/site-packages/airflow/example_dags/tutorial_taskflow_api_virtualenv.py
[2026-05-23T11:32:30.909+0000] {processor.py:830} INFO - Processing file /home/vscode/.local/lib/python3.11/site-packages/airflow/example_dags/tutorial_taskflow_api_virtualenv.py for tasks to queue
[2026-05-23T11:32:30.910+0000] {logging_mixin.py:188} INFO - [2026-05-23T11:32:30.910+0000] {dagbag.py:545} INFO - Filling up the DagBag from /home/vscode/.local/lib/python3.11/site-packages/airflow/example_dags/tutorial_taskflow_api_virtualenv.py
[2026-05-23T11:32:30.917+0000] {processor.py:840} INFO - DAG(s) 'tutorial_taskflow_api_virtualenv' retrieved from /home/vscode/.local/lib/python3.11/site-packages/airflow/example_dags/tutorial_taskflow_api_virtualenv.py
[2026-05-23T11:32:30.928+0000] {logging_mixin.py:188} INFO - [2026-05-23T11:32:30.928+0000] {dag.py:3096} INFO - Sync 1 DAGs
[2026-05-23T11:32:30.936+0000] {logging_mixin.py:188} INFO - [2026-05-23T11:32:30.936+0000] {dag.py:3954} INFO - Setting next_dagrun for tutorial_taskflow_api_virtualenv to None, run_after=None
[2026-05-23T11:32:30.950+0000] {processor.py:183} INFO - Processing /home/vscode/.local/lib/python3.11/site-packages/airflow/example_dags/tutorial_taskflow_api_virtualenv.py took 0.048 seconds
[2026-05-23T11:33:13.080+0000] {processor.py:161} INFO - Started process (PID=8151) to work on /home/vscode/.local/lib/python3.11/site-packages/airflow/example_dags/tutorial_taskflow_api_virtualenv.py
[2026-05-23T11:33:13.082+0000] {processor.py:830} INFO - Processing file /home/vscode/.local/lib/python3.11/site-packages/airflow/example_dags/tutorial_taskflow_api_virtualenv.py for tasks to queue
[2026-05-23T11:33:13.084+0000] {logging_mixin.py:188} INFO - [2026-05-23T11:33:13.084+0000] {dagbag.py:545} INFO - Filling up the DagBag from /home/vscode/.local/lib/python3.11/site-packages/airflow/example_dags/tutorial_taskflow_api_virtualenv.py
[2026-05-23T11:33:13.115+0000] {processor.py:840} INFO - DAG(s) 'tutorial_taskflow_api_virtualenv' retrieved from /home/vscode/.local/lib/python3.11/site-packages/airflow/example_dags/tutorial_taskflow_api_virtualenv.py
[2026-05-23T11:33:13.132+0000] {logging_mixin.py:188} INFO - [2026-05-23T11:33:13.132+0000] {dag.py:3096} INFO - Sync 1 DAGs
[2026-05-23T11:33:13.144+0000] {logging_mixin.py:188} INFO - [2026-05-23T11:33:13.144+0000] {dag.py:3954} INFO - Setting next_dagrun for tutorial_taskflow_api_virtualenv to None, run_after=None
[2026-05-23T11:33:13.166+0000] {processor.py:183} INFO - Processing /home/vscode/.local/lib/python3.11/site-packages/airflow/example_dags/tutorial_taskflow_api_virtualenv.py took 0.101 seconds
[2026-05-23T11:34:03.412+0000] {processor.py:161} INFO - Started process (PID=8519) to work on /home/vscode/.local/lib/python3.11/site-packages/airflow/example_dags/tutorial_taskflow_api_virtualenv.py
[2026-05-23T11:34:03.413+0000] {processor.py:830} INFO - Processing file /home/vscode/.local/lib/python3.11/site-packages/airflow/example_dags/tutorial_taskflow_api_virtualenv.py for tasks to queue
[2026-05-23T11:34:03.413+0000] {logging_mixin.py:188} INFO - [2026-05-23T11:34:03.413+0000] {dagbag.py:545} INFO - Filling up the DagBag from /home/vscode/.local/lib/python3.11/site-packages/airflow/example_dags/tutorial_taskflow_api_virtualenv.py
[2026-05-23T11:34:03.420+0000] {processor.py:840} INFO - DAG(s) 'tutorial_taskflow_api_virtualenv' retrieved from /home/vscode/.local/lib/python3.11/site-packages/airflow/example_dags/tutorial_taskflow_api_virtualenv.py
[2026-05-23T11:34:03.434+0000] {logging_mixin.py:188} INFO - [2026-05-23T11:34:03.434+0000] {dag.py:3096} INFO - Sync 1 DAGs
[2026-05-23T11:34:03.443+0000] {logging_mixin.py:188} INFO - [2026-05-23T11:34:03.443+0000] {dag.py:3954} INFO - Setting next_dagrun for tutorial_taskflow_api_virtualenv to None, run_after=None
[2026-05-23T11:34:03.458+0000] {processor.py:183} INFO - Processing /home/vscode/.local/lib/python3.11/site-packages/airflow/example_dags/tutorial_taskflow_api_virtualenv.py took 0.052 seconds
[2026-05-23T11:34:46.997+0000] {processor.py:161} INFO - Started process (PID=8851) to work on /home/vscode/.local/lib/python3.11/site-packages/airflow/example_dags/tutorial_taskflow_api_virtualenv.py
[2026-05-23T11:34:46.997+0000] {processor.py:830} INFO - Processing file /home/vscode/.local/lib/python3.11/site-packages/airflow/example_dags/tutorial_taskflow_api_virtualenv.py for tasks to queue
[2026-05-23T11:34:46.998+0000] {logging_mixin.py:188} INFO - [2026-05-23T11:34:46.998+0000] {dagbag.py:545} INFO - Filling up the DagBag from /home/vscode/.local/lib/python3.11/site-packages/airflow/example_dags/tutorial_taskflow_api_virtualenv.py
[2026-05-23T11:34:47.006+0000] {processor.py:840} INFO - DAG(s) 'tutorial_taskflow_api_virtualenv' retrieved from /home/vscode/.local/lib/python3.11/site-packages/airflow/example_dags/tutorial_taskflow_api_virtualenv.py
[2026-05-23T11:34:47.016+0000] {logging_mixin.py:188} INFO - [2026-05-23T11:34:47.016+0000] {dag.py:3096} INFO - Sync 1 DAGs
[2026-05-23T11:34:47.026+0000] {logging_mixin.py:188} INFO - [2026-05-23T11:34:47.025+0000] {dag.py:3954} INFO - Setting next_dagrun for tutorial_taskflow_api_virtualenv to None, run_after=None
[2026-05-23T11:34:47.042+0000] {processor.py:183} INFO - Processing /home/vscode/.local/lib/python3.11/site-packages/airflow/example_dags/tutorial_taskflow_api_virtualenv.py took 0.052 seconds
[2026-05-23T11:35:32.230+0000] {processor.py:161} INFO - Started process (PID=9205) to work on /home/vscode/.local/lib/python3.11/site-packages/airflow/example_dags/tutorial_taskflow_api_virtualenv.py
[2026-05-23T11:35:32.230+0000] {processor.py:830} INFO - Processing file /home/vscode/.local/lib/python3.11/site-packages/airflow/example_dags/tutorial_taskflow_api_virtualenv.py for tasks to queue
[2026-05-23T11:35:32.231+0000] {logging_mixin.py:188} INFO - [2026-05-23T11:35:32.231+0000] {dagbag.py:545} INFO - Filling up the DagBag from /home/vscode/.local/lib/python3.11/site-packages/airflow/example_dags/tutorial_taskflow_api_virtualenv.py
[2026-05-23T11:35:32.238+0000] {processor.py:840} INFO - DAG(s) 'tutorial_taskflow_api_virtualenv' retrieved from /home/vscode/.local/lib/python3.11/site-packages/airflow/example_dags/tutorial_taskflow_api_virtualenv.py
[2026-05-23T11:35:32.249+0000] {logging_mixin.py:188} INFO - [2026-05-23T11:35:32.249+0000] {dag.py:3096} INFO - Sync 1 DAGs
[2026-05-23T11:35:32.257+0000] {logging_mixin.py:188} INFO - [2026-05-23T11:35:32.257+0000] {dag.py:3954} INFO - Setting next_dagrun for tutorial_taskflow_api_virtualenv to None, run_after=None
[2026-05-23T11:35:32.276+0000] {processor.py:183} INFO - Processing /home/vscode/.local/lib/python3.11/site-packages/airflow/example_dags/tutorial_taskflow_api_virtualenv.py took 0.052 seconds
[2026-05-23T11:36:13.982+0000] {processor.py:161} INFO - Started process (PID=9508) to work on /home/vscode/.local/lib/python3.11/site-packages/airflow/example_dags/tutorial_taskflow_api_virtualenv.py
[2026-05-23T11:36:13.983+0000] {processor.py:830} INFO - Processing file /home/vscode/.local/lib/python3.11/site-packages/airflow/example_dags/tutorial_taskflow_api_virtualenv.py for tasks to queue
[2026-05-23T11:36:13.983+0000] {logging_mixin.py:188} INFO - [2026-05-23T11:36:13.983+0000] {dagbag.py:545} INFO - Filling up the DagBag from /home/vscode/.local/lib/python3.11/site-packages/airflow/example_dags/tutorial_taskflow_api_virtualenv.py
[2026-05-23T11:36:13.991+0000] {processor.py:840} INFO - DAG(s) 'tutorial_taskflow_api_virtualenv' retrieved from /home/vscode/.local/lib/python3.11/site-packages/airflow/example_dags/tutorial_taskflow_api_virtualenv.py
[2026-05-23T11:36:14.002+0000] {logging_mixin.py:188} INFO - [2026-05-23T11:36:14.002+0000] {dag.py:3096} INFO - Sync 1 DAGs
[2026-05-23T11:36:14.011+0000] {logging_mixin.py:188} INFO - [2026-05-23T11:36:14.011+0000] {dag.py:3954} INFO - Setting next_dagrun for tutorial_taskflow_api_virtualenv to None, run_after=None
[2026-05-23T11:36:14.026+0000] {processor.py:183} INFO - Processing /home/vscode/.local/lib/python3.11/site-packages/airflow/example_dags/tutorial_taskflow_api_virtualenv.py took 0.050 seconds
[2026-05-23T11:36:57.571+0000] {processor.py:161} INFO - Started process (PID=9961) to work on /home/vscode/.local/lib/python3.11/site-packages/airflow/example_dags/tutorial_taskflow_api_virtualenv.py
[2026-05-23T11:36:57.571+0000] {processor.py:830} INFO - Processing file /home/vscode/.local/lib/python3.11/site-packages/airflow/example_dags/tutorial_taskflow_api_virtualenv.py for tasks to queue
[2026-05-23T11:36:57.572+0000] {logging_mixin.py:188} INFO - [2026-05-23T11:36:57.572+0000] {dagbag.py:545} INFO - Filling up the DagBag from /home/vscode/.local/lib/python3.11/site-packages/airflow/example_dags/tutorial_taskflow_api_virtualenv.py
[2026-05-23T11:36:57.580+0000] {processor.py:840} INFO - DAG(s) 'tutorial_taskflow_api_virtualenv' retrieved from /home/vscode/.local/lib/python3.11/site-packages/airflow/example_dags/tutorial_taskflow_api_virtualenv.py
[2026-05-23T11:36:57.591+0000] {logging_mixin.py:188} INFO - [2026-05-23T11:36:57.591+0000] {dag.py:3096} INFO - Sync 1 DAGs
[2026-05-23T11:36:57.600+0000] {logging_mixin.py:188} INFO - [2026-05-23T11:36:57.600+0000] {dag.py:3954} INFO - Setting next_dagrun for tutorial_taskflow_api_virtualenv to None, run_after=None
[2026-05-23T11:36:57.616+0000] {processor.py:183} INFO - Processing /home/vscode/.local/lib/python3.11/site-packages/airflow/example_dags/tutorial_taskflow_api_virtualenv.py took 0.051 seconds
[2026-05-23T11:37:43.519+0000] {processor.py:161} INFO - Started process (PID=10357) to work on /home/vscode/.local/lib/python3.11/site-packages/airflow/example_dags/tutorial_taskflow_api_virtualenv.py
[2026-05-23T11:37:43.519+0000] {processor.py:830} INFO - Processing file /home/vscode/.local/lib/python3.11/site-packages/airflow/example_dags/tutorial_taskflow_api_virtualenv.py for tasks to queue
[2026-05-23T11:37:43.521+0000] {logging_mixin.py:188} INFO - [2026-05-23T11:37:43.520+0000] {dagbag.py:545} INFO - Filling up the DagBag from /home/vscode/.local/lib/python3.11/site-packages/airflow/example_dags/tutorial_taskflow_api_virtualenv.py
[2026-05-23T11:37:43.533+0000] {processor.py:840} INFO - DAG(s) 'tutorial_taskflow_api_virtualenv' retrieved from /home/vscode/.local/lib/python3.11/site-packages/airflow/example_dags/tutorial_taskflow_api_virtualenv.py
[2026-05-23T11:37:43.552+0000] {logging_mixin.py:188} INFO - [2026-05-23T11:37:43.552+0000] {dag.py:3096} INFO - Sync 1 DAGs
[2026-05-23T11:37:43.560+0000] {logging_mixin.py:188} INFO - [2026-05-23T11:37:43.560+0000] {dag.py:3954} INFO - Setting next_dagrun for tutorial_taskflow_api_virtualenv to None, run_after=None
[2026-05-23T11:37:43.575+0000] {processor.py:183} INFO - Processing /home/vscode/.local/lib/python3.11/site-packages/airflow/example_dags/tutorial_taskflow_api_virtualenv.py took 0.065 seconds
[2026-05-23T11:38:26.815+0000] {processor.py:161} INFO - Started process (PID=10748) to work on /home/vscode/.local/lib/python3.11/site-packages/airflow/example_dags/tutorial_taskflow_api_virtualenv.py
[2026-05-23T11:38:26.815+0000] {processor.py:830} INFO - Processing file /home/vscode/.local/lib/python3.11/site-packages/airflow/example_dags/tutorial_taskflow_api_virtualenv.py for tasks to queue
[2026-05-23T11:38:26.816+0000] {logging_mixin.py:188} INFO - [2026-05-23T11:38:26.816+0000] {dagbag.py:545} INFO - Filling up the DagBag from /home/vscode/.local/lib/python3.11/site-packages/airflow/example_dags/tutorial_taskflow_api_virtualenv.py
[2026-05-23T11:38:26.824+0000] {processor.py:840} INFO - DAG(s) 'tutorial_taskflow_api_virtualenv' retrieved from /home/vscode/.local/lib/python3.11/site-packages/airflow/example_dags/tutorial_taskflow_api_virtualenv.py
[2026-05-23T11:38:26.835+0000] {logging_mixin.py:188} INFO - [2026-05-23T11:38:26.835+0000] {dag.py:3096} INFO - Sync 1 DAGs
[2026-05-23T11:38:26.843+0000] {logging_mixin.py:188} INFO - [2026-05-23T11:38:26.843+0000] {dag.py:3954} INFO - Setting next_dagrun for tutorial_taskflow_api_virtualenv to None, run_after=None
[2026-05-23T11:38:26.858+0000] {processor.py:183} INFO - Processing /home/vscode/.local/lib/python3.11/site-packages/airflow/example_dags/tutorial_taskflow_api_virtualenv.py took 0.049 seconds
[2026-05-23T11:39:06.801+0000] {processor.py:161} INFO - Started process (PID=11066) to work on /home/vscode/.local/lib/python3.11/site-packages/airflow/example_dags/tutorial_taskflow_api_virtualenv.py
[2026-05-23T11:39:06.802+0000] {processor.py:830} INFO - Processing file /home/vscode/.local/lib/python3.11/site-packages/airflow/example_dags/tutorial_taskflow_api_virtualenv.py for tasks to queue
[2026-05-23T11:39:06.803+0000] {logging_mixin.py:188} INFO - [2026-05-23T11:39:06.802+0000] {dagbag.py:545} INFO - Filling up the DagBag from /home/vscode/.local/lib/python3.11/site-packages/airflow/example_dags/tutorial_taskflow_api_virtualenv.py
[2026-05-23T11:39:06.810+0000] {processor.py:840} INFO - DAG(s) 'tutorial_taskflow_api_virtualenv' retrieved from /home/vscode/.local/lib/python3.11/site-packages/airflow/example_dags/tutorial_taskflow_api_virtualenv.py
[2026-05-23T11:39:06.822+0000] {logging_mixin.py:188} INFO - [2026-05-23T11:39:06.822+0000] {dag.py:3096} INFO - Sync 1 DAGs
[2026-05-23T11:39:06.830+0000] {logging_mixin.py:188} INFO - [2026-05-23T11:39:06.830+0000] {dag.py:3954} INFO - Setting next_dagrun for tutorial_taskflow_api_virtualenv to None, run_after=None
[2026-05-23T11:39:06.845+0000] {processor.py:183} INFO - Processing /home/vscode/.local/lib/python3.11/site-packages/airflow/example_dags/tutorial_taskflow_api_virtualenv.py took 0.050 seconds
[2026-05-23T11:39:50.393+0000] {processor.py:161} INFO - Started process (PID=11451) to work on /home/vscode/.local/lib/python3.11/site-packages/airflow/example_dags/tutorial_taskflow_api_virtualenv.py
[2026-05-23T11:39:50.394+0000] {processor.py:830} INFO - Processing file /home/vscode/.local/lib/python3.11/site-packages/airflow/example_dags/tutorial_taskflow_api_virtualenv.py for tasks to queue
[2026-05-23T11:39:50.395+0000] {logging_mixin.py:188} INFO - [2026-05-23T11:39:50.394+0000] {dagbag.py:545} INFO - Filling up the DagBag from /home/vscode/.local/lib/python3.11/site-packages/airflow/example_dags/tutorial_taskflow_api_virtualenv.py
[2026-05-23T11:39:50.405+0000] {processor.py:840} INFO - DAG(s) 'tutorial_taskflow_api_virtualenv' retrieved from /home/vscode/.local/lib/python3.11/site-packages/airflow/example_dags/tutorial_taskflow_api_virtualenv.py
[2026-05-23T11:39:50.416+0000] {logging_mixin.py:188} INFO - [2026-05-23T11:39:50.416+0000] {dag.py:3096} INFO - Sync 1 DAGs
[2026-05-23T11:39:50.424+0000] {logging_mixin.py:188} INFO - [2026-05-23T11:39:50.424+0000] {dag.py:3954} INFO - Setting next_dagrun for tutorial_taskflow_api_virtualenv to None, run_after=None
[2026-05-23T11:39:50.440+0000] {processor.py:183} INFO - Processing /home/vscode/.local/lib/python3.11/site-packages/airflow/example_dags/tutorial_taskflow_api_virtualenv.py took 0.057 seconds
[2026-05-23T11:40:31.480+0000] {processor.py:161} INFO - Started process (PID=11832) to work on /home/vscode/.local/lib/python3.11/site-packages/airflow/example_dags/tutorial_taskflow_api_virtualenv.py
[2026-05-23T11:40:31.481+0000] {processor.py:830} INFO - Processing file /home/vscode/.local/lib/python3.11/site-packages/airflow/example_dags/tutorial_taskflow_api_virtualenv.py for tasks to queue
[2026-05-23T11:40:31.482+0000] {logging_mixin.py:188} INFO - [2026-05-23T11:40:31.481+0000] {dagbag.py:545} INFO - Filling up the DagBag from /home/vscode/.local/lib/python3.11/site-packages/airflow/example_dags/tutorial_taskflow_api_virtualenv.py
[2026-05-23T11:40:31.489+0000] {processor.py:840} INFO - DAG(s) 'tutorial_taskflow_api_virtualenv' retrieved from /home/vscode/.local/lib/python3.11/site-packages/airflow/example_dags/tutorial_taskflow_api_virtualenv.py
[2026-05-23T11:40:31.500+0000] {logging_mixin.py:188} INFO - [2026-05-23T11:40:31.500+0000] {dag.py:3096} INFO - Sync 1 DAGs
[2026-05-23T11:40:31.508+0000] {logging_mixin.py:188} INFO - [2026-05-23T11:40:31.508+0000] {dag.py:3954} INFO - Setting next_dagrun for tutorial_taskflow_api_virtualenv to None, run_after=None
[2026-05-23T11:40:31.523+0000] {processor.py:183} INFO - Processing /home/vscode/.local/lib/python3.11/site-packages/airflow/example_dags/tutorial_taskflow_api_virtualenv.py took 0.049 seconds
[2026-05-23T11:41:13.273+0000] {processor.py:161} INFO - Started process (PID=12158) to work on /home/vscode/.local/lib/python3.11/site-packages/airflow/example_dags/tutorial_taskflow_api_virtualenv.py
[2026-05-23T11:41:13.274+0000] {processor.py:830} INFO - Processing file /home/vscode/.local/lib/python3.11/site-packages/airflow/example_dags/tutorial_taskflow_api_virtualenv.py for tasks to queue
[2026-05-23T11:41:13.275+0000] {logging_mixin.py:188} INFO - [2026-05-23T11:41:13.274+0000] {dagbag.py:545} INFO - Filling up the DagBag from /home/vscode/.local/lib/python3.11/site-packages/airflow/example_dags/tutorial_taskflow_api_virtualenv.py
[2026-05-23T11:41:13.282+0000] {processor.py:840} INFO - DAG(s) 'tutorial_taskflow_api_virtualenv' retrieved from /home/vscode/.local/lib/python3.11/site-packages/airflow/example_dags/tutorial_taskflow_api_virtualenv.py
[2026-05-23T11:41:13.296+0000] {logging_mixin.py:188} INFO - [2026-05-23T11:41:13.296+0000] {dag.py:3096} INFO - Sync 1 DAGs
[2026-05-23T11:41:13.304+0000] {logging_mixin.py:188} INFO - [2026-05-23T11:41:13.304+0000] {dag.py:3954} INFO - Setting next_dagrun for tutorial_taskflow_api_virtualenv to None, run_after=None
[2026-05-23T11:41:13.319+0000] {processor.py:183} INFO - Processing /home/vscode/.local/lib/python3.11/site-packages/airflow/example_dags/tutorial_taskflow_api_virtualenv.py took 0.051 seconds
[2026-05-23T11:41:56.768+0000] {processor.py:161} INFO - Started process (PID=12613) to work on /home/vscode/.local/lib/python3.11/site-packages/airflow/example_dags/tutorial_taskflow_api_virtualenv.py
[2026-05-23T11:41:56.769+0000] {processor.py:830} INFO - Processing file /home/vscode/.local/lib/python3.11/site-packages/airflow/example_dags/tutorial_taskflow_api_virtualenv.py for tasks to queue
[2026-05-23T11:41:56.770+0000] {logging_mixin.py:188} INFO - [2026-05-23T11:41:56.769+0000] {dagbag.py:545} INFO - Filling up the DagBag from /home/vscode/.local/lib/python3.11/site-packages/airflow/example_dags/tutorial_taskflow_api_virtualenv.py
[2026-05-23T11:41:56.777+0000] {processor.py:840} INFO - DAG(s) 'tutorial_taskflow_api_virtualenv' retrieved from /home/vscode/.local/lib/python3.11/site-packages/airflow/example_dags/tutorial_taskflow_api_virtualenv.py
[2026-05-23T11:41:56.788+0000] {logging_mixin.py:188} INFO - [2026-05-23T11:41:56.788+0000] {dag.py:3096} INFO - Sync 1 DAGs
[2026-05-23T11:41:56.798+0000] {logging_mixin.py:188} INFO - [2026-05-23T11:41:56.798+0000] {dag.py:3954} INFO - Setting next_dagrun for tutorial_taskflow_api_virtualenv to None, run_after=None
[2026-05-23T11:41:56.814+0000] {processor.py:183} INFO - Processing /home/vscode/.local/lib/python3.11/site-packages/airflow/example_dags/tutorial_taskflow_api_virtualenv.py took 0.052 seconds
[2026-05-23T11:42:40.427+0000] {processor.py:161} INFO - Started process (PID=13015) to work on /home/vscode/.local/lib/python3.11/site-packages/airflow/example_dags/tutorial_taskflow_api_virtualenv.py
[2026-05-23T11:42:40.427+0000] {processor.py:830} INFO - Processing file /home/vscode/.local/lib/python3.11/site-packages/airflow/example_dags/tutorial_taskflow_api_virtualenv.py for tasks to queue
[2026-05-23T11:42:40.428+0000] {logging_mixin.py:188} INFO - [2026-05-23T11:42:40.428+0000] {dagbag.py:545} INFO - Filling up the DagBag from /home/vscode/.local/lib/python3.11/site-packages/airflow/example_dags/tutorial_taskflow_api_virtualenv.py
[2026-05-23T11:42:40.447+0000] {processor.py:840} INFO - DAG(s) 'tutorial_taskflow_api_virtualenv' retrieved from /home/vscode/.local/lib/python3.11/site-packages/airflow/example_dags/tutorial_taskflow_api_virtualenv.py
[2026-05-23T11:42:40.467+0000] {logging_mixin.py:188} INFO - [2026-05-23T11:42:40.467+0000] {dag.py:3096} INFO - Sync 1 DAGs
[2026-05-23T11:42:40.477+0000] {logging_mixin.py:188} INFO - [2026-05-23T11:42:40.476+0000] {dag.py:3954} INFO - Setting next_dagrun for tutorial_taskflow_api_virtualenv to None, run_after=None
[2026-05-23T11:42:40.492+0000] {processor.py:183} INFO - Processing /home/vscode/.local/lib/python3.11/site-packages/airflow/example_dags/tutorial_taskflow_api_virtualenv.py took 0.075 seconds
[2026-05-23T11:43:23.986+0000] {processor.py:161} INFO - Started process (PID=13413) to work on /home/vscode/.local/lib/python3.11/site-packages/airflow/example_dags/tutorial_taskflow_api_virtualenv.py
[2026-05-23T11:43:23.987+0000] {processor.py:830} INFO - Processing file /home/vscode/.local/lib/python3.11/site-packages/airflow/example_dags/tutorial_taskflow_api_virtualenv.py for tasks to queue
[2026-05-23T11:43:23.988+0000] {logging_mixin.py:188} INFO - [2026-05-23T11:43:23.987+0000] {dagbag.py:545} INFO - Filling up the DagBag from /home/vscode/.local/lib/python3.11/site-packages/airflow/example_dags/tutorial_taskflow_api_virtualenv.py
[2026-05-23T11:43:23.996+0000] {processor.py:840} INFO - DAG(s) 'tutorial_taskflow_api_virtualenv' retrieved from /home/vscode/.local/lib/python3.11/site-packages/airflow/example_dags/tutorial_taskflow_api_virtualenv.py
[2026-05-23T11:43:24.007+0000] {logging_mixin.py:188} INFO - [2026-05-23T11:43:24.007+0000] {dag.py:3096} INFO - Sync 1 DAGs
[2026-05-23T11:43:24.016+0000] {logging_mixin.py:188} INFO - [2026-05-23T11:43:24.016+0000] {dag.py:3954} INFO - Setting next_dagrun for tutorial_taskflow_api_virtualenv to None, run_after=None
[2026-05-23T11:43:24.032+0000] {processor.py:183} INFO - Processing /home/vscode/.local/lib/python3.11/site-packages/airflow/example_dags/tutorial_taskflow_api_virtualenv.py took 0.051 seconds
[2026-05-23T11:44:08.255+0000] {processor.py:161} INFO - Started process (PID=13757) to work on /home/vscode/.local/lib/python3.11/site-packages/airflow/example_dags/tutorial_taskflow_api_virtualenv.py
[2026-05-23T11:44:08.255+0000] {processor.py:830} INFO - Processing file /home/vscode/.local/lib/python3.11/site-packages/airflow/example_dags/tutorial_taskflow_api_virtualenv.py for tasks to queue
[2026-05-23T11:44:08.256+0000] {logging_mixin.py:188} INFO - [2026-05-23T11:44:08.256+0000] {dagbag.py:545} INFO - Filling up the DagBag from /home/vscode/.local/lib/python3.11/site-packages/airflow/example_dags/tutorial_taskflow_api_virtualenv.py
[2026-05-23T11:44:08.266+0000] {processor.py:840} INFO - DAG(s) 'tutorial_taskflow_api_virtualenv' retrieved from /home/vscode/.local/lib/python3.11/site-packages/airflow/example_dags/tutorial_taskflow_api_virtualenv.py
[2026-05-23T11:44:08.312+0000] {logging_mixin.py:188} INFO - [2026-05-23T11:44:08.311+0000] {dag.py:3096} INFO - Sync 1 DAGs
[2026-05-23T11:44:08.327+0000] {logging_mixin.py:188} INFO - [2026-05-23T11:44:08.327+0000] {dag.py:3954} INFO - Setting next_dagrun for tutorial_taskflow_api_virtualenv to None, run_after=None
[2026-05-23T11:44:08.355+0000] {processor.py:183} INFO - Processing /home/vscode/.local/lib/python3.11/site-packages/airflow/example_dags/tutorial_taskflow_api_virtualenv.py took 0.106 seconds
[2026-05-23T11:44:51.568+0000] {processor.py:161} INFO - Started process (PID=14157) to work on /home/vscode/.local/lib/python3.11/site-packages/airflow/example_dags/tutorial_taskflow_api_virtualenv.py
[2026-05-23T11:44:51.568+0000] {processor.py:830} INFO - Processing file /home/vscode/.local/lib/python3.11/site-packages/airflow/example_dags/tutorial_taskflow_api_virtualenv.py for tasks to queue
[2026-05-23T11:44:51.569+0000] {logging_mixin.py:188} INFO - [2026-05-23T11:44:51.568+0000] {dagbag.py:545} INFO - Filling up the DagBag from /home/vscode/.local/lib/python3.11/site-packages/airflow/example_dags/tutorial_taskflow_api_virtualenv.py
[2026-05-23T11:44:51.576+0000] {processor.py:840} INFO - DAG(s) 'tutorial_taskflow_api_virtualenv' retrieved from /home/vscode/.local/lib/python3.11/site-packages/airflow/example_dags/tutorial_taskflow_api_virtualenv.py
[2026-05-23T11:44:51.588+0000] {logging_mixin.py:188} INFO - [2026-05-23T11:44:51.588+0000] {dag.py:3096} INFO - Sync 1 DAGs
[2026-05-23T11:44:51.597+0000] {logging_mixin.py:188} INFO - [2026-05-23T11:44:51.597+0000] {dag.py:3954} INFO - Setting next_dagrun for tutorial_taskflow_api_virtualenv to None, run_after=None
[2026-05-23T11:44:51.613+0000] {processor.py:183} INFO - Processing /home/vscode/.local/lib/python3.11/site-packages/airflow/example_dags/tutorial_taskflow_api_virtualenv.py took 0.051 seconds
[2026-05-23T11:45:35.987+0000] {processor.py:161} INFO - Started process (PID=14687) to work on /home/vscode/.local/lib/python3.11/site-packages/airflow/example_dags/tutorial_taskflow_api_virtualenv.py
[2026-05-23T11:45:35.989+0000] {processor.py:830} INFO - Processing file /home/vscode/.local/lib/python3.11/site-packages/airflow/example_dags/tutorial_taskflow_api_virtualenv.py for tasks to queue
[2026-05-23T11:45:35.990+0000] {logging_mixin.py:188} INFO - [2026-05-23T11:45:35.990+0000] {dagbag.py:545} INFO - Filling up the DagBag from /home/vscode/.local/lib/python3.11/site-packages/airflow/example_dags/tutorial_taskflow_api_virtualenv.py
[2026-05-23T11:45:36.019+0000] {processor.py:840} INFO - DAG(s) 'tutorial_taskflow_api_virtualenv' retrieved from /home/vscode/.local/lib/python3.11/site-packages/airflow/example_dags/tutorial_taskflow_api_virtualenv.py
[2026-05-23T11:45:36.030+0000] {logging_mixin.py:188} INFO - [2026-05-23T11:45:36.030+0000] {dag.py:3096} INFO - Sync 1 DAGs
[2026-05-23T11:45:36.038+0000] {logging_mixin.py:188} INFO - [2026-05-23T11:45:36.038+0000] {dag.py:3954} INFO - Setting next_dagrun for tutorial_taskflow_api_virtualenv to None, run_after=None
[2026-05-23T11:45:36.053+0000] {processor.py:183} INFO - Processing /home/vscode/.local/lib/python3.11/site-packages/airflow/example_dags/tutorial_taskflow_api_virtualenv.py took 0.074 seconds
[2026-05-23T11:46:16.516+0000] {processor.py:161} INFO - Started process (PID=15075) to work on /home/vscode/.local/lib/python3.11/site-packages/airflow/example_dags/tutorial_taskflow_api_virtualenv.py
[2026-05-23T11:46:16.516+0000] {processor.py:830} INFO - Processing file /home/vscode/.local/lib/python3.11/site-packages/airflow/example_dags/tutorial_taskflow_api_virtualenv.py for tasks to queue
[2026-05-23T11:46:16.517+0000] {logging_mixin.py:188} INFO - [2026-05-23T11:46:16.516+0000] {dagbag.py:545} INFO - Filling up the DagBag from /home/vscode/.local/lib/python3.11/site-packages/airflow/example_dags/tutorial_taskflow_api_virtualenv.py
[2026-05-23T11:46:16.526+0000] {processor.py:840} INFO - DAG(s) 'tutorial_taskflow_api_virtualenv' retrieved from /home/vscode/.local/lib/python3.11/site-packages/airflow/example_dags/tutorial_taskflow_api_virtualenv.py
[2026-05-23T11:46:16.537+0000] {logging_mixin.py:188} INFO - [2026-05-23T11:46:16.537+0000] {dag.py:3096} INFO - Sync 1 DAGs
[2026-05-23T11:46:16.545+0000] {logging_mixin.py:188} INFO - [2026-05-23T11:46:16.545+0000] {dag.py:3954} INFO - Setting next_dagrun for tutorial_taskflow_api_virtualenv to None, run_after=None
[2026-05-23T11:46:16.560+0000] {processor.py:183} INFO - Processing /home/vscode/.local/lib/python3.11/site-packages/airflow/example_dags/tutorial_taskflow_api_virtualenv.py took 0.050 seconds
[2026-05-23T11:46:56.020+0000] {processor.py:161} INFO - Started process (PID=15508) to work on /home/vscode/.local/lib/python3.11/site-packages/airflow/example_dags/tutorial_taskflow_api_virtualenv.py
[2026-05-23T11:46:56.021+0000] {processor.py:830} INFO - Processing file /home/vscode/.local/lib/python3.11/site-packages/airflow/example_dags/tutorial_taskflow_api_virtualenv.py for tasks to queue
[2026-05-23T11:46:56.022+0000] {logging_mixin.py:188} INFO - [2026-05-23T11:46:56.021+0000] {dagbag.py:545} INFO - Filling up the DagBag from /home/vscode/.local/lib/python3.11/site-packages/airflow/example_dags/tutorial_taskflow_api_virtualenv.py
[2026-05-23T11:46:56.029+0000] {processor.py:840} INFO - DAG(s) 'tutorial_taskflow_api_virtualenv' retrieved from /home/vscode/.local/lib/python3.11/site-packages/airflow/example_dags/tutorial_taskflow_api_virtualenv.py
[2026-05-23T11:46:56.040+0000] {logging_mixin.py:188} INFO - [2026-05-23T11:46:56.040+0000] {dag.py:3096} INFO - Sync 1 DAGs
[2026-05-23T11:46:56.048+0000] {logging_mixin.py:188} INFO - [2026-05-23T11:46:56.048+0000] {dag.py:3954} INFO - Setting next_dagrun for tutorial_taskflow_api_virtualenv to None, run_after=None
[2026-05-23T11:46:56.063+0000] {processor.py:183} INFO - Processing /home/vscode/.local/lib/python3.11/site-packages/airflow/example_dags/tutorial_taskflow_api_virtualenv.py took 0.049 seconds
[2026-05-23T11:47:37.081+0000] {processor.py:161} INFO - Started process (PID=15899) to work on /home/vscode/.local/lib/python3.11/site-packages/airflow/example_dags/tutorial_taskflow_api_virtualenv.py
[2026-05-23T11:47:37.081+0000] {processor.py:830} INFO - Processing file /home/vscode/.local/lib/python3.11/site-packages/airflow/example_dags/tutorial_taskflow_api_virtualenv.py for tasks to queue
[2026-05-23T11:47:37.082+0000] {logging_mixin.py:188} INFO - [2026-05-23T11:47:37.082+0000] {dagbag.py:545} INFO - Filling up the DagBag from /home/vscode/.local/lib/python3.11/site-packages/airflow/example_dags/tutorial_taskflow_api_virtualenv.py
[2026-05-23T11:47:37.089+0000] {processor.py:840} INFO - DAG(s) 'tutorial_taskflow_api_virtualenv' retrieved from /home/vscode/.local/lib/python3.11/site-packages/airflow/example_dags/tutorial_taskflow_api_virtualenv.py
[2026-05-23T11:47:37.101+0000] {logging_mixin.py:188} INFO - [2026-05-23T11:47:37.100+0000] {dag.py:3096} INFO - Sync 1 DAGs
[2026-05-23T11:47:37.109+0000] {logging_mixin.py:188} INFO - [2026-05-23T11:47:37.109+0000] {dag.py:3954} INFO - Setting next_dagrun for tutorial_taskflow_api_virtualenv to None, run_after=None
[2026-05-23T11:47:37.124+0000] {processor.py:183} INFO - Processing /home/vscode/.local/lib/python3.11/site-packages/airflow/example_dags/tutorial_taskflow_api_virtualenv.py took 0.049 seconds
[2026-05-23T11:48:20.596+0000] {processor.py:161} INFO - Started process (PID=16242) to work on /home/vscode/.local/lib/python3.11/site-packages/airflow/example_dags/tutorial_taskflow_api_virtualenv.py
[2026-05-23T11:48:20.596+0000] {processor.py:830} INFO - Processing file /home/vscode/.local/lib/python3.11/site-packages/airflow/example_dags/tutorial_taskflow_api_virtualenv.py for tasks to queue
[2026-05-23T11:48:20.597+0000] {logging_mixin.py:188} INFO - [2026-05-23T11:48:20.596+0000] {dagbag.py:545} INFO - Filling up the DagBag from /home/vscode/.local/lib/python3.11/site-packages/airflow/example_dags/tutorial_taskflow_api_virtualenv.py
[2026-05-23T11:48:20.604+0000] {processor.py:840} INFO - DAG(s) 'tutorial_taskflow_api_virtualenv' retrieved from /home/vscode/.local/lib/python3.11/site-packages/airflow/example_dags/tutorial_taskflow_api_virtualenv.py
[2026-05-23T11:48:20.615+0000] {logging_mixin.py:188} INFO - [2026-05-23T11:48:20.615+0000] {dag.py:3096} INFO - Sync 1 DAGs
[2026-05-23T11:48:20.623+0000] {logging_mixin.py:188} INFO - [2026-05-23T11:48:20.623+0000] {dag.py:3954} INFO - Setting next_dagrun for tutorial_taskflow_api_virtualenv to None, run_after=None
[2026-05-23T11:48:20.638+0000] {processor.py:183} INFO - Processing /home/vscode/.local/lib/python3.11/site-packages/airflow/example_dags/tutorial_taskflow_api_virtualenv.py took 0.048 seconds
[2026-05-23T11:48:59.768+0000] {processor.py:161} INFO - Started process (PID=16678) to work on /home/vscode/.local/lib/python3.11/site-packages/airflow/example_dags/tutorial_taskflow_api_virtualenv.py
[2026-05-23T11:48:59.769+0000] {processor.py:830} INFO - Processing file /home/vscode/.local/lib/python3.11/site-packages/airflow/example_dags/tutorial_taskflow_api_virtualenv.py for tasks to queue
[2026-05-23T11:48:59.770+0000] {logging_mixin.py:188} INFO - [2026-05-23T11:48:59.769+0000] {dagbag.py:545} INFO - Filling up the DagBag from /home/vscode/.local/lib/python3.11/site-packages/airflow/example_dags/tutorial_taskflow_api_virtualenv.py
[2026-05-23T11:48:59.777+0000] {processor.py:840} INFO - DAG(s) 'tutorial_taskflow_api_virtualenv' retrieved from /home/vscode/.local/lib/python3.11/site-packages/airflow/example_dags/tutorial_taskflow_api_virtualenv.py
[2026-05-23T11:48:59.788+0000] {logging_mixin.py:188} INFO - [2026-05-23T11:48:59.788+0000] {dag.py:3096} INFO - Sync 1 DAGs
[2026-05-23T11:48:59.797+0000] {logging_mixin.py:188} INFO - [2026-05-23T11:48:59.797+0000] {dag.py:3954} INFO - Setting next_dagrun for tutorial_taskflow_api_virtualenv to None, run_after=None
[2026-05-23T11:48:59.813+0000] {processor.py:183} INFO - Processing /home/vscode/.local/lib/python3.11/site-packages/airflow/example_dags/tutorial_taskflow_api_virtualenv.py took 0.051 seconds
[2026-05-23T11:49:42.953+0000] {processor.py:161} INFO - Started process (PID=17135) to work on /home/vscode/.local/lib/python3.11/site-packages/airflow/example_dags/tutorial_taskflow_api_virtualenv.py
[2026-05-23T11:49:42.953+0000] {processor.py:830} INFO - Processing file /home/vscode/.local/lib/python3.11/site-packages/airflow/example_dags/tutorial_taskflow_api_virtualenv.py for tasks to queue
[2026-05-23T11:49:42.954+0000] {logging_mixin.py:188} INFO - [2026-05-23T11:49:42.954+0000] {dagbag.py:545} INFO - Filling up the DagBag from /home/vscode/.local/lib/python3.11/site-packages/airflow/example_dags/tutorial_taskflow_api_virtualenv.py
[2026-05-23T11:49:42.962+0000] {processor.py:840} INFO - DAG(s) 'tutorial_taskflow_api_virtualenv' retrieved from /home/vscode/.local/lib/python3.11/site-packages/airflow/example_dags/tutorial_taskflow_api_virtualenv.py
[2026-05-23T11:49:42.973+0000] {logging_mixin.py:188} INFO - [2026-05-23T11:49:42.973+0000] {dag.py:3096} INFO - Sync 1 DAGs
[2026-05-23T11:49:42.982+0000] {logging_mixin.py:188} INFO - [2026-05-23T11:49:42.982+0000] {dag.py:3954} INFO - Setting next_dagrun for tutorial_taskflow_api_virtualenv to None, run_after=None
[2026-05-23T11:49:42.999+0000] {processor.py:183} INFO - Processing /home/vscode/.local/lib/python3.11/site-packages/airflow/example_dags/tutorial_taskflow_api_virtualenv.py took 0.052 seconds
[2026-05-23T11:50:26.460+0000] {processor.py:161} INFO - Started process (PID=17853) to work on /home/vscode/.local/lib/python3.11/site-packages/airflow/example_dags/tutorial_taskflow_api_virtualenv.py
[2026-05-23T11:50:26.460+0000] {processor.py:830} INFO - Processing file /home/vscode/.local/lib/python3.11/site-packages/airflow/example_dags/tutorial_taskflow_api_virtualenv.py for tasks to queue
[2026-05-23T11:50:26.461+0000] {logging_mixin.py:188} INFO - [2026-05-23T11:50:26.461+0000] {dagbag.py:545} INFO - Filling up the DagBag from /home/vscode/.local/lib/python3.11/site-packages/airflow/example_dags/tutorial_taskflow_api_virtualenv.py
[2026-05-23T11:50:26.469+0000] {processor.py:840} INFO - DAG(s) 'tutorial_taskflow_api_virtualenv' retrieved from /home/vscode/.local/lib/python3.11/site-packages/airflow/example_dags/tutorial_taskflow_api_virtualenv.py
[2026-05-23T11:50:26.481+0000] {logging_mixin.py:188} INFO - [2026-05-23T11:50:26.481+0000] {dag.py:3096} INFO - Sync 1 DAGs
[2026-05-23T11:50:26.490+0000] {logging_mixin.py:188} INFO - [2026-05-23T11:50:26.490+0000] {dag.py:3954} INFO - Setting next_dagrun for tutorial_taskflow_api_virtualenv to None, run_after=None
[2026-05-23T11:50:26.507+0000] {processor.py:183} INFO - Processing /home/vscode/.local/lib/python3.11/site-packages/airflow/example_dags/tutorial_taskflow_api_virtualenv.py took 0.054 seconds
[2026-05-23T11:51:08.854+0000] {processor.py:161} INFO - Started process (PID=18429) to work on /home/vscode/.local/lib/python3.11/site-packages/airflow/example_dags/tutorial_taskflow_api_virtualenv.py
[2026-05-23T11:51:08.855+0000] {processor.py:830} INFO - Processing file /home/vscode/.local/lib/python3.11/site-packages/airflow/example_dags/tutorial_taskflow_api_virtualenv.py for tasks to queue
[2026-05-23T11:51:08.856+0000] {logging_mixin.py:188} INFO - [2026-05-23T11:51:08.855+0000] {dagbag.py:545} INFO - Filling up the DagBag from /home/vscode/.local/lib/python3.11/site-packages/airflow/example_dags/tutorial_taskflow_api_virtualenv.py
[2026-05-23T11:51:08.863+0000] {processor.py:840} INFO - DAG(s) 'tutorial_taskflow_api_virtualenv' retrieved from /home/vscode/.local/lib/python3.11/site-packages/airflow/example_dags/tutorial_taskflow_api_virtualenv.py
[2026-05-23T11:51:08.874+0000] {logging_mixin.py:188} INFO - [2026-05-23T11:51:08.874+0000] {dag.py:3096} INFO - Sync 1 DAGs
[2026-05-23T11:51:08.883+0000] {logging_mixin.py:188} INFO - [2026-05-23T11:51:08.883+0000] {dag.py:3954} INFO - Setting next_dagrun for tutorial_taskflow_api_virtualenv to None, run_after=None
[2026-05-23T11:51:08.898+0000] {processor.py:183} INFO - Processing /home/vscode/.local/lib/python3.11/site-packages/airflow/example_dags/tutorial_taskflow_api_virtualenv.py took 0.052 seconds
[2026-05-23T11:51:48.887+0000] {processor.py:161} INFO - Started process (PID=18838) to work on /home/vscode/.local/lib/python3.11/site-packages/airflow/example_dags/tutorial_taskflow_api_virtualenv.py
[2026-05-23T11:51:48.887+0000] {processor.py:830} INFO - Processing file /home/vscode/.local/lib/python3.11/site-packages/airflow/example_dags/tutorial_taskflow_api_virtualenv.py for tasks to queue
[2026-05-23T11:51:48.888+0000] {logging_mixin.py:188} INFO - [2026-05-23T11:51:48.888+0000] {dagbag.py:545} INFO - Filling up the DagBag from /home/vscode/.local/lib/python3.11/site-packages/airflow/example_dags/tutorial_taskflow_api_virtualenv.py
[2026-05-23T11:51:48.910+0000] {processor.py:840} INFO - DAG(s) 'tutorial_taskflow_api_virtualenv' retrieved from /home/vscode/.local/lib/python3.11/site-packages/airflow/example_dags/tutorial_taskflow_api_virtualenv.py
[2026-05-23T11:51:48.922+0000] {logging_mixin.py:188} INFO - [2026-05-23T11:51:48.921+0000] {dag.py:3096} INFO - Sync 1 DAGs
[2026-05-23T11:51:48.930+0000] {logging_mixin.py:188} INFO - [2026-05-23T11:51:48.930+0000] {dag.py:3954} INFO - Setting next_dagrun for tutorial_taskflow_api_virtualenv to None, run_after=None
[2026-05-23T11:51:48.944+0000] {processor.py:183} INFO - Processing /home/vscode/.local/lib/python3.11/site-packages/airflow/example_dags/tutorial_taskflow_api_virtualenv.py took 0.066 seconds
[2026-05-23T11:52:30.969+0000] {processor.py:161} INFO - Started process (PID=19227) to work on /home/vscode/.local/lib/python3.11/site-packages/airflow/example_dags/tutorial_taskflow_api_virtualenv.py
[2026-05-23T11:52:30.969+0000] {processor.py:830} INFO - Processing file /home/vscode/.local/lib/python3.11/site-packages/airflow/example_dags/tutorial_taskflow_api_virtualenv.py for tasks to queue
[2026-05-23T11:52:30.970+0000] {logging_mixin.py:188} INFO - [2026-05-23T11:52:30.970+0000] {dagbag.py:545} INFO - Filling up the DagBag from /home/vscode/.local/lib/python3.11/site-packages/airflow/example_dags/tutorial_taskflow_api_virtualenv.py
[2026-05-23T11:52:30.977+0000] {processor.py:840} INFO - DAG(s) 'tutorial_taskflow_api_virtualenv' retrieved from /home/vscode/.local/lib/python3.11/site-packages/airflow/example_dags/tutorial_taskflow_api_virtualenv.py
[2026-05-23T11:52:30.989+0000] {logging_mixin.py:188} INFO - [2026-05-23T11:52:30.989+0000] {dag.py:3096} INFO - Sync 1 DAGs
[2026-05-23T11:52:30.998+0000] {logging_mixin.py:188} INFO - [2026-05-23T11:52:30.998+0000] {dag.py:3954} INFO - Setting next_dagrun for tutorial_taskflow_api_virtualenv to None, run_after=None
[2026-05-23T11:52:31.013+0000] {processor.py:183} INFO - Processing /home/vscode/.local/lib/python3.11/site-packages/airflow/example_dags/tutorial_taskflow_api_virtualenv.py took 0.051 seconds
[2026-05-23T11:53:07.534+0000] {processor.py:161} INFO - Started process (PID=19624) to work on /home/vscode/.local/lib/python3.11/site-packages/airflow/example_dags/tutorial_taskflow_api_virtualenv.py
[2026-05-23T11:53:07.534+0000] {processor.py:830} INFO - Processing file /home/vscode/.local/lib/python3.11/site-packages/airflow/example_dags/tutorial_taskflow_api_virtualenv.py for tasks to queue
[2026-05-23T11:53:07.535+0000] {logging_mixin.py:188} INFO - [2026-05-23T11:53:07.535+0000] {dagbag.py:545} INFO - Filling up the DagBag from /home/vscode/.local/lib/python3.11/site-packages/airflow/example_dags/tutorial_taskflow_api_virtualenv.py
[2026-05-23T11:53:07.543+0000] {processor.py:840} INFO - DAG(s) 'tutorial_taskflow_api_virtualenv' retrieved from /home/vscode/.local/lib/python3.11/site-packages/airflow/example_dags/tutorial_taskflow_api_virtualenv.py
[2026-05-23T11:53:07.553+0000] {logging_mixin.py:188} INFO - [2026-05-23T11:53:07.553+0000] {dag.py:3096} INFO - Sync 1 DAGs
[2026-05-23T11:53:07.562+0000] {logging_mixin.py:188} INFO - [2026-05-23T11:53:07.562+0000] {dag.py:3954} INFO - Setting next_dagrun for tutorial_taskflow_api_virtualenv to None, run_after=None
[2026-05-23T11:53:07.576+0000] {processor.py:183} INFO - Processing /home/vscode/.local/lib/python3.11/site-packages/airflow/example_dags/tutorial_taskflow_api_virtualenv.py took 0.048 seconds
[2026-05-23T11:53:48.362+0000] {processor.py:161} INFO - Started process (PID=20154) to work on /home/vscode/.local/lib/python3.11/site-packages/airflow/example_dags/tutorial_taskflow_api_virtualenv.py
[2026-05-23T11:53:48.363+0000] {processor.py:830} INFO - Processing file /home/vscode/.local/lib/python3.11/site-packages/airflow/example_dags/tutorial_taskflow_api_virtualenv.py for tasks to queue
[2026-05-23T11:53:48.364+0000] {logging_mixin.py:188} INFO - [2026-05-23T11:53:48.363+0000] {dagbag.py:545} INFO - Filling up the DagBag from /home/vscode/.local/lib/python3.11/site-packages/airflow/example_dags/tutorial_taskflow_api_virtualenv.py
[2026-05-23T11:53:48.372+0000] {processor.py:840} INFO - DAG(s) 'tutorial_taskflow_api_virtualenv' retrieved from /home/vscode/.local/lib/python3.11/site-packages/airflow/example_dags/tutorial_taskflow_api_virtualenv.py
[2026-05-23T11:53:48.384+0000] {logging_mixin.py:188} INFO - [2026-05-23T11:53:48.384+0000] {dag.py:3096} INFO - Sync 1 DAGs
[2026-05-23T11:53:48.392+0000] {logging_mixin.py:188} INFO - [2026-05-23T11:53:48.392+0000] {dag.py:3954} INFO - Setting next_dagrun for tutorial_taskflow_api_virtualenv to None, run_after=None
[2026-05-23T11:53:48.411+0000] {processor.py:183} INFO - Processing /home/vscode/.local/lib/python3.11/site-packages/airflow/example_dags/tutorial_taskflow_api_virtualenv.py took 0.058 seconds
[2026-05-23T11:54:32.714+0000] {processor.py:161} INFO - Started process (PID=20862) to work on /home/vscode/.local/lib/python3.11/site-packages/airflow/example_dags/tutorial_taskflow_api_virtualenv.py
[2026-05-23T11:54:32.715+0000] {processor.py:830} INFO - Processing file /home/vscode/.local/lib/python3.11/site-packages/airflow/example_dags/tutorial_taskflow_api_virtualenv.py for tasks to queue
[2026-05-23T11:54:32.716+0000] {logging_mixin.py:188} INFO - [2026-05-23T11:54:32.716+0000] {dagbag.py:545} INFO - Filling up the DagBag from /home/vscode/.local/lib/python3.11/site-packages/airflow/example_dags/tutorial_taskflow_api_virtualenv.py
[2026-05-23T11:54:32.727+0000] {processor.py:840} INFO - DAG(s) 'tutorial_taskflow_api_virtualenv' retrieved from /home/vscode/.local/lib/python3.11/site-packages/airflow/example_dags/tutorial_taskflow_api_virtualenv.py
[2026-05-23T11:54:32.745+0000] {logging_mixin.py:188} INFO - [2026-05-23T11:54:32.745+0000] {dag.py:3096} INFO - Sync 1 DAGs
[2026-05-23T11:54:32.762+0000] {logging_mixin.py:188} INFO - [2026-05-23T11:54:32.761+0000] {dag.py:3954} INFO - Setting next_dagrun for tutorial_taskflow_api_virtualenv to None, run_after=None
[2026-05-23T11:54:32.784+0000] {processor.py:183} INFO - Processing /home/vscode/.local/lib/python3.11/site-packages/airflow/example_dags/tutorial_taskflow_api_virtualenv.py took 0.079 seconds
[2026-05-23T11:55:21.215+0000] {processor.py:161} INFO - Started process (PID=21453) to work on /home/vscode/.local/lib/python3.11/site-packages/airflow/example_dags/tutorial_taskflow_api_virtualenv.py
[2026-05-23T11:55:21.216+0000] {processor.py:830} INFO - Processing file /home/vscode/.local/lib/python3.11/site-packages/airflow/example_dags/tutorial_taskflow_api_virtualenv.py for tasks to queue
[2026-05-23T11:55:21.221+0000] {logging_mixin.py:188} INFO - [2026-05-23T11:55:21.216+0000] {dagbag.py:545} INFO - Filling up the DagBag from /home/vscode/.local/lib/python3.11/site-packages/airflow/example_dags/tutorial_taskflow_api_virtualenv.py
[2026-05-23T11:55:21.279+0000] {processor.py:840} INFO - DAG(s) 'tutorial_taskflow_api_virtualenv' retrieved from /home/vscode/.local/lib/python3.11/site-packages/airflow/example_dags/tutorial_taskflow_api_virtualenv.py
[2026-05-23T11:55:21.333+0000] {logging_mixin.py:188} INFO - [2026-05-23T11:55:21.332+0000] {dag.py:3096} INFO - Sync 1 DAGs
[2026-05-23T11:55:21.367+0000] {logging_mixin.py:188} INFO - [2026-05-23T11:55:21.366+0000] {dag.py:3954} INFO - Setting next_dagrun for tutorial_taskflow_api_virtualenv to None, run_after=None
[2026-05-23T11:55:21.405+0000] {processor.py:183} INFO - Processing /home/vscode/.local/lib/python3.11/site-packages/airflow/example_dags/tutorial_taskflow_api_virtualenv.py took 0.232 seconds
[2026-05-23T11:56:12.241+0000] {processor.py:161} INFO - Started process (PID=22118) to work on /home/vscode/.local/lib/python3.11/site-packages/airflow/example_dags/tutorial_taskflow_api_virtualenv.py
[2026-05-23T11:56:12.242+0000] {processor.py:830} INFO - Processing file /home/vscode/.local/lib/python3.11/site-packages/airflow/example_dags/tutorial_taskflow_api_virtualenv.py for tasks to queue
[2026-05-23T11:56:12.243+0000] {logging_mixin.py:188} INFO - [2026-05-23T11:56:12.242+0000] {dagbag.py:545} INFO - Filling up the DagBag from /home/vscode/.local/lib/python3.11/site-packages/airflow/example_dags/tutorial_taskflow_api_virtualenv.py
[2026-05-23T11:56:12.254+0000] {processor.py:840} INFO - DAG(s) 'tutorial_taskflow_api_virtualenv' retrieved from /home/vscode/.local/lib/python3.11/site-packages/airflow/example_dags/tutorial_taskflow_api_virtualenv.py
[2026-05-23T11:56:12.272+0000] {logging_mixin.py:188} INFO - [2026-05-23T11:56:12.272+0000] {dag.py:3096} INFO - Sync 1 DAGs
[2026-05-23T11:56:12.285+0000] {logging_mixin.py:188} INFO - [2026-05-23T11:56:12.285+0000] {dag.py:3954} INFO - Setting next_dagrun for tutorial_taskflow_api_virtualenv to None, run_after=None
[2026-05-23T11:56:12.312+0000] {processor.py:183} INFO - Processing /home/vscode/.local/lib/python3.11/site-packages/airflow/example_dags/tutorial_taskflow_api_virtualenv.py took 0.080 seconds
[2026-05-23T11:57:01.450+0000] {processor.py:161} INFO - Started process (PID=22688) to work on /home/vscode/.local/lib/python3.11/site-packages/airflow/example_dags/tutorial_taskflow_api_virtualenv.py
[2026-05-23T11:57:01.453+0000] {processor.py:830} INFO - Processing file /home/vscode/.local/lib/python3.11/site-packages/airflow/example_dags/tutorial_taskflow_api_virtualenv.py for tasks to queue
[2026-05-23T11:57:01.454+0000] {logging_mixin.py:188} INFO - [2026-05-23T11:57:01.453+0000] {dagbag.py:545} INFO - Filling up the DagBag from /home/vscode/.local/lib/python3.11/site-packages/airflow/example_dags/tutorial_taskflow_api_virtualenv.py
[2026-05-23T11:57:01.494+0000] {processor.py:840} INFO - DAG(s) 'tutorial_taskflow_api_virtualenv' retrieved from /home/vscode/.local/lib/python3.11/site-packages/airflow/example_dags/tutorial_taskflow_api_virtualenv.py
[2026-05-23T11:57:01.511+0000] {logging_mixin.py:188} INFO - [2026-05-23T11:57:01.511+0000] {dag.py:3096} INFO - Sync 1 DAGs
[2026-05-23T11:57:01.523+0000] {logging_mixin.py:188} INFO - [2026-05-23T11:57:01.523+0000] {dag.py:3954} INFO - Setting next_dagrun for tutorial_taskflow_api_virtualenv to None, run_after=None
[2026-05-23T11:57:01.554+0000] {processor.py:183} INFO - Processing /home/vscode/.local/lib/python3.11/site-packages/airflow/example_dags/tutorial_taskflow_api_virtualenv.py took 0.123 seconds
[2026-05-23T11:57:52.270+0000] {processor.py:161} INFO - Started process (PID=23144) to work on /home/vscode/.local/lib/python3.11/site-packages/airflow/example_dags/tutorial_taskflow_api_virtualenv.py
[2026-05-23T11:57:52.271+0000] {processor.py:830} INFO - Processing file /home/vscode/.local/lib/python3.11/site-packages/airflow/example_dags/tutorial_taskflow_api_virtualenv.py for tasks to queue
[2026-05-23T11:57:52.272+0000] {logging_mixin.py:188} INFO - [2026-05-23T11:57:52.271+0000] {dagbag.py:545} INFO - Filling up the DagBag from /home/vscode/.local/lib/python3.11/site-packages/airflow/example_dags/tutorial_taskflow_api_virtualenv.py
[2026-05-23T11:57:52.291+0000] {processor.py:840} INFO - DAG(s) 'tutorial_taskflow_api_virtualenv' retrieved from /home/vscode/.local/lib/python3.11/site-packages/airflow/example_dags/tutorial_taskflow_api_virtualenv.py
[2026-05-23T11:57:52.326+0000] {logging_mixin.py:188} INFO - [2026-05-23T11:57:52.325+0000] {dag.py:3096} INFO - Sync 1 DAGs
[2026-05-23T11:57:52.365+0000] {logging_mixin.py:188} INFO - [2026-05-23T11:57:52.365+0000] {dag.py:3954} INFO - Setting next_dagrun for tutorial_taskflow_api_virtualenv to None, run_after=None
[2026-05-23T11:57:52.432+0000] {processor.py:183} INFO - Processing /home/vscode/.local/lib/python3.11/site-packages/airflow/example_dags/tutorial_taskflow_api_virtualenv.py took 0.172 seconds
[2026-05-23T11:58:39.938+0000] {processor.py:161} INFO - Started process (PID=23661) to work on /home/vscode/.local/lib/python3.11/site-packages/airflow/example_dags/tutorial_taskflow_api_virtualenv.py
[2026-05-23T11:58:39.939+0000] {processor.py:830} INFO - Processing file /home/vscode/.local/lib/python3.11/site-packages/airflow/example_dags/tutorial_taskflow_api_virtualenv.py for tasks to queue
[2026-05-23T11:58:39.940+0000] {logging_mixin.py:188} INFO - [2026-05-23T11:58:39.939+0000] {dagbag.py:545} INFO - Filling up the DagBag from /home/vscode/.local/lib/python3.11/site-packages/airflow/example_dags/tutorial_taskflow_api_virtualenv.py
[2026-05-23T11:58:39.940+0000] {processor.py:842} WARNING - No viable dags retrieved from /home/vscode/.local/lib/python3.11/site-packages/airflow/example_dags/tutorial_taskflow_api_virtualenv.py
[2026-05-23T11:58:39.947+0000] {processor.py:183} INFO - Processing /home/vscode/.local/lib/python3.11/site-packages/airflow/example_dags/tutorial_taskflow_api_virtualenv.py took 0.019 seconds
[2026-05-23T12:11:28.874+0000] {processor.py:161} INFO - Started process (PID=32302) to work on /home/vscode/.local/lib/python3.11/site-packages/airflow/example_dags/tutorial_taskflow_api_virtualenv.py
[2026-05-23T12:11:28.876+0000] {processor.py:830} INFO - Processing file /home/vscode/.local/lib/python3.11/site-packages/airflow/example_dags/tutorial_taskflow_api_virtualenv.py for tasks to queue
[2026-05-23T12:11:28.876+0000] {logging_mixin.py:188} INFO - [2026-05-23T12:11:28.876+0000] {dagbag.py:545} INFO - Filling up the DagBag from /home/vscode/.local/lib/python3.11/site-packages/airflow/example_dags/tutorial_taskflow_api_virtualenv.py
[2026-05-23T12:11:28.884+0000] {processor.py:840} INFO - DAG(s) 'tutorial_taskflow_api_virtualenv' retrieved from /home/vscode/.local/lib/python3.11/site-packages/airflow/example_dags/tutorial_taskflow_api_virtualenv.py
[2026-05-23T12:11:28.954+0000] {logging_mixin.py:188} INFO - [2026-05-23T12:11:28.954+0000] {dag.py:3096} INFO - Sync 1 DAGs
[2026-05-23T12:11:28.963+0000] {logging_mixin.py:188} INFO - [2026-05-23T12:11:28.963+0000] {dag.py:3954} INFO - Setting next_dagrun for tutorial_taskflow_api_virtualenv to None, run_after=None
[2026-05-23T12:11:28.980+0000] {processor.py:183} INFO - Processing /home/vscode/.local/lib/python3.11/site-packages/airflow/example_dags/tutorial_taskflow_api_virtualenv.py took 0.113 seconds
