[2026-05-23T11:26:29.382+0000] {processor.py:161} INFO - Started process (PID=2956) to work on /home/vscode/.local/lib/python3.11/site-packages/airflow/example_dags/tutorial_dag.py
[2026-05-23T11:26:29.382+0000] {processor.py:830} INFO - Processing file /home/vscode/.local/lib/python3.11/site-packages/airflow/example_dags/tutorial_dag.py for tasks to queue
[2026-05-23T11:26:29.383+0000] {logging_mixin.py:188} INFO - [2026-05-23T11:26:29.382+0000] {dagbag.py:545} INFO - Filling up the DagBag from /home/vscode/.local/lib/python3.11/site-packages/airflow/example_dags/tutorial_dag.py
[2026-05-23T11:26:29.388+0000] {processor.py:840} INFO - DAG(s) 'tutorial_dag' retrieved from /home/vscode/.local/lib/python3.11/site-packages/airflow/example_dags/tutorial_dag.py
[2026-05-23T11:26:29.393+0000] {logging_mixin.py:188} INFO - [2026-05-23T11:26:29.393+0000] {dag.py:3096} INFO - Sync 1 DAGs
[2026-05-23T11:26:29.402+0000] {logging_mixin.py:188} INFO - [2026-05-23T11:26:29.402+0000] {dag.py:3954} INFO - Setting next_dagrun for tutorial_dag to None, run_after=None
[2026-05-23T11:26:29.422+0000] {processor.py:183} INFO - Processing /home/vscode/.local/lib/python3.11/site-packages/airflow/example_dags/tutorial_dag.py took 0.052 seconds
[2026-05-23T11:27:24.709+0000] {processor.py:161} INFO - Started process (PID=3691) to work on /home/vscode/.local/lib/python3.11/site-packages/airflow/example_dags/tutorial_dag.py
[2026-05-23T11:27:24.709+0000] {processor.py:830} INFO - Processing file /home/vscode/.local/lib/python3.11/site-packages/airflow/example_dags/tutorial_dag.py for tasks to queue
[2026-05-23T11:27:24.710+0000] {logging_mixin.py:188} INFO - [2026-05-23T11:27:24.710+0000] {dagbag.py:545} INFO - Filling up the DagBag from /home/vscode/.local/lib/python3.11/site-packages/airflow/example_dags/tutorial_dag.py
[2026-05-23T11:27:24.713+0000] {processor.py:840} INFO - DAG(s) 'tutorial_dag' retrieved from /home/vscode/.local/lib/python3.11/site-packages/airflow/example_dags/tutorial_dag.py
[2026-05-23T11:27:25.001+0000] {logging_mixin.py:188} INFO - [2026-05-23T11:27:25.000+0000] {dag.py:3096} INFO - Sync 1 DAGs
[2026-05-23T11:27:25.010+0000] {logging_mixin.py:188} INFO - [2026-05-23T11:27:25.010+0000] {dag.py:3954} INFO - Setting next_dagrun for tutorial_dag to None, run_after=None
[2026-05-23T11:27:25.029+0000] {processor.py:183} INFO - Processing /home/vscode/.local/lib/python3.11/site-packages/airflow/example_dags/tutorial_dag.py took 0.326 seconds
[2026-05-23T11:28:19.784+0000] {processor.py:161} INFO - Started process (PID=4283) to work on /home/vscode/.local/lib/python3.11/site-packages/airflow/example_dags/tutorial_dag.py
[2026-05-23T11:28:19.785+0000] {processor.py:830} INFO - Processing file /home/vscode/.local/lib/python3.11/site-packages/airflow/example_dags/tutorial_dag.py for tasks to queue
[2026-05-23T11:28:19.786+0000] {logging_mixin.py:188} INFO - [2026-05-23T11:28:19.786+0000] {dagbag.py:545} INFO - Filling up the DagBag from /home/vscode/.local/lib/python3.11/site-packages/airflow/example_dags/tutorial_dag.py
[2026-05-23T11:28:19.795+0000] {processor.py:840} INFO - DAG(s) 'tutorial_dag' retrieved from /home/vscode/.local/lib/python3.11/site-packages/airflow/example_dags/tutorial_dag.py
[2026-05-23T11:28:19.817+0000] {logging_mixin.py:188} INFO - [2026-05-23T11:28:19.817+0000] {dag.py:3096} INFO - Sync 1 DAGs
[2026-05-23T11:28:19.825+0000] {logging_mixin.py:188} INFO - [2026-05-23T11:28:19.825+0000] {dag.py:3954} INFO - Setting next_dagrun for tutorial_dag to None, run_after=None
[2026-05-23T11:28:19.840+0000] {processor.py:183} INFO - Processing /home/vscode/.local/lib/python3.11/site-packages/airflow/example_dags/tutorial_dag.py took 0.073 seconds
[2026-05-23T11:29:04.723+0000] {processor.py:161} INFO - Started process (PID=4695) to work on /home/vscode/.local/lib/python3.11/site-packages/airflow/example_dags/tutorial_dag.py
[2026-05-23T11:29:04.723+0000] {processor.py:830} INFO - Processing file /home/vscode/.local/lib/python3.11/site-packages/airflow/example_dags/tutorial_dag.py for tasks to queue
[2026-05-23T11:29:04.724+0000] {logging_mixin.py:188} INFO - [2026-05-23T11:29:04.723+0000] {dagbag.py:545} INFO - Filling up the DagBag from /home/vscode/.local/lib/python3.11/site-packages/airflow/example_dags/tutorial_dag.py
[2026-05-23T11:29:04.727+0000] {processor.py:840} INFO - DAG(s) 'tutorial_dag' retrieved from /home/vscode/.local/lib/python3.11/site-packages/airflow/example_dags/tutorial_dag.py
[2026-05-23T11:29:04.741+0000] {logging_mixin.py:188} INFO - [2026-05-23T11:29:04.740+0000] {dag.py:3096} INFO - Sync 1 DAGs
[2026-05-23T11:29:04.748+0000] {logging_mixin.py:188} INFO - [2026-05-23T11:29:04.748+0000] {dag.py:3954} INFO - Setting next_dagrun for tutorial_dag to None, run_after=None
[2026-05-23T11:29:04.764+0000] {processor.py:183} INFO - Processing /home/vscode/.local/lib/python3.11/site-packages/airflow/example_dags/tutorial_dag.py took 0.048 seconds
[2026-05-23T11:29:47.317+0000] {processor.py:161} INFO - Started process (PID=5092) to work on /home/vscode/.local/lib/python3.11/site-packages/airflow/example_dags/tutorial_dag.py
[2026-05-23T11:29:47.318+0000] {processor.py:830} INFO - Processing file /home/vscode/.local/lib/python3.11/site-packages/airflow/example_dags/tutorial_dag.py for tasks to queue
[2026-05-23T11:29:47.319+0000] {logging_mixin.py:188} INFO - [2026-05-23T11:29:47.318+0000] {dagbag.py:545} INFO - Filling up the DagBag from /home/vscode/.local/lib/python3.11/site-packages/airflow/example_dags/tutorial_dag.py
[2026-05-23T11:29:47.326+0000] {processor.py:840} INFO - DAG(s) 'tutorial_dag' retrieved from /home/vscode/.local/lib/python3.11/site-packages/airflow/example_dags/tutorial_dag.py
[2026-05-23T11:29:47.343+0000] {logging_mixin.py:188} INFO - [2026-05-23T11:29:47.343+0000] {dag.py:3096} INFO - Sync 1 DAGs
[2026-05-23T11:29:47.352+0000] {logging_mixin.py:188} INFO - [2026-05-23T11:29:47.352+0000] {dag.py:3954} INFO - Setting next_dagrun for tutorial_dag to None, run_after=None
[2026-05-23T11:29:47.367+0000] {processor.py:183} INFO - Processing /home/vscode/.local/lib/python3.11/site-packages/airflow/example_dags/tutorial_dag.py took 0.061 seconds
[2026-05-23T11:30:29.706+0000] {processor.py:161} INFO - Started process (PID=5545) to work on /home/vscode/.local/lib/python3.11/site-packages/airflow/example_dags/tutorial_dag.py
[2026-05-23T11:30:29.707+0000] {processor.py:830} INFO - Processing file /home/vscode/.local/lib/python3.11/site-packages/airflow/example_dags/tutorial_dag.py for tasks to queue
[2026-05-23T11:30:29.707+0000] {logging_mixin.py:188} INFO - [2026-05-23T11:30:29.707+0000] {dagbag.py:545} INFO - Filling up the DagBag from /home/vscode/.local/lib/python3.11/site-packages/airflow/example_dags/tutorial_dag.py
[2026-05-23T11:30:29.711+0000] {processor.py:840} INFO - DAG(s) 'tutorial_dag' retrieved from /home/vscode/.local/lib/python3.11/site-packages/airflow/example_dags/tutorial_dag.py
[2026-05-23T11:30:29.723+0000] {logging_mixin.py:188} INFO - [2026-05-23T11:30:29.722+0000] {dag.py:3096} INFO - Sync 1 DAGs
[2026-05-23T11:30:29.731+0000] {logging_mixin.py:188} INFO - [2026-05-23T11:30:29.731+0000] {dag.py:3954} INFO - Setting next_dagrun for tutorial_dag to None, run_after=None
[2026-05-23T11:30:29.746+0000] {processor.py:183} INFO - Processing /home/vscode/.local/lib/python3.11/site-packages/airflow/example_dags/tutorial_dag.py took 0.048 seconds
[2026-05-23T11:31:09.501+0000] {processor.py:161} INFO - Started process (PID=5877) to work on /home/vscode/.local/lib/python3.11/site-packages/airflow/example_dags/tutorial_dag.py
[2026-05-23T11:31:09.501+0000] {processor.py:830} INFO - Processing file /home/vscode/.local/lib/python3.11/site-packages/airflow/example_dags/tutorial_dag.py for tasks to queue
[2026-05-23T11:31:09.502+0000] {logging_mixin.py:188} INFO - [2026-05-23T11:31:09.501+0000] {dagbag.py:545} INFO - Filling up the DagBag from /home/vscode/.local/lib/python3.11/site-packages/airflow/example_dags/tutorial_dag.py
[2026-05-23T11:31:09.506+0000] {processor.py:840} INFO - DAG(s) 'tutorial_dag' retrieved from /home/vscode/.local/lib/python3.11/site-packages/airflow/example_dags/tutorial_dag.py
[2026-05-23T11:31:09.517+0000] {logging_mixin.py:188} INFO - [2026-05-23T11:31:09.517+0000] {dag.py:3096} INFO - Sync 1 DAGs
[2026-05-23T11:31:09.525+0000] {logging_mixin.py:188} INFO - [2026-05-23T11:31:09.525+0000] {dag.py:3954} INFO - Setting next_dagrun for tutorial_dag to None, run_after=None
[2026-05-23T11:31:09.541+0000] {processor.py:183} INFO - Processing /home/vscode/.local/lib/python3.11/site-packages/airflow/example_dags/tutorial_dag.py took 0.047 seconds
[2026-05-23T11:31:52.849+0000] {processor.py:161} INFO - Started process (PID=6299) to work on /home/vscode/.local/lib/python3.11/site-packages/airflow/example_dags/tutorial_dag.py
[2026-05-23T11:31:52.850+0000] {processor.py:830} INFO - Processing file /home/vscode/.local/lib/python3.11/site-packages/airflow/example_dags/tutorial_dag.py for tasks to queue
[2026-05-23T11:31:52.851+0000] {logging_mixin.py:188} INFO - [2026-05-23T11:31:52.850+0000] {dagbag.py:545} INFO - Filling up the DagBag from /home/vscode/.local/lib/python3.11/site-packages/airflow/example_dags/tutorial_dag.py
[2026-05-23T11:31:52.854+0000] {processor.py:840} INFO - DAG(s) 'tutorial_dag' retrieved from /home/vscode/.local/lib/python3.11/site-packages/airflow/example_dags/tutorial_dag.py
[2026-05-23T11:31:52.865+0000] {logging_mixin.py:188} INFO - [2026-05-23T11:31:52.865+0000] {dag.py:3096} INFO - Sync 1 DAGs
[2026-05-23T11:31:52.876+0000] {logging_mixin.py:188} INFO - [2026-05-23T11:31:52.876+0000] {dag.py:3954} INFO - Setting next_dagrun for tutorial_dag to None, run_after=None
[2026-05-23T11:31:52.892+0000] {processor.py:183} INFO - Processing /home/vscode/.local/lib/python3.11/site-packages/airflow/example_dags/tutorial_dag.py took 0.049 seconds
[2026-05-23T11:32:34.909+0000] {processor.py:161} INFO - Started process (PID=6714) to work on /home/vscode/.local/lib/python3.11/site-packages/airflow/example_dags/tutorial_dag.py
[2026-05-23T11:32:34.909+0000] {processor.py:830} INFO - Processing file /home/vscode/.local/lib/python3.11/site-packages/airflow/example_dags/tutorial_dag.py for tasks to queue
[2026-05-23T11:32:34.910+0000] {logging_mixin.py:188} INFO - [2026-05-23T11:32:34.909+0000] {dagbag.py:545} INFO - Filling up the DagBag from /home/vscode/.local/lib/python3.11/site-packages/airflow/example_dags/tutorial_dag.py
[2026-05-23T11:32:34.914+0000] {processor.py:840} INFO - DAG(s) 'tutorial_dag' retrieved from /home/vscode/.local/lib/python3.11/site-packages/airflow/example_dags/tutorial_dag.py
[2026-05-23T11:32:34.928+0000] {logging_mixin.py:188} INFO - [2026-05-23T11:32:34.928+0000] {dag.py:3096} INFO - Sync 1 DAGs
[2026-05-23T11:32:34.941+0000] {logging_mixin.py:188} INFO - [2026-05-23T11:32:34.941+0000] {dag.py:3954} INFO - Setting next_dagrun for tutorial_dag to None, run_after=None
[2026-05-23T11:32:34.964+0000] {processor.py:183} INFO - Processing /home/vscode/.local/lib/python3.11/site-packages/airflow/example_dags/tutorial_dag.py took 0.062 seconds
[2026-05-23T11:33:18.433+0000] {processor.py:161} INFO - Started process (PID=8214) to work on /home/vscode/.local/lib/python3.11/site-packages/airflow/example_dags/tutorial_dag.py
[2026-05-23T11:33:18.441+0000] {processor.py:830} INFO - Processing file /home/vscode/.local/lib/python3.11/site-packages/airflow/example_dags/tutorial_dag.py for tasks to queue
[2026-05-23T11:33:18.441+0000] {logging_mixin.py:188} INFO - [2026-05-23T11:33:18.441+0000] {dagbag.py:545} INFO - Filling up the DagBag from /home/vscode/.local/lib/python3.11/site-packages/airflow/example_dags/tutorial_dag.py
[2026-05-23T11:33:18.465+0000] {processor.py:840} INFO - DAG(s) 'tutorial_dag' retrieved from /home/vscode/.local/lib/python3.11/site-packages/airflow/example_dags/tutorial_dag.py
[2026-05-23T11:33:18.526+0000] {logging_mixin.py:188} INFO - [2026-05-23T11:33:18.526+0000] {dag.py:3096} INFO - Sync 1 DAGs
[2026-05-23T11:33:18.613+0000] {logging_mixin.py:188} INFO - [2026-05-23T11:33:18.613+0000] {dag.py:3954} INFO - Setting next_dagrun for tutorial_dag to None, run_after=None
[2026-05-23T11:33:18.767+0000] {processor.py:183} INFO - Processing /home/vscode/.local/lib/python3.11/site-packages/airflow/example_dags/tutorial_dag.py took 0.387 seconds
[2026-05-23T11:34:06.594+0000] {processor.py:161} INFO - Started process (PID=8538) to work on /home/vscode/.local/lib/python3.11/site-packages/airflow/example_dags/tutorial_dag.py
[2026-05-23T11:34:06.595+0000] {processor.py:830} INFO - Processing file /home/vscode/.local/lib/python3.11/site-packages/airflow/example_dags/tutorial_dag.py for tasks to queue
[2026-05-23T11:34:06.595+0000] {logging_mixin.py:188} INFO - [2026-05-23T11:34:06.595+0000] {dagbag.py:545} INFO - Filling up the DagBag from /home/vscode/.local/lib/python3.11/site-packages/airflow/example_dags/tutorial_dag.py
[2026-05-23T11:34:06.599+0000] {processor.py:840} INFO - DAG(s) 'tutorial_dag' retrieved from /home/vscode/.local/lib/python3.11/site-packages/airflow/example_dags/tutorial_dag.py
[2026-05-23T11:34:06.611+0000] {logging_mixin.py:188} INFO - [2026-05-23T11:34:06.611+0000] {dag.py:3096} INFO - Sync 1 DAGs
[2026-05-23T11:34:06.619+0000] {logging_mixin.py:188} INFO - [2026-05-23T11:34:06.619+0000] {dag.py:3954} INFO - Setting next_dagrun for tutorial_dag to None, run_after=None
[2026-05-23T11:34:06.636+0000] {processor.py:183} INFO - Processing /home/vscode/.local/lib/python3.11/site-packages/airflow/example_dags/tutorial_dag.py took 0.049 seconds
[2026-05-23T11:34:51.394+0000] {processor.py:161} INFO - Started process (PID=8871) to work on /home/vscode/.local/lib/python3.11/site-packages/airflow/example_dags/tutorial_dag.py
[2026-05-23T11:34:51.394+0000] {processor.py:830} INFO - Processing file /home/vscode/.local/lib/python3.11/site-packages/airflow/example_dags/tutorial_dag.py for tasks to queue
[2026-05-23T11:34:51.395+0000] {logging_mixin.py:188} INFO - [2026-05-23T11:34:51.395+0000] {dagbag.py:545} INFO - Filling up the DagBag from /home/vscode/.local/lib/python3.11/site-packages/airflow/example_dags/tutorial_dag.py
[2026-05-23T11:34:51.399+0000] {processor.py:840} INFO - DAG(s) 'tutorial_dag' retrieved from /home/vscode/.local/lib/python3.11/site-packages/airflow/example_dags/tutorial_dag.py
[2026-05-23T11:34:51.410+0000] {logging_mixin.py:188} INFO - [2026-05-23T11:34:51.410+0000] {dag.py:3096} INFO - Sync 1 DAGs
[2026-05-23T11:34:51.418+0000] {logging_mixin.py:188} INFO - [2026-05-23T11:34:51.418+0000] {dag.py:3954} INFO - Setting next_dagrun for tutorial_dag to None, run_after=None
[2026-05-23T11:34:51.433+0000] {processor.py:183} INFO - Processing /home/vscode/.local/lib/python3.11/site-packages/airflow/example_dags/tutorial_dag.py took 0.046 seconds
[2026-05-23T11:35:36.242+0000] {processor.py:161} INFO - Started process (PID=9231) to work on /home/vscode/.local/lib/python3.11/site-packages/airflow/example_dags/tutorial_dag.py
[2026-05-23T11:35:36.242+0000] {processor.py:830} INFO - Processing file /home/vscode/.local/lib/python3.11/site-packages/airflow/example_dags/tutorial_dag.py for tasks to queue
[2026-05-23T11:35:36.243+0000] {logging_mixin.py:188} INFO - [2026-05-23T11:35:36.243+0000] {dagbag.py:545} INFO - Filling up the DagBag from /home/vscode/.local/lib/python3.11/site-packages/airflow/example_dags/tutorial_dag.py
[2026-05-23T11:35:36.247+0000] {processor.py:840} INFO - DAG(s) 'tutorial_dag' retrieved from /home/vscode/.local/lib/python3.11/site-packages/airflow/example_dags/tutorial_dag.py
[2026-05-23T11:35:36.258+0000] {logging_mixin.py:188} INFO - [2026-05-23T11:35:36.258+0000] {dag.py:3096} INFO - Sync 1 DAGs
[2026-05-23T11:35:36.267+0000] {logging_mixin.py:188} INFO - [2026-05-23T11:35:36.267+0000] {dag.py:3954} INFO - Setting next_dagrun for tutorial_dag to None, run_after=None
[2026-05-23T11:35:36.283+0000] {processor.py:183} INFO - Processing /home/vscode/.local/lib/python3.11/site-packages/airflow/example_dags/tutorial_dag.py took 0.048 seconds
[2026-05-23T11:36:18.356+0000] {processor.py:161} INFO - Started process (PID=9541) to work on /home/vscode/.local/lib/python3.11/site-packages/airflow/example_dags/tutorial_dag.py
[2026-05-23T11:36:18.357+0000] {processor.py:830} INFO - Processing file /home/vscode/.local/lib/python3.11/site-packages/airflow/example_dags/tutorial_dag.py for tasks to queue
[2026-05-23T11:36:18.357+0000] {logging_mixin.py:188} INFO - [2026-05-23T11:36:18.357+0000] {dagbag.py:545} INFO - Filling up the DagBag from /home/vscode/.local/lib/python3.11/site-packages/airflow/example_dags/tutorial_dag.py
[2026-05-23T11:36:18.361+0000] {processor.py:840} INFO - DAG(s) 'tutorial_dag' retrieved from /home/vscode/.local/lib/python3.11/site-packages/airflow/example_dags/tutorial_dag.py
[2026-05-23T11:36:18.374+0000] {logging_mixin.py:188} INFO - [2026-05-23T11:36:18.373+0000] {dag.py:3096} INFO - Sync 1 DAGs
[2026-05-23T11:36:18.383+0000] {logging_mixin.py:188} INFO - [2026-05-23T11:36:18.383+0000] {dag.py:3954} INFO - Setting next_dagrun for tutorial_dag to None, run_after=None
[2026-05-23T11:36:18.400+0000] {processor.py:183} INFO - Processing /home/vscode/.local/lib/python3.11/site-packages/airflow/example_dags/tutorial_dag.py took 0.051 seconds
[2026-05-23T11:37:02.324+0000] {processor.py:161} INFO - Started process (PID=9988) to work on /home/vscode/.local/lib/python3.11/site-packages/airflow/example_dags/tutorial_dag.py
[2026-05-23T11:37:02.325+0000] {processor.py:830} INFO - Processing file /home/vscode/.local/lib/python3.11/site-packages/airflow/example_dags/tutorial_dag.py for tasks to queue
[2026-05-23T11:37:02.326+0000] {logging_mixin.py:188} INFO - [2026-05-23T11:37:02.325+0000] {dagbag.py:545} INFO - Filling up the DagBag from /home/vscode/.local/lib/python3.11/site-packages/airflow/example_dags/tutorial_dag.py
[2026-05-23T11:37:02.331+0000] {processor.py:840} INFO - DAG(s) 'tutorial_dag' retrieved from /home/vscode/.local/lib/python3.11/site-packages/airflow/example_dags/tutorial_dag.py
[2026-05-23T11:37:02.343+0000] {logging_mixin.py:188} INFO - [2026-05-23T11:37:02.343+0000] {dag.py:3096} INFO - Sync 1 DAGs
[2026-05-23T11:37:02.350+0000] {logging_mixin.py:188} INFO - [2026-05-23T11:37:02.350+0000] {dag.py:3954} INFO - Setting next_dagrun for tutorial_dag to None, run_after=None
[2026-05-23T11:37:02.366+0000] {processor.py:183} INFO - Processing /home/vscode/.local/lib/python3.11/site-packages/airflow/example_dags/tutorial_dag.py took 0.048 seconds
[2026-05-23T11:37:47.549+0000] {processor.py:161} INFO - Started process (PID=10386) to work on /home/vscode/.local/lib/python3.11/site-packages/airflow/example_dags/tutorial_dag.py
[2026-05-23T11:37:47.551+0000] {processor.py:830} INFO - Processing file /home/vscode/.local/lib/python3.11/site-packages/airflow/example_dags/tutorial_dag.py for tasks to queue
[2026-05-23T11:37:47.553+0000] {logging_mixin.py:188} INFO - [2026-05-23T11:37:47.553+0000] {dagbag.py:545} INFO - Filling up the DagBag from /home/vscode/.local/lib/python3.11/site-packages/airflow/example_dags/tutorial_dag.py
[2026-05-23T11:37:47.560+0000] {processor.py:840} INFO - DAG(s) 'tutorial_dag' retrieved from /home/vscode/.local/lib/python3.11/site-packages/airflow/example_dags/tutorial_dag.py
[2026-05-23T11:37:47.583+0000] {logging_mixin.py:188} INFO - [2026-05-23T11:37:47.583+0000] {dag.py:3096} INFO - Sync 1 DAGs
[2026-05-23T11:37:47.593+0000] {logging_mixin.py:188} INFO - [2026-05-23T11:37:47.593+0000] {dag.py:3954} INFO - Setting next_dagrun for tutorial_dag to None, run_after=None
[2026-05-23T11:37:47.609+0000] {processor.py:183} INFO - Processing /home/vscode/.local/lib/python3.11/site-packages/airflow/example_dags/tutorial_dag.py took 0.083 seconds
[2026-05-23T11:38:29.696+0000] {processor.py:161} INFO - Started process (PID=10767) to work on /home/vscode/.local/lib/python3.11/site-packages/airflow/example_dags/tutorial_dag.py
[2026-05-23T11:38:29.697+0000] {processor.py:830} INFO - Processing file /home/vscode/.local/lib/python3.11/site-packages/airflow/example_dags/tutorial_dag.py for tasks to queue
[2026-05-23T11:38:29.697+0000] {logging_mixin.py:188} INFO - [2026-05-23T11:38:29.697+0000] {dagbag.py:545} INFO - Filling up the DagBag from /home/vscode/.local/lib/python3.11/site-packages/airflow/example_dags/tutorial_dag.py
[2026-05-23T11:38:29.701+0000] {processor.py:840} INFO - DAG(s) 'tutorial_dag' retrieved from /home/vscode/.local/lib/python3.11/site-packages/airflow/example_dags/tutorial_dag.py
[2026-05-23T11:38:29.712+0000] {logging_mixin.py:188} INFO - [2026-05-23T11:38:29.712+0000] {dag.py:3096} INFO - Sync 1 DAGs
[2026-05-23T11:38:29.720+0000] {logging_mixin.py:188} INFO - [2026-05-23T11:38:29.720+0000] {dag.py:3954} INFO - Setting next_dagrun for tutorial_dag to None, run_after=None
[2026-05-23T11:38:29.736+0000] {processor.py:183} INFO - Processing /home/vscode/.local/lib/python3.11/site-packages/airflow/example_dags/tutorial_dag.py took 0.046 seconds
[2026-05-23T11:39:10.377+0000] {processor.py:161} INFO - Started process (PID=11079) to work on /home/vscode/.local/lib/python3.11/site-packages/airflow/example_dags/tutorial_dag.py
[2026-05-23T11:39:10.378+0000] {processor.py:830} INFO - Processing file /home/vscode/.local/lib/python3.11/site-packages/airflow/example_dags/tutorial_dag.py for tasks to queue
[2026-05-23T11:39:10.378+0000] {logging_mixin.py:188} INFO - [2026-05-23T11:39:10.378+0000] {dagbag.py:545} INFO - Filling up the DagBag from /home/vscode/.local/lib/python3.11/site-packages/airflow/example_dags/tutorial_dag.py
[2026-05-23T11:39:10.382+0000] {processor.py:840} INFO - DAG(s) 'tutorial_dag' retrieved from /home/vscode/.local/lib/python3.11/site-packages/airflow/example_dags/tutorial_dag.py
[2026-05-23T11:39:10.393+0000] {logging_mixin.py:188} INFO - [2026-05-23T11:39:10.393+0000] {dag.py:3096} INFO - Sync 1 DAGs
[2026-05-23T11:39:10.402+0000] {logging_mixin.py:188} INFO - [2026-05-23T11:39:10.402+0000] {dag.py:3954} INFO - Setting next_dagrun for tutorial_dag to None, run_after=None
[2026-05-23T11:39:10.418+0000] {processor.py:183} INFO - Processing /home/vscode/.local/lib/python3.11/site-packages/airflow/example_dags/tutorial_dag.py took 0.047 seconds
[2026-05-23T11:39:54.303+0000] {processor.py:161} INFO - Started process (PID=11477) to work on /home/vscode/.local/lib/python3.11/site-packages/airflow/example_dags/tutorial_dag.py
[2026-05-23T11:39:54.304+0000] {processor.py:830} INFO - Processing file /home/vscode/.local/lib/python3.11/site-packages/airflow/example_dags/tutorial_dag.py for tasks to queue
[2026-05-23T11:39:54.304+0000] {logging_mixin.py:188} INFO - [2026-05-23T11:39:54.304+0000] {dagbag.py:545} INFO - Filling up the DagBag from /home/vscode/.local/lib/python3.11/site-packages/airflow/example_dags/tutorial_dag.py
[2026-05-23T11:39:54.308+0000] {processor.py:840} INFO - DAG(s) 'tutorial_dag' retrieved from /home/vscode/.local/lib/python3.11/site-packages/airflow/example_dags/tutorial_dag.py
[2026-05-23T11:39:54.319+0000] {logging_mixin.py:188} INFO - [2026-05-23T11:39:54.319+0000] {dag.py:3096} INFO - Sync 1 DAGs
[2026-05-23T11:39:54.326+0000] {logging_mixin.py:188} INFO - [2026-05-23T11:39:54.326+0000] {dag.py:3954} INFO - Setting next_dagrun for tutorial_dag to None, run_after=None
[2026-05-23T11:39:54.343+0000] {processor.py:183} INFO - Processing /home/vscode/.local/lib/python3.11/site-packages/airflow/example_dags/tutorial_dag.py took 0.046 seconds
[2026-05-23T11:40:35.571+0000] {processor.py:161} INFO - Started process (PID=11858) to work on /home/vscode/.local/lib/python3.11/site-packages/airflow/example_dags/tutorial_dag.py
[2026-05-23T11:40:35.571+0000] {processor.py:830} INFO - Processing file /home/vscode/.local/lib/python3.11/site-packages/airflow/example_dags/tutorial_dag.py for tasks to queue
[2026-05-23T11:40:35.572+0000] {logging_mixin.py:188} INFO - [2026-05-23T11:40:35.572+0000] {dagbag.py:545} INFO - Filling up the DagBag from /home/vscode/.local/lib/python3.11/site-packages/airflow/example_dags/tutorial_dag.py
[2026-05-23T11:40:35.576+0000] {processor.py:840} INFO - DAG(s) 'tutorial_dag' retrieved from /home/vscode/.local/lib/python3.11/site-packages/airflow/example_dags/tutorial_dag.py
[2026-05-23T11:40:35.587+0000] {logging_mixin.py:188} INFO - [2026-05-23T11:40:35.587+0000] {dag.py:3096} INFO - Sync 1 DAGs
[2026-05-23T11:40:35.595+0000] {logging_mixin.py:188} INFO - [2026-05-23T11:40:35.595+0000] {dag.py:3954} INFO - Setting next_dagrun for tutorial_dag to None, run_after=None
[2026-05-23T11:40:35.612+0000] {processor.py:183} INFO - Processing /home/vscode/.local/lib/python3.11/site-packages/airflow/example_dags/tutorial_dag.py took 0.047 seconds
[2026-05-23T11:41:17.200+0000] {processor.py:161} INFO - Started process (PID=12184) to work on /home/vscode/.local/lib/python3.11/site-packages/airflow/example_dags/tutorial_dag.py
[2026-05-23T11:41:17.200+0000] {processor.py:830} INFO - Processing file /home/vscode/.local/lib/python3.11/site-packages/airflow/example_dags/tutorial_dag.py for tasks to queue
[2026-05-23T11:41:17.201+0000] {logging_mixin.py:188} INFO - [2026-05-23T11:41:17.201+0000] {dagbag.py:545} INFO - Filling up the DagBag from /home/vscode/.local/lib/python3.11/site-packages/airflow/example_dags/tutorial_dag.py
[2026-05-23T11:41:17.205+0000] {processor.py:840} INFO - DAG(s) 'tutorial_dag' retrieved from /home/vscode/.local/lib/python3.11/site-packages/airflow/example_dags/tutorial_dag.py
[2026-05-23T11:41:17.216+0000] {logging_mixin.py:188} INFO - [2026-05-23T11:41:17.216+0000] {dag.py:3096} INFO - Sync 1 DAGs
[2026-05-23T11:41:17.224+0000] {logging_mixin.py:188} INFO - [2026-05-23T11:41:17.224+0000] {dag.py:3954} INFO - Setting next_dagrun for tutorial_dag to None, run_after=None
[2026-05-23T11:41:17.240+0000] {processor.py:183} INFO - Processing /home/vscode/.local/lib/python3.11/site-packages/airflow/example_dags/tutorial_dag.py took 0.046 seconds
[2026-05-23T11:41:59.639+0000] {processor.py:161} INFO - Started process (PID=12632) to work on /home/vscode/.local/lib/python3.11/site-packages/airflow/example_dags/tutorial_dag.py
[2026-05-23T11:41:59.639+0000] {processor.py:830} INFO - Processing file /home/vscode/.local/lib/python3.11/site-packages/airflow/example_dags/tutorial_dag.py for tasks to queue
[2026-05-23T11:41:59.640+0000] {logging_mixin.py:188} INFO - [2026-05-23T11:41:59.640+0000] {dagbag.py:545} INFO - Filling up the DagBag from /home/vscode/.local/lib/python3.11/site-packages/airflow/example_dags/tutorial_dag.py
[2026-05-23T11:41:59.644+0000] {processor.py:840} INFO - DAG(s) 'tutorial_dag' retrieved from /home/vscode/.local/lib/python3.11/site-packages/airflow/example_dags/tutorial_dag.py
[2026-05-23T11:41:59.655+0000] {logging_mixin.py:188} INFO - [2026-05-23T11:41:59.655+0000] {dag.py:3096} INFO - Sync 1 DAGs
[2026-05-23T11:41:59.663+0000] {logging_mixin.py:188} INFO - [2026-05-23T11:41:59.663+0000] {dag.py:3954} INFO - Setting next_dagrun for tutorial_dag to None, run_after=None
[2026-05-23T11:41:59.679+0000] {processor.py:183} INFO - Processing /home/vscode/.local/lib/python3.11/site-packages/airflow/example_dags/tutorial_dag.py took 0.046 seconds
[2026-05-23T11:42:43.509+0000] {processor.py:161} INFO - Started process (PID=13029) to work on /home/vscode/.local/lib/python3.11/site-packages/airflow/example_dags/tutorial_dag.py
[2026-05-23T11:42:43.510+0000] {processor.py:830} INFO - Processing file /home/vscode/.local/lib/python3.11/site-packages/airflow/example_dags/tutorial_dag.py for tasks to queue
[2026-05-23T11:42:43.510+0000] {logging_mixin.py:188} INFO - [2026-05-23T11:42:43.510+0000] {dagbag.py:545} INFO - Filling up the DagBag from /home/vscode/.local/lib/python3.11/site-packages/airflow/example_dags/tutorial_dag.py
[2026-05-23T11:42:43.514+0000] {processor.py:840} INFO - DAG(s) 'tutorial_dag' retrieved from /home/vscode/.local/lib/python3.11/site-packages/airflow/example_dags/tutorial_dag.py
[2026-05-23T11:42:43.526+0000] {logging_mixin.py:188} INFO - [2026-05-23T11:42:43.526+0000] {dag.py:3096} INFO - Sync 1 DAGs
[2026-05-23T11:42:43.534+0000] {logging_mixin.py:188} INFO - [2026-05-23T11:42:43.534+0000] {dag.py:3954} INFO - Setting next_dagrun for tutorial_dag to None, run_after=None
[2026-05-23T11:42:43.550+0000] {processor.py:183} INFO - Processing /home/vscode/.local/lib/python3.11/site-packages/airflow/example_dags/tutorial_dag.py took 0.049 seconds
[2026-05-23T11:43:28.424+0000] {processor.py:161} INFO - Started process (PID=13440) to work on /home/vscode/.local/lib/python3.11/site-packages/airflow/example_dags/tutorial_dag.py
[2026-05-23T11:43:28.425+0000] {processor.py:830} INFO - Processing file /home/vscode/.local/lib/python3.11/site-packages/airflow/example_dags/tutorial_dag.py for tasks to queue
[2026-05-23T11:43:28.425+0000] {logging_mixin.py:188} INFO - [2026-05-23T11:43:28.425+0000] {dagbag.py:545} INFO - Filling up the DagBag from /home/vscode/.local/lib/python3.11/site-packages/airflow/example_dags/tutorial_dag.py
[2026-05-23T11:43:28.429+0000] {processor.py:840} INFO - DAG(s) 'tutorial_dag' retrieved from /home/vscode/.local/lib/python3.11/site-packages/airflow/example_dags/tutorial_dag.py
[2026-05-23T11:43:28.440+0000] {logging_mixin.py:188} INFO - [2026-05-23T11:43:28.440+0000] {dag.py:3096} INFO - Sync 1 DAGs
[2026-05-23T11:43:28.447+0000] {logging_mixin.py:188} INFO - [2026-05-23T11:43:28.447+0000] {dag.py:3954} INFO - Setting next_dagrun for tutorial_dag to None, run_after=None
[2026-05-23T11:43:28.462+0000] {processor.py:183} INFO - Processing /home/vscode/.local/lib/python3.11/site-packages/airflow/example_dags/tutorial_dag.py took 0.044 seconds
[2026-05-23T11:44:12.901+0000] {processor.py:161} INFO - Started process (PID=13781) to work on /home/vscode/.local/lib/python3.11/site-packages/airflow/example_dags/tutorial_dag.py
[2026-05-23T11:44:12.902+0000] {processor.py:830} INFO - Processing file /home/vscode/.local/lib/python3.11/site-packages/airflow/example_dags/tutorial_dag.py for tasks to queue
[2026-05-23T11:44:12.903+0000] {logging_mixin.py:188} INFO - [2026-05-23T11:44:12.903+0000] {dagbag.py:545} INFO - Filling up the DagBag from /home/vscode/.local/lib/python3.11/site-packages/airflow/example_dags/tutorial_dag.py
[2026-05-23T11:44:12.906+0000] {processor.py:840} INFO - DAG(s) 'tutorial_dag' retrieved from /home/vscode/.local/lib/python3.11/site-packages/airflow/example_dags/tutorial_dag.py
[2026-05-23T11:44:12.918+0000] {logging_mixin.py:188} INFO - [2026-05-23T11:44:12.918+0000] {dag.py:3096} INFO - Sync 1 DAGs
[2026-05-23T11:44:12.926+0000] {logging_mixin.py:188} INFO - [2026-05-23T11:44:12.926+0000] {dag.py:3954} INFO - Setting next_dagrun for tutorial_dag to None, run_after=None
[2026-05-23T11:44:12.943+0000] {processor.py:183} INFO - Processing /home/vscode/.local/lib/python3.11/site-packages/airflow/example_dags/tutorial_dag.py took 0.053 seconds
[2026-05-23T11:44:55.426+0000] {processor.py:161} INFO - Started process (PID=14171) to work on /home/vscode/.local/lib/python3.11/site-packages/airflow/example_dags/tutorial_dag.py
[2026-05-23T11:44:55.426+0000] {processor.py:830} INFO - Processing file /home/vscode/.local/lib/python3.11/site-packages/airflow/example_dags/tutorial_dag.py for tasks to queue
[2026-05-23T11:44:55.427+0000] {logging_mixin.py:188} INFO - [2026-05-23T11:44:55.427+0000] {dagbag.py:545} INFO - Filling up the DagBag from /home/vscode/.local/lib/python3.11/site-packages/airflow/example_dags/tutorial_dag.py
[2026-05-23T11:44:55.431+0000] {processor.py:840} INFO - DAG(s) 'tutorial_dag' retrieved from /home/vscode/.local/lib/python3.11/site-packages/airflow/example_dags/tutorial_dag.py
[2026-05-23T11:44:55.442+0000] {logging_mixin.py:188} INFO - [2026-05-23T11:44:55.441+0000] {dag.py:3096} INFO - Sync 1 DAGs
[2026-05-23T11:44:55.450+0000] {logging_mixin.py:188} INFO - [2026-05-23T11:44:55.450+0000] {dag.py:3954} INFO - Setting next_dagrun for tutorial_dag to None, run_after=None
[2026-05-23T11:44:55.470+0000] {processor.py:183} INFO - Processing /home/vscode/.local/lib/python3.11/site-packages/airflow/example_dags/tutorial_dag.py took 0.051 seconds
[2026-05-23T11:45:40.527+0000] {processor.py:161} INFO - Started process (PID=14778) to work on /home/vscode/.local/lib/python3.11/site-packages/airflow/example_dags/tutorial_dag.py
[2026-05-23T11:45:40.527+0000] {processor.py:830} INFO - Processing file /home/vscode/.local/lib/python3.11/site-packages/airflow/example_dags/tutorial_dag.py for tasks to queue
[2026-05-23T11:45:40.528+0000] {logging_mixin.py:188} INFO - [2026-05-23T11:45:40.528+0000] {dagbag.py:545} INFO - Filling up the DagBag from /home/vscode/.local/lib/python3.11/site-packages/airflow/example_dags/tutorial_dag.py
[2026-05-23T11:45:40.532+0000] {processor.py:840} INFO - DAG(s) 'tutorial_dag' retrieved from /home/vscode/.local/lib/python3.11/site-packages/airflow/example_dags/tutorial_dag.py
[2026-05-23T11:45:40.544+0000] {logging_mixin.py:188} INFO - [2026-05-23T11:45:40.544+0000] {dag.py:3096} INFO - Sync 1 DAGs
[2026-05-23T11:45:40.552+0000] {logging_mixin.py:188} INFO - [2026-05-23T11:45:40.552+0000] {dag.py:3954} INFO - Setting next_dagrun for tutorial_dag to None, run_after=None
[2026-05-23T11:45:40.567+0000] {processor.py:183} INFO - Processing /home/vscode/.local/lib/python3.11/site-packages/airflow/example_dags/tutorial_dag.py took 0.055 seconds
[2026-05-23T11:46:19.692+0000] {processor.py:161} INFO - Started process (PID=15100) to work on /home/vscode/.local/lib/python3.11/site-packages/airflow/example_dags/tutorial_dag.py
[2026-05-23T11:46:19.692+0000] {processor.py:830} INFO - Processing file /home/vscode/.local/lib/python3.11/site-packages/airflow/example_dags/tutorial_dag.py for tasks to queue
[2026-05-23T11:46:19.693+0000] {logging_mixin.py:188} INFO - [2026-05-23T11:46:19.692+0000] {dagbag.py:545} INFO - Filling up the DagBag from /home/vscode/.local/lib/python3.11/site-packages/airflow/example_dags/tutorial_dag.py
[2026-05-23T11:46:19.696+0000] {processor.py:840} INFO - DAG(s) 'tutorial_dag' retrieved from /home/vscode/.local/lib/python3.11/site-packages/airflow/example_dags/tutorial_dag.py
[2026-05-23T11:46:19.708+0000] {logging_mixin.py:188} INFO - [2026-05-23T11:46:19.708+0000] {dag.py:3096} INFO - Sync 1 DAGs
[2026-05-23T11:46:19.716+0000] {logging_mixin.py:188} INFO - [2026-05-23T11:46:19.716+0000] {dag.py:3954} INFO - Setting next_dagrun for tutorial_dag to None, run_after=None
[2026-05-23T11:46:19.731+0000] {processor.py:183} INFO - Processing /home/vscode/.local/lib/python3.11/site-packages/airflow/example_dags/tutorial_dag.py took 0.046 seconds
[2026-05-23T11:47:00.062+0000] {processor.py:161} INFO - Started process (PID=15541) to work on /home/vscode/.local/lib/python3.11/site-packages/airflow/example_dags/tutorial_dag.py
[2026-05-23T11:47:00.063+0000] {processor.py:830} INFO - Processing file /home/vscode/.local/lib/python3.11/site-packages/airflow/example_dags/tutorial_dag.py for tasks to queue
[2026-05-23T11:47:00.063+0000] {logging_mixin.py:188} INFO - [2026-05-23T11:47:00.063+0000] {dagbag.py:545} INFO - Filling up the DagBag from /home/vscode/.local/lib/python3.11/site-packages/airflow/example_dags/tutorial_dag.py
[2026-05-23T11:47:00.067+0000] {processor.py:840} INFO - DAG(s) 'tutorial_dag' retrieved from /home/vscode/.local/lib/python3.11/site-packages/airflow/example_dags/tutorial_dag.py
[2026-05-23T11:47:00.078+0000] {logging_mixin.py:188} INFO - [2026-05-23T11:47:00.078+0000] {dag.py:3096} INFO - Sync 1 DAGs
[2026-05-23T11:47:00.087+0000] {logging_mixin.py:188} INFO - [2026-05-23T11:47:00.087+0000] {dag.py:3954} INFO - Setting next_dagrun for tutorial_dag to None, run_after=None
[2026-05-23T11:47:00.103+0000] {processor.py:183} INFO - Processing /home/vscode/.local/lib/python3.11/site-packages/airflow/example_dags/tutorial_dag.py took 0.047 seconds
[2026-05-23T11:47:40.962+0000] {processor.py:161} INFO - Started process (PID=15919) to work on /home/vscode/.local/lib/python3.11/site-packages/airflow/example_dags/tutorial_dag.py
[2026-05-23T11:47:40.963+0000] {processor.py:830} INFO - Processing file /home/vscode/.local/lib/python3.11/site-packages/airflow/example_dags/tutorial_dag.py for tasks to queue
[2026-05-23T11:47:40.963+0000] {logging_mixin.py:188} INFO - [2026-05-23T11:47:40.963+0000] {dagbag.py:545} INFO - Filling up the DagBag from /home/vscode/.local/lib/python3.11/site-packages/airflow/example_dags/tutorial_dag.py
[2026-05-23T11:47:40.967+0000] {processor.py:840} INFO - DAG(s) 'tutorial_dag' retrieved from /home/vscode/.local/lib/python3.11/site-packages/airflow/example_dags/tutorial_dag.py
[2026-05-23T11:47:40.978+0000] {logging_mixin.py:188} INFO - [2026-05-23T11:47:40.978+0000] {dag.py:3096} INFO - Sync 1 DAGs
[2026-05-23T11:47:40.986+0000] {logging_mixin.py:188} INFO - [2026-05-23T11:47:40.986+0000] {dag.py:3954} INFO - Setting next_dagrun for tutorial_dag to None, run_after=None
[2026-05-23T11:47:41.002+0000] {processor.py:183} INFO - Processing /home/vscode/.local/lib/python3.11/site-packages/airflow/example_dags/tutorial_dag.py took 0.046 seconds
[2026-05-23T11:48:24.283+0000] {processor.py:161} INFO - Started process (PID=16322) to work on /home/vscode/.local/lib/python3.11/site-packages/airflow/example_dags/tutorial_dag.py
[2026-05-23T11:48:24.283+0000] {processor.py:830} INFO - Processing file /home/vscode/.local/lib/python3.11/site-packages/airflow/example_dags/tutorial_dag.py for tasks to queue
[2026-05-23T11:48:24.284+0000] {logging_mixin.py:188} INFO - [2026-05-23T11:48:24.283+0000] {dagbag.py:545} INFO - Filling up the DagBag from /home/vscode/.local/lib/python3.11/site-packages/airflow/example_dags/tutorial_dag.py
[2026-05-23T11:48:24.288+0000] {processor.py:840} INFO - DAG(s) 'tutorial_dag' retrieved from /home/vscode/.local/lib/python3.11/site-packages/airflow/example_dags/tutorial_dag.py
[2026-05-23T11:48:24.299+0000] {logging_mixin.py:188} INFO - [2026-05-23T11:48:24.299+0000] {dag.py:3096} INFO - Sync 1 DAGs
[2026-05-23T11:48:24.307+0000] {logging_mixin.py:188} INFO - [2026-05-23T11:48:24.307+0000] {dag.py:3954} INFO - Setting next_dagrun for tutorial_dag to None, run_after=None
[2026-05-23T11:48:24.323+0000] {processor.py:183} INFO - Processing /home/vscode/.local/lib/python3.11/site-packages/airflow/example_dags/tutorial_dag.py took 0.047 seconds
[2026-05-23T11:49:04.078+0000] {processor.py:161} INFO - Started process (PID=16705) to work on /home/vscode/.local/lib/python3.11/site-packages/airflow/example_dags/tutorial_dag.py
[2026-05-23T11:49:04.078+0000] {processor.py:830} INFO - Processing file /home/vscode/.local/lib/python3.11/site-packages/airflow/example_dags/tutorial_dag.py for tasks to queue
[2026-05-23T11:49:04.079+0000] {logging_mixin.py:188} INFO - [2026-05-23T11:49:04.079+0000] {dagbag.py:545} INFO - Filling up the DagBag from /home/vscode/.local/lib/python3.11/site-packages/airflow/example_dags/tutorial_dag.py
[2026-05-23T11:49:04.084+0000] {processor.py:840} INFO - DAG(s) 'tutorial_dag' retrieved from /home/vscode/.local/lib/python3.11/site-packages/airflow/example_dags/tutorial_dag.py
[2026-05-23T11:49:04.098+0000] {logging_mixin.py:188} INFO - [2026-05-23T11:49:04.098+0000] {dag.py:3096} INFO - Sync 1 DAGs
[2026-05-23T11:49:04.107+0000] {logging_mixin.py:188} INFO - [2026-05-23T11:49:04.107+0000] {dag.py:3954} INFO - Setting next_dagrun for tutorial_dag to None, run_after=None
[2026-05-23T11:49:04.133+0000] {processor.py:183} INFO - Processing /home/vscode/.local/lib/python3.11/site-packages/airflow/example_dags/tutorial_dag.py took 0.061 seconds
[2026-05-23T11:49:46.953+0000] {processor.py:161} INFO - Started process (PID=17181) to work on /home/vscode/.local/lib/python3.11/site-packages/airflow/example_dags/tutorial_dag.py
[2026-05-23T11:49:46.954+0000] {processor.py:830} INFO - Processing file /home/vscode/.local/lib/python3.11/site-packages/airflow/example_dags/tutorial_dag.py for tasks to queue
[2026-05-23T11:49:46.955+0000] {logging_mixin.py:188} INFO - [2026-05-23T11:49:46.954+0000] {dagbag.py:545} INFO - Filling up the DagBag from /home/vscode/.local/lib/python3.11/site-packages/airflow/example_dags/tutorial_dag.py
[2026-05-23T11:49:46.958+0000] {processor.py:840} INFO - DAG(s) 'tutorial_dag' retrieved from /home/vscode/.local/lib/python3.11/site-packages/airflow/example_dags/tutorial_dag.py
[2026-05-23T11:49:46.969+0000] {logging_mixin.py:188} INFO - [2026-05-23T11:49:46.969+0000] {dag.py:3096} INFO - Sync 1 DAGs
[2026-05-23T11:49:46.977+0000] {logging_mixin.py:188} INFO - [2026-05-23T11:49:46.977+0000] {dag.py:3954} INFO - Setting next_dagrun for tutorial_dag to None, run_after=None
[2026-05-23T11:49:46.994+0000] {processor.py:183} INFO - Processing /home/vscode/.local/lib/python3.11/site-packages/airflow/example_dags/tutorial_dag.py took 0.047 seconds
[2026-05-23T11:50:29.994+0000] {processor.py:161} INFO - Started process (PID=17898) to work on /home/vscode/.local/lib/python3.11/site-packages/airflow/example_dags/tutorial_dag.py
[2026-05-23T11:50:29.994+0000] {processor.py:830} INFO - Processing file /home/vscode/.local/lib/python3.11/site-packages/airflow/example_dags/tutorial_dag.py for tasks to queue
[2026-05-23T11:50:29.995+0000] {logging_mixin.py:188} INFO - [2026-05-23T11:50:29.995+0000] {dagbag.py:545} INFO - Filling up the DagBag from /home/vscode/.local/lib/python3.11/site-packages/airflow/example_dags/tutorial_dag.py
[2026-05-23T11:50:29.999+0000] {processor.py:840} INFO - DAG(s) 'tutorial_dag' retrieved from /home/vscode/.local/lib/python3.11/site-packages/airflow/example_dags/tutorial_dag.py
[2026-05-23T11:50:30.011+0000] {logging_mixin.py:188} INFO - [2026-05-23T11:50:30.010+0000] {dag.py:3096} INFO - Sync 1 DAGs
[2026-05-23T11:50:30.019+0000] {logging_mixin.py:188} INFO - [2026-05-23T11:50:30.019+0000] {dag.py:3954} INFO - Setting next_dagrun for tutorial_dag to None, run_after=None
[2026-05-23T11:50:30.034+0000] {processor.py:183} INFO - Processing /home/vscode/.local/lib/python3.11/site-packages/airflow/example_dags/tutorial_dag.py took 0.047 seconds
[2026-05-23T11:51:12.777+0000] {processor.py:161} INFO - Started process (PID=18459) to work on /home/vscode/.local/lib/python3.11/site-packages/airflow/example_dags/tutorial_dag.py
[2026-05-23T11:51:12.777+0000] {processor.py:830} INFO - Processing file /home/vscode/.local/lib/python3.11/site-packages/airflow/example_dags/tutorial_dag.py for tasks to queue
[2026-05-23T11:51:12.778+0000] {logging_mixin.py:188} INFO - [2026-05-23T11:51:12.778+0000] {dagbag.py:545} INFO - Filling up the DagBag from /home/vscode/.local/lib/python3.11/site-packages/airflow/example_dags/tutorial_dag.py
[2026-05-23T11:51:12.782+0000] {processor.py:840} INFO - DAG(s) 'tutorial_dag' retrieved from /home/vscode/.local/lib/python3.11/site-packages/airflow/example_dags/tutorial_dag.py
[2026-05-23T11:51:12.803+0000] {logging_mixin.py:188} INFO - [2026-05-23T11:51:12.801+0000] {dag.py:3096} INFO - Sync 1 DAGs
[2026-05-23T11:51:12.820+0000] {logging_mixin.py:188} INFO - [2026-05-23T11:51:12.820+0000] {dag.py:3954} INFO - Setting next_dagrun for tutorial_dag to None, run_after=None
[2026-05-23T11:51:12.859+0000] {processor.py:183} INFO - Processing /home/vscode/.local/lib/python3.11/site-packages/airflow/example_dags/tutorial_dag.py took 0.088 seconds
[2026-05-23T11:51:52.212+0000] {processor.py:161} INFO - Started process (PID=18861) to work on /home/vscode/.local/lib/python3.11/site-packages/airflow/example_dags/tutorial_dag.py
[2026-05-23T11:51:52.213+0000] {processor.py:830} INFO - Processing file /home/vscode/.local/lib/python3.11/site-packages/airflow/example_dags/tutorial_dag.py for tasks to queue
[2026-05-23T11:51:52.213+0000] {logging_mixin.py:188} INFO - [2026-05-23T11:51:52.213+0000] {dagbag.py:545} INFO - Filling up the DagBag from /home/vscode/.local/lib/python3.11/site-packages/airflow/example_dags/tutorial_dag.py
[2026-05-23T11:51:52.217+0000] {processor.py:840} INFO - DAG(s) 'tutorial_dag' retrieved from /home/vscode/.local/lib/python3.11/site-packages/airflow/example_dags/tutorial_dag.py
[2026-05-23T11:51:52.229+0000] {logging_mixin.py:188} INFO - [2026-05-23T11:51:52.229+0000] {dag.py:3096} INFO - Sync 1 DAGs
[2026-05-23T11:51:52.237+0000] {logging_mixin.py:188} INFO - [2026-05-23T11:51:52.236+0000] {dag.py:3954} INFO - Setting next_dagrun for tutorial_dag to None, run_after=None
[2026-05-23T11:51:52.252+0000] {processor.py:183} INFO - Processing /home/vscode/.local/lib/python3.11/site-packages/airflow/example_dags/tutorial_dag.py took 0.046 seconds
[2026-05-23T11:52:34.941+0000] {processor.py:161} INFO - Started process (PID=19253) to work on /home/vscode/.local/lib/python3.11/site-packages/airflow/example_dags/tutorial_dag.py
[2026-05-23T11:52:34.942+0000] {processor.py:830} INFO - Processing file /home/vscode/.local/lib/python3.11/site-packages/airflow/example_dags/tutorial_dag.py for tasks to queue
[2026-05-23T11:52:34.942+0000] {logging_mixin.py:188} INFO - [2026-05-23T11:52:34.942+0000] {dagbag.py:545} INFO - Filling up the DagBag from /home/vscode/.local/lib/python3.11/site-packages/airflow/example_dags/tutorial_dag.py
[2026-05-23T11:52:34.948+0000] {processor.py:840} INFO - DAG(s) 'tutorial_dag' retrieved from /home/vscode/.local/lib/python3.11/site-packages/airflow/example_dags/tutorial_dag.py
[2026-05-23T11:52:34.960+0000] {logging_mixin.py:188} INFO - [2026-05-23T11:52:34.960+0000] {dag.py:3096} INFO - Sync 1 DAGs
[2026-05-23T11:52:34.969+0000] {logging_mixin.py:188} INFO - [2026-05-23T11:52:34.968+0000] {dag.py:3954} INFO - Setting next_dagrun for tutorial_dag to None, run_after=None
[2026-05-23T11:52:34.985+0000] {processor.py:183} INFO - Processing /home/vscode/.local/lib/python3.11/site-packages/airflow/example_dags/tutorial_dag.py took 0.050 seconds
[2026-05-23T11:53:24.080+0000] {processor.py:161} INFO - Started process (PID=19855) to work on /home/vscode/.local/lib/python3.11/site-packages/airflow/example_dags/tutorial_dag.py
[2026-05-23T11:53:24.081+0000] {processor.py:830} INFO - Processing file /home/vscode/.local/lib/python3.11/site-packages/airflow/example_dags/tutorial_dag.py for tasks to queue
[2026-05-23T11:53:24.081+0000] {logging_mixin.py:188} INFO - [2026-05-23T11:53:24.081+0000] {dagbag.py:545} INFO - Filling up the DagBag from /home/vscode/.local/lib/python3.11/site-packages/airflow/example_dags/tutorial_dag.py
[2026-05-23T11:53:24.085+0000] {processor.py:840} INFO - DAG(s) 'tutorial_dag' retrieved from /home/vscode/.local/lib/python3.11/site-packages/airflow/example_dags/tutorial_dag.py
[2026-05-23T11:53:24.097+0000] {logging_mixin.py:188} INFO - [2026-05-23T11:53:24.097+0000] {dag.py:3096} INFO - Sync 1 DAGs
[2026-05-23T11:53:24.105+0000] {logging_mixin.py:188} INFO - [2026-05-23T11:53:24.105+0000] {dag.py:3954} INFO - Setting next_dagrun for tutorial_dag to None, run_after=None
[2026-05-23T11:53:24.122+0000] {processor.py:183} INFO - Processing /home/vscode/.local/lib/python3.11/site-packages/airflow/example_dags/tutorial_dag.py took 0.051 seconds
[2026-05-23T11:54:06.961+0000] {processor.py:161} INFO - Started process (PID=20428) to work on /home/vscode/.local/lib/python3.11/site-packages/airflow/example_dags/tutorial_dag.py
[2026-05-23T11:54:06.962+0000] {processor.py:830} INFO - Processing file /home/vscode/.local/lib/python3.11/site-packages/airflow/example_dags/tutorial_dag.py for tasks to queue
[2026-05-23T11:54:06.962+0000] {logging_mixin.py:188} INFO - [2026-05-23T11:54:06.962+0000] {dagbag.py:545} INFO - Filling up the DagBag from /home/vscode/.local/lib/python3.11/site-packages/airflow/example_dags/tutorial_dag.py
[2026-05-23T11:54:06.966+0000] {processor.py:840} INFO - DAG(s) 'tutorial_dag' retrieved from /home/vscode/.local/lib/python3.11/site-packages/airflow/example_dags/tutorial_dag.py
[2026-05-23T11:54:06.978+0000] {logging_mixin.py:188} INFO - [2026-05-23T11:54:06.978+0000] {dag.py:3096} INFO - Sync 1 DAGs
[2026-05-23T11:54:06.986+0000] {logging_mixin.py:188} INFO - [2026-05-23T11:54:06.986+0000] {dag.py:3954} INFO - Setting next_dagrun for tutorial_dag to None, run_after=None
[2026-05-23T11:54:07.002+0000] {processor.py:183} INFO - Processing /home/vscode/.local/lib/python3.11/site-packages/airflow/example_dags/tutorial_dag.py took 0.047 seconds
[2026-05-23T11:54:52.632+0000] {processor.py:161} INFO - Started process (PID=21087) to work on /home/vscode/.local/lib/python3.11/site-packages/airflow/example_dags/tutorial_dag.py
[2026-05-23T11:54:52.633+0000] {processor.py:830} INFO - Processing file /home/vscode/.local/lib/python3.11/site-packages/airflow/example_dags/tutorial_dag.py for tasks to queue
[2026-05-23T11:54:52.634+0000] {logging_mixin.py:188} INFO - [2026-05-23T11:54:52.633+0000] {dagbag.py:545} INFO - Filling up the DagBag from /home/vscode/.local/lib/python3.11/site-packages/airflow/example_dags/tutorial_dag.py
[2026-05-23T11:54:52.639+0000] {processor.py:840} INFO - DAG(s) 'tutorial_dag' retrieved from /home/vscode/.local/lib/python3.11/site-packages/airflow/example_dags/tutorial_dag.py
[2026-05-23T11:54:52.657+0000] {logging_mixin.py:188} INFO - [2026-05-23T11:54:52.657+0000] {dag.py:3096} INFO - Sync 1 DAGs
[2026-05-23T11:54:52.676+0000] {logging_mixin.py:188} INFO - [2026-05-23T11:54:52.675+0000] {dag.py:3954} INFO - Setting next_dagrun for tutorial_dag to None, run_after=None
[2026-05-23T11:54:52.699+0000] {processor.py:183} INFO - Processing /home/vscode/.local/lib/python3.11/site-packages/airflow/example_dags/tutorial_dag.py took 0.077 seconds
[2026-05-23T11:55:44.277+0000] {processor.py:161} INFO - Started process (PID=21796) to work on /home/vscode/.local/lib/python3.11/site-packages/airflow/example_dags/tutorial_dag.py
[2026-05-23T11:55:44.278+0000] {processor.py:830} INFO - Processing file /home/vscode/.local/lib/python3.11/site-packages/airflow/example_dags/tutorial_dag.py for tasks to queue
[2026-05-23T11:55:44.279+0000] {logging_mixin.py:188} INFO - [2026-05-23T11:55:44.278+0000] {dagbag.py:545} INFO - Filling up the DagBag from /home/vscode/.local/lib/python3.11/site-packages/airflow/example_dags/tutorial_dag.py
[2026-05-23T11:55:44.284+0000] {processor.py:840} INFO - DAG(s) 'tutorial_dag' retrieved from /home/vscode/.local/lib/python3.11/site-packages/airflow/example_dags/tutorial_dag.py
[2026-05-23T11:55:44.301+0000] {logging_mixin.py:188} INFO - [2026-05-23T11:55:44.301+0000] {dag.py:3096} INFO - Sync 1 DAGs
[2026-05-23T11:55:44.316+0000] {logging_mixin.py:188} INFO - [2026-05-23T11:55:44.316+0000] {dag.py:3954} INFO - Setting next_dagrun for tutorial_dag to None, run_after=None
[2026-05-23T11:55:44.340+0000] {processor.py:183} INFO - Processing /home/vscode/.local/lib/python3.11/site-packages/airflow/example_dags/tutorial_dag.py took 0.072 seconds
[2026-05-23T11:56:34.214+0000] {processor.py:161} INFO - Started process (PID=22508) to work on /home/vscode/.local/lib/python3.11/site-packages/airflow/example_dags/tutorial_dag.py
[2026-05-23T11:56:34.214+0000] {processor.py:830} INFO - Processing file /home/vscode/.local/lib/python3.11/site-packages/airflow/example_dags/tutorial_dag.py for tasks to queue
[2026-05-23T11:56:34.215+0000] {logging_mixin.py:188} INFO - [2026-05-23T11:56:34.215+0000] {dagbag.py:545} INFO - Filling up the DagBag from /home/vscode/.local/lib/python3.11/site-packages/airflow/example_dags/tutorial_dag.py
[2026-05-23T11:56:34.220+0000] {processor.py:840} INFO - DAG(s) 'tutorial_dag' retrieved from /home/vscode/.local/lib/python3.11/site-packages/airflow/example_dags/tutorial_dag.py
[2026-05-23T11:56:34.237+0000] {logging_mixin.py:188} INFO - [2026-05-23T11:56:34.237+0000] {dag.py:3096} INFO - Sync 1 DAGs
[2026-05-23T11:56:34.250+0000] {logging_mixin.py:188} INFO - [2026-05-23T11:56:34.250+0000] {dag.py:3954} INFO - Setting next_dagrun for tutorial_dag to None, run_after=None
[2026-05-23T11:56:34.274+0000] {processor.py:183} INFO - Processing /home/vscode/.local/lib/python3.11/site-packages/airflow/example_dags/tutorial_dag.py took 0.070 seconds
[2026-05-23T11:57:22.793+0000] {processor.py:161} INFO - Started process (PID=22897) to work on /home/vscode/.local/lib/python3.11/site-packages/airflow/example_dags/tutorial_dag.py
[2026-05-23T11:57:22.794+0000] {processor.py:830} INFO - Processing file /home/vscode/.local/lib/python3.11/site-packages/airflow/example_dags/tutorial_dag.py for tasks to queue
[2026-05-23T11:57:22.795+0000] {logging_mixin.py:188} INFO - [2026-05-23T11:57:22.795+0000] {dagbag.py:545} INFO - Filling up the DagBag from /home/vscode/.local/lib/python3.11/site-packages/airflow/example_dags/tutorial_dag.py
[2026-05-23T11:57:22.800+0000] {processor.py:840} INFO - DAG(s) 'tutorial_dag' retrieved from /home/vscode/.local/lib/python3.11/site-packages/airflow/example_dags/tutorial_dag.py
[2026-05-23T11:57:22.820+0000] {logging_mixin.py:188} INFO - [2026-05-23T11:57:22.820+0000] {dag.py:3096} INFO - Sync 1 DAGs
[2026-05-23T11:57:22.833+0000] {logging_mixin.py:188} INFO - [2026-05-23T11:57:22.833+0000] {dag.py:3954} INFO - Setting next_dagrun for tutorial_dag to None, run_after=None
[2026-05-23T11:57:22.863+0000] {processor.py:183} INFO - Processing /home/vscode/.local/lib/python3.11/site-packages/airflow/example_dags/tutorial_dag.py took 0.079 seconds
[2026-05-23T11:58:14.448+0000] {processor.py:161} INFO - Started process (PID=23364) to work on /home/vscode/.local/lib/python3.11/site-packages/airflow/example_dags/tutorial_dag.py
[2026-05-23T11:58:14.449+0000] {processor.py:830} INFO - Processing file /home/vscode/.local/lib/python3.11/site-packages/airflow/example_dags/tutorial_dag.py for tasks to queue
[2026-05-23T11:58:14.450+0000] {logging_mixin.py:188} INFO - [2026-05-23T11:58:14.449+0000] {dagbag.py:545} INFO - Filling up the DagBag from /home/vscode/.local/lib/python3.11/site-packages/airflow/example_dags/tutorial_dag.py
[2026-05-23T11:58:14.456+0000] {processor.py:840} INFO - DAG(s) 'tutorial_dag' retrieved from /home/vscode/.local/lib/python3.11/site-packages/airflow/example_dags/tutorial_dag.py
[2026-05-23T11:58:14.473+0000] {logging_mixin.py:188} INFO - [2026-05-23T11:58:14.473+0000] {dag.py:3096} INFO - Sync 1 DAGs
[2026-05-23T11:58:14.490+0000] {logging_mixin.py:188} INFO - [2026-05-23T11:58:14.489+0000] {dag.py:3954} INFO - Setting next_dagrun for tutorial_dag to None, run_after=None
[2026-05-23T11:58:14.512+0000] {processor.py:183} INFO - Processing /home/vscode/.local/lib/python3.11/site-packages/airflow/example_dags/tutorial_dag.py took 0.074 seconds
[2026-05-23T12:11:27.050+0000] {processor.py:161} INFO - Started process (PID=32293) to work on /home/vscode/.local/lib/python3.11/site-packages/airflow/example_dags/tutorial_dag.py
[2026-05-23T12:11:27.054+0000] {processor.py:830} INFO - Processing file /home/vscode/.local/lib/python3.11/site-packages/airflow/example_dags/tutorial_dag.py for tasks to queue
[2026-05-23T12:11:27.055+0000] {logging_mixin.py:188} INFO - [2026-05-23T12:11:27.054+0000] {dagbag.py:545} INFO - Filling up the DagBag from /home/vscode/.local/lib/python3.11/site-packages/airflow/example_dags/tutorial_dag.py
[2026-05-23T12:11:27.058+0000] {processor.py:840} INFO - DAG(s) 'tutorial_dag' retrieved from /home/vscode/.local/lib/python3.11/site-packages/airflow/example_dags/tutorial_dag.py
[2026-05-23T12:11:27.127+0000] {logging_mixin.py:188} INFO - [2026-05-23T12:11:27.127+0000] {dag.py:3096} INFO - Sync 1 DAGs
[2026-05-23T12:11:27.134+0000] {logging_mixin.py:188} INFO - [2026-05-23T12:11:27.134+0000] {dag.py:3954} INFO - Setting next_dagrun for tutorial_dag to None, run_after=None
[2026-05-23T12:11:27.150+0000] {processor.py:183} INFO - Processing /home/vscode/.local/lib/python3.11/site-packages/airflow/example_dags/tutorial_dag.py took 0.106 seconds
