[2026-05-09T11:19:05.314+0000] {processor.py:161} INFO - Started process (PID=7262) to work on /home/vscode/.local/lib/python3.11/site-packages/airflow/example_dags/example_nested_branch_dag.py
[2026-05-09T11:19:05.314+0000] {processor.py:830} INFO - Processing file /home/vscode/.local/lib/python3.11/site-packages/airflow/example_dags/example_nested_branch_dag.py for tasks to queue
[2026-05-09T11:19:05.315+0000] {logging_mixin.py:188} INFO - [2026-05-09T11:19:05.315+0000] {dagbag.py:545} INFO - Filling up the DagBag from /home/vscode/.local/lib/python3.11/site-packages/airflow/example_dags/example_nested_branch_dag.py
[2026-05-09T11:19:05.323+0000] {processor.py:840} INFO - DAG(s) 'example_nested_branch_dag' retrieved from /home/vscode/.local/lib/python3.11/site-packages/airflow/example_dags/example_nested_branch_dag.py
[2026-05-09T11:19:05.482+0000] {logging_mixin.py:188} INFO - [2026-05-09T11:19:05.482+0000] {dag.py:3096} INFO - Sync 1 DAGs
[2026-05-09T11:19:05.494+0000] {logging_mixin.py:188} INFO - [2026-05-09T11:19:05.493+0000] {dag.py:3954} INFO - Setting next_dagrun for example_nested_branch_dag to 2026-05-08 00:00:00+00:00, run_after=2026-05-09 00:00:00+00:00
[2026-05-09T11:19:05.509+0000] {processor.py:183} INFO - Processing /home/vscode/.local/lib/python3.11/site-packages/airflow/example_dags/example_nested_branch_dag.py took 0.201 seconds
[2026-05-09T11:20:04.740+0000] {processor.py:161} INFO - Started process (PID=7768) to work on /home/vscode/.local/lib/python3.11/site-packages/airflow/example_dags/example_nested_branch_dag.py
[2026-05-09T11:20:04.741+0000] {processor.py:830} INFO - Processing file /home/vscode/.local/lib/python3.11/site-packages/airflow/example_dags/example_nested_branch_dag.py for tasks to queue
[2026-05-09T11:20:04.741+0000] {logging_mixin.py:188} INFO - [2026-05-09T11:20:04.741+0000] {dagbag.py:545} INFO - Filling up the DagBag from /home/vscode/.local/lib/python3.11/site-packages/airflow/example_dags/example_nested_branch_dag.py
[2026-05-09T11:20:04.770+0000] {processor.py:840} INFO - DAG(s) 'example_nested_branch_dag' retrieved from /home/vscode/.local/lib/python3.11/site-packages/airflow/example_dags/example_nested_branch_dag.py
[2026-05-09T11:20:04.902+0000] {logging_mixin.py:188} INFO - [2026-05-09T11:20:04.902+0000] {dag.py:3096} INFO - Sync 1 DAGs
[2026-05-09T11:20:04.914+0000] {logging_mixin.py:188} INFO - [2026-05-09T11:20:04.914+0000] {dag.py:3954} INFO - Setting next_dagrun for example_nested_branch_dag to 2026-05-08 00:00:00+00:00, run_after=2026-05-09 00:00:00+00:00
[2026-05-09T11:20:04.929+0000] {processor.py:183} INFO - Processing /home/vscode/.local/lib/python3.11/site-packages/airflow/example_dags/example_nested_branch_dag.py took 0.197 seconds
[2026-05-09T11:20:56.479+0000] {processor.py:161} INFO - Started process (PID=8209) to work on /home/vscode/.local/lib/python3.11/site-packages/airflow/example_dags/example_nested_branch_dag.py
[2026-05-09T11:20:56.480+0000] {processor.py:830} INFO - Processing file /home/vscode/.local/lib/python3.11/site-packages/airflow/example_dags/example_nested_branch_dag.py for tasks to queue
[2026-05-09T11:20:56.480+0000] {logging_mixin.py:188} INFO - [2026-05-09T11:20:56.480+0000] {dagbag.py:545} INFO - Filling up the DagBag from /home/vscode/.local/lib/python3.11/site-packages/airflow/example_dags/example_nested_branch_dag.py
[2026-05-09T11:20:56.488+0000] {processor.py:840} INFO - DAG(s) 'example_nested_branch_dag' retrieved from /home/vscode/.local/lib/python3.11/site-packages/airflow/example_dags/example_nested_branch_dag.py
[2026-05-09T11:20:56.500+0000] {logging_mixin.py:188} INFO - [2026-05-09T11:20:56.500+0000] {dag.py:3096} INFO - Sync 1 DAGs
[2026-05-09T11:20:56.514+0000] {logging_mixin.py:188} INFO - [2026-05-09T11:20:56.514+0000] {dag.py:3954} INFO - Setting next_dagrun for example_nested_branch_dag to 2026-05-08 00:00:00+00:00, run_after=2026-05-09 00:00:00+00:00
[2026-05-09T11:20:56.529+0000] {processor.py:183} INFO - Processing /home/vscode/.local/lib/python3.11/site-packages/airflow/example_dags/example_nested_branch_dag.py took 0.056 seconds
[2026-05-09T11:21:47.121+0000] {processor.py:161} INFO - Started process (PID=8767) to work on /home/vscode/.local/lib/python3.11/site-packages/airflow/example_dags/example_nested_branch_dag.py
[2026-05-09T11:21:47.121+0000] {processor.py:830} INFO - Processing file /home/vscode/.local/lib/python3.11/site-packages/airflow/example_dags/example_nested_branch_dag.py for tasks to queue
[2026-05-09T11:21:47.122+0000] {logging_mixin.py:188} INFO - [2026-05-09T11:21:47.121+0000] {dagbag.py:545} INFO - Filling up the DagBag from /home/vscode/.local/lib/python3.11/site-packages/airflow/example_dags/example_nested_branch_dag.py
[2026-05-09T11:21:47.129+0000] {processor.py:840} INFO - DAG(s) 'example_nested_branch_dag' retrieved from /home/vscode/.local/lib/python3.11/site-packages/airflow/example_dags/example_nested_branch_dag.py
[2026-05-09T11:21:47.142+0000] {logging_mixin.py:188} INFO - [2026-05-09T11:21:47.142+0000] {dag.py:3096} INFO - Sync 1 DAGs
[2026-05-09T11:21:47.157+0000] {logging_mixin.py:188} INFO - [2026-05-09T11:21:47.157+0000] {dag.py:3954} INFO - Setting next_dagrun for example_nested_branch_dag to 2026-05-08 00:00:00+00:00, run_after=2026-05-09 00:00:00+00:00
[2026-05-09T11:21:47.173+0000] {processor.py:183} INFO - Processing /home/vscode/.local/lib/python3.11/site-packages/airflow/example_dags/example_nested_branch_dag.py took 0.059 seconds
[2026-05-09T11:22:44.576+0000] {processor.py:161} INFO - Started process (PID=9367) to work on /home/vscode/.local/lib/python3.11/site-packages/airflow/example_dags/example_nested_branch_dag.py
[2026-05-09T11:22:44.577+0000] {processor.py:830} INFO - Processing file /home/vscode/.local/lib/python3.11/site-packages/airflow/example_dags/example_nested_branch_dag.py for tasks to queue
[2026-05-09T11:22:44.577+0000] {logging_mixin.py:188} INFO - [2026-05-09T11:22:44.577+0000] {dagbag.py:545} INFO - Filling up the DagBag from /home/vscode/.local/lib/python3.11/site-packages/airflow/example_dags/example_nested_branch_dag.py
[2026-05-09T11:22:44.585+0000] {processor.py:840} INFO - DAG(s) 'example_nested_branch_dag' retrieved from /home/vscode/.local/lib/python3.11/site-packages/airflow/example_dags/example_nested_branch_dag.py
[2026-05-09T11:22:44.598+0000] {logging_mixin.py:188} INFO - [2026-05-09T11:22:44.598+0000] {dag.py:3096} INFO - Sync 1 DAGs
[2026-05-09T11:22:44.615+0000] {logging_mixin.py:188} INFO - [2026-05-09T11:22:44.614+0000] {dag.py:3954} INFO - Setting next_dagrun for example_nested_branch_dag to 2026-05-08 00:00:00+00:00, run_after=2026-05-09 00:00:00+00:00
[2026-05-09T11:22:44.633+0000] {processor.py:183} INFO - Processing /home/vscode/.local/lib/python3.11/site-packages/airflow/example_dags/example_nested_branch_dag.py took 0.065 seconds
[2026-05-09T11:23:42.351+0000] {processor.py:161} INFO - Started process (PID=10179) to work on /home/vscode/.local/lib/python3.11/site-packages/airflow/example_dags/example_nested_branch_dag.py
[2026-05-09T11:23:42.351+0000] {processor.py:830} INFO - Processing file /home/vscode/.local/lib/python3.11/site-packages/airflow/example_dags/example_nested_branch_dag.py for tasks to queue
[2026-05-09T11:23:42.352+0000] {logging_mixin.py:188} INFO - [2026-05-09T11:23:42.352+0000] {dagbag.py:545} INFO - Filling up the DagBag from /home/vscode/.local/lib/python3.11/site-packages/airflow/example_dags/example_nested_branch_dag.py
[2026-05-09T11:23:42.360+0000] {processor.py:840} INFO - DAG(s) 'example_nested_branch_dag' retrieved from /home/vscode/.local/lib/python3.11/site-packages/airflow/example_dags/example_nested_branch_dag.py
[2026-05-09T11:23:42.372+0000] {logging_mixin.py:188} INFO - [2026-05-09T11:23:42.372+0000] {dag.py:3096} INFO - Sync 1 DAGs
[2026-05-09T11:23:42.388+0000] {logging_mixin.py:188} INFO - [2026-05-09T11:23:42.388+0000] {dag.py:3954} INFO - Setting next_dagrun for example_nested_branch_dag to 2026-05-08 00:00:00+00:00, run_after=2026-05-09 00:00:00+00:00
[2026-05-09T11:23:42.403+0000] {processor.py:183} INFO - Processing /home/vscode/.local/lib/python3.11/site-packages/airflow/example_dags/example_nested_branch_dag.py took 0.059 seconds
[2026-05-09T11:24:42.384+0000] {processor.py:161} INFO - Started process (PID=10941) to work on /home/vscode/.local/lib/python3.11/site-packages/airflow/example_dags/example_nested_branch_dag.py
[2026-05-09T11:24:42.385+0000] {processor.py:830} INFO - Processing file /home/vscode/.local/lib/python3.11/site-packages/airflow/example_dags/example_nested_branch_dag.py for tasks to queue
[2026-05-09T11:24:42.385+0000] {logging_mixin.py:188} INFO - [2026-05-09T11:24:42.385+0000] {dagbag.py:545} INFO - Filling up the DagBag from /home/vscode/.local/lib/python3.11/site-packages/airflow/example_dags/example_nested_branch_dag.py
[2026-05-09T11:24:42.393+0000] {processor.py:840} INFO - DAG(s) 'example_nested_branch_dag' retrieved from /home/vscode/.local/lib/python3.11/site-packages/airflow/example_dags/example_nested_branch_dag.py
[2026-05-09T11:24:42.405+0000] {logging_mixin.py:188} INFO - [2026-05-09T11:24:42.405+0000] {dag.py:3096} INFO - Sync 1 DAGs
[2026-05-09T11:24:42.419+0000] {logging_mixin.py:188} INFO - [2026-05-09T11:24:42.419+0000] {dag.py:3954} INFO - Setting next_dagrun for example_nested_branch_dag to 2026-05-08 00:00:00+00:00, run_after=2026-05-09 00:00:00+00:00
[2026-05-09T11:24:42.435+0000] {processor.py:183} INFO - Processing /home/vscode/.local/lib/python3.11/site-packages/airflow/example_dags/example_nested_branch_dag.py took 0.057 seconds
[2026-05-09T11:25:44.088+0000] {processor.py:161} INFO - Started process (PID=11531) to work on /home/vscode/.local/lib/python3.11/site-packages/airflow/example_dags/example_nested_branch_dag.py
[2026-05-09T11:25:44.089+0000] {processor.py:830} INFO - Processing file /home/vscode/.local/lib/python3.11/site-packages/airflow/example_dags/example_nested_branch_dag.py for tasks to queue
[2026-05-09T11:25:44.089+0000] {logging_mixin.py:188} INFO - [2026-05-09T11:25:44.089+0000] {dagbag.py:545} INFO - Filling up the DagBag from /home/vscode/.local/lib/python3.11/site-packages/airflow/example_dags/example_nested_branch_dag.py
[2026-05-09T11:25:44.097+0000] {processor.py:840} INFO - DAG(s) 'example_nested_branch_dag' retrieved from /home/vscode/.local/lib/python3.11/site-packages/airflow/example_dags/example_nested_branch_dag.py
[2026-05-09T11:25:44.109+0000] {logging_mixin.py:188} INFO - [2026-05-09T11:25:44.109+0000] {dag.py:3096} INFO - Sync 1 DAGs
[2026-05-09T11:25:44.122+0000] {logging_mixin.py:188} INFO - [2026-05-09T11:25:44.122+0000] {dag.py:3954} INFO - Setting next_dagrun for example_nested_branch_dag to 2026-05-08 00:00:00+00:00, run_after=2026-05-09 00:00:00+00:00
[2026-05-09T11:25:44.137+0000] {processor.py:183} INFO - Processing /home/vscode/.local/lib/python3.11/site-packages/airflow/example_dags/example_nested_branch_dag.py took 0.055 seconds
[2026-05-09T11:26:43.467+0000] {processor.py:161} INFO - Started process (PID=12126) to work on /home/vscode/.local/lib/python3.11/site-packages/airflow/example_dags/example_nested_branch_dag.py
[2026-05-09T11:26:43.468+0000] {processor.py:830} INFO - Processing file /home/vscode/.local/lib/python3.11/site-packages/airflow/example_dags/example_nested_branch_dag.py for tasks to queue
[2026-05-09T11:26:43.468+0000] {logging_mixin.py:188} INFO - [2026-05-09T11:26:43.468+0000] {dagbag.py:545} INFO - Filling up the DagBag from /home/vscode/.local/lib/python3.11/site-packages/airflow/example_dags/example_nested_branch_dag.py
[2026-05-09T11:26:43.475+0000] {processor.py:840} INFO - DAG(s) 'example_nested_branch_dag' retrieved from /home/vscode/.local/lib/python3.11/site-packages/airflow/example_dags/example_nested_branch_dag.py
[2026-05-09T11:26:43.487+0000] {logging_mixin.py:188} INFO - [2026-05-09T11:26:43.487+0000] {dag.py:3096} INFO - Sync 1 DAGs
[2026-05-09T11:26:43.502+0000] {logging_mixin.py:188} INFO - [2026-05-09T11:26:43.501+0000] {dag.py:3954} INFO - Setting next_dagrun for example_nested_branch_dag to 2026-05-08 00:00:00+00:00, run_after=2026-05-09 00:00:00+00:00
[2026-05-09T11:26:43.516+0000] {processor.py:183} INFO - Processing /home/vscode/.local/lib/python3.11/site-packages/airflow/example_dags/example_nested_branch_dag.py took 0.055 seconds
[2026-05-09T11:27:43.086+0000] {processor.py:161} INFO - Started process (PID=12867) to work on /home/vscode/.local/lib/python3.11/site-packages/airflow/example_dags/example_nested_branch_dag.py
[2026-05-09T11:27:43.086+0000] {processor.py:830} INFO - Processing file /home/vscode/.local/lib/python3.11/site-packages/airflow/example_dags/example_nested_branch_dag.py for tasks to queue
[2026-05-09T11:27:43.087+0000] {logging_mixin.py:188} INFO - [2026-05-09T11:27:43.086+0000] {dagbag.py:545} INFO - Filling up the DagBag from /home/vscode/.local/lib/python3.11/site-packages/airflow/example_dags/example_nested_branch_dag.py
[2026-05-09T11:27:43.094+0000] {processor.py:840} INFO - DAG(s) 'example_nested_branch_dag' retrieved from /home/vscode/.local/lib/python3.11/site-packages/airflow/example_dags/example_nested_branch_dag.py
[2026-05-09T11:27:43.107+0000] {logging_mixin.py:188} INFO - [2026-05-09T11:27:43.107+0000] {dag.py:3096} INFO - Sync 1 DAGs
[2026-05-09T11:27:43.121+0000] {logging_mixin.py:188} INFO - [2026-05-09T11:27:43.121+0000] {dag.py:3954} INFO - Setting next_dagrun for example_nested_branch_dag to 2026-05-08 00:00:00+00:00, run_after=2026-05-09 00:00:00+00:00
[2026-05-09T11:27:43.136+0000] {processor.py:183} INFO - Processing /home/vscode/.local/lib/python3.11/site-packages/airflow/example_dags/example_nested_branch_dag.py took 0.056 seconds
[2026-05-09T11:28:43.315+0000] {processor.py:161} INFO - Started process (PID=13620) to work on /home/vscode/.local/lib/python3.11/site-packages/airflow/example_dags/example_nested_branch_dag.py
[2026-05-09T11:28:43.316+0000] {processor.py:830} INFO - Processing file /home/vscode/.local/lib/python3.11/site-packages/airflow/example_dags/example_nested_branch_dag.py for tasks to queue
[2026-05-09T11:28:43.316+0000] {logging_mixin.py:188} INFO - [2026-05-09T11:28:43.316+0000] {dagbag.py:545} INFO - Filling up the DagBag from /home/vscode/.local/lib/python3.11/site-packages/airflow/example_dags/example_nested_branch_dag.py
[2026-05-09T11:28:43.324+0000] {processor.py:840} INFO - DAG(s) 'example_nested_branch_dag' retrieved from /home/vscode/.local/lib/python3.11/site-packages/airflow/example_dags/example_nested_branch_dag.py
[2026-05-09T11:28:43.336+0000] {logging_mixin.py:188} INFO - [2026-05-09T11:28:43.336+0000] {dag.py:3096} INFO - Sync 1 DAGs
[2026-05-09T11:28:43.353+0000] {logging_mixin.py:188} INFO - [2026-05-09T11:28:43.352+0000] {dag.py:3954} INFO - Setting next_dagrun for example_nested_branch_dag to 2026-05-08 00:00:00+00:00, run_after=2026-05-09 00:00:00+00:00
[2026-05-09T11:28:43.367+0000] {processor.py:183} INFO - Processing /home/vscode/.local/lib/python3.11/site-packages/airflow/example_dags/example_nested_branch_dag.py took 0.059 seconds
[2026-05-09T11:29:46.653+0000] {processor.py:161} INFO - Started process (PID=14145) to work on /home/vscode/.local/lib/python3.11/site-packages/airflow/example_dags/example_nested_branch_dag.py
[2026-05-09T11:29:46.654+0000] {processor.py:830} INFO - Processing file /home/vscode/.local/lib/python3.11/site-packages/airflow/example_dags/example_nested_branch_dag.py for tasks to queue
[2026-05-09T11:29:46.655+0000] {logging_mixin.py:188} INFO - [2026-05-09T11:29:46.654+0000] {dagbag.py:545} INFO - Filling up the DagBag from /home/vscode/.local/lib/python3.11/site-packages/airflow/example_dags/example_nested_branch_dag.py
[2026-05-09T11:29:46.663+0000] {processor.py:840} INFO - DAG(s) 'example_nested_branch_dag' retrieved from /home/vscode/.local/lib/python3.11/site-packages/airflow/example_dags/example_nested_branch_dag.py
[2026-05-09T11:29:46.677+0000] {logging_mixin.py:188} INFO - [2026-05-09T11:29:46.676+0000] {dag.py:3096} INFO - Sync 1 DAGs
[2026-05-09T11:29:46.693+0000] {logging_mixin.py:188} INFO - [2026-05-09T11:29:46.692+0000] {dag.py:3954} INFO - Setting next_dagrun for example_nested_branch_dag to 2026-05-08 00:00:00+00:00, run_after=2026-05-09 00:00:00+00:00
[2026-05-09T11:29:46.709+0000] {processor.py:183} INFO - Processing /home/vscode/.local/lib/python3.11/site-packages/airflow/example_dags/example_nested_branch_dag.py took 0.063 seconds
[2026-05-09T11:30:48.585+0000] {processor.py:161} INFO - Started process (PID=14910) to work on /home/vscode/.local/lib/python3.11/site-packages/airflow/example_dags/example_nested_branch_dag.py
[2026-05-09T11:30:48.586+0000] {processor.py:830} INFO - Processing file /home/vscode/.local/lib/python3.11/site-packages/airflow/example_dags/example_nested_branch_dag.py for tasks to queue
[2026-05-09T11:30:48.587+0000] {logging_mixin.py:188} INFO - [2026-05-09T11:30:48.587+0000] {dagbag.py:545} INFO - Filling up the DagBag from /home/vscode/.local/lib/python3.11/site-packages/airflow/example_dags/example_nested_branch_dag.py
[2026-05-09T11:30:48.595+0000] {processor.py:840} INFO - DAG(s) 'example_nested_branch_dag' retrieved from /home/vscode/.local/lib/python3.11/site-packages/airflow/example_dags/example_nested_branch_dag.py
[2026-05-09T11:30:48.607+0000] {logging_mixin.py:188} INFO - [2026-05-09T11:30:48.607+0000] {dag.py:3096} INFO - Sync 1 DAGs
[2026-05-09T11:30:48.623+0000] {logging_mixin.py:188} INFO - [2026-05-09T11:30:48.623+0000] {dag.py:3954} INFO - Setting next_dagrun for example_nested_branch_dag to 2026-05-08 00:00:00+00:00, run_after=2026-05-09 00:00:00+00:00
[2026-05-09T11:30:48.639+0000] {processor.py:183} INFO - Processing /home/vscode/.local/lib/python3.11/site-packages/airflow/example_dags/example_nested_branch_dag.py took 0.074 seconds
[2026-05-09T11:31:50.609+0000] {processor.py:161} INFO - Started process (PID=15615) to work on /home/vscode/.local/lib/python3.11/site-packages/airflow/example_dags/example_nested_branch_dag.py
[2026-05-09T11:31:50.610+0000] {processor.py:830} INFO - Processing file /home/vscode/.local/lib/python3.11/site-packages/airflow/example_dags/example_nested_branch_dag.py for tasks to queue
[2026-05-09T11:31:50.611+0000] {logging_mixin.py:188} INFO - [2026-05-09T11:31:50.610+0000] {dagbag.py:545} INFO - Filling up the DagBag from /home/vscode/.local/lib/python3.11/site-packages/airflow/example_dags/example_nested_branch_dag.py
[2026-05-09T11:31:50.618+0000] {processor.py:840} INFO - DAG(s) 'example_nested_branch_dag' retrieved from /home/vscode/.local/lib/python3.11/site-packages/airflow/example_dags/example_nested_branch_dag.py
[2026-05-09T11:31:50.631+0000] {logging_mixin.py:188} INFO - [2026-05-09T11:31:50.630+0000] {dag.py:3096} INFO - Sync 1 DAGs
[2026-05-09T11:31:50.647+0000] {logging_mixin.py:188} INFO - [2026-05-09T11:31:50.647+0000] {dag.py:3954} INFO - Setting next_dagrun for example_nested_branch_dag to 2026-05-08 00:00:00+00:00, run_after=2026-05-09 00:00:00+00:00
[2026-05-09T11:31:50.662+0000] {processor.py:183} INFO - Processing /home/vscode/.local/lib/python3.11/site-packages/airflow/example_dags/example_nested_branch_dag.py took 0.060 seconds
[2026-05-09T11:32:57.306+0000] {processor.py:161} INFO - Started process (PID=16161) to work on /home/vscode/.local/lib/python3.11/site-packages/airflow/example_dags/example_nested_branch_dag.py
[2026-05-09T11:32:57.306+0000] {processor.py:830} INFO - Processing file /home/vscode/.local/lib/python3.11/site-packages/airflow/example_dags/example_nested_branch_dag.py for tasks to queue
[2026-05-09T11:32:57.307+0000] {logging_mixin.py:188} INFO - [2026-05-09T11:32:57.307+0000] {dagbag.py:545} INFO - Filling up the DagBag from /home/vscode/.local/lib/python3.11/site-packages/airflow/example_dags/example_nested_branch_dag.py
[2026-05-09T11:32:57.315+0000] {processor.py:840} INFO - DAG(s) 'example_nested_branch_dag' retrieved from /home/vscode/.local/lib/python3.11/site-packages/airflow/example_dags/example_nested_branch_dag.py
[2026-05-09T11:32:57.332+0000] {logging_mixin.py:188} INFO - [2026-05-09T11:32:57.331+0000] {dag.py:3096} INFO - Sync 1 DAGs
[2026-05-09T11:32:57.347+0000] {logging_mixin.py:188} INFO - [2026-05-09T11:32:57.347+0000] {dag.py:3954} INFO - Setting next_dagrun for example_nested_branch_dag to 2026-05-08 00:00:00+00:00, run_after=2026-05-09 00:00:00+00:00
[2026-05-09T11:32:57.363+0000] {processor.py:183} INFO - Processing /home/vscode/.local/lib/python3.11/site-packages/airflow/example_dags/example_nested_branch_dag.py took 0.064 seconds
[2026-05-09T11:33:59.671+0000] {processor.py:161} INFO - Started process (PID=16744) to work on /home/vscode/.local/lib/python3.11/site-packages/airflow/example_dags/example_nested_branch_dag.py
[2026-05-09T11:33:59.671+0000] {processor.py:830} INFO - Processing file /home/vscode/.local/lib/python3.11/site-packages/airflow/example_dags/example_nested_branch_dag.py for tasks to queue
[2026-05-09T11:33:59.672+0000] {logging_mixin.py:188} INFO - [2026-05-09T11:33:59.671+0000] {dagbag.py:545} INFO - Filling up the DagBag from /home/vscode/.local/lib/python3.11/site-packages/airflow/example_dags/example_nested_branch_dag.py
[2026-05-09T11:33:59.679+0000] {processor.py:840} INFO - DAG(s) 'example_nested_branch_dag' retrieved from /home/vscode/.local/lib/python3.11/site-packages/airflow/example_dags/example_nested_branch_dag.py
[2026-05-09T11:33:59.696+0000] {logging_mixin.py:188} INFO - [2026-05-09T11:33:59.696+0000] {dag.py:3096} INFO - Sync 1 DAGs
[2026-05-09T11:33:59.717+0000] {logging_mixin.py:188} INFO - [2026-05-09T11:33:59.716+0000] {dag.py:3954} INFO - Setting next_dagrun for example_nested_branch_dag to 2026-05-08 00:00:00+00:00, run_after=2026-05-09 00:00:00+00:00
[2026-05-09T11:33:59.741+0000] {processor.py:183} INFO - Processing /home/vscode/.local/lib/python3.11/site-packages/airflow/example_dags/example_nested_branch_dag.py took 0.077 seconds
[2026-05-09T11:35:01.648+0000] {processor.py:161} INFO - Started process (PID=17267) to work on /home/vscode/.local/lib/python3.11/site-packages/airflow/example_dags/example_nested_branch_dag.py
[2026-05-09T11:35:01.648+0000] {processor.py:830} INFO - Processing file /home/vscode/.local/lib/python3.11/site-packages/airflow/example_dags/example_nested_branch_dag.py for tasks to queue
[2026-05-09T11:35:01.649+0000] {logging_mixin.py:188} INFO - [2026-05-09T11:35:01.649+0000] {dagbag.py:545} INFO - Filling up the DagBag from /home/vscode/.local/lib/python3.11/site-packages/airflow/example_dags/example_nested_branch_dag.py
[2026-05-09T11:35:01.657+0000] {processor.py:840} INFO - DAG(s) 'example_nested_branch_dag' retrieved from /home/vscode/.local/lib/python3.11/site-packages/airflow/example_dags/example_nested_branch_dag.py
[2026-05-09T11:35:01.670+0000] {logging_mixin.py:188} INFO - [2026-05-09T11:35:01.670+0000] {dag.py:3096} INFO - Sync 1 DAGs
[2026-05-09T11:35:01.685+0000] {logging_mixin.py:188} INFO - [2026-05-09T11:35:01.685+0000] {dag.py:3954} INFO - Setting next_dagrun for example_nested_branch_dag to 2026-05-08 00:00:00+00:00, run_after=2026-05-09 00:00:00+00:00
[2026-05-09T11:35:01.705+0000] {processor.py:183} INFO - Processing /home/vscode/.local/lib/python3.11/site-packages/airflow/example_dags/example_nested_branch_dag.py took 0.063 seconds
[2026-05-09T11:35:59.703+0000] {processor.py:161} INFO - Started process (PID=17752) to work on /home/vscode/.local/lib/python3.11/site-packages/airflow/example_dags/example_nested_branch_dag.py
[2026-05-09T11:35:59.704+0000] {processor.py:830} INFO - Processing file /home/vscode/.local/lib/python3.11/site-packages/airflow/example_dags/example_nested_branch_dag.py for tasks to queue
[2026-05-09T11:35:59.705+0000] {logging_mixin.py:188} INFO - [2026-05-09T11:35:59.704+0000] {dagbag.py:545} INFO - Filling up the DagBag from /home/vscode/.local/lib/python3.11/site-packages/airflow/example_dags/example_nested_branch_dag.py
[2026-05-09T11:35:59.712+0000] {processor.py:840} INFO - DAG(s) 'example_nested_branch_dag' retrieved from /home/vscode/.local/lib/python3.11/site-packages/airflow/example_dags/example_nested_branch_dag.py
[2026-05-09T11:35:59.724+0000] {logging_mixin.py:188} INFO - [2026-05-09T11:35:59.724+0000] {dag.py:3096} INFO - Sync 1 DAGs
[2026-05-09T11:35:59.739+0000] {logging_mixin.py:188} INFO - [2026-05-09T11:35:59.738+0000] {dag.py:3954} INFO - Setting next_dagrun for example_nested_branch_dag to 2026-05-08 00:00:00+00:00, run_after=2026-05-09 00:00:00+00:00
[2026-05-09T11:35:59.754+0000] {processor.py:183} INFO - Processing /home/vscode/.local/lib/python3.11/site-packages/airflow/example_dags/example_nested_branch_dag.py took 0.057 seconds
[2026-05-09T11:37:01.464+0000] {processor.py:161} INFO - Started process (PID=18278) to work on /home/vscode/.local/lib/python3.11/site-packages/airflow/example_dags/example_nested_branch_dag.py
[2026-05-09T11:37:01.465+0000] {processor.py:830} INFO - Processing file /home/vscode/.local/lib/python3.11/site-packages/airflow/example_dags/example_nested_branch_dag.py for tasks to queue
[2026-05-09T11:37:01.465+0000] {logging_mixin.py:188} INFO - [2026-05-09T11:37:01.465+0000] {dagbag.py:545} INFO - Filling up the DagBag from /home/vscode/.local/lib/python3.11/site-packages/airflow/example_dags/example_nested_branch_dag.py
[2026-05-09T11:37:01.473+0000] {processor.py:840} INFO - DAG(s) 'example_nested_branch_dag' retrieved from /home/vscode/.local/lib/python3.11/site-packages/airflow/example_dags/example_nested_branch_dag.py
[2026-05-09T11:37:01.485+0000] {logging_mixin.py:188} INFO - [2026-05-09T11:37:01.485+0000] {dag.py:3096} INFO - Sync 1 DAGs
[2026-05-09T11:37:01.499+0000] {logging_mixin.py:188} INFO - [2026-05-09T11:37:01.499+0000] {dag.py:3954} INFO - Setting next_dagrun for example_nested_branch_dag to 2026-05-08 00:00:00+00:00, run_after=2026-05-09 00:00:00+00:00
[2026-05-09T11:37:01.515+0000] {processor.py:183} INFO - Processing /home/vscode/.local/lib/python3.11/site-packages/airflow/example_dags/example_nested_branch_dag.py took 0.057 seconds
[2026-05-09T11:38:04.336+0000] {processor.py:161} INFO - Started process (PID=19190) to work on /home/vscode/.local/lib/python3.11/site-packages/airflow/example_dags/example_nested_branch_dag.py
[2026-05-09T11:38:04.338+0000] {processor.py:830} INFO - Processing file /home/vscode/.local/lib/python3.11/site-packages/airflow/example_dags/example_nested_branch_dag.py for tasks to queue
[2026-05-09T11:38:04.339+0000] {logging_mixin.py:188} INFO - [2026-05-09T11:38:04.338+0000] {dagbag.py:545} INFO - Filling up the DagBag from /home/vscode/.local/lib/python3.11/site-packages/airflow/example_dags/example_nested_branch_dag.py
[2026-05-09T11:38:04.349+0000] {processor.py:840} INFO - DAG(s) 'example_nested_branch_dag' retrieved from /home/vscode/.local/lib/python3.11/site-packages/airflow/example_dags/example_nested_branch_dag.py
[2026-05-09T11:38:04.365+0000] {logging_mixin.py:188} INFO - [2026-05-09T11:38:04.364+0000] {dag.py:3096} INFO - Sync 1 DAGs
[2026-05-09T11:38:04.379+0000] {logging_mixin.py:188} INFO - [2026-05-09T11:38:04.379+0000] {dag.py:3954} INFO - Setting next_dagrun for example_nested_branch_dag to 2026-05-08 00:00:00+00:00, run_after=2026-05-09 00:00:00+00:00
[2026-05-09T11:38:04.395+0000] {processor.py:183} INFO - Processing /home/vscode/.local/lib/python3.11/site-packages/airflow/example_dags/example_nested_branch_dag.py took 0.077 seconds
[2026-05-09T11:39:04.833+0000] {processor.py:161} INFO - Started process (PID=19735) to work on /home/vscode/.local/lib/python3.11/site-packages/airflow/example_dags/example_nested_branch_dag.py
[2026-05-09T11:39:04.834+0000] {processor.py:830} INFO - Processing file /home/vscode/.local/lib/python3.11/site-packages/airflow/example_dags/example_nested_branch_dag.py for tasks to queue
[2026-05-09T11:39:04.834+0000] {logging_mixin.py:188} INFO - [2026-05-09T11:39:04.834+0000] {dagbag.py:545} INFO - Filling up the DagBag from /home/vscode/.local/lib/python3.11/site-packages/airflow/example_dags/example_nested_branch_dag.py
[2026-05-09T11:39:04.842+0000] {processor.py:840} INFO - DAG(s) 'example_nested_branch_dag' retrieved from /home/vscode/.local/lib/python3.11/site-packages/airflow/example_dags/example_nested_branch_dag.py
[2026-05-09T11:39:04.854+0000] {logging_mixin.py:188} INFO - [2026-05-09T11:39:04.854+0000] {dag.py:3096} INFO - Sync 1 DAGs
[2026-05-09T11:39:04.868+0000] {logging_mixin.py:188} INFO - [2026-05-09T11:39:04.868+0000] {dag.py:3954} INFO - Setting next_dagrun for example_nested_branch_dag to 2026-05-08 00:00:00+00:00, run_after=2026-05-09 00:00:00+00:00
[2026-05-09T11:39:04.892+0000] {processor.py:183} INFO - Processing /home/vscode/.local/lib/python3.11/site-packages/airflow/example_dags/example_nested_branch_dag.py took 0.066 seconds
[2026-05-09T11:40:05.457+0000] {processor.py:161} INFO - Started process (PID=20505) to work on /home/vscode/.local/lib/python3.11/site-packages/airflow/example_dags/example_nested_branch_dag.py
[2026-05-09T11:40:05.458+0000] {processor.py:830} INFO - Processing file /home/vscode/.local/lib/python3.11/site-packages/airflow/example_dags/example_nested_branch_dag.py for tasks to queue
[2026-05-09T11:40:05.458+0000] {logging_mixin.py:188} INFO - [2026-05-09T11:40:05.458+0000] {dagbag.py:545} INFO - Filling up the DagBag from /home/vscode/.local/lib/python3.11/site-packages/airflow/example_dags/example_nested_branch_dag.py
[2026-05-09T11:40:05.466+0000] {processor.py:840} INFO - DAG(s) 'example_nested_branch_dag' retrieved from /home/vscode/.local/lib/python3.11/site-packages/airflow/example_dags/example_nested_branch_dag.py
[2026-05-09T11:40:05.479+0000] {logging_mixin.py:188} INFO - [2026-05-09T11:40:05.479+0000] {dag.py:3096} INFO - Sync 1 DAGs
[2026-05-09T11:40:05.493+0000] {logging_mixin.py:188} INFO - [2026-05-09T11:40:05.493+0000] {dag.py:3954} INFO - Setting next_dagrun for example_nested_branch_dag to 2026-05-08 00:00:00+00:00, run_after=2026-05-09 00:00:00+00:00
[2026-05-09T11:40:05.508+0000] {processor.py:183} INFO - Processing /home/vscode/.local/lib/python3.11/site-packages/airflow/example_dags/example_nested_branch_dag.py took 0.058 seconds
[2026-05-09T11:41:09.442+0000] {processor.py:161} INFO - Started process (PID=21172) to work on /home/vscode/.local/lib/python3.11/site-packages/airflow/example_dags/example_nested_branch_dag.py
[2026-05-09T11:41:09.443+0000] {processor.py:830} INFO - Processing file /home/vscode/.local/lib/python3.11/site-packages/airflow/example_dags/example_nested_branch_dag.py for tasks to queue
[2026-05-09T11:41:09.443+0000] {logging_mixin.py:188} INFO - [2026-05-09T11:41:09.443+0000] {dagbag.py:545} INFO - Filling up the DagBag from /home/vscode/.local/lib/python3.11/site-packages/airflow/example_dags/example_nested_branch_dag.py
[2026-05-09T11:41:09.452+0000] {processor.py:840} INFO - DAG(s) 'example_nested_branch_dag' retrieved from /home/vscode/.local/lib/python3.11/site-packages/airflow/example_dags/example_nested_branch_dag.py
[2026-05-09T11:41:09.464+0000] {logging_mixin.py:188} INFO - [2026-05-09T11:41:09.464+0000] {dag.py:3096} INFO - Sync 1 DAGs
[2026-05-09T11:41:09.478+0000] {logging_mixin.py:188} INFO - [2026-05-09T11:41:09.478+0000] {dag.py:3954} INFO - Setting next_dagrun for example_nested_branch_dag to 2026-05-08 00:00:00+00:00, run_after=2026-05-09 00:00:00+00:00
[2026-05-09T11:41:09.493+0000] {processor.py:183} INFO - Processing /home/vscode/.local/lib/python3.11/site-packages/airflow/example_dags/example_nested_branch_dag.py took 0.058 seconds
[2026-05-09T11:42:15.720+0000] {processor.py:161} INFO - Started process (PID=21717) to work on /home/vscode/.local/lib/python3.11/site-packages/airflow/example_dags/example_nested_branch_dag.py
[2026-05-09T11:42:15.721+0000] {processor.py:830} INFO - Processing file /home/vscode/.local/lib/python3.11/site-packages/airflow/example_dags/example_nested_branch_dag.py for tasks to queue
[2026-05-09T11:42:15.722+0000] {logging_mixin.py:188} INFO - [2026-05-09T11:42:15.721+0000] {dagbag.py:545} INFO - Filling up the DagBag from /home/vscode/.local/lib/python3.11/site-packages/airflow/example_dags/example_nested_branch_dag.py
[2026-05-09T11:42:15.748+0000] {processor.py:840} INFO - DAG(s) 'example_nested_branch_dag' retrieved from /home/vscode/.local/lib/python3.11/site-packages/airflow/example_dags/example_nested_branch_dag.py
[2026-05-09T11:42:15.788+0000] {logging_mixin.py:188} INFO - [2026-05-09T11:42:15.788+0000] {dag.py:3096} INFO - Sync 1 DAGs
[2026-05-09T11:42:15.838+0000] {logging_mixin.py:188} INFO - [2026-05-09T11:42:15.838+0000] {dag.py:3954} INFO - Setting next_dagrun for example_nested_branch_dag to 2026-05-08 00:00:00+00:00, run_after=2026-05-09 00:00:00+00:00
[2026-05-09T11:42:15.872+0000] {processor.py:183} INFO - Processing /home/vscode/.local/lib/python3.11/site-packages/airflow/example_dags/example_nested_branch_dag.py took 0.166 seconds
[2026-05-09T11:43:22.195+0000] {processor.py:161} INFO - Started process (PID=22261) to work on /home/vscode/.local/lib/python3.11/site-packages/airflow/example_dags/example_nested_branch_dag.py
[2026-05-09T11:43:22.195+0000] {processor.py:830} INFO - Processing file /home/vscode/.local/lib/python3.11/site-packages/airflow/example_dags/example_nested_branch_dag.py for tasks to queue
[2026-05-09T11:43:22.196+0000] {logging_mixin.py:188} INFO - [2026-05-09T11:43:22.196+0000] {dagbag.py:545} INFO - Filling up the DagBag from /home/vscode/.local/lib/python3.11/site-packages/airflow/example_dags/example_nested_branch_dag.py
[2026-05-09T11:43:22.205+0000] {processor.py:840} INFO - DAG(s) 'example_nested_branch_dag' retrieved from /home/vscode/.local/lib/python3.11/site-packages/airflow/example_dags/example_nested_branch_dag.py
[2026-05-09T11:43:22.224+0000] {logging_mixin.py:188} INFO - [2026-05-09T11:43:22.224+0000] {dag.py:3096} INFO - Sync 1 DAGs
[2026-05-09T11:43:22.249+0000] {logging_mixin.py:188} INFO - [2026-05-09T11:43:22.249+0000] {dag.py:3954} INFO - Setting next_dagrun for example_nested_branch_dag to 2026-05-08 00:00:00+00:00, run_after=2026-05-09 00:00:00+00:00
[2026-05-09T11:43:22.283+0000] {processor.py:183} INFO - Processing /home/vscode/.local/lib/python3.11/site-packages/airflow/example_dags/example_nested_branch_dag.py took 0.095 seconds
[2026-05-09T11:44:23.528+0000] {processor.py:161} INFO - Started process (PID=22837) to work on /home/vscode/.local/lib/python3.11/site-packages/airflow/example_dags/example_nested_branch_dag.py
[2026-05-09T11:44:23.529+0000] {processor.py:830} INFO - Processing file /home/vscode/.local/lib/python3.11/site-packages/airflow/example_dags/example_nested_branch_dag.py for tasks to queue
[2026-05-09T11:44:23.529+0000] {logging_mixin.py:188} INFO - [2026-05-09T11:44:23.529+0000] {dagbag.py:545} INFO - Filling up the DagBag from /home/vscode/.local/lib/python3.11/site-packages/airflow/example_dags/example_nested_branch_dag.py
[2026-05-09T11:44:23.537+0000] {processor.py:840} INFO - DAG(s) 'example_nested_branch_dag' retrieved from /home/vscode/.local/lib/python3.11/site-packages/airflow/example_dags/example_nested_branch_dag.py
[2026-05-09T11:44:23.549+0000] {logging_mixin.py:188} INFO - [2026-05-09T11:44:23.549+0000] {dag.py:3096} INFO - Sync 1 DAGs
[2026-05-09T11:44:23.565+0000] {logging_mixin.py:188} INFO - [2026-05-09T11:44:23.564+0000] {dag.py:3954} INFO - Setting next_dagrun for example_nested_branch_dag to 2026-05-08 00:00:00+00:00, run_after=2026-05-09 00:00:00+00:00
[2026-05-09T11:44:23.580+0000] {processor.py:183} INFO - Processing /home/vscode/.local/lib/python3.11/site-packages/airflow/example_dags/example_nested_branch_dag.py took 0.058 seconds
[2026-05-09T11:45:30.524+0000] {processor.py:161} INFO - Started process (PID=23402) to work on /home/vscode/.local/lib/python3.11/site-packages/airflow/example_dags/example_nested_branch_dag.py
[2026-05-09T11:45:30.525+0000] {processor.py:830} INFO - Processing file /home/vscode/.local/lib/python3.11/site-packages/airflow/example_dags/example_nested_branch_dag.py for tasks to queue
[2026-05-09T11:45:30.525+0000] {logging_mixin.py:188} INFO - [2026-05-09T11:45:30.525+0000] {dagbag.py:545} INFO - Filling up the DagBag from /home/vscode/.local/lib/python3.11/site-packages/airflow/example_dags/example_nested_branch_dag.py
[2026-05-09T11:45:30.533+0000] {processor.py:840} INFO - DAG(s) 'example_nested_branch_dag' retrieved from /home/vscode/.local/lib/python3.11/site-packages/airflow/example_dags/example_nested_branch_dag.py
[2026-05-09T11:45:30.547+0000] {logging_mixin.py:188} INFO - [2026-05-09T11:45:30.546+0000] {dag.py:3096} INFO - Sync 1 DAGs
[2026-05-09T11:45:30.562+0000] {logging_mixin.py:188} INFO - [2026-05-09T11:45:30.562+0000] {dag.py:3954} INFO - Setting next_dagrun for example_nested_branch_dag to 2026-05-08 00:00:00+00:00, run_after=2026-05-09 00:00:00+00:00
[2026-05-09T11:45:30.578+0000] {processor.py:183} INFO - Processing /home/vscode/.local/lib/python3.11/site-packages/airflow/example_dags/example_nested_branch_dag.py took 0.061 seconds
[2026-05-09T11:46:33.092+0000] {processor.py:161} INFO - Started process (PID=23942) to work on /home/vscode/.local/lib/python3.11/site-packages/airflow/example_dags/example_nested_branch_dag.py
[2026-05-09T11:46:33.093+0000] {processor.py:830} INFO - Processing file /home/vscode/.local/lib/python3.11/site-packages/airflow/example_dags/example_nested_branch_dag.py for tasks to queue
[2026-05-09T11:46:33.094+0000] {logging_mixin.py:188} INFO - [2026-05-09T11:46:33.094+0000] {dagbag.py:545} INFO - Filling up the DagBag from /home/vscode/.local/lib/python3.11/site-packages/airflow/example_dags/example_nested_branch_dag.py
[2026-05-09T11:46:33.107+0000] {processor.py:840} INFO - DAG(s) 'example_nested_branch_dag' retrieved from /home/vscode/.local/lib/python3.11/site-packages/airflow/example_dags/example_nested_branch_dag.py
[2026-05-09T11:46:33.126+0000] {logging_mixin.py:188} INFO - [2026-05-09T11:46:33.126+0000] {dag.py:3096} INFO - Sync 1 DAGs
[2026-05-09T11:46:33.140+0000] {logging_mixin.py:188} INFO - [2026-05-09T11:46:33.140+0000] {dag.py:3954} INFO - Setting next_dagrun for example_nested_branch_dag to 2026-05-08 00:00:00+00:00, run_after=2026-05-09 00:00:00+00:00
[2026-05-09T11:46:33.157+0000] {processor.py:183} INFO - Processing /home/vscode/.local/lib/python3.11/site-packages/airflow/example_dags/example_nested_branch_dag.py took 0.075 seconds
[2026-05-09T11:47:39.395+0000] {processor.py:161} INFO - Started process (PID=24671) to work on /home/vscode/.local/lib/python3.11/site-packages/airflow/example_dags/example_nested_branch_dag.py
[2026-05-09T11:47:39.395+0000] {processor.py:830} INFO - Processing file /home/vscode/.local/lib/python3.11/site-packages/airflow/example_dags/example_nested_branch_dag.py for tasks to queue
[2026-05-09T11:47:39.396+0000] {logging_mixin.py:188} INFO - [2026-05-09T11:47:39.396+0000] {dagbag.py:545} INFO - Filling up the DagBag from /home/vscode/.local/lib/python3.11/site-packages/airflow/example_dags/example_nested_branch_dag.py
[2026-05-09T11:47:39.403+0000] {processor.py:840} INFO - DAG(s) 'example_nested_branch_dag' retrieved from /home/vscode/.local/lib/python3.11/site-packages/airflow/example_dags/example_nested_branch_dag.py
[2026-05-09T11:47:39.416+0000] {logging_mixin.py:188} INFO - [2026-05-09T11:47:39.416+0000] {dag.py:3096} INFO - Sync 1 DAGs
[2026-05-09T11:47:39.430+0000] {logging_mixin.py:188} INFO - [2026-05-09T11:47:39.430+0000] {dag.py:3954} INFO - Setting next_dagrun for example_nested_branch_dag to 2026-05-08 00:00:00+00:00, run_after=2026-05-09 00:00:00+00:00
[2026-05-09T11:47:39.445+0000] {processor.py:183} INFO - Processing /home/vscode/.local/lib/python3.11/site-packages/airflow/example_dags/example_nested_branch_dag.py took 0.057 seconds
[2026-05-09T11:48:44.913+0000] {processor.py:161} INFO - Started process (PID=25257) to work on /home/vscode/.local/lib/python3.11/site-packages/airflow/example_dags/example_nested_branch_dag.py
[2026-05-09T11:48:44.914+0000] {processor.py:830} INFO - Processing file /home/vscode/.local/lib/python3.11/site-packages/airflow/example_dags/example_nested_branch_dag.py for tasks to queue
[2026-05-09T11:48:44.915+0000] {logging_mixin.py:188} INFO - [2026-05-09T11:48:44.914+0000] {dagbag.py:545} INFO - Filling up the DagBag from /home/vscode/.local/lib/python3.11/site-packages/airflow/example_dags/example_nested_branch_dag.py
[2026-05-09T11:48:44.922+0000] {processor.py:840} INFO - DAG(s) 'example_nested_branch_dag' retrieved from /home/vscode/.local/lib/python3.11/site-packages/airflow/example_dags/example_nested_branch_dag.py
[2026-05-09T11:48:44.935+0000] {logging_mixin.py:188} INFO - [2026-05-09T11:48:44.935+0000] {dag.py:3096} INFO - Sync 1 DAGs
[2026-05-09T11:48:44.949+0000] {logging_mixin.py:188} INFO - [2026-05-09T11:48:44.949+0000] {dag.py:3954} INFO - Setting next_dagrun for example_nested_branch_dag to 2026-05-08 00:00:00+00:00, run_after=2026-05-09 00:00:00+00:00
[2026-05-09T11:48:44.964+0000] {processor.py:183} INFO - Processing /home/vscode/.local/lib/python3.11/site-packages/airflow/example_dags/example_nested_branch_dag.py took 0.057 seconds
[2026-05-09T11:49:45.883+0000] {processor.py:161} INFO - Started process (PID=25827) to work on /home/vscode/.local/lib/python3.11/site-packages/airflow/example_dags/example_nested_branch_dag.py
[2026-05-09T11:49:45.883+0000] {processor.py:830} INFO - Processing file /home/vscode/.local/lib/python3.11/site-packages/airflow/example_dags/example_nested_branch_dag.py for tasks to queue
[2026-05-09T11:49:45.884+0000] {logging_mixin.py:188} INFO - [2026-05-09T11:49:45.883+0000] {dagbag.py:545} INFO - Filling up the DagBag from /home/vscode/.local/lib/python3.11/site-packages/airflow/example_dags/example_nested_branch_dag.py
[2026-05-09T11:49:45.891+0000] {processor.py:840} INFO - DAG(s) 'example_nested_branch_dag' retrieved from /home/vscode/.local/lib/python3.11/site-packages/airflow/example_dags/example_nested_branch_dag.py
[2026-05-09T11:49:45.904+0000] {logging_mixin.py:188} INFO - [2026-05-09T11:49:45.904+0000] {dag.py:3096} INFO - Sync 1 DAGs
[2026-05-09T11:49:45.918+0000] {logging_mixin.py:188} INFO - [2026-05-09T11:49:45.918+0000] {dag.py:3954} INFO - Setting next_dagrun for example_nested_branch_dag to 2026-05-08 00:00:00+00:00, run_after=2026-05-09 00:00:00+00:00
[2026-05-09T11:49:45.932+0000] {processor.py:183} INFO - Processing /home/vscode/.local/lib/python3.11/site-packages/airflow/example_dags/example_nested_branch_dag.py took 0.055 seconds
[2026-05-09T11:50:49.699+0000] {processor.py:161} INFO - Started process (PID=26445) to work on /home/vscode/.local/lib/python3.11/site-packages/airflow/example_dags/example_nested_branch_dag.py
[2026-05-09T11:50:49.700+0000] {processor.py:830} INFO - Processing file /home/vscode/.local/lib/python3.11/site-packages/airflow/example_dags/example_nested_branch_dag.py for tasks to queue
[2026-05-09T11:50:49.701+0000] {logging_mixin.py:188} INFO - [2026-05-09T11:50:49.701+0000] {dagbag.py:545} INFO - Filling up the DagBag from /home/vscode/.local/lib/python3.11/site-packages/airflow/example_dags/example_nested_branch_dag.py
[2026-05-09T11:50:49.717+0000] {processor.py:840} INFO - DAG(s) 'example_nested_branch_dag' retrieved from /home/vscode/.local/lib/python3.11/site-packages/airflow/example_dags/example_nested_branch_dag.py
[2026-05-09T11:50:49.759+0000] {logging_mixin.py:188} INFO - [2026-05-09T11:50:49.759+0000] {dag.py:3096} INFO - Sync 1 DAGs
[2026-05-09T11:50:49.783+0000] {logging_mixin.py:188} INFO - [2026-05-09T11:50:49.783+0000] {dag.py:3954} INFO - Setting next_dagrun for example_nested_branch_dag to 2026-05-08 00:00:00+00:00, run_after=2026-05-09 00:00:00+00:00
[2026-05-09T11:50:49.800+0000] {processor.py:183} INFO - Processing /home/vscode/.local/lib/python3.11/site-packages/airflow/example_dags/example_nested_branch_dag.py took 0.115 seconds
[2026-05-09T11:51:53.043+0000] {processor.py:161} INFO - Started process (PID=27189) to work on /home/vscode/.local/lib/python3.11/site-packages/airflow/example_dags/example_nested_branch_dag.py
[2026-05-09T11:51:53.043+0000] {processor.py:830} INFO - Processing file /home/vscode/.local/lib/python3.11/site-packages/airflow/example_dags/example_nested_branch_dag.py for tasks to queue
[2026-05-09T11:51:53.044+0000] {logging_mixin.py:188} INFO - [2026-05-09T11:51:53.043+0000] {dagbag.py:545} INFO - Filling up the DagBag from /home/vscode/.local/lib/python3.11/site-packages/airflow/example_dags/example_nested_branch_dag.py
[2026-05-09T11:51:53.051+0000] {processor.py:840} INFO - DAG(s) 'example_nested_branch_dag' retrieved from /home/vscode/.local/lib/python3.11/site-packages/airflow/example_dags/example_nested_branch_dag.py
[2026-05-09T11:51:53.064+0000] {logging_mixin.py:188} INFO - [2026-05-09T11:51:53.064+0000] {dag.py:3096} INFO - Sync 1 DAGs
[2026-05-09T11:51:53.086+0000] {logging_mixin.py:188} INFO - [2026-05-09T11:51:53.086+0000] {dag.py:3954} INFO - Setting next_dagrun for example_nested_branch_dag to 2026-05-08 00:00:00+00:00, run_after=2026-05-09 00:00:00+00:00
[2026-05-09T11:51:53.102+0000] {processor.py:183} INFO - Processing /home/vscode/.local/lib/python3.11/site-packages/airflow/example_dags/example_nested_branch_dag.py took 0.066 seconds
[2026-05-09T11:52:53.379+0000] {processor.py:161} INFO - Started process (PID=27689) to work on /home/vscode/.local/lib/python3.11/site-packages/airflow/example_dags/example_nested_branch_dag.py
[2026-05-09T11:52:53.379+0000] {processor.py:830} INFO - Processing file /home/vscode/.local/lib/python3.11/site-packages/airflow/example_dags/example_nested_branch_dag.py for tasks to queue
[2026-05-09T11:52:53.380+0000] {logging_mixin.py:188} INFO - [2026-05-09T11:52:53.379+0000] {dagbag.py:545} INFO - Filling up the DagBag from /home/vscode/.local/lib/python3.11/site-packages/airflow/example_dags/example_nested_branch_dag.py
[2026-05-09T11:52:53.387+0000] {processor.py:840} INFO - DAG(s) 'example_nested_branch_dag' retrieved from /home/vscode/.local/lib/python3.11/site-packages/airflow/example_dags/example_nested_branch_dag.py
[2026-05-09T11:52:53.400+0000] {logging_mixin.py:188} INFO - [2026-05-09T11:52:53.399+0000] {dag.py:3096} INFO - Sync 1 DAGs
[2026-05-09T11:52:53.414+0000] {logging_mixin.py:188} INFO - [2026-05-09T11:52:53.413+0000] {dag.py:3954} INFO - Setting next_dagrun for example_nested_branch_dag to 2026-05-08 00:00:00+00:00, run_after=2026-05-09 00:00:00+00:00
[2026-05-09T11:52:53.429+0000] {processor.py:183} INFO - Processing /home/vscode/.local/lib/python3.11/site-packages/airflow/example_dags/example_nested_branch_dag.py took 0.057 seconds
[2026-05-09T11:53:54.039+0000] {processor.py:161} INFO - Started process (PID=28273) to work on /home/vscode/.local/lib/python3.11/site-packages/airflow/example_dags/example_nested_branch_dag.py
[2026-05-09T11:53:54.039+0000] {processor.py:830} INFO - Processing file /home/vscode/.local/lib/python3.11/site-packages/airflow/example_dags/example_nested_branch_dag.py for tasks to queue
[2026-05-09T11:53:54.040+0000] {logging_mixin.py:188} INFO - [2026-05-09T11:53:54.040+0000] {dagbag.py:545} INFO - Filling up the DagBag from /home/vscode/.local/lib/python3.11/site-packages/airflow/example_dags/example_nested_branch_dag.py
[2026-05-09T11:53:54.048+0000] {processor.py:840} INFO - DAG(s) 'example_nested_branch_dag' retrieved from /home/vscode/.local/lib/python3.11/site-packages/airflow/example_dags/example_nested_branch_dag.py
[2026-05-09T11:53:54.061+0000] {logging_mixin.py:188} INFO - [2026-05-09T11:53:54.061+0000] {dag.py:3096} INFO - Sync 1 DAGs
[2026-05-09T11:53:54.075+0000] {logging_mixin.py:188} INFO - [2026-05-09T11:53:54.075+0000] {dag.py:3954} INFO - Setting next_dagrun for example_nested_branch_dag to 2026-05-08 00:00:00+00:00, run_after=2026-05-09 00:00:00+00:00
[2026-05-09T11:53:54.090+0000] {processor.py:183} INFO - Processing /home/vscode/.local/lib/python3.11/site-packages/airflow/example_dags/example_nested_branch_dag.py took 0.058 seconds
[2026-05-09T11:54:55.677+0000] {processor.py:161} INFO - Started process (PID=28736) to work on /home/vscode/.local/lib/python3.11/site-packages/airflow/example_dags/example_nested_branch_dag.py
[2026-05-09T11:54:55.678+0000] {processor.py:830} INFO - Processing file /home/vscode/.local/lib/python3.11/site-packages/airflow/example_dags/example_nested_branch_dag.py for tasks to queue
[2026-05-09T11:54:55.678+0000] {logging_mixin.py:188} INFO - [2026-05-09T11:54:55.678+0000] {dagbag.py:545} INFO - Filling up the DagBag from /home/vscode/.local/lib/python3.11/site-packages/airflow/example_dags/example_nested_branch_dag.py
[2026-05-09T11:54:55.686+0000] {processor.py:840} INFO - DAG(s) 'example_nested_branch_dag' retrieved from /home/vscode/.local/lib/python3.11/site-packages/airflow/example_dags/example_nested_branch_dag.py
[2026-05-09T11:54:55.698+0000] {logging_mixin.py:188} INFO - [2026-05-09T11:54:55.698+0000] {dag.py:3096} INFO - Sync 1 DAGs
[2026-05-09T11:54:55.712+0000] {logging_mixin.py:188} INFO - [2026-05-09T11:54:55.712+0000] {dag.py:3954} INFO - Setting next_dagrun for example_nested_branch_dag to 2026-05-08 00:00:00+00:00, run_after=2026-05-09 00:00:00+00:00
[2026-05-09T11:54:55.728+0000] {processor.py:183} INFO - Processing /home/vscode/.local/lib/python3.11/site-packages/airflow/example_dags/example_nested_branch_dag.py took 0.057 seconds
[2026-05-09T11:55:57.391+0000] {processor.py:161} INFO - Started process (PID=29267) to work on /home/vscode/.local/lib/python3.11/site-packages/airflow/example_dags/example_nested_branch_dag.py
[2026-05-09T11:55:57.391+0000] {processor.py:830} INFO - Processing file /home/vscode/.local/lib/python3.11/site-packages/airflow/example_dags/example_nested_branch_dag.py for tasks to queue
[2026-05-09T11:55:57.392+0000] {logging_mixin.py:188} INFO - [2026-05-09T11:55:57.392+0000] {dagbag.py:545} INFO - Filling up the DagBag from /home/vscode/.local/lib/python3.11/site-packages/airflow/example_dags/example_nested_branch_dag.py
[2026-05-09T11:55:57.400+0000] {processor.py:840} INFO - DAG(s) 'example_nested_branch_dag' retrieved from /home/vscode/.local/lib/python3.11/site-packages/airflow/example_dags/example_nested_branch_dag.py
[2026-05-09T11:55:57.412+0000] {logging_mixin.py:188} INFO - [2026-05-09T11:55:57.412+0000] {dag.py:3096} INFO - Sync 1 DAGs
[2026-05-09T11:55:57.426+0000] {logging_mixin.py:188} INFO - [2026-05-09T11:55:57.426+0000] {dag.py:3954} INFO - Setting next_dagrun for example_nested_branch_dag to 2026-05-08 00:00:00+00:00, run_after=2026-05-09 00:00:00+00:00
[2026-05-09T11:55:57.442+0000] {processor.py:183} INFO - Processing /home/vscode/.local/lib/python3.11/site-packages/airflow/example_dags/example_nested_branch_dag.py took 0.057 seconds
[2026-05-09T11:56:57.947+0000] {processor.py:161} INFO - Started process (PID=29729) to work on /home/vscode/.local/lib/python3.11/site-packages/airflow/example_dags/example_nested_branch_dag.py
[2026-05-09T11:56:57.948+0000] {processor.py:830} INFO - Processing file /home/vscode/.local/lib/python3.11/site-packages/airflow/example_dags/example_nested_branch_dag.py for tasks to queue
[2026-05-09T11:56:57.948+0000] {logging_mixin.py:188} INFO - [2026-05-09T11:56:57.948+0000] {dagbag.py:545} INFO - Filling up the DagBag from /home/vscode/.local/lib/python3.11/site-packages/airflow/example_dags/example_nested_branch_dag.py
[2026-05-09T11:56:57.956+0000] {processor.py:840} INFO - DAG(s) 'example_nested_branch_dag' retrieved from /home/vscode/.local/lib/python3.11/site-packages/airflow/example_dags/example_nested_branch_dag.py
[2026-05-09T11:56:57.968+0000] {logging_mixin.py:188} INFO - [2026-05-09T11:56:57.968+0000] {dag.py:3096} INFO - Sync 1 DAGs
[2026-05-09T11:56:57.982+0000] {logging_mixin.py:188} INFO - [2026-05-09T11:56:57.982+0000] {dag.py:3954} INFO - Setting next_dagrun for example_nested_branch_dag to 2026-05-08 00:00:00+00:00, run_after=2026-05-09 00:00:00+00:00
[2026-05-09T11:56:57.998+0000] {processor.py:183} INFO - Processing /home/vscode/.local/lib/python3.11/site-packages/airflow/example_dags/example_nested_branch_dag.py took 0.057 seconds
[2026-05-09T11:58:02.786+0000] {processor.py:161} INFO - Started process (PID=30276) to work on /home/vscode/.local/lib/python3.11/site-packages/airflow/example_dags/example_nested_branch_dag.py
[2026-05-09T11:58:02.786+0000] {processor.py:830} INFO - Processing file /home/vscode/.local/lib/python3.11/site-packages/airflow/example_dags/example_nested_branch_dag.py for tasks to queue
[2026-05-09T11:58:02.787+0000] {logging_mixin.py:188} INFO - [2026-05-09T11:58:02.786+0000] {dagbag.py:545} INFO - Filling up the DagBag from /home/vscode/.local/lib/python3.11/site-packages/airflow/example_dags/example_nested_branch_dag.py
[2026-05-09T11:58:02.795+0000] {processor.py:840} INFO - DAG(s) 'example_nested_branch_dag' retrieved from /home/vscode/.local/lib/python3.11/site-packages/airflow/example_dags/example_nested_branch_dag.py
[2026-05-09T11:58:02.808+0000] {logging_mixin.py:188} INFO - [2026-05-09T11:58:02.808+0000] {dag.py:3096} INFO - Sync 1 DAGs
[2026-05-09T11:58:02.824+0000] {logging_mixin.py:188} INFO - [2026-05-09T11:58:02.824+0000] {dag.py:3954} INFO - Setting next_dagrun for example_nested_branch_dag to 2026-05-08 00:00:00+00:00, run_after=2026-05-09 00:00:00+00:00
[2026-05-09T11:58:02.841+0000] {processor.py:183} INFO - Processing /home/vscode/.local/lib/python3.11/site-packages/airflow/example_dags/example_nested_branch_dag.py took 0.062 seconds
[2026-05-09T11:59:06.731+0000] {processor.py:161} INFO - Started process (PID=30750) to work on /home/vscode/.local/lib/python3.11/site-packages/airflow/example_dags/example_nested_branch_dag.py
[2026-05-09T11:59:06.732+0000] {processor.py:830} INFO - Processing file /home/vscode/.local/lib/python3.11/site-packages/airflow/example_dags/example_nested_branch_dag.py for tasks to queue
[2026-05-09T11:59:06.732+0000] {logging_mixin.py:188} INFO - [2026-05-09T11:59:06.732+0000] {dagbag.py:545} INFO - Filling up the DagBag from /home/vscode/.local/lib/python3.11/site-packages/airflow/example_dags/example_nested_branch_dag.py
[2026-05-09T11:59:06.740+0000] {processor.py:840} INFO - DAG(s) 'example_nested_branch_dag' retrieved from /home/vscode/.local/lib/python3.11/site-packages/airflow/example_dags/example_nested_branch_dag.py
[2026-05-09T11:59:06.753+0000] {logging_mixin.py:188} INFO - [2026-05-09T11:59:06.753+0000] {dag.py:3096} INFO - Sync 1 DAGs
[2026-05-09T11:59:06.768+0000] {logging_mixin.py:188} INFO - [2026-05-09T11:59:06.767+0000] {dag.py:3954} INFO - Setting next_dagrun for example_nested_branch_dag to 2026-05-08 00:00:00+00:00, run_after=2026-05-09 00:00:00+00:00
[2026-05-09T11:59:06.784+0000] {processor.py:183} INFO - Processing /home/vscode/.local/lib/python3.11/site-packages/airflow/example_dags/example_nested_branch_dag.py took 0.059 seconds
[2026-05-09T12:00:08.397+0000] {processor.py:161} INFO - Started process (PID=31284) to work on /home/vscode/.local/lib/python3.11/site-packages/airflow/example_dags/example_nested_branch_dag.py
[2026-05-09T12:00:08.398+0000] {processor.py:830} INFO - Processing file /home/vscode/.local/lib/python3.11/site-packages/airflow/example_dags/example_nested_branch_dag.py for tasks to queue
[2026-05-09T12:00:08.399+0000] {logging_mixin.py:188} INFO - [2026-05-09T12:00:08.398+0000] {dagbag.py:545} INFO - Filling up the DagBag from /home/vscode/.local/lib/python3.11/site-packages/airflow/example_dags/example_nested_branch_dag.py
[2026-05-09T12:00:08.407+0000] {processor.py:840} INFO - DAG(s) 'example_nested_branch_dag' retrieved from /home/vscode/.local/lib/python3.11/site-packages/airflow/example_dags/example_nested_branch_dag.py
[2026-05-09T12:00:08.419+0000] {logging_mixin.py:188} INFO - [2026-05-09T12:00:08.419+0000] {dag.py:3096} INFO - Sync 1 DAGs
[2026-05-09T12:00:08.433+0000] {logging_mixin.py:188} INFO - [2026-05-09T12:00:08.433+0000] {dag.py:3954} INFO - Setting next_dagrun for example_nested_branch_dag to 2026-05-08 00:00:00+00:00, run_after=2026-05-09 00:00:00+00:00
[2026-05-09T12:00:08.447+0000] {processor.py:183} INFO - Processing /home/vscode/.local/lib/python3.11/site-packages/airflow/example_dags/example_nested_branch_dag.py took 0.057 seconds
[2026-05-09T12:01:11.208+0000] {processor.py:161} INFO - Started process (PID=31762) to work on /home/vscode/.local/lib/python3.11/site-packages/airflow/example_dags/example_nested_branch_dag.py
[2026-05-09T12:01:11.209+0000] {processor.py:830} INFO - Processing file /home/vscode/.local/lib/python3.11/site-packages/airflow/example_dags/example_nested_branch_dag.py for tasks to queue
[2026-05-09T12:01:11.209+0000] {logging_mixin.py:188} INFO - [2026-05-09T12:01:11.209+0000] {dagbag.py:545} INFO - Filling up the DagBag from /home/vscode/.local/lib/python3.11/site-packages/airflow/example_dags/example_nested_branch_dag.py
[2026-05-09T12:01:11.217+0000] {processor.py:840} INFO - DAG(s) 'example_nested_branch_dag' retrieved from /home/vscode/.local/lib/python3.11/site-packages/airflow/example_dags/example_nested_branch_dag.py
[2026-05-09T12:01:11.230+0000] {logging_mixin.py:188} INFO - [2026-05-09T12:01:11.230+0000] {dag.py:3096} INFO - Sync 1 DAGs
[2026-05-09T12:01:11.245+0000] {logging_mixin.py:188} INFO - [2026-05-09T12:01:11.245+0000] {dag.py:3954} INFO - Setting next_dagrun for example_nested_branch_dag to 2026-05-08 00:00:00+00:00, run_after=2026-05-09 00:00:00+00:00
[2026-05-09T12:01:11.262+0000] {processor.py:183} INFO - Processing /home/vscode/.local/lib/python3.11/site-packages/airflow/example_dags/example_nested_branch_dag.py took 0.060 seconds
[2026-05-09T12:02:15.167+0000] {processor.py:161} INFO - Started process (PID=32301) to work on /home/vscode/.local/lib/python3.11/site-packages/airflow/example_dags/example_nested_branch_dag.py
[2026-05-09T12:02:15.167+0000] {processor.py:830} INFO - Processing file /home/vscode/.local/lib/python3.11/site-packages/airflow/example_dags/example_nested_branch_dag.py for tasks to queue
[2026-05-09T12:02:15.168+0000] {logging_mixin.py:188} INFO - [2026-05-09T12:02:15.168+0000] {dagbag.py:545} INFO - Filling up the DagBag from /home/vscode/.local/lib/python3.11/site-packages/airflow/example_dags/example_nested_branch_dag.py
[2026-05-09T12:02:15.177+0000] {processor.py:840} INFO - DAG(s) 'example_nested_branch_dag' retrieved from /home/vscode/.local/lib/python3.11/site-packages/airflow/example_dags/example_nested_branch_dag.py
[2026-05-09T12:02:15.189+0000] {logging_mixin.py:188} INFO - [2026-05-09T12:02:15.189+0000] {dag.py:3096} INFO - Sync 1 DAGs
[2026-05-09T12:02:15.203+0000] {logging_mixin.py:188} INFO - [2026-05-09T12:02:15.203+0000] {dag.py:3954} INFO - Setting next_dagrun for example_nested_branch_dag to 2026-05-08 00:00:00+00:00, run_after=2026-05-09 00:00:00+00:00
[2026-05-09T12:02:15.218+0000] {processor.py:183} INFO - Processing /home/vscode/.local/lib/python3.11/site-packages/airflow/example_dags/example_nested_branch_dag.py took 0.059 seconds
[2026-05-09T12:03:17.866+0000] {processor.py:161} INFO - Started process (PID=32774) to work on /home/vscode/.local/lib/python3.11/site-packages/airflow/example_dags/example_nested_branch_dag.py
[2026-05-09T12:03:17.866+0000] {processor.py:830} INFO - Processing file /home/vscode/.local/lib/python3.11/site-packages/airflow/example_dags/example_nested_branch_dag.py for tasks to queue
[2026-05-09T12:03:17.867+0000] {logging_mixin.py:188} INFO - [2026-05-09T12:03:17.866+0000] {dagbag.py:545} INFO - Filling up the DagBag from /home/vscode/.local/lib/python3.11/site-packages/airflow/example_dags/example_nested_branch_dag.py
[2026-05-09T12:03:17.875+0000] {processor.py:840} INFO - DAG(s) 'example_nested_branch_dag' retrieved from /home/vscode/.local/lib/python3.11/site-packages/airflow/example_dags/example_nested_branch_dag.py
[2026-05-09T12:03:17.888+0000] {logging_mixin.py:188} INFO - [2026-05-09T12:03:17.888+0000] {dag.py:3096} INFO - Sync 1 DAGs
[2026-05-09T12:03:17.906+0000] {logging_mixin.py:188} INFO - [2026-05-09T12:03:17.906+0000] {dag.py:3954} INFO - Setting next_dagrun for example_nested_branch_dag to 2026-05-08 00:00:00+00:00, run_after=2026-05-09 00:00:00+00:00
[2026-05-09T12:03:17.922+0000] {processor.py:183} INFO - Processing /home/vscode/.local/lib/python3.11/site-packages/airflow/example_dags/example_nested_branch_dag.py took 0.063 seconds
[2026-05-09T12:04:22.031+0000] {processor.py:161} INFO - Started process (PID=33375) to work on /home/vscode/.local/lib/python3.11/site-packages/airflow/example_dags/example_nested_branch_dag.py
[2026-05-09T12:04:22.032+0000] {processor.py:830} INFO - Processing file /home/vscode/.local/lib/python3.11/site-packages/airflow/example_dags/example_nested_branch_dag.py for tasks to queue
[2026-05-09T12:04:22.032+0000] {logging_mixin.py:188} INFO - [2026-05-09T12:04:22.032+0000] {dagbag.py:545} INFO - Filling up the DagBag from /home/vscode/.local/lib/python3.11/site-packages/airflow/example_dags/example_nested_branch_dag.py
[2026-05-09T12:04:22.040+0000] {processor.py:840} INFO - DAG(s) 'example_nested_branch_dag' retrieved from /home/vscode/.local/lib/python3.11/site-packages/airflow/example_dags/example_nested_branch_dag.py
[2026-05-09T12:04:22.052+0000] {logging_mixin.py:188} INFO - [2026-05-09T12:04:22.052+0000] {dag.py:3096} INFO - Sync 1 DAGs
[2026-05-09T12:04:22.066+0000] {logging_mixin.py:188} INFO - [2026-05-09T12:04:22.066+0000] {dag.py:3954} INFO - Setting next_dagrun for example_nested_branch_dag to 2026-05-08 00:00:00+00:00, run_after=2026-05-09 00:00:00+00:00
[2026-05-09T12:04:22.081+0000] {processor.py:183} INFO - Processing /home/vscode/.local/lib/python3.11/site-packages/airflow/example_dags/example_nested_branch_dag.py took 0.056 seconds
[2026-05-09T12:05:24.057+0000] {processor.py:161} INFO - Started process (PID=33853) to work on /home/vscode/.local/lib/python3.11/site-packages/airflow/example_dags/example_nested_branch_dag.py
[2026-05-09T12:05:24.057+0000] {processor.py:830} INFO - Processing file /home/vscode/.local/lib/python3.11/site-packages/airflow/example_dags/example_nested_branch_dag.py for tasks to queue
[2026-05-09T12:05:24.058+0000] {logging_mixin.py:188} INFO - [2026-05-09T12:05:24.058+0000] {dagbag.py:545} INFO - Filling up the DagBag from /home/vscode/.local/lib/python3.11/site-packages/airflow/example_dags/example_nested_branch_dag.py
[2026-05-09T12:05:24.065+0000] {processor.py:840} INFO - DAG(s) 'example_nested_branch_dag' retrieved from /home/vscode/.local/lib/python3.11/site-packages/airflow/example_dags/example_nested_branch_dag.py
[2026-05-09T12:05:24.078+0000] {logging_mixin.py:188} INFO - [2026-05-09T12:05:24.078+0000] {dag.py:3096} INFO - Sync 1 DAGs
[2026-05-09T12:05:24.092+0000] {logging_mixin.py:188} INFO - [2026-05-09T12:05:24.092+0000] {dag.py:3954} INFO - Setting next_dagrun for example_nested_branch_dag to 2026-05-08 00:00:00+00:00, run_after=2026-05-09 00:00:00+00:00
[2026-05-09T12:05:24.107+0000] {processor.py:183} INFO - Processing /home/vscode/.local/lib/python3.11/site-packages/airflow/example_dags/example_nested_branch_dag.py took 0.057 seconds
[2026-05-09T12:06:27.903+0000] {processor.py:161} INFO - Started process (PID=34390) to work on /home/vscode/.local/lib/python3.11/site-packages/airflow/example_dags/example_nested_branch_dag.py
[2026-05-09T12:06:27.904+0000] {processor.py:830} INFO - Processing file /home/vscode/.local/lib/python3.11/site-packages/airflow/example_dags/example_nested_branch_dag.py for tasks to queue
[2026-05-09T12:06:27.904+0000] {logging_mixin.py:188} INFO - [2026-05-09T12:06:27.904+0000] {dagbag.py:545} INFO - Filling up the DagBag from /home/vscode/.local/lib/python3.11/site-packages/airflow/example_dags/example_nested_branch_dag.py
[2026-05-09T12:06:27.912+0000] {processor.py:840} INFO - DAG(s) 'example_nested_branch_dag' retrieved from /home/vscode/.local/lib/python3.11/site-packages/airflow/example_dags/example_nested_branch_dag.py
[2026-05-09T12:06:27.925+0000] {logging_mixin.py:188} INFO - [2026-05-09T12:06:27.925+0000] {dag.py:3096} INFO - Sync 1 DAGs
[2026-05-09T12:06:27.943+0000] {logging_mixin.py:188} INFO - [2026-05-09T12:06:27.943+0000] {dag.py:3954} INFO - Setting next_dagrun for example_nested_branch_dag to 2026-05-08 00:00:00+00:00, run_after=2026-05-09 00:00:00+00:00
[2026-05-09T12:06:27.959+0000] {processor.py:183} INFO - Processing /home/vscode/.local/lib/python3.11/site-packages/airflow/example_dags/example_nested_branch_dag.py took 0.062 seconds
[2026-05-09T12:07:33.590+0000] {processor.py:161} INFO - Started process (PID=34886) to work on /home/vscode/.local/lib/python3.11/site-packages/airflow/example_dags/example_nested_branch_dag.py
[2026-05-09T12:07:33.591+0000] {processor.py:830} INFO - Processing file /home/vscode/.local/lib/python3.11/site-packages/airflow/example_dags/example_nested_branch_dag.py for tasks to queue
[2026-05-09T12:07:33.591+0000] {logging_mixin.py:188} INFO - [2026-05-09T12:07:33.591+0000] {dagbag.py:545} INFO - Filling up the DagBag from /home/vscode/.local/lib/python3.11/site-packages/airflow/example_dags/example_nested_branch_dag.py
[2026-05-09T12:07:33.599+0000] {processor.py:840} INFO - DAG(s) 'example_nested_branch_dag' retrieved from /home/vscode/.local/lib/python3.11/site-packages/airflow/example_dags/example_nested_branch_dag.py
[2026-05-09T12:07:33.612+0000] {logging_mixin.py:188} INFO - [2026-05-09T12:07:33.612+0000] {dag.py:3096} INFO - Sync 1 DAGs
[2026-05-09T12:07:33.628+0000] {logging_mixin.py:188} INFO - [2026-05-09T12:07:33.627+0000] {dag.py:3954} INFO - Setting next_dagrun for example_nested_branch_dag to 2026-05-08 00:00:00+00:00, run_after=2026-05-09 00:00:00+00:00
[2026-05-09T12:07:33.645+0000] {processor.py:183} INFO - Processing /home/vscode/.local/lib/python3.11/site-packages/airflow/example_dags/example_nested_branch_dag.py took 0.061 seconds
[2026-05-09T12:08:34.849+0000] {processor.py:161} INFO - Started process (PID=35470) to work on /home/vscode/.local/lib/python3.11/site-packages/airflow/example_dags/example_nested_branch_dag.py
[2026-05-09T12:08:34.849+0000] {processor.py:830} INFO - Processing file /home/vscode/.local/lib/python3.11/site-packages/airflow/example_dags/example_nested_branch_dag.py for tasks to queue
[2026-05-09T12:08:34.850+0000] {logging_mixin.py:188} INFO - [2026-05-09T12:08:34.849+0000] {dagbag.py:545} INFO - Filling up the DagBag from /home/vscode/.local/lib/python3.11/site-packages/airflow/example_dags/example_nested_branch_dag.py
[2026-05-09T12:08:34.858+0000] {processor.py:840} INFO - DAG(s) 'example_nested_branch_dag' retrieved from /home/vscode/.local/lib/python3.11/site-packages/airflow/example_dags/example_nested_branch_dag.py
[2026-05-09T12:08:34.871+0000] {logging_mixin.py:188} INFO - [2026-05-09T12:08:34.871+0000] {dag.py:3096} INFO - Sync 1 DAGs
[2026-05-09T12:08:34.886+0000] {logging_mixin.py:188} INFO - [2026-05-09T12:08:34.886+0000] {dag.py:3954} INFO - Setting next_dagrun for example_nested_branch_dag to 2026-05-08 00:00:00+00:00, run_after=2026-05-09 00:00:00+00:00
[2026-05-09T12:08:34.902+0000] {processor.py:183} INFO - Processing /home/vscode/.local/lib/python3.11/site-packages/airflow/example_dags/example_nested_branch_dag.py took 0.060 seconds
[2026-05-09T12:09:33.376+0000] {processor.py:161} INFO - Started process (PID=35926) to work on /home/vscode/.local/lib/python3.11/site-packages/airflow/example_dags/example_nested_branch_dag.py
[2026-05-09T12:09:33.377+0000] {processor.py:830} INFO - Processing file /home/vscode/.local/lib/python3.11/site-packages/airflow/example_dags/example_nested_branch_dag.py for tasks to queue
[2026-05-09T12:09:33.378+0000] {logging_mixin.py:188} INFO - [2026-05-09T12:09:33.377+0000] {dagbag.py:545} INFO - Filling up the DagBag from /home/vscode/.local/lib/python3.11/site-packages/airflow/example_dags/example_nested_branch_dag.py
[2026-05-09T12:09:33.386+0000] {processor.py:840} INFO - DAG(s) 'example_nested_branch_dag' retrieved from /home/vscode/.local/lib/python3.11/site-packages/airflow/example_dags/example_nested_branch_dag.py
[2026-05-09T12:09:33.399+0000] {logging_mixin.py:188} INFO - [2026-05-09T12:09:33.399+0000] {dag.py:3096} INFO - Sync 1 DAGs
[2026-05-09T12:09:33.414+0000] {logging_mixin.py:188} INFO - [2026-05-09T12:09:33.413+0000] {dag.py:3954} INFO - Setting next_dagrun for example_nested_branch_dag to 2026-05-08 00:00:00+00:00, run_after=2026-05-09 00:00:00+00:00
[2026-05-09T12:09:33.432+0000] {processor.py:183} INFO - Processing /home/vscode/.local/lib/python3.11/site-packages/airflow/example_dags/example_nested_branch_dag.py took 0.063 seconds
[2026-05-09T12:10:35.446+0000] {processor.py:161} INFO - Started process (PID=36517) to work on /home/vscode/.local/lib/python3.11/site-packages/airflow/example_dags/example_nested_branch_dag.py
[2026-05-09T12:10:35.446+0000] {processor.py:830} INFO - Processing file /home/vscode/.local/lib/python3.11/site-packages/airflow/example_dags/example_nested_branch_dag.py for tasks to queue
[2026-05-09T12:10:35.447+0000] {logging_mixin.py:188} INFO - [2026-05-09T12:10:35.447+0000] {dagbag.py:545} INFO - Filling up the DagBag from /home/vscode/.local/lib/python3.11/site-packages/airflow/example_dags/example_nested_branch_dag.py
[2026-05-09T12:10:35.455+0000] {processor.py:840} INFO - DAG(s) 'example_nested_branch_dag' retrieved from /home/vscode/.local/lib/python3.11/site-packages/airflow/example_dags/example_nested_branch_dag.py
[2026-05-09T12:10:35.469+0000] {logging_mixin.py:188} INFO - [2026-05-09T12:10:35.468+0000] {dag.py:3096} INFO - Sync 1 DAGs
[2026-05-09T12:10:35.483+0000] {logging_mixin.py:188} INFO - [2026-05-09T12:10:35.483+0000] {dag.py:3954} INFO - Setting next_dagrun for example_nested_branch_dag to 2026-05-08 00:00:00+00:00, run_after=2026-05-09 00:00:00+00:00
[2026-05-09T12:10:35.500+0000] {processor.py:183} INFO - Processing /home/vscode/.local/lib/python3.11/site-packages/airflow/example_dags/example_nested_branch_dag.py took 0.062 seconds
[2026-05-09T12:11:36.347+0000] {processor.py:161} INFO - Started process (PID=36978) to work on /home/vscode/.local/lib/python3.11/site-packages/airflow/example_dags/example_nested_branch_dag.py
[2026-05-09T12:11:36.348+0000] {processor.py:830} INFO - Processing file /home/vscode/.local/lib/python3.11/site-packages/airflow/example_dags/example_nested_branch_dag.py for tasks to queue
[2026-05-09T12:11:36.348+0000] {logging_mixin.py:188} INFO - [2026-05-09T12:11:36.348+0000] {dagbag.py:545} INFO - Filling up the DagBag from /home/vscode/.local/lib/python3.11/site-packages/airflow/example_dags/example_nested_branch_dag.py
[2026-05-09T12:11:36.356+0000] {processor.py:840} INFO - DAG(s) 'example_nested_branch_dag' retrieved from /home/vscode/.local/lib/python3.11/site-packages/airflow/example_dags/example_nested_branch_dag.py
[2026-05-09T12:11:36.368+0000] {logging_mixin.py:188} INFO - [2026-05-09T12:11:36.368+0000] {dag.py:3096} INFO - Sync 1 DAGs
[2026-05-09T12:11:36.383+0000] {logging_mixin.py:188} INFO - [2026-05-09T12:11:36.383+0000] {dag.py:3954} INFO - Setting next_dagrun for example_nested_branch_dag to 2026-05-08 00:00:00+00:00, run_after=2026-05-09 00:00:00+00:00
[2026-05-09T12:11:36.399+0000] {processor.py:183} INFO - Processing /home/vscode/.local/lib/python3.11/site-packages/airflow/example_dags/example_nested_branch_dag.py took 0.058 seconds
[2026-05-09T12:12:37.144+0000] {processor.py:161} INFO - Started process (PID=37502) to work on /home/vscode/.local/lib/python3.11/site-packages/airflow/example_dags/example_nested_branch_dag.py
[2026-05-09T12:12:37.144+0000] {processor.py:830} INFO - Processing file /home/vscode/.local/lib/python3.11/site-packages/airflow/example_dags/example_nested_branch_dag.py for tasks to queue
[2026-05-09T12:12:37.145+0000] {logging_mixin.py:188} INFO - [2026-05-09T12:12:37.145+0000] {dagbag.py:545} INFO - Filling up the DagBag from /home/vscode/.local/lib/python3.11/site-packages/airflow/example_dags/example_nested_branch_dag.py
[2026-05-09T12:12:37.154+0000] {processor.py:840} INFO - DAG(s) 'example_nested_branch_dag' retrieved from /home/vscode/.local/lib/python3.11/site-packages/airflow/example_dags/example_nested_branch_dag.py
[2026-05-09T12:12:37.167+0000] {logging_mixin.py:188} INFO - [2026-05-09T12:12:37.167+0000] {dag.py:3096} INFO - Sync 1 DAGs
[2026-05-09T12:12:37.181+0000] {logging_mixin.py:188} INFO - [2026-05-09T12:12:37.181+0000] {dag.py:3954} INFO - Setting next_dagrun for example_nested_branch_dag to 2026-05-08 00:00:00+00:00, run_after=2026-05-09 00:00:00+00:00
[2026-05-09T12:12:37.196+0000] {processor.py:183} INFO - Processing /home/vscode/.local/lib/python3.11/site-packages/airflow/example_dags/example_nested_branch_dag.py took 0.061 seconds
[2026-05-09T12:13:38.866+0000] {processor.py:161} INFO - Started process (PID=37992) to work on /home/vscode/.local/lib/python3.11/site-packages/airflow/example_dags/example_nested_branch_dag.py
[2026-05-09T12:13:38.867+0000] {processor.py:830} INFO - Processing file /home/vscode/.local/lib/python3.11/site-packages/airflow/example_dags/example_nested_branch_dag.py for tasks to queue
[2026-05-09T12:13:38.867+0000] {logging_mixin.py:188} INFO - [2026-05-09T12:13:38.867+0000] {dagbag.py:545} INFO - Filling up the DagBag from /home/vscode/.local/lib/python3.11/site-packages/airflow/example_dags/example_nested_branch_dag.py
[2026-05-09T12:13:38.876+0000] {processor.py:840} INFO - DAG(s) 'example_nested_branch_dag' retrieved from /home/vscode/.local/lib/python3.11/site-packages/airflow/example_dags/example_nested_branch_dag.py
[2026-05-09T12:13:38.889+0000] {logging_mixin.py:188} INFO - [2026-05-09T12:13:38.889+0000] {dag.py:3096} INFO - Sync 1 DAGs
[2026-05-09T12:13:38.904+0000] {logging_mixin.py:188} INFO - [2026-05-09T12:13:38.904+0000] {dag.py:3954} INFO - Setting next_dagrun for example_nested_branch_dag to 2026-05-08 00:00:00+00:00, run_after=2026-05-09 00:00:00+00:00
[2026-05-09T12:13:38.921+0000] {processor.py:183} INFO - Processing /home/vscode/.local/lib/python3.11/site-packages/airflow/example_dags/example_nested_branch_dag.py took 0.062 seconds
[2026-05-09T12:14:45.992+0000] {processor.py:161} INFO - Started process (PID=38585) to work on /home/vscode/.local/lib/python3.11/site-packages/airflow/example_dags/example_nested_branch_dag.py
[2026-05-09T12:14:45.993+0000] {processor.py:830} INFO - Processing file /home/vscode/.local/lib/python3.11/site-packages/airflow/example_dags/example_nested_branch_dag.py for tasks to queue
[2026-05-09T12:14:45.993+0000] {logging_mixin.py:188} INFO - [2026-05-09T12:14:45.993+0000] {dagbag.py:545} INFO - Filling up the DagBag from /home/vscode/.local/lib/python3.11/site-packages/airflow/example_dags/example_nested_branch_dag.py
[2026-05-09T12:14:46.001+0000] {processor.py:840} INFO - DAG(s) 'example_nested_branch_dag' retrieved from /home/vscode/.local/lib/python3.11/site-packages/airflow/example_dags/example_nested_branch_dag.py
[2026-05-09T12:14:46.013+0000] {logging_mixin.py:188} INFO - [2026-05-09T12:14:46.013+0000] {dag.py:3096} INFO - Sync 1 DAGs
[2026-05-09T12:14:46.028+0000] {logging_mixin.py:188} INFO - [2026-05-09T12:14:46.028+0000] {dag.py:3954} INFO - Setting next_dagrun for example_nested_branch_dag to 2026-05-08 00:00:00+00:00, run_after=2026-05-09 00:00:00+00:00
[2026-05-09T12:14:46.045+0000] {processor.py:183} INFO - Processing /home/vscode/.local/lib/python3.11/site-packages/airflow/example_dags/example_nested_branch_dag.py took 0.059 seconds
[2026-05-09T12:15:46.437+0000] {processor.py:161} INFO - Started process (PID=39048) to work on /home/vscode/.local/lib/python3.11/site-packages/airflow/example_dags/example_nested_branch_dag.py
[2026-05-09T12:15:46.437+0000] {processor.py:830} INFO - Processing file /home/vscode/.local/lib/python3.11/site-packages/airflow/example_dags/example_nested_branch_dag.py for tasks to queue
[2026-05-09T12:15:46.438+0000] {logging_mixin.py:188} INFO - [2026-05-09T12:15:46.438+0000] {dagbag.py:545} INFO - Filling up the DagBag from /home/vscode/.local/lib/python3.11/site-packages/airflow/example_dags/example_nested_branch_dag.py
[2026-05-09T12:15:46.447+0000] {processor.py:840} INFO - DAG(s) 'example_nested_branch_dag' retrieved from /home/vscode/.local/lib/python3.11/site-packages/airflow/example_dags/example_nested_branch_dag.py
[2026-05-09T12:15:46.459+0000] {logging_mixin.py:188} INFO - [2026-05-09T12:15:46.459+0000] {dag.py:3096} INFO - Sync 1 DAGs
[2026-05-09T12:15:46.477+0000] {logging_mixin.py:188} INFO - [2026-05-09T12:15:46.477+0000] {dag.py:3954} INFO - Setting next_dagrun for example_nested_branch_dag to 2026-05-08 00:00:00+00:00, run_after=2026-05-09 00:00:00+00:00
[2026-05-09T12:15:46.493+0000] {processor.py:183} INFO - Processing /home/vscode/.local/lib/python3.11/site-packages/airflow/example_dags/example_nested_branch_dag.py took 0.065 seconds
[2026-05-09T12:16:32.976+0000] {processor.py:161} INFO - Started process (PID=39371) to work on /home/vscode/.local/lib/python3.11/site-packages/airflow/example_dags/example_nested_branch_dag.py
[2026-05-09T12:16:32.977+0000] {processor.py:830} INFO - Processing file /home/vscode/.local/lib/python3.11/site-packages/airflow/example_dags/example_nested_branch_dag.py for tasks to queue
[2026-05-09T12:16:32.977+0000] {logging_mixin.py:188} INFO - [2026-05-09T12:16:32.977+0000] {dagbag.py:545} INFO - Filling up the DagBag from /home/vscode/.local/lib/python3.11/site-packages/airflow/example_dags/example_nested_branch_dag.py
[2026-05-09T12:16:32.985+0000] {processor.py:840} INFO - DAG(s) 'example_nested_branch_dag' retrieved from /home/vscode/.local/lib/python3.11/site-packages/airflow/example_dags/example_nested_branch_dag.py
[2026-05-09T12:16:32.998+0000] {logging_mixin.py:188} INFO - [2026-05-09T12:16:32.998+0000] {dag.py:3096} INFO - Sync 1 DAGs
[2026-05-09T12:16:33.012+0000] {logging_mixin.py:188} INFO - [2026-05-09T12:16:33.012+0000] {dag.py:3954} INFO - Setting next_dagrun for example_nested_branch_dag to 2026-05-08 00:00:00+00:00, run_after=2026-05-09 00:00:00+00:00
[2026-05-09T12:16:33.030+0000] {processor.py:183} INFO - Processing /home/vscode/.local/lib/python3.11/site-packages/airflow/example_dags/example_nested_branch_dag.py took 0.060 seconds
[2026-05-09T12:17:39.903+0000] {processor.py:161} INFO - Started process (PID=39990) to work on /home/vscode/.local/lib/python3.11/site-packages/airflow/example_dags/example_nested_branch_dag.py
[2026-05-09T12:17:39.904+0000] {processor.py:830} INFO - Processing file /home/vscode/.local/lib/python3.11/site-packages/airflow/example_dags/example_nested_branch_dag.py for tasks to queue
[2026-05-09T12:17:39.904+0000] {logging_mixin.py:188} INFO - [2026-05-09T12:17:39.904+0000] {dagbag.py:545} INFO - Filling up the DagBag from /home/vscode/.local/lib/python3.11/site-packages/airflow/example_dags/example_nested_branch_dag.py
[2026-05-09T12:17:39.912+0000] {processor.py:840} INFO - DAG(s) 'example_nested_branch_dag' retrieved from /home/vscode/.local/lib/python3.11/site-packages/airflow/example_dags/example_nested_branch_dag.py
[2026-05-09T12:17:39.925+0000] {logging_mixin.py:188} INFO - [2026-05-09T12:17:39.925+0000] {dag.py:3096} INFO - Sync 1 DAGs
[2026-05-09T12:17:39.943+0000] {logging_mixin.py:188} INFO - [2026-05-09T12:17:39.943+0000] {dag.py:3954} INFO - Setting next_dagrun for example_nested_branch_dag to 2026-05-08 00:00:00+00:00, run_after=2026-05-09 00:00:00+00:00
[2026-05-09T12:17:39.960+0000] {processor.py:183} INFO - Processing /home/vscode/.local/lib/python3.11/site-packages/airflow/example_dags/example_nested_branch_dag.py took 0.062 seconds
[2026-05-09T12:18:41.815+0000] {processor.py:161} INFO - Started process (PID=40516) to work on /home/vscode/.local/lib/python3.11/site-packages/airflow/example_dags/example_nested_branch_dag.py
[2026-05-09T12:18:41.815+0000] {processor.py:830} INFO - Processing file /home/vscode/.local/lib/python3.11/site-packages/airflow/example_dags/example_nested_branch_dag.py for tasks to queue
[2026-05-09T12:18:41.816+0000] {logging_mixin.py:188} INFO - [2026-05-09T12:18:41.815+0000] {dagbag.py:545} INFO - Filling up the DagBag from /home/vscode/.local/lib/python3.11/site-packages/airflow/example_dags/example_nested_branch_dag.py
[2026-05-09T12:18:41.824+0000] {processor.py:840} INFO - DAG(s) 'example_nested_branch_dag' retrieved from /home/vscode/.local/lib/python3.11/site-packages/airflow/example_dags/example_nested_branch_dag.py
[2026-05-09T12:18:41.841+0000] {logging_mixin.py:188} INFO - [2026-05-09T12:18:41.841+0000] {dag.py:3096} INFO - Sync 1 DAGs
[2026-05-09T12:18:41.856+0000] {logging_mixin.py:188} INFO - [2026-05-09T12:18:41.856+0000] {dag.py:3954} INFO - Setting next_dagrun for example_nested_branch_dag to 2026-05-08 00:00:00+00:00, run_after=2026-05-09 00:00:00+00:00
[2026-05-09T12:18:41.871+0000] {processor.py:183} INFO - Processing /home/vscode/.local/lib/python3.11/site-packages/airflow/example_dags/example_nested_branch_dag.py took 0.063 seconds
[2026-05-09T12:19:46.474+0000] {processor.py:161} INFO - Started process (PID=41063) to work on /home/vscode/.local/lib/python3.11/site-packages/airflow/example_dags/example_nested_branch_dag.py
[2026-05-09T12:19:46.475+0000] {processor.py:830} INFO - Processing file /home/vscode/.local/lib/python3.11/site-packages/airflow/example_dags/example_nested_branch_dag.py for tasks to queue
[2026-05-09T12:19:46.475+0000] {logging_mixin.py:188} INFO - [2026-05-09T12:19:46.475+0000] {dagbag.py:545} INFO - Filling up the DagBag from /home/vscode/.local/lib/python3.11/site-packages/airflow/example_dags/example_nested_branch_dag.py
[2026-05-09T12:19:46.484+0000] {processor.py:840} INFO - DAG(s) 'example_nested_branch_dag' retrieved from /home/vscode/.local/lib/python3.11/site-packages/airflow/example_dags/example_nested_branch_dag.py
[2026-05-09T12:19:46.497+0000] {logging_mixin.py:188} INFO - [2026-05-09T12:19:46.497+0000] {dag.py:3096} INFO - Sync 1 DAGs
[2026-05-09T12:19:46.513+0000] {logging_mixin.py:188} INFO - [2026-05-09T12:19:46.513+0000] {dag.py:3954} INFO - Setting next_dagrun for example_nested_branch_dag to 2026-05-08 00:00:00+00:00, run_after=2026-05-09 00:00:00+00:00
[2026-05-09T12:19:46.531+0000] {processor.py:183} INFO - Processing /home/vscode/.local/lib/python3.11/site-packages/airflow/example_dags/example_nested_branch_dag.py took 0.063 seconds
[2026-05-09T12:20:49.258+0000] {processor.py:161} INFO - Started process (PID=41537) to work on /home/vscode/.local/lib/python3.11/site-packages/airflow/example_dags/example_nested_branch_dag.py
[2026-05-09T12:20:49.259+0000] {processor.py:830} INFO - Processing file /home/vscode/.local/lib/python3.11/site-packages/airflow/example_dags/example_nested_branch_dag.py for tasks to queue
[2026-05-09T12:20:49.259+0000] {logging_mixin.py:188} INFO - [2026-05-09T12:20:49.259+0000] {dagbag.py:545} INFO - Filling up the DagBag from /home/vscode/.local/lib/python3.11/site-packages/airflow/example_dags/example_nested_branch_dag.py
[2026-05-09T12:20:49.267+0000] {processor.py:840} INFO - DAG(s) 'example_nested_branch_dag' retrieved from /home/vscode/.local/lib/python3.11/site-packages/airflow/example_dags/example_nested_branch_dag.py
[2026-05-09T12:20:49.280+0000] {logging_mixin.py:188} INFO - [2026-05-09T12:20:49.279+0000] {dag.py:3096} INFO - Sync 1 DAGs
[2026-05-09T12:20:49.294+0000] {logging_mixin.py:188} INFO - [2026-05-09T12:20:49.294+0000] {dag.py:3954} INFO - Setting next_dagrun for example_nested_branch_dag to 2026-05-08 00:00:00+00:00, run_after=2026-05-09 00:00:00+00:00
[2026-05-09T12:20:49.310+0000] {processor.py:183} INFO - Processing /home/vscode/.local/lib/python3.11/site-packages/airflow/example_dags/example_nested_branch_dag.py took 0.059 seconds
