[2026-05-09T11:19:18.353+0000] {processor.py:161} INFO - Started process (PID=7367) to work on /home/vscode/.local/lib/python3.11/site-packages/airflow/example_dags/example_branch_python_dop_operator_3.py
[2026-05-09T11:19:18.354+0000] {processor.py:830} INFO - Processing file /home/vscode/.local/lib/python3.11/site-packages/airflow/example_dags/example_branch_python_dop_operator_3.py for tasks to queue
[2026-05-09T11:19:18.354+0000] {logging_mixin.py:188} INFO - [2026-05-09T11:19:18.354+0000] {dagbag.py:545} INFO - Filling up the DagBag from /home/vscode/.local/lib/python3.11/site-packages/airflow/example_dags/example_branch_python_dop_operator_3.py
[2026-05-09T11:19:18.366+0000] {processor.py:840} INFO - DAG(s) 'example_branch_dop_operator_v3' retrieved from /home/vscode/.local/lib/python3.11/site-packages/airflow/example_dags/example_branch_python_dop_operator_3.py
[2026-05-09T11:19:18.561+0000] {logging_mixin.py:188} INFO - [2026-05-09T11:19:18.561+0000] {dag.py:3096} INFO - Sync 1 DAGs
[2026-05-09T11:19:18.587+0000] {logging_mixin.py:188} INFO - [2026-05-09T11:19:18.587+0000] {dag.py:3954} INFO - Setting next_dagrun for example_branch_dop_operator_v3 to 2026-05-09 11:18:00+00:00, run_after=2026-05-09 11:19:00+00:00
[2026-05-09T11:19:18.661+0000] {processor.py:183} INFO - Processing /home/vscode/.local/lib/python3.11/site-packages/airflow/example_dags/example_branch_python_dop_operator_3.py took 0.317 seconds
[2026-05-09T11:20:16.807+0000] {processor.py:161} INFO - Started process (PID=7853) to work on /home/vscode/.local/lib/python3.11/site-packages/airflow/example_dags/example_branch_python_dop_operator_3.py
[2026-05-09T11:20:16.807+0000] {processor.py:830} INFO - Processing file /home/vscode/.local/lib/python3.11/site-packages/airflow/example_dags/example_branch_python_dop_operator_3.py for tasks to queue
[2026-05-09T11:20:16.808+0000] {logging_mixin.py:188} INFO - [2026-05-09T11:20:16.808+0000] {dagbag.py:545} INFO - Filling up the DagBag from /home/vscode/.local/lib/python3.11/site-packages/airflow/example_dags/example_branch_python_dop_operator_3.py
[2026-05-09T11:20:16.815+0000] {processor.py:840} INFO - DAG(s) 'example_branch_dop_operator_v3' retrieved from /home/vscode/.local/lib/python3.11/site-packages/airflow/example_dags/example_branch_python_dop_operator_3.py
[2026-05-09T11:20:16.827+0000] {logging_mixin.py:188} INFO - [2026-05-09T11:20:16.827+0000] {dag.py:3096} INFO - Sync 1 DAGs
[2026-05-09T11:20:16.845+0000] {logging_mixin.py:188} INFO - [2026-05-09T11:20:16.845+0000] {dag.py:3954} INFO - Setting next_dagrun for example_branch_dop_operator_v3 to 2026-05-09 11:19:00+00:00, run_after=2026-05-09 11:20:00+00:00
[2026-05-09T11:20:16.861+0000] {processor.py:183} INFO - Processing /home/vscode/.local/lib/python3.11/site-packages/airflow/example_dags/example_branch_python_dop_operator_3.py took 0.061 seconds
[2026-05-09T11:21:08.040+0000] {processor.py:161} INFO - Started process (PID=8313) to work on /home/vscode/.local/lib/python3.11/site-packages/airflow/example_dags/example_branch_python_dop_operator_3.py
[2026-05-09T11:21:08.041+0000] {processor.py:830} INFO - Processing file /home/vscode/.local/lib/python3.11/site-packages/airflow/example_dags/example_branch_python_dop_operator_3.py for tasks to queue
[2026-05-09T11:21:08.042+0000] {logging_mixin.py:188} INFO - [2026-05-09T11:21:08.041+0000] {dagbag.py:545} INFO - Filling up the DagBag from /home/vscode/.local/lib/python3.11/site-packages/airflow/example_dags/example_branch_python_dop_operator_3.py
[2026-05-09T11:21:08.048+0000] {processor.py:840} INFO - DAG(s) 'example_branch_dop_operator_v3' retrieved from /home/vscode/.local/lib/python3.11/site-packages/airflow/example_dags/example_branch_python_dop_operator_3.py
[2026-05-09T11:21:08.060+0000] {logging_mixin.py:188} INFO - [2026-05-09T11:21:08.060+0000] {dag.py:3096} INFO - Sync 1 DAGs
[2026-05-09T11:21:08.087+0000] {logging_mixin.py:188} INFO - [2026-05-09T11:21:08.087+0000] {dag.py:3954} INFO - Setting next_dagrun for example_branch_dop_operator_v3 to 2026-05-09 11:20:00+00:00, run_after=2026-05-09 11:21:00+00:00
[2026-05-09T11:21:08.127+0000] {processor.py:183} INFO - Processing /home/vscode/.local/lib/python3.11/site-packages/airflow/example_dags/example_branch_python_dop_operator_3.py took 0.093 seconds
[2026-05-09T11:22:09.590+0000] {processor.py:161} INFO - Started process (PID=8947) to work on /home/vscode/.local/lib/python3.11/site-packages/airflow/example_dags/example_branch_python_dop_operator_3.py
[2026-05-09T11:22:09.591+0000] {processor.py:830} INFO - Processing file /home/vscode/.local/lib/python3.11/site-packages/airflow/example_dags/example_branch_python_dop_operator_3.py for tasks to queue
[2026-05-09T11:22:09.591+0000] {logging_mixin.py:188} INFO - [2026-05-09T11:22:09.591+0000] {dagbag.py:545} INFO - Filling up the DagBag from /home/vscode/.local/lib/python3.11/site-packages/airflow/example_dags/example_branch_python_dop_operator_3.py
[2026-05-09T11:22:09.598+0000] {processor.py:840} INFO - DAG(s) 'example_branch_dop_operator_v3' retrieved from /home/vscode/.local/lib/python3.11/site-packages/airflow/example_dags/example_branch_python_dop_operator_3.py
[2026-05-09T11:22:09.610+0000] {logging_mixin.py:188} INFO - [2026-05-09T11:22:09.610+0000] {dag.py:3096} INFO - Sync 1 DAGs
[2026-05-09T11:22:09.627+0000] {logging_mixin.py:188} INFO - [2026-05-09T11:22:09.627+0000] {dag.py:3954} INFO - Setting next_dagrun for example_branch_dop_operator_v3 to 2026-05-09 11:21:00+00:00, run_after=2026-05-09 11:22:00+00:00
[2026-05-09T11:22:09.643+0000] {processor.py:183} INFO - Processing /home/vscode/.local/lib/python3.11/site-packages/airflow/example_dags/example_branch_python_dop_operator_3.py took 0.060 seconds
[2026-05-09T11:23:04.806+0000] {processor.py:161} INFO - Started process (PID=9652) to work on /home/vscode/.local/lib/python3.11/site-packages/airflow/example_dags/example_branch_python_dop_operator_3.py
[2026-05-09T11:23:04.807+0000] {processor.py:830} INFO - Processing file /home/vscode/.local/lib/python3.11/site-packages/airflow/example_dags/example_branch_python_dop_operator_3.py for tasks to queue
[2026-05-09T11:23:04.807+0000] {logging_mixin.py:188} INFO - [2026-05-09T11:23:04.807+0000] {dagbag.py:545} INFO - Filling up the DagBag from /home/vscode/.local/lib/python3.11/site-packages/airflow/example_dags/example_branch_python_dop_operator_3.py
[2026-05-09T11:23:04.814+0000] {processor.py:840} INFO - DAG(s) 'example_branch_dop_operator_v3' retrieved from /home/vscode/.local/lib/python3.11/site-packages/airflow/example_dags/example_branch_python_dop_operator_3.py
[2026-05-09T11:23:04.826+0000] {logging_mixin.py:188} INFO - [2026-05-09T11:23:04.826+0000] {dag.py:3096} INFO - Sync 1 DAGs
[2026-05-09T11:23:04.843+0000] {logging_mixin.py:188} INFO - [2026-05-09T11:23:04.843+0000] {dag.py:3954} INFO - Setting next_dagrun for example_branch_dop_operator_v3 to 2026-05-09 11:22:00+00:00, run_after=2026-05-09 11:23:00+00:00
[2026-05-09T11:23:04.859+0000] {processor.py:183} INFO - Processing /home/vscode/.local/lib/python3.11/site-packages/airflow/example_dags/example_branch_python_dop_operator_3.py took 0.059 seconds
[2026-05-09T11:24:04.932+0000] {processor.py:161} INFO - Started process (PID=10407) to work on /home/vscode/.local/lib/python3.11/site-packages/airflow/example_dags/example_branch_python_dop_operator_3.py
[2026-05-09T11:24:04.933+0000] {processor.py:830} INFO - Processing file /home/vscode/.local/lib/python3.11/site-packages/airflow/example_dags/example_branch_python_dop_operator_3.py for tasks to queue
[2026-05-09T11:24:04.933+0000] {logging_mixin.py:188} INFO - [2026-05-09T11:24:04.933+0000] {dagbag.py:545} INFO - Filling up the DagBag from /home/vscode/.local/lib/python3.11/site-packages/airflow/example_dags/example_branch_python_dop_operator_3.py
[2026-05-09T11:24:04.940+0000] {processor.py:840} INFO - DAG(s) 'example_branch_dop_operator_v3' retrieved from /home/vscode/.local/lib/python3.11/site-packages/airflow/example_dags/example_branch_python_dop_operator_3.py
[2026-05-09T11:24:04.951+0000] {logging_mixin.py:188} INFO - [2026-05-09T11:24:04.951+0000] {dag.py:3096} INFO - Sync 1 DAGs
[2026-05-09T11:24:04.969+0000] {logging_mixin.py:188} INFO - [2026-05-09T11:24:04.969+0000] {dag.py:3954} INFO - Setting next_dagrun for example_branch_dop_operator_v3 to 2026-05-09 11:23:00+00:00, run_after=2026-05-09 11:24:00+00:00
[2026-05-09T11:24:04.986+0000] {processor.py:183} INFO - Processing /home/vscode/.local/lib/python3.11/site-packages/airflow/example_dags/example_branch_python_dop_operator_3.py took 0.060 seconds
[2026-05-09T11:25:05.475+0000] {processor.py:161} INFO - Started process (PID=11210) to work on /home/vscode/.local/lib/python3.11/site-packages/airflow/example_dags/example_branch_python_dop_operator_3.py
[2026-05-09T11:25:05.476+0000] {processor.py:830} INFO - Processing file /home/vscode/.local/lib/python3.11/site-packages/airflow/example_dags/example_branch_python_dop_operator_3.py for tasks to queue
[2026-05-09T11:25:05.476+0000] {logging_mixin.py:188} INFO - [2026-05-09T11:25:05.476+0000] {dagbag.py:545} INFO - Filling up the DagBag from /home/vscode/.local/lib/python3.11/site-packages/airflow/example_dags/example_branch_python_dop_operator_3.py
[2026-05-09T11:25:05.483+0000] {processor.py:840} INFO - DAG(s) 'example_branch_dop_operator_v3' retrieved from /home/vscode/.local/lib/python3.11/site-packages/airflow/example_dags/example_branch_python_dop_operator_3.py
[2026-05-09T11:25:05.494+0000] {logging_mixin.py:188} INFO - [2026-05-09T11:25:05.494+0000] {dag.py:3096} INFO - Sync 1 DAGs
[2026-05-09T11:25:05.511+0000] {logging_mixin.py:188} INFO - [2026-05-09T11:25:05.511+0000] {dag.py:3954} INFO - Setting next_dagrun for example_branch_dop_operator_v3 to 2026-05-09 11:24:00+00:00, run_after=2026-05-09 11:25:00+00:00
[2026-05-09T11:25:05.527+0000] {processor.py:183} INFO - Processing /home/vscode/.local/lib/python3.11/site-packages/airflow/example_dags/example_branch_python_dop_operator_3.py took 0.058 seconds
[2026-05-09T11:26:06.310+0000] {processor.py:161} INFO - Started process (PID=11679) to work on /home/vscode/.local/lib/python3.11/site-packages/airflow/example_dags/example_branch_python_dop_operator_3.py
[2026-05-09T11:26:06.310+0000] {processor.py:830} INFO - Processing file /home/vscode/.local/lib/python3.11/site-packages/airflow/example_dags/example_branch_python_dop_operator_3.py for tasks to queue
[2026-05-09T11:26:06.311+0000] {logging_mixin.py:188} INFO - [2026-05-09T11:26:06.311+0000] {dagbag.py:545} INFO - Filling up the DagBag from /home/vscode/.local/lib/python3.11/site-packages/airflow/example_dags/example_branch_python_dop_operator_3.py
[2026-05-09T11:26:06.318+0000] {processor.py:840} INFO - DAG(s) 'example_branch_dop_operator_v3' retrieved from /home/vscode/.local/lib/python3.11/site-packages/airflow/example_dags/example_branch_python_dop_operator_3.py
[2026-05-09T11:26:06.330+0000] {logging_mixin.py:188} INFO - [2026-05-09T11:26:06.329+0000] {dag.py:3096} INFO - Sync 1 DAGs
[2026-05-09T11:26:06.348+0000] {logging_mixin.py:188} INFO - [2026-05-09T11:26:06.348+0000] {dag.py:3954} INFO - Setting next_dagrun for example_branch_dop_operator_v3 to 2026-05-09 11:25:00+00:00, run_after=2026-05-09 11:26:00+00:00
[2026-05-09T11:26:06.364+0000] {processor.py:183} INFO - Processing /home/vscode/.local/lib/python3.11/site-packages/airflow/example_dags/example_branch_python_dop_operator_3.py took 0.060 seconds
[2026-05-09T11:27:06.548+0000] {processor.py:161} INFO - Started process (PID=12385) to work on /home/vscode/.local/lib/python3.11/site-packages/airflow/example_dags/example_branch_python_dop_operator_3.py
[2026-05-09T11:27:06.549+0000] {processor.py:830} INFO - Processing file /home/vscode/.local/lib/python3.11/site-packages/airflow/example_dags/example_branch_python_dop_operator_3.py for tasks to queue
[2026-05-09T11:27:06.550+0000] {logging_mixin.py:188} INFO - [2026-05-09T11:27:06.549+0000] {dagbag.py:545} INFO - Filling up the DagBag from /home/vscode/.local/lib/python3.11/site-packages/airflow/example_dags/example_branch_python_dop_operator_3.py
[2026-05-09T11:27:06.557+0000] {processor.py:840} INFO - DAG(s) 'example_branch_dop_operator_v3' retrieved from /home/vscode/.local/lib/python3.11/site-packages/airflow/example_dags/example_branch_python_dop_operator_3.py
[2026-05-09T11:27:06.568+0000] {logging_mixin.py:188} INFO - [2026-05-09T11:27:06.568+0000] {dag.py:3096} INFO - Sync 1 DAGs
[2026-05-09T11:27:06.589+0000] {logging_mixin.py:188} INFO - [2026-05-09T11:27:06.589+0000] {dag.py:3954} INFO - Setting next_dagrun for example_branch_dop_operator_v3 to 2026-05-09 11:26:00+00:00, run_after=2026-05-09 11:27:00+00:00
[2026-05-09T11:27:06.607+0000] {processor.py:183} INFO - Processing /home/vscode/.local/lib/python3.11/site-packages/airflow/example_dags/example_branch_python_dop_operator_3.py took 0.065 seconds
[2026-05-09T11:28:07.101+0000] {processor.py:161} INFO - Started process (PID=13114) to work on /home/vscode/.local/lib/python3.11/site-packages/airflow/example_dags/example_branch_python_dop_operator_3.py
[2026-05-09T11:28:07.101+0000] {processor.py:830} INFO - Processing file /home/vscode/.local/lib/python3.11/site-packages/airflow/example_dags/example_branch_python_dop_operator_3.py for tasks to queue
[2026-05-09T11:28:07.102+0000] {logging_mixin.py:188} INFO - [2026-05-09T11:28:07.102+0000] {dagbag.py:545} INFO - Filling up the DagBag from /home/vscode/.local/lib/python3.11/site-packages/airflow/example_dags/example_branch_python_dop_operator_3.py
[2026-05-09T11:28:07.112+0000] {processor.py:840} INFO - DAG(s) 'example_branch_dop_operator_v3' retrieved from /home/vscode/.local/lib/python3.11/site-packages/airflow/example_dags/example_branch_python_dop_operator_3.py
[2026-05-09T11:28:07.123+0000] {logging_mixin.py:188} INFO - [2026-05-09T11:28:07.123+0000] {dag.py:3096} INFO - Sync 1 DAGs
[2026-05-09T11:28:07.141+0000] {logging_mixin.py:188} INFO - [2026-05-09T11:28:07.141+0000] {dag.py:3954} INFO - Setting next_dagrun for example_branch_dop_operator_v3 to 2026-05-09 11:27:00+00:00, run_after=2026-05-09 11:28:00+00:00
[2026-05-09T11:28:07.161+0000] {processor.py:183} INFO - Processing /home/vscode/.local/lib/python3.11/site-packages/airflow/example_dags/example_branch_python_dop_operator_3.py took 0.067 seconds
[2026-05-09T11:29:05.524+0000] {processor.py:161} INFO - Started process (PID=13780) to work on /home/vscode/.local/lib/python3.11/site-packages/airflow/example_dags/example_branch_python_dop_operator_3.py
[2026-05-09T11:29:05.525+0000] {processor.py:830} INFO - Processing file /home/vscode/.local/lib/python3.11/site-packages/airflow/example_dags/example_branch_python_dop_operator_3.py for tasks to queue
[2026-05-09T11:29:05.526+0000] {logging_mixin.py:188} INFO - [2026-05-09T11:29:05.525+0000] {dagbag.py:545} INFO - Filling up the DagBag from /home/vscode/.local/lib/python3.11/site-packages/airflow/example_dags/example_branch_python_dop_operator_3.py
[2026-05-09T11:29:05.532+0000] {processor.py:840} INFO - DAG(s) 'example_branch_dop_operator_v3' retrieved from /home/vscode/.local/lib/python3.11/site-packages/airflow/example_dags/example_branch_python_dop_operator_3.py
[2026-05-09T11:29:05.544+0000] {logging_mixin.py:188} INFO - [2026-05-09T11:29:05.544+0000] {dag.py:3096} INFO - Sync 1 DAGs
[2026-05-09T11:29:05.562+0000] {logging_mixin.py:188} INFO - [2026-05-09T11:29:05.562+0000] {dag.py:3954} INFO - Setting next_dagrun for example_branch_dop_operator_v3 to 2026-05-09 11:28:00+00:00, run_after=2026-05-09 11:29:00+00:00
[2026-05-09T11:29:05.577+0000] {processor.py:183} INFO - Processing /home/vscode/.local/lib/python3.11/site-packages/airflow/example_dags/example_branch_python_dop_operator_3.py took 0.060 seconds
[2026-05-09T11:30:12.365+0000] {processor.py:161} INFO - Started process (PID=14391) to work on /home/vscode/.local/lib/python3.11/site-packages/airflow/example_dags/example_branch_python_dop_operator_3.py
[2026-05-09T11:30:12.366+0000] {processor.py:830} INFO - Processing file /home/vscode/.local/lib/python3.11/site-packages/airflow/example_dags/example_branch_python_dop_operator_3.py for tasks to queue
[2026-05-09T11:30:12.366+0000] {logging_mixin.py:188} INFO - [2026-05-09T11:30:12.366+0000] {dagbag.py:545} INFO - Filling up the DagBag from /home/vscode/.local/lib/python3.11/site-packages/airflow/example_dags/example_branch_python_dop_operator_3.py
[2026-05-09T11:30:12.373+0000] {processor.py:840} INFO - DAG(s) 'example_branch_dop_operator_v3' retrieved from /home/vscode/.local/lib/python3.11/site-packages/airflow/example_dags/example_branch_python_dop_operator_3.py
[2026-05-09T11:30:12.385+0000] {logging_mixin.py:188} INFO - [2026-05-09T11:30:12.385+0000] {dag.py:3096} INFO - Sync 1 DAGs
[2026-05-09T11:30:12.402+0000] {logging_mixin.py:188} INFO - [2026-05-09T11:30:12.402+0000] {dag.py:3954} INFO - Setting next_dagrun for example_branch_dop_operator_v3 to 2026-05-09 11:29:00+00:00, run_after=2026-05-09 11:30:00+00:00
[2026-05-09T11:30:12.420+0000] {processor.py:183} INFO - Processing /home/vscode/.local/lib/python3.11/site-packages/airflow/example_dags/example_branch_python_dop_operator_3.py took 0.062 seconds
[2026-05-09T11:31:10.573+0000] {processor.py:161} INFO - Started process (PID=15153) to work on /home/vscode/.local/lib/python3.11/site-packages/airflow/example_dags/example_branch_python_dop_operator_3.py
[2026-05-09T11:31:10.573+0000] {processor.py:830} INFO - Processing file /home/vscode/.local/lib/python3.11/site-packages/airflow/example_dags/example_branch_python_dop_operator_3.py for tasks to queue
[2026-05-09T11:31:10.574+0000] {logging_mixin.py:188} INFO - [2026-05-09T11:31:10.574+0000] {dagbag.py:545} INFO - Filling up the DagBag from /home/vscode/.local/lib/python3.11/site-packages/airflow/example_dags/example_branch_python_dop_operator_3.py
[2026-05-09T11:31:10.581+0000] {processor.py:840} INFO - DAG(s) 'example_branch_dop_operator_v3' retrieved from /home/vscode/.local/lib/python3.11/site-packages/airflow/example_dags/example_branch_python_dop_operator_3.py
[2026-05-09T11:31:10.594+0000] {logging_mixin.py:188} INFO - [2026-05-09T11:31:10.593+0000] {dag.py:3096} INFO - Sync 1 DAGs
[2026-05-09T11:31:10.611+0000] {logging_mixin.py:188} INFO - [2026-05-09T11:31:10.611+0000] {dag.py:3954} INFO - Setting next_dagrun for example_branch_dop_operator_v3 to 2026-05-09 11:30:00+00:00, run_after=2026-05-09 11:31:00+00:00
[2026-05-09T11:31:10.633+0000] {processor.py:183} INFO - Processing /home/vscode/.local/lib/python3.11/site-packages/airflow/example_dags/example_branch_python_dop_operator_3.py took 0.066 seconds
[2026-05-09T11:32:16.340+0000] {processor.py:161} INFO - Started process (PID=15809) to work on /home/vscode/.local/lib/python3.11/site-packages/airflow/example_dags/example_branch_python_dop_operator_3.py
[2026-05-09T11:32:16.341+0000] {processor.py:830} INFO - Processing file /home/vscode/.local/lib/python3.11/site-packages/airflow/example_dags/example_branch_python_dop_operator_3.py for tasks to queue
[2026-05-09T11:32:16.342+0000] {logging_mixin.py:188} INFO - [2026-05-09T11:32:16.341+0000] {dagbag.py:545} INFO - Filling up the DagBag from /home/vscode/.local/lib/python3.11/site-packages/airflow/example_dags/example_branch_python_dop_operator_3.py
[2026-05-09T11:32:16.348+0000] {processor.py:840} INFO - DAG(s) 'example_branch_dop_operator_v3' retrieved from /home/vscode/.local/lib/python3.11/site-packages/airflow/example_dags/example_branch_python_dop_operator_3.py
[2026-05-09T11:32:16.359+0000] {logging_mixin.py:188} INFO - [2026-05-09T11:32:16.359+0000] {dag.py:3096} INFO - Sync 1 DAGs
[2026-05-09T11:32:16.376+0000] {logging_mixin.py:188} INFO - [2026-05-09T11:32:16.376+0000] {dag.py:3954} INFO - Setting next_dagrun for example_branch_dop_operator_v3 to 2026-05-09 11:31:00+00:00, run_after=2026-05-09 11:32:00+00:00
[2026-05-09T11:32:16.393+0000] {processor.py:183} INFO - Processing /home/vscode/.local/lib/python3.11/site-packages/airflow/example_dags/example_branch_python_dop_operator_3.py took 0.058 seconds
[2026-05-09T11:33:21.741+0000] {processor.py:161} INFO - Started process (PID=16345) to work on /home/vscode/.local/lib/python3.11/site-packages/airflow/example_dags/example_branch_python_dop_operator_3.py
[2026-05-09T11:33:21.742+0000] {processor.py:830} INFO - Processing file /home/vscode/.local/lib/python3.11/site-packages/airflow/example_dags/example_branch_python_dop_operator_3.py for tasks to queue
[2026-05-09T11:33:21.743+0000] {logging_mixin.py:188} INFO - [2026-05-09T11:33:21.742+0000] {dagbag.py:545} INFO - Filling up the DagBag from /home/vscode/.local/lib/python3.11/site-packages/airflow/example_dags/example_branch_python_dop_operator_3.py
[2026-05-09T11:33:21.751+0000] {processor.py:840} INFO - DAG(s) 'example_branch_dop_operator_v3' retrieved from /home/vscode/.local/lib/python3.11/site-packages/airflow/example_dags/example_branch_python_dop_operator_3.py
[2026-05-09T11:33:21.769+0000] {logging_mixin.py:188} INFO - [2026-05-09T11:33:21.769+0000] {dag.py:3096} INFO - Sync 1 DAGs
[2026-05-09T11:33:21.821+0000] {logging_mixin.py:188} INFO - [2026-05-09T11:33:21.821+0000] {dag.py:3954} INFO - Setting next_dagrun for example_branch_dop_operator_v3 to 2026-05-09 11:32:00+00:00, run_after=2026-05-09 11:33:00+00:00
[2026-05-09T11:33:21.840+0000] {processor.py:183} INFO - Processing /home/vscode/.local/lib/python3.11/site-packages/airflow/example_dags/example_branch_python_dop_operator_3.py took 0.106 seconds
[2026-05-09T11:34:24.274+0000] {processor.py:161} INFO - Started process (PID=16932) to work on /home/vscode/.local/lib/python3.11/site-packages/airflow/example_dags/example_branch_python_dop_operator_3.py
[2026-05-09T11:34:24.275+0000] {processor.py:830} INFO - Processing file /home/vscode/.local/lib/python3.11/site-packages/airflow/example_dags/example_branch_python_dop_operator_3.py for tasks to queue
[2026-05-09T11:34:24.276+0000] {logging_mixin.py:188} INFO - [2026-05-09T11:34:24.275+0000] {dagbag.py:545} INFO - Filling up the DagBag from /home/vscode/.local/lib/python3.11/site-packages/airflow/example_dags/example_branch_python_dop_operator_3.py
[2026-05-09T11:34:24.283+0000] {processor.py:840} INFO - DAG(s) 'example_branch_dop_operator_v3' retrieved from /home/vscode/.local/lib/python3.11/site-packages/airflow/example_dags/example_branch_python_dop_operator_3.py
[2026-05-09T11:34:24.294+0000] {logging_mixin.py:188} INFO - [2026-05-09T11:34:24.294+0000] {dag.py:3096} INFO - Sync 1 DAGs
[2026-05-09T11:34:24.312+0000] {logging_mixin.py:188} INFO - [2026-05-09T11:34:24.311+0000] {dag.py:3954} INFO - Setting next_dagrun for example_branch_dop_operator_v3 to 2026-05-09 11:33:00+00:00, run_after=2026-05-09 11:34:00+00:00
[2026-05-09T11:34:24.327+0000] {processor.py:183} INFO - Processing /home/vscode/.local/lib/python3.11/site-packages/airflow/example_dags/example_branch_python_dop_operator_3.py took 0.059 seconds
[2026-05-09T11:35:25.128+0000] {processor.py:161} INFO - Started process (PID=17441) to work on /home/vscode/.local/lib/python3.11/site-packages/airflow/example_dags/example_branch_python_dop_operator_3.py
[2026-05-09T11:35:25.129+0000] {processor.py:830} INFO - Processing file /home/vscode/.local/lib/python3.11/site-packages/airflow/example_dags/example_branch_python_dop_operator_3.py for tasks to queue
[2026-05-09T11:35:25.130+0000] {logging_mixin.py:188} INFO - [2026-05-09T11:35:25.129+0000] {dagbag.py:545} INFO - Filling up the DagBag from /home/vscode/.local/lib/python3.11/site-packages/airflow/example_dags/example_branch_python_dop_operator_3.py
[2026-05-09T11:35:25.136+0000] {processor.py:840} INFO - DAG(s) 'example_branch_dop_operator_v3' retrieved from /home/vscode/.local/lib/python3.11/site-packages/airflow/example_dags/example_branch_python_dop_operator_3.py
[2026-05-09T11:35:25.148+0000] {logging_mixin.py:188} INFO - [2026-05-09T11:35:25.147+0000] {dag.py:3096} INFO - Sync 1 DAGs
[2026-05-09T11:35:25.165+0000] {logging_mixin.py:188} INFO - [2026-05-09T11:35:25.164+0000] {dag.py:3954} INFO - Setting next_dagrun for example_branch_dop_operator_v3 to 2026-05-09 11:34:00+00:00, run_after=2026-05-09 11:35:00+00:00
[2026-05-09T11:35:25.180+0000] {processor.py:183} INFO - Processing /home/vscode/.local/lib/python3.11/site-packages/airflow/example_dags/example_branch_python_dop_operator_3.py took 0.057 seconds
[2026-05-09T11:36:23.906+0000] {processor.py:161} INFO - Started process (PID=17942) to work on /home/vscode/.local/lib/python3.11/site-packages/airflow/example_dags/example_branch_python_dop_operator_3.py
[2026-05-09T11:36:23.907+0000] {processor.py:830} INFO - Processing file /home/vscode/.local/lib/python3.11/site-packages/airflow/example_dags/example_branch_python_dop_operator_3.py for tasks to queue
[2026-05-09T11:36:23.907+0000] {logging_mixin.py:188} INFO - [2026-05-09T11:36:23.907+0000] {dagbag.py:545} INFO - Filling up the DagBag from /home/vscode/.local/lib/python3.11/site-packages/airflow/example_dags/example_branch_python_dop_operator_3.py
[2026-05-09T11:36:23.914+0000] {processor.py:840} INFO - DAG(s) 'example_branch_dop_operator_v3' retrieved from /home/vscode/.local/lib/python3.11/site-packages/airflow/example_dags/example_branch_python_dop_operator_3.py
[2026-05-09T11:36:23.925+0000] {logging_mixin.py:188} INFO - [2026-05-09T11:36:23.925+0000] {dag.py:3096} INFO - Sync 1 DAGs
[2026-05-09T11:36:23.942+0000] {logging_mixin.py:188} INFO - [2026-05-09T11:36:23.942+0000] {dag.py:3954} INFO - Setting next_dagrun for example_branch_dop_operator_v3 to 2026-05-09 11:35:00+00:00, run_after=2026-05-09 11:36:00+00:00
[2026-05-09T11:36:23.958+0000] {processor.py:183} INFO - Processing /home/vscode/.local/lib/python3.11/site-packages/airflow/example_dags/example_branch_python_dop_operator_3.py took 0.058 seconds
[2026-05-09T11:37:25.819+0000] {processor.py:161} INFO - Started process (PID=18624) to work on /home/vscode/.local/lib/python3.11/site-packages/airflow/example_dags/example_branch_python_dop_operator_3.py
[2026-05-09T11:37:25.820+0000] {processor.py:830} INFO - Processing file /home/vscode/.local/lib/python3.11/site-packages/airflow/example_dags/example_branch_python_dop_operator_3.py for tasks to queue
[2026-05-09T11:37:25.820+0000] {logging_mixin.py:188} INFO - [2026-05-09T11:37:25.820+0000] {dagbag.py:545} INFO - Filling up the DagBag from /home/vscode/.local/lib/python3.11/site-packages/airflow/example_dags/example_branch_python_dop_operator_3.py
[2026-05-09T11:37:25.827+0000] {processor.py:840} INFO - DAG(s) 'example_branch_dop_operator_v3' retrieved from /home/vscode/.local/lib/python3.11/site-packages/airflow/example_dags/example_branch_python_dop_operator_3.py
[2026-05-09T11:37:25.838+0000] {logging_mixin.py:188} INFO - [2026-05-09T11:37:25.838+0000] {dag.py:3096} INFO - Sync 1 DAGs
[2026-05-09T11:37:25.856+0000] {logging_mixin.py:188} INFO - [2026-05-09T11:37:25.855+0000] {dag.py:3954} INFO - Setting next_dagrun for example_branch_dop_operator_v3 to 2026-05-09 11:36:00+00:00, run_after=2026-05-09 11:37:00+00:00
[2026-05-09T11:37:25.871+0000] {processor.py:183} INFO - Processing /home/vscode/.local/lib/python3.11/site-packages/airflow/example_dags/example_branch_python_dop_operator_3.py took 0.058 seconds
[2026-05-09T11:38:26.723+0000] {processor.py:161} INFO - Started process (PID=19345) to work on /home/vscode/.local/lib/python3.11/site-packages/airflow/example_dags/example_branch_python_dop_operator_3.py
[2026-05-09T11:38:26.724+0000] {processor.py:830} INFO - Processing file /home/vscode/.local/lib/python3.11/site-packages/airflow/example_dags/example_branch_python_dop_operator_3.py for tasks to queue
[2026-05-09T11:38:26.725+0000] {logging_mixin.py:188} INFO - [2026-05-09T11:38:26.724+0000] {dagbag.py:545} INFO - Filling up the DagBag from /home/vscode/.local/lib/python3.11/site-packages/airflow/example_dags/example_branch_python_dop_operator_3.py
[2026-05-09T11:38:26.732+0000] {processor.py:840} INFO - DAG(s) 'example_branch_dop_operator_v3' retrieved from /home/vscode/.local/lib/python3.11/site-packages/airflow/example_dags/example_branch_python_dop_operator_3.py
[2026-05-09T11:38:26.743+0000] {logging_mixin.py:188} INFO - [2026-05-09T11:38:26.743+0000] {dag.py:3096} INFO - Sync 1 DAGs
[2026-05-09T11:38:26.761+0000] {logging_mixin.py:188} INFO - [2026-05-09T11:38:26.761+0000] {dag.py:3954} INFO - Setting next_dagrun for example_branch_dop_operator_v3 to 2026-05-09 11:37:00+00:00, run_after=2026-05-09 11:38:00+00:00
[2026-05-09T11:38:26.777+0000] {processor.py:183} INFO - Processing /home/vscode/.local/lib/python3.11/site-packages/airflow/example_dags/example_branch_python_dop_operator_3.py took 0.062 seconds
[2026-05-09T11:39:26.744+0000] {processor.py:161} INFO - Started process (PID=20130) to work on /home/vscode/.local/lib/python3.11/site-packages/airflow/example_dags/example_branch_python_dop_operator_3.py
[2026-05-09T11:39:26.744+0000] {processor.py:830} INFO - Processing file /home/vscode/.local/lib/python3.11/site-packages/airflow/example_dags/example_branch_python_dop_operator_3.py for tasks to queue
[2026-05-09T11:39:26.745+0000] {logging_mixin.py:188} INFO - [2026-05-09T11:39:26.745+0000] {dagbag.py:545} INFO - Filling up the DagBag from /home/vscode/.local/lib/python3.11/site-packages/airflow/example_dags/example_branch_python_dop_operator_3.py
[2026-05-09T11:39:26.752+0000] {processor.py:840} INFO - DAG(s) 'example_branch_dop_operator_v3' retrieved from /home/vscode/.local/lib/python3.11/site-packages/airflow/example_dags/example_branch_python_dop_operator_3.py
[2026-05-09T11:39:26.764+0000] {logging_mixin.py:188} INFO - [2026-05-09T11:39:26.764+0000] {dag.py:3096} INFO - Sync 1 DAGs
[2026-05-09T11:39:26.780+0000] {logging_mixin.py:188} INFO - [2026-05-09T11:39:26.780+0000] {dag.py:3954} INFO - Setting next_dagrun for example_branch_dop_operator_v3 to 2026-05-09 11:38:00+00:00, run_after=2026-05-09 11:39:00+00:00
[2026-05-09T11:39:26.797+0000] {processor.py:183} INFO - Processing /home/vscode/.local/lib/python3.11/site-packages/airflow/example_dags/example_branch_python_dop_operator_3.py took 0.059 seconds
[2026-05-09T11:40:29.057+0000] {processor.py:161} INFO - Started process (PID=20668) to work on /home/vscode/.local/lib/python3.11/site-packages/airflow/example_dags/example_branch_python_dop_operator_3.py
[2026-05-09T11:40:29.058+0000] {processor.py:830} INFO - Processing file /home/vscode/.local/lib/python3.11/site-packages/airflow/example_dags/example_branch_python_dop_operator_3.py for tasks to queue
[2026-05-09T11:40:29.059+0000] {logging_mixin.py:188} INFO - [2026-05-09T11:40:29.058+0000] {dagbag.py:545} INFO - Filling up the DagBag from /home/vscode/.local/lib/python3.11/site-packages/airflow/example_dags/example_branch_python_dop_operator_3.py
[2026-05-09T11:40:29.068+0000] {processor.py:840} INFO - DAG(s) 'example_branch_dop_operator_v3' retrieved from /home/vscode/.local/lib/python3.11/site-packages/airflow/example_dags/example_branch_python_dop_operator_3.py
[2026-05-09T11:40:29.086+0000] {logging_mixin.py:188} INFO - [2026-05-09T11:40:29.086+0000] {dag.py:3096} INFO - Sync 1 DAGs
[2026-05-09T11:40:29.114+0000] {logging_mixin.py:188} INFO - [2026-05-09T11:40:29.114+0000] {dag.py:3954} INFO - Setting next_dagrun for example_branch_dop_operator_v3 to 2026-05-09 11:39:00+00:00, run_after=2026-05-09 11:40:00+00:00
[2026-05-09T11:40:29.139+0000] {processor.py:183} INFO - Processing /home/vscode/.local/lib/python3.11/site-packages/airflow/example_dags/example_branch_python_dop_operator_3.py took 0.090 seconds
[2026-05-09T11:41:34.364+0000] {processor.py:161} INFO - Started process (PID=21412) to work on /home/vscode/.local/lib/python3.11/site-packages/airflow/example_dags/example_branch_python_dop_operator_3.py
[2026-05-09T11:41:34.365+0000] {processor.py:830} INFO - Processing file /home/vscode/.local/lib/python3.11/site-packages/airflow/example_dags/example_branch_python_dop_operator_3.py for tasks to queue
[2026-05-09T11:41:34.366+0000] {logging_mixin.py:188} INFO - [2026-05-09T11:41:34.365+0000] {dagbag.py:545} INFO - Filling up the DagBag from /home/vscode/.local/lib/python3.11/site-packages/airflow/example_dags/example_branch_python_dop_operator_3.py
[2026-05-09T11:41:34.373+0000] {processor.py:840} INFO - DAG(s) 'example_branch_dop_operator_v3' retrieved from /home/vscode/.local/lib/python3.11/site-packages/airflow/example_dags/example_branch_python_dop_operator_3.py
[2026-05-09T11:41:34.384+0000] {logging_mixin.py:188} INFO - [2026-05-09T11:41:34.384+0000] {dag.py:3096} INFO - Sync 1 DAGs
[2026-05-09T11:41:34.402+0000] {logging_mixin.py:188} INFO - [2026-05-09T11:41:34.402+0000] {dag.py:3954} INFO - Setting next_dagrun for example_branch_dop_operator_v3 to 2026-05-09 11:40:00+00:00, run_after=2026-05-09 11:41:00+00:00
[2026-05-09T11:41:34.423+0000] {processor.py:183} INFO - Processing /home/vscode/.local/lib/python3.11/site-packages/airflow/example_dags/example_branch_python_dop_operator_3.py took 0.068 seconds
[2026-05-09T11:42:40.289+0000] {processor.py:161} INFO - Started process (PID=21956) to work on /home/vscode/.local/lib/python3.11/site-packages/airflow/example_dags/example_branch_python_dop_operator_3.py
[2026-05-09T11:42:40.292+0000] {processor.py:830} INFO - Processing file /home/vscode/.local/lib/python3.11/site-packages/airflow/example_dags/example_branch_python_dop_operator_3.py for tasks to queue
[2026-05-09T11:42:40.294+0000] {logging_mixin.py:188} INFO - [2026-05-09T11:42:40.293+0000] {dagbag.py:545} INFO - Filling up the DagBag from /home/vscode/.local/lib/python3.11/site-packages/airflow/example_dags/example_branch_python_dop_operator_3.py
[2026-05-09T11:42:40.316+0000] {processor.py:840} INFO - DAG(s) 'example_branch_dop_operator_v3' retrieved from /home/vscode/.local/lib/python3.11/site-packages/airflow/example_dags/example_branch_python_dop_operator_3.py
[2026-05-09T11:42:40.344+0000] {logging_mixin.py:188} INFO - [2026-05-09T11:42:40.344+0000] {dag.py:3096} INFO - Sync 1 DAGs
[2026-05-09T11:42:40.369+0000] {logging_mixin.py:188} INFO - [2026-05-09T11:42:40.369+0000] {dag.py:3954} INFO - Setting next_dagrun for example_branch_dop_operator_v3 to 2026-05-09 11:41:00+00:00, run_after=2026-05-09 11:42:00+00:00
[2026-05-09T11:42:40.393+0000] {processor.py:183} INFO - Processing /home/vscode/.local/lib/python3.11/site-packages/airflow/example_dags/example_branch_python_dop_operator_3.py took 0.117 seconds
[2026-05-09T11:43:47.259+0000] {processor.py:161} INFO - Started process (PID=22575) to work on /home/vscode/.local/lib/python3.11/site-packages/airflow/example_dags/example_branch_python_dop_operator_3.py
[2026-05-09T11:43:47.259+0000] {processor.py:830} INFO - Processing file /home/vscode/.local/lib/python3.11/site-packages/airflow/example_dags/example_branch_python_dop_operator_3.py for tasks to queue
[2026-05-09T11:43:47.260+0000] {logging_mixin.py:188} INFO - [2026-05-09T11:43:47.260+0000] {dagbag.py:545} INFO - Filling up the DagBag from /home/vscode/.local/lib/python3.11/site-packages/airflow/example_dags/example_branch_python_dop_operator_3.py
[2026-05-09T11:43:47.267+0000] {processor.py:840} INFO - DAG(s) 'example_branch_dop_operator_v3' retrieved from /home/vscode/.local/lib/python3.11/site-packages/airflow/example_dags/example_branch_python_dop_operator_3.py
[2026-05-09T11:43:47.279+0000] {logging_mixin.py:188} INFO - [2026-05-09T11:43:47.279+0000] {dag.py:3096} INFO - Sync 1 DAGs
[2026-05-09T11:43:47.296+0000] {logging_mixin.py:188} INFO - [2026-05-09T11:43:47.296+0000] {dag.py:3954} INFO - Setting next_dagrun for example_branch_dop_operator_v3 to 2026-05-09 11:42:00+00:00, run_after=2026-05-09 11:43:00+00:00
[2026-05-09T11:43:47.313+0000] {processor.py:183} INFO - Processing /home/vscode/.local/lib/python3.11/site-packages/airflow/example_dags/example_branch_python_dop_operator_3.py took 0.061 seconds
[2026-05-09T11:44:47.842+0000] {processor.py:161} INFO - Started process (PID=23083) to work on /home/vscode/.local/lib/python3.11/site-packages/airflow/example_dags/example_branch_python_dop_operator_3.py
[2026-05-09T11:44:47.843+0000] {processor.py:830} INFO - Processing file /home/vscode/.local/lib/python3.11/site-packages/airflow/example_dags/example_branch_python_dop_operator_3.py for tasks to queue
[2026-05-09T11:44:47.844+0000] {logging_mixin.py:188} INFO - [2026-05-09T11:44:47.843+0000] {dagbag.py:545} INFO - Filling up the DagBag from /home/vscode/.local/lib/python3.11/site-packages/airflow/example_dags/example_branch_python_dop_operator_3.py
[2026-05-09T11:44:47.858+0000] {processor.py:840} INFO - DAG(s) 'example_branch_dop_operator_v3' retrieved from /home/vscode/.local/lib/python3.11/site-packages/airflow/example_dags/example_branch_python_dop_operator_3.py
[2026-05-09T11:44:47.874+0000] {logging_mixin.py:188} INFO - [2026-05-09T11:44:47.874+0000] {dag.py:3096} INFO - Sync 1 DAGs
[2026-05-09T11:44:47.932+0000] {logging_mixin.py:188} INFO - [2026-05-09T11:44:47.932+0000] {dag.py:3954} INFO - Setting next_dagrun for example_branch_dop_operator_v3 to 2026-05-09 11:43:00+00:00, run_after=2026-05-09 11:44:00+00:00
[2026-05-09T11:44:47.989+0000] {processor.py:183} INFO - Processing /home/vscode/.local/lib/python3.11/site-packages/airflow/example_dags/example_branch_python_dop_operator_3.py took 0.158 seconds
[2026-05-09T11:45:54.046+0000] {processor.py:161} INFO - Started process (PID=23634) to work on /home/vscode/.local/lib/python3.11/site-packages/airflow/example_dags/example_branch_python_dop_operator_3.py
[2026-05-09T11:45:54.047+0000] {processor.py:830} INFO - Processing file /home/vscode/.local/lib/python3.11/site-packages/airflow/example_dags/example_branch_python_dop_operator_3.py for tasks to queue
[2026-05-09T11:45:54.049+0000] {logging_mixin.py:188} INFO - [2026-05-09T11:45:54.048+0000] {dagbag.py:545} INFO - Filling up the DagBag from /home/vscode/.local/lib/python3.11/site-packages/airflow/example_dags/example_branch_python_dop_operator_3.py
[2026-05-09T11:45:54.059+0000] {processor.py:840} INFO - DAG(s) 'example_branch_dop_operator_v3' retrieved from /home/vscode/.local/lib/python3.11/site-packages/airflow/example_dags/example_branch_python_dop_operator_3.py
[2026-05-09T11:45:54.099+0000] {logging_mixin.py:188} INFO - [2026-05-09T11:45:54.097+0000] {dag.py:3096} INFO - Sync 1 DAGs
[2026-05-09T11:45:54.148+0000] {logging_mixin.py:188} INFO - [2026-05-09T11:45:54.148+0000] {dag.py:3954} INFO - Setting next_dagrun for example_branch_dop_operator_v3 to 2026-05-09 11:44:00+00:00, run_after=2026-05-09 11:45:00+00:00
[2026-05-09T11:45:54.194+0000] {processor.py:183} INFO - Processing /home/vscode/.local/lib/python3.11/site-packages/airflow/example_dags/example_branch_python_dop_operator_3.py took 0.169 seconds
[2026-05-09T11:46:59.921+0000] {processor.py:161} INFO - Started process (PID=24287) to work on /home/vscode/.local/lib/python3.11/site-packages/airflow/example_dags/example_branch_python_dop_operator_3.py
[2026-05-09T11:46:59.922+0000] {processor.py:830} INFO - Processing file /home/vscode/.local/lib/python3.11/site-packages/airflow/example_dags/example_branch_python_dop_operator_3.py for tasks to queue
[2026-05-09T11:46:59.922+0000] {logging_mixin.py:188} INFO - [2026-05-09T11:46:59.922+0000] {dagbag.py:545} INFO - Filling up the DagBag from /home/vscode/.local/lib/python3.11/site-packages/airflow/example_dags/example_branch_python_dop_operator_3.py
[2026-05-09T11:46:59.929+0000] {processor.py:840} INFO - DAG(s) 'example_branch_dop_operator_v3' retrieved from /home/vscode/.local/lib/python3.11/site-packages/airflow/example_dags/example_branch_python_dop_operator_3.py
[2026-05-09T11:46:59.940+0000] {logging_mixin.py:188} INFO - [2026-05-09T11:46:59.939+0000] {dag.py:3096} INFO - Sync 1 DAGs
[2026-05-09T11:46:59.956+0000] {logging_mixin.py:188} INFO - [2026-05-09T11:46:59.955+0000] {dag.py:3954} INFO - Setting next_dagrun for example_branch_dop_operator_v3 to 2026-05-09 11:45:00+00:00, run_after=2026-05-09 11:46:00+00:00
[2026-05-09T11:46:59.970+0000] {processor.py:183} INFO - Processing /home/vscode/.local/lib/python3.11/site-packages/airflow/example_dags/example_branch_python_dop_operator_3.py took 0.055 seconds
[2026-05-09T11:48:05.541+0000] {processor.py:161} INFO - Started process (PID=24842) to work on /home/vscode/.local/lib/python3.11/site-packages/airflow/example_dags/example_branch_python_dop_operator_3.py
[2026-05-09T11:48:05.542+0000] {processor.py:830} INFO - Processing file /home/vscode/.local/lib/python3.11/site-packages/airflow/example_dags/example_branch_python_dop_operator_3.py for tasks to queue
[2026-05-09T11:48:05.543+0000] {logging_mixin.py:188} INFO - [2026-05-09T11:48:05.542+0000] {dagbag.py:545} INFO - Filling up the DagBag from /home/vscode/.local/lib/python3.11/site-packages/airflow/example_dags/example_branch_python_dop_operator_3.py
[2026-05-09T11:48:05.553+0000] {processor.py:840} INFO - DAG(s) 'example_branch_dop_operator_v3' retrieved from /home/vscode/.local/lib/python3.11/site-packages/airflow/example_dags/example_branch_python_dop_operator_3.py
[2026-05-09T11:48:05.572+0000] {logging_mixin.py:188} INFO - [2026-05-09T11:48:05.572+0000] {dag.py:3096} INFO - Sync 1 DAGs
[2026-05-09T11:48:05.602+0000] {logging_mixin.py:188} INFO - [2026-05-09T11:48:05.602+0000] {dag.py:3954} INFO - Setting next_dagrun for example_branch_dop_operator_v3 to 2026-05-09 11:47:00+00:00, run_after=2026-05-09 11:48:00+00:00
[2026-05-09T11:48:05.625+0000] {processor.py:183} INFO - Processing /home/vscode/.local/lib/python3.11/site-packages/airflow/example_dags/example_branch_python_dop_operator_3.py took 0.095 seconds
[2026-05-09T11:49:07.185+0000] {processor.py:161} INFO - Started process (PID=25429) to work on /home/vscode/.local/lib/python3.11/site-packages/airflow/example_dags/example_branch_python_dop_operator_3.py
[2026-05-09T11:49:07.185+0000] {processor.py:830} INFO - Processing file /home/vscode/.local/lib/python3.11/site-packages/airflow/example_dags/example_branch_python_dop_operator_3.py for tasks to queue
[2026-05-09T11:49:07.186+0000] {logging_mixin.py:188} INFO - [2026-05-09T11:49:07.185+0000] {dagbag.py:545} INFO - Filling up the DagBag from /home/vscode/.local/lib/python3.11/site-packages/airflow/example_dags/example_branch_python_dop_operator_3.py
[2026-05-09T11:49:07.194+0000] {processor.py:840} INFO - DAG(s) 'example_branch_dop_operator_v3' retrieved from /home/vscode/.local/lib/python3.11/site-packages/airflow/example_dags/example_branch_python_dop_operator_3.py
[2026-05-09T11:49:07.205+0000] {logging_mixin.py:188} INFO - [2026-05-09T11:49:07.205+0000] {dag.py:3096} INFO - Sync 1 DAGs
[2026-05-09T11:49:07.223+0000] {logging_mixin.py:188} INFO - [2026-05-09T11:49:07.223+0000] {dag.py:3954} INFO - Setting next_dagrun for example_branch_dop_operator_v3 to 2026-05-09 11:48:00+00:00, run_after=2026-05-09 11:49:00+00:00
[2026-05-09T11:49:07.239+0000] {processor.py:183} INFO - Processing /home/vscode/.local/lib/python3.11/site-packages/airflow/example_dags/example_branch_python_dop_operator_3.py took 0.060 seconds
[2026-05-09T11:50:11.479+0000] {processor.py:161} INFO - Started process (PID=26019) to work on /home/vscode/.local/lib/python3.11/site-packages/airflow/example_dags/example_branch_python_dop_operator_3.py
[2026-05-09T11:50:11.480+0000] {processor.py:830} INFO - Processing file /home/vscode/.local/lib/python3.11/site-packages/airflow/example_dags/example_branch_python_dop_operator_3.py for tasks to queue
[2026-05-09T11:50:11.481+0000] {logging_mixin.py:188} INFO - [2026-05-09T11:50:11.480+0000] {dagbag.py:545} INFO - Filling up the DagBag from /home/vscode/.local/lib/python3.11/site-packages/airflow/example_dags/example_branch_python_dop_operator_3.py
[2026-05-09T11:50:11.487+0000] {processor.py:840} INFO - DAG(s) 'example_branch_dop_operator_v3' retrieved from /home/vscode/.local/lib/python3.11/site-packages/airflow/example_dags/example_branch_python_dop_operator_3.py
[2026-05-09T11:50:11.499+0000] {logging_mixin.py:188} INFO - [2026-05-09T11:50:11.499+0000] {dag.py:3096} INFO - Sync 1 DAGs
[2026-05-09T11:50:11.516+0000] {logging_mixin.py:188} INFO - [2026-05-09T11:50:11.516+0000] {dag.py:3954} INFO - Setting next_dagrun for example_branch_dop_operator_v3 to 2026-05-09 11:49:00+00:00, run_after=2026-05-09 11:50:00+00:00
[2026-05-09T11:50:11.532+0000] {processor.py:183} INFO - Processing /home/vscode/.local/lib/python3.11/site-packages/airflow/example_dags/example_branch_python_dop_operator_3.py took 0.058 seconds
[2026-05-09T11:51:15.538+0000] {processor.py:161} INFO - Started process (PID=26794) to work on /home/vscode/.local/lib/python3.11/site-packages/airflow/example_dags/example_branch_python_dop_operator_3.py
[2026-05-09T11:51:15.539+0000] {processor.py:830} INFO - Processing file /home/vscode/.local/lib/python3.11/site-packages/airflow/example_dags/example_branch_python_dop_operator_3.py for tasks to queue
[2026-05-09T11:51:15.539+0000] {logging_mixin.py:188} INFO - [2026-05-09T11:51:15.539+0000] {dagbag.py:545} INFO - Filling up the DagBag from /home/vscode/.local/lib/python3.11/site-packages/airflow/example_dags/example_branch_python_dop_operator_3.py
[2026-05-09T11:51:15.546+0000] {processor.py:840} INFO - DAG(s) 'example_branch_dop_operator_v3' retrieved from /home/vscode/.local/lib/python3.11/site-packages/airflow/example_dags/example_branch_python_dop_operator_3.py
[2026-05-09T11:51:15.558+0000] {logging_mixin.py:188} INFO - [2026-05-09T11:51:15.558+0000] {dag.py:3096} INFO - Sync 1 DAGs
[2026-05-09T11:51:15.586+0000] {logging_mixin.py:188} INFO - [2026-05-09T11:51:15.586+0000] {dag.py:3954} INFO - Setting next_dagrun for example_branch_dop_operator_v3 to 2026-05-09 11:50:00+00:00, run_after=2026-05-09 11:51:00+00:00
[2026-05-09T11:51:15.606+0000] {processor.py:183} INFO - Processing /home/vscode/.local/lib/python3.11/site-packages/airflow/example_dags/example_branch_python_dop_operator_3.py took 0.075 seconds
[2026-05-09T11:52:18.843+0000] {processor.py:161} INFO - Started process (PID=27360) to work on /home/vscode/.local/lib/python3.11/site-packages/airflow/example_dags/example_branch_python_dop_operator_3.py
[2026-05-09T11:52:18.843+0000] {processor.py:830} INFO - Processing file /home/vscode/.local/lib/python3.11/site-packages/airflow/example_dags/example_branch_python_dop_operator_3.py for tasks to queue
[2026-05-09T11:52:18.844+0000] {logging_mixin.py:188} INFO - [2026-05-09T11:52:18.844+0000] {dagbag.py:545} INFO - Filling up the DagBag from /home/vscode/.local/lib/python3.11/site-packages/airflow/example_dags/example_branch_python_dop_operator_3.py
[2026-05-09T11:52:18.850+0000] {processor.py:840} INFO - DAG(s) 'example_branch_dop_operator_v3' retrieved from /home/vscode/.local/lib/python3.11/site-packages/airflow/example_dags/example_branch_python_dop_operator_3.py
[2026-05-09T11:52:18.862+0000] {logging_mixin.py:188} INFO - [2026-05-09T11:52:18.862+0000] {dag.py:3096} INFO - Sync 1 DAGs
[2026-05-09T11:52:18.878+0000] {logging_mixin.py:188} INFO - [2026-05-09T11:52:18.878+0000] {dag.py:3954} INFO - Setting next_dagrun for example_branch_dop_operator_v3 to 2026-05-09 11:51:00+00:00, run_after=2026-05-09 11:52:00+00:00
[2026-05-09T11:52:18.893+0000] {processor.py:183} INFO - Processing /home/vscode/.local/lib/python3.11/site-packages/airflow/example_dags/example_branch_python_dop_operator_3.py took 0.057 seconds
[2026-05-09T11:53:17.749+0000] {processor.py:161} INFO - Started process (PID=27883) to work on /home/vscode/.local/lib/python3.11/site-packages/airflow/example_dags/example_branch_python_dop_operator_3.py
[2026-05-09T11:53:17.749+0000] {processor.py:830} INFO - Processing file /home/vscode/.local/lib/python3.11/site-packages/airflow/example_dags/example_branch_python_dop_operator_3.py for tasks to queue
[2026-05-09T11:53:17.750+0000] {logging_mixin.py:188} INFO - [2026-05-09T11:53:17.750+0000] {dagbag.py:545} INFO - Filling up the DagBag from /home/vscode/.local/lib/python3.11/site-packages/airflow/example_dags/example_branch_python_dop_operator_3.py
[2026-05-09T11:53:17.756+0000] {processor.py:840} INFO - DAG(s) 'example_branch_dop_operator_v3' retrieved from /home/vscode/.local/lib/python3.11/site-packages/airflow/example_dags/example_branch_python_dop_operator_3.py
[2026-05-09T11:53:17.768+0000] {logging_mixin.py:188} INFO - [2026-05-09T11:53:17.767+0000] {dag.py:3096} INFO - Sync 1 DAGs
[2026-05-09T11:53:17.784+0000] {logging_mixin.py:188} INFO - [2026-05-09T11:53:17.784+0000] {dag.py:3954} INFO - Setting next_dagrun for example_branch_dop_operator_v3 to 2026-05-09 11:52:00+00:00, run_after=2026-05-09 11:53:00+00:00
[2026-05-09T11:53:17.805+0000] {processor.py:183} INFO - Processing /home/vscode/.local/lib/python3.11/site-packages/airflow/example_dags/example_branch_python_dop_operator_3.py took 0.062 seconds
[2026-05-09T11:54:18.275+0000] {processor.py:161} INFO - Started process (PID=28413) to work on /home/vscode/.local/lib/python3.11/site-packages/airflow/example_dags/example_branch_python_dop_operator_3.py
[2026-05-09T11:54:18.276+0000] {processor.py:830} INFO - Processing file /home/vscode/.local/lib/python3.11/site-packages/airflow/example_dags/example_branch_python_dop_operator_3.py for tasks to queue
[2026-05-09T11:54:18.276+0000] {logging_mixin.py:188} INFO - [2026-05-09T11:54:18.276+0000] {dagbag.py:545} INFO - Filling up the DagBag from /home/vscode/.local/lib/python3.11/site-packages/airflow/example_dags/example_branch_python_dop_operator_3.py
[2026-05-09T11:54:18.283+0000] {processor.py:840} INFO - DAG(s) 'example_branch_dop_operator_v3' retrieved from /home/vscode/.local/lib/python3.11/site-packages/airflow/example_dags/example_branch_python_dop_operator_3.py
[2026-05-09T11:54:18.295+0000] {logging_mixin.py:188} INFO - [2026-05-09T11:54:18.295+0000] {dag.py:3096} INFO - Sync 1 DAGs
[2026-05-09T11:54:18.311+0000] {logging_mixin.py:188} INFO - [2026-05-09T11:54:18.311+0000] {dag.py:3954} INFO - Setting next_dagrun for example_branch_dop_operator_v3 to 2026-05-09 11:53:00+00:00, run_after=2026-05-09 11:54:00+00:00
[2026-05-09T11:54:18.327+0000] {processor.py:183} INFO - Processing /home/vscode/.local/lib/python3.11/site-packages/airflow/example_dags/example_branch_python_dop_operator_3.py took 0.058 seconds
[2026-05-09T11:55:20.942+0000] {processor.py:161} INFO - Started process (PID=28944) to work on /home/vscode/.local/lib/python3.11/site-packages/airflow/example_dags/example_branch_python_dop_operator_3.py
[2026-05-09T11:55:20.942+0000] {processor.py:830} INFO - Processing file /home/vscode/.local/lib/python3.11/site-packages/airflow/example_dags/example_branch_python_dop_operator_3.py for tasks to queue
[2026-05-09T11:55:20.943+0000] {logging_mixin.py:188} INFO - [2026-05-09T11:55:20.943+0000] {dagbag.py:545} INFO - Filling up the DagBag from /home/vscode/.local/lib/python3.11/site-packages/airflow/example_dags/example_branch_python_dop_operator_3.py
[2026-05-09T11:55:20.950+0000] {processor.py:840} INFO - DAG(s) 'example_branch_dop_operator_v3' retrieved from /home/vscode/.local/lib/python3.11/site-packages/airflow/example_dags/example_branch_python_dop_operator_3.py
[2026-05-09T11:55:20.961+0000] {logging_mixin.py:188} INFO - [2026-05-09T11:55:20.961+0000] {dag.py:3096} INFO - Sync 1 DAGs
[2026-05-09T11:55:20.978+0000] {logging_mixin.py:188} INFO - [2026-05-09T11:55:20.978+0000] {dag.py:3954} INFO - Setting next_dagrun for example_branch_dop_operator_v3 to 2026-05-09 11:54:00+00:00, run_after=2026-05-09 11:55:00+00:00
[2026-05-09T11:55:20.994+0000] {processor.py:183} INFO - Processing /home/vscode/.local/lib/python3.11/site-packages/airflow/example_dags/example_branch_python_dop_operator_3.py took 0.058 seconds
[2026-05-09T11:56:23.635+0000] {processor.py:161} INFO - Started process (PID=29416) to work on /home/vscode/.local/lib/python3.11/site-packages/airflow/example_dags/example_branch_python_dop_operator_3.py
[2026-05-09T11:56:23.636+0000] {processor.py:830} INFO - Processing file /home/vscode/.local/lib/python3.11/site-packages/airflow/example_dags/example_branch_python_dop_operator_3.py for tasks to queue
[2026-05-09T11:56:23.636+0000] {logging_mixin.py:188} INFO - [2026-05-09T11:56:23.636+0000] {dagbag.py:545} INFO - Filling up the DagBag from /home/vscode/.local/lib/python3.11/site-packages/airflow/example_dags/example_branch_python_dop_operator_3.py
[2026-05-09T11:56:23.643+0000] {processor.py:840} INFO - DAG(s) 'example_branch_dop_operator_v3' retrieved from /home/vscode/.local/lib/python3.11/site-packages/airflow/example_dags/example_branch_python_dop_operator_3.py
[2026-05-09T11:56:23.655+0000] {logging_mixin.py:188} INFO - [2026-05-09T11:56:23.655+0000] {dag.py:3096} INFO - Sync 1 DAGs
[2026-05-09T11:56:23.672+0000] {logging_mixin.py:188} INFO - [2026-05-09T11:56:23.671+0000] {dag.py:3954} INFO - Setting next_dagrun for example_branch_dop_operator_v3 to 2026-05-09 11:55:00+00:00, run_after=2026-05-09 11:56:00+00:00
[2026-05-09T11:56:23.687+0000] {processor.py:183} INFO - Processing /home/vscode/.local/lib/python3.11/site-packages/airflow/example_dags/example_branch_python_dop_operator_3.py took 0.058 seconds
[2026-05-09T11:57:23.080+0000] {processor.py:161} INFO - Started process (PID=29936) to work on /home/vscode/.local/lib/python3.11/site-packages/airflow/example_dags/example_branch_python_dop_operator_3.py
[2026-05-09T11:57:23.081+0000] {processor.py:830} INFO - Processing file /home/vscode/.local/lib/python3.11/site-packages/airflow/example_dags/example_branch_python_dop_operator_3.py for tasks to queue
[2026-05-09T11:57:23.081+0000] {logging_mixin.py:188} INFO - [2026-05-09T11:57:23.081+0000] {dagbag.py:545} INFO - Filling up the DagBag from /home/vscode/.local/lib/python3.11/site-packages/airflow/example_dags/example_branch_python_dop_operator_3.py
[2026-05-09T11:57:23.088+0000] {processor.py:840} INFO - DAG(s) 'example_branch_dop_operator_v3' retrieved from /home/vscode/.local/lib/python3.11/site-packages/airflow/example_dags/example_branch_python_dop_operator_3.py
[2026-05-09T11:57:23.099+0000] {logging_mixin.py:188} INFO - [2026-05-09T11:57:23.099+0000] {dag.py:3096} INFO - Sync 1 DAGs
[2026-05-09T11:57:23.116+0000] {logging_mixin.py:188} INFO - [2026-05-09T11:57:23.116+0000] {dag.py:3954} INFO - Setting next_dagrun for example_branch_dop_operator_v3 to 2026-05-09 11:56:00+00:00, run_after=2026-05-09 11:57:00+00:00
[2026-05-09T11:57:23.132+0000] {processor.py:183} INFO - Processing /home/vscode/.local/lib/python3.11/site-packages/airflow/example_dags/example_branch_python_dop_operator_3.py took 0.057 seconds
[2026-05-09T11:58:28.476+0000] {processor.py:161} INFO - Started process (PID=30418) to work on /home/vscode/.local/lib/python3.11/site-packages/airflow/example_dags/example_branch_python_dop_operator_3.py
[2026-05-09T11:58:28.477+0000] {processor.py:830} INFO - Processing file /home/vscode/.local/lib/python3.11/site-packages/airflow/example_dags/example_branch_python_dop_operator_3.py for tasks to queue
[2026-05-09T11:58:28.478+0000] {logging_mixin.py:188} INFO - [2026-05-09T11:58:28.477+0000] {dagbag.py:545} INFO - Filling up the DagBag from /home/vscode/.local/lib/python3.11/site-packages/airflow/example_dags/example_branch_python_dop_operator_3.py
[2026-05-09T11:58:28.484+0000] {processor.py:840} INFO - DAG(s) 'example_branch_dop_operator_v3' retrieved from /home/vscode/.local/lib/python3.11/site-packages/airflow/example_dags/example_branch_python_dop_operator_3.py
[2026-05-09T11:58:28.496+0000] {logging_mixin.py:188} INFO - [2026-05-09T11:58:28.496+0000] {dag.py:3096} INFO - Sync 1 DAGs
[2026-05-09T11:58:28.514+0000] {logging_mixin.py:188} INFO - [2026-05-09T11:58:28.514+0000] {dag.py:3954} INFO - Setting next_dagrun for example_branch_dop_operator_v3 to 2026-05-09 11:57:00+00:00, run_after=2026-05-09 11:58:00+00:00
[2026-05-09T11:58:28.530+0000] {processor.py:183} INFO - Processing /home/vscode/.local/lib/python3.11/site-packages/airflow/example_dags/example_branch_python_dop_operator_3.py took 0.059 seconds
[2026-05-09T11:59:32.425+0000] {processor.py:161} INFO - Started process (PID=30966) to work on /home/vscode/.local/lib/python3.11/site-packages/airflow/example_dags/example_branch_python_dop_operator_3.py
[2026-05-09T11:59:32.425+0000] {processor.py:830} INFO - Processing file /home/vscode/.local/lib/python3.11/site-packages/airflow/example_dags/example_branch_python_dop_operator_3.py for tasks to queue
[2026-05-09T11:59:32.426+0000] {logging_mixin.py:188} INFO - [2026-05-09T11:59:32.425+0000] {dagbag.py:545} INFO - Filling up the DagBag from /home/vscode/.local/lib/python3.11/site-packages/airflow/example_dags/example_branch_python_dop_operator_3.py
[2026-05-09T11:59:32.433+0000] {processor.py:840} INFO - DAG(s) 'example_branch_dop_operator_v3' retrieved from /home/vscode/.local/lib/python3.11/site-packages/airflow/example_dags/example_branch_python_dop_operator_3.py
[2026-05-09T11:59:32.444+0000] {logging_mixin.py:188} INFO - [2026-05-09T11:59:32.444+0000] {dag.py:3096} INFO - Sync 1 DAGs
[2026-05-09T11:59:32.462+0000] {logging_mixin.py:188} INFO - [2026-05-09T11:59:32.461+0000] {dag.py:3954} INFO - Setting next_dagrun for example_branch_dop_operator_v3 to 2026-05-09 11:58:00+00:00, run_after=2026-05-09 11:59:00+00:00
[2026-05-09T11:59:32.477+0000] {processor.py:183} INFO - Processing /home/vscode/.local/lib/python3.11/site-packages/airflow/example_dags/example_branch_python_dop_operator_3.py took 0.059 seconds
[2026-05-09T12:00:32.392+0000] {processor.py:161} INFO - Started process (PID=31423) to work on /home/vscode/.local/lib/python3.11/site-packages/airflow/example_dags/example_branch_python_dop_operator_3.py
[2026-05-09T12:00:32.393+0000] {processor.py:830} INFO - Processing file /home/vscode/.local/lib/python3.11/site-packages/airflow/example_dags/example_branch_python_dop_operator_3.py for tasks to queue
[2026-05-09T12:00:32.393+0000] {logging_mixin.py:188} INFO - [2026-05-09T12:00:32.393+0000] {dagbag.py:545} INFO - Filling up the DagBag from /home/vscode/.local/lib/python3.11/site-packages/airflow/example_dags/example_branch_python_dop_operator_3.py
[2026-05-09T12:00:32.400+0000] {processor.py:840} INFO - DAG(s) 'example_branch_dop_operator_v3' retrieved from /home/vscode/.local/lib/python3.11/site-packages/airflow/example_dags/example_branch_python_dop_operator_3.py
[2026-05-09T12:00:32.411+0000] {logging_mixin.py:188} INFO - [2026-05-09T12:00:32.411+0000] {dag.py:3096} INFO - Sync 1 DAGs
[2026-05-09T12:00:32.428+0000] {logging_mixin.py:188} INFO - [2026-05-09T12:00:32.427+0000] {dag.py:3954} INFO - Setting next_dagrun for example_branch_dop_operator_v3 to 2026-05-09 11:59:00+00:00, run_after=2026-05-09 12:00:00+00:00
[2026-05-09T12:00:32.444+0000] {processor.py:183} INFO - Processing /home/vscode/.local/lib/python3.11/site-packages/airflow/example_dags/example_branch_python_dop_operator_3.py took 0.058 seconds
[2026-05-09T12:01:37.711+0000] {processor.py:161} INFO - Started process (PID=32031) to work on /home/vscode/.local/lib/python3.11/site-packages/airflow/example_dags/example_branch_python_dop_operator_3.py
[2026-05-09T12:01:37.712+0000] {processor.py:830} INFO - Processing file /home/vscode/.local/lib/python3.11/site-packages/airflow/example_dags/example_branch_python_dop_operator_3.py for tasks to queue
[2026-05-09T12:01:37.712+0000] {logging_mixin.py:188} INFO - [2026-05-09T12:01:37.712+0000] {dagbag.py:545} INFO - Filling up the DagBag from /home/vscode/.local/lib/python3.11/site-packages/airflow/example_dags/example_branch_python_dop_operator_3.py
[2026-05-09T12:01:37.719+0000] {processor.py:840} INFO - DAG(s) 'example_branch_dop_operator_v3' retrieved from /home/vscode/.local/lib/python3.11/site-packages/airflow/example_dags/example_branch_python_dop_operator_3.py
[2026-05-09T12:01:37.730+0000] {logging_mixin.py:188} INFO - [2026-05-09T12:01:37.730+0000] {dag.py:3096} INFO - Sync 1 DAGs
[2026-05-09T12:01:37.747+0000] {logging_mixin.py:188} INFO - [2026-05-09T12:01:37.747+0000] {dag.py:3954} INFO - Setting next_dagrun for example_branch_dop_operator_v3 to 2026-05-09 12:00:00+00:00, run_after=2026-05-09 12:01:00+00:00
[2026-05-09T12:01:37.763+0000] {processor.py:183} INFO - Processing /home/vscode/.local/lib/python3.11/site-packages/airflow/example_dags/example_branch_python_dop_operator_3.py took 0.058 seconds
[2026-05-09T12:02:40.756+0000] {processor.py:161} INFO - Started process (PID=32509) to work on /home/vscode/.local/lib/python3.11/site-packages/airflow/example_dags/example_branch_python_dop_operator_3.py
[2026-05-09T12:02:40.757+0000] {processor.py:830} INFO - Processing file /home/vscode/.local/lib/python3.11/site-packages/airflow/example_dags/example_branch_python_dop_operator_3.py for tasks to queue
[2026-05-09T12:02:40.757+0000] {logging_mixin.py:188} INFO - [2026-05-09T12:02:40.757+0000] {dagbag.py:545} INFO - Filling up the DagBag from /home/vscode/.local/lib/python3.11/site-packages/airflow/example_dags/example_branch_python_dop_operator_3.py
[2026-05-09T12:02:40.764+0000] {processor.py:840} INFO - DAG(s) 'example_branch_dop_operator_v3' retrieved from /home/vscode/.local/lib/python3.11/site-packages/airflow/example_dags/example_branch_python_dop_operator_3.py
[2026-05-09T12:02:40.776+0000] {logging_mixin.py:188} INFO - [2026-05-09T12:02:40.776+0000] {dag.py:3096} INFO - Sync 1 DAGs
[2026-05-09T12:02:40.793+0000] {logging_mixin.py:188} INFO - [2026-05-09T12:02:40.793+0000] {dag.py:3954} INFO - Setting next_dagrun for example_branch_dop_operator_v3 to 2026-05-09 12:01:00+00:00, run_after=2026-05-09 12:02:00+00:00
[2026-05-09T12:02:40.810+0000] {processor.py:183} INFO - Processing /home/vscode/.local/lib/python3.11/site-packages/airflow/example_dags/example_branch_python_dop_operator_3.py took 0.060 seconds
[2026-05-09T12:03:42.419+0000] {processor.py:161} INFO - Started process (PID=33096) to work on /home/vscode/.local/lib/python3.11/site-packages/airflow/example_dags/example_branch_python_dop_operator_3.py
[2026-05-09T12:03:42.419+0000] {processor.py:830} INFO - Processing file /home/vscode/.local/lib/python3.11/site-packages/airflow/example_dags/example_branch_python_dop_operator_3.py for tasks to queue
[2026-05-09T12:03:42.420+0000] {logging_mixin.py:188} INFO - [2026-05-09T12:03:42.420+0000] {dagbag.py:545} INFO - Filling up the DagBag from /home/vscode/.local/lib/python3.11/site-packages/airflow/example_dags/example_branch_python_dop_operator_3.py
[2026-05-09T12:03:42.427+0000] {processor.py:840} INFO - DAG(s) 'example_branch_dop_operator_v3' retrieved from /home/vscode/.local/lib/python3.11/site-packages/airflow/example_dags/example_branch_python_dop_operator_3.py
[2026-05-09T12:03:42.438+0000] {logging_mixin.py:188} INFO - [2026-05-09T12:03:42.438+0000] {dag.py:3096} INFO - Sync 1 DAGs
[2026-05-09T12:03:42.454+0000] {logging_mixin.py:188} INFO - [2026-05-09T12:03:42.454+0000] {dag.py:3954} INFO - Setting next_dagrun for example_branch_dop_operator_v3 to 2026-05-09 12:02:00+00:00, run_after=2026-05-09 12:03:00+00:00
[2026-05-09T12:03:42.470+0000] {processor.py:183} INFO - Processing /home/vscode/.local/lib/python3.11/site-packages/airflow/example_dags/example_branch_python_dop_operator_3.py took 0.058 seconds
[2026-05-09T12:04:45.570+0000] {processor.py:161} INFO - Started process (PID=33577) to work on /home/vscode/.local/lib/python3.11/site-packages/airflow/example_dags/example_branch_python_dop_operator_3.py
[2026-05-09T12:04:45.571+0000] {processor.py:830} INFO - Processing file /home/vscode/.local/lib/python3.11/site-packages/airflow/example_dags/example_branch_python_dop_operator_3.py for tasks to queue
[2026-05-09T12:04:45.572+0000] {logging_mixin.py:188} INFO - [2026-05-09T12:04:45.571+0000] {dagbag.py:545} INFO - Filling up the DagBag from /home/vscode/.local/lib/python3.11/site-packages/airflow/example_dags/example_branch_python_dop_operator_3.py
[2026-05-09T12:04:45.578+0000] {processor.py:840} INFO - DAG(s) 'example_branch_dop_operator_v3' retrieved from /home/vscode/.local/lib/python3.11/site-packages/airflow/example_dags/example_branch_python_dop_operator_3.py
[2026-05-09T12:04:45.590+0000] {logging_mixin.py:188} INFO - [2026-05-09T12:04:45.590+0000] {dag.py:3096} INFO - Sync 1 DAGs
[2026-05-09T12:04:45.607+0000] {logging_mixin.py:188} INFO - [2026-05-09T12:04:45.607+0000] {dag.py:3954} INFO - Setting next_dagrun for example_branch_dop_operator_v3 to 2026-05-09 12:03:00+00:00, run_after=2026-05-09 12:04:00+00:00
[2026-05-09T12:04:45.622+0000] {processor.py:183} INFO - Processing /home/vscode/.local/lib/python3.11/site-packages/airflow/example_dags/example_branch_python_dop_operator_3.py took 0.058 seconds
[2026-05-09T12:05:48.007+0000] {processor.py:161} INFO - Started process (PID=34103) to work on /home/vscode/.local/lib/python3.11/site-packages/airflow/example_dags/example_branch_python_dop_operator_3.py
[2026-05-09T12:05:48.008+0000] {processor.py:830} INFO - Processing file /home/vscode/.local/lib/python3.11/site-packages/airflow/example_dags/example_branch_python_dop_operator_3.py for tasks to queue
[2026-05-09T12:05:48.008+0000] {logging_mixin.py:188} INFO - [2026-05-09T12:05:48.008+0000] {dagbag.py:545} INFO - Filling up the DagBag from /home/vscode/.local/lib/python3.11/site-packages/airflow/example_dags/example_branch_python_dop_operator_3.py
[2026-05-09T12:05:48.015+0000] {processor.py:840} INFO - DAG(s) 'example_branch_dop_operator_v3' retrieved from /home/vscode/.local/lib/python3.11/site-packages/airflow/example_dags/example_branch_python_dop_operator_3.py
[2026-05-09T12:05:48.032+0000] {logging_mixin.py:188} INFO - [2026-05-09T12:05:48.031+0000] {dag.py:3096} INFO - Sync 1 DAGs
[2026-05-09T12:05:48.055+0000] {logging_mixin.py:188} INFO - [2026-05-09T12:05:48.055+0000] {dag.py:3954} INFO - Setting next_dagrun for example_branch_dop_operator_v3 to 2026-05-09 12:04:00+00:00, run_after=2026-05-09 12:05:00+00:00
[2026-05-09T12:05:48.071+0000] {processor.py:183} INFO - Processing /home/vscode/.local/lib/python3.11/site-packages/airflow/example_dags/example_branch_python_dop_operator_3.py took 0.070 seconds
[2026-05-09T12:06:54.134+0000] {processor.py:161} INFO - Started process (PID=34600) to work on /home/vscode/.local/lib/python3.11/site-packages/airflow/example_dags/example_branch_python_dop_operator_3.py
[2026-05-09T12:06:54.135+0000] {processor.py:830} INFO - Processing file /home/vscode/.local/lib/python3.11/site-packages/airflow/example_dags/example_branch_python_dop_operator_3.py for tasks to queue
[2026-05-09T12:06:54.136+0000] {logging_mixin.py:188} INFO - [2026-05-09T12:06:54.135+0000] {dagbag.py:545} INFO - Filling up the DagBag from /home/vscode/.local/lib/python3.11/site-packages/airflow/example_dags/example_branch_python_dop_operator_3.py
[2026-05-09T12:06:54.145+0000] {processor.py:840} INFO - DAG(s) 'example_branch_dop_operator_v3' retrieved from /home/vscode/.local/lib/python3.11/site-packages/airflow/example_dags/example_branch_python_dop_operator_3.py
[2026-05-09T12:06:54.156+0000] {logging_mixin.py:188} INFO - [2026-05-09T12:06:54.156+0000] {dag.py:3096} INFO - Sync 1 DAGs
[2026-05-09T12:06:54.172+0000] {logging_mixin.py:188} INFO - [2026-05-09T12:06:54.172+0000] {dag.py:3954} INFO - Setting next_dagrun for example_branch_dop_operator_v3 to 2026-05-09 12:05:00+00:00, run_after=2026-05-09 12:06:00+00:00
[2026-05-09T12:06:54.188+0000] {processor.py:183} INFO - Processing /home/vscode/.local/lib/python3.11/site-packages/airflow/example_dags/example_branch_python_dop_operator_3.py took 0.063 seconds
[2026-05-09T12:07:56.862+0000] {processor.py:161} INFO - Started process (PID=35133) to work on /home/vscode/.local/lib/python3.11/site-packages/airflow/example_dags/example_branch_python_dop_operator_3.py
[2026-05-09T12:07:56.862+0000] {processor.py:830} INFO - Processing file /home/vscode/.local/lib/python3.11/site-packages/airflow/example_dags/example_branch_python_dop_operator_3.py for tasks to queue
[2026-05-09T12:07:56.863+0000] {logging_mixin.py:188} INFO - [2026-05-09T12:07:56.863+0000] {dagbag.py:545} INFO - Filling up the DagBag from /home/vscode/.local/lib/python3.11/site-packages/airflow/example_dags/example_branch_python_dop_operator_3.py
[2026-05-09T12:07:56.871+0000] {processor.py:840} INFO - DAG(s) 'example_branch_dop_operator_v3' retrieved from /home/vscode/.local/lib/python3.11/site-packages/airflow/example_dags/example_branch_python_dop_operator_3.py
[2026-05-09T12:07:56.882+0000] {logging_mixin.py:188} INFO - [2026-05-09T12:07:56.882+0000] {dag.py:3096} INFO - Sync 1 DAGs
[2026-05-09T12:07:56.899+0000] {logging_mixin.py:188} INFO - [2026-05-09T12:07:56.898+0000] {dag.py:3954} INFO - Setting next_dagrun for example_branch_dop_operator_v3 to 2026-05-09 12:06:00+00:00, run_after=2026-05-09 12:07:00+00:00
[2026-05-09T12:07:56.914+0000] {processor.py:183} INFO - Processing /home/vscode/.local/lib/python3.11/site-packages/airflow/example_dags/example_branch_python_dop_operator_3.py took 0.058 seconds
[2026-05-09T12:08:58.122+0000] {processor.py:161} INFO - Started process (PID=35660) to work on /home/vscode/.local/lib/python3.11/site-packages/airflow/example_dags/example_branch_python_dop_operator_3.py
[2026-05-09T12:08:58.122+0000] {processor.py:830} INFO - Processing file /home/vscode/.local/lib/python3.11/site-packages/airflow/example_dags/example_branch_python_dop_operator_3.py for tasks to queue
[2026-05-09T12:08:58.123+0000] {logging_mixin.py:188} INFO - [2026-05-09T12:08:58.123+0000] {dagbag.py:545} INFO - Filling up the DagBag from /home/vscode/.local/lib/python3.11/site-packages/airflow/example_dags/example_branch_python_dop_operator_3.py
[2026-05-09T12:08:58.132+0000] {processor.py:840} INFO - DAG(s) 'example_branch_dop_operator_v3' retrieved from /home/vscode/.local/lib/python3.11/site-packages/airflow/example_dags/example_branch_python_dop_operator_3.py
[2026-05-09T12:08:58.146+0000] {logging_mixin.py:188} INFO - [2026-05-09T12:08:58.146+0000] {dag.py:3096} INFO - Sync 1 DAGs
[2026-05-09T12:08:58.164+0000] {logging_mixin.py:188} INFO - [2026-05-09T12:08:58.164+0000] {dag.py:3954} INFO - Setting next_dagrun for example_branch_dop_operator_v3 to 2026-05-09 12:07:00+00:00, run_after=2026-05-09 12:08:00+00:00
[2026-05-09T12:08:58.181+0000] {processor.py:183} INFO - Processing /home/vscode/.local/lib/python3.11/site-packages/airflow/example_dags/example_branch_python_dop_operator_3.py took 0.065 seconds
[2026-05-09T12:09:56.792+0000] {processor.py:161} INFO - Started process (PID=36172) to work on /home/vscode/.local/lib/python3.11/site-packages/airflow/example_dags/example_branch_python_dop_operator_3.py
[2026-05-09T12:09:56.793+0000] {processor.py:830} INFO - Processing file /home/vscode/.local/lib/python3.11/site-packages/airflow/example_dags/example_branch_python_dop_operator_3.py for tasks to queue
[2026-05-09T12:09:56.794+0000] {logging_mixin.py:188} INFO - [2026-05-09T12:09:56.794+0000] {dagbag.py:545} INFO - Filling up the DagBag from /home/vscode/.local/lib/python3.11/site-packages/airflow/example_dags/example_branch_python_dop_operator_3.py
[2026-05-09T12:09:56.806+0000] {processor.py:840} INFO - DAG(s) 'example_branch_dop_operator_v3' retrieved from /home/vscode/.local/lib/python3.11/site-packages/airflow/example_dags/example_branch_python_dop_operator_3.py
[2026-05-09T12:09:56.822+0000] {logging_mixin.py:188} INFO - [2026-05-09T12:09:56.822+0000] {dag.py:3096} INFO - Sync 1 DAGs
[2026-05-09T12:09:56.845+0000] {logging_mixin.py:188} INFO - [2026-05-09T12:09:56.845+0000] {dag.py:3954} INFO - Setting next_dagrun for example_branch_dop_operator_v3 to 2026-05-09 12:08:00+00:00, run_after=2026-05-09 12:09:00+00:00
[2026-05-09T12:09:56.860+0000] {processor.py:183} INFO - Processing /home/vscode/.local/lib/python3.11/site-packages/airflow/example_dags/example_branch_python_dop_operator_3.py took 0.079 seconds
[2026-05-09T12:10:59.111+0000] {processor.py:161} INFO - Started process (PID=36643) to work on /home/vscode/.local/lib/python3.11/site-packages/airflow/example_dags/example_branch_python_dop_operator_3.py
[2026-05-09T12:10:59.112+0000] {processor.py:830} INFO - Processing file /home/vscode/.local/lib/python3.11/site-packages/airflow/example_dags/example_branch_python_dop_operator_3.py for tasks to queue
[2026-05-09T12:10:59.112+0000] {logging_mixin.py:188} INFO - [2026-05-09T12:10:59.112+0000] {dagbag.py:545} INFO - Filling up the DagBag from /home/vscode/.local/lib/python3.11/site-packages/airflow/example_dags/example_branch_python_dop_operator_3.py
[2026-05-09T12:10:59.119+0000] {processor.py:840} INFO - DAG(s) 'example_branch_dop_operator_v3' retrieved from /home/vscode/.local/lib/python3.11/site-packages/airflow/example_dags/example_branch_python_dop_operator_3.py
[2026-05-09T12:10:59.133+0000] {logging_mixin.py:188} INFO - [2026-05-09T12:10:59.133+0000] {dag.py:3096} INFO - Sync 1 DAGs
[2026-05-09T12:10:59.153+0000] {logging_mixin.py:188} INFO - [2026-05-09T12:10:59.153+0000] {dag.py:3954} INFO - Setting next_dagrun for example_branch_dop_operator_v3 to 2026-05-09 12:09:00+00:00, run_after=2026-05-09 12:10:00+00:00
[2026-05-09T12:10:59.168+0000] {processor.py:183} INFO - Processing /home/vscode/.local/lib/python3.11/site-packages/airflow/example_dags/example_branch_python_dop_operator_3.py took 0.063 seconds
[2026-05-09T12:11:59.652+0000] {processor.py:161} INFO - Started process (PID=37166) to work on /home/vscode/.local/lib/python3.11/site-packages/airflow/example_dags/example_branch_python_dop_operator_3.py
[2026-05-09T12:11:59.652+0000] {processor.py:830} INFO - Processing file /home/vscode/.local/lib/python3.11/site-packages/airflow/example_dags/example_branch_python_dop_operator_3.py for tasks to queue
[2026-05-09T12:11:59.653+0000] {logging_mixin.py:188} INFO - [2026-05-09T12:11:59.652+0000] {dagbag.py:545} INFO - Filling up the DagBag from /home/vscode/.local/lib/python3.11/site-packages/airflow/example_dags/example_branch_python_dop_operator_3.py
[2026-05-09T12:11:59.660+0000] {processor.py:840} INFO - DAG(s) 'example_branch_dop_operator_v3' retrieved from /home/vscode/.local/lib/python3.11/site-packages/airflow/example_dags/example_branch_python_dop_operator_3.py
[2026-05-09T12:11:59.671+0000] {logging_mixin.py:188} INFO - [2026-05-09T12:11:59.671+0000] {dag.py:3096} INFO - Sync 1 DAGs
[2026-05-09T12:11:59.688+0000] {logging_mixin.py:188} INFO - [2026-05-09T12:11:59.688+0000] {dag.py:3954} INFO - Setting next_dagrun for example_branch_dop_operator_v3 to 2026-05-09 12:10:00+00:00, run_after=2026-05-09 12:11:00+00:00
[2026-05-09T12:11:59.704+0000] {processor.py:183} INFO - Processing /home/vscode/.local/lib/python3.11/site-packages/airflow/example_dags/example_branch_python_dop_operator_3.py took 0.059 seconds
[2026-05-09T12:13:01.227+0000] {processor.py:161} INFO - Started process (PID=37630) to work on /home/vscode/.local/lib/python3.11/site-packages/airflow/example_dags/example_branch_python_dop_operator_3.py
[2026-05-09T12:13:01.228+0000] {processor.py:830} INFO - Processing file /home/vscode/.local/lib/python3.11/site-packages/airflow/example_dags/example_branch_python_dop_operator_3.py for tasks to queue
[2026-05-09T12:13:01.229+0000] {logging_mixin.py:188} INFO - [2026-05-09T12:13:01.228+0000] {dagbag.py:545} INFO - Filling up the DagBag from /home/vscode/.local/lib/python3.11/site-packages/airflow/example_dags/example_branch_python_dop_operator_3.py
[2026-05-09T12:13:01.238+0000] {processor.py:840} INFO - DAG(s) 'example_branch_dop_operator_v3' retrieved from /home/vscode/.local/lib/python3.11/site-packages/airflow/example_dags/example_branch_python_dop_operator_3.py
[2026-05-09T12:13:01.251+0000] {logging_mixin.py:188} INFO - [2026-05-09T12:13:01.250+0000] {dag.py:3096} INFO - Sync 1 DAGs
[2026-05-09T12:13:01.267+0000] {logging_mixin.py:188} INFO - [2026-05-09T12:13:01.267+0000] {dag.py:3954} INFO - Setting next_dagrun for example_branch_dop_operator_v3 to 2026-05-09 12:12:00+00:00, run_after=2026-05-09 12:13:00+00:00
[2026-05-09T12:13:01.283+0000] {processor.py:183} INFO - Processing /home/vscode/.local/lib/python3.11/site-packages/airflow/example_dags/example_branch_python_dop_operator_3.py took 0.063 seconds
[2026-05-09T12:14:06.090+0000] {processor.py:161} INFO - Started process (PID=38237) to work on /home/vscode/.local/lib/python3.11/site-packages/airflow/example_dags/example_branch_python_dop_operator_3.py
[2026-05-09T12:14:06.090+0000] {processor.py:830} INFO - Processing file /home/vscode/.local/lib/python3.11/site-packages/airflow/example_dags/example_branch_python_dop_operator_3.py for tasks to queue
[2026-05-09T12:14:06.091+0000] {logging_mixin.py:188} INFO - [2026-05-09T12:14:06.091+0000] {dagbag.py:545} INFO - Filling up the DagBag from /home/vscode/.local/lib/python3.11/site-packages/airflow/example_dags/example_branch_python_dop_operator_3.py
[2026-05-09T12:14:06.098+0000] {processor.py:840} INFO - DAG(s) 'example_branch_dop_operator_v3' retrieved from /home/vscode/.local/lib/python3.11/site-packages/airflow/example_dags/example_branch_python_dop_operator_3.py
[2026-05-09T12:14:06.109+0000] {logging_mixin.py:188} INFO - [2026-05-09T12:14:06.109+0000] {dag.py:3096} INFO - Sync 1 DAGs
[2026-05-09T12:14:06.127+0000] {logging_mixin.py:188} INFO - [2026-05-09T12:14:06.126+0000] {dag.py:3954} INFO - Setting next_dagrun for example_branch_dop_operator_v3 to 2026-05-09 12:13:00+00:00, run_after=2026-05-09 12:14:00+00:00
[2026-05-09T12:14:06.144+0000] {processor.py:183} INFO - Processing /home/vscode/.local/lib/python3.11/site-packages/airflow/example_dags/example_branch_python_dop_operator_3.py took 0.061 seconds
[2026-05-09T12:15:08.546+0000] {processor.py:161} INFO - Started process (PID=38711) to work on /home/vscode/.local/lib/python3.11/site-packages/airflow/example_dags/example_branch_python_dop_operator_3.py
[2026-05-09T12:15:08.547+0000] {processor.py:830} INFO - Processing file /home/vscode/.local/lib/python3.11/site-packages/airflow/example_dags/example_branch_python_dop_operator_3.py for tasks to queue
[2026-05-09T12:15:08.548+0000] {logging_mixin.py:188} INFO - [2026-05-09T12:15:08.548+0000] {dagbag.py:545} INFO - Filling up the DagBag from /home/vscode/.local/lib/python3.11/site-packages/airflow/example_dags/example_branch_python_dop_operator_3.py
[2026-05-09T12:15:08.556+0000] {processor.py:840} INFO - DAG(s) 'example_branch_dop_operator_v3' retrieved from /home/vscode/.local/lib/python3.11/site-packages/airflow/example_dags/example_branch_python_dop_operator_3.py
[2026-05-09T12:15:08.568+0000] {logging_mixin.py:188} INFO - [2026-05-09T12:15:08.568+0000] {dag.py:3096} INFO - Sync 1 DAGs
[2026-05-09T12:15:08.585+0000] {logging_mixin.py:188} INFO - [2026-05-09T12:15:08.585+0000] {dag.py:3954} INFO - Setting next_dagrun for example_branch_dop_operator_v3 to 2026-05-09 12:14:00+00:00, run_after=2026-05-09 12:15:00+00:00
[2026-05-09T12:15:08.601+0000] {processor.py:183} INFO - Processing /home/vscode/.local/lib/python3.11/site-packages/airflow/example_dags/example_branch_python_dop_operator_3.py took 0.063 seconds
[2026-05-09T12:16:14.916+0000] {processor.py:161} INFO - Started process (PID=39267) to work on /home/vscode/.local/lib/python3.11/site-packages/airflow/example_dags/example_branch_python_dop_operator_3.py
[2026-05-09T12:16:14.916+0000] {processor.py:830} INFO - Processing file /home/vscode/.local/lib/python3.11/site-packages/airflow/example_dags/example_branch_python_dop_operator_3.py for tasks to queue
[2026-05-09T12:16:14.917+0000] {logging_mixin.py:188} INFO - [2026-05-09T12:16:14.917+0000] {dagbag.py:545} INFO - Filling up the DagBag from /home/vscode/.local/lib/python3.11/site-packages/airflow/example_dags/example_branch_python_dop_operator_3.py
[2026-05-09T12:16:14.925+0000] {processor.py:840} INFO - DAG(s) 'example_branch_dop_operator_v3' retrieved from /home/vscode/.local/lib/python3.11/site-packages/airflow/example_dags/example_branch_python_dop_operator_3.py
[2026-05-09T12:16:14.941+0000] {logging_mixin.py:188} INFO - [2026-05-09T12:16:14.940+0000] {dag.py:3096} INFO - Sync 1 DAGs
[2026-05-09T12:16:14.959+0000] {logging_mixin.py:188} INFO - [2026-05-09T12:16:14.959+0000] {dag.py:3954} INFO - Setting next_dagrun for example_branch_dop_operator_v3 to 2026-05-09 12:15:00+00:00, run_after=2026-05-09 12:16:00+00:00
[2026-05-09T12:16:14.975+0000] {processor.py:183} INFO - Processing /home/vscode/.local/lib/python3.11/site-packages/airflow/example_dags/example_branch_python_dop_operator_3.py took 0.066 seconds
[2026-05-09T12:17:22.001+0000] {processor.py:161} INFO - Started process (PID=39759) to work on /home/vscode/.local/lib/python3.11/site-packages/airflow/example_dags/example_branch_python_dop_operator_3.py
[2026-05-09T12:17:22.002+0000] {processor.py:830} INFO - Processing file /home/vscode/.local/lib/python3.11/site-packages/airflow/example_dags/example_branch_python_dop_operator_3.py for tasks to queue
[2026-05-09T12:17:22.002+0000] {logging_mixin.py:188} INFO - [2026-05-09T12:17:22.002+0000] {dagbag.py:545} INFO - Filling up the DagBag from /home/vscode/.local/lib/python3.11/site-packages/airflow/example_dags/example_branch_python_dop_operator_3.py
[2026-05-09T12:17:22.009+0000] {processor.py:840} INFO - DAG(s) 'example_branch_dop_operator_v3' retrieved from /home/vscode/.local/lib/python3.11/site-packages/airflow/example_dags/example_branch_python_dop_operator_3.py
[2026-05-09T12:17:22.020+0000] {logging_mixin.py:188} INFO - [2026-05-09T12:17:22.020+0000] {dag.py:3096} INFO - Sync 1 DAGs
[2026-05-09T12:17:22.042+0000] {logging_mixin.py:188} INFO - [2026-05-09T12:17:22.042+0000] {dag.py:3954} INFO - Setting next_dagrun for example_branch_dop_operator_v3 to 2026-05-09 12:16:00+00:00, run_after=2026-05-09 12:17:00+00:00
[2026-05-09T12:17:22.059+0000] {processor.py:183} INFO - Processing /home/vscode/.local/lib/python3.11/site-packages/airflow/example_dags/example_branch_python_dop_operator_3.py took 0.064 seconds
[2026-05-09T12:18:26.189+0000] {processor.py:161} INFO - Started process (PID=40307) to work on /home/vscode/.local/lib/python3.11/site-packages/airflow/example_dags/example_branch_python_dop_operator_3.py
[2026-05-09T12:18:26.189+0000] {processor.py:830} INFO - Processing file /home/vscode/.local/lib/python3.11/site-packages/airflow/example_dags/example_branch_python_dop_operator_3.py for tasks to queue
[2026-05-09T12:18:26.190+0000] {logging_mixin.py:188} INFO - [2026-05-09T12:18:26.190+0000] {dagbag.py:545} INFO - Filling up the DagBag from /home/vscode/.local/lib/python3.11/site-packages/airflow/example_dags/example_branch_python_dop_operator_3.py
[2026-05-09T12:18:26.197+0000] {processor.py:840} INFO - DAG(s) 'example_branch_dop_operator_v3' retrieved from /home/vscode/.local/lib/python3.11/site-packages/airflow/example_dags/example_branch_python_dop_operator_3.py
[2026-05-09T12:18:26.209+0000] {logging_mixin.py:188} INFO - [2026-05-09T12:18:26.209+0000] {dag.py:3096} INFO - Sync 1 DAGs
[2026-05-09T12:18:26.227+0000] {logging_mixin.py:188} INFO - [2026-05-09T12:18:26.226+0000] {dag.py:3954} INFO - Setting next_dagrun for example_branch_dop_operator_v3 to 2026-05-09 12:17:00+00:00, run_after=2026-05-09 12:18:00+00:00
[2026-05-09T12:18:26.245+0000] {processor.py:183} INFO - Processing /home/vscode/.local/lib/python3.11/site-packages/airflow/example_dags/example_branch_python_dop_operator_3.py took 0.062 seconds
[2026-05-09T12:19:26.629+0000] {processor.py:161} INFO - Started process (PID=40830) to work on /home/vscode/.local/lib/python3.11/site-packages/airflow/example_dags/example_branch_python_dop_operator_3.py
[2026-05-09T12:19:26.630+0000] {processor.py:830} INFO - Processing file /home/vscode/.local/lib/python3.11/site-packages/airflow/example_dags/example_branch_python_dop_operator_3.py for tasks to queue
[2026-05-09T12:19:26.630+0000] {logging_mixin.py:188} INFO - [2026-05-09T12:19:26.630+0000] {dagbag.py:545} INFO - Filling up the DagBag from /home/vscode/.local/lib/python3.11/site-packages/airflow/example_dags/example_branch_python_dop_operator_3.py
[2026-05-09T12:19:26.639+0000] {processor.py:840} INFO - DAG(s) 'example_branch_dop_operator_v3' retrieved from /home/vscode/.local/lib/python3.11/site-packages/airflow/example_dags/example_branch_python_dop_operator_3.py
[2026-05-09T12:19:26.656+0000] {logging_mixin.py:188} INFO - [2026-05-09T12:19:26.656+0000] {dag.py:3096} INFO - Sync 1 DAGs
[2026-05-09T12:19:26.681+0000] {logging_mixin.py:188} INFO - [2026-05-09T12:19:26.681+0000] {dag.py:3954} INFO - Setting next_dagrun for example_branch_dop_operator_v3 to 2026-05-09 12:18:00+00:00, run_after=2026-05-09 12:19:00+00:00
[2026-05-09T12:19:26.700+0000] {processor.py:183} INFO - Processing /home/vscode/.local/lib/python3.11/site-packages/airflow/example_dags/example_branch_python_dop_operator_3.py took 0.078 seconds
[2026-05-09T12:20:34.121+0000] {processor.py:161} INFO - Started process (PID=41390) to work on /home/vscode/.local/lib/python3.11/site-packages/airflow/example_dags/example_branch_python_dop_operator_3.py
[2026-05-09T12:20:34.122+0000] {processor.py:830} INFO - Processing file /home/vscode/.local/lib/python3.11/site-packages/airflow/example_dags/example_branch_python_dop_operator_3.py for tasks to queue
[2026-05-09T12:20:34.122+0000] {logging_mixin.py:188} INFO - [2026-05-09T12:20:34.122+0000] {dagbag.py:545} INFO - Filling up the DagBag from /home/vscode/.local/lib/python3.11/site-packages/airflow/example_dags/example_branch_python_dop_operator_3.py
[2026-05-09T12:20:34.131+0000] {processor.py:840} INFO - DAG(s) 'example_branch_dop_operator_v3' retrieved from /home/vscode/.local/lib/python3.11/site-packages/airflow/example_dags/example_branch_python_dop_operator_3.py
[2026-05-09T12:20:34.146+0000] {logging_mixin.py:188} INFO - [2026-05-09T12:20:34.146+0000] {dag.py:3096} INFO - Sync 1 DAGs
[2026-05-09T12:20:34.163+0000] {logging_mixin.py:188} INFO - [2026-05-09T12:20:34.163+0000] {dag.py:3954} INFO - Setting next_dagrun for example_branch_dop_operator_v3 to 2026-05-09 12:19:00+00:00, run_after=2026-05-09 12:20:00+00:00
[2026-05-09T12:20:34.179+0000] {processor.py:183} INFO - Processing /home/vscode/.local/lib/python3.11/site-packages/airflow/example_dags/example_branch_python_dop_operator_3.py took 0.064 seconds
[2026-05-09T12:21:34.413+0000] {processor.py:161} INFO - Started process (PID=41855) to work on /home/vscode/.local/lib/python3.11/site-packages/airflow/example_dags/example_branch_python_dop_operator_3.py
[2026-05-09T12:21:34.414+0000] {processor.py:830} INFO - Processing file /home/vscode/.local/lib/python3.11/site-packages/airflow/example_dags/example_branch_python_dop_operator_3.py for tasks to queue
[2026-05-09T12:21:34.414+0000] {logging_mixin.py:188} INFO - [2026-05-09T12:21:34.414+0000] {dagbag.py:545} INFO - Filling up the DagBag from /home/vscode/.local/lib/python3.11/site-packages/airflow/example_dags/example_branch_python_dop_operator_3.py
[2026-05-09T12:21:34.421+0000] {processor.py:840} INFO - DAG(s) 'example_branch_dop_operator_v3' retrieved from /home/vscode/.local/lib/python3.11/site-packages/airflow/example_dags/example_branch_python_dop_operator_3.py
[2026-05-09T12:21:34.437+0000] {logging_mixin.py:188} INFO - [2026-05-09T12:21:34.436+0000] {dag.py:3096} INFO - Sync 1 DAGs
[2026-05-09T12:21:34.455+0000] {logging_mixin.py:188} INFO - [2026-05-09T12:21:34.455+0000] {dag.py:3954} INFO - Setting next_dagrun for example_branch_dop_operator_v3 to 2026-05-09 12:20:00+00:00, run_after=2026-05-09 12:21:00+00:00
[2026-05-09T12:21:34.471+0000] {processor.py:183} INFO - Processing /home/vscode/.local/lib/python3.11/site-packages/airflow/example_dags/example_branch_python_dop_operator_3.py took 0.063 seconds
