[2026-05-09T11:19:07.668+0000] {processor.py:161} INFO - Started process (PID=7285) to work on /home/vscode/.local/lib/python3.11/site-packages/airflow/example_dags/example_latest_only.py
[2026-05-09T11:19:07.668+0000] {processor.py:830} INFO - Processing file /home/vscode/.local/lib/python3.11/site-packages/airflow/example_dags/example_latest_only.py for tasks to queue
[2026-05-09T11:19:07.669+0000] {logging_mixin.py:188} INFO - [2026-05-09T11:19:07.668+0000] {dagbag.py:545} INFO - Filling up the DagBag from /home/vscode/.local/lib/python3.11/site-packages/airflow/example_dags/example_latest_only.py
[2026-05-09T11:19:07.673+0000] {processor.py:840} INFO - DAG(s) 'latest_only' retrieved from /home/vscode/.local/lib/python3.11/site-packages/airflow/example_dags/example_latest_only.py
[2026-05-09T11:19:07.898+0000] {logging_mixin.py:188} INFO - [2026-05-09T11:19:07.898+0000] {dag.py:3096} INFO - Sync 1 DAGs
[2026-05-09T11:19:07.930+0000] {logging_mixin.py:188} INFO - [2026-05-09T11:19:07.930+0000] {dag.py:3954} INFO - Setting next_dagrun for latest_only to 2026-05-09 04:00:00+00:00, run_after=2026-05-09 08:00:00+00:00
[2026-05-09T11:19:07.964+0000] {processor.py:183} INFO - Processing /home/vscode/.local/lib/python3.11/site-packages/airflow/example_dags/example_latest_only.py took 0.303 seconds
[2026-05-09T11:20:07.223+0000] {processor.py:161} INFO - Started process (PID=7783) to work on /home/vscode/.local/lib/python3.11/site-packages/airflow/example_dags/example_latest_only.py
[2026-05-09T11:20:07.224+0000] {processor.py:830} INFO - Processing file /home/vscode/.local/lib/python3.11/site-packages/airflow/example_dags/example_latest_only.py for tasks to queue
[2026-05-09T11:20:07.224+0000] {logging_mixin.py:188} INFO - [2026-05-09T11:20:07.224+0000] {dagbag.py:545} INFO - Filling up the DagBag from /home/vscode/.local/lib/python3.11/site-packages/airflow/example_dags/example_latest_only.py
[2026-05-09T11:20:07.229+0000] {processor.py:840} INFO - DAG(s) 'latest_only' retrieved from /home/vscode/.local/lib/python3.11/site-packages/airflow/example_dags/example_latest_only.py
[2026-05-09T11:20:07.332+0000] {logging_mixin.py:188} INFO - [2026-05-09T11:20:07.332+0000] {dag.py:3096} INFO - Sync 1 DAGs
[2026-05-09T11:20:07.345+0000] {logging_mixin.py:188} INFO - [2026-05-09T11:20:07.345+0000] {dag.py:3954} INFO - Setting next_dagrun for latest_only to 2026-05-09 04:00:00+00:00, run_after=2026-05-09 08:00:00+00:00
[2026-05-09T11:20:07.359+0000] {processor.py:183} INFO - Processing /home/vscode/.local/lib/python3.11/site-packages/airflow/example_dags/example_latest_only.py took 0.143 seconds
[2026-05-09T11:20:58.775+0000] {processor.py:161} INFO - Started process (PID=8236) to work on /home/vscode/.local/lib/python3.11/site-packages/airflow/example_dags/example_latest_only.py
[2026-05-09T11:20:58.776+0000] {processor.py:830} INFO - Processing file /home/vscode/.local/lib/python3.11/site-packages/airflow/example_dags/example_latest_only.py for tasks to queue
[2026-05-09T11:20:58.776+0000] {logging_mixin.py:188} INFO - [2026-05-09T11:20:58.776+0000] {dagbag.py:545} INFO - Filling up the DagBag from /home/vscode/.local/lib/python3.11/site-packages/airflow/example_dags/example_latest_only.py
[2026-05-09T11:20:58.780+0000] {processor.py:840} INFO - DAG(s) 'latest_only' retrieved from /home/vscode/.local/lib/python3.11/site-packages/airflow/example_dags/example_latest_only.py
[2026-05-09T11:20:58.790+0000] {logging_mixin.py:188} INFO - [2026-05-09T11:20:58.790+0000] {dag.py:3096} INFO - Sync 1 DAGs
[2026-05-09T11:20:58.804+0000] {logging_mixin.py:188} INFO - [2026-05-09T11:20:58.804+0000] {dag.py:3954} INFO - Setting next_dagrun for latest_only to 2026-05-09 04:00:00+00:00, run_after=2026-05-09 08:00:00+00:00
[2026-05-09T11:20:58.820+0000] {processor.py:183} INFO - Processing /home/vscode/.local/lib/python3.11/site-packages/airflow/example_dags/example_latest_only.py took 0.051 seconds
[2026-05-09T11:21:47.881+0000] {processor.py:161} INFO - Started process (PID=8776) to work on /home/vscode/.local/lib/python3.11/site-packages/airflow/example_dags/example_latest_only.py
[2026-05-09T11:21:47.882+0000] {processor.py:830} INFO - Processing file /home/vscode/.local/lib/python3.11/site-packages/airflow/example_dags/example_latest_only.py for tasks to queue
[2026-05-09T11:21:47.883+0000] {logging_mixin.py:188} INFO - [2026-05-09T11:21:47.882+0000] {dagbag.py:545} INFO - Filling up the DagBag from /home/vscode/.local/lib/python3.11/site-packages/airflow/example_dags/example_latest_only.py
[2026-05-09T11:21:47.886+0000] {processor.py:840} INFO - DAG(s) 'latest_only' retrieved from /home/vscode/.local/lib/python3.11/site-packages/airflow/example_dags/example_latest_only.py
[2026-05-09T11:21:47.897+0000] {logging_mixin.py:188} INFO - [2026-05-09T11:21:47.897+0000] {dag.py:3096} INFO - Sync 1 DAGs
[2026-05-09T11:21:47.911+0000] {logging_mixin.py:188} INFO - [2026-05-09T11:21:47.911+0000] {dag.py:3954} INFO - Setting next_dagrun for latest_only to 2026-05-09 04:00:00+00:00, run_after=2026-05-09 08:00:00+00:00
[2026-05-09T11:21:47.927+0000] {processor.py:183} INFO - Processing /home/vscode/.local/lib/python3.11/site-packages/airflow/example_dags/example_latest_only.py took 0.052 seconds
[2026-05-09T11:22:46.846+0000] {processor.py:161} INFO - Started process (PID=9387) to work on /home/vscode/.local/lib/python3.11/site-packages/airflow/example_dags/example_latest_only.py
[2026-05-09T11:22:46.847+0000] {processor.py:830} INFO - Processing file /home/vscode/.local/lib/python3.11/site-packages/airflow/example_dags/example_latest_only.py for tasks to queue
[2026-05-09T11:22:46.848+0000] {logging_mixin.py:188} INFO - [2026-05-09T11:22:46.848+0000] {dagbag.py:545} INFO - Filling up the DagBag from /home/vscode/.local/lib/python3.11/site-packages/airflow/example_dags/example_latest_only.py
[2026-05-09T11:22:46.854+0000] {processor.py:840} INFO - DAG(s) 'latest_only' retrieved from /home/vscode/.local/lib/python3.11/site-packages/airflow/example_dags/example_latest_only.py
[2026-05-09T11:22:46.868+0000] {logging_mixin.py:188} INFO - [2026-05-09T11:22:46.867+0000] {dag.py:3096} INFO - Sync 1 DAGs
[2026-05-09T11:22:46.884+0000] {logging_mixin.py:188} INFO - [2026-05-09T11:22:46.884+0000] {dag.py:3954} INFO - Setting next_dagrun for latest_only to 2026-05-09 04:00:00+00:00, run_after=2026-05-09 08:00:00+00:00
[2026-05-09T11:22:46.903+0000] {processor.py:183} INFO - Processing /home/vscode/.local/lib/python3.11/site-packages/airflow/example_dags/example_latest_only.py took 0.066 seconds
[2026-05-09T11:23:44.618+0000] {processor.py:161} INFO - Started process (PID=10194) to work on /home/vscode/.local/lib/python3.11/site-packages/airflow/example_dags/example_latest_only.py
[2026-05-09T11:23:44.618+0000] {processor.py:830} INFO - Processing file /home/vscode/.local/lib/python3.11/site-packages/airflow/example_dags/example_latest_only.py for tasks to queue
[2026-05-09T11:23:44.619+0000] {logging_mixin.py:188} INFO - [2026-05-09T11:23:44.619+0000] {dagbag.py:545} INFO - Filling up the DagBag from /home/vscode/.local/lib/python3.11/site-packages/airflow/example_dags/example_latest_only.py
[2026-05-09T11:23:44.625+0000] {processor.py:840} INFO - DAG(s) 'latest_only' retrieved from /home/vscode/.local/lib/python3.11/site-packages/airflow/example_dags/example_latest_only.py
[2026-05-09T11:23:44.655+0000] {logging_mixin.py:188} INFO - [2026-05-09T11:23:44.654+0000] {dag.py:3096} INFO - Sync 1 DAGs
[2026-05-09T11:23:44.673+0000] {logging_mixin.py:188} INFO - [2026-05-09T11:23:44.673+0000] {dag.py:3954} INFO - Setting next_dagrun for latest_only to 2026-05-09 04:00:00+00:00, run_after=2026-05-09 08:00:00+00:00
[2026-05-09T11:23:44.688+0000] {processor.py:183} INFO - Processing /home/vscode/.local/lib/python3.11/site-packages/airflow/example_dags/example_latest_only.py took 0.082 seconds
[2026-05-09T11:24:44.119+0000] {processor.py:161} INFO - Started process (PID=10951) to work on /home/vscode/.local/lib/python3.11/site-packages/airflow/example_dags/example_latest_only.py
[2026-05-09T11:24:44.119+0000] {processor.py:830} INFO - Processing file /home/vscode/.local/lib/python3.11/site-packages/airflow/example_dags/example_latest_only.py for tasks to queue
[2026-05-09T11:24:44.120+0000] {logging_mixin.py:188} INFO - [2026-05-09T11:24:44.119+0000] {dagbag.py:545} INFO - Filling up the DagBag from /home/vscode/.local/lib/python3.11/site-packages/airflow/example_dags/example_latest_only.py
[2026-05-09T11:24:44.123+0000] {processor.py:840} INFO - DAG(s) 'latest_only' retrieved from /home/vscode/.local/lib/python3.11/site-packages/airflow/example_dags/example_latest_only.py
[2026-05-09T11:24:44.134+0000] {logging_mixin.py:188} INFO - [2026-05-09T11:24:44.133+0000] {dag.py:3096} INFO - Sync 1 DAGs
[2026-05-09T11:24:44.147+0000] {logging_mixin.py:188} INFO - [2026-05-09T11:24:44.147+0000] {dag.py:3954} INFO - Setting next_dagrun for latest_only to 2026-05-09 04:00:00+00:00, run_after=2026-05-09 08:00:00+00:00
[2026-05-09T11:24:44.162+0000] {processor.py:183} INFO - Processing /home/vscode/.local/lib/python3.11/site-packages/airflow/example_dags/example_latest_only.py took 0.050 seconds
[2026-05-09T11:25:45.835+0000] {processor.py:161} INFO - Started process (PID=11540) to work on /home/vscode/.local/lib/python3.11/site-packages/airflow/example_dags/example_latest_only.py
[2026-05-09T11:25:45.835+0000] {processor.py:830} INFO - Processing file /home/vscode/.local/lib/python3.11/site-packages/airflow/example_dags/example_latest_only.py for tasks to queue
[2026-05-09T11:25:45.836+0000] {logging_mixin.py:188} INFO - [2026-05-09T11:25:45.836+0000] {dagbag.py:545} INFO - Filling up the DagBag from /home/vscode/.local/lib/python3.11/site-packages/airflow/example_dags/example_latest_only.py
[2026-05-09T11:25:45.840+0000] {processor.py:840} INFO - DAG(s) 'latest_only' retrieved from /home/vscode/.local/lib/python3.11/site-packages/airflow/example_dags/example_latest_only.py
[2026-05-09T11:25:45.850+0000] {logging_mixin.py:188} INFO - [2026-05-09T11:25:45.850+0000] {dag.py:3096} INFO - Sync 1 DAGs
[2026-05-09T11:25:45.864+0000] {logging_mixin.py:188} INFO - [2026-05-09T11:25:45.864+0000] {dag.py:3954} INFO - Setting next_dagrun for latest_only to 2026-05-09 04:00:00+00:00, run_after=2026-05-09 08:00:00+00:00
[2026-05-09T11:25:45.879+0000] {processor.py:183} INFO - Processing /home/vscode/.local/lib/python3.11/site-packages/airflow/example_dags/example_latest_only.py took 0.051 seconds
[2026-05-09T11:26:45.754+0000] {processor.py:161} INFO - Started process (PID=12152) to work on /home/vscode/.local/lib/python3.11/site-packages/airflow/example_dags/example_latest_only.py
[2026-05-09T11:26:45.755+0000] {processor.py:830} INFO - Processing file /home/vscode/.local/lib/python3.11/site-packages/airflow/example_dags/example_latest_only.py for tasks to queue
[2026-05-09T11:26:45.755+0000] {logging_mixin.py:188} INFO - [2026-05-09T11:26:45.755+0000] {dagbag.py:545} INFO - Filling up the DagBag from /home/vscode/.local/lib/python3.11/site-packages/airflow/example_dags/example_latest_only.py
[2026-05-09T11:26:45.759+0000] {processor.py:840} INFO - DAG(s) 'latest_only' retrieved from /home/vscode/.local/lib/python3.11/site-packages/airflow/example_dags/example_latest_only.py
[2026-05-09T11:26:45.770+0000] {logging_mixin.py:188} INFO - [2026-05-09T11:26:45.770+0000] {dag.py:3096} INFO - Sync 1 DAGs
[2026-05-09T11:26:45.785+0000] {logging_mixin.py:188} INFO - [2026-05-09T11:26:45.785+0000] {dag.py:3954} INFO - Setting next_dagrun for latest_only to 2026-05-09 04:00:00+00:00, run_after=2026-05-09 08:00:00+00:00
[2026-05-09T11:26:45.804+0000] {processor.py:183} INFO - Processing /home/vscode/.local/lib/python3.11/site-packages/airflow/example_dags/example_latest_only.py took 0.063 seconds
[2026-05-09T11:27:45.353+0000] {processor.py:161} INFO - Started process (PID=12878) to work on /home/vscode/.local/lib/python3.11/site-packages/airflow/example_dags/example_latest_only.py
[2026-05-09T11:27:45.354+0000] {processor.py:830} INFO - Processing file /home/vscode/.local/lib/python3.11/site-packages/airflow/example_dags/example_latest_only.py for tasks to queue
[2026-05-09T11:27:45.354+0000] {logging_mixin.py:188} INFO - [2026-05-09T11:27:45.354+0000] {dagbag.py:545} INFO - Filling up the DagBag from /home/vscode/.local/lib/python3.11/site-packages/airflow/example_dags/example_latest_only.py
[2026-05-09T11:27:45.358+0000] {processor.py:840} INFO - DAG(s) 'latest_only' retrieved from /home/vscode/.local/lib/python3.11/site-packages/airflow/example_dags/example_latest_only.py
[2026-05-09T11:27:45.370+0000] {logging_mixin.py:188} INFO - [2026-05-09T11:27:45.370+0000] {dag.py:3096} INFO - Sync 1 DAGs
[2026-05-09T11:27:45.384+0000] {logging_mixin.py:188} INFO - [2026-05-09T11:27:45.384+0000] {dag.py:3954} INFO - Setting next_dagrun for latest_only to 2026-05-09 04:00:00+00:00, run_after=2026-05-09 08:00:00+00:00
[2026-05-09T11:27:45.399+0000] {processor.py:183} INFO - Processing /home/vscode/.local/lib/python3.11/site-packages/airflow/example_dags/example_latest_only.py took 0.053 seconds
[2026-05-09T11:28:44.951+0000] {processor.py:161} INFO - Started process (PID=13623) to work on /home/vscode/.local/lib/python3.11/site-packages/airflow/example_dags/example_latest_only.py
[2026-05-09T11:28:44.951+0000] {processor.py:830} INFO - Processing file /home/vscode/.local/lib/python3.11/site-packages/airflow/example_dags/example_latest_only.py for tasks to queue
[2026-05-09T11:28:44.952+0000] {logging_mixin.py:188} INFO - [2026-05-09T11:28:44.951+0000] {dagbag.py:545} INFO - Filling up the DagBag from /home/vscode/.local/lib/python3.11/site-packages/airflow/example_dags/example_latest_only.py
[2026-05-09T11:28:44.955+0000] {processor.py:840} INFO - DAG(s) 'latest_only' retrieved from /home/vscode/.local/lib/python3.11/site-packages/airflow/example_dags/example_latest_only.py
[2026-05-09T11:28:44.966+0000] {logging_mixin.py:188} INFO - [2026-05-09T11:28:44.966+0000] {dag.py:3096} INFO - Sync 1 DAGs
[2026-05-09T11:28:44.980+0000] {logging_mixin.py:188} INFO - [2026-05-09T11:28:44.980+0000] {dag.py:3954} INFO - Setting next_dagrun for latest_only to 2026-05-09 04:00:00+00:00, run_after=2026-05-09 08:00:00+00:00
[2026-05-09T11:28:44.997+0000] {processor.py:183} INFO - Processing /home/vscode/.local/lib/python3.11/site-packages/airflow/example_dags/example_latest_only.py took 0.052 seconds
[2026-05-09T11:29:48.939+0000] {processor.py:161} INFO - Started process (PID=14166) to work on /home/vscode/.local/lib/python3.11/site-packages/airflow/example_dags/example_latest_only.py
[2026-05-09T11:29:48.940+0000] {processor.py:830} INFO - Processing file /home/vscode/.local/lib/python3.11/site-packages/airflow/example_dags/example_latest_only.py for tasks to queue
[2026-05-09T11:29:48.940+0000] {logging_mixin.py:188} INFO - [2026-05-09T11:29:48.940+0000] {dagbag.py:545} INFO - Filling up the DagBag from /home/vscode/.local/lib/python3.11/site-packages/airflow/example_dags/example_latest_only.py
[2026-05-09T11:29:48.944+0000] {processor.py:840} INFO - DAG(s) 'latest_only' retrieved from /home/vscode/.local/lib/python3.11/site-packages/airflow/example_dags/example_latest_only.py
[2026-05-09T11:29:48.955+0000] {logging_mixin.py:188} INFO - [2026-05-09T11:29:48.955+0000] {dag.py:3096} INFO - Sync 1 DAGs
[2026-05-09T11:29:48.970+0000] {logging_mixin.py:188} INFO - [2026-05-09T11:29:48.970+0000] {dag.py:3954} INFO - Setting next_dagrun for latest_only to 2026-05-09 04:00:00+00:00, run_after=2026-05-09 08:00:00+00:00
[2026-05-09T11:29:48.986+0000] {processor.py:183} INFO - Processing /home/vscode/.local/lib/python3.11/site-packages/airflow/example_dags/example_latest_only.py took 0.053 seconds
[2026-05-09T11:30:50.839+0000] {processor.py:161} INFO - Started process (PID=14947) to work on /home/vscode/.local/lib/python3.11/site-packages/airflow/example_dags/example_latest_only.py
[2026-05-09T11:30:50.840+0000] {processor.py:830} INFO - Processing file /home/vscode/.local/lib/python3.11/site-packages/airflow/example_dags/example_latest_only.py for tasks to queue
[2026-05-09T11:30:50.840+0000] {logging_mixin.py:188} INFO - [2026-05-09T11:30:50.840+0000] {dagbag.py:545} INFO - Filling up the DagBag from /home/vscode/.local/lib/python3.11/site-packages/airflow/example_dags/example_latest_only.py
[2026-05-09T11:30:50.844+0000] {processor.py:840} INFO - DAG(s) 'latest_only' retrieved from /home/vscode/.local/lib/python3.11/site-packages/airflow/example_dags/example_latest_only.py
[2026-05-09T11:30:50.855+0000] {logging_mixin.py:188} INFO - [2026-05-09T11:30:50.855+0000] {dag.py:3096} INFO - Sync 1 DAGs
[2026-05-09T11:30:50.871+0000] {logging_mixin.py:188} INFO - [2026-05-09T11:30:50.871+0000] {dag.py:3954} INFO - Setting next_dagrun for latest_only to 2026-05-09 04:00:00+00:00, run_after=2026-05-09 08:00:00+00:00
[2026-05-09T11:30:50.887+0000] {processor.py:183} INFO - Processing /home/vscode/.local/lib/python3.11/site-packages/airflow/example_dags/example_latest_only.py took 0.055 seconds
[2026-05-09T11:31:52.195+0000] {processor.py:161} INFO - Started process (PID=15631) to work on /home/vscode/.local/lib/python3.11/site-packages/airflow/example_dags/example_latest_only.py
[2026-05-09T11:31:52.196+0000] {processor.py:830} INFO - Processing file /home/vscode/.local/lib/python3.11/site-packages/airflow/example_dags/example_latest_only.py for tasks to queue
[2026-05-09T11:31:52.196+0000] {logging_mixin.py:188} INFO - [2026-05-09T11:31:52.196+0000] {dagbag.py:545} INFO - Filling up the DagBag from /home/vscode/.local/lib/python3.11/site-packages/airflow/example_dags/example_latest_only.py
[2026-05-09T11:31:52.200+0000] {processor.py:840} INFO - DAG(s) 'latest_only' retrieved from /home/vscode/.local/lib/python3.11/site-packages/airflow/example_dags/example_latest_only.py
[2026-05-09T11:31:52.211+0000] {logging_mixin.py:188} INFO - [2026-05-09T11:31:52.211+0000] {dag.py:3096} INFO - Sync 1 DAGs
[2026-05-09T11:31:52.225+0000] {logging_mixin.py:188} INFO - [2026-05-09T11:31:52.225+0000] {dag.py:3954} INFO - Setting next_dagrun for latest_only to 2026-05-09 04:00:00+00:00, run_after=2026-05-09 08:00:00+00:00
[2026-05-09T11:31:52.242+0000] {processor.py:183} INFO - Processing /home/vscode/.local/lib/python3.11/site-packages/airflow/example_dags/example_latest_only.py took 0.054 seconds
[2026-05-09T11:32:58.813+0000] {processor.py:161} INFO - Started process (PID=16168) to work on /home/vscode/.local/lib/python3.11/site-packages/airflow/example_dags/example_latest_only.py
[2026-05-09T11:32:58.814+0000] {processor.py:830} INFO - Processing file /home/vscode/.local/lib/python3.11/site-packages/airflow/example_dags/example_latest_only.py for tasks to queue
[2026-05-09T11:32:58.814+0000] {logging_mixin.py:188} INFO - [2026-05-09T11:32:58.814+0000] {dagbag.py:545} INFO - Filling up the DagBag from /home/vscode/.local/lib/python3.11/site-packages/airflow/example_dags/example_latest_only.py
[2026-05-09T11:32:58.818+0000] {processor.py:840} INFO - DAG(s) 'latest_only' retrieved from /home/vscode/.local/lib/python3.11/site-packages/airflow/example_dags/example_latest_only.py
[2026-05-09T11:32:58.831+0000] {logging_mixin.py:188} INFO - [2026-05-09T11:32:58.831+0000] {dag.py:3096} INFO - Sync 1 DAGs
[2026-05-09T11:32:58.847+0000] {logging_mixin.py:188} INFO - [2026-05-09T11:32:58.847+0000] {dag.py:3954} INFO - Setting next_dagrun for latest_only to 2026-05-09 04:00:00+00:00, run_after=2026-05-09 08:00:00+00:00
[2026-05-09T11:32:58.866+0000] {processor.py:183} INFO - Processing /home/vscode/.local/lib/python3.11/site-packages/airflow/example_dags/example_latest_only.py took 0.060 seconds
[2026-05-09T11:34:01.940+0000] {processor.py:161} INFO - Started process (PID=16766) to work on /home/vscode/.local/lib/python3.11/site-packages/airflow/example_dags/example_latest_only.py
[2026-05-09T11:34:01.941+0000] {processor.py:830} INFO - Processing file /home/vscode/.local/lib/python3.11/site-packages/airflow/example_dags/example_latest_only.py for tasks to queue
[2026-05-09T11:34:01.941+0000] {logging_mixin.py:188} INFO - [2026-05-09T11:34:01.941+0000] {dagbag.py:545} INFO - Filling up the DagBag from /home/vscode/.local/lib/python3.11/site-packages/airflow/example_dags/example_latest_only.py
[2026-05-09T11:34:01.946+0000] {processor.py:840} INFO - DAG(s) 'latest_only' retrieved from /home/vscode/.local/lib/python3.11/site-packages/airflow/example_dags/example_latest_only.py
[2026-05-09T11:34:01.957+0000] {logging_mixin.py:188} INFO - [2026-05-09T11:34:01.957+0000] {dag.py:3096} INFO - Sync 1 DAGs
[2026-05-09T11:34:01.971+0000] {logging_mixin.py:188} INFO - [2026-05-09T11:34:01.971+0000] {dag.py:3954} INFO - Setting next_dagrun for latest_only to 2026-05-09 04:00:00+00:00, run_after=2026-05-09 08:00:00+00:00
[2026-05-09T11:34:01.989+0000] {processor.py:183} INFO - Processing /home/vscode/.local/lib/python3.11/site-packages/airflow/example_dags/example_latest_only.py took 0.056 seconds
[2026-05-09T11:35:03.178+0000] {processor.py:161} INFO - Started process (PID=17283) to work on /home/vscode/.local/lib/python3.11/site-packages/airflow/example_dags/example_latest_only.py
[2026-05-09T11:35:03.179+0000] {processor.py:830} INFO - Processing file /home/vscode/.local/lib/python3.11/site-packages/airflow/example_dags/example_latest_only.py for tasks to queue
[2026-05-09T11:35:03.180+0000] {logging_mixin.py:188} INFO - [2026-05-09T11:35:03.179+0000] {dagbag.py:545} INFO - Filling up the DagBag from /home/vscode/.local/lib/python3.11/site-packages/airflow/example_dags/example_latest_only.py
[2026-05-09T11:35:03.185+0000] {processor.py:840} INFO - DAG(s) 'latest_only' retrieved from /home/vscode/.local/lib/python3.11/site-packages/airflow/example_dags/example_latest_only.py
[2026-05-09T11:35:03.198+0000] {logging_mixin.py:188} INFO - [2026-05-09T11:35:03.198+0000] {dag.py:3096} INFO - Sync 1 DAGs
[2026-05-09T11:35:03.212+0000] {logging_mixin.py:188} INFO - [2026-05-09T11:35:03.212+0000] {dag.py:3954} INFO - Setting next_dagrun for latest_only to 2026-05-09 04:00:00+00:00, run_after=2026-05-09 08:00:00+00:00
[2026-05-09T11:35:03.228+0000] {processor.py:183} INFO - Processing /home/vscode/.local/lib/python3.11/site-packages/airflow/example_dags/example_latest_only.py took 0.060 seconds
[2026-05-09T11:36:02.012+0000] {processor.py:161} INFO - Started process (PID=17775) to work on /home/vscode/.local/lib/python3.11/site-packages/airflow/example_dags/example_latest_only.py
[2026-05-09T11:36:02.013+0000] {processor.py:830} INFO - Processing file /home/vscode/.local/lib/python3.11/site-packages/airflow/example_dags/example_latest_only.py for tasks to queue
[2026-05-09T11:36:02.014+0000] {logging_mixin.py:188} INFO - [2026-05-09T11:36:02.014+0000] {dagbag.py:545} INFO - Filling up the DagBag from /home/vscode/.local/lib/python3.11/site-packages/airflow/example_dags/example_latest_only.py
[2026-05-09T11:36:02.019+0000] {processor.py:840} INFO - DAG(s) 'latest_only' retrieved from /home/vscode/.local/lib/python3.11/site-packages/airflow/example_dags/example_latest_only.py
[2026-05-09T11:36:02.036+0000] {logging_mixin.py:188} INFO - [2026-05-09T11:36:02.036+0000] {dag.py:3096} INFO - Sync 1 DAGs
[2026-05-09T11:36:02.060+0000] {logging_mixin.py:188} INFO - [2026-05-09T11:36:02.060+0000] {dag.py:3954} INFO - Setting next_dagrun for latest_only to 2026-05-09 04:00:00+00:00, run_after=2026-05-09 08:00:00+00:00
[2026-05-09T11:36:02.092+0000] {processor.py:183} INFO - Processing /home/vscode/.local/lib/python3.11/site-packages/airflow/example_dags/example_latest_only.py took 0.091 seconds
[2026-05-09T11:37:03.727+0000] {processor.py:161} INFO - Started process (PID=18299) to work on /home/vscode/.local/lib/python3.11/site-packages/airflow/example_dags/example_latest_only.py
[2026-05-09T11:37:03.727+0000] {processor.py:830} INFO - Processing file /home/vscode/.local/lib/python3.11/site-packages/airflow/example_dags/example_latest_only.py for tasks to queue
[2026-05-09T11:37:03.728+0000] {logging_mixin.py:188} INFO - [2026-05-09T11:37:03.727+0000] {dagbag.py:545} INFO - Filling up the DagBag from /home/vscode/.local/lib/python3.11/site-packages/airflow/example_dags/example_latest_only.py
[2026-05-09T11:37:03.732+0000] {processor.py:840} INFO - DAG(s) 'latest_only' retrieved from /home/vscode/.local/lib/python3.11/site-packages/airflow/example_dags/example_latest_only.py
[2026-05-09T11:37:03.743+0000] {logging_mixin.py:188} INFO - [2026-05-09T11:37:03.743+0000] {dag.py:3096} INFO - Sync 1 DAGs
[2026-05-09T11:37:03.762+0000] {logging_mixin.py:188} INFO - [2026-05-09T11:37:03.761+0000] {dag.py:3954} INFO - Setting next_dagrun for latest_only to 2026-05-09 04:00:00+00:00, run_after=2026-05-09 08:00:00+00:00
[2026-05-09T11:37:03.778+0000] {processor.py:183} INFO - Processing /home/vscode/.local/lib/python3.11/site-packages/airflow/example_dags/example_latest_only.py took 0.058 seconds
[2026-05-09T11:38:06.580+0000] {processor.py:161} INFO - Started process (PID=19209) to work on /home/vscode/.local/lib/python3.11/site-packages/airflow/example_dags/example_latest_only.py
[2026-05-09T11:38:06.580+0000] {processor.py:830} INFO - Processing file /home/vscode/.local/lib/python3.11/site-packages/airflow/example_dags/example_latest_only.py for tasks to queue
[2026-05-09T11:38:06.581+0000] {logging_mixin.py:188} INFO - [2026-05-09T11:38:06.581+0000] {dagbag.py:545} INFO - Filling up the DagBag from /home/vscode/.local/lib/python3.11/site-packages/airflow/example_dags/example_latest_only.py
[2026-05-09T11:38:06.585+0000] {processor.py:840} INFO - DAG(s) 'latest_only' retrieved from /home/vscode/.local/lib/python3.11/site-packages/airflow/example_dags/example_latest_only.py
[2026-05-09T11:38:06.597+0000] {logging_mixin.py:188} INFO - [2026-05-09T11:38:06.597+0000] {dag.py:3096} INFO - Sync 1 DAGs
[2026-05-09T11:38:06.611+0000] {logging_mixin.py:188} INFO - [2026-05-09T11:38:06.611+0000] {dag.py:3954} INFO - Setting next_dagrun for latest_only to 2026-05-09 04:00:00+00:00, run_after=2026-05-09 08:00:00+00:00
[2026-05-09T11:38:06.627+0000] {processor.py:183} INFO - Processing /home/vscode/.local/lib/python3.11/site-packages/airflow/example_dags/example_latest_only.py took 0.054 seconds
[2026-05-09T11:39:07.100+0000] {processor.py:161} INFO - Started process (PID=19817) to work on /home/vscode/.local/lib/python3.11/site-packages/airflow/example_dags/example_latest_only.py
[2026-05-09T11:39:07.101+0000] {processor.py:830} INFO - Processing file /home/vscode/.local/lib/python3.11/site-packages/airflow/example_dags/example_latest_only.py for tasks to queue
[2026-05-09T11:39:07.102+0000] {logging_mixin.py:188} INFO - [2026-05-09T11:39:07.102+0000] {dagbag.py:545} INFO - Filling up the DagBag from /home/vscode/.local/lib/python3.11/site-packages/airflow/example_dags/example_latest_only.py
[2026-05-09T11:39:07.107+0000] {processor.py:840} INFO - DAG(s) 'latest_only' retrieved from /home/vscode/.local/lib/python3.11/site-packages/airflow/example_dags/example_latest_only.py
[2026-05-09T11:39:07.125+0000] {logging_mixin.py:188} INFO - [2026-05-09T11:39:07.124+0000] {dag.py:3096} INFO - Sync 1 DAGs
[2026-05-09T11:39:07.145+0000] {logging_mixin.py:188} INFO - [2026-05-09T11:39:07.145+0000] {dag.py:3954} INFO - Setting next_dagrun for latest_only to 2026-05-09 04:00:00+00:00, run_after=2026-05-09 08:00:00+00:00
[2026-05-09T11:39:07.168+0000] {processor.py:183} INFO - Processing /home/vscode/.local/lib/python3.11/site-packages/airflow/example_dags/example_latest_only.py took 0.077 seconds
[2026-05-09T11:40:07.724+0000] {processor.py:161} INFO - Started process (PID=20522) to work on /home/vscode/.local/lib/python3.11/site-packages/airflow/example_dags/example_latest_only.py
[2026-05-09T11:40:07.725+0000] {processor.py:830} INFO - Processing file /home/vscode/.local/lib/python3.11/site-packages/airflow/example_dags/example_latest_only.py for tasks to queue
[2026-05-09T11:40:07.725+0000] {logging_mixin.py:188} INFO - [2026-05-09T11:40:07.725+0000] {dagbag.py:545} INFO - Filling up the DagBag from /home/vscode/.local/lib/python3.11/site-packages/airflow/example_dags/example_latest_only.py
[2026-05-09T11:40:07.729+0000] {processor.py:840} INFO - DAG(s) 'latest_only' retrieved from /home/vscode/.local/lib/python3.11/site-packages/airflow/example_dags/example_latest_only.py
[2026-05-09T11:40:07.740+0000] {logging_mixin.py:188} INFO - [2026-05-09T11:40:07.740+0000] {dag.py:3096} INFO - Sync 1 DAGs
[2026-05-09T11:40:07.754+0000] {logging_mixin.py:188} INFO - [2026-05-09T11:40:07.754+0000] {dag.py:3954} INFO - Setting next_dagrun for latest_only to 2026-05-09 04:00:00+00:00, run_after=2026-05-09 08:00:00+00:00
[2026-05-09T11:40:07.770+0000] {processor.py:183} INFO - Processing /home/vscode/.local/lib/python3.11/site-packages/airflow/example_dags/example_latest_only.py took 0.053 seconds
[2026-05-09T11:41:11.142+0000] {processor.py:161} INFO - Started process (PID=21183) to work on /home/vscode/.local/lib/python3.11/site-packages/airflow/example_dags/example_latest_only.py
[2026-05-09T11:41:11.142+0000] {processor.py:830} INFO - Processing file /home/vscode/.local/lib/python3.11/site-packages/airflow/example_dags/example_latest_only.py for tasks to queue
[2026-05-09T11:41:11.143+0000] {logging_mixin.py:188} INFO - [2026-05-09T11:41:11.143+0000] {dagbag.py:545} INFO - Filling up the DagBag from /home/vscode/.local/lib/python3.11/site-packages/airflow/example_dags/example_latest_only.py
[2026-05-09T11:41:11.147+0000] {processor.py:840} INFO - DAG(s) 'latest_only' retrieved from /home/vscode/.local/lib/python3.11/site-packages/airflow/example_dags/example_latest_only.py
[2026-05-09T11:41:11.158+0000] {logging_mixin.py:188} INFO - [2026-05-09T11:41:11.157+0000] {dag.py:3096} INFO - Sync 1 DAGs
[2026-05-09T11:41:11.171+0000] {logging_mixin.py:188} INFO - [2026-05-09T11:41:11.171+0000] {dag.py:3954} INFO - Setting next_dagrun for latest_only to 2026-05-09 04:00:00+00:00, run_after=2026-05-09 08:00:00+00:00
[2026-05-09T11:41:11.187+0000] {processor.py:183} INFO - Processing /home/vscode/.local/lib/python3.11/site-packages/airflow/example_dags/example_latest_only.py took 0.052 seconds
[2026-05-09T11:42:18.146+0000] {processor.py:161} INFO - Started process (PID=21726) to work on /home/vscode/.local/lib/python3.11/site-packages/airflow/example_dags/example_latest_only.py
[2026-05-09T11:42:18.146+0000] {processor.py:830} INFO - Processing file /home/vscode/.local/lib/python3.11/site-packages/airflow/example_dags/example_latest_only.py for tasks to queue
[2026-05-09T11:42:18.147+0000] {logging_mixin.py:188} INFO - [2026-05-09T11:42:18.147+0000] {dagbag.py:545} INFO - Filling up the DagBag from /home/vscode/.local/lib/python3.11/site-packages/airflow/example_dags/example_latest_only.py
[2026-05-09T11:42:18.151+0000] {processor.py:840} INFO - DAG(s) 'latest_only' retrieved from /home/vscode/.local/lib/python3.11/site-packages/airflow/example_dags/example_latest_only.py
[2026-05-09T11:42:18.163+0000] {logging_mixin.py:188} INFO - [2026-05-09T11:42:18.163+0000] {dag.py:3096} INFO - Sync 1 DAGs
[2026-05-09T11:42:18.177+0000] {logging_mixin.py:188} INFO - [2026-05-09T11:42:18.177+0000] {dag.py:3954} INFO - Setting next_dagrun for latest_only to 2026-05-09 04:00:00+00:00, run_after=2026-05-09 08:00:00+00:00
[2026-05-09T11:42:18.194+0000] {processor.py:183} INFO - Processing /home/vscode/.local/lib/python3.11/site-packages/airflow/example_dags/example_latest_only.py took 0.057 seconds
[2026-05-09T11:43:24.467+0000] {processor.py:161} INFO - Started process (PID=22277) to work on /home/vscode/.local/lib/python3.11/site-packages/airflow/example_dags/example_latest_only.py
[2026-05-09T11:43:24.468+0000] {processor.py:830} INFO - Processing file /home/vscode/.local/lib/python3.11/site-packages/airflow/example_dags/example_latest_only.py for tasks to queue
[2026-05-09T11:43:24.468+0000] {logging_mixin.py:188} INFO - [2026-05-09T11:43:24.468+0000] {dagbag.py:545} INFO - Filling up the DagBag from /home/vscode/.local/lib/python3.11/site-packages/airflow/example_dags/example_latest_only.py
[2026-05-09T11:43:24.472+0000] {processor.py:840} INFO - DAG(s) 'latest_only' retrieved from /home/vscode/.local/lib/python3.11/site-packages/airflow/example_dags/example_latest_only.py
[2026-05-09T11:43:24.484+0000] {logging_mixin.py:188} INFO - [2026-05-09T11:43:24.484+0000] {dag.py:3096} INFO - Sync 1 DAGs
[2026-05-09T11:43:24.498+0000] {logging_mixin.py:188} INFO - [2026-05-09T11:43:24.498+0000] {dag.py:3954} INFO - Setting next_dagrun for latest_only to 2026-05-09 04:00:00+00:00, run_after=2026-05-09 08:00:00+00:00
[2026-05-09T11:43:24.513+0000] {processor.py:183} INFO - Processing /home/vscode/.local/lib/python3.11/site-packages/airflow/example_dags/example_latest_only.py took 0.053 seconds
[2026-05-09T11:44:25.816+0000] {processor.py:161} INFO - Started process (PID=22860) to work on /home/vscode/.local/lib/python3.11/site-packages/airflow/example_dags/example_latest_only.py
[2026-05-09T11:44:25.817+0000] {processor.py:830} INFO - Processing file /home/vscode/.local/lib/python3.11/site-packages/airflow/example_dags/example_latest_only.py for tasks to queue
[2026-05-09T11:44:25.819+0000] {logging_mixin.py:188} INFO - [2026-05-09T11:44:25.819+0000] {dagbag.py:545} INFO - Filling up the DagBag from /home/vscode/.local/lib/python3.11/site-packages/airflow/example_dags/example_latest_only.py
[2026-05-09T11:44:25.828+0000] {processor.py:840} INFO - DAG(s) 'latest_only' retrieved from /home/vscode/.local/lib/python3.11/site-packages/airflow/example_dags/example_latest_only.py
[2026-05-09T11:44:25.847+0000] {logging_mixin.py:188} INFO - [2026-05-09T11:44:25.846+0000] {dag.py:3096} INFO - Sync 1 DAGs
[2026-05-09T11:44:25.876+0000] {logging_mixin.py:188} INFO - [2026-05-09T11:44:25.876+0000] {dag.py:3954} INFO - Setting next_dagrun for latest_only to 2026-05-09 04:00:00+00:00, run_after=2026-05-09 08:00:00+00:00
[2026-05-09T11:44:25.925+0000] {processor.py:183} INFO - Processing /home/vscode/.local/lib/python3.11/site-packages/airflow/example_dags/example_latest_only.py took 0.120 seconds
[2026-05-09T11:45:31.031+0000] {processor.py:161} INFO - Started process (PID=23405) to work on /home/vscode/.local/lib/python3.11/site-packages/airflow/example_dags/example_latest_only.py
[2026-05-09T11:45:31.032+0000] {processor.py:830} INFO - Processing file /home/vscode/.local/lib/python3.11/site-packages/airflow/example_dags/example_latest_only.py for tasks to queue
[2026-05-09T11:45:31.032+0000] {logging_mixin.py:188} INFO - [2026-05-09T11:45:31.032+0000] {dagbag.py:545} INFO - Filling up the DagBag from /home/vscode/.local/lib/python3.11/site-packages/airflow/example_dags/example_latest_only.py
[2026-05-09T11:45:31.036+0000] {processor.py:840} INFO - DAG(s) 'latest_only' retrieved from /home/vscode/.local/lib/python3.11/site-packages/airflow/example_dags/example_latest_only.py
[2026-05-09T11:45:31.047+0000] {logging_mixin.py:188} INFO - [2026-05-09T11:45:31.047+0000] {dag.py:3096} INFO - Sync 1 DAGs
[2026-05-09T11:45:31.061+0000] {logging_mixin.py:188} INFO - [2026-05-09T11:45:31.061+0000] {dag.py:3954} INFO - Setting next_dagrun for latest_only to 2026-05-09 04:00:00+00:00, run_after=2026-05-09 08:00:00+00:00
[2026-05-09T11:45:31.077+0000] {processor.py:183} INFO - Processing /home/vscode/.local/lib/python3.11/site-packages/airflow/example_dags/example_latest_only.py took 0.053 seconds
[2026-05-09T11:46:34.928+0000] {processor.py:161} INFO - Started process (PID=23987) to work on /home/vscode/.local/lib/python3.11/site-packages/airflow/example_dags/example_latest_only.py
[2026-05-09T11:46:34.929+0000] {processor.py:830} INFO - Processing file /home/vscode/.local/lib/python3.11/site-packages/airflow/example_dags/example_latest_only.py for tasks to queue
[2026-05-09T11:46:34.929+0000] {logging_mixin.py:188} INFO - [2026-05-09T11:46:34.929+0000] {dagbag.py:545} INFO - Filling up the DagBag from /home/vscode/.local/lib/python3.11/site-packages/airflow/example_dags/example_latest_only.py
[2026-05-09T11:46:34.933+0000] {processor.py:840} INFO - DAG(s) 'latest_only' retrieved from /home/vscode/.local/lib/python3.11/site-packages/airflow/example_dags/example_latest_only.py
[2026-05-09T11:46:34.944+0000] {logging_mixin.py:188} INFO - [2026-05-09T11:46:34.944+0000] {dag.py:3096} INFO - Sync 1 DAGs
[2026-05-09T11:46:34.960+0000] {logging_mixin.py:188} INFO - [2026-05-09T11:46:34.959+0000] {dag.py:3954} INFO - Setting next_dagrun for latest_only to 2026-05-09 04:00:00+00:00, run_after=2026-05-09 08:00:00+00:00
[2026-05-09T11:46:34.975+0000] {processor.py:183} INFO - Processing /home/vscode/.local/lib/python3.11/site-packages/airflow/example_dags/example_latest_only.py took 0.054 seconds
[2026-05-09T11:47:40.970+0000] {processor.py:161} INFO - Started process (PID=24680) to work on /home/vscode/.local/lib/python3.11/site-packages/airflow/example_dags/example_latest_only.py
[2026-05-09T11:47:40.970+0000] {processor.py:830} INFO - Processing file /home/vscode/.local/lib/python3.11/site-packages/airflow/example_dags/example_latest_only.py for tasks to queue
[2026-05-09T11:47:40.971+0000] {logging_mixin.py:188} INFO - [2026-05-09T11:47:40.971+0000] {dagbag.py:545} INFO - Filling up the DagBag from /home/vscode/.local/lib/python3.11/site-packages/airflow/example_dags/example_latest_only.py
[2026-05-09T11:47:40.975+0000] {processor.py:840} INFO - DAG(s) 'latest_only' retrieved from /home/vscode/.local/lib/python3.11/site-packages/airflow/example_dags/example_latest_only.py
[2026-05-09T11:47:40.986+0000] {logging_mixin.py:188} INFO - [2026-05-09T11:47:40.986+0000] {dag.py:3096} INFO - Sync 1 DAGs
[2026-05-09T11:47:41.000+0000] {logging_mixin.py:188} INFO - [2026-05-09T11:47:41.000+0000] {dag.py:3954} INFO - Setting next_dagrun for latest_only to 2026-05-09 04:00:00+00:00, run_after=2026-05-09 08:00:00+00:00
[2026-05-09T11:47:41.016+0000] {processor.py:183} INFO - Processing /home/vscode/.local/lib/python3.11/site-packages/airflow/example_dags/example_latest_only.py took 0.053 seconds
[2026-05-09T11:48:46.666+0000] {processor.py:161} INFO - Started process (PID=25273) to work on /home/vscode/.local/lib/python3.11/site-packages/airflow/example_dags/example_latest_only.py
[2026-05-09T11:48:46.667+0000] {processor.py:830} INFO - Processing file /home/vscode/.local/lib/python3.11/site-packages/airflow/example_dags/example_latest_only.py for tasks to queue
[2026-05-09T11:48:46.668+0000] {logging_mixin.py:188} INFO - [2026-05-09T11:48:46.667+0000] {dagbag.py:545} INFO - Filling up the DagBag from /home/vscode/.local/lib/python3.11/site-packages/airflow/example_dags/example_latest_only.py
[2026-05-09T11:48:46.672+0000] {processor.py:840} INFO - DAG(s) 'latest_only' retrieved from /home/vscode/.local/lib/python3.11/site-packages/airflow/example_dags/example_latest_only.py
[2026-05-09T11:48:46.683+0000] {logging_mixin.py:188} INFO - [2026-05-09T11:48:46.683+0000] {dag.py:3096} INFO - Sync 1 DAGs
[2026-05-09T11:48:46.699+0000] {logging_mixin.py:188} INFO - [2026-05-09T11:48:46.699+0000] {dag.py:3954} INFO - Setting next_dagrun for latest_only to 2026-05-09 04:00:00+00:00, run_after=2026-05-09 08:00:00+00:00
[2026-05-09T11:48:46.715+0000] {processor.py:183} INFO - Processing /home/vscode/.local/lib/python3.11/site-packages/airflow/example_dags/example_latest_only.py took 0.055 seconds
[2026-05-09T11:49:47.700+0000] {processor.py:161} INFO - Started process (PID=25843) to work on /home/vscode/.local/lib/python3.11/site-packages/airflow/example_dags/example_latest_only.py
[2026-05-09T11:49:47.700+0000] {processor.py:830} INFO - Processing file /home/vscode/.local/lib/python3.11/site-packages/airflow/example_dags/example_latest_only.py for tasks to queue
[2026-05-09T11:49:47.701+0000] {logging_mixin.py:188} INFO - [2026-05-09T11:49:47.701+0000] {dagbag.py:545} INFO - Filling up the DagBag from /home/vscode/.local/lib/python3.11/site-packages/airflow/example_dags/example_latest_only.py
[2026-05-09T11:49:47.705+0000] {processor.py:840} INFO - DAG(s) 'latest_only' retrieved from /home/vscode/.local/lib/python3.11/site-packages/airflow/example_dags/example_latest_only.py
[2026-05-09T11:49:47.716+0000] {logging_mixin.py:188} INFO - [2026-05-09T11:49:47.716+0000] {dag.py:3096} INFO - Sync 1 DAGs
[2026-05-09T11:49:47.730+0000] {logging_mixin.py:188} INFO - [2026-05-09T11:49:47.730+0000] {dag.py:3954} INFO - Setting next_dagrun for latest_only to 2026-05-09 04:00:00+00:00, run_after=2026-05-09 08:00:00+00:00
[2026-05-09T11:49:47.746+0000] {processor.py:183} INFO - Processing /home/vscode/.local/lib/python3.11/site-packages/airflow/example_dags/example_latest_only.py took 0.053 seconds
[2026-05-09T11:50:51.507+0000] {processor.py:161} INFO - Started process (PID=26492) to work on /home/vscode/.local/lib/python3.11/site-packages/airflow/example_dags/example_latest_only.py
[2026-05-09T11:50:51.512+0000] {processor.py:830} INFO - Processing file /home/vscode/.local/lib/python3.11/site-packages/airflow/example_dags/example_latest_only.py for tasks to queue
[2026-05-09T11:50:51.513+0000] {logging_mixin.py:188} INFO - [2026-05-09T11:50:51.513+0000] {dagbag.py:545} INFO - Filling up the DagBag from /home/vscode/.local/lib/python3.11/site-packages/airflow/example_dags/example_latest_only.py
[2026-05-09T11:50:51.526+0000] {processor.py:840} INFO - DAG(s) 'latest_only' retrieved from /home/vscode/.local/lib/python3.11/site-packages/airflow/example_dags/example_latest_only.py
[2026-05-09T11:50:51.547+0000] {logging_mixin.py:188} INFO - [2026-05-09T11:50:51.547+0000] {dag.py:3096} INFO - Sync 1 DAGs
[2026-05-09T11:50:51.578+0000] {logging_mixin.py:188} INFO - [2026-05-09T11:50:51.578+0000] {dag.py:3954} INFO - Setting next_dagrun for latest_only to 2026-05-09 04:00:00+00:00, run_after=2026-05-09 08:00:00+00:00
[2026-05-09T11:50:51.617+0000] {processor.py:183} INFO - Processing /home/vscode/.local/lib/python3.11/site-packages/airflow/example_dags/example_latest_only.py took 0.119 seconds
[2026-05-09T11:51:55.306+0000] {processor.py:161} INFO - Started process (PID=27205) to work on /home/vscode/.local/lib/python3.11/site-packages/airflow/example_dags/example_latest_only.py
[2026-05-09T11:51:55.307+0000] {processor.py:830} INFO - Processing file /home/vscode/.local/lib/python3.11/site-packages/airflow/example_dags/example_latest_only.py for tasks to queue
[2026-05-09T11:51:55.307+0000] {logging_mixin.py:188} INFO - [2026-05-09T11:51:55.307+0000] {dagbag.py:545} INFO - Filling up the DagBag from /home/vscode/.local/lib/python3.11/site-packages/airflow/example_dags/example_latest_only.py
[2026-05-09T11:51:55.311+0000] {processor.py:840} INFO - DAG(s) 'latest_only' retrieved from /home/vscode/.local/lib/python3.11/site-packages/airflow/example_dags/example_latest_only.py
[2026-05-09T11:51:55.322+0000] {logging_mixin.py:188} INFO - [2026-05-09T11:51:55.322+0000] {dag.py:3096} INFO - Sync 1 DAGs
[2026-05-09T11:51:55.336+0000] {logging_mixin.py:188} INFO - [2026-05-09T11:51:55.336+0000] {dag.py:3954} INFO - Setting next_dagrun for latest_only to 2026-05-09 04:00:00+00:00, run_after=2026-05-09 08:00:00+00:00
[2026-05-09T11:51:55.352+0000] {processor.py:183} INFO - Processing /home/vscode/.local/lib/python3.11/site-packages/airflow/example_dags/example_latest_only.py took 0.051 seconds
[2026-05-09T11:52:54.844+0000] {processor.py:161} INFO - Started process (PID=27692) to work on /home/vscode/.local/lib/python3.11/site-packages/airflow/example_dags/example_latest_only.py
[2026-05-09T11:52:54.845+0000] {processor.py:830} INFO - Processing file /home/vscode/.local/lib/python3.11/site-packages/airflow/example_dags/example_latest_only.py for tasks to queue
[2026-05-09T11:52:54.845+0000] {logging_mixin.py:188} INFO - [2026-05-09T11:52:54.845+0000] {dagbag.py:545} INFO - Filling up the DagBag from /home/vscode/.local/lib/python3.11/site-packages/airflow/example_dags/example_latest_only.py
[2026-05-09T11:52:54.849+0000] {processor.py:840} INFO - DAG(s) 'latest_only' retrieved from /home/vscode/.local/lib/python3.11/site-packages/airflow/example_dags/example_latest_only.py
[2026-05-09T11:52:54.860+0000] {logging_mixin.py:188} INFO - [2026-05-09T11:52:54.860+0000] {dag.py:3096} INFO - Sync 1 DAGs
[2026-05-09T11:52:54.874+0000] {logging_mixin.py:188} INFO - [2026-05-09T11:52:54.874+0000] {dag.py:3954} INFO - Setting next_dagrun for latest_only to 2026-05-09 04:00:00+00:00, run_after=2026-05-09 08:00:00+00:00
[2026-05-09T11:52:54.889+0000] {processor.py:183} INFO - Processing /home/vscode/.local/lib/python3.11/site-packages/airflow/example_dags/example_latest_only.py took 0.053 seconds
[2026-05-09T11:53:55.457+0000] {processor.py:161} INFO - Started process (PID=28277) to work on /home/vscode/.local/lib/python3.11/site-packages/airflow/example_dags/example_latest_only.py
[2026-05-09T11:53:55.458+0000] {processor.py:830} INFO - Processing file /home/vscode/.local/lib/python3.11/site-packages/airflow/example_dags/example_latest_only.py for tasks to queue
[2026-05-09T11:53:55.459+0000] {logging_mixin.py:188} INFO - [2026-05-09T11:53:55.458+0000] {dagbag.py:545} INFO - Filling up the DagBag from /home/vscode/.local/lib/python3.11/site-packages/airflow/example_dags/example_latest_only.py
[2026-05-09T11:53:55.462+0000] {processor.py:840} INFO - DAG(s) 'latest_only' retrieved from /home/vscode/.local/lib/python3.11/site-packages/airflow/example_dags/example_latest_only.py
[2026-05-09T11:53:55.473+0000] {logging_mixin.py:188} INFO - [2026-05-09T11:53:55.473+0000] {dag.py:3096} INFO - Sync 1 DAGs
[2026-05-09T11:53:55.487+0000] {logging_mixin.py:188} INFO - [2026-05-09T11:53:55.487+0000] {dag.py:3954} INFO - Setting next_dagrun for latest_only to 2026-05-09 04:00:00+00:00, run_after=2026-05-09 08:00:00+00:00
[2026-05-09T11:53:55.503+0000] {processor.py:183} INFO - Processing /home/vscode/.local/lib/python3.11/site-packages/airflow/example_dags/example_latest_only.py took 0.052 seconds
[2026-05-09T11:54:57.417+0000] {processor.py:161} INFO - Started process (PID=28746) to work on /home/vscode/.local/lib/python3.11/site-packages/airflow/example_dags/example_latest_only.py
[2026-05-09T11:54:57.418+0000] {processor.py:830} INFO - Processing file /home/vscode/.local/lib/python3.11/site-packages/airflow/example_dags/example_latest_only.py for tasks to queue
[2026-05-09T11:54:57.418+0000] {logging_mixin.py:188} INFO - [2026-05-09T11:54:57.418+0000] {dagbag.py:545} INFO - Filling up the DagBag from /home/vscode/.local/lib/python3.11/site-packages/airflow/example_dags/example_latest_only.py
[2026-05-09T11:54:57.422+0000] {processor.py:840} INFO - DAG(s) 'latest_only' retrieved from /home/vscode/.local/lib/python3.11/site-packages/airflow/example_dags/example_latest_only.py
[2026-05-09T11:54:57.433+0000] {logging_mixin.py:188} INFO - [2026-05-09T11:54:57.433+0000] {dag.py:3096} INFO - Sync 1 DAGs
[2026-05-09T11:54:57.447+0000] {logging_mixin.py:188} INFO - [2026-05-09T11:54:57.446+0000] {dag.py:3954} INFO - Setting next_dagrun for latest_only to 2026-05-09 04:00:00+00:00, run_after=2026-05-09 08:00:00+00:00
[2026-05-09T11:54:57.462+0000] {processor.py:183} INFO - Processing /home/vscode/.local/lib/python3.11/site-packages/airflow/example_dags/example_latest_only.py took 0.051 seconds
[2026-05-09T11:55:59.129+0000] {processor.py:161} INFO - Started process (PID=29282) to work on /home/vscode/.local/lib/python3.11/site-packages/airflow/example_dags/example_latest_only.py
[2026-05-09T11:55:59.130+0000] {processor.py:830} INFO - Processing file /home/vscode/.local/lib/python3.11/site-packages/airflow/example_dags/example_latest_only.py for tasks to queue
[2026-05-09T11:55:59.131+0000] {logging_mixin.py:188} INFO - [2026-05-09T11:55:59.130+0000] {dagbag.py:545} INFO - Filling up the DagBag from /home/vscode/.local/lib/python3.11/site-packages/airflow/example_dags/example_latest_only.py
[2026-05-09T11:55:59.134+0000] {processor.py:840} INFO - DAG(s) 'latest_only' retrieved from /home/vscode/.local/lib/python3.11/site-packages/airflow/example_dags/example_latest_only.py
[2026-05-09T11:55:59.145+0000] {logging_mixin.py:188} INFO - [2026-05-09T11:55:59.145+0000] {dag.py:3096} INFO - Sync 1 DAGs
[2026-05-09T11:55:59.159+0000] {logging_mixin.py:188} INFO - [2026-05-09T11:55:59.159+0000] {dag.py:3954} INFO - Setting next_dagrun for latest_only to 2026-05-09 04:00:00+00:00, run_after=2026-05-09 08:00:00+00:00
[2026-05-09T11:55:59.175+0000] {processor.py:183} INFO - Processing /home/vscode/.local/lib/python3.11/site-packages/airflow/example_dags/example_latest_only.py took 0.052 seconds
[2026-05-09T11:57:00.205+0000] {processor.py:161} INFO - Started process (PID=29745) to work on /home/vscode/.local/lib/python3.11/site-packages/airflow/example_dags/example_latest_only.py
[2026-05-09T11:57:00.206+0000] {processor.py:830} INFO - Processing file /home/vscode/.local/lib/python3.11/site-packages/airflow/example_dags/example_latest_only.py for tasks to queue
[2026-05-09T11:57:00.206+0000] {logging_mixin.py:188} INFO - [2026-05-09T11:57:00.206+0000] {dagbag.py:545} INFO - Filling up the DagBag from /home/vscode/.local/lib/python3.11/site-packages/airflow/example_dags/example_latest_only.py
[2026-05-09T11:57:00.210+0000] {processor.py:840} INFO - DAG(s) 'latest_only' retrieved from /home/vscode/.local/lib/python3.11/site-packages/airflow/example_dags/example_latest_only.py
[2026-05-09T11:57:00.221+0000] {logging_mixin.py:188} INFO - [2026-05-09T11:57:00.220+0000] {dag.py:3096} INFO - Sync 1 DAGs
[2026-05-09T11:57:00.234+0000] {logging_mixin.py:188} INFO - [2026-05-09T11:57:00.234+0000] {dag.py:3954} INFO - Setting next_dagrun for latest_only to 2026-05-09 04:00:00+00:00, run_after=2026-05-09 08:00:00+00:00
[2026-05-09T11:57:00.250+0000] {processor.py:183} INFO - Processing /home/vscode/.local/lib/python3.11/site-packages/airflow/example_dags/example_latest_only.py took 0.051 seconds
[2026-05-09T11:58:04.744+0000] {processor.py:161} INFO - Started process (PID=30286) to work on /home/vscode/.local/lib/python3.11/site-packages/airflow/example_dags/example_latest_only.py
[2026-05-09T11:58:04.745+0000] {processor.py:830} INFO - Processing file /home/vscode/.local/lib/python3.11/site-packages/airflow/example_dags/example_latest_only.py for tasks to queue
[2026-05-09T11:58:04.745+0000] {logging_mixin.py:188} INFO - [2026-05-09T11:58:04.745+0000] {dagbag.py:545} INFO - Filling up the DagBag from /home/vscode/.local/lib/python3.11/site-packages/airflow/example_dags/example_latest_only.py
[2026-05-09T11:58:04.749+0000] {processor.py:840} INFO - DAG(s) 'latest_only' retrieved from /home/vscode/.local/lib/python3.11/site-packages/airflow/example_dags/example_latest_only.py
[2026-05-09T11:58:04.760+0000] {logging_mixin.py:188} INFO - [2026-05-09T11:58:04.760+0000] {dag.py:3096} INFO - Sync 1 DAGs
[2026-05-09T11:58:04.774+0000] {logging_mixin.py:188} INFO - [2026-05-09T11:58:04.774+0000] {dag.py:3954} INFO - Setting next_dagrun for latest_only to 2026-05-09 04:00:00+00:00, run_after=2026-05-09 08:00:00+00:00
[2026-05-09T11:58:04.789+0000] {processor.py:183} INFO - Processing /home/vscode/.local/lib/python3.11/site-packages/airflow/example_dags/example_latest_only.py took 0.051 seconds
[2026-05-09T11:59:08.998+0000] {processor.py:161} INFO - Started process (PID=30762) to work on /home/vscode/.local/lib/python3.11/site-packages/airflow/example_dags/example_latest_only.py
[2026-05-09T11:59:08.999+0000] {processor.py:830} INFO - Processing file /home/vscode/.local/lib/python3.11/site-packages/airflow/example_dags/example_latest_only.py for tasks to queue
[2026-05-09T11:59:08.999+0000] {logging_mixin.py:188} INFO - [2026-05-09T11:59:08.999+0000] {dagbag.py:545} INFO - Filling up the DagBag from /home/vscode/.local/lib/python3.11/site-packages/airflow/example_dags/example_latest_only.py
[2026-05-09T11:59:09.003+0000] {processor.py:840} INFO - DAG(s) 'latest_only' retrieved from /home/vscode/.local/lib/python3.11/site-packages/airflow/example_dags/example_latest_only.py
[2026-05-09T11:59:09.014+0000] {logging_mixin.py:188} INFO - [2026-05-09T11:59:09.013+0000] {dag.py:3096} INFO - Sync 1 DAGs
[2026-05-09T11:59:09.027+0000] {logging_mixin.py:188} INFO - [2026-05-09T11:59:09.027+0000] {dag.py:3954} INFO - Setting next_dagrun for latest_only to 2026-05-09 04:00:00+00:00, run_after=2026-05-09 08:00:00+00:00
[2026-05-09T11:59:09.043+0000] {processor.py:183} INFO - Processing /home/vscode/.local/lib/python3.11/site-packages/airflow/example_dags/example_latest_only.py took 0.051 seconds
[2026-05-09T12:00:10.695+0000] {processor.py:161} INFO - Started process (PID=31300) to work on /home/vscode/.local/lib/python3.11/site-packages/airflow/example_dags/example_latest_only.py
[2026-05-09T12:00:10.696+0000] {processor.py:830} INFO - Processing file /home/vscode/.local/lib/python3.11/site-packages/airflow/example_dags/example_latest_only.py for tasks to queue
[2026-05-09T12:00:10.696+0000] {logging_mixin.py:188} INFO - [2026-05-09T12:00:10.696+0000] {dagbag.py:545} INFO - Filling up the DagBag from /home/vscode/.local/lib/python3.11/site-packages/airflow/example_dags/example_latest_only.py
[2026-05-09T12:00:10.700+0000] {processor.py:840} INFO - DAG(s) 'latest_only' retrieved from /home/vscode/.local/lib/python3.11/site-packages/airflow/example_dags/example_latest_only.py
[2026-05-09T12:00:10.711+0000] {logging_mixin.py:188} INFO - [2026-05-09T12:00:10.711+0000] {dag.py:3096} INFO - Sync 1 DAGs
[2026-05-09T12:00:10.724+0000] {logging_mixin.py:188} INFO - [2026-05-09T12:00:10.724+0000] {dag.py:3954} INFO - Setting next_dagrun for latest_only to 2026-05-09 08:00:00+00:00, run_after=2026-05-09 12:00:00+00:00
[2026-05-09T12:00:10.740+0000] {processor.py:183} INFO - Processing /home/vscode/.local/lib/python3.11/site-packages/airflow/example_dags/example_latest_only.py took 0.051 seconds
[2026-05-09T12:01:13.479+0000] {processor.py:161} INFO - Started process (PID=31772) to work on /home/vscode/.local/lib/python3.11/site-packages/airflow/example_dags/example_latest_only.py
[2026-05-09T12:01:13.479+0000] {processor.py:830} INFO - Processing file /home/vscode/.local/lib/python3.11/site-packages/airflow/example_dags/example_latest_only.py for tasks to queue
[2026-05-09T12:01:13.480+0000] {logging_mixin.py:188} INFO - [2026-05-09T12:01:13.480+0000] {dagbag.py:545} INFO - Filling up the DagBag from /home/vscode/.local/lib/python3.11/site-packages/airflow/example_dags/example_latest_only.py
[2026-05-09T12:01:13.484+0000] {processor.py:840} INFO - DAG(s) 'latest_only' retrieved from /home/vscode/.local/lib/python3.11/site-packages/airflow/example_dags/example_latest_only.py
[2026-05-09T12:01:13.495+0000] {logging_mixin.py:188} INFO - [2026-05-09T12:01:13.495+0000] {dag.py:3096} INFO - Sync 1 DAGs
[2026-05-09T12:01:13.509+0000] {logging_mixin.py:188} INFO - [2026-05-09T12:01:13.509+0000] {dag.py:3954} INFO - Setting next_dagrun for latest_only to 2026-05-09 08:00:00+00:00, run_after=2026-05-09 12:00:00+00:00
[2026-05-09T12:01:13.525+0000] {processor.py:183} INFO - Processing /home/vscode/.local/lib/python3.11/site-packages/airflow/example_dags/example_latest_only.py took 0.052 seconds
[2026-05-09T12:02:17.005+0000] {processor.py:161} INFO - Started process (PID=32308) to work on /home/vscode/.local/lib/python3.11/site-packages/airflow/example_dags/example_latest_only.py
[2026-05-09T12:02:17.006+0000] {processor.py:830} INFO - Processing file /home/vscode/.local/lib/python3.11/site-packages/airflow/example_dags/example_latest_only.py for tasks to queue
[2026-05-09T12:02:17.006+0000] {logging_mixin.py:188} INFO - [2026-05-09T12:02:17.006+0000] {dagbag.py:545} INFO - Filling up the DagBag from /home/vscode/.local/lib/python3.11/site-packages/airflow/example_dags/example_latest_only.py
[2026-05-09T12:02:17.012+0000] {processor.py:840} INFO - DAG(s) 'latest_only' retrieved from /home/vscode/.local/lib/python3.11/site-packages/airflow/example_dags/example_latest_only.py
[2026-05-09T12:02:17.028+0000] {logging_mixin.py:188} INFO - [2026-05-09T12:02:17.028+0000] {dag.py:3096} INFO - Sync 1 DAGs
[2026-05-09T12:02:17.058+0000] {logging_mixin.py:188} INFO - [2026-05-09T12:02:17.058+0000] {dag.py:3954} INFO - Setting next_dagrun for latest_only to 2026-05-09 08:00:00+00:00, run_after=2026-05-09 12:00:00+00:00
[2026-05-09T12:02:17.074+0000] {processor.py:183} INFO - Processing /home/vscode/.local/lib/python3.11/site-packages/airflow/example_dags/example_latest_only.py took 0.082 seconds
[2026-05-09T12:03:20.129+0000] {processor.py:161} INFO - Started process (PID=32784) to work on /home/vscode/.local/lib/python3.11/site-packages/airflow/example_dags/example_latest_only.py
[2026-05-09T12:03:20.129+0000] {processor.py:830} INFO - Processing file /home/vscode/.local/lib/python3.11/site-packages/airflow/example_dags/example_latest_only.py for tasks to queue
[2026-05-09T12:03:20.130+0000] {logging_mixin.py:188} INFO - [2026-05-09T12:03:20.130+0000] {dagbag.py:545} INFO - Filling up the DagBag from /home/vscode/.local/lib/python3.11/site-packages/airflow/example_dags/example_latest_only.py
[2026-05-09T12:03:20.134+0000] {processor.py:840} INFO - DAG(s) 'latest_only' retrieved from /home/vscode/.local/lib/python3.11/site-packages/airflow/example_dags/example_latest_only.py
[2026-05-09T12:03:20.144+0000] {logging_mixin.py:188} INFO - [2026-05-09T12:03:20.144+0000] {dag.py:3096} INFO - Sync 1 DAGs
[2026-05-09T12:03:20.158+0000] {logging_mixin.py:188} INFO - [2026-05-09T12:03:20.158+0000] {dag.py:3954} INFO - Setting next_dagrun for latest_only to 2026-05-09 08:00:00+00:00, run_after=2026-05-09 12:00:00+00:00
[2026-05-09T12:03:20.174+0000] {processor.py:183} INFO - Processing /home/vscode/.local/lib/python3.11/site-packages/airflow/example_dags/example_latest_only.py took 0.052 seconds
[2026-05-09T12:04:23.772+0000] {processor.py:161} INFO - Started process (PID=33391) to work on /home/vscode/.local/lib/python3.11/site-packages/airflow/example_dags/example_latest_only.py
[2026-05-09T12:04:23.773+0000] {processor.py:830} INFO - Processing file /home/vscode/.local/lib/python3.11/site-packages/airflow/example_dags/example_latest_only.py for tasks to queue
[2026-05-09T12:04:23.773+0000] {logging_mixin.py:188} INFO - [2026-05-09T12:04:23.773+0000] {dagbag.py:545} INFO - Filling up the DagBag from /home/vscode/.local/lib/python3.11/site-packages/airflow/example_dags/example_latest_only.py
[2026-05-09T12:04:23.778+0000] {processor.py:840} INFO - DAG(s) 'latest_only' retrieved from /home/vscode/.local/lib/python3.11/site-packages/airflow/example_dags/example_latest_only.py
[2026-05-09T12:04:23.790+0000] {logging_mixin.py:188} INFO - [2026-05-09T12:04:23.790+0000] {dag.py:3096} INFO - Sync 1 DAGs
[2026-05-09T12:04:23.805+0000] {logging_mixin.py:188} INFO - [2026-05-09T12:04:23.805+0000] {dag.py:3954} INFO - Setting next_dagrun for latest_only to 2026-05-09 08:00:00+00:00, run_after=2026-05-09 12:00:00+00:00
[2026-05-09T12:04:23.823+0000] {processor.py:183} INFO - Processing /home/vscode/.local/lib/python3.11/site-packages/airflow/example_dags/example_latest_only.py took 0.057 seconds
[2026-05-09T12:05:25.791+0000] {processor.py:161} INFO - Started process (PID=33863) to work on /home/vscode/.local/lib/python3.11/site-packages/airflow/example_dags/example_latest_only.py
[2026-05-09T12:05:25.791+0000] {processor.py:830} INFO - Processing file /home/vscode/.local/lib/python3.11/site-packages/airflow/example_dags/example_latest_only.py for tasks to queue
[2026-05-09T12:05:25.792+0000] {logging_mixin.py:188} INFO - [2026-05-09T12:05:25.792+0000] {dagbag.py:545} INFO - Filling up the DagBag from /home/vscode/.local/lib/python3.11/site-packages/airflow/example_dags/example_latest_only.py
[2026-05-09T12:05:25.796+0000] {processor.py:840} INFO - DAG(s) 'latest_only' retrieved from /home/vscode/.local/lib/python3.11/site-packages/airflow/example_dags/example_latest_only.py
[2026-05-09T12:05:25.807+0000] {logging_mixin.py:188} INFO - [2026-05-09T12:05:25.807+0000] {dag.py:3096} INFO - Sync 1 DAGs
[2026-05-09T12:05:25.821+0000] {logging_mixin.py:188} INFO - [2026-05-09T12:05:25.821+0000] {dag.py:3954} INFO - Setting next_dagrun for latest_only to 2026-05-09 08:00:00+00:00, run_after=2026-05-09 12:00:00+00:00
[2026-05-09T12:05:25.841+0000] {processor.py:183} INFO - Processing /home/vscode/.local/lib/python3.11/site-packages/airflow/example_dags/example_latest_only.py took 0.057 seconds
[2026-05-09T12:06:29.645+0000] {processor.py:161} INFO - Started process (PID=34399) to work on /home/vscode/.local/lib/python3.11/site-packages/airflow/example_dags/example_latest_only.py
[2026-05-09T12:06:29.646+0000] {processor.py:830} INFO - Processing file /home/vscode/.local/lib/python3.11/site-packages/airflow/example_dags/example_latest_only.py for tasks to queue
[2026-05-09T12:06:29.646+0000] {logging_mixin.py:188} INFO - [2026-05-09T12:06:29.646+0000] {dagbag.py:545} INFO - Filling up the DagBag from /home/vscode/.local/lib/python3.11/site-packages/airflow/example_dags/example_latest_only.py
[2026-05-09T12:06:29.650+0000] {processor.py:840} INFO - DAG(s) 'latest_only' retrieved from /home/vscode/.local/lib/python3.11/site-packages/airflow/example_dags/example_latest_only.py
[2026-05-09T12:06:29.661+0000] {logging_mixin.py:188} INFO - [2026-05-09T12:06:29.661+0000] {dag.py:3096} INFO - Sync 1 DAGs
[2026-05-09T12:06:29.674+0000] {logging_mixin.py:188} INFO - [2026-05-09T12:06:29.674+0000] {dag.py:3954} INFO - Setting next_dagrun for latest_only to 2026-05-09 08:00:00+00:00, run_after=2026-05-09 12:00:00+00:00
[2026-05-09T12:06:29.689+0000] {processor.py:183} INFO - Processing /home/vscode/.local/lib/python3.11/site-packages/airflow/example_dags/example_latest_only.py took 0.052 seconds
[2026-05-09T12:07:35.081+0000] {processor.py:161} INFO - Started process (PID=34950) to work on /home/vscode/.local/lib/python3.11/site-packages/airflow/example_dags/example_latest_only.py
[2026-05-09T12:07:35.081+0000] {processor.py:830} INFO - Processing file /home/vscode/.local/lib/python3.11/site-packages/airflow/example_dags/example_latest_only.py for tasks to queue
[2026-05-09T12:07:35.082+0000] {logging_mixin.py:188} INFO - [2026-05-09T12:07:35.082+0000] {dagbag.py:545} INFO - Filling up the DagBag from /home/vscode/.local/lib/python3.11/site-packages/airflow/example_dags/example_latest_only.py
[2026-05-09T12:07:35.088+0000] {processor.py:840} INFO - DAG(s) 'latest_only' retrieved from /home/vscode/.local/lib/python3.11/site-packages/airflow/example_dags/example_latest_only.py
[2026-05-09T12:07:35.103+0000] {logging_mixin.py:188} INFO - [2026-05-09T12:07:35.103+0000] {dag.py:3096} INFO - Sync 1 DAGs
[2026-05-09T12:07:35.117+0000] {logging_mixin.py:188} INFO - [2026-05-09T12:07:35.117+0000] {dag.py:3954} INFO - Setting next_dagrun for latest_only to 2026-05-09 08:00:00+00:00, run_after=2026-05-09 12:00:00+00:00
[2026-05-09T12:07:35.133+0000] {processor.py:183} INFO - Processing /home/vscode/.local/lib/python3.11/site-packages/airflow/example_dags/example_latest_only.py took 0.068 seconds
[2026-05-09T12:08:37.054+0000] {processor.py:161} INFO - Started process (PID=35481) to work on /home/vscode/.local/lib/python3.11/site-packages/airflow/example_dags/example_latest_only.py
[2026-05-09T12:08:37.055+0000] {processor.py:830} INFO - Processing file /home/vscode/.local/lib/python3.11/site-packages/airflow/example_dags/example_latest_only.py for tasks to queue
[2026-05-09T12:08:37.055+0000] {logging_mixin.py:188} INFO - [2026-05-09T12:08:37.055+0000] {dagbag.py:545} INFO - Filling up the DagBag from /home/vscode/.local/lib/python3.11/site-packages/airflow/example_dags/example_latest_only.py
[2026-05-09T12:08:37.059+0000] {processor.py:840} INFO - DAG(s) 'latest_only' retrieved from /home/vscode/.local/lib/python3.11/site-packages/airflow/example_dags/example_latest_only.py
[2026-05-09T12:08:37.070+0000] {logging_mixin.py:188} INFO - [2026-05-09T12:08:37.070+0000] {dag.py:3096} INFO - Sync 1 DAGs
[2026-05-09T12:08:37.084+0000] {logging_mixin.py:188} INFO - [2026-05-09T12:08:37.083+0000] {dag.py:3954} INFO - Setting next_dagrun for latest_only to 2026-05-09 08:00:00+00:00, run_after=2026-05-09 12:00:00+00:00
[2026-05-09T12:08:37.098+0000] {processor.py:183} INFO - Processing /home/vscode/.local/lib/python3.11/site-packages/airflow/example_dags/example_latest_only.py took 0.051 seconds
[2026-05-09T12:09:34.943+0000] {processor.py:161} INFO - Started process (PID=35960) to work on /home/vscode/.local/lib/python3.11/site-packages/airflow/example_dags/example_latest_only.py
[2026-05-09T12:09:34.943+0000] {processor.py:830} INFO - Processing file /home/vscode/.local/lib/python3.11/site-packages/airflow/example_dags/example_latest_only.py for tasks to queue
[2026-05-09T12:09:34.944+0000] {logging_mixin.py:188} INFO - [2026-05-09T12:09:34.943+0000] {dagbag.py:545} INFO - Filling up the DagBag from /home/vscode/.local/lib/python3.11/site-packages/airflow/example_dags/example_latest_only.py
[2026-05-09T12:09:34.948+0000] {processor.py:840} INFO - DAG(s) 'latest_only' retrieved from /home/vscode/.local/lib/python3.11/site-packages/airflow/example_dags/example_latest_only.py
[2026-05-09T12:09:34.959+0000] {logging_mixin.py:188} INFO - [2026-05-09T12:09:34.958+0000] {dag.py:3096} INFO - Sync 1 DAGs
[2026-05-09T12:09:34.972+0000] {logging_mixin.py:188} INFO - [2026-05-09T12:09:34.972+0000] {dag.py:3954} INFO - Setting next_dagrun for latest_only to 2026-05-09 08:00:00+00:00, run_after=2026-05-09 12:00:00+00:00
[2026-05-09T12:09:34.988+0000] {processor.py:183} INFO - Processing /home/vscode/.local/lib/python3.11/site-packages/airflow/example_dags/example_latest_only.py took 0.054 seconds
[2026-05-09T12:10:37.326+0000] {processor.py:161} INFO - Started process (PID=36521) to work on /home/vscode/.local/lib/python3.11/site-packages/airflow/example_dags/example_latest_only.py
[2026-05-09T12:10:37.327+0000] {processor.py:830} INFO - Processing file /home/vscode/.local/lib/python3.11/site-packages/airflow/example_dags/example_latest_only.py for tasks to queue
[2026-05-09T12:10:37.327+0000] {logging_mixin.py:188} INFO - [2026-05-09T12:10:37.327+0000] {dagbag.py:545} INFO - Filling up the DagBag from /home/vscode/.local/lib/python3.11/site-packages/airflow/example_dags/example_latest_only.py
[2026-05-09T12:10:37.332+0000] {processor.py:840} INFO - DAG(s) 'latest_only' retrieved from /home/vscode/.local/lib/python3.11/site-packages/airflow/example_dags/example_latest_only.py
[2026-05-09T12:10:37.346+0000] {logging_mixin.py:188} INFO - [2026-05-09T12:10:37.346+0000] {dag.py:3096} INFO - Sync 1 DAGs
[2026-05-09T12:10:37.360+0000] {logging_mixin.py:188} INFO - [2026-05-09T12:10:37.359+0000] {dag.py:3954} INFO - Setting next_dagrun for latest_only to 2026-05-09 08:00:00+00:00, run_after=2026-05-09 12:00:00+00:00
[2026-05-09T12:10:37.377+0000] {processor.py:183} INFO - Processing /home/vscode/.local/lib/python3.11/site-packages/airflow/example_dags/example_latest_only.py took 0.059 seconds
[2026-05-09T12:11:37.467+0000] {processor.py:161} INFO - Started process (PID=36983) to work on /home/vscode/.local/lib/python3.11/site-packages/airflow/example_dags/example_latest_only.py
[2026-05-09T12:11:37.468+0000] {processor.py:830} INFO - Processing file /home/vscode/.local/lib/python3.11/site-packages/airflow/example_dags/example_latest_only.py for tasks to queue
[2026-05-09T12:11:37.469+0000] {logging_mixin.py:188} INFO - [2026-05-09T12:11:37.468+0000] {dagbag.py:545} INFO - Filling up the DagBag from /home/vscode/.local/lib/python3.11/site-packages/airflow/example_dags/example_latest_only.py
[2026-05-09T12:11:37.473+0000] {processor.py:840} INFO - DAG(s) 'latest_only' retrieved from /home/vscode/.local/lib/python3.11/site-packages/airflow/example_dags/example_latest_only.py
[2026-05-09T12:11:37.485+0000] {logging_mixin.py:188} INFO - [2026-05-09T12:11:37.485+0000] {dag.py:3096} INFO - Sync 1 DAGs
[2026-05-09T12:11:37.499+0000] {logging_mixin.py:188} INFO - [2026-05-09T12:11:37.499+0000] {dag.py:3954} INFO - Setting next_dagrun for latest_only to 2026-05-09 08:00:00+00:00, run_after=2026-05-09 12:00:00+00:00
[2026-05-09T12:11:37.515+0000] {processor.py:183} INFO - Processing /home/vscode/.local/lib/python3.11/site-packages/airflow/example_dags/example_latest_only.py took 0.055 seconds
[2026-05-09T12:12:38.733+0000] {processor.py:161} INFO - Started process (PID=37513) to work on /home/vscode/.local/lib/python3.11/site-packages/airflow/example_dags/example_latest_only.py
[2026-05-09T12:12:38.734+0000] {processor.py:830} INFO - Processing file /home/vscode/.local/lib/python3.11/site-packages/airflow/example_dags/example_latest_only.py for tasks to queue
[2026-05-09T12:12:38.735+0000] {logging_mixin.py:188} INFO - [2026-05-09T12:12:38.734+0000] {dagbag.py:545} INFO - Filling up the DagBag from /home/vscode/.local/lib/python3.11/site-packages/airflow/example_dags/example_latest_only.py
[2026-05-09T12:12:38.740+0000] {processor.py:840} INFO - DAG(s) 'latest_only' retrieved from /home/vscode/.local/lib/python3.11/site-packages/airflow/example_dags/example_latest_only.py
[2026-05-09T12:12:38.751+0000] {logging_mixin.py:188} INFO - [2026-05-09T12:12:38.751+0000] {dag.py:3096} INFO - Sync 1 DAGs
[2026-05-09T12:12:38.765+0000] {logging_mixin.py:188} INFO - [2026-05-09T12:12:38.765+0000] {dag.py:3954} INFO - Setting next_dagrun for latest_only to 2026-05-09 08:00:00+00:00, run_after=2026-05-09 12:00:00+00:00
[2026-05-09T12:12:38.781+0000] {processor.py:183} INFO - Processing /home/vscode/.local/lib/python3.11/site-packages/airflow/example_dags/example_latest_only.py took 0.056 seconds
[2026-05-09T12:13:40.897+0000] {processor.py:161} INFO - Started process (PID=38037) to work on /home/vscode/.local/lib/python3.11/site-packages/airflow/example_dags/example_latest_only.py
[2026-05-09T12:13:40.898+0000] {processor.py:830} INFO - Processing file /home/vscode/.local/lib/python3.11/site-packages/airflow/example_dags/example_latest_only.py for tasks to queue
[2026-05-09T12:13:40.899+0000] {logging_mixin.py:188} INFO - [2026-05-09T12:13:40.898+0000] {dagbag.py:545} INFO - Filling up the DagBag from /home/vscode/.local/lib/python3.11/site-packages/airflow/example_dags/example_latest_only.py
[2026-05-09T12:13:40.904+0000] {processor.py:840} INFO - DAG(s) 'latest_only' retrieved from /home/vscode/.local/lib/python3.11/site-packages/airflow/example_dags/example_latest_only.py
[2026-05-09T12:13:40.915+0000] {logging_mixin.py:188} INFO - [2026-05-09T12:13:40.915+0000] {dag.py:3096} INFO - Sync 1 DAGs
[2026-05-09T12:13:40.932+0000] {logging_mixin.py:188} INFO - [2026-05-09T12:13:40.932+0000] {dag.py:3954} INFO - Setting next_dagrun for latest_only to 2026-05-09 08:00:00+00:00, run_after=2026-05-09 12:00:00+00:00
[2026-05-09T12:13:40.950+0000] {processor.py:183} INFO - Processing /home/vscode/.local/lib/python3.11/site-packages/airflow/example_dags/example_latest_only.py took 0.059 seconds
[2026-05-09T12:14:47.943+0000] {processor.py:161} INFO - Started process (PID=38595) to work on /home/vscode/.local/lib/python3.11/site-packages/airflow/example_dags/example_latest_only.py
[2026-05-09T12:14:47.944+0000] {processor.py:830} INFO - Processing file /home/vscode/.local/lib/python3.11/site-packages/airflow/example_dags/example_latest_only.py for tasks to queue
[2026-05-09T12:14:47.944+0000] {logging_mixin.py:188} INFO - [2026-05-09T12:14:47.944+0000] {dagbag.py:545} INFO - Filling up the DagBag from /home/vscode/.local/lib/python3.11/site-packages/airflow/example_dags/example_latest_only.py
[2026-05-09T12:14:47.948+0000] {processor.py:840} INFO - DAG(s) 'latest_only' retrieved from /home/vscode/.local/lib/python3.11/site-packages/airflow/example_dags/example_latest_only.py
[2026-05-09T12:14:47.959+0000] {logging_mixin.py:188} INFO - [2026-05-09T12:14:47.959+0000] {dag.py:3096} INFO - Sync 1 DAGs
[2026-05-09T12:14:47.973+0000] {logging_mixin.py:188} INFO - [2026-05-09T12:14:47.973+0000] {dag.py:3954} INFO - Setting next_dagrun for latest_only to 2026-05-09 08:00:00+00:00, run_after=2026-05-09 12:00:00+00:00
[2026-05-09T12:14:47.988+0000] {processor.py:183} INFO - Processing /home/vscode/.local/lib/python3.11/site-packages/airflow/example_dags/example_latest_only.py took 0.054 seconds
[2026-05-09T12:15:48.685+0000] {processor.py:161} INFO - Started process (PID=39058) to work on /home/vscode/.local/lib/python3.11/site-packages/airflow/example_dags/example_latest_only.py
[2026-05-09T12:15:48.685+0000] {processor.py:830} INFO - Processing file /home/vscode/.local/lib/python3.11/site-packages/airflow/example_dags/example_latest_only.py for tasks to queue
[2026-05-09T12:15:48.686+0000] {logging_mixin.py:188} INFO - [2026-05-09T12:15:48.685+0000] {dagbag.py:545} INFO - Filling up the DagBag from /home/vscode/.local/lib/python3.11/site-packages/airflow/example_dags/example_latest_only.py
[2026-05-09T12:15:48.690+0000] {processor.py:840} INFO - DAG(s) 'latest_only' retrieved from /home/vscode/.local/lib/python3.11/site-packages/airflow/example_dags/example_latest_only.py
[2026-05-09T12:15:48.701+0000] {logging_mixin.py:188} INFO - [2026-05-09T12:15:48.701+0000] {dag.py:3096} INFO - Sync 1 DAGs
[2026-05-09T12:15:48.715+0000] {logging_mixin.py:188} INFO - [2026-05-09T12:15:48.715+0000] {dag.py:3954} INFO - Setting next_dagrun for latest_only to 2026-05-09 08:00:00+00:00, run_after=2026-05-09 12:00:00+00:00
[2026-05-09T12:15:48.732+0000] {processor.py:183} INFO - Processing /home/vscode/.local/lib/python3.11/site-packages/airflow/example_dags/example_latest_only.py took 0.054 seconds
[2026-05-09T12:16:55.839+0000] {processor.py:161} INFO - Started process (PID=39619) to work on /home/vscode/.local/lib/python3.11/site-packages/airflow/example_dags/example_latest_only.py
[2026-05-09T12:16:55.840+0000] {processor.py:830} INFO - Processing file /home/vscode/.local/lib/python3.11/site-packages/airflow/example_dags/example_latest_only.py for tasks to queue
[2026-05-09T12:16:55.840+0000] {logging_mixin.py:188} INFO - [2026-05-09T12:16:55.840+0000] {dagbag.py:545} INFO - Filling up the DagBag from /home/vscode/.local/lib/python3.11/site-packages/airflow/example_dags/example_latest_only.py
[2026-05-09T12:16:55.846+0000] {processor.py:840} INFO - DAG(s) 'latest_only' retrieved from /home/vscode/.local/lib/python3.11/site-packages/airflow/example_dags/example_latest_only.py
[2026-05-09T12:16:55.872+0000] {logging_mixin.py:188} INFO - [2026-05-09T12:16:55.872+0000] {dag.py:3096} INFO - Sync 1 DAGs
[2026-05-09T12:16:55.886+0000] {logging_mixin.py:188} INFO - [2026-05-09T12:16:55.886+0000] {dag.py:3954} INFO - Setting next_dagrun for latest_only to 2026-05-09 08:00:00+00:00, run_after=2026-05-09 12:00:00+00:00
[2026-05-09T12:16:55.901+0000] {processor.py:183} INFO - Processing /home/vscode/.local/lib/python3.11/site-packages/airflow/example_dags/example_latest_only.py took 0.072 seconds
[2026-05-09T12:18:02.416+0000] {processor.py:161} INFO - Started process (PID=40108) to work on /home/vscode/.local/lib/python3.11/site-packages/airflow/example_dags/example_latest_only.py
[2026-05-09T12:18:02.417+0000] {processor.py:830} INFO - Processing file /home/vscode/.local/lib/python3.11/site-packages/airflow/example_dags/example_latest_only.py for tasks to queue
[2026-05-09T12:18:02.418+0000] {logging_mixin.py:188} INFO - [2026-05-09T12:18:02.417+0000] {dagbag.py:545} INFO - Filling up the DagBag from /home/vscode/.local/lib/python3.11/site-packages/airflow/example_dags/example_latest_only.py
[2026-05-09T12:18:02.421+0000] {processor.py:840} INFO - DAG(s) 'latest_only' retrieved from /home/vscode/.local/lib/python3.11/site-packages/airflow/example_dags/example_latest_only.py
[2026-05-09T12:18:02.436+0000] {logging_mixin.py:188} INFO - [2026-05-09T12:18:02.435+0000] {dag.py:3096} INFO - Sync 1 DAGs
[2026-05-09T12:18:02.453+0000] {logging_mixin.py:188} INFO - [2026-05-09T12:18:02.453+0000] {dag.py:3954} INFO - Setting next_dagrun for latest_only to 2026-05-09 08:00:00+00:00, run_after=2026-05-09 12:00:00+00:00
[2026-05-09T12:18:02.470+0000] {processor.py:183} INFO - Processing /home/vscode/.local/lib/python3.11/site-packages/airflow/example_dags/example_latest_only.py took 0.060 seconds
[2026-05-09T12:19:02.067+0000] {processor.py:161} INFO - Started process (PID=40690) to work on /home/vscode/.local/lib/python3.11/site-packages/airflow/example_dags/example_latest_only.py
[2026-05-09T12:19:02.068+0000] {processor.py:830} INFO - Processing file /home/vscode/.local/lib/python3.11/site-packages/airflow/example_dags/example_latest_only.py for tasks to queue
[2026-05-09T12:19:02.068+0000] {logging_mixin.py:188} INFO - [2026-05-09T12:19:02.068+0000] {dagbag.py:545} INFO - Filling up the DagBag from /home/vscode/.local/lib/python3.11/site-packages/airflow/example_dags/example_latest_only.py
[2026-05-09T12:19:02.072+0000] {processor.py:840} INFO - DAG(s) 'latest_only' retrieved from /home/vscode/.local/lib/python3.11/site-packages/airflow/example_dags/example_latest_only.py
[2026-05-09T12:19:02.084+0000] {logging_mixin.py:188} INFO - [2026-05-09T12:19:02.084+0000] {dag.py:3096} INFO - Sync 1 DAGs
[2026-05-09T12:19:02.100+0000] {logging_mixin.py:188} INFO - [2026-05-09T12:19:02.100+0000] {dag.py:3954} INFO - Setting next_dagrun for latest_only to 2026-05-09 08:00:00+00:00, run_after=2026-05-09 12:00:00+00:00
[2026-05-09T12:19:02.117+0000] {processor.py:183} INFO - Processing /home/vscode/.local/lib/python3.11/site-packages/airflow/example_dags/example_latest_only.py took 0.057 seconds
[2026-05-09T12:20:10.194+0000] {processor.py:161} INFO - Started process (PID=41195) to work on /home/vscode/.local/lib/python3.11/site-packages/airflow/example_dags/example_latest_only.py
[2026-05-09T12:20:10.195+0000] {processor.py:830} INFO - Processing file /home/vscode/.local/lib/python3.11/site-packages/airflow/example_dags/example_latest_only.py for tasks to queue
[2026-05-09T12:20:10.195+0000] {logging_mixin.py:188} INFO - [2026-05-09T12:20:10.195+0000] {dagbag.py:545} INFO - Filling up the DagBag from /home/vscode/.local/lib/python3.11/site-packages/airflow/example_dags/example_latest_only.py
[2026-05-09T12:20:10.199+0000] {processor.py:840} INFO - DAG(s) 'latest_only' retrieved from /home/vscode/.local/lib/python3.11/site-packages/airflow/example_dags/example_latest_only.py
[2026-05-09T12:20:10.210+0000] {logging_mixin.py:188} INFO - [2026-05-09T12:20:10.210+0000] {dag.py:3096} INFO - Sync 1 DAGs
[2026-05-09T12:20:10.227+0000] {logging_mixin.py:188} INFO - [2026-05-09T12:20:10.226+0000] {dag.py:3954} INFO - Setting next_dagrun for latest_only to 2026-05-09 08:00:00+00:00, run_after=2026-05-09 12:00:00+00:00
[2026-05-09T12:20:10.249+0000] {processor.py:183} INFO - Processing /home/vscode/.local/lib/python3.11/site-packages/airflow/example_dags/example_latest_only.py took 0.061 seconds
[2026-05-09T12:21:10.989+0000] {processor.py:161} INFO - Started process (PID=41721) to work on /home/vscode/.local/lib/python3.11/site-packages/airflow/example_dags/example_latest_only.py
[2026-05-09T12:21:10.990+0000] {processor.py:830} INFO - Processing file /home/vscode/.local/lib/python3.11/site-packages/airflow/example_dags/example_latest_only.py for tasks to queue
[2026-05-09T12:21:10.990+0000] {logging_mixin.py:188} INFO - [2026-05-09T12:21:10.990+0000] {dagbag.py:545} INFO - Filling up the DagBag from /home/vscode/.local/lib/python3.11/site-packages/airflow/example_dags/example_latest_only.py
[2026-05-09T12:21:10.995+0000] {processor.py:840} INFO - DAG(s) 'latest_only' retrieved from /home/vscode/.local/lib/python3.11/site-packages/airflow/example_dags/example_latest_only.py
[2026-05-09T12:21:11.006+0000] {logging_mixin.py:188} INFO - [2026-05-09T12:21:11.006+0000] {dag.py:3096} INFO - Sync 1 DAGs
[2026-05-09T12:21:11.027+0000] {logging_mixin.py:188} INFO - [2026-05-09T12:21:11.026+0000] {dag.py:3954} INFO - Setting next_dagrun for latest_only to 2026-05-09 08:00:00+00:00, run_after=2026-05-09 12:00:00+00:00
[2026-05-09T12:21:11.045+0000] {processor.py:183} INFO - Processing /home/vscode/.local/lib/python3.11/site-packages/airflow/example_dags/example_latest_only.py took 0.062 seconds
