[2026-05-09T11:19:00.708+0000] {processor.py:161} INFO - Started process (PID=7231) to work on /home/vscode/.local/lib/python3.11/site-packages/airflow/example_dags/example_params_ui_tutorial.py
[2026-05-09T11:19:00.709+0000] {processor.py:830} INFO - Processing file /home/vscode/.local/lib/python3.11/site-packages/airflow/example_dags/example_params_ui_tutorial.py for tasks to queue
[2026-05-09T11:19:00.709+0000] {logging_mixin.py:188} INFO - [2026-05-09T11:19:00.709+0000] {dagbag.py:545} INFO - Filling up the DagBag from /home/vscode/.local/lib/python3.11/site-packages/airflow/example_dags/example_params_ui_tutorial.py
[2026-05-09T11:19:00.719+0000] {processor.py:840} INFO - DAG(s) 'example_params_ui_tutorial' retrieved from /home/vscode/.local/lib/python3.11/site-packages/airflow/example_dags/example_params_ui_tutorial.py
[2026-05-09T11:19:00.920+0000] {logging_mixin.py:188} INFO - [2026-05-09T11:19:00.920+0000] {dag.py:3096} INFO - Sync 1 DAGs
[2026-05-09T11:19:00.926+0000] {logging_mixin.py:188} INFO - [2026-05-09T11:19:00.926+0000] {dag.py:3954} INFO - Setting next_dagrun for example_params_ui_tutorial to None, run_after=None
[2026-05-09T11:19:00.945+0000] {processor.py:183} INFO - Processing /home/vscode/.local/lib/python3.11/site-packages/airflow/example_dags/example_params_ui_tutorial.py took 0.242 seconds
[2026-05-09T11:20:00.825+0000] {processor.py:161} INFO - Started process (PID=7740) to work on /home/vscode/.local/lib/python3.11/site-packages/airflow/example_dags/example_params_ui_tutorial.py
[2026-05-09T11:20:00.825+0000] {processor.py:830} INFO - Processing file /home/vscode/.local/lib/python3.11/site-packages/airflow/example_dags/example_params_ui_tutorial.py for tasks to queue
[2026-05-09T11:20:00.826+0000] {logging_mixin.py:188} INFO - [2026-05-09T11:20:00.825+0000] {dagbag.py:545} INFO - Filling up the DagBag from /home/vscode/.local/lib/python3.11/site-packages/airflow/example_dags/example_params_ui_tutorial.py
[2026-05-09T11:20:00.834+0000] {processor.py:840} INFO - DAG(s) 'example_params_ui_tutorial' retrieved from /home/vscode/.local/lib/python3.11/site-packages/airflow/example_dags/example_params_ui_tutorial.py
[2026-05-09T11:20:00.961+0000] {logging_mixin.py:188} INFO - [2026-05-09T11:20:00.960+0000] {dag.py:3096} INFO - Sync 1 DAGs
[2026-05-09T11:20:00.967+0000] {logging_mixin.py:188} INFO - [2026-05-09T11:20:00.967+0000] {dag.py:3954} INFO - Setting next_dagrun for example_params_ui_tutorial to None, run_after=None
[2026-05-09T11:20:00.987+0000] {processor.py:183} INFO - Processing /home/vscode/.local/lib/python3.11/site-packages/airflow/example_dags/example_params_ui_tutorial.py took 0.168 seconds
[2026-05-09T11:20:52.480+0000] {processor.py:161} INFO - Started process (PID=8188) to work on /home/vscode/.local/lib/python3.11/site-packages/airflow/example_dags/example_params_ui_tutorial.py
[2026-05-09T11:20:52.480+0000] {processor.py:830} INFO - Processing file /home/vscode/.local/lib/python3.11/site-packages/airflow/example_dags/example_params_ui_tutorial.py for tasks to queue
[2026-05-09T11:20:52.481+0000] {logging_mixin.py:188} INFO - [2026-05-09T11:20:52.480+0000] {dagbag.py:545} INFO - Filling up the DagBag from /home/vscode/.local/lib/python3.11/site-packages/airflow/example_dags/example_params_ui_tutorial.py
[2026-05-09T11:20:52.489+0000] {processor.py:840} INFO - DAG(s) 'example_params_ui_tutorial' retrieved from /home/vscode/.local/lib/python3.11/site-packages/airflow/example_dags/example_params_ui_tutorial.py
[2026-05-09T11:20:52.523+0000] {logging_mixin.py:188} INFO - [2026-05-09T11:20:52.523+0000] {dag.py:3096} INFO - Sync 1 DAGs
[2026-05-09T11:20:52.531+0000] {logging_mixin.py:188} INFO - [2026-05-09T11:20:52.531+0000] {dag.py:3954} INFO - Setting next_dagrun for example_params_ui_tutorial to None, run_after=None
[2026-05-09T11:20:52.547+0000] {processor.py:183} INFO - Processing /home/vscode/.local/lib/python3.11/site-packages/airflow/example_dags/example_params_ui_tutorial.py took 0.074 seconds
[2026-05-09T11:21:42.744+0000] {processor.py:161} INFO - Started process (PID=8737) to work on /home/vscode/.local/lib/python3.11/site-packages/airflow/example_dags/example_params_ui_tutorial.py
[2026-05-09T11:21:42.744+0000] {processor.py:830} INFO - Processing file /home/vscode/.local/lib/python3.11/site-packages/airflow/example_dags/example_params_ui_tutorial.py for tasks to queue
[2026-05-09T11:21:42.745+0000] {logging_mixin.py:188} INFO - [2026-05-09T11:21:42.744+0000] {dagbag.py:545} INFO - Filling up the DagBag from /home/vscode/.local/lib/python3.11/site-packages/airflow/example_dags/example_params_ui_tutorial.py
[2026-05-09T11:21:42.753+0000] {processor.py:840} INFO - DAG(s) 'example_params_ui_tutorial' retrieved from /home/vscode/.local/lib/python3.11/site-packages/airflow/example_dags/example_params_ui_tutorial.py
[2026-05-09T11:21:42.786+0000] {logging_mixin.py:188} INFO - [2026-05-09T11:21:42.786+0000] {dag.py:3096} INFO - Sync 1 DAGs
[2026-05-09T11:21:42.794+0000] {logging_mixin.py:188} INFO - [2026-05-09T11:21:42.794+0000] {dag.py:3954} INFO - Setting next_dagrun for example_params_ui_tutorial to None, run_after=None
[2026-05-09T11:21:42.810+0000] {processor.py:183} INFO - Processing /home/vscode/.local/lib/python3.11/site-packages/airflow/example_dags/example_params_ui_tutorial.py took 0.073 seconds
[2026-05-09T11:22:41.540+0000] {processor.py:161} INFO - Started process (PID=9354) to work on /home/vscode/.local/lib/python3.11/site-packages/airflow/example_dags/example_params_ui_tutorial.py
[2026-05-09T11:22:41.541+0000] {processor.py:830} INFO - Processing file /home/vscode/.local/lib/python3.11/site-packages/airflow/example_dags/example_params_ui_tutorial.py for tasks to queue
[2026-05-09T11:22:41.541+0000] {logging_mixin.py:188} INFO - [2026-05-09T11:22:41.541+0000] {dagbag.py:545} INFO - Filling up the DagBag from /home/vscode/.local/lib/python3.11/site-packages/airflow/example_dags/example_params_ui_tutorial.py
[2026-05-09T11:22:41.550+0000] {processor.py:840} INFO - DAG(s) 'example_params_ui_tutorial' retrieved from /home/vscode/.local/lib/python3.11/site-packages/airflow/example_dags/example_params_ui_tutorial.py
[2026-05-09T11:22:41.586+0000] {logging_mixin.py:188} INFO - [2026-05-09T11:22:41.586+0000] {dag.py:3096} INFO - Sync 1 DAGs
[2026-05-09T11:22:41.594+0000] {logging_mixin.py:188} INFO - [2026-05-09T11:22:41.594+0000] {dag.py:3954} INFO - Setting next_dagrun for example_params_ui_tutorial to None, run_after=None
[2026-05-09T11:22:41.609+0000] {processor.py:183} INFO - Processing /home/vscode/.local/lib/python3.11/site-packages/airflow/example_dags/example_params_ui_tutorial.py took 0.076 seconds
[2026-05-09T11:23:38.241+0000] {processor.py:161} INFO - Started process (PID=10123) to work on /home/vscode/.local/lib/python3.11/site-packages/airflow/example_dags/example_params_ui_tutorial.py
[2026-05-09T11:23:38.241+0000] {processor.py:830} INFO - Processing file /home/vscode/.local/lib/python3.11/site-packages/airflow/example_dags/example_params_ui_tutorial.py for tasks to queue
[2026-05-09T11:23:38.242+0000] {logging_mixin.py:188} INFO - [2026-05-09T11:23:38.241+0000] {dagbag.py:545} INFO - Filling up the DagBag from /home/vscode/.local/lib/python3.11/site-packages/airflow/example_dags/example_params_ui_tutorial.py
[2026-05-09T11:23:38.250+0000] {processor.py:840} INFO - DAG(s) 'example_params_ui_tutorial' retrieved from /home/vscode/.local/lib/python3.11/site-packages/airflow/example_dags/example_params_ui_tutorial.py
[2026-05-09T11:23:38.283+0000] {logging_mixin.py:188} INFO - [2026-05-09T11:23:38.283+0000] {dag.py:3096} INFO - Sync 1 DAGs
[2026-05-09T11:23:38.290+0000] {logging_mixin.py:188} INFO - [2026-05-09T11:23:38.290+0000] {dag.py:3954} INFO - Setting next_dagrun for example_params_ui_tutorial to None, run_after=None
[2026-05-09T11:23:38.305+0000] {processor.py:183} INFO - Processing /home/vscode/.local/lib/python3.11/site-packages/airflow/example_dags/example_params_ui_tutorial.py took 0.071 seconds
[2026-05-09T11:24:37.845+0000] {processor.py:161} INFO - Started process (PID=10905) to work on /home/vscode/.local/lib/python3.11/site-packages/airflow/example_dags/example_params_ui_tutorial.py
[2026-05-09T11:24:37.846+0000] {processor.py:830} INFO - Processing file /home/vscode/.local/lib/python3.11/site-packages/airflow/example_dags/example_params_ui_tutorial.py for tasks to queue
[2026-05-09T11:24:37.846+0000] {logging_mixin.py:188} INFO - [2026-05-09T11:24:37.846+0000] {dagbag.py:545} INFO - Filling up the DagBag from /home/vscode/.local/lib/python3.11/site-packages/airflow/example_dags/example_params_ui_tutorial.py
[2026-05-09T11:24:37.854+0000] {processor.py:840} INFO - DAG(s) 'example_params_ui_tutorial' retrieved from /home/vscode/.local/lib/python3.11/site-packages/airflow/example_dags/example_params_ui_tutorial.py
[2026-05-09T11:24:37.887+0000] {logging_mixin.py:188} INFO - [2026-05-09T11:24:37.887+0000] {dag.py:3096} INFO - Sync 1 DAGs
[2026-05-09T11:24:37.894+0000] {logging_mixin.py:188} INFO - [2026-05-09T11:24:37.894+0000] {dag.py:3954} INFO - Setting next_dagrun for example_params_ui_tutorial to None, run_after=None
[2026-05-09T11:24:37.909+0000] {processor.py:183} INFO - Processing /home/vscode/.local/lib/python3.11/site-packages/airflow/example_dags/example_params_ui_tutorial.py took 0.070 seconds
[2026-05-09T11:25:39.563+0000] {processor.py:161} INFO - Started process (PID=11504) to work on /home/vscode/.local/lib/python3.11/site-packages/airflow/example_dags/example_params_ui_tutorial.py
[2026-05-09T11:25:39.564+0000] {processor.py:830} INFO - Processing file /home/vscode/.local/lib/python3.11/site-packages/airflow/example_dags/example_params_ui_tutorial.py for tasks to queue
[2026-05-09T11:25:39.564+0000] {logging_mixin.py:188} INFO - [2026-05-09T11:25:39.564+0000] {dagbag.py:545} INFO - Filling up the DagBag from /home/vscode/.local/lib/python3.11/site-packages/airflow/example_dags/example_params_ui_tutorial.py
[2026-05-09T11:25:39.574+0000] {processor.py:840} INFO - DAG(s) 'example_params_ui_tutorial' retrieved from /home/vscode/.local/lib/python3.11/site-packages/airflow/example_dags/example_params_ui_tutorial.py
[2026-05-09T11:25:39.618+0000] {logging_mixin.py:188} INFO - [2026-05-09T11:25:39.618+0000] {dag.py:3096} INFO - Sync 1 DAGs
[2026-05-09T11:25:39.626+0000] {logging_mixin.py:188} INFO - [2026-05-09T11:25:39.626+0000] {dag.py:3954} INFO - Setting next_dagrun for example_params_ui_tutorial to None, run_after=None
[2026-05-09T11:25:39.641+0000] {processor.py:183} INFO - Processing /home/vscode/.local/lib/python3.11/site-packages/airflow/example_dags/example_params_ui_tutorial.py took 0.084 seconds
[2026-05-09T11:26:38.988+0000] {processor.py:161} INFO - Started process (PID=12075) to work on /home/vscode/.local/lib/python3.11/site-packages/airflow/example_dags/example_params_ui_tutorial.py
[2026-05-09T11:26:38.989+0000] {processor.py:830} INFO - Processing file /home/vscode/.local/lib/python3.11/site-packages/airflow/example_dags/example_params_ui_tutorial.py for tasks to queue
[2026-05-09T11:26:38.989+0000] {logging_mixin.py:188} INFO - [2026-05-09T11:26:38.989+0000] {dagbag.py:545} INFO - Filling up the DagBag from /home/vscode/.local/lib/python3.11/site-packages/airflow/example_dags/example_params_ui_tutorial.py
[2026-05-09T11:26:38.997+0000] {processor.py:840} INFO - DAG(s) 'example_params_ui_tutorial' retrieved from /home/vscode/.local/lib/python3.11/site-packages/airflow/example_dags/example_params_ui_tutorial.py
[2026-05-09T11:26:39.031+0000] {logging_mixin.py:188} INFO - [2026-05-09T11:26:39.030+0000] {dag.py:3096} INFO - Sync 1 DAGs
[2026-05-09T11:26:39.039+0000] {logging_mixin.py:188} INFO - [2026-05-09T11:26:39.039+0000] {dag.py:3954} INFO - Setting next_dagrun for example_params_ui_tutorial to None, run_after=None
[2026-05-09T11:26:39.061+0000] {processor.py:183} INFO - Processing /home/vscode/.local/lib/python3.11/site-packages/airflow/example_dags/example_params_ui_tutorial.py took 0.078 seconds
[2026-05-09T11:27:38.663+0000] {processor.py:161} INFO - Started process (PID=12816) to work on /home/vscode/.local/lib/python3.11/site-packages/airflow/example_dags/example_params_ui_tutorial.py
[2026-05-09T11:27:38.663+0000] {processor.py:830} INFO - Processing file /home/vscode/.local/lib/python3.11/site-packages/airflow/example_dags/example_params_ui_tutorial.py for tasks to queue
[2026-05-09T11:27:38.664+0000] {logging_mixin.py:188} INFO - [2026-05-09T11:27:38.664+0000] {dagbag.py:545} INFO - Filling up the DagBag from /home/vscode/.local/lib/python3.11/site-packages/airflow/example_dags/example_params_ui_tutorial.py
[2026-05-09T11:27:38.672+0000] {processor.py:840} INFO - DAG(s) 'example_params_ui_tutorial' retrieved from /home/vscode/.local/lib/python3.11/site-packages/airflow/example_dags/example_params_ui_tutorial.py
[2026-05-09T11:27:38.710+0000] {logging_mixin.py:188} INFO - [2026-05-09T11:27:38.710+0000] {dag.py:3096} INFO - Sync 1 DAGs
[2026-05-09T11:27:38.718+0000] {logging_mixin.py:188} INFO - [2026-05-09T11:27:38.717+0000] {dag.py:3954} INFO - Setting next_dagrun for example_params_ui_tutorial to None, run_after=None
[2026-05-09T11:27:38.733+0000] {processor.py:183} INFO - Processing /home/vscode/.local/lib/python3.11/site-packages/airflow/example_dags/example_params_ui_tutorial.py took 0.077 seconds
[2026-05-09T11:28:39.432+0000] {processor.py:161} INFO - Started process (PID=13583) to work on /home/vscode/.local/lib/python3.11/site-packages/airflow/example_dags/example_params_ui_tutorial.py
[2026-05-09T11:28:39.432+0000] {processor.py:830} INFO - Processing file /home/vscode/.local/lib/python3.11/site-packages/airflow/example_dags/example_params_ui_tutorial.py for tasks to queue
[2026-05-09T11:28:39.433+0000] {logging_mixin.py:188} INFO - [2026-05-09T11:28:39.433+0000] {dagbag.py:545} INFO - Filling up the DagBag from /home/vscode/.local/lib/python3.11/site-packages/airflow/example_dags/example_params_ui_tutorial.py
[2026-05-09T11:28:39.442+0000] {processor.py:840} INFO - DAG(s) 'example_params_ui_tutorial' retrieved from /home/vscode/.local/lib/python3.11/site-packages/airflow/example_dags/example_params_ui_tutorial.py
[2026-05-09T11:28:39.483+0000] {logging_mixin.py:188} INFO - [2026-05-09T11:28:39.483+0000] {dag.py:3096} INFO - Sync 1 DAGs
[2026-05-09T11:28:39.491+0000] {logging_mixin.py:188} INFO - [2026-05-09T11:28:39.491+0000] {dag.py:3954} INFO - Setting next_dagrun for example_params_ui_tutorial to None, run_after=None
[2026-05-09T11:28:39.506+0000] {processor.py:183} INFO - Processing /home/vscode/.local/lib/python3.11/site-packages/airflow/example_dags/example_params_ui_tutorial.py took 0.081 seconds
[2026-05-09T11:29:42.646+0000] {processor.py:161} INFO - Started process (PID=14124) to work on /home/vscode/.local/lib/python3.11/site-packages/airflow/example_dags/example_params_ui_tutorial.py
[2026-05-09T11:29:42.646+0000] {processor.py:830} INFO - Processing file /home/vscode/.local/lib/python3.11/site-packages/airflow/example_dags/example_params_ui_tutorial.py for tasks to queue
[2026-05-09T11:29:42.647+0000] {logging_mixin.py:188} INFO - [2026-05-09T11:29:42.647+0000] {dagbag.py:545} INFO - Filling up the DagBag from /home/vscode/.local/lib/python3.11/site-packages/airflow/example_dags/example_params_ui_tutorial.py
[2026-05-09T11:29:42.656+0000] {processor.py:840} INFO - DAG(s) 'example_params_ui_tutorial' retrieved from /home/vscode/.local/lib/python3.11/site-packages/airflow/example_dags/example_params_ui_tutorial.py
[2026-05-09T11:29:42.692+0000] {logging_mixin.py:188} INFO - [2026-05-09T11:29:42.692+0000] {dag.py:3096} INFO - Sync 1 DAGs
[2026-05-09T11:29:42.701+0000] {logging_mixin.py:188} INFO - [2026-05-09T11:29:42.701+0000] {dag.py:3954} INFO - Setting next_dagrun for example_params_ui_tutorial to None, run_after=None
[2026-05-09T11:29:42.718+0000] {processor.py:183} INFO - Processing /home/vscode/.local/lib/python3.11/site-packages/airflow/example_dags/example_params_ui_tutorial.py took 0.079 seconds
[2026-05-09T11:30:26.053+0000] {processor.py:161} INFO - Started process (PID=14536) to work on /home/vscode/.local/lib/python3.11/site-packages/airflow/example_dags/example_params_ui_tutorial.py
[2026-05-09T11:30:26.054+0000] {processor.py:830} INFO - Processing file /home/vscode/.local/lib/python3.11/site-packages/airflow/example_dags/example_params_ui_tutorial.py for tasks to queue
[2026-05-09T11:30:26.054+0000] {logging_mixin.py:188} INFO - [2026-05-09T11:30:26.054+0000] {dagbag.py:545} INFO - Filling up the DagBag from /home/vscode/.local/lib/python3.11/site-packages/airflow/example_dags/example_params_ui_tutorial.py
[2026-05-09T11:30:26.063+0000] {processor.py:840} INFO - DAG(s) 'example_params_ui_tutorial' retrieved from /home/vscode/.local/lib/python3.11/site-packages/airflow/example_dags/example_params_ui_tutorial.py
[2026-05-09T11:30:26.098+0000] {logging_mixin.py:188} INFO - [2026-05-09T11:30:26.098+0000] {dag.py:3096} INFO - Sync 1 DAGs
[2026-05-09T11:30:26.107+0000] {logging_mixin.py:188} INFO - [2026-05-09T11:30:26.107+0000] {dag.py:3954} INFO - Setting next_dagrun for example_params_ui_tutorial to None, run_after=None
[2026-05-09T11:30:26.124+0000] {processor.py:183} INFO - Processing /home/vscode/.local/lib/python3.11/site-packages/airflow/example_dags/example_params_ui_tutorial.py took 0.077 seconds
[2026-05-09T11:31:24.134+0000] {processor.py:161} INFO - Started process (PID=15286) to work on /home/vscode/.local/lib/python3.11/site-packages/airflow/example_dags/example_params_ui_tutorial.py
[2026-05-09T11:31:24.135+0000] {processor.py:830} INFO - Processing file /home/vscode/.local/lib/python3.11/site-packages/airflow/example_dags/example_params_ui_tutorial.py for tasks to queue
[2026-05-09T11:31:24.135+0000] {logging_mixin.py:188} INFO - [2026-05-09T11:31:24.135+0000] {dagbag.py:545} INFO - Filling up the DagBag from /home/vscode/.local/lib/python3.11/site-packages/airflow/example_dags/example_params_ui_tutorial.py
[2026-05-09T11:31:24.144+0000] {processor.py:840} INFO - DAG(s) 'example_params_ui_tutorial' retrieved from /home/vscode/.local/lib/python3.11/site-packages/airflow/example_dags/example_params_ui_tutorial.py
[2026-05-09T11:31:24.209+0000] {logging_mixin.py:188} INFO - [2026-05-09T11:31:24.209+0000] {dag.py:3096} INFO - Sync 1 DAGs
[2026-05-09T11:31:24.234+0000] {logging_mixin.py:188} INFO - [2026-05-09T11:31:24.234+0000] {dag.py:3954} INFO - Setting next_dagrun for example_params_ui_tutorial to None, run_after=None
[2026-05-09T11:31:24.258+0000] {processor.py:183} INFO - Processing /home/vscode/.local/lib/python3.11/site-packages/airflow/example_dags/example_params_ui_tutorial.py took 0.130 seconds
[2026-05-09T11:32:09.488+0000] {processor.py:161} INFO - Started process (PID=15751) to work on /home/vscode/.local/lib/python3.11/site-packages/airflow/example_dags/example_params_ui_tutorial.py
[2026-05-09T11:32:09.489+0000] {processor.py:830} INFO - Processing file /home/vscode/.local/lib/python3.11/site-packages/airflow/example_dags/example_params_ui_tutorial.py for tasks to queue
[2026-05-09T11:32:09.489+0000] {logging_mixin.py:188} INFO - [2026-05-09T11:32:09.489+0000] {dagbag.py:545} INFO - Filling up the DagBag from /home/vscode/.local/lib/python3.11/site-packages/airflow/example_dags/example_params_ui_tutorial.py
[2026-05-09T11:32:09.498+0000] {processor.py:840} INFO - DAG(s) 'example_params_ui_tutorial' retrieved from /home/vscode/.local/lib/python3.11/site-packages/airflow/example_dags/example_params_ui_tutorial.py
[2026-05-09T11:32:09.534+0000] {logging_mixin.py:188} INFO - [2026-05-09T11:32:09.534+0000] {dag.py:3096} INFO - Sync 1 DAGs
[2026-05-09T11:32:09.543+0000] {logging_mixin.py:188} INFO - [2026-05-09T11:32:09.543+0000] {dag.py:3954} INFO - Setting next_dagrun for example_params_ui_tutorial to None, run_after=None
[2026-05-09T11:32:09.561+0000] {processor.py:183} INFO - Processing /home/vscode/.local/lib/python3.11/site-packages/airflow/example_dags/example_params_ui_tutorial.py took 0.078 seconds
[2026-05-09T11:32:53.757+0000] {processor.py:161} INFO - Started process (PID=16136) to work on /home/vscode/.local/lib/python3.11/site-packages/airflow/example_dags/example_params_ui_tutorial.py
[2026-05-09T11:32:53.757+0000] {processor.py:830} INFO - Processing file /home/vscode/.local/lib/python3.11/site-packages/airflow/example_dags/example_params_ui_tutorial.py for tasks to queue
[2026-05-09T11:32:53.758+0000] {logging_mixin.py:188} INFO - [2026-05-09T11:32:53.758+0000] {dagbag.py:545} INFO - Filling up the DagBag from /home/vscode/.local/lib/python3.11/site-packages/airflow/example_dags/example_params_ui_tutorial.py
[2026-05-09T11:32:53.770+0000] {processor.py:840} INFO - DAG(s) 'example_params_ui_tutorial' retrieved from /home/vscode/.local/lib/python3.11/site-packages/airflow/example_dags/example_params_ui_tutorial.py
[2026-05-09T11:32:53.836+0000] {logging_mixin.py:188} INFO - [2026-05-09T11:32:53.836+0000] {dag.py:3096} INFO - Sync 1 DAGs
[2026-05-09T11:32:53.848+0000] {logging_mixin.py:188} INFO - [2026-05-09T11:32:53.848+0000] {dag.py:3954} INFO - Setting next_dagrun for example_params_ui_tutorial to None, run_after=None
[2026-05-09T11:32:53.879+0000] {processor.py:183} INFO - Processing /home/vscode/.local/lib/python3.11/site-packages/airflow/example_dags/example_params_ui_tutorial.py took 0.129 seconds
[2026-05-09T11:33:56.807+0000] {processor.py:161} INFO - Started process (PID=16726) to work on /home/vscode/.local/lib/python3.11/site-packages/airflow/example_dags/example_params_ui_tutorial.py
[2026-05-09T11:33:56.808+0000] {processor.py:830} INFO - Processing file /home/vscode/.local/lib/python3.11/site-packages/airflow/example_dags/example_params_ui_tutorial.py for tasks to queue
[2026-05-09T11:33:56.808+0000] {logging_mixin.py:188} INFO - [2026-05-09T11:33:56.808+0000] {dagbag.py:545} INFO - Filling up the DagBag from /home/vscode/.local/lib/python3.11/site-packages/airflow/example_dags/example_params_ui_tutorial.py
[2026-05-09T11:33:56.817+0000] {processor.py:840} INFO - DAG(s) 'example_params_ui_tutorial' retrieved from /home/vscode/.local/lib/python3.11/site-packages/airflow/example_dags/example_params_ui_tutorial.py
[2026-05-09T11:33:56.851+0000] {logging_mixin.py:188} INFO - [2026-05-09T11:33:56.851+0000] {dag.py:3096} INFO - Sync 1 DAGs
[2026-05-09T11:33:56.859+0000] {logging_mixin.py:188} INFO - [2026-05-09T11:33:56.859+0000] {dag.py:3954} INFO - Setting next_dagrun for example_params_ui_tutorial to None, run_after=None
[2026-05-09T11:33:56.875+0000] {processor.py:183} INFO - Processing /home/vscode/.local/lib/python3.11/site-packages/airflow/example_dags/example_params_ui_tutorial.py took 0.074 seconds
[2026-05-09T11:34:58.050+0000] {processor.py:161} INFO - Started process (PID=17240) to work on /home/vscode/.local/lib/python3.11/site-packages/airflow/example_dags/example_params_ui_tutorial.py
[2026-05-09T11:34:58.051+0000] {processor.py:830} INFO - Processing file /home/vscode/.local/lib/python3.11/site-packages/airflow/example_dags/example_params_ui_tutorial.py for tasks to queue
[2026-05-09T11:34:58.052+0000] {logging_mixin.py:188} INFO - [2026-05-09T11:34:58.052+0000] {dagbag.py:545} INFO - Filling up the DagBag from /home/vscode/.local/lib/python3.11/site-packages/airflow/example_dags/example_params_ui_tutorial.py
[2026-05-09T11:34:58.081+0000] {processor.py:840} INFO - DAG(s) 'example_params_ui_tutorial' retrieved from /home/vscode/.local/lib/python3.11/site-packages/airflow/example_dags/example_params_ui_tutorial.py
[2026-05-09T11:34:58.136+0000] {logging_mixin.py:188} INFO - [2026-05-09T11:34:58.136+0000] {dag.py:3096} INFO - Sync 1 DAGs
[2026-05-09T11:34:58.144+0000] {logging_mixin.py:188} INFO - [2026-05-09T11:34:58.144+0000] {dag.py:3954} INFO - Setting next_dagrun for example_params_ui_tutorial to None, run_after=None
[2026-05-09T11:34:58.161+0000] {processor.py:183} INFO - Processing /home/vscode/.local/lib/python3.11/site-packages/airflow/example_dags/example_params_ui_tutorial.py took 0.124 seconds
[2026-05-09T11:35:56.690+0000] {processor.py:161} INFO - Started process (PID=17736) to work on /home/vscode/.local/lib/python3.11/site-packages/airflow/example_dags/example_params_ui_tutorial.py
[2026-05-09T11:35:56.690+0000] {processor.py:830} INFO - Processing file /home/vscode/.local/lib/python3.11/site-packages/airflow/example_dags/example_params_ui_tutorial.py for tasks to queue
[2026-05-09T11:35:56.691+0000] {logging_mixin.py:188} INFO - [2026-05-09T11:35:56.691+0000] {dagbag.py:545} INFO - Filling up the DagBag from /home/vscode/.local/lib/python3.11/site-packages/airflow/example_dags/example_params_ui_tutorial.py
[2026-05-09T11:35:56.699+0000] {processor.py:840} INFO - DAG(s) 'example_params_ui_tutorial' retrieved from /home/vscode/.local/lib/python3.11/site-packages/airflow/example_dags/example_params_ui_tutorial.py
[2026-05-09T11:35:56.737+0000] {logging_mixin.py:188} INFO - [2026-05-09T11:35:56.737+0000] {dag.py:3096} INFO - Sync 1 DAGs
[2026-05-09T11:35:56.748+0000] {logging_mixin.py:188} INFO - [2026-05-09T11:35:56.748+0000] {dag.py:3954} INFO - Setting next_dagrun for example_params_ui_tutorial to None, run_after=None
[2026-05-09T11:35:56.791+0000] {processor.py:183} INFO - Processing /home/vscode/.local/lib/python3.11/site-packages/airflow/example_dags/example_params_ui_tutorial.py took 0.107 seconds
[2026-05-09T11:36:58.636+0000] {processor.py:161} INFO - Started process (PID=18254) to work on /home/vscode/.local/lib/python3.11/site-packages/airflow/example_dags/example_params_ui_tutorial.py
[2026-05-09T11:36:58.637+0000] {processor.py:830} INFO - Processing file /home/vscode/.local/lib/python3.11/site-packages/airflow/example_dags/example_params_ui_tutorial.py for tasks to queue
[2026-05-09T11:36:58.638+0000] {logging_mixin.py:188} INFO - [2026-05-09T11:36:58.637+0000] {dagbag.py:545} INFO - Filling up the DagBag from /home/vscode/.local/lib/python3.11/site-packages/airflow/example_dags/example_params_ui_tutorial.py
[2026-05-09T11:36:58.647+0000] {processor.py:840} INFO - DAG(s) 'example_params_ui_tutorial' retrieved from /home/vscode/.local/lib/python3.11/site-packages/airflow/example_dags/example_params_ui_tutorial.py
[2026-05-09T11:36:58.685+0000] {logging_mixin.py:188} INFO - [2026-05-09T11:36:58.685+0000] {dag.py:3096} INFO - Sync 1 DAGs
[2026-05-09T11:36:58.693+0000] {logging_mixin.py:188} INFO - [2026-05-09T11:36:58.693+0000] {dag.py:3954} INFO - Setting next_dagrun for example_params_ui_tutorial to None, run_after=None
[2026-05-09T11:36:58.711+0000] {processor.py:183} INFO - Processing /home/vscode/.local/lib/python3.11/site-packages/airflow/example_dags/example_params_ui_tutorial.py took 0.083 seconds
[2026-05-09T11:38:00.891+0000] {processor.py:161} INFO - Started process (PID=19163) to work on /home/vscode/.local/lib/python3.11/site-packages/airflow/example_dags/example_params_ui_tutorial.py
[2026-05-09T11:38:00.892+0000] {processor.py:830} INFO - Processing file /home/vscode/.local/lib/python3.11/site-packages/airflow/example_dags/example_params_ui_tutorial.py for tasks to queue
[2026-05-09T11:38:00.892+0000] {logging_mixin.py:188} INFO - [2026-05-09T11:38:00.892+0000] {dagbag.py:545} INFO - Filling up the DagBag from /home/vscode/.local/lib/python3.11/site-packages/airflow/example_dags/example_params_ui_tutorial.py
[2026-05-09T11:38:00.901+0000] {processor.py:840} INFO - DAG(s) 'example_params_ui_tutorial' retrieved from /home/vscode/.local/lib/python3.11/site-packages/airflow/example_dags/example_params_ui_tutorial.py
[2026-05-09T11:38:00.937+0000] {logging_mixin.py:188} INFO - [2026-05-09T11:38:00.936+0000] {dag.py:3096} INFO - Sync 1 DAGs
[2026-05-09T11:38:00.945+0000] {logging_mixin.py:188} INFO - [2026-05-09T11:38:00.944+0000] {dag.py:3954} INFO - Setting next_dagrun for example_params_ui_tutorial to None, run_after=None
[2026-05-09T11:38:00.961+0000] {processor.py:183} INFO - Processing /home/vscode/.local/lib/python3.11/site-packages/airflow/example_dags/example_params_ui_tutorial.py took 0.076 seconds
[2026-05-09T11:39:01.957+0000] {processor.py:161} INFO - Started process (PID=19718) to work on /home/vscode/.local/lib/python3.11/site-packages/airflow/example_dags/example_params_ui_tutorial.py
[2026-05-09T11:39:01.958+0000] {processor.py:830} INFO - Processing file /home/vscode/.local/lib/python3.11/site-packages/airflow/example_dags/example_params_ui_tutorial.py for tasks to queue
[2026-05-09T11:39:01.959+0000] {logging_mixin.py:188} INFO - [2026-05-09T11:39:01.958+0000] {dagbag.py:545} INFO - Filling up the DagBag from /home/vscode/.local/lib/python3.11/site-packages/airflow/example_dags/example_params_ui_tutorial.py
[2026-05-09T11:39:01.968+0000] {processor.py:840} INFO - DAG(s) 'example_params_ui_tutorial' retrieved from /home/vscode/.local/lib/python3.11/site-packages/airflow/example_dags/example_params_ui_tutorial.py
[2026-05-09T11:39:02.002+0000] {logging_mixin.py:188} INFO - [2026-05-09T11:39:02.002+0000] {dag.py:3096} INFO - Sync 1 DAGs
[2026-05-09T11:39:02.010+0000] {logging_mixin.py:188} INFO - [2026-05-09T11:39:02.010+0000] {dag.py:3954} INFO - Setting next_dagrun for example_params_ui_tutorial to None, run_after=None
[2026-05-09T11:39:02.027+0000] {processor.py:183} INFO - Processing /home/vscode/.local/lib/python3.11/site-packages/airflow/example_dags/example_params_ui_tutorial.py took 0.076 seconds
[2026-05-09T11:40:02.605+0000] {processor.py:161} INFO - Started process (PID=20487) to work on /home/vscode/.local/lib/python3.11/site-packages/airflow/example_dags/example_params_ui_tutorial.py
[2026-05-09T11:40:02.606+0000] {processor.py:830} INFO - Processing file /home/vscode/.local/lib/python3.11/site-packages/airflow/example_dags/example_params_ui_tutorial.py for tasks to queue
[2026-05-09T11:40:02.606+0000] {logging_mixin.py:188} INFO - [2026-05-09T11:40:02.606+0000] {dagbag.py:545} INFO - Filling up the DagBag from /home/vscode/.local/lib/python3.11/site-packages/airflow/example_dags/example_params_ui_tutorial.py
[2026-05-09T11:40:02.614+0000] {processor.py:840} INFO - DAG(s) 'example_params_ui_tutorial' retrieved from /home/vscode/.local/lib/python3.11/site-packages/airflow/example_dags/example_params_ui_tutorial.py
[2026-05-09T11:40:02.647+0000] {logging_mixin.py:188} INFO - [2026-05-09T11:40:02.647+0000] {dag.py:3096} INFO - Sync 1 DAGs
[2026-05-09T11:40:02.655+0000] {logging_mixin.py:188} INFO - [2026-05-09T11:40:02.655+0000] {dag.py:3954} INFO - Setting next_dagrun for example_params_ui_tutorial to None, run_after=None
[2026-05-09T11:40:02.671+0000] {processor.py:183} INFO - Processing /home/vscode/.local/lib/python3.11/site-packages/airflow/example_dags/example_params_ui_tutorial.py took 0.071 seconds
[2026-05-09T11:41:06.400+0000] {processor.py:161} INFO - Started process (PID=21147) to work on /home/vscode/.local/lib/python3.11/site-packages/airflow/example_dags/example_params_ui_tutorial.py
[2026-05-09T11:41:06.400+0000] {processor.py:830} INFO - Processing file /home/vscode/.local/lib/python3.11/site-packages/airflow/example_dags/example_params_ui_tutorial.py for tasks to queue
[2026-05-09T11:41:06.401+0000] {logging_mixin.py:188} INFO - [2026-05-09T11:41:06.400+0000] {dagbag.py:545} INFO - Filling up the DagBag from /home/vscode/.local/lib/python3.11/site-packages/airflow/example_dags/example_params_ui_tutorial.py
[2026-05-09T11:41:06.409+0000] {processor.py:840} INFO - DAG(s) 'example_params_ui_tutorial' retrieved from /home/vscode/.local/lib/python3.11/site-packages/airflow/example_dags/example_params_ui_tutorial.py
[2026-05-09T11:41:06.448+0000] {logging_mixin.py:188} INFO - [2026-05-09T11:41:06.447+0000] {dag.py:3096} INFO - Sync 1 DAGs
[2026-05-09T11:41:06.455+0000] {logging_mixin.py:188} INFO - [2026-05-09T11:41:06.455+0000] {dag.py:3954} INFO - Setting next_dagrun for example_params_ui_tutorial to None, run_after=None
[2026-05-09T11:41:06.471+0000] {processor.py:183} INFO - Processing /home/vscode/.local/lib/python3.11/site-packages/airflow/example_dags/example_params_ui_tutorial.py took 0.077 seconds
[2026-05-09T11:41:50.552+0000] {processor.py:161} INFO - Started process (PID=21529) to work on /home/vscode/.local/lib/python3.11/site-packages/airflow/example_dags/example_params_ui_tutorial.py
[2026-05-09T11:41:50.553+0000] {processor.py:830} INFO - Processing file /home/vscode/.local/lib/python3.11/site-packages/airflow/example_dags/example_params_ui_tutorial.py for tasks to queue
[2026-05-09T11:41:50.553+0000] {logging_mixin.py:188} INFO - [2026-05-09T11:41:50.553+0000] {dagbag.py:545} INFO - Filling up the DagBag from /home/vscode/.local/lib/python3.11/site-packages/airflow/example_dags/example_params_ui_tutorial.py
[2026-05-09T11:41:50.586+0000] {processor.py:840} INFO - DAG(s) 'example_params_ui_tutorial' retrieved from /home/vscode/.local/lib/python3.11/site-packages/airflow/example_dags/example_params_ui_tutorial.py
[2026-05-09T11:41:50.649+0000] {logging_mixin.py:188} INFO - [2026-05-09T11:41:50.648+0000] {dag.py:3096} INFO - Sync 1 DAGs
[2026-05-09T11:41:50.658+0000] {logging_mixin.py:188} INFO - [2026-05-09T11:41:50.657+0000] {dag.py:3954} INFO - Setting next_dagrun for example_params_ui_tutorial to None, run_after=None
[2026-05-09T11:41:50.683+0000] {processor.py:183} INFO - Processing /home/vscode/.local/lib/python3.11/site-packages/airflow/example_dags/example_params_ui_tutorial.py took 0.144 seconds
[2026-05-09T11:42:34.404+0000] {processor.py:161} INFO - Started process (PID=21915) to work on /home/vscode/.local/lib/python3.11/site-packages/airflow/example_dags/example_params_ui_tutorial.py
[2026-05-09T11:42:34.404+0000] {processor.py:830} INFO - Processing file /home/vscode/.local/lib/python3.11/site-packages/airflow/example_dags/example_params_ui_tutorial.py for tasks to queue
[2026-05-09T11:42:34.405+0000] {logging_mixin.py:188} INFO - [2026-05-09T11:42:34.405+0000] {dagbag.py:545} INFO - Filling up the DagBag from /home/vscode/.local/lib/python3.11/site-packages/airflow/example_dags/example_params_ui_tutorial.py
[2026-05-09T11:42:34.414+0000] {processor.py:840} INFO - DAG(s) 'example_params_ui_tutorial' retrieved from /home/vscode/.local/lib/python3.11/site-packages/airflow/example_dags/example_params_ui_tutorial.py
[2026-05-09T11:42:34.450+0000] {logging_mixin.py:188} INFO - [2026-05-09T11:42:34.450+0000] {dag.py:3096} INFO - Sync 1 DAGs
[2026-05-09T11:42:34.458+0000] {logging_mixin.py:188} INFO - [2026-05-09T11:42:34.458+0000] {dag.py:3954} INFO - Setting next_dagrun for example_params_ui_tutorial to None, run_after=None
[2026-05-09T11:42:34.474+0000] {processor.py:183} INFO - Processing /home/vscode/.local/lib/python3.11/site-packages/airflow/example_dags/example_params_ui_tutorial.py took 0.077 seconds
[2026-05-09T11:43:41.868+0000] {processor.py:161} INFO - Started process (PID=22529) to work on /home/vscode/.local/lib/python3.11/site-packages/airflow/example_dags/example_params_ui_tutorial.py
[2026-05-09T11:43:41.868+0000] {processor.py:830} INFO - Processing file /home/vscode/.local/lib/python3.11/site-packages/airflow/example_dags/example_params_ui_tutorial.py for tasks to queue
[2026-05-09T11:43:41.869+0000] {logging_mixin.py:188} INFO - [2026-05-09T11:43:41.868+0000] {dagbag.py:545} INFO - Filling up the DagBag from /home/vscode/.local/lib/python3.11/site-packages/airflow/example_dags/example_params_ui_tutorial.py
[2026-05-09T11:43:41.877+0000] {processor.py:840} INFO - DAG(s) 'example_params_ui_tutorial' retrieved from /home/vscode/.local/lib/python3.11/site-packages/airflow/example_dags/example_params_ui_tutorial.py
[2026-05-09T11:43:41.917+0000] {logging_mixin.py:188} INFO - [2026-05-09T11:43:41.917+0000] {dag.py:3096} INFO - Sync 1 DAGs
[2026-05-09T11:43:41.931+0000] {logging_mixin.py:188} INFO - [2026-05-09T11:43:41.930+0000] {dag.py:3954} INFO - Setting next_dagrun for example_params_ui_tutorial to None, run_after=None
[2026-05-09T11:43:41.960+0000] {processor.py:183} INFO - Processing /home/vscode/.local/lib/python3.11/site-packages/airflow/example_dags/example_params_ui_tutorial.py took 0.099 seconds
[2026-05-09T11:44:40.134+0000] {processor.py:161} INFO - Started process (PID=23023) to work on /home/vscode/.local/lib/python3.11/site-packages/airflow/example_dags/example_params_ui_tutorial.py
[2026-05-09T11:44:40.134+0000] {processor.py:830} INFO - Processing file /home/vscode/.local/lib/python3.11/site-packages/airflow/example_dags/example_params_ui_tutorial.py for tasks to queue
[2026-05-09T11:44:40.135+0000] {logging_mixin.py:188} INFO - [2026-05-09T11:44:40.134+0000] {dagbag.py:545} INFO - Filling up the DagBag from /home/vscode/.local/lib/python3.11/site-packages/airflow/example_dags/example_params_ui_tutorial.py
[2026-05-09T11:44:40.144+0000] {processor.py:840} INFO - DAG(s) 'example_params_ui_tutorial' retrieved from /home/vscode/.local/lib/python3.11/site-packages/airflow/example_dags/example_params_ui_tutorial.py
[2026-05-09T11:44:40.179+0000] {logging_mixin.py:188} INFO - [2026-05-09T11:44:40.179+0000] {dag.py:3096} INFO - Sync 1 DAGs
[2026-05-09T11:44:40.187+0000] {logging_mixin.py:188} INFO - [2026-05-09T11:44:40.187+0000] {dag.py:3954} INFO - Setting next_dagrun for example_params_ui_tutorial to None, run_after=None
[2026-05-09T11:44:40.204+0000] {processor.py:183} INFO - Processing /home/vscode/.local/lib/python3.11/site-packages/airflow/example_dags/example_params_ui_tutorial.py took 0.076 seconds
[2026-05-09T11:45:25.893+0000] {processor.py:161} INFO - Started process (PID=23365) to work on /home/vscode/.local/lib/python3.11/site-packages/airflow/example_dags/example_params_ui_tutorial.py
[2026-05-09T11:45:25.894+0000] {processor.py:830} INFO - Processing file /home/vscode/.local/lib/python3.11/site-packages/airflow/example_dags/example_params_ui_tutorial.py for tasks to queue
[2026-05-09T11:45:25.894+0000] {logging_mixin.py:188} INFO - [2026-05-09T11:45:25.894+0000] {dagbag.py:545} INFO - Filling up the DagBag from /home/vscode/.local/lib/python3.11/site-packages/airflow/example_dags/example_params_ui_tutorial.py
[2026-05-09T11:45:25.903+0000] {processor.py:840} INFO - DAG(s) 'example_params_ui_tutorial' retrieved from /home/vscode/.local/lib/python3.11/site-packages/airflow/example_dags/example_params_ui_tutorial.py
[2026-05-09T11:45:25.939+0000] {logging_mixin.py:188} INFO - [2026-05-09T11:45:25.938+0000] {dag.py:3096} INFO - Sync 1 DAGs
[2026-05-09T11:45:25.947+0000] {logging_mixin.py:188} INFO - [2026-05-09T11:45:25.947+0000] {dag.py:3954} INFO - Setting next_dagrun for example_params_ui_tutorial to None, run_after=None
[2026-05-09T11:45:25.963+0000] {processor.py:183} INFO - Processing /home/vscode/.local/lib/python3.11/site-packages/airflow/example_dags/example_params_ui_tutorial.py took 0.075 seconds
[2026-05-09T11:46:10.772+0000] {processor.py:161} INFO - Started process (PID=23759) to work on /home/vscode/.local/lib/python3.11/site-packages/airflow/example_dags/example_params_ui_tutorial.py
[2026-05-09T11:46:10.773+0000] {processor.py:830} INFO - Processing file /home/vscode/.local/lib/python3.11/site-packages/airflow/example_dags/example_params_ui_tutorial.py for tasks to queue
[2026-05-09T11:46:10.773+0000] {logging_mixin.py:188} INFO - [2026-05-09T11:46:10.773+0000] {dagbag.py:545} INFO - Filling up the DagBag from /home/vscode/.local/lib/python3.11/site-packages/airflow/example_dags/example_params_ui_tutorial.py
[2026-05-09T11:46:10.785+0000] {processor.py:840} INFO - DAG(s) 'example_params_ui_tutorial' retrieved from /home/vscode/.local/lib/python3.11/site-packages/airflow/example_dags/example_params_ui_tutorial.py
[2026-05-09T11:46:10.823+0000] {logging_mixin.py:188} INFO - [2026-05-09T11:46:10.823+0000] {dag.py:3096} INFO - Sync 1 DAGs
[2026-05-09T11:46:10.832+0000] {logging_mixin.py:188} INFO - [2026-05-09T11:46:10.832+0000] {dag.py:3954} INFO - Setting next_dagrun for example_params_ui_tutorial to None, run_after=None
[2026-05-09T11:46:10.848+0000] {processor.py:183} INFO - Processing /home/vscode/.local/lib/python3.11/site-packages/airflow/example_dags/example_params_ui_tutorial.py took 0.083 seconds
[2026-05-09T11:47:15.763+0000] {processor.py:161} INFO - Started process (PID=24447) to work on /home/vscode/.local/lib/python3.11/site-packages/airflow/example_dags/example_params_ui_tutorial.py
[2026-05-09T11:47:15.765+0000] {processor.py:830} INFO - Processing file /home/vscode/.local/lib/python3.11/site-packages/airflow/example_dags/example_params_ui_tutorial.py for tasks to queue
[2026-05-09T11:47:15.765+0000] {logging_mixin.py:188} INFO - [2026-05-09T11:47:15.765+0000] {dagbag.py:545} INFO - Filling up the DagBag from /home/vscode/.local/lib/python3.11/site-packages/airflow/example_dags/example_params_ui_tutorial.py
[2026-05-09T11:47:15.788+0000] {processor.py:840} INFO - DAG(s) 'example_params_ui_tutorial' retrieved from /home/vscode/.local/lib/python3.11/site-packages/airflow/example_dags/example_params_ui_tutorial.py
[2026-05-09T11:47:15.841+0000] {logging_mixin.py:188} INFO - [2026-05-09T11:47:15.841+0000] {dag.py:3096} INFO - Sync 1 DAGs
[2026-05-09T11:47:15.849+0000] {logging_mixin.py:188} INFO - [2026-05-09T11:47:15.849+0000] {dag.py:3954} INFO - Setting next_dagrun for example_params_ui_tutorial to None, run_after=None
[2026-05-09T11:47:15.866+0000] {processor.py:183} INFO - Processing /home/vscode/.local/lib/python3.11/site-packages/airflow/example_dags/example_params_ui_tutorial.py took 0.116 seconds
[2026-05-09T11:48:00.393+0000] {processor.py:161} INFO - Started process (PID=24810) to work on /home/vscode/.local/lib/python3.11/site-packages/airflow/example_dags/example_params_ui_tutorial.py
[2026-05-09T11:48:00.394+0000] {processor.py:830} INFO - Processing file /home/vscode/.local/lib/python3.11/site-packages/airflow/example_dags/example_params_ui_tutorial.py for tasks to queue
[2026-05-09T11:48:00.394+0000] {logging_mixin.py:188} INFO - [2026-05-09T11:48:00.394+0000] {dagbag.py:545} INFO - Filling up the DagBag from /home/vscode/.local/lib/python3.11/site-packages/airflow/example_dags/example_params_ui_tutorial.py
[2026-05-09T11:48:00.402+0000] {processor.py:840} INFO - DAG(s) 'example_params_ui_tutorial' retrieved from /home/vscode/.local/lib/python3.11/site-packages/airflow/example_dags/example_params_ui_tutorial.py
[2026-05-09T11:48:00.435+0000] {logging_mixin.py:188} INFO - [2026-05-09T11:48:00.435+0000] {dag.py:3096} INFO - Sync 1 DAGs
[2026-05-09T11:48:00.443+0000] {logging_mixin.py:188} INFO - [2026-05-09T11:48:00.443+0000] {dag.py:3954} INFO - Setting next_dagrun for example_params_ui_tutorial to None, run_after=None
[2026-05-09T11:48:00.459+0000] {processor.py:183} INFO - Processing /home/vscode/.local/lib/python3.11/site-packages/airflow/example_dags/example_params_ui_tutorial.py took 0.072 seconds
[2026-05-09T11:48:43.785+0000] {processor.py:161} INFO - Started process (PID=25251) to work on /home/vscode/.local/lib/python3.11/site-packages/airflow/example_dags/example_params_ui_tutorial.py
[2026-05-09T11:48:43.786+0000] {processor.py:830} INFO - Processing file /home/vscode/.local/lib/python3.11/site-packages/airflow/example_dags/example_params_ui_tutorial.py for tasks to queue
[2026-05-09T11:48:43.787+0000] {logging_mixin.py:188} INFO - [2026-05-09T11:48:43.786+0000] {dagbag.py:545} INFO - Filling up the DagBag from /home/vscode/.local/lib/python3.11/site-packages/airflow/example_dags/example_params_ui_tutorial.py
[2026-05-09T11:48:43.796+0000] {processor.py:840} INFO - DAG(s) 'example_params_ui_tutorial' retrieved from /home/vscode/.local/lib/python3.11/site-packages/airflow/example_dags/example_params_ui_tutorial.py
[2026-05-09T11:48:43.830+0000] {logging_mixin.py:188} INFO - [2026-05-09T11:48:43.830+0000] {dag.py:3096} INFO - Sync 1 DAGs
[2026-05-09T11:48:43.838+0000] {logging_mixin.py:188} INFO - [2026-05-09T11:48:43.838+0000] {dag.py:3954} INFO - Setting next_dagrun for example_params_ui_tutorial to None, run_after=None
[2026-05-09T11:48:43.853+0000] {processor.py:183} INFO - Processing /home/vscode/.local/lib/python3.11/site-packages/airflow/example_dags/example_params_ui_tutorial.py took 0.075 seconds
[2026-05-09T11:49:44.754+0000] {processor.py:161} INFO - Started process (PID=25815) to work on /home/vscode/.local/lib/python3.11/site-packages/airflow/example_dags/example_params_ui_tutorial.py
[2026-05-09T11:49:44.754+0000] {processor.py:830} INFO - Processing file /home/vscode/.local/lib/python3.11/site-packages/airflow/example_dags/example_params_ui_tutorial.py for tasks to queue
[2026-05-09T11:49:44.755+0000] {logging_mixin.py:188} INFO - [2026-05-09T11:49:44.755+0000] {dagbag.py:545} INFO - Filling up the DagBag from /home/vscode/.local/lib/python3.11/site-packages/airflow/example_dags/example_params_ui_tutorial.py
[2026-05-09T11:49:44.764+0000] {processor.py:840} INFO - DAG(s) 'example_params_ui_tutorial' retrieved from /home/vscode/.local/lib/python3.11/site-packages/airflow/example_dags/example_params_ui_tutorial.py
[2026-05-09T11:49:44.799+0000] {logging_mixin.py:188} INFO - [2026-05-09T11:49:44.799+0000] {dag.py:3096} INFO - Sync 1 DAGs
[2026-05-09T11:49:44.808+0000] {logging_mixin.py:188} INFO - [2026-05-09T11:49:44.808+0000] {dag.py:3954} INFO - Setting next_dagrun for example_params_ui_tutorial to None, run_after=None
[2026-05-09T11:49:44.824+0000] {processor.py:183} INFO - Processing /home/vscode/.local/lib/python3.11/site-packages/airflow/example_dags/example_params_ui_tutorial.py took 0.077 seconds
[2026-05-09T11:50:48.514+0000] {processor.py:161} INFO - Started process (PID=26418) to work on /home/vscode/.local/lib/python3.11/site-packages/airflow/example_dags/example_params_ui_tutorial.py
[2026-05-09T11:50:48.514+0000] {processor.py:830} INFO - Processing file /home/vscode/.local/lib/python3.11/site-packages/airflow/example_dags/example_params_ui_tutorial.py for tasks to queue
[2026-05-09T11:50:48.515+0000] {logging_mixin.py:188} INFO - [2026-05-09T11:50:48.515+0000] {dagbag.py:545} INFO - Filling up the DagBag from /home/vscode/.local/lib/python3.11/site-packages/airflow/example_dags/example_params_ui_tutorial.py
[2026-05-09T11:50:48.524+0000] {processor.py:840} INFO - DAG(s) 'example_params_ui_tutorial' retrieved from /home/vscode/.local/lib/python3.11/site-packages/airflow/example_dags/example_params_ui_tutorial.py
[2026-05-09T11:50:48.559+0000] {logging_mixin.py:188} INFO - [2026-05-09T11:50:48.559+0000] {dag.py:3096} INFO - Sync 1 DAGs
[2026-05-09T11:50:48.567+0000] {logging_mixin.py:188} INFO - [2026-05-09T11:50:48.567+0000] {dag.py:3954} INFO - Setting next_dagrun for example_params_ui_tutorial to None, run_after=None
[2026-05-09T11:50:48.583+0000] {processor.py:183} INFO - Processing /home/vscode/.local/lib/python3.11/site-packages/airflow/example_dags/example_params_ui_tutorial.py took 0.076 seconds
[2026-05-09T11:51:51.906+0000] {processor.py:161} INFO - Started process (PID=27181) to work on /home/vscode/.local/lib/python3.11/site-packages/airflow/example_dags/example_params_ui_tutorial.py
[2026-05-09T11:51:51.907+0000] {processor.py:830} INFO - Processing file /home/vscode/.local/lib/python3.11/site-packages/airflow/example_dags/example_params_ui_tutorial.py for tasks to queue
[2026-05-09T11:51:51.907+0000] {logging_mixin.py:188} INFO - [2026-05-09T11:51:51.907+0000] {dagbag.py:545} INFO - Filling up the DagBag from /home/vscode/.local/lib/python3.11/site-packages/airflow/example_dags/example_params_ui_tutorial.py
[2026-05-09T11:51:51.916+0000] {processor.py:840} INFO - DAG(s) 'example_params_ui_tutorial' retrieved from /home/vscode/.local/lib/python3.11/site-packages/airflow/example_dags/example_params_ui_tutorial.py
[2026-05-09T11:51:51.950+0000] {logging_mixin.py:188} INFO - [2026-05-09T11:51:51.950+0000] {dag.py:3096} INFO - Sync 1 DAGs
[2026-05-09T11:51:51.959+0000] {logging_mixin.py:188} INFO - [2026-05-09T11:51:51.958+0000] {dag.py:3954} INFO - Setting next_dagrun for example_params_ui_tutorial to None, run_after=None
[2026-05-09T11:51:51.974+0000] {processor.py:183} INFO - Processing /home/vscode/.local/lib/python3.11/site-packages/airflow/example_dags/example_params_ui_tutorial.py took 0.074 seconds
[2026-05-09T11:52:52.249+0000] {processor.py:161} INFO - Started process (PID=27681) to work on /home/vscode/.local/lib/python3.11/site-packages/airflow/example_dags/example_params_ui_tutorial.py
[2026-05-09T11:52:52.249+0000] {processor.py:830} INFO - Processing file /home/vscode/.local/lib/python3.11/site-packages/airflow/example_dags/example_params_ui_tutorial.py for tasks to queue
[2026-05-09T11:52:52.250+0000] {logging_mixin.py:188} INFO - [2026-05-09T11:52:52.250+0000] {dagbag.py:545} INFO - Filling up the DagBag from /home/vscode/.local/lib/python3.11/site-packages/airflow/example_dags/example_params_ui_tutorial.py
[2026-05-09T11:52:52.258+0000] {processor.py:840} INFO - DAG(s) 'example_params_ui_tutorial' retrieved from /home/vscode/.local/lib/python3.11/site-packages/airflow/example_dags/example_params_ui_tutorial.py
[2026-05-09T11:52:52.291+0000] {logging_mixin.py:188} INFO - [2026-05-09T11:52:52.291+0000] {dag.py:3096} INFO - Sync 1 DAGs
[2026-05-09T11:52:52.299+0000] {logging_mixin.py:188} INFO - [2026-05-09T11:52:52.299+0000] {dag.py:3954} INFO - Setting next_dagrun for example_params_ui_tutorial to None, run_after=None
[2026-05-09T11:52:52.315+0000] {processor.py:183} INFO - Processing /home/vscode/.local/lib/python3.11/site-packages/airflow/example_dags/example_params_ui_tutorial.py took 0.072 seconds
[2026-05-09T11:53:52.908+0000] {processor.py:161} INFO - Started process (PID=28265) to work on /home/vscode/.local/lib/python3.11/site-packages/airflow/example_dags/example_params_ui_tutorial.py
[2026-05-09T11:53:52.908+0000] {processor.py:830} INFO - Processing file /home/vscode/.local/lib/python3.11/site-packages/airflow/example_dags/example_params_ui_tutorial.py for tasks to queue
[2026-05-09T11:53:52.909+0000] {logging_mixin.py:188} INFO - [2026-05-09T11:53:52.909+0000] {dagbag.py:545} INFO - Filling up the DagBag from /home/vscode/.local/lib/python3.11/site-packages/airflow/example_dags/example_params_ui_tutorial.py
[2026-05-09T11:53:52.917+0000] {processor.py:840} INFO - DAG(s) 'example_params_ui_tutorial' retrieved from /home/vscode/.local/lib/python3.11/site-packages/airflow/example_dags/example_params_ui_tutorial.py
[2026-05-09T11:53:52.950+0000] {logging_mixin.py:188} INFO - [2026-05-09T11:53:52.950+0000] {dag.py:3096} INFO - Sync 1 DAGs
[2026-05-09T11:53:52.958+0000] {logging_mixin.py:188} INFO - [2026-05-09T11:53:52.958+0000] {dag.py:3954} INFO - Setting next_dagrun for example_params_ui_tutorial to None, run_after=None
[2026-05-09T11:53:52.975+0000] {processor.py:183} INFO - Processing /home/vscode/.local/lib/python3.11/site-packages/airflow/example_dags/example_params_ui_tutorial.py took 0.073 seconds
[2026-05-09T11:54:54.549+0000] {processor.py:161} INFO - Started process (PID=28734) to work on /home/vscode/.local/lib/python3.11/site-packages/airflow/example_dags/example_params_ui_tutorial.py
[2026-05-09T11:54:54.549+0000] {processor.py:830} INFO - Processing file /home/vscode/.local/lib/python3.11/site-packages/airflow/example_dags/example_params_ui_tutorial.py for tasks to queue
[2026-05-09T11:54:54.550+0000] {logging_mixin.py:188} INFO - [2026-05-09T11:54:54.550+0000] {dagbag.py:545} INFO - Filling up the DagBag from /home/vscode/.local/lib/python3.11/site-packages/airflow/example_dags/example_params_ui_tutorial.py
[2026-05-09T11:54:54.560+0000] {processor.py:840} INFO - DAG(s) 'example_params_ui_tutorial' retrieved from /home/vscode/.local/lib/python3.11/site-packages/airflow/example_dags/example_params_ui_tutorial.py
[2026-05-09T11:54:54.593+0000] {logging_mixin.py:188} INFO - [2026-05-09T11:54:54.593+0000] {dag.py:3096} INFO - Sync 1 DAGs
[2026-05-09T11:54:54.601+0000] {logging_mixin.py:188} INFO - [2026-05-09T11:54:54.601+0000] {dag.py:3954} INFO - Setting next_dagrun for example_params_ui_tutorial to None, run_after=None
[2026-05-09T11:54:54.618+0000] {processor.py:183} INFO - Processing /home/vscode/.local/lib/python3.11/site-packages/airflow/example_dags/example_params_ui_tutorial.py took 0.075 seconds
[2026-05-09T11:55:56.261+0000] {processor.py:161} INFO - Started process (PID=29258) to work on /home/vscode/.local/lib/python3.11/site-packages/airflow/example_dags/example_params_ui_tutorial.py
[2026-05-09T11:55:56.261+0000] {processor.py:830} INFO - Processing file /home/vscode/.local/lib/python3.11/site-packages/airflow/example_dags/example_params_ui_tutorial.py for tasks to queue
[2026-05-09T11:55:56.262+0000] {logging_mixin.py:188} INFO - [2026-05-09T11:55:56.262+0000] {dagbag.py:545} INFO - Filling up the DagBag from /home/vscode/.local/lib/python3.11/site-packages/airflow/example_dags/example_params_ui_tutorial.py
[2026-05-09T11:55:56.270+0000] {processor.py:840} INFO - DAG(s) 'example_params_ui_tutorial' retrieved from /home/vscode/.local/lib/python3.11/site-packages/airflow/example_dags/example_params_ui_tutorial.py
[2026-05-09T11:55:56.304+0000] {logging_mixin.py:188} INFO - [2026-05-09T11:55:56.304+0000] {dag.py:3096} INFO - Sync 1 DAGs
[2026-05-09T11:55:56.312+0000] {logging_mixin.py:188} INFO - [2026-05-09T11:55:56.312+0000] {dag.py:3954} INFO - Setting next_dagrun for example_params_ui_tutorial to None, run_after=None
[2026-05-09T11:55:56.329+0000] {processor.py:183} INFO - Processing /home/vscode/.local/lib/python3.11/site-packages/airflow/example_dags/example_params_ui_tutorial.py took 0.074 seconds
[2026-05-09T11:56:56.818+0000] {processor.py:161} INFO - Started process (PID=29721) to work on /home/vscode/.local/lib/python3.11/site-packages/airflow/example_dags/example_params_ui_tutorial.py
[2026-05-09T11:56:56.818+0000] {processor.py:830} INFO - Processing file /home/vscode/.local/lib/python3.11/site-packages/airflow/example_dags/example_params_ui_tutorial.py for tasks to queue
[2026-05-09T11:56:56.819+0000] {logging_mixin.py:188} INFO - [2026-05-09T11:56:56.819+0000] {dagbag.py:545} INFO - Filling up the DagBag from /home/vscode/.local/lib/python3.11/site-packages/airflow/example_dags/example_params_ui_tutorial.py
[2026-05-09T11:56:56.827+0000] {processor.py:840} INFO - DAG(s) 'example_params_ui_tutorial' retrieved from /home/vscode/.local/lib/python3.11/site-packages/airflow/example_dags/example_params_ui_tutorial.py
[2026-05-09T11:56:56.861+0000] {logging_mixin.py:188} INFO - [2026-05-09T11:56:56.860+0000] {dag.py:3096} INFO - Sync 1 DAGs
[2026-05-09T11:56:56.869+0000] {logging_mixin.py:188} INFO - [2026-05-09T11:56:56.868+0000] {dag.py:3954} INFO - Setting next_dagrun for example_params_ui_tutorial to None, run_after=None
[2026-05-09T11:56:56.884+0000] {processor.py:183} INFO - Processing /home/vscode/.local/lib/python3.11/site-packages/airflow/example_dags/example_params_ui_tutorial.py took 0.072 seconds
[2026-05-09T11:58:02.177+0000] {processor.py:161} INFO - Started process (PID=30268) to work on /home/vscode/.local/lib/python3.11/site-packages/airflow/example_dags/example_params_ui_tutorial.py
[2026-05-09T11:58:02.178+0000] {processor.py:830} INFO - Processing file /home/vscode/.local/lib/python3.11/site-packages/airflow/example_dags/example_params_ui_tutorial.py for tasks to queue
[2026-05-09T11:58:02.178+0000] {logging_mixin.py:188} INFO - [2026-05-09T11:58:02.178+0000] {dagbag.py:545} INFO - Filling up the DagBag from /home/vscode/.local/lib/python3.11/site-packages/airflow/example_dags/example_params_ui_tutorial.py
[2026-05-09T11:58:02.187+0000] {processor.py:840} INFO - DAG(s) 'example_params_ui_tutorial' retrieved from /home/vscode/.local/lib/python3.11/site-packages/airflow/example_dags/example_params_ui_tutorial.py
[2026-05-09T11:58:02.224+0000] {logging_mixin.py:188} INFO - [2026-05-09T11:58:02.224+0000] {dag.py:3096} INFO - Sync 1 DAGs
[2026-05-09T11:58:02.233+0000] {logging_mixin.py:188} INFO - [2026-05-09T11:58:02.232+0000] {dag.py:3954} INFO - Setting next_dagrun for example_params_ui_tutorial to None, run_after=None
[2026-05-09T11:58:02.250+0000] {processor.py:183} INFO - Processing /home/vscode/.local/lib/python3.11/site-packages/airflow/example_dags/example_params_ui_tutorial.py took 0.079 seconds
[2026-05-09T11:59:05.604+0000] {processor.py:161} INFO - Started process (PID=30748) to work on /home/vscode/.local/lib/python3.11/site-packages/airflow/example_dags/example_params_ui_tutorial.py
[2026-05-09T11:59:05.605+0000] {processor.py:830} INFO - Processing file /home/vscode/.local/lib/python3.11/site-packages/airflow/example_dags/example_params_ui_tutorial.py for tasks to queue
[2026-05-09T11:59:05.606+0000] {logging_mixin.py:188} INFO - [2026-05-09T11:59:05.605+0000] {dagbag.py:545} INFO - Filling up the DagBag from /home/vscode/.local/lib/python3.11/site-packages/airflow/example_dags/example_params_ui_tutorial.py
[2026-05-09T11:59:05.614+0000] {processor.py:840} INFO - DAG(s) 'example_params_ui_tutorial' retrieved from /home/vscode/.local/lib/python3.11/site-packages/airflow/example_dags/example_params_ui_tutorial.py
[2026-05-09T11:59:05.650+0000] {logging_mixin.py:188} INFO - [2026-05-09T11:59:05.650+0000] {dag.py:3096} INFO - Sync 1 DAGs
[2026-05-09T11:59:05.658+0000] {logging_mixin.py:188} INFO - [2026-05-09T11:59:05.658+0000] {dag.py:3954} INFO - Setting next_dagrun for example_params_ui_tutorial to None, run_after=None
[2026-05-09T11:59:05.675+0000] {processor.py:183} INFO - Processing /home/vscode/.local/lib/python3.11/site-packages/airflow/example_dags/example_params_ui_tutorial.py took 0.079 seconds
[2026-05-09T12:00:07.742+0000] {processor.py:161} INFO - Started process (PID=31282) to work on /home/vscode/.local/lib/python3.11/site-packages/airflow/example_dags/example_params_ui_tutorial.py
[2026-05-09T12:00:07.742+0000] {processor.py:830} INFO - Processing file /home/vscode/.local/lib/python3.11/site-packages/airflow/example_dags/example_params_ui_tutorial.py for tasks to queue
[2026-05-09T12:00:07.743+0000] {logging_mixin.py:188} INFO - [2026-05-09T12:00:07.742+0000] {dagbag.py:545} INFO - Filling up the DagBag from /home/vscode/.local/lib/python3.11/site-packages/airflow/example_dags/example_params_ui_tutorial.py
[2026-05-09T12:00:07.752+0000] {processor.py:840} INFO - DAG(s) 'example_params_ui_tutorial' retrieved from /home/vscode/.local/lib/python3.11/site-packages/airflow/example_dags/example_params_ui_tutorial.py
[2026-05-09T12:00:07.786+0000] {logging_mixin.py:188} INFO - [2026-05-09T12:00:07.786+0000] {dag.py:3096} INFO - Sync 1 DAGs
[2026-05-09T12:00:07.794+0000] {logging_mixin.py:188} INFO - [2026-05-09T12:00:07.794+0000] {dag.py:3954} INFO - Setting next_dagrun for example_params_ui_tutorial to None, run_after=None
[2026-05-09T12:00:07.811+0000] {processor.py:183} INFO - Processing /home/vscode/.local/lib/python3.11/site-packages/airflow/example_dags/example_params_ui_tutorial.py took 0.075 seconds
[2026-05-09T12:01:10.079+0000] {processor.py:161} INFO - Started process (PID=31754) to work on /home/vscode/.local/lib/python3.11/site-packages/airflow/example_dags/example_params_ui_tutorial.py
[2026-05-09T12:01:10.079+0000] {processor.py:830} INFO - Processing file /home/vscode/.local/lib/python3.11/site-packages/airflow/example_dags/example_params_ui_tutorial.py for tasks to queue
[2026-05-09T12:01:10.080+0000] {logging_mixin.py:188} INFO - [2026-05-09T12:01:10.080+0000] {dagbag.py:545} INFO - Filling up the DagBag from /home/vscode/.local/lib/python3.11/site-packages/airflow/example_dags/example_params_ui_tutorial.py
[2026-05-09T12:01:10.089+0000] {processor.py:840} INFO - DAG(s) 'example_params_ui_tutorial' retrieved from /home/vscode/.local/lib/python3.11/site-packages/airflow/example_dags/example_params_ui_tutorial.py
[2026-05-09T12:01:10.125+0000] {logging_mixin.py:188} INFO - [2026-05-09T12:01:10.125+0000] {dag.py:3096} INFO - Sync 1 DAGs
[2026-05-09T12:01:10.134+0000] {logging_mixin.py:188} INFO - [2026-05-09T12:01:10.133+0000] {dag.py:3954} INFO - Setting next_dagrun for example_params_ui_tutorial to None, run_after=None
[2026-05-09T12:01:10.151+0000] {processor.py:183} INFO - Processing /home/vscode/.local/lib/python3.11/site-packages/airflow/example_dags/example_params_ui_tutorial.py took 0.078 seconds
[2026-05-09T12:01:54.327+0000] {processor.py:161} INFO - Started process (PID=32125) to work on /home/vscode/.local/lib/python3.11/site-packages/airflow/example_dags/example_params_ui_tutorial.py
[2026-05-09T12:01:54.327+0000] {processor.py:830} INFO - Processing file /home/vscode/.local/lib/python3.11/site-packages/airflow/example_dags/example_params_ui_tutorial.py for tasks to queue
[2026-05-09T12:01:54.328+0000] {logging_mixin.py:188} INFO - [2026-05-09T12:01:54.328+0000] {dagbag.py:545} INFO - Filling up the DagBag from /home/vscode/.local/lib/python3.11/site-packages/airflow/example_dags/example_params_ui_tutorial.py
[2026-05-09T12:01:54.337+0000] {processor.py:840} INFO - DAG(s) 'example_params_ui_tutorial' retrieved from /home/vscode/.local/lib/python3.11/site-packages/airflow/example_dags/example_params_ui_tutorial.py
[2026-05-09T12:01:54.372+0000] {logging_mixin.py:188} INFO - [2026-05-09T12:01:54.372+0000] {dag.py:3096} INFO - Sync 1 DAGs
[2026-05-09T12:01:54.380+0000] {logging_mixin.py:188} INFO - [2026-05-09T12:01:54.380+0000] {dag.py:3954} INFO - Setting next_dagrun for example_params_ui_tutorial to None, run_after=None
[2026-05-09T12:01:54.397+0000] {processor.py:183} INFO - Processing /home/vscode/.local/lib/python3.11/site-packages/airflow/example_dags/example_params_ui_tutorial.py took 0.076 seconds
[2026-05-09T12:02:57.307+0000] {processor.py:161} INFO - Started process (PID=32659) to work on /home/vscode/.local/lib/python3.11/site-packages/airflow/example_dags/example_params_ui_tutorial.py
[2026-05-09T12:02:57.308+0000] {processor.py:830} INFO - Processing file /home/vscode/.local/lib/python3.11/site-packages/airflow/example_dags/example_params_ui_tutorial.py for tasks to queue
[2026-05-09T12:02:57.308+0000] {logging_mixin.py:188} INFO - [2026-05-09T12:02:57.308+0000] {dagbag.py:545} INFO - Filling up the DagBag from /home/vscode/.local/lib/python3.11/site-packages/airflow/example_dags/example_params_ui_tutorial.py
[2026-05-09T12:02:57.317+0000] {processor.py:840} INFO - DAG(s) 'example_params_ui_tutorial' retrieved from /home/vscode/.local/lib/python3.11/site-packages/airflow/example_dags/example_params_ui_tutorial.py
[2026-05-09T12:02:57.351+0000] {logging_mixin.py:188} INFO - [2026-05-09T12:02:57.351+0000] {dag.py:3096} INFO - Sync 1 DAGs
[2026-05-09T12:02:57.358+0000] {logging_mixin.py:188} INFO - [2026-05-09T12:02:57.358+0000] {dag.py:3954} INFO - Setting next_dagrun for example_params_ui_tutorial to None, run_after=None
[2026-05-09T12:02:57.374+0000] {processor.py:183} INFO - Processing /home/vscode/.local/lib/python3.11/site-packages/airflow/example_dags/example_params_ui_tutorial.py took 0.072 seconds
[2026-05-09T12:03:58.404+0000] {processor.py:161} INFO - Started process (PID=33183) to work on /home/vscode/.local/lib/python3.11/site-packages/airflow/example_dags/example_params_ui_tutorial.py
[2026-05-09T12:03:58.404+0000] {processor.py:830} INFO - Processing file /home/vscode/.local/lib/python3.11/site-packages/airflow/example_dags/example_params_ui_tutorial.py for tasks to queue
[2026-05-09T12:03:58.405+0000] {logging_mixin.py:188} INFO - [2026-05-09T12:03:58.405+0000] {dagbag.py:545} INFO - Filling up the DagBag from /home/vscode/.local/lib/python3.11/site-packages/airflow/example_dags/example_params_ui_tutorial.py
[2026-05-09T12:03:58.413+0000] {processor.py:840} INFO - DAG(s) 'example_params_ui_tutorial' retrieved from /home/vscode/.local/lib/python3.11/site-packages/airflow/example_dags/example_params_ui_tutorial.py
[2026-05-09T12:03:58.447+0000] {logging_mixin.py:188} INFO - [2026-05-09T12:03:58.447+0000] {dag.py:3096} INFO - Sync 1 DAGs
[2026-05-09T12:03:58.455+0000] {logging_mixin.py:188} INFO - [2026-05-09T12:03:58.455+0000] {dag.py:3954} INFO - Setting next_dagrun for example_params_ui_tutorial to None, run_after=None
[2026-05-09T12:03:58.470+0000] {processor.py:183} INFO - Processing /home/vscode/.local/lib/python3.11/site-packages/airflow/example_dags/example_params_ui_tutorial.py took 0.072 seconds
[2026-05-09T12:04:40.332+0000] {processor.py:161} INFO - Started process (PID=33541) to work on /home/vscode/.local/lib/python3.11/site-packages/airflow/example_dags/example_params_ui_tutorial.py
[2026-05-09T12:04:40.333+0000] {processor.py:830} INFO - Processing file /home/vscode/.local/lib/python3.11/site-packages/airflow/example_dags/example_params_ui_tutorial.py for tasks to queue
[2026-05-09T12:04:40.333+0000] {logging_mixin.py:188} INFO - [2026-05-09T12:04:40.333+0000] {dagbag.py:545} INFO - Filling up the DagBag from /home/vscode/.local/lib/python3.11/site-packages/airflow/example_dags/example_params_ui_tutorial.py
[2026-05-09T12:04:40.344+0000] {processor.py:840} INFO - DAG(s) 'example_params_ui_tutorial' retrieved from /home/vscode/.local/lib/python3.11/site-packages/airflow/example_dags/example_params_ui_tutorial.py
[2026-05-09T12:04:40.380+0000] {logging_mixin.py:188} INFO - [2026-05-09T12:04:40.380+0000] {dag.py:3096} INFO - Sync 1 DAGs
[2026-05-09T12:04:40.388+0000] {logging_mixin.py:188} INFO - [2026-05-09T12:04:40.388+0000] {dag.py:3954} INFO - Setting next_dagrun for example_params_ui_tutorial to None, run_after=None
[2026-05-09T12:04:40.404+0000] {processor.py:183} INFO - Processing /home/vscode/.local/lib/python3.11/site-packages/airflow/example_dags/example_params_ui_tutorial.py took 0.080 seconds
[2026-05-09T12:05:41.610+0000] {processor.py:161} INFO - Started process (PID=34072) to work on /home/vscode/.local/lib/python3.11/site-packages/airflow/example_dags/example_params_ui_tutorial.py
[2026-05-09T12:05:41.610+0000] {processor.py:830} INFO - Processing file /home/vscode/.local/lib/python3.11/site-packages/airflow/example_dags/example_params_ui_tutorial.py for tasks to queue
[2026-05-09T12:05:41.611+0000] {logging_mixin.py:188} INFO - [2026-05-09T12:05:41.611+0000] {dagbag.py:545} INFO - Filling up the DagBag from /home/vscode/.local/lib/python3.11/site-packages/airflow/example_dags/example_params_ui_tutorial.py
[2026-05-09T12:05:41.619+0000] {processor.py:840} INFO - DAG(s) 'example_params_ui_tutorial' retrieved from /home/vscode/.local/lib/python3.11/site-packages/airflow/example_dags/example_params_ui_tutorial.py
[2026-05-09T12:05:41.657+0000] {logging_mixin.py:188} INFO - [2026-05-09T12:05:41.657+0000] {dag.py:3096} INFO - Sync 1 DAGs
[2026-05-09T12:05:41.665+0000] {logging_mixin.py:188} INFO - [2026-05-09T12:05:41.665+0000] {dag.py:3954} INFO - Setting next_dagrun for example_params_ui_tutorial to None, run_after=None
[2026-05-09T12:05:41.680+0000] {processor.py:183} INFO - Processing /home/vscode/.local/lib/python3.11/site-packages/airflow/example_dags/example_params_ui_tutorial.py took 0.078 seconds
[2026-05-09T12:06:48.489+0000] {processor.py:161} INFO - Started process (PID=34564) to work on /home/vscode/.local/lib/python3.11/site-packages/airflow/example_dags/example_params_ui_tutorial.py
[2026-05-09T12:06:48.489+0000] {processor.py:830} INFO - Processing file /home/vscode/.local/lib/python3.11/site-packages/airflow/example_dags/example_params_ui_tutorial.py for tasks to queue
[2026-05-09T12:06:48.490+0000] {logging_mixin.py:188} INFO - [2026-05-09T12:06:48.490+0000] {dagbag.py:545} INFO - Filling up the DagBag from /home/vscode/.local/lib/python3.11/site-packages/airflow/example_dags/example_params_ui_tutorial.py
[2026-05-09T12:06:48.499+0000] {processor.py:840} INFO - DAG(s) 'example_params_ui_tutorial' retrieved from /home/vscode/.local/lib/python3.11/site-packages/airflow/example_dags/example_params_ui_tutorial.py
[2026-05-09T12:06:48.538+0000] {logging_mixin.py:188} INFO - [2026-05-09T12:06:48.537+0000] {dag.py:3096} INFO - Sync 1 DAGs
[2026-05-09T12:06:48.548+0000] {logging_mixin.py:188} INFO - [2026-05-09T12:06:48.548+0000] {dag.py:3954} INFO - Setting next_dagrun for example_params_ui_tutorial to None, run_after=None
[2026-05-09T12:06:48.563+0000] {processor.py:183} INFO - Processing /home/vscode/.local/lib/python3.11/site-packages/airflow/example_dags/example_params_ui_tutorial.py took 0.081 seconds
[2026-05-09T12:07:31.325+0000] {processor.py:161} INFO - Started process (PID=34867) to work on /home/vscode/.local/lib/python3.11/site-packages/airflow/example_dags/example_params_ui_tutorial.py
[2026-05-09T12:07:31.326+0000] {processor.py:830} INFO - Processing file /home/vscode/.local/lib/python3.11/site-packages/airflow/example_dags/example_params_ui_tutorial.py for tasks to queue
[2026-05-09T12:07:31.326+0000] {logging_mixin.py:188} INFO - [2026-05-09T12:07:31.326+0000] {dagbag.py:545} INFO - Filling up the DagBag from /home/vscode/.local/lib/python3.11/site-packages/airflow/example_dags/example_params_ui_tutorial.py
[2026-05-09T12:07:31.346+0000] {processor.py:840} INFO - DAG(s) 'example_params_ui_tutorial' retrieved from /home/vscode/.local/lib/python3.11/site-packages/airflow/example_dags/example_params_ui_tutorial.py
[2026-05-09T12:07:31.389+0000] {logging_mixin.py:188} INFO - [2026-05-09T12:07:31.389+0000] {dag.py:3096} INFO - Sync 1 DAGs
[2026-05-09T12:07:31.397+0000] {logging_mixin.py:188} INFO - [2026-05-09T12:07:31.397+0000] {dag.py:3954} INFO - Setting next_dagrun for example_params_ui_tutorial to None, run_after=None
[2026-05-09T12:07:31.412+0000] {processor.py:183} INFO - Processing /home/vscode/.local/lib/python3.11/site-packages/airflow/example_dags/example_params_ui_tutorial.py took 0.096 seconds
[2026-05-09T12:08:33.527+0000] {processor.py:161} INFO - Started process (PID=35426) to work on /home/vscode/.local/lib/python3.11/site-packages/airflow/example_dags/example_params_ui_tutorial.py
[2026-05-09T12:08:33.527+0000] {processor.py:830} INFO - Processing file /home/vscode/.local/lib/python3.11/site-packages/airflow/example_dags/example_params_ui_tutorial.py for tasks to queue
[2026-05-09T12:08:33.528+0000] {logging_mixin.py:188} INFO - [2026-05-09T12:08:33.528+0000] {dagbag.py:545} INFO - Filling up the DagBag from /home/vscode/.local/lib/python3.11/site-packages/airflow/example_dags/example_params_ui_tutorial.py
[2026-05-09T12:08:33.540+0000] {processor.py:840} INFO - DAG(s) 'example_params_ui_tutorial' retrieved from /home/vscode/.local/lib/python3.11/site-packages/airflow/example_dags/example_params_ui_tutorial.py
[2026-05-09T12:08:33.577+0000] {logging_mixin.py:188} INFO - [2026-05-09T12:08:33.577+0000] {dag.py:3096} INFO - Sync 1 DAGs
[2026-05-09T12:08:33.585+0000] {logging_mixin.py:188} INFO - [2026-05-09T12:08:33.585+0000] {dag.py:3954} INFO - Setting next_dagrun for example_params_ui_tutorial to None, run_after=None
[2026-05-09T12:08:33.601+0000] {processor.py:183} INFO - Processing /home/vscode/.local/lib/python3.11/site-packages/airflow/example_dags/example_params_ui_tutorial.py took 0.082 seconds
[2026-05-09T12:09:32.062+0000] {processor.py:161} INFO - Started process (PID=35910) to work on /home/vscode/.local/lib/python3.11/site-packages/airflow/example_dags/example_params_ui_tutorial.py
[2026-05-09T12:09:32.063+0000] {processor.py:830} INFO - Processing file /home/vscode/.local/lib/python3.11/site-packages/airflow/example_dags/example_params_ui_tutorial.py for tasks to queue
[2026-05-09T12:09:32.064+0000] {logging_mixin.py:188} INFO - [2026-05-09T12:09:32.063+0000] {dagbag.py:545} INFO - Filling up the DagBag from /home/vscode/.local/lib/python3.11/site-packages/airflow/example_dags/example_params_ui_tutorial.py
[2026-05-09T12:09:32.072+0000] {processor.py:840} INFO - DAG(s) 'example_params_ui_tutorial' retrieved from /home/vscode/.local/lib/python3.11/site-packages/airflow/example_dags/example_params_ui_tutorial.py
[2026-05-09T12:09:32.107+0000] {logging_mixin.py:188} INFO - [2026-05-09T12:09:32.107+0000] {dag.py:3096} INFO - Sync 1 DAGs
[2026-05-09T12:09:32.115+0000] {logging_mixin.py:188} INFO - [2026-05-09T12:09:32.115+0000] {dag.py:3954} INFO - Setting next_dagrun for example_params_ui_tutorial to None, run_after=None
[2026-05-09T12:09:32.133+0000] {processor.py:183} INFO - Processing /home/vscode/.local/lib/python3.11/site-packages/airflow/example_dags/example_params_ui_tutorial.py took 0.076 seconds
[2026-05-09T12:10:33.829+0000] {processor.py:161} INFO - Started process (PID=36447) to work on /home/vscode/.local/lib/python3.11/site-packages/airflow/example_dags/example_params_ui_tutorial.py
[2026-05-09T12:10:33.830+0000] {processor.py:830} INFO - Processing file /home/vscode/.local/lib/python3.11/site-packages/airflow/example_dags/example_params_ui_tutorial.py for tasks to queue
[2026-05-09T12:10:33.830+0000] {logging_mixin.py:188} INFO - [2026-05-09T12:10:33.830+0000] {dagbag.py:545} INFO - Filling up the DagBag from /home/vscode/.local/lib/python3.11/site-packages/airflow/example_dags/example_params_ui_tutorial.py
[2026-05-09T12:10:33.842+0000] {processor.py:840} INFO - DAG(s) 'example_params_ui_tutorial' retrieved from /home/vscode/.local/lib/python3.11/site-packages/airflow/example_dags/example_params_ui_tutorial.py
[2026-05-09T12:10:33.876+0000] {logging_mixin.py:188} INFO - [2026-05-09T12:10:33.876+0000] {dag.py:3096} INFO - Sync 1 DAGs
[2026-05-09T12:10:33.884+0000] {logging_mixin.py:188} INFO - [2026-05-09T12:10:33.883+0000] {dag.py:3954} INFO - Setting next_dagrun for example_params_ui_tutorial to None, run_after=None
[2026-05-09T12:10:33.899+0000] {processor.py:183} INFO - Processing /home/vscode/.local/lib/python3.11/site-packages/airflow/example_dags/example_params_ui_tutorial.py took 0.078 seconds
[2026-05-09T12:11:34.364+0000] {processor.py:161} INFO - Started process (PID=36933) to work on /home/vscode/.local/lib/python3.11/site-packages/airflow/example_dags/example_params_ui_tutorial.py
[2026-05-09T12:11:34.364+0000] {processor.py:830} INFO - Processing file /home/vscode/.local/lib/python3.11/site-packages/airflow/example_dags/example_params_ui_tutorial.py for tasks to queue
[2026-05-09T12:11:34.365+0000] {logging_mixin.py:188} INFO - [2026-05-09T12:11:34.364+0000] {dagbag.py:545} INFO - Filling up the DagBag from /home/vscode/.local/lib/python3.11/site-packages/airflow/example_dags/example_params_ui_tutorial.py
[2026-05-09T12:11:34.374+0000] {processor.py:840} INFO - DAG(s) 'example_params_ui_tutorial' retrieved from /home/vscode/.local/lib/python3.11/site-packages/airflow/example_dags/example_params_ui_tutorial.py
[2026-05-09T12:11:34.408+0000] {logging_mixin.py:188} INFO - [2026-05-09T12:11:34.408+0000] {dag.py:3096} INFO - Sync 1 DAGs
[2026-05-09T12:11:34.416+0000] {logging_mixin.py:188} INFO - [2026-05-09T12:11:34.416+0000] {dag.py:3954} INFO - Setting next_dagrun for example_params_ui_tutorial to None, run_after=None
[2026-05-09T12:11:34.435+0000] {processor.py:183} INFO - Processing /home/vscode/.local/lib/python3.11/site-packages/airflow/example_dags/example_params_ui_tutorial.py took 0.078 seconds
[2026-05-09T12:12:35.105+0000] {processor.py:161} INFO - Started process (PID=37457) to work on /home/vscode/.local/lib/python3.11/site-packages/airflow/example_dags/example_params_ui_tutorial.py
[2026-05-09T12:12:35.106+0000] {processor.py:830} INFO - Processing file /home/vscode/.local/lib/python3.11/site-packages/airflow/example_dags/example_params_ui_tutorial.py for tasks to queue
[2026-05-09T12:12:35.106+0000] {logging_mixin.py:188} INFO - [2026-05-09T12:12:35.106+0000] {dagbag.py:545} INFO - Filling up the DagBag from /home/vscode/.local/lib/python3.11/site-packages/airflow/example_dags/example_params_ui_tutorial.py
[2026-05-09T12:12:35.115+0000] {processor.py:840} INFO - DAG(s) 'example_params_ui_tutorial' retrieved from /home/vscode/.local/lib/python3.11/site-packages/airflow/example_dags/example_params_ui_tutorial.py
[2026-05-09T12:12:35.181+0000] {logging_mixin.py:188} INFO - [2026-05-09T12:12:35.181+0000] {dag.py:3096} INFO - Sync 1 DAGs
[2026-05-09T12:12:35.201+0000] {logging_mixin.py:188} INFO - [2026-05-09T12:12:35.201+0000] {dag.py:3954} INFO - Setting next_dagrun for example_params_ui_tutorial to None, run_after=None
[2026-05-09T12:12:35.234+0000] {processor.py:183} INFO - Processing /home/vscode/.local/lib/python3.11/site-packages/airflow/example_dags/example_params_ui_tutorial.py took 0.135 seconds
[2026-05-09T12:13:36.638+0000] {processor.py:161} INFO - Started process (PID=37955) to work on /home/vscode/.local/lib/python3.11/site-packages/airflow/example_dags/example_params_ui_tutorial.py
[2026-05-09T12:13:36.638+0000] {processor.py:830} INFO - Processing file /home/vscode/.local/lib/python3.11/site-packages/airflow/example_dags/example_params_ui_tutorial.py for tasks to queue
[2026-05-09T12:13:36.639+0000] {logging_mixin.py:188} INFO - [2026-05-09T12:13:36.639+0000] {dagbag.py:545} INFO - Filling up the DagBag from /home/vscode/.local/lib/python3.11/site-packages/airflow/example_dags/example_params_ui_tutorial.py
[2026-05-09T12:13:36.649+0000] {processor.py:840} INFO - DAG(s) 'example_params_ui_tutorial' retrieved from /home/vscode/.local/lib/python3.11/site-packages/airflow/example_dags/example_params_ui_tutorial.py
[2026-05-09T12:13:36.685+0000] {logging_mixin.py:188} INFO - [2026-05-09T12:13:36.685+0000] {dag.py:3096} INFO - Sync 1 DAGs
[2026-05-09T12:13:36.693+0000] {logging_mixin.py:188} INFO - [2026-05-09T12:13:36.693+0000] {dag.py:3954} INFO - Setting next_dagrun for example_params_ui_tutorial to None, run_after=None
[2026-05-09T12:13:36.710+0000] {processor.py:183} INFO - Processing /home/vscode/.local/lib/python3.11/site-packages/airflow/example_dags/example_params_ui_tutorial.py took 0.081 seconds
[2026-05-09T12:14:23.152+0000] {processor.py:161} INFO - Started process (PID=38332) to work on /home/vscode/.local/lib/python3.11/site-packages/airflow/example_dags/example_params_ui_tutorial.py
[2026-05-09T12:14:23.153+0000] {processor.py:830} INFO - Processing file /home/vscode/.local/lib/python3.11/site-packages/airflow/example_dags/example_params_ui_tutorial.py for tasks to queue
[2026-05-09T12:14:23.153+0000] {logging_mixin.py:188} INFO - [2026-05-09T12:14:23.153+0000] {dagbag.py:545} INFO - Filling up the DagBag from /home/vscode/.local/lib/python3.11/site-packages/airflow/example_dags/example_params_ui_tutorial.py
[2026-05-09T12:14:23.165+0000] {processor.py:840} INFO - DAG(s) 'example_params_ui_tutorial' retrieved from /home/vscode/.local/lib/python3.11/site-packages/airflow/example_dags/example_params_ui_tutorial.py
[2026-05-09T12:14:23.218+0000] {logging_mixin.py:188} INFO - [2026-05-09T12:14:23.218+0000] {dag.py:3096} INFO - Sync 1 DAGs
[2026-05-09T12:14:23.228+0000] {logging_mixin.py:188} INFO - [2026-05-09T12:14:23.228+0000] {dag.py:3954} INFO - Setting next_dagrun for example_params_ui_tutorial to None, run_after=None
[2026-05-09T12:14:23.246+0000] {processor.py:183} INFO - Processing /home/vscode/.local/lib/python3.11/site-packages/airflow/example_dags/example_params_ui_tutorial.py took 0.103 seconds
[2026-05-09T12:15:23.278+0000] {processor.py:161} INFO - Started process (PID=38849) to work on /home/vscode/.local/lib/python3.11/site-packages/airflow/example_dags/example_params_ui_tutorial.py
[2026-05-09T12:15:23.278+0000] {processor.py:830} INFO - Processing file /home/vscode/.local/lib/python3.11/site-packages/airflow/example_dags/example_params_ui_tutorial.py for tasks to queue
[2026-05-09T12:15:23.279+0000] {logging_mixin.py:188} INFO - [2026-05-09T12:15:23.279+0000] {dagbag.py:545} INFO - Filling up the DagBag from /home/vscode/.local/lib/python3.11/site-packages/airflow/example_dags/example_params_ui_tutorial.py
[2026-05-09T12:15:23.287+0000] {processor.py:840} INFO - DAG(s) 'example_params_ui_tutorial' retrieved from /home/vscode/.local/lib/python3.11/site-packages/airflow/example_dags/example_params_ui_tutorial.py
[2026-05-09T12:15:23.321+0000] {logging_mixin.py:188} INFO - [2026-05-09T12:15:23.321+0000] {dag.py:3096} INFO - Sync 1 DAGs
[2026-05-09T12:15:23.332+0000] {logging_mixin.py:188} INFO - [2026-05-09T12:15:23.332+0000] {dag.py:3954} INFO - Setting next_dagrun for example_params_ui_tutorial to None, run_after=None
[2026-05-09T12:15:23.348+0000] {processor.py:183} INFO - Processing /home/vscode/.local/lib/python3.11/site-packages/airflow/example_dags/example_params_ui_tutorial.py took 0.077 seconds
[2026-05-09T12:16:08.952+0000] {processor.py:161} INFO - Started process (PID=39232) to work on /home/vscode/.local/lib/python3.11/site-packages/airflow/example_dags/example_params_ui_tutorial.py
[2026-05-09T12:16:08.953+0000] {processor.py:830} INFO - Processing file /home/vscode/.local/lib/python3.11/site-packages/airflow/example_dags/example_params_ui_tutorial.py for tasks to queue
[2026-05-09T12:16:08.954+0000] {logging_mixin.py:188} INFO - [2026-05-09T12:16:08.953+0000] {dagbag.py:545} INFO - Filling up the DagBag from /home/vscode/.local/lib/python3.11/site-packages/airflow/example_dags/example_params_ui_tutorial.py
[2026-05-09T12:16:08.962+0000] {processor.py:840} INFO - DAG(s) 'example_params_ui_tutorial' retrieved from /home/vscode/.local/lib/python3.11/site-packages/airflow/example_dags/example_params_ui_tutorial.py
[2026-05-09T12:16:08.996+0000] {logging_mixin.py:188} INFO - [2026-05-09T12:16:08.996+0000] {dag.py:3096} INFO - Sync 1 DAGs
[2026-05-09T12:16:09.004+0000] {logging_mixin.py:188} INFO - [2026-05-09T12:16:09.004+0000] {dag.py:3954} INFO - Setting next_dagrun for example_params_ui_tutorial to None, run_after=None
[2026-05-09T12:16:09.019+0000] {processor.py:183} INFO - Processing /home/vscode/.local/lib/python3.11/site-packages/airflow/example_dags/example_params_ui_tutorial.py took 0.073 seconds
[2026-05-09T12:16:53.561+0000] {processor.py:161} INFO - Started process (PID=39600) to work on /home/vscode/.local/lib/python3.11/site-packages/airflow/example_dags/example_params_ui_tutorial.py
[2026-05-09T12:16:53.561+0000] {processor.py:830} INFO - Processing file /home/vscode/.local/lib/python3.11/site-packages/airflow/example_dags/example_params_ui_tutorial.py for tasks to queue
[2026-05-09T12:16:53.562+0000] {logging_mixin.py:188} INFO - [2026-05-09T12:16:53.561+0000] {dagbag.py:545} INFO - Filling up the DagBag from /home/vscode/.local/lib/python3.11/site-packages/airflow/example_dags/example_params_ui_tutorial.py
[2026-05-09T12:16:53.570+0000] {processor.py:840} INFO - DAG(s) 'example_params_ui_tutorial' retrieved from /home/vscode/.local/lib/python3.11/site-packages/airflow/example_dags/example_params_ui_tutorial.py
[2026-05-09T12:16:53.616+0000] {logging_mixin.py:188} INFO - [2026-05-09T12:16:53.616+0000] {dag.py:3096} INFO - Sync 1 DAGs
[2026-05-09T12:16:53.630+0000] {logging_mixin.py:188} INFO - [2026-05-09T12:16:53.630+0000] {dag.py:3954} INFO - Setting next_dagrun for example_params_ui_tutorial to None, run_after=None
[2026-05-09T12:16:53.649+0000] {processor.py:183} INFO - Processing /home/vscode/.local/lib/python3.11/site-packages/airflow/example_dags/example_params_ui_tutorial.py took 0.095 seconds
[2026-05-09T12:17:38.208+0000] {processor.py:161} INFO - Started process (PID=39980) to work on /home/vscode/.local/lib/python3.11/site-packages/airflow/example_dags/example_params_ui_tutorial.py
[2026-05-09T12:17:38.208+0000] {processor.py:830} INFO - Processing file /home/vscode/.local/lib/python3.11/site-packages/airflow/example_dags/example_params_ui_tutorial.py for tasks to queue
[2026-05-09T12:17:38.209+0000] {logging_mixin.py:188} INFO - [2026-05-09T12:17:38.208+0000] {dagbag.py:545} INFO - Filling up the DagBag from /home/vscode/.local/lib/python3.11/site-packages/airflow/example_dags/example_params_ui_tutorial.py
[2026-05-09T12:17:38.218+0000] {processor.py:840} INFO - DAG(s) 'example_params_ui_tutorial' retrieved from /home/vscode/.local/lib/python3.11/site-packages/airflow/example_dags/example_params_ui_tutorial.py
[2026-05-09T12:17:38.260+0000] {logging_mixin.py:188} INFO - [2026-05-09T12:17:38.259+0000] {dag.py:3096} INFO - Sync 1 DAGs
[2026-05-09T12:17:38.268+0000] {logging_mixin.py:188} INFO - [2026-05-09T12:17:38.268+0000] {dag.py:3954} INFO - Setting next_dagrun for example_params_ui_tutorial to None, run_after=None
[2026-05-09T12:17:38.286+0000] {processor.py:183} INFO - Processing /home/vscode/.local/lib/python3.11/site-packages/airflow/example_dags/example_params_ui_tutorial.py took 0.084 seconds
[2026-05-09T12:18:40.366+0000] {processor.py:161} INFO - Started process (PID=40513) to work on /home/vscode/.local/lib/python3.11/site-packages/airflow/example_dags/example_params_ui_tutorial.py
[2026-05-09T12:18:40.367+0000] {processor.py:830} INFO - Processing file /home/vscode/.local/lib/python3.11/site-packages/airflow/example_dags/example_params_ui_tutorial.py for tasks to queue
[2026-05-09T12:18:40.367+0000] {logging_mixin.py:188} INFO - [2026-05-09T12:18:40.367+0000] {dagbag.py:545} INFO - Filling up the DagBag from /home/vscode/.local/lib/python3.11/site-packages/airflow/example_dags/example_params_ui_tutorial.py
[2026-05-09T12:18:40.380+0000] {processor.py:840} INFO - DAG(s) 'example_params_ui_tutorial' retrieved from /home/vscode/.local/lib/python3.11/site-packages/airflow/example_dags/example_params_ui_tutorial.py
[2026-05-09T12:18:40.414+0000] {logging_mixin.py:188} INFO - [2026-05-09T12:18:40.414+0000] {dag.py:3096} INFO - Sync 1 DAGs
[2026-05-09T12:18:40.422+0000] {logging_mixin.py:188} INFO - [2026-05-09T12:18:40.422+0000] {dag.py:3954} INFO - Setting next_dagrun for example_params_ui_tutorial to None, run_after=None
[2026-05-09T12:18:40.441+0000] {processor.py:183} INFO - Processing /home/vscode/.local/lib/python3.11/site-packages/airflow/example_dags/example_params_ui_tutorial.py took 0.081 seconds
[2026-05-09T12:19:44.745+0000] {processor.py:161} INFO - Started process (PID=41048) to work on /home/vscode/.local/lib/python3.11/site-packages/airflow/example_dags/example_params_ui_tutorial.py
[2026-05-09T12:19:44.746+0000] {processor.py:830} INFO - Processing file /home/vscode/.local/lib/python3.11/site-packages/airflow/example_dags/example_params_ui_tutorial.py for tasks to queue
[2026-05-09T12:19:44.746+0000] {logging_mixin.py:188} INFO - [2026-05-09T12:19:44.746+0000] {dagbag.py:545} INFO - Filling up the DagBag from /home/vscode/.local/lib/python3.11/site-packages/airflow/example_dags/example_params_ui_tutorial.py
[2026-05-09T12:19:44.755+0000] {processor.py:840} INFO - DAG(s) 'example_params_ui_tutorial' retrieved from /home/vscode/.local/lib/python3.11/site-packages/airflow/example_dags/example_params_ui_tutorial.py
[2026-05-09T12:19:44.790+0000] {logging_mixin.py:188} INFO - [2026-05-09T12:19:44.790+0000] {dag.py:3096} INFO - Sync 1 DAGs
[2026-05-09T12:19:44.798+0000] {logging_mixin.py:188} INFO - [2026-05-09T12:19:44.798+0000] {dag.py:3954} INFO - Setting next_dagrun for example_params_ui_tutorial to None, run_after=None
[2026-05-09T12:19:44.815+0000] {processor.py:183} INFO - Processing /home/vscode/.local/lib/python3.11/site-packages/airflow/example_dags/example_params_ui_tutorial.py took 0.078 seconds
[2026-05-09T12:20:31.066+0000] {processor.py:161} INFO - Started process (PID=41374) to work on /home/vscode/.local/lib/python3.11/site-packages/airflow/example_dags/example_params_ui_tutorial.py
[2026-05-09T12:20:31.066+0000] {processor.py:830} INFO - Processing file /home/vscode/.local/lib/python3.11/site-packages/airflow/example_dags/example_params_ui_tutorial.py for tasks to queue
[2026-05-09T12:20:31.067+0000] {logging_mixin.py:188} INFO - [2026-05-09T12:20:31.067+0000] {dagbag.py:545} INFO - Filling up the DagBag from /home/vscode/.local/lib/python3.11/site-packages/airflow/example_dags/example_params_ui_tutorial.py
[2026-05-09T12:20:31.079+0000] {processor.py:840} INFO - DAG(s) 'example_params_ui_tutorial' retrieved from /home/vscode/.local/lib/python3.11/site-packages/airflow/example_dags/example_params_ui_tutorial.py
[2026-05-09T12:20:31.133+0000] {logging_mixin.py:188} INFO - [2026-05-09T12:20:31.133+0000] {dag.py:3096} INFO - Sync 1 DAGs
[2026-05-09T12:20:31.144+0000] {logging_mixin.py:188} INFO - [2026-05-09T12:20:31.144+0000] {dag.py:3954} INFO - Setting next_dagrun for example_params_ui_tutorial to None, run_after=None
[2026-05-09T12:20:31.159+0000] {processor.py:183} INFO - Processing /home/vscode/.local/lib/python3.11/site-packages/airflow/example_dags/example_params_ui_tutorial.py took 0.103 seconds
[2026-05-09T12:21:31.545+0000] {processor.py:161} INFO - Started process (PID=41836) to work on /home/vscode/.local/lib/python3.11/site-packages/airflow/example_dags/example_params_ui_tutorial.py
[2026-05-09T12:21:31.546+0000] {processor.py:830} INFO - Processing file /home/vscode/.local/lib/python3.11/site-packages/airflow/example_dags/example_params_ui_tutorial.py for tasks to queue
[2026-05-09T12:21:31.547+0000] {logging_mixin.py:188} INFO - [2026-05-09T12:21:31.546+0000] {dagbag.py:545} INFO - Filling up the DagBag from /home/vscode/.local/lib/python3.11/site-packages/airflow/example_dags/example_params_ui_tutorial.py
[2026-05-09T12:21:31.556+0000] {processor.py:840} INFO - DAG(s) 'example_params_ui_tutorial' retrieved from /home/vscode/.local/lib/python3.11/site-packages/airflow/example_dags/example_params_ui_tutorial.py
[2026-05-09T12:21:31.596+0000] {logging_mixin.py:188} INFO - [2026-05-09T12:21:31.595+0000] {dag.py:3096} INFO - Sync 1 DAGs
[2026-05-09T12:21:31.604+0000] {logging_mixin.py:188} INFO - [2026-05-09T12:21:31.604+0000] {dag.py:3954} INFO - Setting next_dagrun for example_params_ui_tutorial to None, run_after=None
[2026-05-09T12:21:31.620+0000] {processor.py:183} INFO - Processing /home/vscode/.local/lib/python3.11/site-packages/airflow/example_dags/example_params_ui_tutorial.py took 0.081 seconds
