[2026-05-09T11:19:15.761+0000] {processor.py:161} INFO - Started process (PID=7340) to work on /home/vscode/.local/lib/python3.11/site-packages/airflow/example_dags/example_branch_operator_decorator.py
[2026-05-09T11:19:15.761+0000] {processor.py:830} INFO - Processing file /home/vscode/.local/lib/python3.11/site-packages/airflow/example_dags/example_branch_operator_decorator.py for tasks to queue
[2026-05-09T11:19:15.762+0000] {logging_mixin.py:188} INFO - [2026-05-09T11:19:15.761+0000] {dagbag.py:545} INFO - Filling up the DagBag from /home/vscode/.local/lib/python3.11/site-packages/airflow/example_dags/example_branch_operator_decorator.py
[2026-05-09T11:19:15.777+0000] {processor.py:840} INFO - DAG(s) 'example_branch_python_operator_decorator' retrieved from /home/vscode/.local/lib/python3.11/site-packages/airflow/example_dags/example_branch_operator_decorator.py
[2026-05-09T11:19:15.948+0000] {logging_mixin.py:188} INFO - [2026-05-09T11:19:15.948+0000] {dag.py:3096} INFO - Sync 1 DAGs
[2026-05-09T11:19:15.961+0000] {logging_mixin.py:188} INFO - [2026-05-09T11:19:15.961+0000] {dag.py:3954} INFO - Setting next_dagrun for example_branch_python_operator_decorator to 2026-05-08 00:00:00+00:00, run_after=2026-05-09 00:00:00+00:00
[2026-05-09T11:19:15.979+0000] {processor.py:183} INFO - Processing /home/vscode/.local/lib/python3.11/site-packages/airflow/example_dags/example_branch_operator_decorator.py took 0.224 seconds
[2026-05-09T11:20:15.325+0000] {processor.py:161} INFO - Started process (PID=7850) to work on /home/vscode/.local/lib/python3.11/site-packages/airflow/example_dags/example_branch_operator_decorator.py
[2026-05-09T11:20:15.325+0000] {processor.py:830} INFO - Processing file /home/vscode/.local/lib/python3.11/site-packages/airflow/example_dags/example_branch_operator_decorator.py for tasks to queue
[2026-05-09T11:20:15.326+0000] {logging_mixin.py:188} INFO - [2026-05-09T11:20:15.326+0000] {dagbag.py:545} INFO - Filling up the DagBag from /home/vscode/.local/lib/python3.11/site-packages/airflow/example_dags/example_branch_operator_decorator.py
[2026-05-09T11:20:15.342+0000] {processor.py:840} INFO - DAG(s) 'example_branch_python_operator_decorator' retrieved from /home/vscode/.local/lib/python3.11/site-packages/airflow/example_dags/example_branch_operator_decorator.py
[2026-05-09T11:20:15.360+0000] {logging_mixin.py:188} INFO - [2026-05-09T11:20:15.360+0000] {dag.py:3096} INFO - Sync 1 DAGs
[2026-05-09T11:20:15.374+0000] {logging_mixin.py:188} INFO - [2026-05-09T11:20:15.374+0000] {dag.py:3954} INFO - Setting next_dagrun for example_branch_python_operator_decorator to 2026-05-08 00:00:00+00:00, run_after=2026-05-09 00:00:00+00:00
[2026-05-09T11:20:15.389+0000] {processor.py:183} INFO - Processing /home/vscode/.local/lib/python3.11/site-packages/airflow/example_dags/example_branch_operator_decorator.py took 0.071 seconds
[2026-05-09T11:21:05.653+0000] {processor.py:161} INFO - Started process (PID=8285) to work on /home/vscode/.local/lib/python3.11/site-packages/airflow/example_dags/example_branch_operator_decorator.py
[2026-05-09T11:21:05.653+0000] {processor.py:830} INFO - Processing file /home/vscode/.local/lib/python3.11/site-packages/airflow/example_dags/example_branch_operator_decorator.py for tasks to queue
[2026-05-09T11:21:05.654+0000] {logging_mixin.py:188} INFO - [2026-05-09T11:21:05.654+0000] {dagbag.py:545} INFO - Filling up the DagBag from /home/vscode/.local/lib/python3.11/site-packages/airflow/example_dags/example_branch_operator_decorator.py
[2026-05-09T11:21:05.670+0000] {processor.py:840} INFO - DAG(s) 'example_branch_python_operator_decorator' retrieved from /home/vscode/.local/lib/python3.11/site-packages/airflow/example_dags/example_branch_operator_decorator.py
[2026-05-09T11:21:05.688+0000] {logging_mixin.py:188} INFO - [2026-05-09T11:21:05.688+0000] {dag.py:3096} INFO - Sync 1 DAGs
[2026-05-09T11:21:05.701+0000] {logging_mixin.py:188} INFO - [2026-05-09T11:21:05.701+0000] {dag.py:3954} INFO - Setting next_dagrun for example_branch_python_operator_decorator to 2026-05-08 00:00:00+00:00, run_after=2026-05-09 00:00:00+00:00
[2026-05-09T11:21:05.716+0000] {processor.py:183} INFO - Processing /home/vscode/.local/lib/python3.11/site-packages/airflow/example_dags/example_branch_operator_decorator.py took 0.069 seconds
[2026-05-09T11:22:07.500+0000] {processor.py:161} INFO - Started process (PID=8921) to work on /home/vscode/.local/lib/python3.11/site-packages/airflow/example_dags/example_branch_operator_decorator.py
[2026-05-09T11:22:07.501+0000] {processor.py:830} INFO - Processing file /home/vscode/.local/lib/python3.11/site-packages/airflow/example_dags/example_branch_operator_decorator.py for tasks to queue
[2026-05-09T11:22:07.501+0000] {logging_mixin.py:188} INFO - [2026-05-09T11:22:07.501+0000] {dagbag.py:545} INFO - Filling up the DagBag from /home/vscode/.local/lib/python3.11/site-packages/airflow/example_dags/example_branch_operator_decorator.py
[2026-05-09T11:22:07.517+0000] {processor.py:840} INFO - DAG(s) 'example_branch_python_operator_decorator' retrieved from /home/vscode/.local/lib/python3.11/site-packages/airflow/example_dags/example_branch_operator_decorator.py
[2026-05-09T11:22:07.538+0000] {logging_mixin.py:188} INFO - [2026-05-09T11:22:07.538+0000] {dag.py:3096} INFO - Sync 1 DAGs
[2026-05-09T11:22:07.552+0000] {logging_mixin.py:188} INFO - [2026-05-09T11:22:07.552+0000] {dag.py:3954} INFO - Setting next_dagrun for example_branch_python_operator_decorator to 2026-05-08 00:00:00+00:00, run_after=2026-05-09 00:00:00+00:00
[2026-05-09T11:22:07.567+0000] {processor.py:183} INFO - Processing /home/vscode/.local/lib/python3.11/site-packages/airflow/example_dags/example_branch_operator_decorator.py took 0.073 seconds
[2026-05-09T11:23:03.247+0000] {processor.py:161} INFO - Started process (PID=9630) to work on /home/vscode/.local/lib/python3.11/site-packages/airflow/example_dags/example_branch_operator_decorator.py
[2026-05-09T11:23:03.247+0000] {processor.py:830} INFO - Processing file /home/vscode/.local/lib/python3.11/site-packages/airflow/example_dags/example_branch_operator_decorator.py for tasks to queue
[2026-05-09T11:23:03.248+0000] {logging_mixin.py:188} INFO - [2026-05-09T11:23:03.247+0000] {dagbag.py:545} INFO - Filling up the DagBag from /home/vscode/.local/lib/python3.11/site-packages/airflow/example_dags/example_branch_operator_decorator.py
[2026-05-09T11:23:03.264+0000] {processor.py:840} INFO - DAG(s) 'example_branch_python_operator_decorator' retrieved from /home/vscode/.local/lib/python3.11/site-packages/airflow/example_dags/example_branch_operator_decorator.py
[2026-05-09T11:23:03.281+0000] {logging_mixin.py:188} INFO - [2026-05-09T11:23:03.281+0000] {dag.py:3096} INFO - Sync 1 DAGs
[2026-05-09T11:23:03.295+0000] {logging_mixin.py:188} INFO - [2026-05-09T11:23:03.295+0000] {dag.py:3954} INFO - Setting next_dagrun for example_branch_python_operator_decorator to 2026-05-08 00:00:00+00:00, run_after=2026-05-09 00:00:00+00:00
[2026-05-09T11:23:03.310+0000] {processor.py:183} INFO - Processing /home/vscode/.local/lib/python3.11/site-packages/airflow/example_dags/example_branch_operator_decorator.py took 0.070 seconds
[2026-05-09T11:24:03.088+0000] {processor.py:161} INFO - Started process (PID=10399) to work on /home/vscode/.local/lib/python3.11/site-packages/airflow/example_dags/example_branch_operator_decorator.py
[2026-05-09T11:24:03.089+0000] {processor.py:830} INFO - Processing file /home/vscode/.local/lib/python3.11/site-packages/airflow/example_dags/example_branch_operator_decorator.py for tasks to queue
[2026-05-09T11:24:03.090+0000] {logging_mixin.py:188} INFO - [2026-05-09T11:24:03.089+0000] {dagbag.py:545} INFO - Filling up the DagBag from /home/vscode/.local/lib/python3.11/site-packages/airflow/example_dags/example_branch_operator_decorator.py
[2026-05-09T11:24:03.120+0000] {processor.py:840} INFO - DAG(s) 'example_branch_python_operator_decorator' retrieved from /home/vscode/.local/lib/python3.11/site-packages/airflow/example_dags/example_branch_operator_decorator.py
[2026-05-09T11:24:03.139+0000] {logging_mixin.py:188} INFO - [2026-05-09T11:24:03.139+0000] {dag.py:3096} INFO - Sync 1 DAGs
[2026-05-09T11:24:03.154+0000] {logging_mixin.py:188} INFO - [2026-05-09T11:24:03.153+0000] {dag.py:3954} INFO - Setting next_dagrun for example_branch_python_operator_decorator to 2026-05-08 00:00:00+00:00, run_after=2026-05-09 00:00:00+00:00
[2026-05-09T11:24:03.170+0000] {processor.py:183} INFO - Processing /home/vscode/.local/lib/python3.11/site-packages/airflow/example_dags/example_branch_operator_decorator.py took 0.097 seconds
[2026-05-09T11:25:03.638+0000] {processor.py:161} INFO - Started process (PID=11200) to work on /home/vscode/.local/lib/python3.11/site-packages/airflow/example_dags/example_branch_operator_decorator.py
[2026-05-09T11:25:03.638+0000] {processor.py:830} INFO - Processing file /home/vscode/.local/lib/python3.11/site-packages/airflow/example_dags/example_branch_operator_decorator.py for tasks to queue
[2026-05-09T11:25:03.639+0000] {logging_mixin.py:188} INFO - [2026-05-09T11:25:03.639+0000] {dagbag.py:545} INFO - Filling up the DagBag from /home/vscode/.local/lib/python3.11/site-packages/airflow/example_dags/example_branch_operator_decorator.py
[2026-05-09T11:25:03.655+0000] {processor.py:840} INFO - DAG(s) 'example_branch_python_operator_decorator' retrieved from /home/vscode/.local/lib/python3.11/site-packages/airflow/example_dags/example_branch_operator_decorator.py
[2026-05-09T11:25:03.673+0000] {logging_mixin.py:188} INFO - [2026-05-09T11:25:03.672+0000] {dag.py:3096} INFO - Sync 1 DAGs
[2026-05-09T11:25:03.687+0000] {logging_mixin.py:188} INFO - [2026-05-09T11:25:03.687+0000] {dag.py:3954} INFO - Setting next_dagrun for example_branch_python_operator_decorator to 2026-05-08 00:00:00+00:00, run_after=2026-05-09 00:00:00+00:00
[2026-05-09T11:25:03.704+0000] {processor.py:183} INFO - Processing /home/vscode/.local/lib/python3.11/site-packages/airflow/example_dags/example_branch_operator_decorator.py took 0.072 seconds
[2026-05-09T11:26:04.886+0000] {processor.py:161} INFO - Started process (PID=11669) to work on /home/vscode/.local/lib/python3.11/site-packages/airflow/example_dags/example_branch_operator_decorator.py
[2026-05-09T11:26:04.886+0000] {processor.py:830} INFO - Processing file /home/vscode/.local/lib/python3.11/site-packages/airflow/example_dags/example_branch_operator_decorator.py for tasks to queue
[2026-05-09T11:26:04.887+0000] {logging_mixin.py:188} INFO - [2026-05-09T11:26:04.886+0000] {dagbag.py:545} INFO - Filling up the DagBag from /home/vscode/.local/lib/python3.11/site-packages/airflow/example_dags/example_branch_operator_decorator.py
[2026-05-09T11:26:04.904+0000] {processor.py:840} INFO - DAG(s) 'example_branch_python_operator_decorator' retrieved from /home/vscode/.local/lib/python3.11/site-packages/airflow/example_dags/example_branch_operator_decorator.py
[2026-05-09T11:26:04.921+0000] {logging_mixin.py:188} INFO - [2026-05-09T11:26:04.921+0000] {dag.py:3096} INFO - Sync 1 DAGs
[2026-05-09T11:26:04.936+0000] {logging_mixin.py:188} INFO - [2026-05-09T11:26:04.936+0000] {dag.py:3954} INFO - Setting next_dagrun for example_branch_python_operator_decorator to 2026-05-08 00:00:00+00:00, run_after=2026-05-09 00:00:00+00:00
[2026-05-09T11:26:04.953+0000] {processor.py:183} INFO - Processing /home/vscode/.local/lib/python3.11/site-packages/airflow/example_dags/example_branch_operator_decorator.py took 0.074 seconds
[2026-05-09T11:27:05.181+0000] {processor.py:161} INFO - Started process (PID=12376) to work on /home/vscode/.local/lib/python3.11/site-packages/airflow/example_dags/example_branch_operator_decorator.py
[2026-05-09T11:27:05.181+0000] {processor.py:830} INFO - Processing file /home/vscode/.local/lib/python3.11/site-packages/airflow/example_dags/example_branch_operator_decorator.py for tasks to queue
[2026-05-09T11:27:05.182+0000] {logging_mixin.py:188} INFO - [2026-05-09T11:27:05.182+0000] {dagbag.py:545} INFO - Filling up the DagBag from /home/vscode/.local/lib/python3.11/site-packages/airflow/example_dags/example_branch_operator_decorator.py
[2026-05-09T11:27:05.198+0000] {processor.py:840} INFO - DAG(s) 'example_branch_python_operator_decorator' retrieved from /home/vscode/.local/lib/python3.11/site-packages/airflow/example_dags/example_branch_operator_decorator.py
[2026-05-09T11:27:05.215+0000] {logging_mixin.py:188} INFO - [2026-05-09T11:27:05.215+0000] {dag.py:3096} INFO - Sync 1 DAGs
[2026-05-09T11:27:05.228+0000] {logging_mixin.py:188} INFO - [2026-05-09T11:27:05.228+0000] {dag.py:3954} INFO - Setting next_dagrun for example_branch_python_operator_decorator to 2026-05-08 00:00:00+00:00, run_after=2026-05-09 00:00:00+00:00
[2026-05-09T11:27:05.247+0000] {processor.py:183} INFO - Processing /home/vscode/.local/lib/python3.11/site-packages/airflow/example_dags/example_branch_operator_decorator.py took 0.073 seconds
[2026-05-09T11:28:04.887+0000] {processor.py:161} INFO - Started process (PID=13087) to work on /home/vscode/.local/lib/python3.11/site-packages/airflow/example_dags/example_branch_operator_decorator.py
[2026-05-09T11:28:04.888+0000] {processor.py:830} INFO - Processing file /home/vscode/.local/lib/python3.11/site-packages/airflow/example_dags/example_branch_operator_decorator.py for tasks to queue
[2026-05-09T11:28:04.888+0000] {logging_mixin.py:188} INFO - [2026-05-09T11:28:04.888+0000] {dagbag.py:545} INFO - Filling up the DagBag from /home/vscode/.local/lib/python3.11/site-packages/airflow/example_dags/example_branch_operator_decorator.py
[2026-05-09T11:28:04.904+0000] {processor.py:840} INFO - DAG(s) 'example_branch_python_operator_decorator' retrieved from /home/vscode/.local/lib/python3.11/site-packages/airflow/example_dags/example_branch_operator_decorator.py
[2026-05-09T11:28:04.921+0000] {logging_mixin.py:188} INFO - [2026-05-09T11:28:04.921+0000] {dag.py:3096} INFO - Sync 1 DAGs
[2026-05-09T11:28:04.934+0000] {logging_mixin.py:188} INFO - [2026-05-09T11:28:04.934+0000] {dag.py:3954} INFO - Setting next_dagrun for example_branch_python_operator_decorator to 2026-05-08 00:00:00+00:00, run_after=2026-05-09 00:00:00+00:00
[2026-05-09T11:28:04.950+0000] {processor.py:183} INFO - Processing /home/vscode/.local/lib/python3.11/site-packages/airflow/example_dags/example_branch_operator_decorator.py took 0.069 seconds
[2026-05-09T11:29:03.899+0000] {processor.py:161} INFO - Started process (PID=13774) to work on /home/vscode/.local/lib/python3.11/site-packages/airflow/example_dags/example_branch_operator_decorator.py
[2026-05-09T11:29:03.900+0000] {processor.py:830} INFO - Processing file /home/vscode/.local/lib/python3.11/site-packages/airflow/example_dags/example_branch_operator_decorator.py for tasks to queue
[2026-05-09T11:29:03.901+0000] {logging_mixin.py:188} INFO - [2026-05-09T11:29:03.900+0000] {dagbag.py:545} INFO - Filling up the DagBag from /home/vscode/.local/lib/python3.11/site-packages/airflow/example_dags/example_branch_operator_decorator.py
[2026-05-09T11:29:03.918+0000] {processor.py:840} INFO - DAG(s) 'example_branch_python_operator_decorator' retrieved from /home/vscode/.local/lib/python3.11/site-packages/airflow/example_dags/example_branch_operator_decorator.py
[2026-05-09T11:29:03.935+0000] {logging_mixin.py:188} INFO - [2026-05-09T11:29:03.935+0000] {dag.py:3096} INFO - Sync 1 DAGs
[2026-05-09T11:29:03.949+0000] {logging_mixin.py:188} INFO - [2026-05-09T11:29:03.948+0000] {dag.py:3954} INFO - Setting next_dagrun for example_branch_python_operator_decorator to 2026-05-08 00:00:00+00:00, run_after=2026-05-09 00:00:00+00:00
[2026-05-09T11:29:03.978+0000] {processor.py:183} INFO - Processing /home/vscode/.local/lib/python3.11/site-packages/airflow/example_dags/example_branch_operator_decorator.py took 0.096 seconds
[2026-05-09T11:30:10.656+0000] {processor.py:161} INFO - Started process (PID=14382) to work on /home/vscode/.local/lib/python3.11/site-packages/airflow/example_dags/example_branch_operator_decorator.py
[2026-05-09T11:30:10.657+0000] {processor.py:830} INFO - Processing file /home/vscode/.local/lib/python3.11/site-packages/airflow/example_dags/example_branch_operator_decorator.py for tasks to queue
[2026-05-09T11:30:10.657+0000] {logging_mixin.py:188} INFO - [2026-05-09T11:30:10.657+0000] {dagbag.py:545} INFO - Filling up the DagBag from /home/vscode/.local/lib/python3.11/site-packages/airflow/example_dags/example_branch_operator_decorator.py
[2026-05-09T11:30:10.674+0000] {processor.py:840} INFO - DAG(s) 'example_branch_python_operator_decorator' retrieved from /home/vscode/.local/lib/python3.11/site-packages/airflow/example_dags/example_branch_operator_decorator.py
[2026-05-09T11:30:10.692+0000] {logging_mixin.py:188} INFO - [2026-05-09T11:30:10.692+0000] {dag.py:3096} INFO - Sync 1 DAGs
[2026-05-09T11:30:10.707+0000] {logging_mixin.py:188} INFO - [2026-05-09T11:30:10.707+0000] {dag.py:3954} INFO - Setting next_dagrun for example_branch_python_operator_decorator to 2026-05-08 00:00:00+00:00, run_after=2026-05-09 00:00:00+00:00
[2026-05-09T11:30:10.724+0000] {processor.py:183} INFO - Processing /home/vscode/.local/lib/python3.11/site-packages/airflow/example_dags/example_branch_operator_decorator.py took 0.074 seconds
[2026-05-09T11:31:09.003+0000] {processor.py:161} INFO - Started process (PID=15133) to work on /home/vscode/.local/lib/python3.11/site-packages/airflow/example_dags/example_branch_operator_decorator.py
[2026-05-09T11:31:09.003+0000] {processor.py:830} INFO - Processing file /home/vscode/.local/lib/python3.11/site-packages/airflow/example_dags/example_branch_operator_decorator.py for tasks to queue
[2026-05-09T11:31:09.004+0000] {logging_mixin.py:188} INFO - [2026-05-09T11:31:09.004+0000] {dagbag.py:545} INFO - Filling up the DagBag from /home/vscode/.local/lib/python3.11/site-packages/airflow/example_dags/example_branch_operator_decorator.py
[2026-05-09T11:31:09.021+0000] {processor.py:840} INFO - DAG(s) 'example_branch_python_operator_decorator' retrieved from /home/vscode/.local/lib/python3.11/site-packages/airflow/example_dags/example_branch_operator_decorator.py
[2026-05-09T11:31:09.039+0000] {logging_mixin.py:188} INFO - [2026-05-09T11:31:09.039+0000] {dag.py:3096} INFO - Sync 1 DAGs
[2026-05-09T11:31:09.055+0000] {logging_mixin.py:188} INFO - [2026-05-09T11:31:09.054+0000] {dag.py:3954} INFO - Setting next_dagrun for example_branch_python_operator_decorator to 2026-05-08 00:00:00+00:00, run_after=2026-05-09 00:00:00+00:00
[2026-05-09T11:31:09.072+0000] {processor.py:183} INFO - Processing /home/vscode/.local/lib/python3.11/site-packages/airflow/example_dags/example_branch_operator_decorator.py took 0.075 seconds
[2026-05-09T11:32:14.734+0000] {processor.py:161} INFO - Started process (PID=15792) to work on /home/vscode/.local/lib/python3.11/site-packages/airflow/example_dags/example_branch_operator_decorator.py
[2026-05-09T11:32:14.734+0000] {processor.py:830} INFO - Processing file /home/vscode/.local/lib/python3.11/site-packages/airflow/example_dags/example_branch_operator_decorator.py for tasks to queue
[2026-05-09T11:32:14.735+0000] {logging_mixin.py:188} INFO - [2026-05-09T11:32:14.735+0000] {dagbag.py:545} INFO - Filling up the DagBag from /home/vscode/.local/lib/python3.11/site-packages/airflow/example_dags/example_branch_operator_decorator.py
[2026-05-09T11:32:14.767+0000] {processor.py:840} INFO - DAG(s) 'example_branch_python_operator_decorator' retrieved from /home/vscode/.local/lib/python3.11/site-packages/airflow/example_dags/example_branch_operator_decorator.py
[2026-05-09T11:32:14.785+0000] {logging_mixin.py:188} INFO - [2026-05-09T11:32:14.785+0000] {dag.py:3096} INFO - Sync 1 DAGs
[2026-05-09T11:32:14.799+0000] {logging_mixin.py:188} INFO - [2026-05-09T11:32:14.799+0000] {dag.py:3954} INFO - Setting next_dagrun for example_branch_python_operator_decorator to 2026-05-08 00:00:00+00:00, run_after=2026-05-09 00:00:00+00:00
[2026-05-09T11:32:14.816+0000] {processor.py:183} INFO - Processing /home/vscode/.local/lib/python3.11/site-packages/airflow/example_dags/example_branch_operator_decorator.py took 0.092 seconds
[2026-05-09T11:33:19.471+0000] {processor.py:161} INFO - Started process (PID=16323) to work on /home/vscode/.local/lib/python3.11/site-packages/airflow/example_dags/example_branch_operator_decorator.py
[2026-05-09T11:33:19.471+0000] {processor.py:830} INFO - Processing file /home/vscode/.local/lib/python3.11/site-packages/airflow/example_dags/example_branch_operator_decorator.py for tasks to queue
[2026-05-09T11:33:19.472+0000] {logging_mixin.py:188} INFO - [2026-05-09T11:33:19.472+0000] {dagbag.py:545} INFO - Filling up the DagBag from /home/vscode/.local/lib/python3.11/site-packages/airflow/example_dags/example_branch_operator_decorator.py
[2026-05-09T11:33:19.487+0000] {processor.py:840} INFO - DAG(s) 'example_branch_python_operator_decorator' retrieved from /home/vscode/.local/lib/python3.11/site-packages/airflow/example_dags/example_branch_operator_decorator.py
[2026-05-09T11:33:19.504+0000] {logging_mixin.py:188} INFO - [2026-05-09T11:33:19.504+0000] {dag.py:3096} INFO - Sync 1 DAGs
[2026-05-09T11:33:19.518+0000] {logging_mixin.py:188} INFO - [2026-05-09T11:33:19.518+0000] {dag.py:3954} INFO - Setting next_dagrun for example_branch_python_operator_decorator to 2026-05-08 00:00:00+00:00, run_after=2026-05-09 00:00:00+00:00
[2026-05-09T11:33:19.535+0000] {processor.py:183} INFO - Processing /home/vscode/.local/lib/python3.11/site-packages/airflow/example_dags/example_branch_operator_decorator.py took 0.070 seconds
[2026-05-09T11:34:22.790+0000] {processor.py:161} INFO - Started process (PID=16922) to work on /home/vscode/.local/lib/python3.11/site-packages/airflow/example_dags/example_branch_operator_decorator.py
[2026-05-09T11:34:22.791+0000] {processor.py:830} INFO - Processing file /home/vscode/.local/lib/python3.11/site-packages/airflow/example_dags/example_branch_operator_decorator.py for tasks to queue
[2026-05-09T11:34:22.792+0000] {logging_mixin.py:188} INFO - [2026-05-09T11:34:22.791+0000] {dagbag.py:545} INFO - Filling up the DagBag from /home/vscode/.local/lib/python3.11/site-packages/airflow/example_dags/example_branch_operator_decorator.py
[2026-05-09T11:34:22.809+0000] {processor.py:840} INFO - DAG(s) 'example_branch_python_operator_decorator' retrieved from /home/vscode/.local/lib/python3.11/site-packages/airflow/example_dags/example_branch_operator_decorator.py
[2026-05-09T11:34:22.827+0000] {logging_mixin.py:188} INFO - [2026-05-09T11:34:22.827+0000] {dag.py:3096} INFO - Sync 1 DAGs
[2026-05-09T11:34:22.841+0000] {logging_mixin.py:188} INFO - [2026-05-09T11:34:22.841+0000] {dag.py:3954} INFO - Setting next_dagrun for example_branch_python_operator_decorator to 2026-05-08 00:00:00+00:00, run_after=2026-05-09 00:00:00+00:00
[2026-05-09T11:34:22.857+0000] {processor.py:183} INFO - Processing /home/vscode/.local/lib/python3.11/site-packages/airflow/example_dags/example_branch_operator_decorator.py took 0.073 seconds
[2026-05-09T11:35:23.683+0000] {processor.py:161} INFO - Started process (PID=17438) to work on /home/vscode/.local/lib/python3.11/site-packages/airflow/example_dags/example_branch_operator_decorator.py
[2026-05-09T11:35:23.683+0000] {processor.py:830} INFO - Processing file /home/vscode/.local/lib/python3.11/site-packages/airflow/example_dags/example_branch_operator_decorator.py for tasks to queue
[2026-05-09T11:35:23.684+0000] {logging_mixin.py:188} INFO - [2026-05-09T11:35:23.684+0000] {dagbag.py:545} INFO - Filling up the DagBag from /home/vscode/.local/lib/python3.11/site-packages/airflow/example_dags/example_branch_operator_decorator.py
[2026-05-09T11:35:23.700+0000] {processor.py:840} INFO - DAG(s) 'example_branch_python_operator_decorator' retrieved from /home/vscode/.local/lib/python3.11/site-packages/airflow/example_dags/example_branch_operator_decorator.py
[2026-05-09T11:35:23.718+0000] {logging_mixin.py:188} INFO - [2026-05-09T11:35:23.718+0000] {dag.py:3096} INFO - Sync 1 DAGs
[2026-05-09T11:35:23.732+0000] {logging_mixin.py:188} INFO - [2026-05-09T11:35:23.732+0000] {dag.py:3954} INFO - Setting next_dagrun for example_branch_python_operator_decorator to 2026-05-08 00:00:00+00:00, run_after=2026-05-09 00:00:00+00:00
[2026-05-09T11:35:23.747+0000] {processor.py:183} INFO - Processing /home/vscode/.local/lib/python3.11/site-packages/airflow/example_dags/example_branch_operator_decorator.py took 0.070 seconds
[2026-05-09T11:36:21.544+0000] {processor.py:161} INFO - Started process (PID=17915) to work on /home/vscode/.local/lib/python3.11/site-packages/airflow/example_dags/example_branch_operator_decorator.py
[2026-05-09T11:36:21.545+0000] {processor.py:830} INFO - Processing file /home/vscode/.local/lib/python3.11/site-packages/airflow/example_dags/example_branch_operator_decorator.py for tasks to queue
[2026-05-09T11:36:21.545+0000] {logging_mixin.py:188} INFO - [2026-05-09T11:36:21.545+0000] {dagbag.py:545} INFO - Filling up the DagBag from /home/vscode/.local/lib/python3.11/site-packages/airflow/example_dags/example_branch_operator_decorator.py
[2026-05-09T11:36:21.564+0000] {processor.py:840} INFO - DAG(s) 'example_branch_python_operator_decorator' retrieved from /home/vscode/.local/lib/python3.11/site-packages/airflow/example_dags/example_branch_operator_decorator.py
[2026-05-09T11:36:21.583+0000] {logging_mixin.py:188} INFO - [2026-05-09T11:36:21.583+0000] {dag.py:3096} INFO - Sync 1 DAGs
[2026-05-09T11:36:21.598+0000] {logging_mixin.py:188} INFO - [2026-05-09T11:36:21.598+0000] {dag.py:3954} INFO - Setting next_dagrun for example_branch_python_operator_decorator to 2026-05-08 00:00:00+00:00, run_after=2026-05-09 00:00:00+00:00
[2026-05-09T11:36:21.615+0000] {processor.py:183} INFO - Processing /home/vscode/.local/lib/python3.11/site-packages/airflow/example_dags/example_branch_operator_decorator.py took 0.077 seconds
[2026-05-09T11:37:23.418+0000] {processor.py:161} INFO - Started process (PID=18578) to work on /home/vscode/.local/lib/python3.11/site-packages/airflow/example_dags/example_branch_operator_decorator.py
[2026-05-09T11:37:23.418+0000] {processor.py:830} INFO - Processing file /home/vscode/.local/lib/python3.11/site-packages/airflow/example_dags/example_branch_operator_decorator.py for tasks to queue
[2026-05-09T11:37:23.419+0000] {logging_mixin.py:188} INFO - [2026-05-09T11:37:23.419+0000] {dagbag.py:545} INFO - Filling up the DagBag from /home/vscode/.local/lib/python3.11/site-packages/airflow/example_dags/example_branch_operator_decorator.py
[2026-05-09T11:37:23.443+0000] {processor.py:840} INFO - DAG(s) 'example_branch_python_operator_decorator' retrieved from /home/vscode/.local/lib/python3.11/site-packages/airflow/example_dags/example_branch_operator_decorator.py
[2026-05-09T11:37:23.470+0000] {logging_mixin.py:188} INFO - [2026-05-09T11:37:23.470+0000] {dag.py:3096} INFO - Sync 1 DAGs
[2026-05-09T11:37:23.492+0000] {logging_mixin.py:188} INFO - [2026-05-09T11:37:23.491+0000] {dag.py:3954} INFO - Setting next_dagrun for example_branch_python_operator_decorator to 2026-05-08 00:00:00+00:00, run_after=2026-05-09 00:00:00+00:00
[2026-05-09T11:37:23.523+0000] {processor.py:183} INFO - Processing /home/vscode/.local/lib/python3.11/site-packages/airflow/example_dags/example_branch_operator_decorator.py took 0.112 seconds
[2026-05-09T11:38:25.078+0000] {processor.py:161} INFO - Started process (PID=19336) to work on /home/vscode/.local/lib/python3.11/site-packages/airflow/example_dags/example_branch_operator_decorator.py
[2026-05-09T11:38:25.079+0000] {processor.py:830} INFO - Processing file /home/vscode/.local/lib/python3.11/site-packages/airflow/example_dags/example_branch_operator_decorator.py for tasks to queue
[2026-05-09T11:38:25.080+0000] {logging_mixin.py:188} INFO - [2026-05-09T11:38:25.079+0000] {dagbag.py:545} INFO - Filling up the DagBag from /home/vscode/.local/lib/python3.11/site-packages/airflow/example_dags/example_branch_operator_decorator.py
[2026-05-09T11:38:25.095+0000] {processor.py:840} INFO - DAG(s) 'example_branch_python_operator_decorator' retrieved from /home/vscode/.local/lib/python3.11/site-packages/airflow/example_dags/example_branch_operator_decorator.py
[2026-05-09T11:38:25.112+0000] {logging_mixin.py:188} INFO - [2026-05-09T11:38:25.112+0000] {dag.py:3096} INFO - Sync 1 DAGs
[2026-05-09T11:38:25.127+0000] {logging_mixin.py:188} INFO - [2026-05-09T11:38:25.127+0000] {dag.py:3954} INFO - Setting next_dagrun for example_branch_python_operator_decorator to 2026-05-08 00:00:00+00:00, run_after=2026-05-09 00:00:00+00:00
[2026-05-09T11:38:25.143+0000] {processor.py:183} INFO - Processing /home/vscode/.local/lib/python3.11/site-packages/airflow/example_dags/example_branch_operator_decorator.py took 0.070 seconds
[2026-05-09T11:39:24.465+0000] {processor.py:161} INFO - Started process (PID=20120) to work on /home/vscode/.local/lib/python3.11/site-packages/airflow/example_dags/example_branch_operator_decorator.py
[2026-05-09T11:39:24.466+0000] {processor.py:830} INFO - Processing file /home/vscode/.local/lib/python3.11/site-packages/airflow/example_dags/example_branch_operator_decorator.py for tasks to queue
[2026-05-09T11:39:24.467+0000] {logging_mixin.py:188} INFO - [2026-05-09T11:39:24.466+0000] {dagbag.py:545} INFO - Filling up the DagBag from /home/vscode/.local/lib/python3.11/site-packages/airflow/example_dags/example_branch_operator_decorator.py
[2026-05-09T11:39:24.486+0000] {processor.py:840} INFO - DAG(s) 'example_branch_python_operator_decorator' retrieved from /home/vscode/.local/lib/python3.11/site-packages/airflow/example_dags/example_branch_operator_decorator.py
[2026-05-09T11:39:24.505+0000] {logging_mixin.py:188} INFO - [2026-05-09T11:39:24.505+0000] {dag.py:3096} INFO - Sync 1 DAGs
[2026-05-09T11:39:24.520+0000] {logging_mixin.py:188} INFO - [2026-05-09T11:39:24.520+0000] {dag.py:3954} INFO - Setting next_dagrun for example_branch_python_operator_decorator to 2026-05-08 00:00:00+00:00, run_after=2026-05-09 00:00:00+00:00
[2026-05-09T11:39:24.539+0000] {processor.py:183} INFO - Processing /home/vscode/.local/lib/python3.11/site-packages/airflow/example_dags/example_branch_operator_decorator.py took 0.080 seconds
[2026-05-09T11:40:27.171+0000] {processor.py:161} INFO - Started process (PID=20653) to work on /home/vscode/.local/lib/python3.11/site-packages/airflow/example_dags/example_branch_operator_decorator.py
[2026-05-09T11:40:27.172+0000] {processor.py:830} INFO - Processing file /home/vscode/.local/lib/python3.11/site-packages/airflow/example_dags/example_branch_operator_decorator.py for tasks to queue
[2026-05-09T11:40:27.172+0000] {logging_mixin.py:188} INFO - [2026-05-09T11:40:27.172+0000] {dagbag.py:545} INFO - Filling up the DagBag from /home/vscode/.local/lib/python3.11/site-packages/airflow/example_dags/example_branch_operator_decorator.py
[2026-05-09T11:40:27.189+0000] {processor.py:840} INFO - DAG(s) 'example_branch_python_operator_decorator' retrieved from /home/vscode/.local/lib/python3.11/site-packages/airflow/example_dags/example_branch_operator_decorator.py
[2026-05-09T11:40:27.207+0000] {logging_mixin.py:188} INFO - [2026-05-09T11:40:27.207+0000] {dag.py:3096} INFO - Sync 1 DAGs
[2026-05-09T11:40:27.222+0000] {logging_mixin.py:188} INFO - [2026-05-09T11:40:27.222+0000] {dag.py:3954} INFO - Setting next_dagrun for example_branch_python_operator_decorator to 2026-05-08 00:00:00+00:00, run_after=2026-05-09 00:00:00+00:00
[2026-05-09T11:40:27.240+0000] {processor.py:183} INFO - Processing /home/vscode/.local/lib/python3.11/site-packages/airflow/example_dags/example_branch_operator_decorator.py took 0.075 seconds
[2026-05-09T11:41:32.673+0000] {processor.py:161} INFO - Started process (PID=21334) to work on /home/vscode/.local/lib/python3.11/site-packages/airflow/example_dags/example_branch_operator_decorator.py
[2026-05-09T11:41:32.675+0000] {processor.py:830} INFO - Processing file /home/vscode/.local/lib/python3.11/site-packages/airflow/example_dags/example_branch_operator_decorator.py for tasks to queue
[2026-05-09T11:41:32.680+0000] {logging_mixin.py:188} INFO - [2026-05-09T11:41:32.679+0000] {dagbag.py:545} INFO - Filling up the DagBag from /home/vscode/.local/lib/python3.11/site-packages/airflow/example_dags/example_branch_operator_decorator.py
[2026-05-09T11:41:32.751+0000] {processor.py:840} INFO - DAG(s) 'example_branch_python_operator_decorator' retrieved from /home/vscode/.local/lib/python3.11/site-packages/airflow/example_dags/example_branch_operator_decorator.py
[2026-05-09T11:41:32.808+0000] {logging_mixin.py:188} INFO - [2026-05-09T11:41:32.807+0000] {dag.py:3096} INFO - Sync 1 DAGs
[2026-05-09T11:41:32.852+0000] {logging_mixin.py:188} INFO - [2026-05-09T11:41:32.851+0000] {dag.py:3954} INFO - Setting next_dagrun for example_branch_python_operator_decorator to 2026-05-08 00:00:00+00:00, run_after=2026-05-09 00:00:00+00:00
[2026-05-09T11:41:32.882+0000] {processor.py:183} INFO - Processing /home/vscode/.local/lib/python3.11/site-packages/airflow/example_dags/example_branch_operator_decorator.py took 0.236 seconds
[2026-05-09T11:42:38.509+0000] {processor.py:161} INFO - Started process (PID=21942) to work on /home/vscode/.local/lib/python3.11/site-packages/airflow/example_dags/example_branch_operator_decorator.py
[2026-05-09T11:42:38.510+0000] {processor.py:830} INFO - Processing file /home/vscode/.local/lib/python3.11/site-packages/airflow/example_dags/example_branch_operator_decorator.py for tasks to queue
[2026-05-09T11:42:38.510+0000] {logging_mixin.py:188} INFO - [2026-05-09T11:42:38.510+0000] {dagbag.py:545} INFO - Filling up the DagBag from /home/vscode/.local/lib/python3.11/site-packages/airflow/example_dags/example_branch_operator_decorator.py
[2026-05-09T11:42:38.526+0000] {processor.py:840} INFO - DAG(s) 'example_branch_python_operator_decorator' retrieved from /home/vscode/.local/lib/python3.11/site-packages/airflow/example_dags/example_branch_operator_decorator.py
[2026-05-09T11:42:38.550+0000] {logging_mixin.py:188} INFO - [2026-05-09T11:42:38.550+0000] {dag.py:3096} INFO - Sync 1 DAGs
[2026-05-09T11:42:38.567+0000] {logging_mixin.py:188} INFO - [2026-05-09T11:42:38.567+0000] {dag.py:3954} INFO - Setting next_dagrun for example_branch_python_operator_decorator to 2026-05-08 00:00:00+00:00, run_after=2026-05-09 00:00:00+00:00
[2026-05-09T11:42:38.583+0000] {processor.py:183} INFO - Processing /home/vscode/.local/lib/python3.11/site-packages/airflow/example_dags/example_branch_operator_decorator.py took 0.080 seconds
[2026-05-09T11:43:45.737+0000] {processor.py:161} INFO - Started process (PID=22560) to work on /home/vscode/.local/lib/python3.11/site-packages/airflow/example_dags/example_branch_operator_decorator.py
[2026-05-09T11:43:45.737+0000] {processor.py:830} INFO - Processing file /home/vscode/.local/lib/python3.11/site-packages/airflow/example_dags/example_branch_operator_decorator.py for tasks to queue
[2026-05-09T11:43:45.738+0000] {logging_mixin.py:188} INFO - [2026-05-09T11:43:45.738+0000] {dagbag.py:545} INFO - Filling up the DagBag from /home/vscode/.local/lib/python3.11/site-packages/airflow/example_dags/example_branch_operator_decorator.py
[2026-05-09T11:43:45.754+0000] {processor.py:840} INFO - DAG(s) 'example_branch_python_operator_decorator' retrieved from /home/vscode/.local/lib/python3.11/site-packages/airflow/example_dags/example_branch_operator_decorator.py
[2026-05-09T11:43:45.772+0000] {logging_mixin.py:188} INFO - [2026-05-09T11:43:45.772+0000] {dag.py:3096} INFO - Sync 1 DAGs
[2026-05-09T11:43:45.787+0000] {logging_mixin.py:188} INFO - [2026-05-09T11:43:45.787+0000] {dag.py:3954} INFO - Setting next_dagrun for example_branch_python_operator_decorator to 2026-05-08 00:00:00+00:00, run_after=2026-05-09 00:00:00+00:00
[2026-05-09T11:43:45.803+0000] {processor.py:183} INFO - Processing /home/vscode/.local/lib/python3.11/site-packages/airflow/example_dags/example_branch_operator_decorator.py took 0.074 seconds
[2026-05-09T11:44:45.255+0000] {processor.py:161} INFO - Started process (PID=23057) to work on /home/vscode/.local/lib/python3.11/site-packages/airflow/example_dags/example_branch_operator_decorator.py
[2026-05-09T11:44:45.255+0000] {processor.py:830} INFO - Processing file /home/vscode/.local/lib/python3.11/site-packages/airflow/example_dags/example_branch_operator_decorator.py for tasks to queue
[2026-05-09T11:44:45.256+0000] {logging_mixin.py:188} INFO - [2026-05-09T11:44:45.256+0000] {dagbag.py:545} INFO - Filling up the DagBag from /home/vscode/.local/lib/python3.11/site-packages/airflow/example_dags/example_branch_operator_decorator.py
[2026-05-09T11:44:45.279+0000] {processor.py:840} INFO - DAG(s) 'example_branch_python_operator_decorator' retrieved from /home/vscode/.local/lib/python3.11/site-packages/airflow/example_dags/example_branch_operator_decorator.py
[2026-05-09T11:44:45.310+0000] {logging_mixin.py:188} INFO - [2026-05-09T11:44:45.310+0000] {dag.py:3096} INFO - Sync 1 DAGs
[2026-05-09T11:44:45.332+0000] {logging_mixin.py:188} INFO - [2026-05-09T11:44:45.332+0000] {dag.py:3954} INFO - Setting next_dagrun for example_branch_python_operator_decorator to 2026-05-08 00:00:00+00:00, run_after=2026-05-09 00:00:00+00:00
[2026-05-09T11:44:45.350+0000] {processor.py:183} INFO - Processing /home/vscode/.local/lib/python3.11/site-packages/airflow/example_dags/example_branch_operator_decorator.py took 0.101 seconds
[2026-05-09T11:45:51.600+0000] {processor.py:161} INFO - Started process (PID=23614) to work on /home/vscode/.local/lib/python3.11/site-packages/airflow/example_dags/example_branch_operator_decorator.py
[2026-05-09T11:45:51.601+0000] {processor.py:830} INFO - Processing file /home/vscode/.local/lib/python3.11/site-packages/airflow/example_dags/example_branch_operator_decorator.py for tasks to queue
[2026-05-09T11:45:51.601+0000] {logging_mixin.py:188} INFO - [2026-05-09T11:45:51.601+0000] {dagbag.py:545} INFO - Filling up the DagBag from /home/vscode/.local/lib/python3.11/site-packages/airflow/example_dags/example_branch_operator_decorator.py
[2026-05-09T11:45:51.620+0000] {processor.py:840} INFO - DAG(s) 'example_branch_python_operator_decorator' retrieved from /home/vscode/.local/lib/python3.11/site-packages/airflow/example_dags/example_branch_operator_decorator.py
[2026-05-09T11:45:51.637+0000] {logging_mixin.py:188} INFO - [2026-05-09T11:45:51.637+0000] {dag.py:3096} INFO - Sync 1 DAGs
[2026-05-09T11:45:51.651+0000] {logging_mixin.py:188} INFO - [2026-05-09T11:45:51.651+0000] {dag.py:3954} INFO - Setting next_dagrun for example_branch_python_operator_decorator to 2026-05-08 00:00:00+00:00, run_after=2026-05-09 00:00:00+00:00
[2026-05-09T11:45:51.667+0000] {processor.py:183} INFO - Processing /home/vscode/.local/lib/python3.11/site-packages/airflow/example_dags/example_branch_operator_decorator.py took 0.073 seconds
[2026-05-09T11:46:57.837+0000] {processor.py:161} INFO - Started process (PID=24271) to work on /home/vscode/.local/lib/python3.11/site-packages/airflow/example_dags/example_branch_operator_decorator.py
[2026-05-09T11:46:57.838+0000] {processor.py:830} INFO - Processing file /home/vscode/.local/lib/python3.11/site-packages/airflow/example_dags/example_branch_operator_decorator.py for tasks to queue
[2026-05-09T11:46:57.838+0000] {logging_mixin.py:188} INFO - [2026-05-09T11:46:57.838+0000] {dagbag.py:545} INFO - Filling up the DagBag from /home/vscode/.local/lib/python3.11/site-packages/airflow/example_dags/example_branch_operator_decorator.py
[2026-05-09T11:46:57.854+0000] {processor.py:840} INFO - DAG(s) 'example_branch_python_operator_decorator' retrieved from /home/vscode/.local/lib/python3.11/site-packages/airflow/example_dags/example_branch_operator_decorator.py
[2026-05-09T11:46:57.871+0000] {logging_mixin.py:188} INFO - [2026-05-09T11:46:57.871+0000] {dag.py:3096} INFO - Sync 1 DAGs
[2026-05-09T11:46:57.885+0000] {logging_mixin.py:188} INFO - [2026-05-09T11:46:57.885+0000] {dag.py:3954} INFO - Setting next_dagrun for example_branch_python_operator_decorator to 2026-05-08 00:00:00+00:00, run_after=2026-05-09 00:00:00+00:00
[2026-05-09T11:46:57.901+0000] {processor.py:183} INFO - Processing /home/vscode/.local/lib/python3.11/site-packages/airflow/example_dags/example_branch_operator_decorator.py took 0.070 seconds
[2026-05-09T11:48:03.322+0000] {processor.py:161} INFO - Started process (PID=24821) to work on /home/vscode/.local/lib/python3.11/site-packages/airflow/example_dags/example_branch_operator_decorator.py
[2026-05-09T11:48:03.322+0000] {processor.py:830} INFO - Processing file /home/vscode/.local/lib/python3.11/site-packages/airflow/example_dags/example_branch_operator_decorator.py for tasks to queue
[2026-05-09T11:48:03.323+0000] {logging_mixin.py:188} INFO - [2026-05-09T11:48:03.322+0000] {dagbag.py:545} INFO - Filling up the DagBag from /home/vscode/.local/lib/python3.11/site-packages/airflow/example_dags/example_branch_operator_decorator.py
[2026-05-09T11:48:03.338+0000] {processor.py:840} INFO - DAG(s) 'example_branch_python_operator_decorator' retrieved from /home/vscode/.local/lib/python3.11/site-packages/airflow/example_dags/example_branch_operator_decorator.py
[2026-05-09T11:48:03.355+0000] {logging_mixin.py:188} INFO - [2026-05-09T11:48:03.355+0000] {dag.py:3096} INFO - Sync 1 DAGs
[2026-05-09T11:48:03.369+0000] {logging_mixin.py:188} INFO - [2026-05-09T11:48:03.369+0000] {dag.py:3954} INFO - Setting next_dagrun for example_branch_python_operator_decorator to 2026-05-08 00:00:00+00:00, run_after=2026-05-09 00:00:00+00:00
[2026-05-09T11:48:03.384+0000] {processor.py:183} INFO - Processing /home/vscode/.local/lib/python3.11/site-packages/airflow/example_dags/example_branch_operator_decorator.py took 0.069 seconds
[2026-05-09T11:49:05.116+0000] {processor.py:161} INFO - Started process (PID=25413) to work on /home/vscode/.local/lib/python3.11/site-packages/airflow/example_dags/example_branch_operator_decorator.py
[2026-05-09T11:49:05.116+0000] {processor.py:830} INFO - Processing file /home/vscode/.local/lib/python3.11/site-packages/airflow/example_dags/example_branch_operator_decorator.py for tasks to queue
[2026-05-09T11:49:05.117+0000] {logging_mixin.py:188} INFO - [2026-05-09T11:49:05.117+0000] {dagbag.py:545} INFO - Filling up the DagBag from /home/vscode/.local/lib/python3.11/site-packages/airflow/example_dags/example_branch_operator_decorator.py
[2026-05-09T11:49:05.134+0000] {processor.py:840} INFO - DAG(s) 'example_branch_python_operator_decorator' retrieved from /home/vscode/.local/lib/python3.11/site-packages/airflow/example_dags/example_branch_operator_decorator.py
[2026-05-09T11:49:05.152+0000] {logging_mixin.py:188} INFO - [2026-05-09T11:49:05.152+0000] {dag.py:3096} INFO - Sync 1 DAGs
[2026-05-09T11:49:05.166+0000] {logging_mixin.py:188} INFO - [2026-05-09T11:49:05.166+0000] {dag.py:3954} INFO - Setting next_dagrun for example_branch_python_operator_decorator to 2026-05-08 00:00:00+00:00, run_after=2026-05-09 00:00:00+00:00
[2026-05-09T11:49:05.184+0000] {processor.py:183} INFO - Processing /home/vscode/.local/lib/python3.11/site-packages/airflow/example_dags/example_branch_operator_decorator.py took 0.074 seconds
[2026-05-09T11:50:09.202+0000] {processor.py:161} INFO - Started process (PID=25999) to work on /home/vscode/.local/lib/python3.11/site-packages/airflow/example_dags/example_branch_operator_decorator.py
[2026-05-09T11:50:09.202+0000] {processor.py:830} INFO - Processing file /home/vscode/.local/lib/python3.11/site-packages/airflow/example_dags/example_branch_operator_decorator.py for tasks to queue
[2026-05-09T11:50:09.203+0000] {logging_mixin.py:188} INFO - [2026-05-09T11:50:09.203+0000] {dagbag.py:545} INFO - Filling up the DagBag from /home/vscode/.local/lib/python3.11/site-packages/airflow/example_dags/example_branch_operator_decorator.py
[2026-05-09T11:50:09.219+0000] {processor.py:840} INFO - DAG(s) 'example_branch_python_operator_decorator' retrieved from /home/vscode/.local/lib/python3.11/site-packages/airflow/example_dags/example_branch_operator_decorator.py
[2026-05-09T11:50:09.239+0000] {logging_mixin.py:188} INFO - [2026-05-09T11:50:09.239+0000] {dag.py:3096} INFO - Sync 1 DAGs
[2026-05-09T11:50:09.261+0000] {logging_mixin.py:188} INFO - [2026-05-09T11:50:09.261+0000] {dag.py:3954} INFO - Setting next_dagrun for example_branch_python_operator_decorator to 2026-05-08 00:00:00+00:00, run_after=2026-05-09 00:00:00+00:00
[2026-05-09T11:50:09.282+0000] {processor.py:183} INFO - Processing /home/vscode/.local/lib/python3.11/site-packages/airflow/example_dags/example_branch_operator_decorator.py took 0.086 seconds
[2026-05-09T11:51:13.278+0000] {processor.py:161} INFO - Started process (PID=26778) to work on /home/vscode/.local/lib/python3.11/site-packages/airflow/example_dags/example_branch_operator_decorator.py
[2026-05-09T11:51:13.278+0000] {processor.py:830} INFO - Processing file /home/vscode/.local/lib/python3.11/site-packages/airflow/example_dags/example_branch_operator_decorator.py for tasks to queue
[2026-05-09T11:51:13.279+0000] {logging_mixin.py:188} INFO - [2026-05-09T11:51:13.278+0000] {dagbag.py:545} INFO - Filling up the DagBag from /home/vscode/.local/lib/python3.11/site-packages/airflow/example_dags/example_branch_operator_decorator.py
[2026-05-09T11:51:13.295+0000] {processor.py:840} INFO - DAG(s) 'example_branch_python_operator_decorator' retrieved from /home/vscode/.local/lib/python3.11/site-packages/airflow/example_dags/example_branch_operator_decorator.py
[2026-05-09T11:51:13.312+0000] {logging_mixin.py:188} INFO - [2026-05-09T11:51:13.312+0000] {dag.py:3096} INFO - Sync 1 DAGs
[2026-05-09T11:51:13.326+0000] {logging_mixin.py:188} INFO - [2026-05-09T11:51:13.326+0000] {dag.py:3954} INFO - Setting next_dagrun for example_branch_python_operator_decorator to 2026-05-08 00:00:00+00:00, run_after=2026-05-09 00:00:00+00:00
[2026-05-09T11:51:13.342+0000] {processor.py:183} INFO - Processing /home/vscode/.local/lib/python3.11/site-packages/airflow/example_dags/example_branch_operator_decorator.py took 0.071 seconds
[2026-05-09T11:52:17.106+0000] {processor.py:161} INFO - Started process (PID=27345) to work on /home/vscode/.local/lib/python3.11/site-packages/airflow/example_dags/example_branch_operator_decorator.py
[2026-05-09T11:52:17.106+0000] {processor.py:830} INFO - Processing file /home/vscode/.local/lib/python3.11/site-packages/airflow/example_dags/example_branch_operator_decorator.py for tasks to queue
[2026-05-09T11:52:17.107+0000] {logging_mixin.py:188} INFO - [2026-05-09T11:52:17.107+0000] {dagbag.py:545} INFO - Filling up the DagBag from /home/vscode/.local/lib/python3.11/site-packages/airflow/example_dags/example_branch_operator_decorator.py
[2026-05-09T11:52:17.122+0000] {processor.py:840} INFO - DAG(s) 'example_branch_python_operator_decorator' retrieved from /home/vscode/.local/lib/python3.11/site-packages/airflow/example_dags/example_branch_operator_decorator.py
[2026-05-09T11:52:17.140+0000] {logging_mixin.py:188} INFO - [2026-05-09T11:52:17.140+0000] {dag.py:3096} INFO - Sync 1 DAGs
[2026-05-09T11:52:17.154+0000] {logging_mixin.py:188} INFO - [2026-05-09T11:52:17.154+0000] {dag.py:3954} INFO - Setting next_dagrun for example_branch_python_operator_decorator to 2026-05-08 00:00:00+00:00, run_after=2026-05-09 00:00:00+00:00
[2026-05-09T11:52:17.169+0000] {processor.py:183} INFO - Processing /home/vscode/.local/lib/python3.11/site-packages/airflow/example_dags/example_branch_operator_decorator.py took 0.069 seconds
[2026-05-09T11:53:15.490+0000] {processor.py:161} INFO - Started process (PID=27873) to work on /home/vscode/.local/lib/python3.11/site-packages/airflow/example_dags/example_branch_operator_decorator.py
[2026-05-09T11:53:15.490+0000] {processor.py:830} INFO - Processing file /home/vscode/.local/lib/python3.11/site-packages/airflow/example_dags/example_branch_operator_decorator.py for tasks to queue
[2026-05-09T11:53:15.491+0000] {logging_mixin.py:188} INFO - [2026-05-09T11:53:15.491+0000] {dagbag.py:545} INFO - Filling up the DagBag from /home/vscode/.local/lib/python3.11/site-packages/airflow/example_dags/example_branch_operator_decorator.py
[2026-05-09T11:53:15.507+0000] {processor.py:840} INFO - DAG(s) 'example_branch_python_operator_decorator' retrieved from /home/vscode/.local/lib/python3.11/site-packages/airflow/example_dags/example_branch_operator_decorator.py
[2026-05-09T11:53:15.524+0000] {logging_mixin.py:188} INFO - [2026-05-09T11:53:15.524+0000] {dag.py:3096} INFO - Sync 1 DAGs
[2026-05-09T11:53:15.538+0000] {logging_mixin.py:188} INFO - [2026-05-09T11:53:15.538+0000] {dag.py:3954} INFO - Setting next_dagrun for example_branch_python_operator_decorator to 2026-05-08 00:00:00+00:00, run_after=2026-05-09 00:00:00+00:00
[2026-05-09T11:53:15.553+0000] {processor.py:183} INFO - Processing /home/vscode/.local/lib/python3.11/site-packages/airflow/example_dags/example_branch_operator_decorator.py took 0.070 seconds
[2026-05-09T11:54:16.006+0000] {processor.py:161} INFO - Started process (PID=28396) to work on /home/vscode/.local/lib/python3.11/site-packages/airflow/example_dags/example_branch_operator_decorator.py
[2026-05-09T11:54:16.006+0000] {processor.py:830} INFO - Processing file /home/vscode/.local/lib/python3.11/site-packages/airflow/example_dags/example_branch_operator_decorator.py for tasks to queue
[2026-05-09T11:54:16.007+0000] {logging_mixin.py:188} INFO - [2026-05-09T11:54:16.007+0000] {dagbag.py:545} INFO - Filling up the DagBag from /home/vscode/.local/lib/python3.11/site-packages/airflow/example_dags/example_branch_operator_decorator.py
[2026-05-09T11:54:16.023+0000] {processor.py:840} INFO - DAG(s) 'example_branch_python_operator_decorator' retrieved from /home/vscode/.local/lib/python3.11/site-packages/airflow/example_dags/example_branch_operator_decorator.py
[2026-05-09T11:54:16.041+0000] {logging_mixin.py:188} INFO - [2026-05-09T11:54:16.040+0000] {dag.py:3096} INFO - Sync 1 DAGs
[2026-05-09T11:54:16.055+0000] {logging_mixin.py:188} INFO - [2026-05-09T11:54:16.055+0000] {dag.py:3954} INFO - Setting next_dagrun for example_branch_python_operator_decorator to 2026-05-08 00:00:00+00:00, run_after=2026-05-09 00:00:00+00:00
[2026-05-09T11:54:16.071+0000] {processor.py:183} INFO - Processing /home/vscode/.local/lib/python3.11/site-packages/airflow/example_dags/example_branch_operator_decorator.py took 0.071 seconds
[2026-05-09T11:55:19.141+0000] {processor.py:161} INFO - Started process (PID=28934) to work on /home/vscode/.local/lib/python3.11/site-packages/airflow/example_dags/example_branch_operator_decorator.py
[2026-05-09T11:55:19.141+0000] {processor.py:830} INFO - Processing file /home/vscode/.local/lib/python3.11/site-packages/airflow/example_dags/example_branch_operator_decorator.py for tasks to queue
[2026-05-09T11:55:19.142+0000] {logging_mixin.py:188} INFO - [2026-05-09T11:55:19.141+0000] {dagbag.py:545} INFO - Filling up the DagBag from /home/vscode/.local/lib/python3.11/site-packages/airflow/example_dags/example_branch_operator_decorator.py
[2026-05-09T11:55:19.157+0000] {processor.py:840} INFO - DAG(s) 'example_branch_python_operator_decorator' retrieved from /home/vscode/.local/lib/python3.11/site-packages/airflow/example_dags/example_branch_operator_decorator.py
[2026-05-09T11:55:19.174+0000] {logging_mixin.py:188} INFO - [2026-05-09T11:55:19.174+0000] {dag.py:3096} INFO - Sync 1 DAGs
[2026-05-09T11:55:19.188+0000] {logging_mixin.py:188} INFO - [2026-05-09T11:55:19.188+0000] {dag.py:3954} INFO - Setting next_dagrun for example_branch_python_operator_decorator to 2026-05-08 00:00:00+00:00, run_after=2026-05-09 00:00:00+00:00
[2026-05-09T11:55:19.203+0000] {processor.py:183} INFO - Processing /home/vscode/.local/lib/python3.11/site-packages/airflow/example_dags/example_branch_operator_decorator.py took 0.068 seconds
[2026-05-09T11:56:21.391+0000] {processor.py:161} INFO - Started process (PID=29405) to work on /home/vscode/.local/lib/python3.11/site-packages/airflow/example_dags/example_branch_operator_decorator.py
[2026-05-09T11:56:21.392+0000] {processor.py:830} INFO - Processing file /home/vscode/.local/lib/python3.11/site-packages/airflow/example_dags/example_branch_operator_decorator.py for tasks to queue
[2026-05-09T11:56:21.392+0000] {logging_mixin.py:188} INFO - [2026-05-09T11:56:21.392+0000] {dagbag.py:545} INFO - Filling up the DagBag from /home/vscode/.local/lib/python3.11/site-packages/airflow/example_dags/example_branch_operator_decorator.py
[2026-05-09T11:56:21.408+0000] {processor.py:840} INFO - DAG(s) 'example_branch_python_operator_decorator' retrieved from /home/vscode/.local/lib/python3.11/site-packages/airflow/example_dags/example_branch_operator_decorator.py
[2026-05-09T11:56:21.428+0000] {logging_mixin.py:188} INFO - [2026-05-09T11:56:21.427+0000] {dag.py:3096} INFO - Sync 1 DAGs
[2026-05-09T11:56:21.442+0000] {logging_mixin.py:188} INFO - [2026-05-09T11:56:21.442+0000] {dag.py:3954} INFO - Setting next_dagrun for example_branch_python_operator_decorator to 2026-05-08 00:00:00+00:00, run_after=2026-05-09 00:00:00+00:00
[2026-05-09T11:56:21.459+0000] {processor.py:183} INFO - Processing /home/vscode/.local/lib/python3.11/site-packages/airflow/example_dags/example_branch_operator_decorator.py took 0.074 seconds
[2026-05-09T11:57:21.638+0000] {processor.py:161} INFO - Started process (PID=29927) to work on /home/vscode/.local/lib/python3.11/site-packages/airflow/example_dags/example_branch_operator_decorator.py
[2026-05-09T11:57:21.639+0000] {processor.py:830} INFO - Processing file /home/vscode/.local/lib/python3.11/site-packages/airflow/example_dags/example_branch_operator_decorator.py for tasks to queue
[2026-05-09T11:57:21.640+0000] {logging_mixin.py:188} INFO - [2026-05-09T11:57:21.639+0000] {dagbag.py:545} INFO - Filling up the DagBag from /home/vscode/.local/lib/python3.11/site-packages/airflow/example_dags/example_branch_operator_decorator.py
[2026-05-09T11:57:21.655+0000] {processor.py:840} INFO - DAG(s) 'example_branch_python_operator_decorator' retrieved from /home/vscode/.local/lib/python3.11/site-packages/airflow/example_dags/example_branch_operator_decorator.py
[2026-05-09T11:57:21.672+0000] {logging_mixin.py:188} INFO - [2026-05-09T11:57:21.672+0000] {dag.py:3096} INFO - Sync 1 DAGs
[2026-05-09T11:57:21.691+0000] {logging_mixin.py:188} INFO - [2026-05-09T11:57:21.691+0000] {dag.py:3954} INFO - Setting next_dagrun for example_branch_python_operator_decorator to 2026-05-08 00:00:00+00:00, run_after=2026-05-09 00:00:00+00:00
[2026-05-09T11:57:21.707+0000] {processor.py:183} INFO - Processing /home/vscode/.local/lib/python3.11/site-packages/airflow/example_dags/example_branch_operator_decorator.py took 0.075 seconds
[2026-05-09T11:58:26.266+0000] {processor.py:161} INFO - Started process (PID=30408) to work on /home/vscode/.local/lib/python3.11/site-packages/airflow/example_dags/example_branch_operator_decorator.py
[2026-05-09T11:58:26.267+0000] {processor.py:830} INFO - Processing file /home/vscode/.local/lib/python3.11/site-packages/airflow/example_dags/example_branch_operator_decorator.py for tasks to queue
[2026-05-09T11:58:26.267+0000] {logging_mixin.py:188} INFO - [2026-05-09T11:58:26.267+0000] {dagbag.py:545} INFO - Filling up the DagBag from /home/vscode/.local/lib/python3.11/site-packages/airflow/example_dags/example_branch_operator_decorator.py
[2026-05-09T11:58:26.283+0000] {processor.py:840} INFO - DAG(s) 'example_branch_python_operator_decorator' retrieved from /home/vscode/.local/lib/python3.11/site-packages/airflow/example_dags/example_branch_operator_decorator.py
[2026-05-09T11:58:26.300+0000] {logging_mixin.py:188} INFO - [2026-05-09T11:58:26.300+0000] {dag.py:3096} INFO - Sync 1 DAGs
[2026-05-09T11:58:26.314+0000] {logging_mixin.py:188} INFO - [2026-05-09T11:58:26.314+0000] {dag.py:3954} INFO - Setting next_dagrun for example_branch_python_operator_decorator to 2026-05-08 00:00:00+00:00, run_after=2026-05-09 00:00:00+00:00
[2026-05-09T11:58:26.330+0000] {processor.py:183} INFO - Processing /home/vscode/.local/lib/python3.11/site-packages/airflow/example_dags/example_branch_operator_decorator.py took 0.070 seconds
[2026-05-09T11:59:30.158+0000] {processor.py:161} INFO - Started process (PID=30956) to work on /home/vscode/.local/lib/python3.11/site-packages/airflow/example_dags/example_branch_operator_decorator.py
[2026-05-09T11:59:30.159+0000] {processor.py:830} INFO - Processing file /home/vscode/.local/lib/python3.11/site-packages/airflow/example_dags/example_branch_operator_decorator.py for tasks to queue
[2026-05-09T11:59:30.159+0000] {logging_mixin.py:188} INFO - [2026-05-09T11:59:30.159+0000] {dagbag.py:545} INFO - Filling up the DagBag from /home/vscode/.local/lib/python3.11/site-packages/airflow/example_dags/example_branch_operator_decorator.py
[2026-05-09T11:59:30.175+0000] {processor.py:840} INFO - DAG(s) 'example_branch_python_operator_decorator' retrieved from /home/vscode/.local/lib/python3.11/site-packages/airflow/example_dags/example_branch_operator_decorator.py
[2026-05-09T11:59:30.194+0000] {logging_mixin.py:188} INFO - [2026-05-09T11:59:30.194+0000] {dag.py:3096} INFO - Sync 1 DAGs
[2026-05-09T11:59:30.209+0000] {logging_mixin.py:188} INFO - [2026-05-09T11:59:30.208+0000] {dag.py:3954} INFO - Setting next_dagrun for example_branch_python_operator_decorator to 2026-05-08 00:00:00+00:00, run_after=2026-05-09 00:00:00+00:00
[2026-05-09T11:59:30.224+0000] {processor.py:183} INFO - Processing /home/vscode/.local/lib/python3.11/site-packages/airflow/example_dags/example_branch_operator_decorator.py took 0.072 seconds
[2026-05-09T12:00:30.664+0000] {processor.py:161} INFO - Started process (PID=31416) to work on /home/vscode/.local/lib/python3.11/site-packages/airflow/example_dags/example_branch_operator_decorator.py
[2026-05-09T12:00:30.665+0000] {processor.py:830} INFO - Processing file /home/vscode/.local/lib/python3.11/site-packages/airflow/example_dags/example_branch_operator_decorator.py for tasks to queue
[2026-05-09T12:00:30.665+0000] {logging_mixin.py:188} INFO - [2026-05-09T12:00:30.665+0000] {dagbag.py:545} INFO - Filling up the DagBag from /home/vscode/.local/lib/python3.11/site-packages/airflow/example_dags/example_branch_operator_decorator.py
[2026-05-09T12:00:30.692+0000] {processor.py:840} INFO - DAG(s) 'example_branch_python_operator_decorator' retrieved from /home/vscode/.local/lib/python3.11/site-packages/airflow/example_dags/example_branch_operator_decorator.py
[2026-05-09T12:00:30.710+0000] {logging_mixin.py:188} INFO - [2026-05-09T12:00:30.710+0000] {dag.py:3096} INFO - Sync 1 DAGs
[2026-05-09T12:00:30.724+0000] {logging_mixin.py:188} INFO - [2026-05-09T12:00:30.724+0000] {dag.py:3954} INFO - Setting next_dagrun for example_branch_python_operator_decorator to 2026-05-08 00:00:00+00:00, run_after=2026-05-09 00:00:00+00:00
[2026-05-09T12:00:30.739+0000] {processor.py:183} INFO - Processing /home/vscode/.local/lib/python3.11/site-packages/airflow/example_dags/example_branch_operator_decorator.py took 0.083 seconds
[2026-05-09T12:01:36.090+0000] {processor.py:161} INFO - Started process (PID=32020) to work on /home/vscode/.local/lib/python3.11/site-packages/airflow/example_dags/example_branch_operator_decorator.py
[2026-05-09T12:01:36.091+0000] {processor.py:830} INFO - Processing file /home/vscode/.local/lib/python3.11/site-packages/airflow/example_dags/example_branch_operator_decorator.py for tasks to queue
[2026-05-09T12:01:36.091+0000] {logging_mixin.py:188} INFO - [2026-05-09T12:01:36.091+0000] {dagbag.py:545} INFO - Filling up the DagBag from /home/vscode/.local/lib/python3.11/site-packages/airflow/example_dags/example_branch_operator_decorator.py
[2026-05-09T12:01:36.107+0000] {processor.py:840} INFO - DAG(s) 'example_branch_python_operator_decorator' retrieved from /home/vscode/.local/lib/python3.11/site-packages/airflow/example_dags/example_branch_operator_decorator.py
[2026-05-09T12:01:36.124+0000] {logging_mixin.py:188} INFO - [2026-05-09T12:01:36.124+0000] {dag.py:3096} INFO - Sync 1 DAGs
[2026-05-09T12:01:36.138+0000] {logging_mixin.py:188} INFO - [2026-05-09T12:01:36.138+0000] {dag.py:3954} INFO - Setting next_dagrun for example_branch_python_operator_decorator to 2026-05-08 00:00:00+00:00, run_after=2026-05-09 00:00:00+00:00
[2026-05-09T12:01:36.153+0000] {processor.py:183} INFO - Processing /home/vscode/.local/lib/python3.11/site-packages/airflow/example_dags/example_branch_operator_decorator.py took 0.070 seconds
[2026-05-09T12:02:38.493+0000] {processor.py:161} INFO - Started process (PID=32493) to work on /home/vscode/.local/lib/python3.11/site-packages/airflow/example_dags/example_branch_operator_decorator.py
[2026-05-09T12:02:38.493+0000] {processor.py:830} INFO - Processing file /home/vscode/.local/lib/python3.11/site-packages/airflow/example_dags/example_branch_operator_decorator.py for tasks to queue
[2026-05-09T12:02:38.494+0000] {logging_mixin.py:188} INFO - [2026-05-09T12:02:38.494+0000] {dagbag.py:545} INFO - Filling up the DagBag from /home/vscode/.local/lib/python3.11/site-packages/airflow/example_dags/example_branch_operator_decorator.py
[2026-05-09T12:02:38.510+0000] {processor.py:840} INFO - DAG(s) 'example_branch_python_operator_decorator' retrieved from /home/vscode/.local/lib/python3.11/site-packages/airflow/example_dags/example_branch_operator_decorator.py
[2026-05-09T12:02:38.528+0000] {logging_mixin.py:188} INFO - [2026-05-09T12:02:38.527+0000] {dag.py:3096} INFO - Sync 1 DAGs
[2026-05-09T12:02:38.546+0000] {logging_mixin.py:188} INFO - [2026-05-09T12:02:38.545+0000] {dag.py:3954} INFO - Setting next_dagrun for example_branch_python_operator_decorator to 2026-05-08 00:00:00+00:00, run_after=2026-05-09 00:00:00+00:00
[2026-05-09T12:02:38.562+0000] {processor.py:183} INFO - Processing /home/vscode/.local/lib/python3.11/site-packages/airflow/example_dags/example_branch_operator_decorator.py took 0.075 seconds
[2026-05-09T12:03:40.160+0000] {processor.py:161} INFO - Started process (PID=33079) to work on /home/vscode/.local/lib/python3.11/site-packages/airflow/example_dags/example_branch_operator_decorator.py
[2026-05-09T12:03:40.160+0000] {processor.py:830} INFO - Processing file /home/vscode/.local/lib/python3.11/site-packages/airflow/example_dags/example_branch_operator_decorator.py for tasks to queue
[2026-05-09T12:03:40.161+0000] {logging_mixin.py:188} INFO - [2026-05-09T12:03:40.161+0000] {dagbag.py:545} INFO - Filling up the DagBag from /home/vscode/.local/lib/python3.11/site-packages/airflow/example_dags/example_branch_operator_decorator.py
[2026-05-09T12:03:40.178+0000] {processor.py:840} INFO - DAG(s) 'example_branch_python_operator_decorator' retrieved from /home/vscode/.local/lib/python3.11/site-packages/airflow/example_dags/example_branch_operator_decorator.py
[2026-05-09T12:03:40.196+0000] {logging_mixin.py:188} INFO - [2026-05-09T12:03:40.196+0000] {dag.py:3096} INFO - Sync 1 DAGs
[2026-05-09T12:03:40.211+0000] {logging_mixin.py:188} INFO - [2026-05-09T12:03:40.211+0000] {dag.py:3954} INFO - Setting next_dagrun for example_branch_python_operator_decorator to 2026-05-08 00:00:00+00:00, run_after=2026-05-09 00:00:00+00:00
[2026-05-09T12:03:40.226+0000] {processor.py:183} INFO - Processing /home/vscode/.local/lib/python3.11/site-packages/airflow/example_dags/example_branch_operator_decorator.py took 0.073 seconds
[2026-05-09T12:04:44.184+0000] {processor.py:161} INFO - Started process (PID=33567) to work on /home/vscode/.local/lib/python3.11/site-packages/airflow/example_dags/example_branch_operator_decorator.py
[2026-05-09T12:04:44.185+0000] {processor.py:830} INFO - Processing file /home/vscode/.local/lib/python3.11/site-packages/airflow/example_dags/example_branch_operator_decorator.py for tasks to queue
[2026-05-09T12:04:44.185+0000] {logging_mixin.py:188} INFO - [2026-05-09T12:04:44.185+0000] {dagbag.py:545} INFO - Filling up the DagBag from /home/vscode/.local/lib/python3.11/site-packages/airflow/example_dags/example_branch_operator_decorator.py
[2026-05-09T12:04:44.201+0000] {processor.py:840} INFO - DAG(s) 'example_branch_python_operator_decorator' retrieved from /home/vscode/.local/lib/python3.11/site-packages/airflow/example_dags/example_branch_operator_decorator.py
[2026-05-09T12:04:44.218+0000] {logging_mixin.py:188} INFO - [2026-05-09T12:04:44.218+0000] {dag.py:3096} INFO - Sync 1 DAGs
[2026-05-09T12:04:44.236+0000] {logging_mixin.py:188} INFO - [2026-05-09T12:04:44.236+0000] {dag.py:3954} INFO - Setting next_dagrun for example_branch_python_operator_decorator to 2026-05-08 00:00:00+00:00, run_after=2026-05-09 00:00:00+00:00
[2026-05-09T12:04:44.253+0000] {processor.py:183} INFO - Processing /home/vscode/.local/lib/python3.11/site-packages/airflow/example_dags/example_branch_operator_decorator.py took 0.076 seconds
[2026-05-09T12:05:46.263+0000] {processor.py:161} INFO - Started process (PID=34093) to work on /home/vscode/.local/lib/python3.11/site-packages/airflow/example_dags/example_branch_operator_decorator.py
[2026-05-09T12:05:46.263+0000] {processor.py:830} INFO - Processing file /home/vscode/.local/lib/python3.11/site-packages/airflow/example_dags/example_branch_operator_decorator.py for tasks to queue
[2026-05-09T12:05:46.264+0000] {logging_mixin.py:188} INFO - [2026-05-09T12:05:46.263+0000] {dagbag.py:545} INFO - Filling up the DagBag from /home/vscode/.local/lib/python3.11/site-packages/airflow/example_dags/example_branch_operator_decorator.py
[2026-05-09T12:05:46.289+0000] {processor.py:840} INFO - DAG(s) 'example_branch_python_operator_decorator' retrieved from /home/vscode/.local/lib/python3.11/site-packages/airflow/example_dags/example_branch_operator_decorator.py
[2026-05-09T12:05:46.320+0000] {logging_mixin.py:188} INFO - [2026-05-09T12:05:46.320+0000] {dag.py:3096} INFO - Sync 1 DAGs
[2026-05-09T12:05:46.362+0000] {logging_mixin.py:188} INFO - [2026-05-09T12:05:46.362+0000] {dag.py:3954} INFO - Setting next_dagrun for example_branch_python_operator_decorator to 2026-05-08 00:00:00+00:00, run_after=2026-05-09 00:00:00+00:00
[2026-05-09T12:05:46.389+0000] {processor.py:183} INFO - Processing /home/vscode/.local/lib/python3.11/site-packages/airflow/example_dags/example_branch_operator_decorator.py took 0.134 seconds
[2026-05-09T12:06:51.923+0000] {processor.py:161} INFO - Started process (PID=34590) to work on /home/vscode/.local/lib/python3.11/site-packages/airflow/example_dags/example_branch_operator_decorator.py
[2026-05-09T12:06:51.924+0000] {processor.py:830} INFO - Processing file /home/vscode/.local/lib/python3.11/site-packages/airflow/example_dags/example_branch_operator_decorator.py for tasks to queue
[2026-05-09T12:06:51.925+0000] {logging_mixin.py:188} INFO - [2026-05-09T12:06:51.924+0000] {dagbag.py:545} INFO - Filling up the DagBag from /home/vscode/.local/lib/python3.11/site-packages/airflow/example_dags/example_branch_operator_decorator.py
[2026-05-09T12:06:51.952+0000] {processor.py:840} INFO - DAG(s) 'example_branch_python_operator_decorator' retrieved from /home/vscode/.local/lib/python3.11/site-packages/airflow/example_dags/example_branch_operator_decorator.py
[2026-05-09T12:06:51.982+0000] {logging_mixin.py:188} INFO - [2026-05-09T12:06:51.981+0000] {dag.py:3096} INFO - Sync 1 DAGs
[2026-05-09T12:06:51.996+0000] {logging_mixin.py:188} INFO - [2026-05-09T12:06:51.996+0000] {dag.py:3954} INFO - Setting next_dagrun for example_branch_python_operator_decorator to 2026-05-08 00:00:00+00:00, run_after=2026-05-09 00:00:00+00:00
[2026-05-09T12:06:52.013+0000] {processor.py:183} INFO - Processing /home/vscode/.local/lib/python3.11/site-packages/airflow/example_dags/example_branch_operator_decorator.py took 0.096 seconds
[2026-05-09T12:07:55.417+0000] {processor.py:161} INFO - Started process (PID=35124) to work on /home/vscode/.local/lib/python3.11/site-packages/airflow/example_dags/example_branch_operator_decorator.py
[2026-05-09T12:07:55.417+0000] {processor.py:830} INFO - Processing file /home/vscode/.local/lib/python3.11/site-packages/airflow/example_dags/example_branch_operator_decorator.py for tasks to queue
[2026-05-09T12:07:55.418+0000] {logging_mixin.py:188} INFO - [2026-05-09T12:07:55.417+0000] {dagbag.py:545} INFO - Filling up the DagBag from /home/vscode/.local/lib/python3.11/site-packages/airflow/example_dags/example_branch_operator_decorator.py
[2026-05-09T12:07:55.436+0000] {processor.py:840} INFO - DAG(s) 'example_branch_python_operator_decorator' retrieved from /home/vscode/.local/lib/python3.11/site-packages/airflow/example_dags/example_branch_operator_decorator.py
[2026-05-09T12:07:55.455+0000] {logging_mixin.py:188} INFO - [2026-05-09T12:07:55.455+0000] {dag.py:3096} INFO - Sync 1 DAGs
[2026-05-09T12:07:55.472+0000] {logging_mixin.py:188} INFO - [2026-05-09T12:07:55.472+0000] {dag.py:3954} INFO - Setting next_dagrun for example_branch_python_operator_decorator to 2026-05-08 00:00:00+00:00, run_after=2026-05-09 00:00:00+00:00
[2026-05-09T12:07:55.488+0000] {processor.py:183} INFO - Processing /home/vscode/.local/lib/python3.11/site-packages/airflow/example_dags/example_branch_operator_decorator.py took 0.078 seconds
[2026-05-09T12:08:57.308+0000] {processor.py:161} INFO - Started process (PID=35657) to work on /home/vscode/.local/lib/python3.11/site-packages/airflow/example_dags/example_branch_operator_decorator.py
[2026-05-09T12:08:57.309+0000] {processor.py:830} INFO - Processing file /home/vscode/.local/lib/python3.11/site-packages/airflow/example_dags/example_branch_operator_decorator.py for tasks to queue
[2026-05-09T12:08:57.309+0000] {logging_mixin.py:188} INFO - [2026-05-09T12:08:57.309+0000] {dagbag.py:545} INFO - Filling up the DagBag from /home/vscode/.local/lib/python3.11/site-packages/airflow/example_dags/example_branch_operator_decorator.py
[2026-05-09T12:08:57.326+0000] {processor.py:840} INFO - DAG(s) 'example_branch_python_operator_decorator' retrieved from /home/vscode/.local/lib/python3.11/site-packages/airflow/example_dags/example_branch_operator_decorator.py
[2026-05-09T12:08:57.353+0000] {logging_mixin.py:188} INFO - [2026-05-09T12:08:57.353+0000] {dag.py:3096} INFO - Sync 1 DAGs
[2026-05-09T12:08:57.367+0000] {logging_mixin.py:188} INFO - [2026-05-09T12:08:57.367+0000] {dag.py:3954} INFO - Setting next_dagrun for example_branch_python_operator_decorator to 2026-05-08 00:00:00+00:00, run_after=2026-05-09 00:00:00+00:00
[2026-05-09T12:08:57.382+0000] {processor.py:183} INFO - Processing /home/vscode/.local/lib/python3.11/site-packages/airflow/example_dags/example_branch_operator_decorator.py took 0.080 seconds
[2026-05-09T12:09:54.409+0000] {processor.py:161} INFO - Started process (PID=36162) to work on /home/vscode/.local/lib/python3.11/site-packages/airflow/example_dags/example_branch_operator_decorator.py
[2026-05-09T12:09:54.410+0000] {processor.py:830} INFO - Processing file /home/vscode/.local/lib/python3.11/site-packages/airflow/example_dags/example_branch_operator_decorator.py for tasks to queue
[2026-05-09T12:09:54.411+0000] {logging_mixin.py:188} INFO - [2026-05-09T12:09:54.410+0000] {dagbag.py:545} INFO - Filling up the DagBag from /home/vscode/.local/lib/python3.11/site-packages/airflow/example_dags/example_branch_operator_decorator.py
[2026-05-09T12:09:54.429+0000] {processor.py:840} INFO - DAG(s) 'example_branch_python_operator_decorator' retrieved from /home/vscode/.local/lib/python3.11/site-packages/airflow/example_dags/example_branch_operator_decorator.py
[2026-05-09T12:09:54.451+0000] {logging_mixin.py:188} INFO - [2026-05-09T12:09:54.450+0000] {dag.py:3096} INFO - Sync 1 DAGs
[2026-05-09T12:09:54.465+0000] {logging_mixin.py:188} INFO - [2026-05-09T12:09:54.465+0000] {dag.py:3954} INFO - Setting next_dagrun for example_branch_python_operator_decorator to 2026-05-08 00:00:00+00:00, run_after=2026-05-09 00:00:00+00:00
[2026-05-09T12:09:54.481+0000] {processor.py:183} INFO - Processing /home/vscode/.local/lib/python3.11/site-packages/airflow/example_dags/example_branch_operator_decorator.py took 0.078 seconds
[2026-05-09T12:10:57.257+0000] {processor.py:161} INFO - Started process (PID=36633) to work on /home/vscode/.local/lib/python3.11/site-packages/airflow/example_dags/example_branch_operator_decorator.py
[2026-05-09T12:10:57.258+0000] {processor.py:830} INFO - Processing file /home/vscode/.local/lib/python3.11/site-packages/airflow/example_dags/example_branch_operator_decorator.py for tasks to queue
[2026-05-09T12:10:57.258+0000] {logging_mixin.py:188} INFO - [2026-05-09T12:10:57.258+0000] {dagbag.py:545} INFO - Filling up the DagBag from /home/vscode/.local/lib/python3.11/site-packages/airflow/example_dags/example_branch_operator_decorator.py
[2026-05-09T12:10:57.274+0000] {processor.py:840} INFO - DAG(s) 'example_branch_python_operator_decorator' retrieved from /home/vscode/.local/lib/python3.11/site-packages/airflow/example_dags/example_branch_operator_decorator.py
[2026-05-09T12:10:57.291+0000] {logging_mixin.py:188} INFO - [2026-05-09T12:10:57.291+0000] {dag.py:3096} INFO - Sync 1 DAGs
[2026-05-09T12:10:57.305+0000] {logging_mixin.py:188} INFO - [2026-05-09T12:10:57.305+0000] {dag.py:3954} INFO - Setting next_dagrun for example_branch_python_operator_decorator to 2026-05-08 00:00:00+00:00, run_after=2026-05-09 00:00:00+00:00
[2026-05-09T12:10:57.320+0000] {processor.py:183} INFO - Processing /home/vscode/.local/lib/python3.11/site-packages/airflow/example_dags/example_branch_operator_decorator.py took 0.069 seconds
[2026-05-09T12:11:57.847+0000] {processor.py:161} INFO - Started process (PID=37156) to work on /home/vscode/.local/lib/python3.11/site-packages/airflow/example_dags/example_branch_operator_decorator.py
[2026-05-09T12:11:57.848+0000] {processor.py:830} INFO - Processing file /home/vscode/.local/lib/python3.11/site-packages/airflow/example_dags/example_branch_operator_decorator.py for tasks to queue
[2026-05-09T12:11:57.848+0000] {logging_mixin.py:188} INFO - [2026-05-09T12:11:57.848+0000] {dagbag.py:545} INFO - Filling up the DagBag from /home/vscode/.local/lib/python3.11/site-packages/airflow/example_dags/example_branch_operator_decorator.py
[2026-05-09T12:11:57.864+0000] {processor.py:840} INFO - DAG(s) 'example_branch_python_operator_decorator' retrieved from /home/vscode/.local/lib/python3.11/site-packages/airflow/example_dags/example_branch_operator_decorator.py
[2026-05-09T12:11:57.881+0000] {logging_mixin.py:188} INFO - [2026-05-09T12:11:57.881+0000] {dag.py:3096} INFO - Sync 1 DAGs
[2026-05-09T12:11:57.896+0000] {logging_mixin.py:188} INFO - [2026-05-09T12:11:57.896+0000] {dag.py:3954} INFO - Setting next_dagrun for example_branch_python_operator_decorator to 2026-05-08 00:00:00+00:00, run_after=2026-05-09 00:00:00+00:00
[2026-05-09T12:11:57.911+0000] {processor.py:183} INFO - Processing /home/vscode/.local/lib/python3.11/site-packages/airflow/example_dags/example_branch_operator_decorator.py took 0.071 seconds
[2026-05-09T12:12:59.538+0000] {processor.py:161} INFO - Started process (PID=37623) to work on /home/vscode/.local/lib/python3.11/site-packages/airflow/example_dags/example_branch_operator_decorator.py
[2026-05-09T12:12:59.539+0000] {processor.py:830} INFO - Processing file /home/vscode/.local/lib/python3.11/site-packages/airflow/example_dags/example_branch_operator_decorator.py for tasks to queue
[2026-05-09T12:12:59.540+0000] {logging_mixin.py:188} INFO - [2026-05-09T12:12:59.539+0000] {dagbag.py:545} INFO - Filling up the DagBag from /home/vscode/.local/lib/python3.11/site-packages/airflow/example_dags/example_branch_operator_decorator.py
[2026-05-09T12:12:59.574+0000] {processor.py:840} INFO - DAG(s) 'example_branch_python_operator_decorator' retrieved from /home/vscode/.local/lib/python3.11/site-packages/airflow/example_dags/example_branch_operator_decorator.py
[2026-05-09T12:12:59.607+0000] {logging_mixin.py:188} INFO - [2026-05-09T12:12:59.607+0000] {dag.py:3096} INFO - Sync 1 DAGs
[2026-05-09T12:12:59.623+0000] {logging_mixin.py:188} INFO - [2026-05-09T12:12:59.623+0000] {dag.py:3954} INFO - Setting next_dagrun for example_branch_python_operator_decorator to 2026-05-08 00:00:00+00:00, run_after=2026-05-09 00:00:00+00:00
[2026-05-09T12:12:59.641+0000] {processor.py:183} INFO - Processing /home/vscode/.local/lib/python3.11/site-packages/airflow/example_dags/example_branch_operator_decorator.py took 0.113 seconds
[2026-05-09T12:14:03.829+0000] {processor.py:161} INFO - Started process (PID=38227) to work on /home/vscode/.local/lib/python3.11/site-packages/airflow/example_dags/example_branch_operator_decorator.py
[2026-05-09T12:14:03.830+0000] {processor.py:830} INFO - Processing file /home/vscode/.local/lib/python3.11/site-packages/airflow/example_dags/example_branch_operator_decorator.py for tasks to queue
[2026-05-09T12:14:03.832+0000] {logging_mixin.py:188} INFO - [2026-05-09T12:14:03.832+0000] {dagbag.py:545} INFO - Filling up the DagBag from /home/vscode/.local/lib/python3.11/site-packages/airflow/example_dags/example_branch_operator_decorator.py
[2026-05-09T12:14:03.852+0000] {processor.py:840} INFO - DAG(s) 'example_branch_python_operator_decorator' retrieved from /home/vscode/.local/lib/python3.11/site-packages/airflow/example_dags/example_branch_operator_decorator.py
[2026-05-09T12:14:03.869+0000] {logging_mixin.py:188} INFO - [2026-05-09T12:14:03.869+0000] {dag.py:3096} INFO - Sync 1 DAGs
[2026-05-09T12:14:03.884+0000] {logging_mixin.py:188} INFO - [2026-05-09T12:14:03.884+0000] {dag.py:3954} INFO - Setting next_dagrun for example_branch_python_operator_decorator to 2026-05-08 00:00:00+00:00, run_after=2026-05-09 00:00:00+00:00
[2026-05-09T12:14:03.899+0000] {processor.py:183} INFO - Processing /home/vscode/.local/lib/python3.11/site-packages/airflow/example_dags/example_branch_operator_decorator.py took 0.079 seconds
[2026-05-09T12:15:08.064+0000] {processor.py:161} INFO - Started process (PID=38709) to work on /home/vscode/.local/lib/python3.11/site-packages/airflow/example_dags/example_branch_operator_decorator.py
[2026-05-09T12:15:08.065+0000] {processor.py:830} INFO - Processing file /home/vscode/.local/lib/python3.11/site-packages/airflow/example_dags/example_branch_operator_decorator.py for tasks to queue
[2026-05-09T12:15:08.065+0000] {logging_mixin.py:188} INFO - [2026-05-09T12:15:08.065+0000] {dagbag.py:545} INFO - Filling up the DagBag from /home/vscode/.local/lib/python3.11/site-packages/airflow/example_dags/example_branch_operator_decorator.py
[2026-05-09T12:15:08.081+0000] {processor.py:840} INFO - DAG(s) 'example_branch_python_operator_decorator' retrieved from /home/vscode/.local/lib/python3.11/site-packages/airflow/example_dags/example_branch_operator_decorator.py
[2026-05-09T12:15:08.099+0000] {logging_mixin.py:188} INFO - [2026-05-09T12:15:08.099+0000] {dag.py:3096} INFO - Sync 1 DAGs
[2026-05-09T12:15:08.113+0000] {logging_mixin.py:188} INFO - [2026-05-09T12:15:08.113+0000] {dag.py:3954} INFO - Setting next_dagrun for example_branch_python_operator_decorator to 2026-05-08 00:00:00+00:00, run_after=2026-05-09 00:00:00+00:00
[2026-05-09T12:15:08.132+0000] {processor.py:183} INFO - Processing /home/vscode/.local/lib/python3.11/site-packages/airflow/example_dags/example_branch_operator_decorator.py took 0.075 seconds
[2026-05-09T12:16:12.555+0000] {processor.py:161} INFO - Started process (PID=39251) to work on /home/vscode/.local/lib/python3.11/site-packages/airflow/example_dags/example_branch_operator_decorator.py
[2026-05-09T12:16:12.556+0000] {processor.py:830} INFO - Processing file /home/vscode/.local/lib/python3.11/site-packages/airflow/example_dags/example_branch_operator_decorator.py for tasks to queue
[2026-05-09T12:16:12.556+0000] {logging_mixin.py:188} INFO - [2026-05-09T12:16:12.556+0000] {dagbag.py:545} INFO - Filling up the DagBag from /home/vscode/.local/lib/python3.11/site-packages/airflow/example_dags/example_branch_operator_decorator.py
[2026-05-09T12:16:12.572+0000] {processor.py:840} INFO - DAG(s) 'example_branch_python_operator_decorator' retrieved from /home/vscode/.local/lib/python3.11/site-packages/airflow/example_dags/example_branch_operator_decorator.py
[2026-05-09T12:16:12.590+0000] {logging_mixin.py:188} INFO - [2026-05-09T12:16:12.590+0000] {dag.py:3096} INFO - Sync 1 DAGs
[2026-05-09T12:16:12.604+0000] {logging_mixin.py:188} INFO - [2026-05-09T12:16:12.603+0000] {dag.py:3954} INFO - Setting next_dagrun for example_branch_python_operator_decorator to 2026-05-08 00:00:00+00:00, run_after=2026-05-09 00:00:00+00:00
[2026-05-09T12:16:12.618+0000] {processor.py:183} INFO - Processing /home/vscode/.local/lib/python3.11/site-packages/airflow/example_dags/example_branch_operator_decorator.py took 0.070 seconds
[2026-05-09T12:17:19.639+0000] {processor.py:161} INFO - Started process (PID=39749) to work on /home/vscode/.local/lib/python3.11/site-packages/airflow/example_dags/example_branch_operator_decorator.py
[2026-05-09T12:17:19.640+0000] {processor.py:830} INFO - Processing file /home/vscode/.local/lib/python3.11/site-packages/airflow/example_dags/example_branch_operator_decorator.py for tasks to queue
[2026-05-09T12:17:19.640+0000] {logging_mixin.py:188} INFO - [2026-05-09T12:17:19.640+0000] {dagbag.py:545} INFO - Filling up the DagBag from /home/vscode/.local/lib/python3.11/site-packages/airflow/example_dags/example_branch_operator_decorator.py
[2026-05-09T12:17:19.657+0000] {processor.py:840} INFO - DAG(s) 'example_branch_python_operator_decorator' retrieved from /home/vscode/.local/lib/python3.11/site-packages/airflow/example_dags/example_branch_operator_decorator.py
[2026-05-09T12:17:19.674+0000] {logging_mixin.py:188} INFO - [2026-05-09T12:17:19.674+0000] {dag.py:3096} INFO - Sync 1 DAGs
[2026-05-09T12:17:19.688+0000] {logging_mixin.py:188} INFO - [2026-05-09T12:17:19.688+0000] {dag.py:3954} INFO - Setting next_dagrun for example_branch_python_operator_decorator to 2026-05-08 00:00:00+00:00, run_after=2026-05-09 00:00:00+00:00
[2026-05-09T12:17:19.704+0000] {processor.py:183} INFO - Processing /home/vscode/.local/lib/python3.11/site-packages/airflow/example_dags/example_branch_operator_decorator.py took 0.073 seconds
[2026-05-09T12:18:23.911+0000] {processor.py:161} INFO - Started process (PID=40291) to work on /home/vscode/.local/lib/python3.11/site-packages/airflow/example_dags/example_branch_operator_decorator.py
[2026-05-09T12:18:23.912+0000] {processor.py:830} INFO - Processing file /home/vscode/.local/lib/python3.11/site-packages/airflow/example_dags/example_branch_operator_decorator.py for tasks to queue
[2026-05-09T12:18:23.912+0000] {logging_mixin.py:188} INFO - [2026-05-09T12:18:23.912+0000] {dagbag.py:545} INFO - Filling up the DagBag from /home/vscode/.local/lib/python3.11/site-packages/airflow/example_dags/example_branch_operator_decorator.py
[2026-05-09T12:18:23.930+0000] {processor.py:840} INFO - DAG(s) 'example_branch_python_operator_decorator' retrieved from /home/vscode/.local/lib/python3.11/site-packages/airflow/example_dags/example_branch_operator_decorator.py
[2026-05-09T12:18:23.951+0000] {logging_mixin.py:188} INFO - [2026-05-09T12:18:23.950+0000] {dag.py:3096} INFO - Sync 1 DAGs
[2026-05-09T12:18:23.965+0000] {logging_mixin.py:188} INFO - [2026-05-09T12:18:23.964+0000] {dag.py:3954} INFO - Setting next_dagrun for example_branch_python_operator_decorator to 2026-05-08 00:00:00+00:00, run_after=2026-05-09 00:00:00+00:00
[2026-05-09T12:18:23.980+0000] {processor.py:183} INFO - Processing /home/vscode/.local/lib/python3.11/site-packages/airflow/example_dags/example_branch_operator_decorator.py took 0.075 seconds
[2026-05-09T12:19:24.694+0000] {processor.py:161} INFO - Started process (PID=40814) to work on /home/vscode/.local/lib/python3.11/site-packages/airflow/example_dags/example_branch_operator_decorator.py
[2026-05-09T12:19:24.695+0000] {processor.py:830} INFO - Processing file /home/vscode/.local/lib/python3.11/site-packages/airflow/example_dags/example_branch_operator_decorator.py for tasks to queue
[2026-05-09T12:19:24.696+0000] {logging_mixin.py:188} INFO - [2026-05-09T12:19:24.695+0000] {dagbag.py:545} INFO - Filling up the DagBag from /home/vscode/.local/lib/python3.11/site-packages/airflow/example_dags/example_branch_operator_decorator.py
[2026-05-09T12:19:24.712+0000] {processor.py:840} INFO - DAG(s) 'example_branch_python_operator_decorator' retrieved from /home/vscode/.local/lib/python3.11/site-packages/airflow/example_dags/example_branch_operator_decorator.py
[2026-05-09T12:19:24.732+0000] {logging_mixin.py:188} INFO - [2026-05-09T12:19:24.732+0000] {dag.py:3096} INFO - Sync 1 DAGs
[2026-05-09T12:19:24.749+0000] {logging_mixin.py:188} INFO - [2026-05-09T12:19:24.749+0000] {dag.py:3954} INFO - Setting next_dagrun for example_branch_python_operator_decorator to 2026-05-08 00:00:00+00:00, run_after=2026-05-09 00:00:00+00:00
[2026-05-09T12:19:24.765+0000] {processor.py:183} INFO - Processing /home/vscode/.local/lib/python3.11/site-packages/airflow/example_dags/example_branch_operator_decorator.py took 0.076 seconds
[2026-05-09T12:20:32.772+0000] {processor.py:161} INFO - Started process (PID=41381) to work on /home/vscode/.local/lib/python3.11/site-packages/airflow/example_dags/example_branch_operator_decorator.py
[2026-05-09T12:20:32.772+0000] {processor.py:830} INFO - Processing file /home/vscode/.local/lib/python3.11/site-packages/airflow/example_dags/example_branch_operator_decorator.py for tasks to queue
[2026-05-09T12:20:32.773+0000] {logging_mixin.py:188} INFO - [2026-05-09T12:20:32.772+0000] {dagbag.py:545} INFO - Filling up the DagBag from /home/vscode/.local/lib/python3.11/site-packages/airflow/example_dags/example_branch_operator_decorator.py
[2026-05-09T12:20:32.789+0000] {processor.py:840} INFO - DAG(s) 'example_branch_python_operator_decorator' retrieved from /home/vscode/.local/lib/python3.11/site-packages/airflow/example_dags/example_branch_operator_decorator.py
[2026-05-09T12:20:32.805+0000] {logging_mixin.py:188} INFO - [2026-05-09T12:20:32.805+0000] {dag.py:3096} INFO - Sync 1 DAGs
[2026-05-09T12:20:32.819+0000] {logging_mixin.py:188} INFO - [2026-05-09T12:20:32.819+0000] {dag.py:3954} INFO - Setting next_dagrun for example_branch_python_operator_decorator to 2026-05-08 00:00:00+00:00, run_after=2026-05-09 00:00:00+00:00
[2026-05-09T12:20:32.836+0000] {processor.py:183} INFO - Processing /home/vscode/.local/lib/python3.11/site-packages/airflow/example_dags/example_branch_operator_decorator.py took 0.071 seconds
[2026-05-09T12:21:32.844+0000] {processor.py:161} INFO - Started process (PID=41846) to work on /home/vscode/.local/lib/python3.11/site-packages/airflow/example_dags/example_branch_operator_decorator.py
[2026-05-09T12:21:32.845+0000] {processor.py:830} INFO - Processing file /home/vscode/.local/lib/python3.11/site-packages/airflow/example_dags/example_branch_operator_decorator.py for tasks to queue
[2026-05-09T12:21:32.845+0000] {logging_mixin.py:188} INFO - [2026-05-09T12:21:32.845+0000] {dagbag.py:545} INFO - Filling up the DagBag from /home/vscode/.local/lib/python3.11/site-packages/airflow/example_dags/example_branch_operator_decorator.py
[2026-05-09T12:21:32.863+0000] {processor.py:840} INFO - DAG(s) 'example_branch_python_operator_decorator' retrieved from /home/vscode/.local/lib/python3.11/site-packages/airflow/example_dags/example_branch_operator_decorator.py
[2026-05-09T12:21:32.881+0000] {logging_mixin.py:188} INFO - [2026-05-09T12:21:32.881+0000] {dag.py:3096} INFO - Sync 1 DAGs
[2026-05-09T12:21:32.894+0000] {logging_mixin.py:188} INFO - [2026-05-09T12:21:32.894+0000] {dag.py:3954} INFO - Setting next_dagrun for example_branch_python_operator_decorator to 2026-05-08 00:00:00+00:00, run_after=2026-05-09 00:00:00+00:00
[2026-05-09T12:21:32.910+0000] {processor.py:183} INFO - Processing /home/vscode/.local/lib/python3.11/site-packages/airflow/example_dags/example_branch_operator_decorator.py took 0.073 seconds
