[2026-05-09T11:19:19.784+0000] {processor.py:161} INFO - Started process (PID=7376) to work on /home/vscode/.local/lib/python3.11/site-packages/airflow/example_dags/example_complex.py
[2026-05-09T11:19:19.785+0000] {processor.py:830} INFO - Processing file /home/vscode/.local/lib/python3.11/site-packages/airflow/example_dags/example_complex.py for tasks to queue
[2026-05-09T11:19:19.785+0000] {logging_mixin.py:188} INFO - [2026-05-09T11:19:19.785+0000] {dagbag.py:545} INFO - Filling up the DagBag from /home/vscode/.local/lib/python3.11/site-packages/airflow/example_dags/example_complex.py
[2026-05-09T11:19:19.793+0000] {processor.py:840} INFO - DAG(s) 'example_complex' retrieved from /home/vscode/.local/lib/python3.11/site-packages/airflow/example_dags/example_complex.py
[2026-05-09T11:19:19.973+0000] {logging_mixin.py:188} INFO - [2026-05-09T11:19:19.973+0000] {dag.py:3096} INFO - Sync 1 DAGs
[2026-05-09T11:19:19.980+0000] {logging_mixin.py:188} INFO - [2026-05-09T11:19:19.980+0000] {dag.py:3954} INFO - Setting next_dagrun for example_complex to None, run_after=None
[2026-05-09T11:19:19.998+0000] {processor.py:183} INFO - Processing /home/vscode/.local/lib/python3.11/site-packages/airflow/example_dags/example_complex.py took 0.220 seconds
[2026-05-09T11:20:17.940+0000] {processor.py:161} INFO - Started process (PID=7867) to work on /home/vscode/.local/lib/python3.11/site-packages/airflow/example_dags/example_complex.py
[2026-05-09T11:20:17.940+0000] {processor.py:830} INFO - Processing file /home/vscode/.local/lib/python3.11/site-packages/airflow/example_dags/example_complex.py for tasks to queue
[2026-05-09T11:20:17.941+0000] {logging_mixin.py:188} INFO - [2026-05-09T11:20:17.940+0000] {dagbag.py:545} INFO - Filling up the DagBag from /home/vscode/.local/lib/python3.11/site-packages/airflow/example_dags/example_complex.py
[2026-05-09T11:20:17.949+0000] {processor.py:840} INFO - DAG(s) 'example_complex' retrieved from /home/vscode/.local/lib/python3.11/site-packages/airflow/example_dags/example_complex.py
[2026-05-09T11:20:17.969+0000] {logging_mixin.py:188} INFO - [2026-05-09T11:20:17.969+0000] {dag.py:3096} INFO - Sync 1 DAGs
[2026-05-09T11:20:17.978+0000] {logging_mixin.py:188} INFO - [2026-05-09T11:20:17.978+0000] {dag.py:3954} INFO - Setting next_dagrun for example_complex to None, run_after=None
[2026-05-09T11:20:17.994+0000] {processor.py:183} INFO - Processing /home/vscode/.local/lib/python3.11/site-packages/airflow/example_dags/example_complex.py took 0.061 seconds
[2026-05-09T11:21:22.317+0000] {processor.py:161} INFO - Started process (PID=8418) to work on /home/vscode/.local/lib/python3.11/site-packages/airflow/example_dags/example_complex.py
[2026-05-09T11:21:22.318+0000] {processor.py:830} INFO - Processing file /home/vscode/.local/lib/python3.11/site-packages/airflow/example_dags/example_complex.py for tasks to queue
[2026-05-09T11:21:22.318+0000] {logging_mixin.py:188} INFO - [2026-05-09T11:21:22.318+0000] {dagbag.py:545} INFO - Filling up the DagBag from /home/vscode/.local/lib/python3.11/site-packages/airflow/example_dags/example_complex.py
[2026-05-09T11:21:22.326+0000] {processor.py:840} INFO - DAG(s) 'example_complex' retrieved from /home/vscode/.local/lib/python3.11/site-packages/airflow/example_dags/example_complex.py
[2026-05-09T11:21:22.348+0000] {logging_mixin.py:188} INFO - [2026-05-09T11:21:22.348+0000] {dag.py:3096} INFO - Sync 1 DAGs
[2026-05-09T11:21:22.356+0000] {logging_mixin.py:188} INFO - [2026-05-09T11:21:22.356+0000] {dag.py:3954} INFO - Setting next_dagrun for example_complex to None, run_after=None
[2026-05-09T11:21:22.372+0000] {processor.py:183} INFO - Processing /home/vscode/.local/lib/python3.11/site-packages/airflow/example_dags/example_complex.py took 0.061 seconds
[2026-05-09T11:22:23.887+0000] {processor.py:161} INFO - Started process (PID=9097) to work on /home/vscode/.local/lib/python3.11/site-packages/airflow/example_dags/example_complex.py
[2026-05-09T11:22:23.887+0000] {processor.py:830} INFO - Processing file /home/vscode/.local/lib/python3.11/site-packages/airflow/example_dags/example_complex.py for tasks to queue
[2026-05-09T11:22:23.888+0000] {logging_mixin.py:188} INFO - [2026-05-09T11:22:23.888+0000] {dagbag.py:545} INFO - Filling up the DagBag from /home/vscode/.local/lib/python3.11/site-packages/airflow/example_dags/example_complex.py
[2026-05-09T11:22:23.896+0000] {processor.py:840} INFO - DAG(s) 'example_complex' retrieved from /home/vscode/.local/lib/python3.11/site-packages/airflow/example_dags/example_complex.py
[2026-05-09T11:22:23.914+0000] {logging_mixin.py:188} INFO - [2026-05-09T11:22:23.914+0000] {dag.py:3096} INFO - Sync 1 DAGs
[2026-05-09T11:22:23.922+0000] {logging_mixin.py:188} INFO - [2026-05-09T11:22:23.922+0000] {dag.py:3954} INFO - Setting next_dagrun for example_complex to None, run_after=None
[2026-05-09T11:22:23.937+0000] {processor.py:183} INFO - Processing /home/vscode/.local/lib/python3.11/site-packages/airflow/example_dags/example_complex.py took 0.056 seconds
[2026-05-09T11:23:17.700+0000] {processor.py:161} INFO - Started process (PID=9779) to work on /home/vscode/.local/lib/python3.11/site-packages/airflow/example_dags/example_complex.py
[2026-05-09T11:23:17.702+0000] {processor.py:830} INFO - Processing file /home/vscode/.local/lib/python3.11/site-packages/airflow/example_dags/example_complex.py for tasks to queue
[2026-05-09T11:23:17.703+0000] {logging_mixin.py:188} INFO - [2026-05-09T11:23:17.703+0000] {dagbag.py:545} INFO - Filling up the DagBag from /home/vscode/.local/lib/python3.11/site-packages/airflow/example_dags/example_complex.py
[2026-05-09T11:23:17.718+0000] {processor.py:840} INFO - DAG(s) 'example_complex' retrieved from /home/vscode/.local/lib/python3.11/site-packages/airflow/example_dags/example_complex.py
[2026-05-09T11:23:17.739+0000] {logging_mixin.py:188} INFO - [2026-05-09T11:23:17.738+0000] {dag.py:3096} INFO - Sync 1 DAGs
[2026-05-09T11:23:17.747+0000] {logging_mixin.py:188} INFO - [2026-05-09T11:23:17.746+0000] {dag.py:3954} INFO - Setting next_dagrun for example_complex to None, run_after=None
[2026-05-09T11:23:17.763+0000] {processor.py:183} INFO - Processing /home/vscode/.local/lib/python3.11/site-packages/airflow/example_dags/example_complex.py took 0.075 seconds
[2026-05-09T11:24:18.933+0000] {processor.py:161} INFO - Started process (PID=10583) to work on /home/vscode/.local/lib/python3.11/site-packages/airflow/example_dags/example_complex.py
[2026-05-09T11:24:18.933+0000] {processor.py:830} INFO - Processing file /home/vscode/.local/lib/python3.11/site-packages/airflow/example_dags/example_complex.py for tasks to queue
[2026-05-09T11:24:18.934+0000] {logging_mixin.py:188} INFO - [2026-05-09T11:24:18.934+0000] {dagbag.py:545} INFO - Filling up the DagBag from /home/vscode/.local/lib/python3.11/site-packages/airflow/example_dags/example_complex.py
[2026-05-09T11:24:18.942+0000] {processor.py:840} INFO - DAG(s) 'example_complex' retrieved from /home/vscode/.local/lib/python3.11/site-packages/airflow/example_dags/example_complex.py
[2026-05-09T11:24:18.961+0000] {logging_mixin.py:188} INFO - [2026-05-09T11:24:18.961+0000] {dag.py:3096} INFO - Sync 1 DAGs
[2026-05-09T11:24:18.969+0000] {logging_mixin.py:188} INFO - [2026-05-09T11:24:18.969+0000] {dag.py:3954} INFO - Setting next_dagrun for example_complex to None, run_after=None
[2026-05-09T11:24:18.984+0000] {processor.py:183} INFO - Processing /home/vscode/.local/lib/python3.11/site-packages/airflow/example_dags/example_complex.py took 0.058 seconds
[2026-05-09T11:25:21.738+0000] {processor.py:161} INFO - Started process (PID=11321) to work on /home/vscode/.local/lib/python3.11/site-packages/airflow/example_dags/example_complex.py
[2026-05-09T11:25:21.738+0000] {processor.py:830} INFO - Processing file /home/vscode/.local/lib/python3.11/site-packages/airflow/example_dags/example_complex.py for tasks to queue
[2026-05-09T11:25:21.739+0000] {logging_mixin.py:188} INFO - [2026-05-09T11:25:21.739+0000] {dagbag.py:545} INFO - Filling up the DagBag from /home/vscode/.local/lib/python3.11/site-packages/airflow/example_dags/example_complex.py
[2026-05-09T11:25:21.747+0000] {processor.py:840} INFO - DAG(s) 'example_complex' retrieved from /home/vscode/.local/lib/python3.11/site-packages/airflow/example_dags/example_complex.py
[2026-05-09T11:25:21.766+0000] {logging_mixin.py:188} INFO - [2026-05-09T11:25:21.766+0000] {dag.py:3096} INFO - Sync 1 DAGs
[2026-05-09T11:25:21.774+0000] {logging_mixin.py:188} INFO - [2026-05-09T11:25:21.774+0000] {dag.py:3954} INFO - Setting next_dagrun for example_complex to None, run_after=None
[2026-05-09T11:25:21.789+0000] {processor.py:183} INFO - Processing /home/vscode/.local/lib/python3.11/site-packages/airflow/example_dags/example_complex.py took 0.057 seconds
[2026-05-09T11:26:20.611+0000] {processor.py:161} INFO - Started process (PID=11846) to work on /home/vscode/.local/lib/python3.11/site-packages/airflow/example_dags/example_complex.py
[2026-05-09T11:26:20.612+0000] {processor.py:830} INFO - Processing file /home/vscode/.local/lib/python3.11/site-packages/airflow/example_dags/example_complex.py for tasks to queue
[2026-05-09T11:26:20.612+0000] {logging_mixin.py:188} INFO - [2026-05-09T11:26:20.612+0000] {dagbag.py:545} INFO - Filling up the DagBag from /home/vscode/.local/lib/python3.11/site-packages/airflow/example_dags/example_complex.py
[2026-05-09T11:26:20.621+0000] {processor.py:840} INFO - DAG(s) 'example_complex' retrieved from /home/vscode/.local/lib/python3.11/site-packages/airflow/example_dags/example_complex.py
[2026-05-09T11:26:20.641+0000] {logging_mixin.py:188} INFO - [2026-05-09T11:26:20.641+0000] {dag.py:3096} INFO - Sync 1 DAGs
[2026-05-09T11:26:20.652+0000] {logging_mixin.py:188} INFO - [2026-05-09T11:26:20.651+0000] {dag.py:3954} INFO - Setting next_dagrun for example_complex to None, run_after=None
[2026-05-09T11:26:20.667+0000] {processor.py:183} INFO - Processing /home/vscode/.local/lib/python3.11/site-packages/airflow/example_dags/example_complex.py took 0.062 seconds
[2026-05-09T11:27:20.548+0000] {processor.py:161} INFO - Started process (PID=12560) to work on /home/vscode/.local/lib/python3.11/site-packages/airflow/example_dags/example_complex.py
[2026-05-09T11:27:20.549+0000] {processor.py:830} INFO - Processing file /home/vscode/.local/lib/python3.11/site-packages/airflow/example_dags/example_complex.py for tasks to queue
[2026-05-09T11:27:20.549+0000] {logging_mixin.py:188} INFO - [2026-05-09T11:27:20.549+0000] {dagbag.py:545} INFO - Filling up the DagBag from /home/vscode/.local/lib/python3.11/site-packages/airflow/example_dags/example_complex.py
[2026-05-09T11:27:20.558+0000] {processor.py:840} INFO - DAG(s) 'example_complex' retrieved from /home/vscode/.local/lib/python3.11/site-packages/airflow/example_dags/example_complex.py
[2026-05-09T11:27:20.577+0000] {logging_mixin.py:188} INFO - [2026-05-09T11:27:20.577+0000] {dag.py:3096} INFO - Sync 1 DAGs
[2026-05-09T11:27:20.585+0000] {logging_mixin.py:188} INFO - [2026-05-09T11:27:20.585+0000] {dag.py:3954} INFO - Setting next_dagrun for example_complex to None, run_after=None
[2026-05-09T11:27:20.600+0000] {processor.py:183} INFO - Processing /home/vscode/.local/lib/python3.11/site-packages/airflow/example_dags/example_complex.py took 0.058 seconds
[2026-05-09T11:28:21.102+0000] {processor.py:161} INFO - Started process (PID=13300) to work on /home/vscode/.local/lib/python3.11/site-packages/airflow/example_dags/example_complex.py
[2026-05-09T11:28:21.102+0000] {processor.py:830} INFO - Processing file /home/vscode/.local/lib/python3.11/site-packages/airflow/example_dags/example_complex.py for tasks to queue
[2026-05-09T11:28:21.103+0000] {logging_mixin.py:188} INFO - [2026-05-09T11:28:21.103+0000] {dagbag.py:545} INFO - Filling up the DagBag from /home/vscode/.local/lib/python3.11/site-packages/airflow/example_dags/example_complex.py
[2026-05-09T11:28:21.113+0000] {processor.py:840} INFO - DAG(s) 'example_complex' retrieved from /home/vscode/.local/lib/python3.11/site-packages/airflow/example_dags/example_complex.py
[2026-05-09T11:28:21.132+0000] {logging_mixin.py:188} INFO - [2026-05-09T11:28:21.132+0000] {dag.py:3096} INFO - Sync 1 DAGs
[2026-05-09T11:28:21.140+0000] {logging_mixin.py:188} INFO - [2026-05-09T11:28:21.140+0000] {dag.py:3954} INFO - Setting next_dagrun for example_complex to None, run_after=None
[2026-05-09T11:28:21.157+0000] {processor.py:183} INFO - Processing /home/vscode/.local/lib/python3.11/site-packages/airflow/example_dags/example_complex.py took 0.061 seconds
[2026-05-09T11:29:21.823+0000] {processor.py:161} INFO - Started process (PID=13907) to work on /home/vscode/.local/lib/python3.11/site-packages/airflow/example_dags/example_complex.py
[2026-05-09T11:29:21.823+0000] {processor.py:830} INFO - Processing file /home/vscode/.local/lib/python3.11/site-packages/airflow/example_dags/example_complex.py for tasks to queue
[2026-05-09T11:29:21.824+0000] {logging_mixin.py:188} INFO - [2026-05-09T11:29:21.824+0000] {dagbag.py:545} INFO - Filling up the DagBag from /home/vscode/.local/lib/python3.11/site-packages/airflow/example_dags/example_complex.py
[2026-05-09T11:29:21.832+0000] {processor.py:840} INFO - DAG(s) 'example_complex' retrieved from /home/vscode/.local/lib/python3.11/site-packages/airflow/example_dags/example_complex.py
[2026-05-09T11:29:21.851+0000] {logging_mixin.py:188} INFO - [2026-05-09T11:29:21.851+0000] {dag.py:3096} INFO - Sync 1 DAGs
[2026-05-09T11:29:21.859+0000] {logging_mixin.py:188} INFO - [2026-05-09T11:29:21.859+0000] {dag.py:3954} INFO - Setting next_dagrun for example_complex to None, run_after=None
[2026-05-09T11:29:21.874+0000] {processor.py:183} INFO - Processing /home/vscode/.local/lib/python3.11/site-packages/airflow/example_dags/example_complex.py took 0.059 seconds
[2026-05-09T11:30:27.192+0000] {processor.py:161} INFO - Started process (PID=14547) to work on /home/vscode/.local/lib/python3.11/site-packages/airflow/example_dags/example_complex.py
[2026-05-09T11:30:27.193+0000] {processor.py:830} INFO - Processing file /home/vscode/.local/lib/python3.11/site-packages/airflow/example_dags/example_complex.py for tasks to queue
[2026-05-09T11:30:27.194+0000] {logging_mixin.py:188} INFO - [2026-05-09T11:30:27.194+0000] {dagbag.py:545} INFO - Filling up the DagBag from /home/vscode/.local/lib/python3.11/site-packages/airflow/example_dags/example_complex.py
[2026-05-09T11:30:27.204+0000] {processor.py:840} INFO - DAG(s) 'example_complex' retrieved from /home/vscode/.local/lib/python3.11/site-packages/airflow/example_dags/example_complex.py
[2026-05-09T11:30:27.232+0000] {logging_mixin.py:188} INFO - [2026-05-09T11:30:27.232+0000] {dag.py:3096} INFO - Sync 1 DAGs
[2026-05-09T11:30:27.241+0000] {logging_mixin.py:188} INFO - [2026-05-09T11:30:27.241+0000] {dag.py:3954} INFO - Setting next_dagrun for example_complex to None, run_after=None
[2026-05-09T11:30:27.261+0000] {processor.py:183} INFO - Processing /home/vscode/.local/lib/python3.11/site-packages/airflow/example_dags/example_complex.py took 0.078 seconds
[2026-05-09T11:31:24.850+0000] {processor.py:161} INFO - Started process (PID=15298) to work on /home/vscode/.local/lib/python3.11/site-packages/airflow/example_dags/example_complex.py
[2026-05-09T11:31:24.850+0000] {processor.py:830} INFO - Processing file /home/vscode/.local/lib/python3.11/site-packages/airflow/example_dags/example_complex.py for tasks to queue
[2026-05-09T11:31:24.851+0000] {logging_mixin.py:188} INFO - [2026-05-09T11:31:24.851+0000] {dagbag.py:545} INFO - Filling up the DagBag from /home/vscode/.local/lib/python3.11/site-packages/airflow/example_dags/example_complex.py
[2026-05-09T11:31:24.860+0000] {processor.py:840} INFO - DAG(s) 'example_complex' retrieved from /home/vscode/.local/lib/python3.11/site-packages/airflow/example_dags/example_complex.py
[2026-05-09T11:31:24.881+0000] {logging_mixin.py:188} INFO - [2026-05-09T11:31:24.880+0000] {dag.py:3096} INFO - Sync 1 DAGs
[2026-05-09T11:31:24.888+0000] {logging_mixin.py:188} INFO - [2026-05-09T11:31:24.888+0000] {dag.py:3954} INFO - Setting next_dagrun for example_complex to None, run_after=None
[2026-05-09T11:31:24.919+0000] {processor.py:183} INFO - Processing /home/vscode/.local/lib/python3.11/site-packages/airflow/example_dags/example_complex.py took 0.076 seconds
[2026-05-09T11:32:17.478+0000] {processor.py:161} INFO - Started process (PID=15817) to work on /home/vscode/.local/lib/python3.11/site-packages/airflow/example_dags/example_complex.py
[2026-05-09T11:32:17.479+0000] {processor.py:830} INFO - Processing file /home/vscode/.local/lib/python3.11/site-packages/airflow/example_dags/example_complex.py for tasks to queue
[2026-05-09T11:32:17.479+0000] {logging_mixin.py:188} INFO - [2026-05-09T11:32:17.479+0000] {dagbag.py:545} INFO - Filling up the DagBag from /home/vscode/.local/lib/python3.11/site-packages/airflow/example_dags/example_complex.py
[2026-05-09T11:32:17.487+0000] {processor.py:840} INFO - DAG(s) 'example_complex' retrieved from /home/vscode/.local/lib/python3.11/site-packages/airflow/example_dags/example_complex.py
[2026-05-09T11:32:17.507+0000] {logging_mixin.py:188} INFO - [2026-05-09T11:32:17.507+0000] {dag.py:3096} INFO - Sync 1 DAGs
[2026-05-09T11:32:17.515+0000] {logging_mixin.py:188} INFO - [2026-05-09T11:32:17.515+0000] {dag.py:3954} INFO - Setting next_dagrun for example_complex to None, run_after=None
[2026-05-09T11:32:17.531+0000] {processor.py:183} INFO - Processing /home/vscode/.local/lib/python3.11/site-packages/airflow/example_dags/example_complex.py took 0.059 seconds
[2026-05-09T11:33:22.970+0000] {processor.py:161} INFO - Started process (PID=16353) to work on /home/vscode/.local/lib/python3.11/site-packages/airflow/example_dags/example_complex.py
[2026-05-09T11:33:22.970+0000] {processor.py:830} INFO - Processing file /home/vscode/.local/lib/python3.11/site-packages/airflow/example_dags/example_complex.py for tasks to queue
[2026-05-09T11:33:22.971+0000] {logging_mixin.py:188} INFO - [2026-05-09T11:33:22.970+0000] {dagbag.py:545} INFO - Filling up the DagBag from /home/vscode/.local/lib/python3.11/site-packages/airflow/example_dags/example_complex.py
[2026-05-09T11:33:22.979+0000] {processor.py:840} INFO - DAG(s) 'example_complex' retrieved from /home/vscode/.local/lib/python3.11/site-packages/airflow/example_dags/example_complex.py
[2026-05-09T11:33:22.998+0000] {logging_mixin.py:188} INFO - [2026-05-09T11:33:22.998+0000] {dag.py:3096} INFO - Sync 1 DAGs
[2026-05-09T11:33:23.006+0000] {logging_mixin.py:188} INFO - [2026-05-09T11:33:23.006+0000] {dag.py:3954} INFO - Setting next_dagrun for example_complex to None, run_after=None
[2026-05-09T11:33:23.021+0000] {processor.py:183} INFO - Processing /home/vscode/.local/lib/python3.11/site-packages/airflow/example_dags/example_complex.py took 0.058 seconds
[2026-05-09T11:34:24.708+0000] {processor.py:161} INFO - Started process (PID=16933) to work on /home/vscode/.local/lib/python3.11/site-packages/airflow/example_dags/example_complex.py
[2026-05-09T11:34:24.708+0000] {processor.py:830} INFO - Processing file /home/vscode/.local/lib/python3.11/site-packages/airflow/example_dags/example_complex.py for tasks to queue
[2026-05-09T11:34:24.709+0000] {logging_mixin.py:188} INFO - [2026-05-09T11:34:24.709+0000] {dagbag.py:545} INFO - Filling up the DagBag from /home/vscode/.local/lib/python3.11/site-packages/airflow/example_dags/example_complex.py
[2026-05-09T11:34:24.718+0000] {processor.py:840} INFO - DAG(s) 'example_complex' retrieved from /home/vscode/.local/lib/python3.11/site-packages/airflow/example_dags/example_complex.py
[2026-05-09T11:34:24.737+0000] {logging_mixin.py:188} INFO - [2026-05-09T11:34:24.737+0000] {dag.py:3096} INFO - Sync 1 DAGs
[2026-05-09T11:34:24.745+0000] {logging_mixin.py:188} INFO - [2026-05-09T11:34:24.745+0000] {dag.py:3954} INFO - Setting next_dagrun for example_complex to None, run_after=None
[2026-05-09T11:34:24.764+0000] {processor.py:183} INFO - Processing /home/vscode/.local/lib/python3.11/site-packages/airflow/example_dags/example_complex.py took 0.062 seconds
[2026-05-09T11:35:25.281+0000] {processor.py:161} INFO - Started process (PID=17442) to work on /home/vscode/.local/lib/python3.11/site-packages/airflow/example_dags/example_complex.py
[2026-05-09T11:35:25.281+0000] {processor.py:830} INFO - Processing file /home/vscode/.local/lib/python3.11/site-packages/airflow/example_dags/example_complex.py for tasks to queue
[2026-05-09T11:35:25.282+0000] {logging_mixin.py:188} INFO - [2026-05-09T11:35:25.282+0000] {dagbag.py:545} INFO - Filling up the DagBag from /home/vscode/.local/lib/python3.11/site-packages/airflow/example_dags/example_complex.py
[2026-05-09T11:35:25.291+0000] {processor.py:840} INFO - DAG(s) 'example_complex' retrieved from /home/vscode/.local/lib/python3.11/site-packages/airflow/example_dags/example_complex.py
[2026-05-09T11:35:25.312+0000] {logging_mixin.py:188} INFO - [2026-05-09T11:35:25.312+0000] {dag.py:3096} INFO - Sync 1 DAGs
[2026-05-09T11:35:25.320+0000] {logging_mixin.py:188} INFO - [2026-05-09T11:35:25.320+0000] {dag.py:3954} INFO - Setting next_dagrun for example_complex to None, run_after=None
[2026-05-09T11:35:25.335+0000] {processor.py:183} INFO - Processing /home/vscode/.local/lib/python3.11/site-packages/airflow/example_dags/example_complex.py took 0.061 seconds
[2026-05-09T11:36:24.310+0000] {processor.py:161} INFO - Started process (PID=17943) to work on /home/vscode/.local/lib/python3.11/site-packages/airflow/example_dags/example_complex.py
[2026-05-09T11:36:24.311+0000] {processor.py:830} INFO - Processing file /home/vscode/.local/lib/python3.11/site-packages/airflow/example_dags/example_complex.py for tasks to queue
[2026-05-09T11:36:24.312+0000] {logging_mixin.py:188} INFO - [2026-05-09T11:36:24.311+0000] {dagbag.py:545} INFO - Filling up the DagBag from /home/vscode/.local/lib/python3.11/site-packages/airflow/example_dags/example_complex.py
[2026-05-09T11:36:24.320+0000] {processor.py:840} INFO - DAG(s) 'example_complex' retrieved from /home/vscode/.local/lib/python3.11/site-packages/airflow/example_dags/example_complex.py
[2026-05-09T11:36:24.341+0000] {logging_mixin.py:188} INFO - [2026-05-09T11:36:24.341+0000] {dag.py:3096} INFO - Sync 1 DAGs
[2026-05-09T11:36:24.349+0000] {logging_mixin.py:188} INFO - [2026-05-09T11:36:24.349+0000] {dag.py:3954} INFO - Setting next_dagrun for example_complex to None, run_after=None
[2026-05-09T11:36:24.364+0000] {processor.py:183} INFO - Processing /home/vscode/.local/lib/python3.11/site-packages/airflow/example_dags/example_complex.py took 0.060 seconds
[2026-05-09T11:37:26.185+0000] {processor.py:161} INFO - Started process (PID=18625) to work on /home/vscode/.local/lib/python3.11/site-packages/airflow/example_dags/example_complex.py
[2026-05-09T11:37:26.186+0000] {processor.py:830} INFO - Processing file /home/vscode/.local/lib/python3.11/site-packages/airflow/example_dags/example_complex.py for tasks to queue
[2026-05-09T11:37:26.186+0000] {logging_mixin.py:188} INFO - [2026-05-09T11:37:26.186+0000] {dagbag.py:545} INFO - Filling up the DagBag from /home/vscode/.local/lib/python3.11/site-packages/airflow/example_dags/example_complex.py
[2026-05-09T11:37:26.195+0000] {processor.py:840} INFO - DAG(s) 'example_complex' retrieved from /home/vscode/.local/lib/python3.11/site-packages/airflow/example_dags/example_complex.py
[2026-05-09T11:37:26.215+0000] {logging_mixin.py:188} INFO - [2026-05-09T11:37:26.215+0000] {dag.py:3096} INFO - Sync 1 DAGs
[2026-05-09T11:37:26.224+0000] {logging_mixin.py:188} INFO - [2026-05-09T11:37:26.224+0000] {dag.py:3954} INFO - Setting next_dagrun for example_complex to None, run_after=None
[2026-05-09T11:37:26.241+0000] {processor.py:183} INFO - Processing /home/vscode/.local/lib/python3.11/site-packages/airflow/example_dags/example_complex.py took 0.062 seconds
[2026-05-09T11:38:27.852+0000] {processor.py:161} INFO - Started process (PID=19357) to work on /home/vscode/.local/lib/python3.11/site-packages/airflow/example_dags/example_complex.py
[2026-05-09T11:38:27.853+0000] {processor.py:830} INFO - Processing file /home/vscode/.local/lib/python3.11/site-packages/airflow/example_dags/example_complex.py for tasks to queue
[2026-05-09T11:38:27.854+0000] {logging_mixin.py:188} INFO - [2026-05-09T11:38:27.853+0000] {dagbag.py:545} INFO - Filling up the DagBag from /home/vscode/.local/lib/python3.11/site-packages/airflow/example_dags/example_complex.py
[2026-05-09T11:38:27.863+0000] {processor.py:840} INFO - DAG(s) 'example_complex' retrieved from /home/vscode/.local/lib/python3.11/site-packages/airflow/example_dags/example_complex.py
[2026-05-09T11:38:27.884+0000] {logging_mixin.py:188} INFO - [2026-05-09T11:38:27.884+0000] {dag.py:3096} INFO - Sync 1 DAGs
[2026-05-09T11:38:27.893+0000] {logging_mixin.py:188} INFO - [2026-05-09T11:38:27.893+0000] {dag.py:3954} INFO - Setting next_dagrun for example_complex to None, run_after=None
[2026-05-09T11:38:27.908+0000] {processor.py:183} INFO - Processing /home/vscode/.local/lib/python3.11/site-packages/airflow/example_dags/example_complex.py took 0.065 seconds
[2026-05-09T11:39:27.195+0000] {processor.py:161} INFO - Started process (PID=20132) to work on /home/vscode/.local/lib/python3.11/site-packages/airflow/example_dags/example_complex.py
[2026-05-09T11:39:27.195+0000] {processor.py:830} INFO - Processing file /home/vscode/.local/lib/python3.11/site-packages/airflow/example_dags/example_complex.py for tasks to queue
[2026-05-09T11:39:27.196+0000] {logging_mixin.py:188} INFO - [2026-05-09T11:39:27.196+0000] {dagbag.py:545} INFO - Filling up the DagBag from /home/vscode/.local/lib/python3.11/site-packages/airflow/example_dags/example_complex.py
[2026-05-09T11:39:27.205+0000] {processor.py:840} INFO - DAG(s) 'example_complex' retrieved from /home/vscode/.local/lib/python3.11/site-packages/airflow/example_dags/example_complex.py
[2026-05-09T11:39:27.227+0000] {logging_mixin.py:188} INFO - [2026-05-09T11:39:27.227+0000] {dag.py:3096} INFO - Sync 1 DAGs
[2026-05-09T11:39:27.236+0000] {logging_mixin.py:188} INFO - [2026-05-09T11:39:27.236+0000] {dag.py:3954} INFO - Setting next_dagrun for example_complex to None, run_after=None
[2026-05-09T11:39:27.252+0000] {processor.py:183} INFO - Processing /home/vscode/.local/lib/python3.11/site-packages/airflow/example_dags/example_complex.py took 0.064 seconds
[2026-05-09T11:40:29.443+0000] {processor.py:161} INFO - Started process (PID=20670) to work on /home/vscode/.local/lib/python3.11/site-packages/airflow/example_dags/example_complex.py
[2026-05-09T11:40:29.443+0000] {processor.py:830} INFO - Processing file /home/vscode/.local/lib/python3.11/site-packages/airflow/example_dags/example_complex.py for tasks to queue
[2026-05-09T11:40:29.444+0000] {logging_mixin.py:188} INFO - [2026-05-09T11:40:29.443+0000] {dagbag.py:545} INFO - Filling up the DagBag from /home/vscode/.local/lib/python3.11/site-packages/airflow/example_dags/example_complex.py
[2026-05-09T11:40:29.452+0000] {processor.py:840} INFO - DAG(s) 'example_complex' retrieved from /home/vscode/.local/lib/python3.11/site-packages/airflow/example_dags/example_complex.py
[2026-05-09T11:40:29.472+0000] {logging_mixin.py:188} INFO - [2026-05-09T11:40:29.472+0000] {dag.py:3096} INFO - Sync 1 DAGs
[2026-05-09T11:40:29.481+0000] {logging_mixin.py:188} INFO - [2026-05-09T11:40:29.481+0000] {dag.py:3954} INFO - Setting next_dagrun for example_complex to None, run_after=None
[2026-05-09T11:40:29.498+0000] {processor.py:183} INFO - Processing /home/vscode/.local/lib/python3.11/site-packages/airflow/example_dags/example_complex.py took 0.062 seconds
[2026-05-09T11:41:35.499+0000] {processor.py:161} INFO - Started process (PID=21426) to work on /home/vscode/.local/lib/python3.11/site-packages/airflow/example_dags/example_complex.py
[2026-05-09T11:41:35.500+0000] {processor.py:830} INFO - Processing file /home/vscode/.local/lib/python3.11/site-packages/airflow/example_dags/example_complex.py for tasks to queue
[2026-05-09T11:41:35.501+0000] {logging_mixin.py:188} INFO - [2026-05-09T11:41:35.500+0000] {dagbag.py:545} INFO - Filling up the DagBag from /home/vscode/.local/lib/python3.11/site-packages/airflow/example_dags/example_complex.py
[2026-05-09T11:41:35.510+0000] {processor.py:840} INFO - DAG(s) 'example_complex' retrieved from /home/vscode/.local/lib/python3.11/site-packages/airflow/example_dags/example_complex.py
[2026-05-09T11:41:35.530+0000] {logging_mixin.py:188} INFO - [2026-05-09T11:41:35.530+0000] {dag.py:3096} INFO - Sync 1 DAGs
[2026-05-09T11:41:35.538+0000] {logging_mixin.py:188} INFO - [2026-05-09T11:41:35.538+0000] {dag.py:3954} INFO - Setting next_dagrun for example_complex to None, run_after=None
[2026-05-09T11:41:35.559+0000] {processor.py:183} INFO - Processing /home/vscode/.local/lib/python3.11/site-packages/airflow/example_dags/example_complex.py took 0.066 seconds
[2026-05-09T11:42:41.544+0000] {processor.py:161} INFO - Started process (PID=21965) to work on /home/vscode/.local/lib/python3.11/site-packages/airflow/example_dags/example_complex.py
[2026-05-09T11:42:41.545+0000] {processor.py:830} INFO - Processing file /home/vscode/.local/lib/python3.11/site-packages/airflow/example_dags/example_complex.py for tasks to queue
[2026-05-09T11:42:41.546+0000] {logging_mixin.py:188} INFO - [2026-05-09T11:42:41.546+0000] {dagbag.py:545} INFO - Filling up the DagBag from /home/vscode/.local/lib/python3.11/site-packages/airflow/example_dags/example_complex.py
[2026-05-09T11:42:41.565+0000] {processor.py:840} INFO - DAG(s) 'example_complex' retrieved from /home/vscode/.local/lib/python3.11/site-packages/airflow/example_dags/example_complex.py
[2026-05-09T11:42:41.600+0000] {logging_mixin.py:188} INFO - [2026-05-09T11:42:41.600+0000] {dag.py:3096} INFO - Sync 1 DAGs
[2026-05-09T11:42:41.612+0000] {logging_mixin.py:188} INFO - [2026-05-09T11:42:41.611+0000] {dag.py:3954} INFO - Setting next_dagrun for example_complex to None, run_after=None
[2026-05-09T11:42:41.679+0000] {processor.py:183} INFO - Processing /home/vscode/.local/lib/python3.11/site-packages/airflow/example_dags/example_complex.py took 0.145 seconds
[2026-05-09T11:43:48.396+0000] {processor.py:161} INFO - Started process (PID=22583) to work on /home/vscode/.local/lib/python3.11/site-packages/airflow/example_dags/example_complex.py
[2026-05-09T11:43:48.397+0000] {processor.py:830} INFO - Processing file /home/vscode/.local/lib/python3.11/site-packages/airflow/example_dags/example_complex.py for tasks to queue
[2026-05-09T11:43:48.398+0000] {logging_mixin.py:188} INFO - [2026-05-09T11:43:48.397+0000] {dagbag.py:545} INFO - Filling up the DagBag from /home/vscode/.local/lib/python3.11/site-packages/airflow/example_dags/example_complex.py
[2026-05-09T11:43:48.406+0000] {processor.py:840} INFO - DAG(s) 'example_complex' retrieved from /home/vscode/.local/lib/python3.11/site-packages/airflow/example_dags/example_complex.py
[2026-05-09T11:43:48.426+0000] {logging_mixin.py:188} INFO - [2026-05-09T11:43:48.426+0000] {dag.py:3096} INFO - Sync 1 DAGs
[2026-05-09T11:43:48.435+0000] {logging_mixin.py:188} INFO - [2026-05-09T11:43:48.435+0000] {dag.py:3954} INFO - Setting next_dagrun for example_complex to None, run_after=None
[2026-05-09T11:43:48.450+0000] {processor.py:183} INFO - Processing /home/vscode/.local/lib/python3.11/site-packages/airflow/example_dags/example_complex.py took 0.060 seconds
[2026-05-09T11:44:49.077+0000] {processor.py:161} INFO - Started process (PID=23092) to work on /home/vscode/.local/lib/python3.11/site-packages/airflow/example_dags/example_complex.py
[2026-05-09T11:44:49.078+0000] {processor.py:830} INFO - Processing file /home/vscode/.local/lib/python3.11/site-packages/airflow/example_dags/example_complex.py for tasks to queue
[2026-05-09T11:44:49.079+0000] {logging_mixin.py:188} INFO - [2026-05-09T11:44:49.078+0000] {dagbag.py:545} INFO - Filling up the DagBag from /home/vscode/.local/lib/python3.11/site-packages/airflow/example_dags/example_complex.py
[2026-05-09T11:44:49.087+0000] {processor.py:840} INFO - DAG(s) 'example_complex' retrieved from /home/vscode/.local/lib/python3.11/site-packages/airflow/example_dags/example_complex.py
[2026-05-09T11:44:49.106+0000] {logging_mixin.py:188} INFO - [2026-05-09T11:44:49.106+0000] {dag.py:3096} INFO - Sync 1 DAGs
[2026-05-09T11:44:49.114+0000] {logging_mixin.py:188} INFO - [2026-05-09T11:44:49.114+0000] {dag.py:3954} INFO - Setting next_dagrun for example_complex to None, run_after=None
[2026-05-09T11:44:49.130+0000] {processor.py:183} INFO - Processing /home/vscode/.local/lib/python3.11/site-packages/airflow/example_dags/example_complex.py took 0.059 seconds
[2026-05-09T11:45:54.491+0000] {processor.py:161} INFO - Started process (PID=23636) to work on /home/vscode/.local/lib/python3.11/site-packages/airflow/example_dags/example_complex.py
[2026-05-09T11:45:54.492+0000] {processor.py:830} INFO - Processing file /home/vscode/.local/lib/python3.11/site-packages/airflow/example_dags/example_complex.py for tasks to queue
[2026-05-09T11:45:54.492+0000] {logging_mixin.py:188} INFO - [2026-05-09T11:45:54.492+0000] {dagbag.py:545} INFO - Filling up the DagBag from /home/vscode/.local/lib/python3.11/site-packages/airflow/example_dags/example_complex.py
[2026-05-09T11:45:54.536+0000] {processor.py:840} INFO - DAG(s) 'example_complex' retrieved from /home/vscode/.local/lib/python3.11/site-packages/airflow/example_dags/example_complex.py
[2026-05-09T11:45:54.589+0000] {logging_mixin.py:188} INFO - [2026-05-09T11:45:54.589+0000] {dag.py:3096} INFO - Sync 1 DAGs
[2026-05-09T11:45:54.604+0000] {logging_mixin.py:188} INFO - [2026-05-09T11:45:54.604+0000] {dag.py:3954} INFO - Setting next_dagrun for example_complex to None, run_after=None
[2026-05-09T11:45:54.630+0000] {processor.py:183} INFO - Processing /home/vscode/.local/lib/python3.11/site-packages/airflow/example_dags/example_complex.py took 0.155 seconds
[2026-05-09T11:47:01.141+0000] {processor.py:161} INFO - Started process (PID=24318) to work on /home/vscode/.local/lib/python3.11/site-packages/airflow/example_dags/example_complex.py
[2026-05-09T11:47:01.143+0000] {processor.py:830} INFO - Processing file /home/vscode/.local/lib/python3.11/site-packages/airflow/example_dags/example_complex.py for tasks to queue
[2026-05-09T11:47:01.144+0000] {logging_mixin.py:188} INFO - [2026-05-09T11:47:01.144+0000] {dagbag.py:545} INFO - Filling up the DagBag from /home/vscode/.local/lib/python3.11/site-packages/airflow/example_dags/example_complex.py
[2026-05-09T11:47:01.183+0000] {processor.py:840} INFO - DAG(s) 'example_complex' retrieved from /home/vscode/.local/lib/python3.11/site-packages/airflow/example_dags/example_complex.py
[2026-05-09T11:47:01.241+0000] {logging_mixin.py:188} INFO - [2026-05-09T11:47:01.241+0000] {dag.py:3096} INFO - Sync 1 DAGs
[2026-05-09T11:47:01.249+0000] {logging_mixin.py:188} INFO - [2026-05-09T11:47:01.249+0000] {dag.py:3954} INFO - Setting next_dagrun for example_complex to None, run_after=None
[2026-05-09T11:47:01.265+0000] {processor.py:183} INFO - Processing /home/vscode/.local/lib/python3.11/site-packages/airflow/example_dags/example_complex.py took 0.150 seconds
[2026-05-09T11:48:06.386+0000] {processor.py:161} INFO - Started process (PID=24850) to work on /home/vscode/.local/lib/python3.11/site-packages/airflow/example_dags/example_complex.py
[2026-05-09T11:48:06.386+0000] {processor.py:830} INFO - Processing file /home/vscode/.local/lib/python3.11/site-packages/airflow/example_dags/example_complex.py for tasks to queue
[2026-05-09T11:48:06.387+0000] {logging_mixin.py:188} INFO - [2026-05-09T11:48:06.386+0000] {dagbag.py:545} INFO - Filling up the DagBag from /home/vscode/.local/lib/python3.11/site-packages/airflow/example_dags/example_complex.py
[2026-05-09T11:48:06.395+0000] {processor.py:840} INFO - DAG(s) 'example_complex' retrieved from /home/vscode/.local/lib/python3.11/site-packages/airflow/example_dags/example_complex.py
[2026-05-09T11:48:06.414+0000] {logging_mixin.py:188} INFO - [2026-05-09T11:48:06.414+0000] {dag.py:3096} INFO - Sync 1 DAGs
[2026-05-09T11:48:06.422+0000] {logging_mixin.py:188} INFO - [2026-05-09T11:48:06.422+0000] {dag.py:3954} INFO - Setting next_dagrun for example_complex to None, run_after=None
[2026-05-09T11:48:06.442+0000] {processor.py:183} INFO - Processing /home/vscode/.local/lib/python3.11/site-packages/airflow/example_dags/example_complex.py took 0.063 seconds
[2026-05-09T11:49:07.517+0000] {processor.py:161} INFO - Started process (PID=25431) to work on /home/vscode/.local/lib/python3.11/site-packages/airflow/example_dags/example_complex.py
[2026-05-09T11:49:07.517+0000] {processor.py:830} INFO - Processing file /home/vscode/.local/lib/python3.11/site-packages/airflow/example_dags/example_complex.py for tasks to queue
[2026-05-09T11:49:07.518+0000] {logging_mixin.py:188} INFO - [2026-05-09T11:49:07.518+0000] {dagbag.py:545} INFO - Filling up the DagBag from /home/vscode/.local/lib/python3.11/site-packages/airflow/example_dags/example_complex.py
[2026-05-09T11:49:07.526+0000] {processor.py:840} INFO - DAG(s) 'example_complex' retrieved from /home/vscode/.local/lib/python3.11/site-packages/airflow/example_dags/example_complex.py
[2026-05-09T11:49:07.545+0000] {logging_mixin.py:188} INFO - [2026-05-09T11:49:07.545+0000] {dag.py:3096} INFO - Sync 1 DAGs
[2026-05-09T11:49:07.554+0000] {logging_mixin.py:188} INFO - [2026-05-09T11:49:07.553+0000] {dag.py:3954} INFO - Setting next_dagrun for example_complex to None, run_after=None
[2026-05-09T11:49:07.569+0000] {processor.py:183} INFO - Processing /home/vscode/.local/lib/python3.11/site-packages/airflow/example_dags/example_complex.py took 0.059 seconds
[2026-05-09T11:50:12.609+0000] {processor.py:161} INFO - Started process (PID=26027) to work on /home/vscode/.local/lib/python3.11/site-packages/airflow/example_dags/example_complex.py
[2026-05-09T11:50:12.610+0000] {processor.py:830} INFO - Processing file /home/vscode/.local/lib/python3.11/site-packages/airflow/example_dags/example_complex.py for tasks to queue
[2026-05-09T11:50:12.610+0000] {logging_mixin.py:188} INFO - [2026-05-09T11:50:12.610+0000] {dagbag.py:545} INFO - Filling up the DagBag from /home/vscode/.local/lib/python3.11/site-packages/airflow/example_dags/example_complex.py
[2026-05-09T11:50:12.618+0000] {processor.py:840} INFO - DAG(s) 'example_complex' retrieved from /home/vscode/.local/lib/python3.11/site-packages/airflow/example_dags/example_complex.py
[2026-05-09T11:50:12.638+0000] {logging_mixin.py:188} INFO - [2026-05-09T11:50:12.638+0000] {dag.py:3096} INFO - Sync 1 DAGs
[2026-05-09T11:50:12.647+0000] {logging_mixin.py:188} INFO - [2026-05-09T11:50:12.647+0000] {dag.py:3954} INFO - Setting next_dagrun for example_complex to None, run_after=None
[2026-05-09T11:50:12.663+0000] {processor.py:183} INFO - Processing /home/vscode/.local/lib/python3.11/site-packages/airflow/example_dags/example_complex.py took 0.060 seconds
[2026-05-09T11:51:16.044+0000] {processor.py:161} INFO - Started process (PID=26796) to work on /home/vscode/.local/lib/python3.11/site-packages/airflow/example_dags/example_complex.py
[2026-05-09T11:51:16.045+0000] {processor.py:830} INFO - Processing file /home/vscode/.local/lib/python3.11/site-packages/airflow/example_dags/example_complex.py for tasks to queue
[2026-05-09T11:51:16.046+0000] {logging_mixin.py:188} INFO - [2026-05-09T11:51:16.045+0000] {dagbag.py:545} INFO - Filling up the DagBag from /home/vscode/.local/lib/python3.11/site-packages/airflow/example_dags/example_complex.py
[2026-05-09T11:51:16.054+0000] {processor.py:840} INFO - DAG(s) 'example_complex' retrieved from /home/vscode/.local/lib/python3.11/site-packages/airflow/example_dags/example_complex.py
[2026-05-09T11:51:16.075+0000] {logging_mixin.py:188} INFO - [2026-05-09T11:51:16.075+0000] {dag.py:3096} INFO - Sync 1 DAGs
[2026-05-09T11:51:16.085+0000] {logging_mixin.py:188} INFO - [2026-05-09T11:51:16.084+0000] {dag.py:3954} INFO - Setting next_dagrun for example_complex to None, run_after=None
[2026-05-09T11:51:16.100+0000] {processor.py:183} INFO - Processing /home/vscode/.local/lib/python3.11/site-packages/airflow/example_dags/example_complex.py took 0.061 seconds
[2026-05-09T11:52:19.304+0000] {processor.py:161} INFO - Started process (PID=27362) to work on /home/vscode/.local/lib/python3.11/site-packages/airflow/example_dags/example_complex.py
[2026-05-09T11:52:19.304+0000] {processor.py:830} INFO - Processing file /home/vscode/.local/lib/python3.11/site-packages/airflow/example_dags/example_complex.py for tasks to queue
[2026-05-09T11:52:19.305+0000] {logging_mixin.py:188} INFO - [2026-05-09T11:52:19.305+0000] {dagbag.py:545} INFO - Filling up the DagBag from /home/vscode/.local/lib/python3.11/site-packages/airflow/example_dags/example_complex.py
[2026-05-09T11:52:19.313+0000] {processor.py:840} INFO - DAG(s) 'example_complex' retrieved from /home/vscode/.local/lib/python3.11/site-packages/airflow/example_dags/example_complex.py
[2026-05-09T11:52:19.332+0000] {logging_mixin.py:188} INFO - [2026-05-09T11:52:19.332+0000] {dag.py:3096} INFO - Sync 1 DAGs
[2026-05-09T11:52:19.340+0000] {logging_mixin.py:188} INFO - [2026-05-09T11:52:19.340+0000] {dag.py:3954} INFO - Setting next_dagrun for example_complex to None, run_after=None
[2026-05-09T11:52:19.356+0000] {processor.py:183} INFO - Processing /home/vscode/.local/lib/python3.11/site-packages/airflow/example_dags/example_complex.py took 0.058 seconds
[2026-05-09T11:53:18.878+0000] {processor.py:161} INFO - Started process (PID=27897) to work on /home/vscode/.local/lib/python3.11/site-packages/airflow/example_dags/example_complex.py
[2026-05-09T11:53:18.879+0000] {processor.py:830} INFO - Processing file /home/vscode/.local/lib/python3.11/site-packages/airflow/example_dags/example_complex.py for tasks to queue
[2026-05-09T11:53:18.879+0000] {logging_mixin.py:188} INFO - [2026-05-09T11:53:18.879+0000] {dagbag.py:545} INFO - Filling up the DagBag from /home/vscode/.local/lib/python3.11/site-packages/airflow/example_dags/example_complex.py
[2026-05-09T11:53:18.887+0000] {processor.py:840} INFO - DAG(s) 'example_complex' retrieved from /home/vscode/.local/lib/python3.11/site-packages/airflow/example_dags/example_complex.py
[2026-05-09T11:53:18.907+0000] {logging_mixin.py:188} INFO - [2026-05-09T11:53:18.907+0000] {dag.py:3096} INFO - Sync 1 DAGs
[2026-05-09T11:53:18.915+0000] {logging_mixin.py:188} INFO - [2026-05-09T11:53:18.915+0000] {dag.py:3954} INFO - Setting next_dagrun for example_complex to None, run_after=None
[2026-05-09T11:53:18.931+0000] {processor.py:183} INFO - Processing /home/vscode/.local/lib/python3.11/site-packages/airflow/example_dags/example_complex.py took 0.059 seconds
[2026-05-09T11:54:19.405+0000] {processor.py:161} INFO - Started process (PID=28421) to work on /home/vscode/.local/lib/python3.11/site-packages/airflow/example_dags/example_complex.py
[2026-05-09T11:54:19.406+0000] {processor.py:830} INFO - Processing file /home/vscode/.local/lib/python3.11/site-packages/airflow/example_dags/example_complex.py for tasks to queue
[2026-05-09T11:54:19.407+0000] {logging_mixin.py:188} INFO - [2026-05-09T11:54:19.406+0000] {dagbag.py:545} INFO - Filling up the DagBag from /home/vscode/.local/lib/python3.11/site-packages/airflow/example_dags/example_complex.py
[2026-05-09T11:54:19.415+0000] {processor.py:840} INFO - DAG(s) 'example_complex' retrieved from /home/vscode/.local/lib/python3.11/site-packages/airflow/example_dags/example_complex.py
[2026-05-09T11:54:19.434+0000] {logging_mixin.py:188} INFO - [2026-05-09T11:54:19.434+0000] {dag.py:3096} INFO - Sync 1 DAGs
[2026-05-09T11:54:19.442+0000] {logging_mixin.py:188} INFO - [2026-05-09T11:54:19.442+0000] {dag.py:3954} INFO - Setting next_dagrun for example_complex to None, run_after=None
[2026-05-09T11:54:19.458+0000] {processor.py:183} INFO - Processing /home/vscode/.local/lib/python3.11/site-packages/airflow/example_dags/example_complex.py took 0.058 seconds
[2026-05-09T11:55:21.766+0000] {processor.py:161} INFO - Started process (PID=28952) to work on /home/vscode/.local/lib/python3.11/site-packages/airflow/example_dags/example_complex.py
[2026-05-09T11:55:21.767+0000] {processor.py:830} INFO - Processing file /home/vscode/.local/lib/python3.11/site-packages/airflow/example_dags/example_complex.py for tasks to queue
[2026-05-09T11:55:21.767+0000] {logging_mixin.py:188} INFO - [2026-05-09T11:55:21.767+0000] {dagbag.py:545} INFO - Filling up the DagBag from /home/vscode/.local/lib/python3.11/site-packages/airflow/example_dags/example_complex.py
[2026-05-09T11:55:21.775+0000] {processor.py:840} INFO - DAG(s) 'example_complex' retrieved from /home/vscode/.local/lib/python3.11/site-packages/airflow/example_dags/example_complex.py
[2026-05-09T11:55:21.794+0000] {logging_mixin.py:188} INFO - [2026-05-09T11:55:21.794+0000] {dag.py:3096} INFO - Sync 1 DAGs
[2026-05-09T11:55:21.802+0000] {logging_mixin.py:188} INFO - [2026-05-09T11:55:21.802+0000] {dag.py:3954} INFO - Setting next_dagrun for example_complex to None, run_after=None
[2026-05-09T11:55:21.817+0000] {processor.py:183} INFO - Processing /home/vscode/.local/lib/python3.11/site-packages/airflow/example_dags/example_complex.py took 0.057 seconds
[2026-05-09T11:56:24.765+0000] {processor.py:161} INFO - Started process (PID=29424) to work on /home/vscode/.local/lib/python3.11/site-packages/airflow/example_dags/example_complex.py
[2026-05-09T11:56:24.766+0000] {processor.py:830} INFO - Processing file /home/vscode/.local/lib/python3.11/site-packages/airflow/example_dags/example_complex.py for tasks to queue
[2026-05-09T11:56:24.766+0000] {logging_mixin.py:188} INFO - [2026-05-09T11:56:24.766+0000] {dagbag.py:545} INFO - Filling up the DagBag from /home/vscode/.local/lib/python3.11/site-packages/airflow/example_dags/example_complex.py
[2026-05-09T11:56:24.774+0000] {processor.py:840} INFO - DAG(s) 'example_complex' retrieved from /home/vscode/.local/lib/python3.11/site-packages/airflow/example_dags/example_complex.py
[2026-05-09T11:56:24.794+0000] {logging_mixin.py:188} INFO - [2026-05-09T11:56:24.794+0000] {dag.py:3096} INFO - Sync 1 DAGs
[2026-05-09T11:56:24.802+0000] {logging_mixin.py:188} INFO - [2026-05-09T11:56:24.802+0000] {dag.py:3954} INFO - Setting next_dagrun for example_complex to None, run_after=None
[2026-05-09T11:56:24.817+0000] {processor.py:183} INFO - Processing /home/vscode/.local/lib/python3.11/site-packages/airflow/example_dags/example_complex.py took 0.058 seconds
[2026-05-09T11:57:24.213+0000] {processor.py:161} INFO - Started process (PID=29938) to work on /home/vscode/.local/lib/python3.11/site-packages/airflow/example_dags/example_complex.py
[2026-05-09T11:57:24.213+0000] {processor.py:830} INFO - Processing file /home/vscode/.local/lib/python3.11/site-packages/airflow/example_dags/example_complex.py for tasks to queue
[2026-05-09T11:57:24.214+0000] {logging_mixin.py:188} INFO - [2026-05-09T11:57:24.213+0000] {dagbag.py:545} INFO - Filling up the DagBag from /home/vscode/.local/lib/python3.11/site-packages/airflow/example_dags/example_complex.py
[2026-05-09T11:57:24.222+0000] {processor.py:840} INFO - DAG(s) 'example_complex' retrieved from /home/vscode/.local/lib/python3.11/site-packages/airflow/example_dags/example_complex.py
[2026-05-09T11:57:24.242+0000] {logging_mixin.py:188} INFO - [2026-05-09T11:57:24.242+0000] {dag.py:3096} INFO - Sync 1 DAGs
[2026-05-09T11:57:24.250+0000] {logging_mixin.py:188} INFO - [2026-05-09T11:57:24.250+0000] {dag.py:3954} INFO - Setting next_dagrun for example_complex to None, run_after=None
[2026-05-09T11:57:24.266+0000] {processor.py:183} INFO - Processing /home/vscode/.local/lib/python3.11/site-packages/airflow/example_dags/example_complex.py took 0.060 seconds
[2026-05-09T11:58:29.616+0000] {processor.py:161} INFO - Started process (PID=30432) to work on /home/vscode/.local/lib/python3.11/site-packages/airflow/example_dags/example_complex.py
[2026-05-09T11:58:29.616+0000] {processor.py:830} INFO - Processing file /home/vscode/.local/lib/python3.11/site-packages/airflow/example_dags/example_complex.py for tasks to queue
[2026-05-09T11:58:29.617+0000] {logging_mixin.py:188} INFO - [2026-05-09T11:58:29.617+0000] {dagbag.py:545} INFO - Filling up the DagBag from /home/vscode/.local/lib/python3.11/site-packages/airflow/example_dags/example_complex.py
[2026-05-09T11:58:29.625+0000] {processor.py:840} INFO - DAG(s) 'example_complex' retrieved from /home/vscode/.local/lib/python3.11/site-packages/airflow/example_dags/example_complex.py
[2026-05-09T11:58:29.645+0000] {logging_mixin.py:188} INFO - [2026-05-09T11:58:29.645+0000] {dag.py:3096} INFO - Sync 1 DAGs
[2026-05-09T11:58:29.654+0000] {logging_mixin.py:188} INFO - [2026-05-09T11:58:29.654+0000] {dag.py:3954} INFO - Setting next_dagrun for example_complex to None, run_after=None
[2026-05-09T11:58:29.670+0000] {processor.py:183} INFO - Processing /home/vscode/.local/lib/python3.11/site-packages/airflow/example_dags/example_complex.py took 0.061 seconds
[2026-05-09T11:59:33.593+0000] {processor.py:161} INFO - Started process (PID=30992) to work on /home/vscode/.local/lib/python3.11/site-packages/airflow/example_dags/example_complex.py
[2026-05-09T11:59:33.594+0000] {processor.py:830} INFO - Processing file /home/vscode/.local/lib/python3.11/site-packages/airflow/example_dags/example_complex.py for tasks to queue
[2026-05-09T11:59:33.595+0000] {logging_mixin.py:188} INFO - [2026-05-09T11:59:33.594+0000] {dagbag.py:545} INFO - Filling up the DagBag from /home/vscode/.local/lib/python3.11/site-packages/airflow/example_dags/example_complex.py
[2026-05-09T11:59:33.610+0000] {processor.py:840} INFO - DAG(s) 'example_complex' retrieved from /home/vscode/.local/lib/python3.11/site-packages/airflow/example_dags/example_complex.py
[2026-05-09T11:59:33.631+0000] {logging_mixin.py:188} INFO - [2026-05-09T11:59:33.631+0000] {dag.py:3096} INFO - Sync 1 DAGs
[2026-05-09T11:59:33.639+0000] {logging_mixin.py:188} INFO - [2026-05-09T11:59:33.639+0000] {dag.py:3954} INFO - Setting next_dagrun for example_complex to None, run_after=None
[2026-05-09T11:59:33.654+0000] {processor.py:183} INFO - Processing /home/vscode/.local/lib/python3.11/site-packages/airflow/example_dags/example_complex.py took 0.071 seconds
[2026-05-09T12:00:33.260+0000] {processor.py:161} INFO - Started process (PID=31431) to work on /home/vscode/.local/lib/python3.11/site-packages/airflow/example_dags/example_complex.py
[2026-05-09T12:00:33.261+0000] {processor.py:830} INFO - Processing file /home/vscode/.local/lib/python3.11/site-packages/airflow/example_dags/example_complex.py for tasks to queue
[2026-05-09T12:00:33.261+0000] {logging_mixin.py:188} INFO - [2026-05-09T12:00:33.261+0000] {dagbag.py:545} INFO - Filling up the DagBag from /home/vscode/.local/lib/python3.11/site-packages/airflow/example_dags/example_complex.py
[2026-05-09T12:00:33.269+0000] {processor.py:840} INFO - DAG(s) 'example_complex' retrieved from /home/vscode/.local/lib/python3.11/site-packages/airflow/example_dags/example_complex.py
[2026-05-09T12:00:33.288+0000] {logging_mixin.py:188} INFO - [2026-05-09T12:00:33.288+0000] {dag.py:3096} INFO - Sync 1 DAGs
[2026-05-09T12:00:33.296+0000] {logging_mixin.py:188} INFO - [2026-05-09T12:00:33.296+0000] {dag.py:3954} INFO - Setting next_dagrun for example_complex to None, run_after=None
[2026-05-09T12:00:33.311+0000] {processor.py:183} INFO - Processing /home/vscode/.local/lib/python3.11/site-packages/airflow/example_dags/example_complex.py took 0.057 seconds
[2026-05-09T12:01:38.841+0000] {processor.py:161} INFO - Started process (PID=32033) to work on /home/vscode/.local/lib/python3.11/site-packages/airflow/example_dags/example_complex.py
[2026-05-09T12:01:38.842+0000] {processor.py:830} INFO - Processing file /home/vscode/.local/lib/python3.11/site-packages/airflow/example_dags/example_complex.py for tasks to queue
[2026-05-09T12:01:38.842+0000] {logging_mixin.py:188} INFO - [2026-05-09T12:01:38.842+0000] {dagbag.py:545} INFO - Filling up the DagBag from /home/vscode/.local/lib/python3.11/site-packages/airflow/example_dags/example_complex.py
[2026-05-09T12:01:38.850+0000] {processor.py:840} INFO - DAG(s) 'example_complex' retrieved from /home/vscode/.local/lib/python3.11/site-packages/airflow/example_dags/example_complex.py
[2026-05-09T12:01:38.869+0000] {logging_mixin.py:188} INFO - [2026-05-09T12:01:38.869+0000] {dag.py:3096} INFO - Sync 1 DAGs
[2026-05-09T12:01:38.878+0000] {logging_mixin.py:188} INFO - [2026-05-09T12:01:38.878+0000] {dag.py:3954} INFO - Setting next_dagrun for example_complex to None, run_after=None
[2026-05-09T12:01:38.894+0000] {processor.py:183} INFO - Processing /home/vscode/.local/lib/python3.11/site-packages/airflow/example_dags/example_complex.py took 0.059 seconds
[2026-05-09T12:02:41.893+0000] {processor.py:161} INFO - Started process (PID=32511) to work on /home/vscode/.local/lib/python3.11/site-packages/airflow/example_dags/example_complex.py
[2026-05-09T12:02:41.894+0000] {processor.py:830} INFO - Processing file /home/vscode/.local/lib/python3.11/site-packages/airflow/example_dags/example_complex.py for tasks to queue
[2026-05-09T12:02:41.894+0000] {logging_mixin.py:188} INFO - [2026-05-09T12:02:41.894+0000] {dagbag.py:545} INFO - Filling up the DagBag from /home/vscode/.local/lib/python3.11/site-packages/airflow/example_dags/example_complex.py
[2026-05-09T12:02:41.902+0000] {processor.py:840} INFO - DAG(s) 'example_complex' retrieved from /home/vscode/.local/lib/python3.11/site-packages/airflow/example_dags/example_complex.py
[2026-05-09T12:02:41.922+0000] {logging_mixin.py:188} INFO - [2026-05-09T12:02:41.922+0000] {dag.py:3096} INFO - Sync 1 DAGs
[2026-05-09T12:02:41.932+0000] {logging_mixin.py:188} INFO - [2026-05-09T12:02:41.932+0000] {dag.py:3954} INFO - Setting next_dagrun for example_complex to None, run_after=None
[2026-05-09T12:02:41.948+0000] {processor.py:183} INFO - Processing /home/vscode/.local/lib/python3.11/site-packages/airflow/example_dags/example_complex.py took 0.060 seconds
[2026-05-09T12:03:43.556+0000] {processor.py:161} INFO - Started process (PID=33104) to work on /home/vscode/.local/lib/python3.11/site-packages/airflow/example_dags/example_complex.py
[2026-05-09T12:03:43.557+0000] {processor.py:830} INFO - Processing file /home/vscode/.local/lib/python3.11/site-packages/airflow/example_dags/example_complex.py for tasks to queue
[2026-05-09T12:03:43.558+0000] {logging_mixin.py:188} INFO - [2026-05-09T12:03:43.557+0000] {dagbag.py:545} INFO - Filling up the DagBag from /home/vscode/.local/lib/python3.11/site-packages/airflow/example_dags/example_complex.py
[2026-05-09T12:03:43.566+0000] {processor.py:840} INFO - DAG(s) 'example_complex' retrieved from /home/vscode/.local/lib/python3.11/site-packages/airflow/example_dags/example_complex.py
[2026-05-09T12:03:43.585+0000] {logging_mixin.py:188} INFO - [2026-05-09T12:03:43.585+0000] {dag.py:3096} INFO - Sync 1 DAGs
[2026-05-09T12:03:43.593+0000] {logging_mixin.py:188} INFO - [2026-05-09T12:03:43.593+0000] {dag.py:3954} INFO - Setting next_dagrun for example_complex to None, run_after=None
[2026-05-09T12:03:43.608+0000] {processor.py:183} INFO - Processing /home/vscode/.local/lib/python3.11/site-packages/airflow/example_dags/example_complex.py took 0.059 seconds
[2026-05-09T12:04:46.707+0000] {processor.py:161} INFO - Started process (PID=33579) to work on /home/vscode/.local/lib/python3.11/site-packages/airflow/example_dags/example_complex.py
[2026-05-09T12:04:46.707+0000] {processor.py:830} INFO - Processing file /home/vscode/.local/lib/python3.11/site-packages/airflow/example_dags/example_complex.py for tasks to queue
[2026-05-09T12:04:46.708+0000] {logging_mixin.py:188} INFO - [2026-05-09T12:04:46.708+0000] {dagbag.py:545} INFO - Filling up the DagBag from /home/vscode/.local/lib/python3.11/site-packages/airflow/example_dags/example_complex.py
[2026-05-09T12:04:46.719+0000] {processor.py:840} INFO - DAG(s) 'example_complex' retrieved from /home/vscode/.local/lib/python3.11/site-packages/airflow/example_dags/example_complex.py
[2026-05-09T12:04:46.745+0000] {logging_mixin.py:188} INFO - [2026-05-09T12:04:46.745+0000] {dag.py:3096} INFO - Sync 1 DAGs
[2026-05-09T12:04:46.754+0000] {logging_mixin.py:188} INFO - [2026-05-09T12:04:46.754+0000] {dag.py:3954} INFO - Setting next_dagrun for example_complex to None, run_after=None
[2026-05-09T12:04:46.769+0000] {processor.py:183} INFO - Processing /home/vscode/.local/lib/python3.11/site-packages/airflow/example_dags/example_complex.py took 0.068 seconds
[2026-05-09T12:05:49.145+0000] {processor.py:161} INFO - Started process (PID=34111) to work on /home/vscode/.local/lib/python3.11/site-packages/airflow/example_dags/example_complex.py
[2026-05-09T12:05:49.145+0000] {processor.py:830} INFO - Processing file /home/vscode/.local/lib/python3.11/site-packages/airflow/example_dags/example_complex.py for tasks to queue
[2026-05-09T12:05:49.146+0000] {logging_mixin.py:188} INFO - [2026-05-09T12:05:49.146+0000] {dagbag.py:545} INFO - Filling up the DagBag from /home/vscode/.local/lib/python3.11/site-packages/airflow/example_dags/example_complex.py
[2026-05-09T12:05:49.154+0000] {processor.py:840} INFO - DAG(s) 'example_complex' retrieved from /home/vscode/.local/lib/python3.11/site-packages/airflow/example_dags/example_complex.py
[2026-05-09T12:05:49.174+0000] {logging_mixin.py:188} INFO - [2026-05-09T12:05:49.173+0000] {dag.py:3096} INFO - Sync 1 DAGs
[2026-05-09T12:05:49.182+0000] {logging_mixin.py:188} INFO - [2026-05-09T12:05:49.182+0000] {dag.py:3954} INFO - Setting next_dagrun for example_complex to None, run_after=None
[2026-05-09T12:05:49.198+0000] {processor.py:183} INFO - Processing /home/vscode/.local/lib/python3.11/site-packages/airflow/example_dags/example_complex.py took 0.062 seconds
[2026-05-09T12:06:55.272+0000] {processor.py:161} INFO - Started process (PID=34602) to work on /home/vscode/.local/lib/python3.11/site-packages/airflow/example_dags/example_complex.py
[2026-05-09T12:06:55.273+0000] {processor.py:830} INFO - Processing file /home/vscode/.local/lib/python3.11/site-packages/airflow/example_dags/example_complex.py for tasks to queue
[2026-05-09T12:06:55.274+0000] {logging_mixin.py:188} INFO - [2026-05-09T12:06:55.273+0000] {dagbag.py:545} INFO - Filling up the DagBag from /home/vscode/.local/lib/python3.11/site-packages/airflow/example_dags/example_complex.py
[2026-05-09T12:06:55.281+0000] {processor.py:840} INFO - DAG(s) 'example_complex' retrieved from /home/vscode/.local/lib/python3.11/site-packages/airflow/example_dags/example_complex.py
[2026-05-09T12:06:55.300+0000] {logging_mixin.py:188} INFO - [2026-05-09T12:06:55.300+0000] {dag.py:3096} INFO - Sync 1 DAGs
[2026-05-09T12:06:55.308+0000] {logging_mixin.py:188} INFO - [2026-05-09T12:06:55.308+0000] {dag.py:3954} INFO - Setting next_dagrun for example_complex to None, run_after=None
[2026-05-09T12:06:55.325+0000] {processor.py:183} INFO - Processing /home/vscode/.local/lib/python3.11/site-packages/airflow/example_dags/example_complex.py took 0.058 seconds
[2026-05-09T12:07:57.587+0000] {processor.py:161} INFO - Started process (PID=35135) to work on /home/vscode/.local/lib/python3.11/site-packages/airflow/example_dags/example_complex.py
[2026-05-09T12:07:57.588+0000] {processor.py:830} INFO - Processing file /home/vscode/.local/lib/python3.11/site-packages/airflow/example_dags/example_complex.py for tasks to queue
[2026-05-09T12:07:57.588+0000] {logging_mixin.py:188} INFO - [2026-05-09T12:07:57.588+0000] {dagbag.py:545} INFO - Filling up the DagBag from /home/vscode/.local/lib/python3.11/site-packages/airflow/example_dags/example_complex.py
[2026-05-09T12:07:57.596+0000] {processor.py:840} INFO - DAG(s) 'example_complex' retrieved from /home/vscode/.local/lib/python3.11/site-packages/airflow/example_dags/example_complex.py
[2026-05-09T12:07:57.615+0000] {logging_mixin.py:188} INFO - [2026-05-09T12:07:57.615+0000] {dag.py:3096} INFO - Sync 1 DAGs
[2026-05-09T12:07:57.623+0000] {logging_mixin.py:188} INFO - [2026-05-09T12:07:57.623+0000] {dag.py:3954} INFO - Setting next_dagrun for example_complex to None, run_after=None
[2026-05-09T12:07:57.639+0000] {processor.py:183} INFO - Processing /home/vscode/.local/lib/python3.11/site-packages/airflow/example_dags/example_complex.py took 0.058 seconds
[2026-05-09T12:08:59.264+0000] {processor.py:161} INFO - Started process (PID=35668) to work on /home/vscode/.local/lib/python3.11/site-packages/airflow/example_dags/example_complex.py
[2026-05-09T12:08:59.264+0000] {processor.py:830} INFO - Processing file /home/vscode/.local/lib/python3.11/site-packages/airflow/example_dags/example_complex.py for tasks to queue
[2026-05-09T12:08:59.265+0000] {logging_mixin.py:188} INFO - [2026-05-09T12:08:59.265+0000] {dagbag.py:545} INFO - Filling up the DagBag from /home/vscode/.local/lib/python3.11/site-packages/airflow/example_dags/example_complex.py
[2026-05-09T12:08:59.273+0000] {processor.py:840} INFO - DAG(s) 'example_complex' retrieved from /home/vscode/.local/lib/python3.11/site-packages/airflow/example_dags/example_complex.py
[2026-05-09T12:08:59.293+0000] {logging_mixin.py:188} INFO - [2026-05-09T12:08:59.293+0000] {dag.py:3096} INFO - Sync 1 DAGs
[2026-05-09T12:08:59.302+0000] {logging_mixin.py:188} INFO - [2026-05-09T12:08:59.301+0000] {dag.py:3954} INFO - Setting next_dagrun for example_complex to None, run_after=None
[2026-05-09T12:08:59.318+0000] {processor.py:183} INFO - Processing /home/vscode/.local/lib/python3.11/site-packages/airflow/example_dags/example_complex.py took 0.060 seconds
[2026-05-09T12:09:57.919+0000] {processor.py:161} INFO - Started process (PID=36180) to work on /home/vscode/.local/lib/python3.11/site-packages/airflow/example_dags/example_complex.py
[2026-05-09T12:09:57.920+0000] {processor.py:830} INFO - Processing file /home/vscode/.local/lib/python3.11/site-packages/airflow/example_dags/example_complex.py for tasks to queue
[2026-05-09T12:09:57.920+0000] {logging_mixin.py:188} INFO - [2026-05-09T12:09:57.920+0000] {dagbag.py:545} INFO - Filling up the DagBag from /home/vscode/.local/lib/python3.11/site-packages/airflow/example_dags/example_complex.py
[2026-05-09T12:09:57.931+0000] {processor.py:840} INFO - DAG(s) 'example_complex' retrieved from /home/vscode/.local/lib/python3.11/site-packages/airflow/example_dags/example_complex.py
[2026-05-09T12:09:57.954+0000] {logging_mixin.py:188} INFO - [2026-05-09T12:09:57.954+0000] {dag.py:3096} INFO - Sync 1 DAGs
[2026-05-09T12:09:57.963+0000] {logging_mixin.py:188} INFO - [2026-05-09T12:09:57.963+0000] {dag.py:3954} INFO - Setting next_dagrun for example_complex to None, run_after=None
[2026-05-09T12:09:57.978+0000] {processor.py:183} INFO - Processing /home/vscode/.local/lib/python3.11/site-packages/airflow/example_dags/example_complex.py took 0.066 seconds
[2026-05-09T12:11:00.250+0000] {processor.py:161} INFO - Started process (PID=36645) to work on /home/vscode/.local/lib/python3.11/site-packages/airflow/example_dags/example_complex.py
[2026-05-09T12:11:00.251+0000] {processor.py:830} INFO - Processing file /home/vscode/.local/lib/python3.11/site-packages/airflow/example_dags/example_complex.py for tasks to queue
[2026-05-09T12:11:00.251+0000] {logging_mixin.py:188} INFO - [2026-05-09T12:11:00.251+0000] {dagbag.py:545} INFO - Filling up the DagBag from /home/vscode/.local/lib/python3.11/site-packages/airflow/example_dags/example_complex.py
[2026-05-09T12:11:00.259+0000] {processor.py:840} INFO - DAG(s) 'example_complex' retrieved from /home/vscode/.local/lib/python3.11/site-packages/airflow/example_dags/example_complex.py
[2026-05-09T12:11:00.278+0000] {logging_mixin.py:188} INFO - [2026-05-09T12:11:00.278+0000] {dag.py:3096} INFO - Sync 1 DAGs
[2026-05-09T12:11:00.286+0000] {logging_mixin.py:188} INFO - [2026-05-09T12:11:00.286+0000] {dag.py:3954} INFO - Setting next_dagrun for example_complex to None, run_after=None
[2026-05-09T12:11:00.300+0000] {processor.py:183} INFO - Processing /home/vscode/.local/lib/python3.11/site-packages/airflow/example_dags/example_complex.py took 0.057 seconds
[2026-05-09T12:12:00.787+0000] {processor.py:161} INFO - Started process (PID=37168) to work on /home/vscode/.local/lib/python3.11/site-packages/airflow/example_dags/example_complex.py
[2026-05-09T12:12:00.788+0000] {processor.py:830} INFO - Processing file /home/vscode/.local/lib/python3.11/site-packages/airflow/example_dags/example_complex.py for tasks to queue
[2026-05-09T12:12:00.788+0000] {logging_mixin.py:188} INFO - [2026-05-09T12:12:00.788+0000] {dagbag.py:545} INFO - Filling up the DagBag from /home/vscode/.local/lib/python3.11/site-packages/airflow/example_dags/example_complex.py
[2026-05-09T12:12:00.797+0000] {processor.py:840} INFO - DAG(s) 'example_complex' retrieved from /home/vscode/.local/lib/python3.11/site-packages/airflow/example_dags/example_complex.py
[2026-05-09T12:12:00.817+0000] {logging_mixin.py:188} INFO - [2026-05-09T12:12:00.817+0000] {dag.py:3096} INFO - Sync 1 DAGs
[2026-05-09T12:12:00.827+0000] {logging_mixin.py:188} INFO - [2026-05-09T12:12:00.827+0000] {dag.py:3954} INFO - Setting next_dagrun for example_complex to None, run_after=None
[2026-05-09T12:12:00.848+0000] {processor.py:183} INFO - Processing /home/vscode/.local/lib/python3.11/site-packages/airflow/example_dags/example_complex.py took 0.067 seconds
[2026-05-09T12:13:02.360+0000] {processor.py:161} INFO - Started process (PID=37638) to work on /home/vscode/.local/lib/python3.11/site-packages/airflow/example_dags/example_complex.py
[2026-05-09T12:13:02.360+0000] {processor.py:830} INFO - Processing file /home/vscode/.local/lib/python3.11/site-packages/airflow/example_dags/example_complex.py for tasks to queue
[2026-05-09T12:13:02.361+0000] {logging_mixin.py:188} INFO - [2026-05-09T12:13:02.360+0000] {dagbag.py:545} INFO - Filling up the DagBag from /home/vscode/.local/lib/python3.11/site-packages/airflow/example_dags/example_complex.py
[2026-05-09T12:13:02.369+0000] {processor.py:840} INFO - DAG(s) 'example_complex' retrieved from /home/vscode/.local/lib/python3.11/site-packages/airflow/example_dags/example_complex.py
[2026-05-09T12:13:02.388+0000] {logging_mixin.py:188} INFO - [2026-05-09T12:13:02.388+0000] {dag.py:3096} INFO - Sync 1 DAGs
[2026-05-09T12:13:02.397+0000] {logging_mixin.py:188} INFO - [2026-05-09T12:13:02.397+0000] {dag.py:3954} INFO - Setting next_dagrun for example_complex to None, run_after=None
[2026-05-09T12:13:02.412+0000] {processor.py:183} INFO - Processing /home/vscode/.local/lib/python3.11/site-packages/airflow/example_dags/example_complex.py took 0.059 seconds
[2026-05-09T12:14:06.596+0000] {processor.py:161} INFO - Started process (PID=38244) to work on /home/vscode/.local/lib/python3.11/site-packages/airflow/example_dags/example_complex.py
[2026-05-09T12:14:06.597+0000] {processor.py:830} INFO - Processing file /home/vscode/.local/lib/python3.11/site-packages/airflow/example_dags/example_complex.py for tasks to queue
[2026-05-09T12:14:06.597+0000] {logging_mixin.py:188} INFO - [2026-05-09T12:14:06.597+0000] {dagbag.py:545} INFO - Filling up the DagBag from /home/vscode/.local/lib/python3.11/site-packages/airflow/example_dags/example_complex.py
[2026-05-09T12:14:06.606+0000] {processor.py:840} INFO - DAG(s) 'example_complex' retrieved from /home/vscode/.local/lib/python3.11/site-packages/airflow/example_dags/example_complex.py
[2026-05-09T12:14:06.626+0000] {logging_mixin.py:188} INFO - [2026-05-09T12:14:06.626+0000] {dag.py:3096} INFO - Sync 1 DAGs
[2026-05-09T12:14:06.636+0000] {logging_mixin.py:188} INFO - [2026-05-09T12:14:06.636+0000] {dag.py:3954} INFO - Setting next_dagrun for example_complex to None, run_after=None
[2026-05-09T12:14:06.653+0000] {processor.py:183} INFO - Processing /home/vscode/.local/lib/python3.11/site-packages/airflow/example_dags/example_complex.py took 0.063 seconds
[2026-05-09T12:15:09.684+0000] {processor.py:161} INFO - Started process (PID=38719) to work on /home/vscode/.local/lib/python3.11/site-packages/airflow/example_dags/example_complex.py
[2026-05-09T12:15:09.685+0000] {processor.py:830} INFO - Processing file /home/vscode/.local/lib/python3.11/site-packages/airflow/example_dags/example_complex.py for tasks to queue
[2026-05-09T12:15:09.685+0000] {logging_mixin.py:188} INFO - [2026-05-09T12:15:09.685+0000] {dagbag.py:545} INFO - Filling up the DagBag from /home/vscode/.local/lib/python3.11/site-packages/airflow/example_dags/example_complex.py
[2026-05-09T12:15:09.693+0000] {processor.py:840} INFO - DAG(s) 'example_complex' retrieved from /home/vscode/.local/lib/python3.11/site-packages/airflow/example_dags/example_complex.py
[2026-05-09T12:15:09.712+0000] {logging_mixin.py:188} INFO - [2026-05-09T12:15:09.712+0000] {dag.py:3096} INFO - Sync 1 DAGs
[2026-05-09T12:15:09.720+0000] {logging_mixin.py:188} INFO - [2026-05-09T12:15:09.720+0000] {dag.py:3954} INFO - Setting next_dagrun for example_complex to None, run_after=None
[2026-05-09T12:15:09.738+0000] {processor.py:183} INFO - Processing /home/vscode/.local/lib/python3.11/site-packages/airflow/example_dags/example_complex.py took 0.060 seconds
[2026-05-09T12:16:15.223+0000] {processor.py:161} INFO - Started process (PID=39269) to work on /home/vscode/.local/lib/python3.11/site-packages/airflow/example_dags/example_complex.py
[2026-05-09T12:16:15.224+0000] {processor.py:830} INFO - Processing file /home/vscode/.local/lib/python3.11/site-packages/airflow/example_dags/example_complex.py for tasks to queue
[2026-05-09T12:16:15.224+0000] {logging_mixin.py:188} INFO - [2026-05-09T12:16:15.224+0000] {dagbag.py:545} INFO - Filling up the DagBag from /home/vscode/.local/lib/python3.11/site-packages/airflow/example_dags/example_complex.py
[2026-05-09T12:16:15.236+0000] {processor.py:840} INFO - DAG(s) 'example_complex' retrieved from /home/vscode/.local/lib/python3.11/site-packages/airflow/example_dags/example_complex.py
[2026-05-09T12:16:15.257+0000] {logging_mixin.py:188} INFO - [2026-05-09T12:16:15.256+0000] {dag.py:3096} INFO - Sync 1 DAGs
[2026-05-09T12:16:15.265+0000] {logging_mixin.py:188} INFO - [2026-05-09T12:16:15.265+0000] {dag.py:3954} INFO - Setting next_dagrun for example_complex to None, run_after=None
[2026-05-09T12:16:15.280+0000] {processor.py:183} INFO - Processing /home/vscode/.local/lib/python3.11/site-packages/airflow/example_dags/example_complex.py took 0.064 seconds
[2026-05-09T12:17:23.148+0000] {processor.py:161} INFO - Started process (PID=39767) to work on /home/vscode/.local/lib/python3.11/site-packages/airflow/example_dags/example_complex.py
[2026-05-09T12:17:23.149+0000] {processor.py:830} INFO - Processing file /home/vscode/.local/lib/python3.11/site-packages/airflow/example_dags/example_complex.py for tasks to queue
[2026-05-09T12:17:23.150+0000] {logging_mixin.py:188} INFO - [2026-05-09T12:17:23.149+0000] {dagbag.py:545} INFO - Filling up the DagBag from /home/vscode/.local/lib/python3.11/site-packages/airflow/example_dags/example_complex.py
[2026-05-09T12:17:23.159+0000] {processor.py:840} INFO - DAG(s) 'example_complex' retrieved from /home/vscode/.local/lib/python3.11/site-packages/airflow/example_dags/example_complex.py
[2026-05-09T12:17:23.178+0000] {logging_mixin.py:188} INFO - [2026-05-09T12:17:23.178+0000] {dag.py:3096} INFO - Sync 1 DAGs
[2026-05-09T12:17:23.187+0000] {logging_mixin.py:188} INFO - [2026-05-09T12:17:23.187+0000] {dag.py:3954} INFO - Setting next_dagrun for example_complex to None, run_after=None
[2026-05-09T12:17:23.202+0000] {processor.py:183} INFO - Processing /home/vscode/.local/lib/python3.11/site-packages/airflow/example_dags/example_complex.py took 0.062 seconds
[2026-05-09T12:18:27.319+0000] {processor.py:161} INFO - Started process (PID=40309) to work on /home/vscode/.local/lib/python3.11/site-packages/airflow/example_dags/example_complex.py
[2026-05-09T12:18:27.320+0000] {processor.py:830} INFO - Processing file /home/vscode/.local/lib/python3.11/site-packages/airflow/example_dags/example_complex.py for tasks to queue
[2026-05-09T12:18:27.320+0000] {logging_mixin.py:188} INFO - [2026-05-09T12:18:27.320+0000] {dagbag.py:545} INFO - Filling up the DagBag from /home/vscode/.local/lib/python3.11/site-packages/airflow/example_dags/example_complex.py
[2026-05-09T12:18:27.331+0000] {processor.py:840} INFO - DAG(s) 'example_complex' retrieved from /home/vscode/.local/lib/python3.11/site-packages/airflow/example_dags/example_complex.py
[2026-05-09T12:18:27.351+0000] {logging_mixin.py:188} INFO - [2026-05-09T12:18:27.351+0000] {dag.py:3096} INFO - Sync 1 DAGs
[2026-05-09T12:18:27.360+0000] {logging_mixin.py:188} INFO - [2026-05-09T12:18:27.359+0000] {dag.py:3954} INFO - Setting next_dagrun for example_complex to None, run_after=None
[2026-05-09T12:18:27.376+0000] {processor.py:183} INFO - Processing /home/vscode/.local/lib/python3.11/site-packages/airflow/example_dags/example_complex.py took 0.063 seconds
[2026-05-09T12:19:27.763+0000] {processor.py:161} INFO - Started process (PID=40832) to work on /home/vscode/.local/lib/python3.11/site-packages/airflow/example_dags/example_complex.py
[2026-05-09T12:19:27.763+0000] {processor.py:830} INFO - Processing file /home/vscode/.local/lib/python3.11/site-packages/airflow/example_dags/example_complex.py for tasks to queue
[2026-05-09T12:19:27.764+0000] {logging_mixin.py:188} INFO - [2026-05-09T12:19:27.764+0000] {dagbag.py:545} INFO - Filling up the DagBag from /home/vscode/.local/lib/python3.11/site-packages/airflow/example_dags/example_complex.py
[2026-05-09T12:19:27.772+0000] {processor.py:840} INFO - DAG(s) 'example_complex' retrieved from /home/vscode/.local/lib/python3.11/site-packages/airflow/example_dags/example_complex.py
[2026-05-09T12:19:27.793+0000] {logging_mixin.py:188} INFO - [2026-05-09T12:19:27.793+0000] {dag.py:3096} INFO - Sync 1 DAGs
[2026-05-09T12:19:27.801+0000] {logging_mixin.py:188} INFO - [2026-05-09T12:19:27.801+0000] {dag.py:3954} INFO - Setting next_dagrun for example_complex to None, run_after=None
[2026-05-09T12:19:27.818+0000] {processor.py:183} INFO - Processing /home/vscode/.local/lib/python3.11/site-packages/airflow/example_dags/example_complex.py took 0.062 seconds
[2026-05-09T12:20:34.380+0000] {processor.py:161} INFO - Started process (PID=41391) to work on /home/vscode/.local/lib/python3.11/site-packages/airflow/example_dags/example_complex.py
[2026-05-09T12:20:34.381+0000] {processor.py:830} INFO - Processing file /home/vscode/.local/lib/python3.11/site-packages/airflow/example_dags/example_complex.py for tasks to queue
[2026-05-09T12:20:34.381+0000] {logging_mixin.py:188} INFO - [2026-05-09T12:20:34.381+0000] {dagbag.py:545} INFO - Filling up the DagBag from /home/vscode/.local/lib/python3.11/site-packages/airflow/example_dags/example_complex.py
[2026-05-09T12:20:34.389+0000] {processor.py:840} INFO - DAG(s) 'example_complex' retrieved from /home/vscode/.local/lib/python3.11/site-packages/airflow/example_dags/example_complex.py
[2026-05-09T12:20:34.408+0000] {logging_mixin.py:188} INFO - [2026-05-09T12:20:34.408+0000] {dag.py:3096} INFO - Sync 1 DAGs
[2026-05-09T12:20:34.417+0000] {logging_mixin.py:188} INFO - [2026-05-09T12:20:34.416+0000] {dag.py:3954} INFO - Setting next_dagrun for example_complex to None, run_after=None
[2026-05-09T12:20:34.437+0000] {processor.py:183} INFO - Processing /home/vscode/.local/lib/python3.11/site-packages/airflow/example_dags/example_complex.py took 0.063 seconds
[2026-05-09T12:21:34.671+0000] {processor.py:161} INFO - Started process (PID=41881) to work on /home/vscode/.local/lib/python3.11/site-packages/airflow/example_dags/example_complex.py
[2026-05-09T12:21:34.671+0000] {processor.py:830} INFO - Processing file /home/vscode/.local/lib/python3.11/site-packages/airflow/example_dags/example_complex.py for tasks to queue
[2026-05-09T12:21:34.672+0000] {logging_mixin.py:188} INFO - [2026-05-09T12:21:34.672+0000] {dagbag.py:545} INFO - Filling up the DagBag from /home/vscode/.local/lib/python3.11/site-packages/airflow/example_dags/example_complex.py
[2026-05-09T12:21:34.680+0000] {processor.py:840} INFO - DAG(s) 'example_complex' retrieved from /home/vscode/.local/lib/python3.11/site-packages/airflow/example_dags/example_complex.py
[2026-05-09T12:21:34.699+0000] {logging_mixin.py:188} INFO - [2026-05-09T12:21:34.699+0000] {dag.py:3096} INFO - Sync 1 DAGs
[2026-05-09T12:21:34.707+0000] {logging_mixin.py:188} INFO - [2026-05-09T12:21:34.707+0000] {dag.py:3954} INFO - Setting next_dagrun for example_complex to None, run_after=None
[2026-05-09T12:21:34.722+0000] {processor.py:183} INFO - Processing /home/vscode/.local/lib/python3.11/site-packages/airflow/example_dags/example_complex.py took 0.058 seconds
