[2026-05-09T11:18:58.520+0000] {processor.py:161} INFO - Started process (PID=7221) to work on /home/vscode/.local/lib/python3.11/site-packages/airflow/example_dags/example_sensor_decorator.py
[2026-05-09T11:18:58.520+0000] {processor.py:830} INFO - Processing file /home/vscode/.local/lib/python3.11/site-packages/airflow/example_dags/example_sensor_decorator.py for tasks to queue
[2026-05-09T11:18:58.521+0000] {logging_mixin.py:188} INFO - [2026-05-09T11:18:58.521+0000] {dagbag.py:545} INFO - Filling up the DagBag from /home/vscode/.local/lib/python3.11/site-packages/airflow/example_dags/example_sensor_decorator.py
[2026-05-09T11:18:58.525+0000] {processor.py:840} INFO - DAG(s) 'example_sensor_decorator' retrieved from /home/vscode/.local/lib/python3.11/site-packages/airflow/example_dags/example_sensor_decorator.py
[2026-05-09T11:18:58.674+0000] {logging_mixin.py:188} INFO - [2026-05-09T11:18:58.674+0000] {dag.py:3096} INFO - Sync 1 DAGs
[2026-05-09T11:18:58.679+0000] {logging_mixin.py:188} INFO - [2026-05-09T11:18:58.679+0000] {dag.py:3954} INFO - Setting next_dagrun for example_sensor_decorator to None, run_after=None
[2026-05-09T11:18:58.694+0000] {processor.py:183} INFO - Processing /home/vscode/.local/lib/python3.11/site-packages/airflow/example_dags/example_sensor_decorator.py took 0.180 seconds
[2026-05-09T11:19:58.048+0000] {processor.py:161} INFO - Started process (PID=7717) to work on /home/vscode/.local/lib/python3.11/site-packages/airflow/example_dags/example_sensor_decorator.py
[2026-05-09T11:19:58.048+0000] {processor.py:830} INFO - Processing file /home/vscode/.local/lib/python3.11/site-packages/airflow/example_dags/example_sensor_decorator.py for tasks to queue
[2026-05-09T11:19:58.049+0000] {logging_mixin.py:188} INFO - [2026-05-09T11:19:58.049+0000] {dagbag.py:545} INFO - Filling up the DagBag from /home/vscode/.local/lib/python3.11/site-packages/airflow/example_dags/example_sensor_decorator.py
[2026-05-09T11:19:58.053+0000] {processor.py:840} INFO - DAG(s) 'example_sensor_decorator' retrieved from /home/vscode/.local/lib/python3.11/site-packages/airflow/example_dags/example_sensor_decorator.py
[2026-05-09T11:19:58.065+0000] {logging_mixin.py:188} INFO - [2026-05-09T11:19:58.065+0000] {dag.py:3096} INFO - Sync 1 DAGs
[2026-05-09T11:19:58.174+0000] {logging_mixin.py:188} INFO - [2026-05-09T11:19:58.174+0000] {dag.py:3954} INFO - Setting next_dagrun for example_sensor_decorator to None, run_after=None
[2026-05-09T11:19:58.191+0000] {processor.py:183} INFO - Processing /home/vscode/.local/lib/python3.11/site-packages/airflow/example_dags/example_sensor_decorator.py took 0.149 seconds
[2026-05-09T11:20:50.441+0000] {processor.py:161} INFO - Started process (PID=8172) to work on /home/vscode/.local/lib/python3.11/site-packages/airflow/example_dags/example_sensor_decorator.py
[2026-05-09T11:20:50.442+0000] {processor.py:830} INFO - Processing file /home/vscode/.local/lib/python3.11/site-packages/airflow/example_dags/example_sensor_decorator.py for tasks to queue
[2026-05-09T11:20:50.443+0000] {logging_mixin.py:188} INFO - [2026-05-09T11:20:50.442+0000] {dagbag.py:545} INFO - Filling up the DagBag from /home/vscode/.local/lib/python3.11/site-packages/airflow/example_dags/example_sensor_decorator.py
[2026-05-09T11:20:50.447+0000] {processor.py:840} INFO - DAG(s) 'example_sensor_decorator' retrieved from /home/vscode/.local/lib/python3.11/site-packages/airflow/example_dags/example_sensor_decorator.py
[2026-05-09T11:20:50.458+0000] {logging_mixin.py:188} INFO - [2026-05-09T11:20:50.458+0000] {dag.py:3096} INFO - Sync 1 DAGs
[2026-05-09T11:20:50.466+0000] {logging_mixin.py:188} INFO - [2026-05-09T11:20:50.466+0000] {dag.py:3954} INFO - Setting next_dagrun for example_sensor_decorator to None, run_after=None
[2026-05-09T11:20:50.481+0000] {processor.py:183} INFO - Processing /home/vscode/.local/lib/python3.11/site-packages/airflow/example_dags/example_sensor_decorator.py took 0.046 seconds
[2026-05-09T11:21:41.007+0000] {processor.py:161} INFO - Started process (PID=8727) to work on /home/vscode/.local/lib/python3.11/site-packages/airflow/example_dags/example_sensor_decorator.py
[2026-05-09T11:21:41.008+0000] {processor.py:830} INFO - Processing file /home/vscode/.local/lib/python3.11/site-packages/airflow/example_dags/example_sensor_decorator.py for tasks to queue
[2026-05-09T11:21:41.008+0000] {logging_mixin.py:188} INFO - [2026-05-09T11:21:41.008+0000] {dagbag.py:545} INFO - Filling up the DagBag from /home/vscode/.local/lib/python3.11/site-packages/airflow/example_dags/example_sensor_decorator.py
[2026-05-09T11:21:41.013+0000] {processor.py:840} INFO - DAG(s) 'example_sensor_decorator' retrieved from /home/vscode/.local/lib/python3.11/site-packages/airflow/example_dags/example_sensor_decorator.py
[2026-05-09T11:21:41.025+0000] {logging_mixin.py:188} INFO - [2026-05-09T11:21:41.025+0000] {dag.py:3096} INFO - Sync 1 DAGs
[2026-05-09T11:21:41.036+0000] {logging_mixin.py:188} INFO - [2026-05-09T11:21:41.035+0000] {dag.py:3954} INFO - Setting next_dagrun for example_sensor_decorator to None, run_after=None
[2026-05-09T11:21:41.080+0000] {processor.py:183} INFO - Processing /home/vscode/.local/lib/python3.11/site-packages/airflow/example_dags/example_sensor_decorator.py took 0.077 seconds
[2026-05-09T11:22:39.253+0000] {processor.py:161} INFO - Started process (PID=9331) to work on /home/vscode/.local/lib/python3.11/site-packages/airflow/example_dags/example_sensor_decorator.py
[2026-05-09T11:22:39.254+0000] {processor.py:830} INFO - Processing file /home/vscode/.local/lib/python3.11/site-packages/airflow/example_dags/example_sensor_decorator.py for tasks to queue
[2026-05-09T11:22:39.254+0000] {logging_mixin.py:188} INFO - [2026-05-09T11:22:39.254+0000] {dagbag.py:545} INFO - Filling up the DagBag from /home/vscode/.local/lib/python3.11/site-packages/airflow/example_dags/example_sensor_decorator.py
[2026-05-09T11:22:39.259+0000] {processor.py:840} INFO - DAG(s) 'example_sensor_decorator' retrieved from /home/vscode/.local/lib/python3.11/site-packages/airflow/example_dags/example_sensor_decorator.py
[2026-05-09T11:22:39.270+0000] {logging_mixin.py:188} INFO - [2026-05-09T11:22:39.269+0000] {dag.py:3096} INFO - Sync 1 DAGs
[2026-05-09T11:22:39.277+0000] {logging_mixin.py:188} INFO - [2026-05-09T11:22:39.277+0000] {dag.py:3954} INFO - Setting next_dagrun for example_sensor_decorator to None, run_after=None
[2026-05-09T11:22:39.294+0000] {processor.py:183} INFO - Processing /home/vscode/.local/lib/python3.11/site-packages/airflow/example_dags/example_sensor_decorator.py took 0.047 seconds
[2026-05-09T11:23:35.977+0000] {processor.py:161} INFO - Started process (PID=10035) to work on /home/vscode/.local/lib/python3.11/site-packages/airflow/example_dags/example_sensor_decorator.py
[2026-05-09T11:23:35.978+0000] {processor.py:830} INFO - Processing file /home/vscode/.local/lib/python3.11/site-packages/airflow/example_dags/example_sensor_decorator.py for tasks to queue
[2026-05-09T11:23:35.978+0000] {logging_mixin.py:188} INFO - [2026-05-09T11:23:35.978+0000] {dagbag.py:545} INFO - Filling up the DagBag from /home/vscode/.local/lib/python3.11/site-packages/airflow/example_dags/example_sensor_decorator.py
[2026-05-09T11:23:35.989+0000] {processor.py:840} INFO - DAG(s) 'example_sensor_decorator' retrieved from /home/vscode/.local/lib/python3.11/site-packages/airflow/example_dags/example_sensor_decorator.py
[2026-05-09T11:23:36.006+0000] {logging_mixin.py:188} INFO - [2026-05-09T11:23:36.006+0000] {dag.py:3096} INFO - Sync 1 DAGs
[2026-05-09T11:23:36.019+0000] {logging_mixin.py:188} INFO - [2026-05-09T11:23:36.019+0000] {dag.py:3954} INFO - Setting next_dagrun for example_sensor_decorator to None, run_after=None
[2026-05-09T11:23:36.042+0000] {processor.py:183} INFO - Processing /home/vscode/.local/lib/python3.11/site-packages/airflow/example_dags/example_sensor_decorator.py took 0.076 seconds
[2026-05-09T11:24:35.974+0000] {processor.py:161} INFO - Started process (PID=10894) to work on /home/vscode/.local/lib/python3.11/site-packages/airflow/example_dags/example_sensor_decorator.py
[2026-05-09T11:24:35.974+0000] {processor.py:830} INFO - Processing file /home/vscode/.local/lib/python3.11/site-packages/airflow/example_dags/example_sensor_decorator.py for tasks to queue
[2026-05-09T11:24:35.975+0000] {logging_mixin.py:188} INFO - [2026-05-09T11:24:35.974+0000] {dagbag.py:545} INFO - Filling up the DagBag from /home/vscode/.local/lib/python3.11/site-packages/airflow/example_dags/example_sensor_decorator.py
[2026-05-09T11:24:35.979+0000] {processor.py:840} INFO - DAG(s) 'example_sensor_decorator' retrieved from /home/vscode/.local/lib/python3.11/site-packages/airflow/example_dags/example_sensor_decorator.py
[2026-05-09T11:24:35.992+0000] {logging_mixin.py:188} INFO - [2026-05-09T11:24:35.991+0000] {dag.py:3096} INFO - Sync 1 DAGs
[2026-05-09T11:24:36.009+0000] {logging_mixin.py:188} INFO - [2026-05-09T11:24:36.009+0000] {dag.py:3954} INFO - Setting next_dagrun for example_sensor_decorator to None, run_after=None
[2026-05-09T11:24:36.031+0000] {processor.py:183} INFO - Processing /home/vscode/.local/lib/python3.11/site-packages/airflow/example_dags/example_sensor_decorator.py took 0.064 seconds
[2026-05-09T11:25:20.608+0000] {processor.py:161} INFO - Started process (PID=11319) to work on /home/vscode/.local/lib/python3.11/site-packages/airflow/example_dags/example_sensor_decorator.py
[2026-05-09T11:25:20.608+0000] {processor.py:830} INFO - Processing file /home/vscode/.local/lib/python3.11/site-packages/airflow/example_dags/example_sensor_decorator.py for tasks to queue
[2026-05-09T11:25:20.609+0000] {logging_mixin.py:188} INFO - [2026-05-09T11:25:20.609+0000] {dagbag.py:545} INFO - Filling up the DagBag from /home/vscode/.local/lib/python3.11/site-packages/airflow/example_dags/example_sensor_decorator.py
[2026-05-09T11:25:20.613+0000] {processor.py:840} INFO - DAG(s) 'example_sensor_decorator' retrieved from /home/vscode/.local/lib/python3.11/site-packages/airflow/example_dags/example_sensor_decorator.py
[2026-05-09T11:25:20.625+0000] {logging_mixin.py:188} INFO - [2026-05-09T11:25:20.625+0000] {dag.py:3096} INFO - Sync 1 DAGs
[2026-05-09T11:25:20.634+0000] {logging_mixin.py:188} INFO - [2026-05-09T11:25:20.634+0000] {dag.py:3954} INFO - Setting next_dagrun for example_sensor_decorator to None, run_after=None
[2026-05-09T11:25:20.650+0000] {processor.py:183} INFO - Processing /home/vscode/.local/lib/python3.11/site-packages/airflow/example_dags/example_sensor_decorator.py took 0.048 seconds
[2026-05-09T11:26:20.017+0000] {processor.py:161} INFO - Started process (PID=11841) to work on /home/vscode/.local/lib/python3.11/site-packages/airflow/example_dags/example_sensor_decorator.py
[2026-05-09T11:26:20.018+0000] {processor.py:830} INFO - Processing file /home/vscode/.local/lib/python3.11/site-packages/airflow/example_dags/example_sensor_decorator.py for tasks to queue
[2026-05-09T11:26:20.018+0000] {logging_mixin.py:188} INFO - [2026-05-09T11:26:20.018+0000] {dagbag.py:545} INFO - Filling up the DagBag from /home/vscode/.local/lib/python3.11/site-packages/airflow/example_dags/example_sensor_decorator.py
[2026-05-09T11:26:20.023+0000] {processor.py:840} INFO - DAG(s) 'example_sensor_decorator' retrieved from /home/vscode/.local/lib/python3.11/site-packages/airflow/example_dags/example_sensor_decorator.py
[2026-05-09T11:26:20.034+0000] {logging_mixin.py:188} INFO - [2026-05-09T11:26:20.034+0000] {dag.py:3096} INFO - Sync 1 DAGs
[2026-05-09T11:26:20.042+0000] {logging_mixin.py:188} INFO - [2026-05-09T11:26:20.042+0000] {dag.py:3954} INFO - Setting next_dagrun for example_sensor_decorator to None, run_after=None
[2026-05-09T11:26:20.058+0000] {processor.py:183} INFO - Processing /home/vscode/.local/lib/python3.11/site-packages/airflow/example_dags/example_sensor_decorator.py took 0.047 seconds
[2026-05-09T11:27:19.530+0000] {processor.py:161} INFO - Started process (PID=12546) to work on /home/vscode/.local/lib/python3.11/site-packages/airflow/example_dags/example_sensor_decorator.py
[2026-05-09T11:27:19.531+0000] {processor.py:830} INFO - Processing file /home/vscode/.local/lib/python3.11/site-packages/airflow/example_dags/example_sensor_decorator.py for tasks to queue
[2026-05-09T11:27:19.532+0000] {logging_mixin.py:188} INFO - [2026-05-09T11:27:19.531+0000] {dagbag.py:545} INFO - Filling up the DagBag from /home/vscode/.local/lib/python3.11/site-packages/airflow/example_dags/example_sensor_decorator.py
[2026-05-09T11:27:19.536+0000] {processor.py:840} INFO - DAG(s) 'example_sensor_decorator' retrieved from /home/vscode/.local/lib/python3.11/site-packages/airflow/example_dags/example_sensor_decorator.py
[2026-05-09T11:27:19.547+0000] {logging_mixin.py:188} INFO - [2026-05-09T11:27:19.547+0000] {dag.py:3096} INFO - Sync 1 DAGs
[2026-05-09T11:27:19.555+0000] {logging_mixin.py:188} INFO - [2026-05-09T11:27:19.555+0000] {dag.py:3954} INFO - Setting next_dagrun for example_sensor_decorator to None, run_after=None
[2026-05-09T11:27:19.573+0000] {processor.py:183} INFO - Processing /home/vscode/.local/lib/python3.11/site-packages/airflow/example_dags/example_sensor_decorator.py took 0.049 seconds
[2026-05-09T11:28:19.160+0000] {processor.py:161} INFO - Started process (PID=13236) to work on /home/vscode/.local/lib/python3.11/site-packages/airflow/example_dags/example_sensor_decorator.py
[2026-05-09T11:28:19.161+0000] {processor.py:830} INFO - Processing file /home/vscode/.local/lib/python3.11/site-packages/airflow/example_dags/example_sensor_decorator.py for tasks to queue
[2026-05-09T11:28:19.161+0000] {logging_mixin.py:188} INFO - [2026-05-09T11:28:19.161+0000] {dagbag.py:545} INFO - Filling up the DagBag from /home/vscode/.local/lib/python3.11/site-packages/airflow/example_dags/example_sensor_decorator.py
[2026-05-09T11:28:19.165+0000] {processor.py:840} INFO - DAG(s) 'example_sensor_decorator' retrieved from /home/vscode/.local/lib/python3.11/site-packages/airflow/example_dags/example_sensor_decorator.py
[2026-05-09T11:28:19.176+0000] {logging_mixin.py:188} INFO - [2026-05-09T11:28:19.176+0000] {dag.py:3096} INFO - Sync 1 DAGs
[2026-05-09T11:28:19.184+0000] {logging_mixin.py:188} INFO - [2026-05-09T11:28:19.184+0000] {dag.py:3954} INFO - Setting next_dagrun for example_sensor_decorator to None, run_after=None
[2026-05-09T11:28:19.200+0000] {processor.py:183} INFO - Processing /home/vscode/.local/lib/python3.11/site-packages/airflow/example_dags/example_sensor_decorator.py took 0.046 seconds
[2026-05-09T11:29:19.995+0000] {processor.py:161} INFO - Started process (PID=13885) to work on /home/vscode/.local/lib/python3.11/site-packages/airflow/example_dags/example_sensor_decorator.py
[2026-05-09T11:29:19.995+0000] {processor.py:830} INFO - Processing file /home/vscode/.local/lib/python3.11/site-packages/airflow/example_dags/example_sensor_decorator.py for tasks to queue
[2026-05-09T11:29:19.996+0000] {logging_mixin.py:188} INFO - [2026-05-09T11:29:19.995+0000] {dagbag.py:545} INFO - Filling up the DagBag from /home/vscode/.local/lib/python3.11/site-packages/airflow/example_dags/example_sensor_decorator.py
[2026-05-09T11:29:20.000+0000] {processor.py:840} INFO - DAG(s) 'example_sensor_decorator' retrieved from /home/vscode/.local/lib/python3.11/site-packages/airflow/example_dags/example_sensor_decorator.py
[2026-05-09T11:29:20.011+0000] {logging_mixin.py:188} INFO - [2026-05-09T11:29:20.011+0000] {dag.py:3096} INFO - Sync 1 DAGs
[2026-05-09T11:29:20.018+0000] {logging_mixin.py:188} INFO - [2026-05-09T11:29:20.018+0000] {dag.py:3954} INFO - Setting next_dagrun for example_sensor_decorator to None, run_after=None
[2026-05-09T11:29:20.034+0000] {processor.py:183} INFO - Processing /home/vscode/.local/lib/python3.11/site-packages/airflow/example_dags/example_sensor_decorator.py took 0.046 seconds
[2026-05-09T11:30:04.587+0000] {processor.py:161} INFO - Started process (PID=14313) to work on /home/vscode/.local/lib/python3.11/site-packages/airflow/example_dags/example_sensor_decorator.py
[2026-05-09T11:30:04.588+0000] {processor.py:830} INFO - Processing file /home/vscode/.local/lib/python3.11/site-packages/airflow/example_dags/example_sensor_decorator.py for tasks to queue
[2026-05-09T11:30:04.589+0000] {logging_mixin.py:188} INFO - [2026-05-09T11:30:04.589+0000] {dagbag.py:545} INFO - Filling up the DagBag from /home/vscode/.local/lib/python3.11/site-packages/airflow/example_dags/example_sensor_decorator.py
[2026-05-09T11:30:04.595+0000] {processor.py:840} INFO - DAG(s) 'example_sensor_decorator' retrieved from /home/vscode/.local/lib/python3.11/site-packages/airflow/example_dags/example_sensor_decorator.py
[2026-05-09T11:30:04.610+0000] {logging_mixin.py:188} INFO - [2026-05-09T11:30:04.610+0000] {dag.py:3096} INFO - Sync 1 DAGs
[2026-05-09T11:30:04.636+0000] {logging_mixin.py:188} INFO - [2026-05-09T11:30:04.636+0000] {dag.py:3954} INFO - Setting next_dagrun for example_sensor_decorator to None, run_after=None
[2026-05-09T11:30:04.655+0000] {processor.py:183} INFO - Processing /home/vscode/.local/lib/python3.11/site-packages/airflow/example_dags/example_sensor_decorator.py took 0.078 seconds
[2026-05-09T11:31:03.592+0000] {processor.py:161} INFO - Started process (PID=15085) to work on /home/vscode/.local/lib/python3.11/site-packages/airflow/example_dags/example_sensor_decorator.py
[2026-05-09T11:31:03.593+0000] {processor.py:830} INFO - Processing file /home/vscode/.local/lib/python3.11/site-packages/airflow/example_dags/example_sensor_decorator.py for tasks to queue
[2026-05-09T11:31:03.594+0000] {logging_mixin.py:188} INFO - [2026-05-09T11:31:03.593+0000] {dagbag.py:545} INFO - Filling up the DagBag from /home/vscode/.local/lib/python3.11/site-packages/airflow/example_dags/example_sensor_decorator.py
[2026-05-09T11:31:03.600+0000] {processor.py:840} INFO - DAG(s) 'example_sensor_decorator' retrieved from /home/vscode/.local/lib/python3.11/site-packages/airflow/example_dags/example_sensor_decorator.py
[2026-05-09T11:31:03.616+0000] {logging_mixin.py:188} INFO - [2026-05-09T11:31:03.616+0000] {dag.py:3096} INFO - Sync 1 DAGs
[2026-05-09T11:31:03.626+0000] {logging_mixin.py:188} INFO - [2026-05-09T11:31:03.626+0000] {dag.py:3954} INFO - Setting next_dagrun for example_sensor_decorator to None, run_after=None
[2026-05-09T11:31:03.642+0000] {processor.py:183} INFO - Processing /home/vscode/.local/lib/python3.11/site-packages/airflow/example_dags/example_sensor_decorator.py took 0.056 seconds
[2026-05-09T11:32:07.202+0000] {processor.py:161} INFO - Started process (PID=15741) to work on /home/vscode/.local/lib/python3.11/site-packages/airflow/example_dags/example_sensor_decorator.py
[2026-05-09T11:32:07.203+0000] {processor.py:830} INFO - Processing file /home/vscode/.local/lib/python3.11/site-packages/airflow/example_dags/example_sensor_decorator.py for tasks to queue
[2026-05-09T11:32:07.204+0000] {logging_mixin.py:188} INFO - [2026-05-09T11:32:07.203+0000] {dagbag.py:545} INFO - Filling up the DagBag from /home/vscode/.local/lib/python3.11/site-packages/airflow/example_dags/example_sensor_decorator.py
[2026-05-09T11:32:07.208+0000] {processor.py:840} INFO - DAG(s) 'example_sensor_decorator' retrieved from /home/vscode/.local/lib/python3.11/site-packages/airflow/example_dags/example_sensor_decorator.py
[2026-05-09T11:32:07.219+0000] {logging_mixin.py:188} INFO - [2026-05-09T11:32:07.219+0000] {dag.py:3096} INFO - Sync 1 DAGs
[2026-05-09T11:32:07.230+0000] {logging_mixin.py:188} INFO - [2026-05-09T11:32:07.230+0000] {dag.py:3954} INFO - Setting next_dagrun for example_sensor_decorator to None, run_after=None
[2026-05-09T11:32:07.246+0000] {processor.py:183} INFO - Processing /home/vscode/.local/lib/python3.11/site-packages/airflow/example_dags/example_sensor_decorator.py took 0.050 seconds
[2026-05-09T11:32:52.527+0000] {processor.py:161} INFO - Started process (PID=16123) to work on /home/vscode/.local/lib/python3.11/site-packages/airflow/example_dags/example_sensor_decorator.py
[2026-05-09T11:32:52.528+0000] {processor.py:830} INFO - Processing file /home/vscode/.local/lib/python3.11/site-packages/airflow/example_dags/example_sensor_decorator.py for tasks to queue
[2026-05-09T11:32:52.528+0000] {logging_mixin.py:188} INFO - [2026-05-09T11:32:52.528+0000] {dagbag.py:545} INFO - Filling up the DagBag from /home/vscode/.local/lib/python3.11/site-packages/airflow/example_dags/example_sensor_decorator.py
[2026-05-09T11:32:52.533+0000] {processor.py:840} INFO - DAG(s) 'example_sensor_decorator' retrieved from /home/vscode/.local/lib/python3.11/site-packages/airflow/example_dags/example_sensor_decorator.py
[2026-05-09T11:32:52.548+0000] {logging_mixin.py:188} INFO - [2026-05-09T11:32:52.548+0000] {dag.py:3096} INFO - Sync 1 DAGs
[2026-05-09T11:32:52.558+0000] {logging_mixin.py:188} INFO - [2026-05-09T11:32:52.558+0000] {dag.py:3954} INFO - Setting next_dagrun for example_sensor_decorator to None, run_after=None
[2026-05-09T11:32:52.574+0000] {processor.py:183} INFO - Processing /home/vscode/.local/lib/python3.11/site-packages/airflow/example_dags/example_sensor_decorator.py took 0.054 seconds
[2026-05-09T11:33:35.147+0000] {processor.py:161} INFO - Started process (PID=16503) to work on /home/vscode/.local/lib/python3.11/site-packages/airflow/example_dags/example_sensor_decorator.py
[2026-05-09T11:33:35.152+0000] {processor.py:830} INFO - Processing file /home/vscode/.local/lib/python3.11/site-packages/airflow/example_dags/example_sensor_decorator.py for tasks to queue
[2026-05-09T11:33:35.157+0000] {logging_mixin.py:188} INFO - [2026-05-09T11:33:35.153+0000] {dagbag.py:545} INFO - Filling up the DagBag from /home/vscode/.local/lib/python3.11/site-packages/airflow/example_dags/example_sensor_decorator.py
[2026-05-09T11:33:35.178+0000] {processor.py:840} INFO - DAG(s) 'example_sensor_decorator' retrieved from /home/vscode/.local/lib/python3.11/site-packages/airflow/example_dags/example_sensor_decorator.py
[2026-05-09T11:33:35.246+0000] {logging_mixin.py:188} INFO - [2026-05-09T11:33:35.242+0000] {dag.py:3096} INFO - Sync 1 DAGs
[2026-05-09T11:33:35.280+0000] {logging_mixin.py:188} INFO - [2026-05-09T11:33:35.280+0000] {dag.py:3954} INFO - Setting next_dagrun for example_sensor_decorator to None, run_after=None
[2026-05-09T11:33:35.318+0000] {processor.py:183} INFO - Processing /home/vscode/.local/lib/python3.11/site-packages/airflow/example_dags/example_sensor_decorator.py took 0.213 seconds
[2026-05-09T11:34:37.160+0000] {processor.py:161} INFO - Started process (PID=17088) to work on /home/vscode/.local/lib/python3.11/site-packages/airflow/example_dags/example_sensor_decorator.py
[2026-05-09T11:34:37.160+0000] {processor.py:830} INFO - Processing file /home/vscode/.local/lib/python3.11/site-packages/airflow/example_dags/example_sensor_decorator.py for tasks to queue
[2026-05-09T11:34:37.161+0000] {logging_mixin.py:188} INFO - [2026-05-09T11:34:37.160+0000] {dagbag.py:545} INFO - Filling up the DagBag from /home/vscode/.local/lib/python3.11/site-packages/airflow/example_dags/example_sensor_decorator.py
[2026-05-09T11:34:37.165+0000] {processor.py:840} INFO - DAG(s) 'example_sensor_decorator' retrieved from /home/vscode/.local/lib/python3.11/site-packages/airflow/example_dags/example_sensor_decorator.py
[2026-05-09T11:34:37.177+0000] {logging_mixin.py:188} INFO - [2026-05-09T11:34:37.177+0000] {dag.py:3096} INFO - Sync 1 DAGs
[2026-05-09T11:34:37.187+0000] {logging_mixin.py:188} INFO - [2026-05-09T11:34:37.187+0000] {dag.py:3954} INFO - Setting next_dagrun for example_sensor_decorator to None, run_after=None
[2026-05-09T11:34:37.204+0000] {processor.py:183} INFO - Processing /home/vscode/.local/lib/python3.11/site-packages/airflow/example_dags/example_sensor_decorator.py took 0.051 seconds
[2026-05-09T11:35:37.559+0000] {processor.py:161} INFO - Started process (PID=17596) to work on /home/vscode/.local/lib/python3.11/site-packages/airflow/example_dags/example_sensor_decorator.py
[2026-05-09T11:35:37.559+0000] {processor.py:830} INFO - Processing file /home/vscode/.local/lib/python3.11/site-packages/airflow/example_dags/example_sensor_decorator.py for tasks to queue
[2026-05-09T11:35:37.560+0000] {logging_mixin.py:188} INFO - [2026-05-09T11:35:37.560+0000] {dagbag.py:545} INFO - Filling up the DagBag from /home/vscode/.local/lib/python3.11/site-packages/airflow/example_dags/example_sensor_decorator.py
[2026-05-09T11:35:37.569+0000] {processor.py:840} INFO - DAG(s) 'example_sensor_decorator' retrieved from /home/vscode/.local/lib/python3.11/site-packages/airflow/example_dags/example_sensor_decorator.py
[2026-05-09T11:35:37.582+0000] {logging_mixin.py:188} INFO - [2026-05-09T11:35:37.582+0000] {dag.py:3096} INFO - Sync 1 DAGs
[2026-05-09T11:35:37.590+0000] {logging_mixin.py:188} INFO - [2026-05-09T11:35:37.590+0000] {dag.py:3954} INFO - Setting next_dagrun for example_sensor_decorator to None, run_after=None
[2026-05-09T11:35:37.620+0000] {processor.py:183} INFO - Processing /home/vscode/.local/lib/python3.11/site-packages/airflow/example_dags/example_sensor_decorator.py took 0.074 seconds
[2026-05-09T11:36:37.102+0000] {processor.py:161} INFO - Started process (PID=18092) to work on /home/vscode/.local/lib/python3.11/site-packages/airflow/example_dags/example_sensor_decorator.py
[2026-05-09T11:36:37.102+0000] {processor.py:830} INFO - Processing file /home/vscode/.local/lib/python3.11/site-packages/airflow/example_dags/example_sensor_decorator.py for tasks to queue
[2026-05-09T11:36:37.103+0000] {logging_mixin.py:188} INFO - [2026-05-09T11:36:37.103+0000] {dagbag.py:545} INFO - Filling up the DagBag from /home/vscode/.local/lib/python3.11/site-packages/airflow/example_dags/example_sensor_decorator.py
[2026-05-09T11:36:37.108+0000] {processor.py:840} INFO - DAG(s) 'example_sensor_decorator' retrieved from /home/vscode/.local/lib/python3.11/site-packages/airflow/example_dags/example_sensor_decorator.py
[2026-05-09T11:36:37.119+0000] {logging_mixin.py:188} INFO - [2026-05-09T11:36:37.119+0000] {dag.py:3096} INFO - Sync 1 DAGs
[2026-05-09T11:36:37.127+0000] {logging_mixin.py:188} INFO - [2026-05-09T11:36:37.127+0000] {dag.py:3954} INFO - Setting next_dagrun for example_sensor_decorator to None, run_after=None
[2026-05-09T11:36:37.144+0000] {processor.py:183} INFO - Processing /home/vscode/.local/lib/python3.11/site-packages/airflow/example_dags/example_sensor_decorator.py took 0.049 seconds
[2026-05-09T11:37:39.492+0000] {processor.py:161} INFO - Started process (PID=18843) to work on /home/vscode/.local/lib/python3.11/site-packages/airflow/example_dags/example_sensor_decorator.py
[2026-05-09T11:37:39.493+0000] {processor.py:830} INFO - Processing file /home/vscode/.local/lib/python3.11/site-packages/airflow/example_dags/example_sensor_decorator.py for tasks to queue
[2026-05-09T11:37:39.493+0000] {logging_mixin.py:188} INFO - [2026-05-09T11:37:39.493+0000] {dagbag.py:545} INFO - Filling up the DagBag from /home/vscode/.local/lib/python3.11/site-packages/airflow/example_dags/example_sensor_decorator.py
[2026-05-09T11:37:39.498+0000] {processor.py:840} INFO - DAG(s) 'example_sensor_decorator' retrieved from /home/vscode/.local/lib/python3.11/site-packages/airflow/example_dags/example_sensor_decorator.py
[2026-05-09T11:37:39.509+0000] {logging_mixin.py:188} INFO - [2026-05-09T11:37:39.509+0000] {dag.py:3096} INFO - Sync 1 DAGs
[2026-05-09T11:37:39.517+0000] {logging_mixin.py:188} INFO - [2026-05-09T11:37:39.517+0000] {dag.py:3954} INFO - Setting next_dagrun for example_sensor_decorator to None, run_after=None
[2026-05-09T11:37:39.533+0000] {processor.py:183} INFO - Processing /home/vscode/.local/lib/python3.11/site-packages/airflow/example_dags/example_sensor_decorator.py took 0.047 seconds
[2026-05-09T11:38:41.853+0000] {processor.py:161} INFO - Started process (PID=19567) to work on /home/vscode/.local/lib/python3.11/site-packages/airflow/example_dags/example_sensor_decorator.py
[2026-05-09T11:38:41.854+0000] {processor.py:830} INFO - Processing file /home/vscode/.local/lib/python3.11/site-packages/airflow/example_dags/example_sensor_decorator.py for tasks to queue
[2026-05-09T11:38:41.854+0000] {logging_mixin.py:188} INFO - [2026-05-09T11:38:41.854+0000] {dagbag.py:545} INFO - Filling up the DagBag from /home/vscode/.local/lib/python3.11/site-packages/airflow/example_dags/example_sensor_decorator.py
[2026-05-09T11:38:41.859+0000] {processor.py:840} INFO - DAG(s) 'example_sensor_decorator' retrieved from /home/vscode/.local/lib/python3.11/site-packages/airflow/example_dags/example_sensor_decorator.py
[2026-05-09T11:38:41.870+0000] {logging_mixin.py:188} INFO - [2026-05-09T11:38:41.869+0000] {dag.py:3096} INFO - Sync 1 DAGs
[2026-05-09T11:38:41.878+0000] {logging_mixin.py:188} INFO - [2026-05-09T11:38:41.878+0000] {dag.py:3954} INFO - Setting next_dagrun for example_sensor_decorator to None, run_after=None
[2026-05-09T11:38:41.895+0000] {processor.py:183} INFO - Processing /home/vscode/.local/lib/python3.11/site-packages/airflow/example_dags/example_sensor_decorator.py took 0.049 seconds
[2026-05-09T11:39:41.035+0000] {processor.py:161} INFO - Started process (PID=20347) to work on /home/vscode/.local/lib/python3.11/site-packages/airflow/example_dags/example_sensor_decorator.py
[2026-05-09T11:39:41.035+0000] {processor.py:830} INFO - Processing file /home/vscode/.local/lib/python3.11/site-packages/airflow/example_dags/example_sensor_decorator.py for tasks to queue
[2026-05-09T11:39:41.036+0000] {logging_mixin.py:188} INFO - [2026-05-09T11:39:41.036+0000] {dagbag.py:545} INFO - Filling up the DagBag from /home/vscode/.local/lib/python3.11/site-packages/airflow/example_dags/example_sensor_decorator.py
[2026-05-09T11:39:41.040+0000] {processor.py:840} INFO - DAG(s) 'example_sensor_decorator' retrieved from /home/vscode/.local/lib/python3.11/site-packages/airflow/example_dags/example_sensor_decorator.py
[2026-05-09T11:39:41.052+0000] {logging_mixin.py:188} INFO - [2026-05-09T11:39:41.052+0000] {dag.py:3096} INFO - Sync 1 DAGs
[2026-05-09T11:39:41.061+0000] {logging_mixin.py:188} INFO - [2026-05-09T11:39:41.060+0000] {dag.py:3954} INFO - Setting next_dagrun for example_sensor_decorator to None, run_after=None
[2026-05-09T11:39:41.077+0000] {processor.py:183} INFO - Processing /home/vscode/.local/lib/python3.11/site-packages/airflow/example_dags/example_sensor_decorator.py took 0.049 seconds
[2026-05-09T11:40:43.055+0000] {processor.py:161} INFO - Started process (PID=20812) to work on /home/vscode/.local/lib/python3.11/site-packages/airflow/example_dags/example_sensor_decorator.py
[2026-05-09T11:40:43.056+0000] {processor.py:830} INFO - Processing file /home/vscode/.local/lib/python3.11/site-packages/airflow/example_dags/example_sensor_decorator.py for tasks to queue
[2026-05-09T11:40:43.057+0000] {logging_mixin.py:188} INFO - [2026-05-09T11:40:43.057+0000] {dagbag.py:545} INFO - Filling up the DagBag from /home/vscode/.local/lib/python3.11/site-packages/airflow/example_dags/example_sensor_decorator.py
[2026-05-09T11:40:43.063+0000] {processor.py:840} INFO - DAG(s) 'example_sensor_decorator' retrieved from /home/vscode/.local/lib/python3.11/site-packages/airflow/example_dags/example_sensor_decorator.py
[2026-05-09T11:40:43.074+0000] {logging_mixin.py:188} INFO - [2026-05-09T11:40:43.074+0000] {dag.py:3096} INFO - Sync 1 DAGs
[2026-05-09T11:40:43.083+0000] {logging_mixin.py:188} INFO - [2026-05-09T11:40:43.083+0000] {dag.py:3954} INFO - Setting next_dagrun for example_sensor_decorator to None, run_after=None
[2026-05-09T11:40:43.099+0000] {processor.py:183} INFO - Processing /home/vscode/.local/lib/python3.11/site-packages/airflow/example_dags/example_sensor_decorator.py took 0.053 seconds
[2026-05-09T11:41:27.368+0000] {processor.py:161} INFO - Started process (PID=21297) to work on /home/vscode/.local/lib/python3.11/site-packages/airflow/example_dags/example_sensor_decorator.py
[2026-05-09T11:41:27.369+0000] {processor.py:830} INFO - Processing file /home/vscode/.local/lib/python3.11/site-packages/airflow/example_dags/example_sensor_decorator.py for tasks to queue
[2026-05-09T11:41:27.370+0000] {logging_mixin.py:188} INFO - [2026-05-09T11:41:27.369+0000] {dagbag.py:545} INFO - Filling up the DagBag from /home/vscode/.local/lib/python3.11/site-packages/airflow/example_dags/example_sensor_decorator.py
[2026-05-09T11:41:27.374+0000] {processor.py:840} INFO - DAG(s) 'example_sensor_decorator' retrieved from /home/vscode/.local/lib/python3.11/site-packages/airflow/example_dags/example_sensor_decorator.py
[2026-05-09T11:41:27.390+0000] {logging_mixin.py:188} INFO - [2026-05-09T11:41:27.389+0000] {dag.py:3096} INFO - Sync 1 DAGs
[2026-05-09T11:41:27.405+0000] {logging_mixin.py:188} INFO - [2026-05-09T11:41:27.404+0000] {dag.py:3954} INFO - Setting next_dagrun for example_sensor_decorator to None, run_after=None
[2026-05-09T11:41:27.435+0000] {processor.py:183} INFO - Processing /home/vscode/.local/lib/python3.11/site-packages/airflow/example_dags/example_sensor_decorator.py took 0.073 seconds
[2026-05-09T11:42:12.063+0000] {processor.py:161} INFO - Started process (PID=21685) to work on /home/vscode/.local/lib/python3.11/site-packages/airflow/example_dags/example_sensor_decorator.py
[2026-05-09T11:42:12.063+0000] {processor.py:830} INFO - Processing file /home/vscode/.local/lib/python3.11/site-packages/airflow/example_dags/example_sensor_decorator.py for tasks to queue
[2026-05-09T11:42:12.064+0000] {logging_mixin.py:188} INFO - [2026-05-09T11:42:12.064+0000] {dagbag.py:545} INFO - Filling up the DagBag from /home/vscode/.local/lib/python3.11/site-packages/airflow/example_dags/example_sensor_decorator.py
[2026-05-09T11:42:12.068+0000] {processor.py:840} INFO - DAG(s) 'example_sensor_decorator' retrieved from /home/vscode/.local/lib/python3.11/site-packages/airflow/example_dags/example_sensor_decorator.py
[2026-05-09T11:42:12.079+0000] {logging_mixin.py:188} INFO - [2026-05-09T11:42:12.079+0000] {dag.py:3096} INFO - Sync 1 DAGs
[2026-05-09T11:42:12.087+0000] {logging_mixin.py:188} INFO - [2026-05-09T11:42:12.087+0000] {dag.py:3954} INFO - Setting next_dagrun for example_sensor_decorator to None, run_after=None
[2026-05-09T11:42:12.104+0000] {processor.py:183} INFO - Processing /home/vscode/.local/lib/python3.11/site-packages/airflow/example_dags/example_sensor_decorator.py took 0.047 seconds
[2026-05-09T11:42:55.856+0000] {processor.py:161} INFO - Started process (PID=22074) to work on /home/vscode/.local/lib/python3.11/site-packages/airflow/example_dags/example_sensor_decorator.py
[2026-05-09T11:42:55.857+0000] {processor.py:830} INFO - Processing file /home/vscode/.local/lib/python3.11/site-packages/airflow/example_dags/example_sensor_decorator.py for tasks to queue
[2026-05-09T11:42:55.858+0000] {logging_mixin.py:188} INFO - [2026-05-09T11:42:55.857+0000] {dagbag.py:545} INFO - Filling up the DagBag from /home/vscode/.local/lib/python3.11/site-packages/airflow/example_dags/example_sensor_decorator.py
[2026-05-09T11:42:55.862+0000] {processor.py:840} INFO - DAG(s) 'example_sensor_decorator' retrieved from /home/vscode/.local/lib/python3.11/site-packages/airflow/example_dags/example_sensor_decorator.py
[2026-05-09T11:42:55.874+0000] {logging_mixin.py:188} INFO - [2026-05-09T11:42:55.874+0000] {dag.py:3096} INFO - Sync 1 DAGs
[2026-05-09T11:42:55.883+0000] {logging_mixin.py:188} INFO - [2026-05-09T11:42:55.883+0000] {dag.py:3954} INFO - Setting next_dagrun for example_sensor_decorator to None, run_after=None
[2026-05-09T11:42:55.901+0000] {processor.py:183} INFO - Processing /home/vscode/.local/lib/python3.11/site-packages/airflow/example_dags/example_sensor_decorator.py took 0.051 seconds
[2026-05-09T11:43:40.738+0000] {processor.py:161} INFO - Started process (PID=22527) to work on /home/vscode/.local/lib/python3.11/site-packages/airflow/example_dags/example_sensor_decorator.py
[2026-05-09T11:43:40.738+0000] {processor.py:830} INFO - Processing file /home/vscode/.local/lib/python3.11/site-packages/airflow/example_dags/example_sensor_decorator.py for tasks to queue
[2026-05-09T11:43:40.739+0000] {logging_mixin.py:188} INFO - [2026-05-09T11:43:40.739+0000] {dagbag.py:545} INFO - Filling up the DagBag from /home/vscode/.local/lib/python3.11/site-packages/airflow/example_dags/example_sensor_decorator.py
[2026-05-09T11:43:40.744+0000] {processor.py:840} INFO - DAG(s) 'example_sensor_decorator' retrieved from /home/vscode/.local/lib/python3.11/site-packages/airflow/example_dags/example_sensor_decorator.py
[2026-05-09T11:43:40.757+0000] {logging_mixin.py:188} INFO - [2026-05-09T11:43:40.757+0000] {dag.py:3096} INFO - Sync 1 DAGs
[2026-05-09T11:43:40.767+0000] {logging_mixin.py:188} INFO - [2026-05-09T11:43:40.767+0000] {dag.py:3954} INFO - Setting next_dagrun for example_sensor_decorator to None, run_after=None
[2026-05-09T11:43:40.786+0000] {processor.py:183} INFO - Processing /home/vscode/.local/lib/python3.11/site-packages/airflow/example_dags/example_sensor_decorator.py took 0.054 seconds
[2026-05-09T11:44:38.996+0000] {processor.py:161} INFO - Started process (PID=23015) to work on /home/vscode/.local/lib/python3.11/site-packages/airflow/example_dags/example_sensor_decorator.py
[2026-05-09T11:44:38.997+0000] {processor.py:830} INFO - Processing file /home/vscode/.local/lib/python3.11/site-packages/airflow/example_dags/example_sensor_decorator.py for tasks to queue
[2026-05-09T11:44:38.997+0000] {logging_mixin.py:188} INFO - [2026-05-09T11:44:38.997+0000] {dagbag.py:545} INFO - Filling up the DagBag from /home/vscode/.local/lib/python3.11/site-packages/airflow/example_dags/example_sensor_decorator.py
[2026-05-09T11:44:39.001+0000] {processor.py:840} INFO - DAG(s) 'example_sensor_decorator' retrieved from /home/vscode/.local/lib/python3.11/site-packages/airflow/example_dags/example_sensor_decorator.py
[2026-05-09T11:44:39.012+0000] {logging_mixin.py:188} INFO - [2026-05-09T11:44:39.012+0000] {dag.py:3096} INFO - Sync 1 DAGs
[2026-05-09T11:44:39.020+0000] {logging_mixin.py:188} INFO - [2026-05-09T11:44:39.020+0000] {dag.py:3954} INFO - Setting next_dagrun for example_sensor_decorator to None, run_after=None
[2026-05-09T11:44:39.036+0000] {processor.py:183} INFO - Processing /home/vscode/.local/lib/python3.11/site-packages/airflow/example_dags/example_sensor_decorator.py took 0.046 seconds
[2026-05-09T11:45:25.170+0000] {processor.py:161} INFO - Started process (PID=23358) to work on /home/vscode/.local/lib/python3.11/site-packages/airflow/example_dags/example_sensor_decorator.py
[2026-05-09T11:45:25.170+0000] {processor.py:830} INFO - Processing file /home/vscode/.local/lib/python3.11/site-packages/airflow/example_dags/example_sensor_decorator.py for tasks to queue
[2026-05-09T11:45:25.171+0000] {logging_mixin.py:188} INFO - [2026-05-09T11:45:25.171+0000] {dagbag.py:545} INFO - Filling up the DagBag from /home/vscode/.local/lib/python3.11/site-packages/airflow/example_dags/example_sensor_decorator.py
[2026-05-09T11:45:25.176+0000] {processor.py:840} INFO - DAG(s) 'example_sensor_decorator' retrieved from /home/vscode/.local/lib/python3.11/site-packages/airflow/example_dags/example_sensor_decorator.py
[2026-05-09T11:45:25.202+0000] {logging_mixin.py:188} INFO - [2026-05-09T11:45:25.202+0000] {dag.py:3096} INFO - Sync 1 DAGs
[2026-05-09T11:45:25.213+0000] {logging_mixin.py:188} INFO - [2026-05-09T11:45:25.213+0000] {dag.py:3954} INFO - Setting next_dagrun for example_sensor_decorator to None, run_after=None
[2026-05-09T11:45:25.229+0000] {processor.py:183} INFO - Processing /home/vscode/.local/lib/python3.11/site-packages/airflow/example_dags/example_sensor_decorator.py took 0.066 seconds
[2026-05-09T11:46:08.473+0000] {processor.py:161} INFO - Started process (PID=23733) to work on /home/vscode/.local/lib/python3.11/site-packages/airflow/example_dags/example_sensor_decorator.py
[2026-05-09T11:46:08.473+0000] {processor.py:830} INFO - Processing file /home/vscode/.local/lib/python3.11/site-packages/airflow/example_dags/example_sensor_decorator.py for tasks to queue
[2026-05-09T11:46:08.474+0000] {logging_mixin.py:188} INFO - [2026-05-09T11:46:08.473+0000] {dagbag.py:545} INFO - Filling up the DagBag from /home/vscode/.local/lib/python3.11/site-packages/airflow/example_dags/example_sensor_decorator.py
[2026-05-09T11:46:08.478+0000] {processor.py:840} INFO - DAG(s) 'example_sensor_decorator' retrieved from /home/vscode/.local/lib/python3.11/site-packages/airflow/example_dags/example_sensor_decorator.py
[2026-05-09T11:46:08.492+0000] {logging_mixin.py:188} INFO - [2026-05-09T11:46:08.492+0000] {dag.py:3096} INFO - Sync 1 DAGs
[2026-05-09T11:46:08.502+0000] {logging_mixin.py:188} INFO - [2026-05-09T11:46:08.502+0000] {dag.py:3954} INFO - Setting next_dagrun for example_sensor_decorator to None, run_after=None
[2026-05-09T11:46:08.530+0000] {processor.py:183} INFO - Processing /home/vscode/.local/lib/python3.11/site-packages/airflow/example_dags/example_sensor_decorator.py took 0.064 seconds
[2026-05-09T11:46:54.798+0000] {processor.py:161} INFO - Started process (PID=24190) to work on /home/vscode/.local/lib/python3.11/site-packages/airflow/example_dags/example_sensor_decorator.py
[2026-05-09T11:46:54.798+0000] {processor.py:830} INFO - Processing file /home/vscode/.local/lib/python3.11/site-packages/airflow/example_dags/example_sensor_decorator.py for tasks to queue
[2026-05-09T11:46:54.799+0000] {logging_mixin.py:188} INFO - [2026-05-09T11:46:54.799+0000] {dagbag.py:545} INFO - Filling up the DagBag from /home/vscode/.local/lib/python3.11/site-packages/airflow/example_dags/example_sensor_decorator.py
[2026-05-09T11:46:54.805+0000] {processor.py:840} INFO - DAG(s) 'example_sensor_decorator' retrieved from /home/vscode/.local/lib/python3.11/site-packages/airflow/example_dags/example_sensor_decorator.py
[2026-05-09T11:46:54.837+0000] {logging_mixin.py:188} INFO - [2026-05-09T11:46:54.837+0000] {dag.py:3096} INFO - Sync 1 DAGs
[2026-05-09T11:46:54.859+0000] {logging_mixin.py:188} INFO - [2026-05-09T11:46:54.859+0000] {dag.py:3954} INFO - Setting next_dagrun for example_sensor_decorator to None, run_after=None
[2026-05-09T11:46:54.881+0000] {processor.py:183} INFO - Processing /home/vscode/.local/lib/python3.11/site-packages/airflow/example_dags/example_sensor_decorator.py took 0.099 seconds
[2026-05-09T11:47:58.513+0000] {processor.py:161} INFO - Started process (PID=24800) to work on /home/vscode/.local/lib/python3.11/site-packages/airflow/example_dags/example_sensor_decorator.py
[2026-05-09T11:47:58.513+0000] {processor.py:830} INFO - Processing file /home/vscode/.local/lib/python3.11/site-packages/airflow/example_dags/example_sensor_decorator.py for tasks to queue
[2026-05-09T11:47:58.514+0000] {logging_mixin.py:188} INFO - [2026-05-09T11:47:58.513+0000] {dagbag.py:545} INFO - Filling up the DagBag from /home/vscode/.local/lib/python3.11/site-packages/airflow/example_dags/example_sensor_decorator.py
[2026-05-09T11:47:58.518+0000] {processor.py:840} INFO - DAG(s) 'example_sensor_decorator' retrieved from /home/vscode/.local/lib/python3.11/site-packages/airflow/example_dags/example_sensor_decorator.py
[2026-05-09T11:47:58.530+0000] {logging_mixin.py:188} INFO - [2026-05-09T11:47:58.530+0000] {dag.py:3096} INFO - Sync 1 DAGs
[2026-05-09T11:47:58.538+0000] {logging_mixin.py:188} INFO - [2026-05-09T11:47:58.538+0000] {dag.py:3954} INFO - Setting next_dagrun for example_sensor_decorator to None, run_after=None
[2026-05-09T11:47:58.556+0000] {processor.py:183} INFO - Processing /home/vscode/.local/lib/python3.11/site-packages/airflow/example_dags/example_sensor_decorator.py took 0.050 seconds
[2026-05-09T11:48:41.485+0000] {processor.py:161} INFO - Started process (PID=25229) to work on /home/vscode/.local/lib/python3.11/site-packages/airflow/example_dags/example_sensor_decorator.py
[2026-05-09T11:48:41.486+0000] {processor.py:830} INFO - Processing file /home/vscode/.local/lib/python3.11/site-packages/airflow/example_dags/example_sensor_decorator.py for tasks to queue
[2026-05-09T11:48:41.486+0000] {logging_mixin.py:188} INFO - [2026-05-09T11:48:41.486+0000] {dagbag.py:545} INFO - Filling up the DagBag from /home/vscode/.local/lib/python3.11/site-packages/airflow/example_dags/example_sensor_decorator.py
[2026-05-09T11:48:41.490+0000] {processor.py:840} INFO - DAG(s) 'example_sensor_decorator' retrieved from /home/vscode/.local/lib/python3.11/site-packages/airflow/example_dags/example_sensor_decorator.py
[2026-05-09T11:48:41.502+0000] {logging_mixin.py:188} INFO - [2026-05-09T11:48:41.502+0000] {dag.py:3096} INFO - Sync 1 DAGs
[2026-05-09T11:48:41.510+0000] {logging_mixin.py:188} INFO - [2026-05-09T11:48:41.510+0000] {dag.py:3954} INFO - Setting next_dagrun for example_sensor_decorator to None, run_after=None
[2026-05-09T11:48:41.526+0000] {processor.py:183} INFO - Processing /home/vscode/.local/lib/python3.11/site-packages/airflow/example_dags/example_sensor_decorator.py took 0.047 seconds
[2026-05-09T11:49:43.012+0000] {processor.py:161} INFO - Started process (PID=25811) to work on /home/vscode/.local/lib/python3.11/site-packages/airflow/example_dags/example_sensor_decorator.py
[2026-05-09T11:49:43.012+0000] {processor.py:830} INFO - Processing file /home/vscode/.local/lib/python3.11/site-packages/airflow/example_dags/example_sensor_decorator.py for tasks to queue
[2026-05-09T11:49:43.013+0000] {logging_mixin.py:188} INFO - [2026-05-09T11:49:43.013+0000] {dagbag.py:545} INFO - Filling up the DagBag from /home/vscode/.local/lib/python3.11/site-packages/airflow/example_dags/example_sensor_decorator.py
[2026-05-09T11:49:43.018+0000] {processor.py:840} INFO - DAG(s) 'example_sensor_decorator' retrieved from /home/vscode/.local/lib/python3.11/site-packages/airflow/example_dags/example_sensor_decorator.py
[2026-05-09T11:49:43.029+0000] {logging_mixin.py:188} INFO - [2026-05-09T11:49:43.029+0000] {dag.py:3096} INFO - Sync 1 DAGs
[2026-05-09T11:49:43.037+0000] {logging_mixin.py:188} INFO - [2026-05-09T11:49:43.037+0000] {dag.py:3954} INFO - Setting next_dagrun for example_sensor_decorator to None, run_after=None
[2026-05-09T11:49:43.054+0000] {processor.py:183} INFO - Processing /home/vscode/.local/lib/python3.11/site-packages/airflow/example_dags/example_sensor_decorator.py took 0.048 seconds
[2026-05-09T11:50:26.932+0000] {processor.py:161} INFO - Started process (PID=26195) to work on /home/vscode/.local/lib/python3.11/site-packages/airflow/example_dags/example_sensor_decorator.py
[2026-05-09T11:50:26.933+0000] {processor.py:830} INFO - Processing file /home/vscode/.local/lib/python3.11/site-packages/airflow/example_dags/example_sensor_decorator.py for tasks to queue
[2026-05-09T11:50:26.933+0000] {logging_mixin.py:188} INFO - [2026-05-09T11:50:26.933+0000] {dagbag.py:545} INFO - Filling up the DagBag from /home/vscode/.local/lib/python3.11/site-packages/airflow/example_dags/example_sensor_decorator.py
[2026-05-09T11:50:26.938+0000] {processor.py:840} INFO - DAG(s) 'example_sensor_decorator' retrieved from /home/vscode/.local/lib/python3.11/site-packages/airflow/example_dags/example_sensor_decorator.py
[2026-05-09T11:50:26.949+0000] {logging_mixin.py:188} INFO - [2026-05-09T11:50:26.949+0000] {dag.py:3096} INFO - Sync 1 DAGs
[2026-05-09T11:50:26.958+0000] {logging_mixin.py:188} INFO - [2026-05-09T11:50:26.958+0000] {dag.py:3954} INFO - Setting next_dagrun for example_sensor_decorator to None, run_after=None
[2026-05-09T11:50:26.974+0000] {processor.py:183} INFO - Processing /home/vscode/.local/lib/python3.11/site-packages/airflow/example_dags/example_sensor_decorator.py took 0.049 seconds
[2026-05-09T11:51:31.215+0000] {processor.py:161} INFO - Started process (PID=26905) to work on /home/vscode/.local/lib/python3.11/site-packages/airflow/example_dags/example_sensor_decorator.py
[2026-05-09T11:51:31.215+0000] {processor.py:830} INFO - Processing file /home/vscode/.local/lib/python3.11/site-packages/airflow/example_dags/example_sensor_decorator.py for tasks to queue
[2026-05-09T11:51:31.216+0000] {logging_mixin.py:188} INFO - [2026-05-09T11:51:31.216+0000] {dagbag.py:545} INFO - Filling up the DagBag from /home/vscode/.local/lib/python3.11/site-packages/airflow/example_dags/example_sensor_decorator.py
[2026-05-09T11:51:31.220+0000] {processor.py:840} INFO - DAG(s) 'example_sensor_decorator' retrieved from /home/vscode/.local/lib/python3.11/site-packages/airflow/example_dags/example_sensor_decorator.py
[2026-05-09T11:51:31.234+0000] {logging_mixin.py:188} INFO - [2026-05-09T11:51:31.233+0000] {dag.py:3096} INFO - Sync 1 DAGs
[2026-05-09T11:51:31.242+0000] {logging_mixin.py:188} INFO - [2026-05-09T11:51:31.242+0000] {dag.py:3954} INFO - Setting next_dagrun for example_sensor_decorator to None, run_after=None
[2026-05-09T11:51:31.258+0000] {processor.py:183} INFO - Processing /home/vscode/.local/lib/python3.11/site-packages/airflow/example_dags/example_sensor_decorator.py took 0.050 seconds
[2026-05-09T11:52:32.739+0000] {processor.py:161} INFO - Started process (PID=27510) to work on /home/vscode/.local/lib/python3.11/site-packages/airflow/example_dags/example_sensor_decorator.py
[2026-05-09T11:52:32.740+0000] {processor.py:830} INFO - Processing file /home/vscode/.local/lib/python3.11/site-packages/airflow/example_dags/example_sensor_decorator.py for tasks to queue
[2026-05-09T11:52:32.740+0000] {logging_mixin.py:188} INFO - [2026-05-09T11:52:32.740+0000] {dagbag.py:545} INFO - Filling up the DagBag from /home/vscode/.local/lib/python3.11/site-packages/airflow/example_dags/example_sensor_decorator.py
[2026-05-09T11:52:32.744+0000] {processor.py:840} INFO - DAG(s) 'example_sensor_decorator' retrieved from /home/vscode/.local/lib/python3.11/site-packages/airflow/example_dags/example_sensor_decorator.py
[2026-05-09T11:52:32.755+0000] {logging_mixin.py:188} INFO - [2026-05-09T11:52:32.755+0000] {dag.py:3096} INFO - Sync 1 DAGs
[2026-05-09T11:52:32.765+0000] {logging_mixin.py:188} INFO - [2026-05-09T11:52:32.765+0000] {dag.py:3954} INFO - Setting next_dagrun for example_sensor_decorator to None, run_after=None
[2026-05-09T11:52:32.780+0000] {processor.py:183} INFO - Processing /home/vscode/.local/lib/python3.11/site-packages/airflow/example_dags/example_sensor_decorator.py took 0.048 seconds
[2026-05-09T11:53:31.536+0000] {processor.py:161} INFO - Started process (PID=27966) to work on /home/vscode/.local/lib/python3.11/site-packages/airflow/example_dags/example_sensor_decorator.py
[2026-05-09T11:53:31.537+0000] {processor.py:830} INFO - Processing file /home/vscode/.local/lib/python3.11/site-packages/airflow/example_dags/example_sensor_decorator.py for tasks to queue
[2026-05-09T11:53:31.537+0000] {logging_mixin.py:188} INFO - [2026-05-09T11:53:31.537+0000] {dagbag.py:545} INFO - Filling up the DagBag from /home/vscode/.local/lib/python3.11/site-packages/airflow/example_dags/example_sensor_decorator.py
[2026-05-09T11:53:31.542+0000] {processor.py:840} INFO - DAG(s) 'example_sensor_decorator' retrieved from /home/vscode/.local/lib/python3.11/site-packages/airflow/example_dags/example_sensor_decorator.py
[2026-05-09T11:53:31.553+0000] {logging_mixin.py:188} INFO - [2026-05-09T11:53:31.553+0000] {dag.py:3096} INFO - Sync 1 DAGs
[2026-05-09T11:53:31.562+0000] {logging_mixin.py:188} INFO - [2026-05-09T11:53:31.562+0000] {dag.py:3954} INFO - Setting next_dagrun for example_sensor_decorator to None, run_after=None
[2026-05-09T11:53:31.577+0000] {processor.py:183} INFO - Processing /home/vscode/.local/lib/python3.11/site-packages/airflow/example_dags/example_sensor_decorator.py took 0.047 seconds
[2026-05-09T11:54:32.857+0000] {processor.py:161} INFO - Started process (PID=28551) to work on /home/vscode/.local/lib/python3.11/site-packages/airflow/example_dags/example_sensor_decorator.py
[2026-05-09T11:54:32.857+0000] {processor.py:830} INFO - Processing file /home/vscode/.local/lib/python3.11/site-packages/airflow/example_dags/example_sensor_decorator.py for tasks to queue
[2026-05-09T11:54:32.858+0000] {logging_mixin.py:188} INFO - [2026-05-09T11:54:32.857+0000] {dagbag.py:545} INFO - Filling up the DagBag from /home/vscode/.local/lib/python3.11/site-packages/airflow/example_dags/example_sensor_decorator.py
[2026-05-09T11:54:32.862+0000] {processor.py:840} INFO - DAG(s) 'example_sensor_decorator' retrieved from /home/vscode/.local/lib/python3.11/site-packages/airflow/example_dags/example_sensor_decorator.py
[2026-05-09T11:54:32.873+0000] {logging_mixin.py:188} INFO - [2026-05-09T11:54:32.873+0000] {dag.py:3096} INFO - Sync 1 DAGs
[2026-05-09T11:54:32.881+0000] {logging_mixin.py:188} INFO - [2026-05-09T11:54:32.881+0000] {dag.py:3954} INFO - Setting next_dagrun for example_sensor_decorator to None, run_after=None
[2026-05-09T11:54:32.897+0000] {processor.py:183} INFO - Processing /home/vscode/.local/lib/python3.11/site-packages/airflow/example_dags/example_sensor_decorator.py took 0.047 seconds
[2026-05-09T11:55:34.584+0000] {processor.py:161} INFO - Started process (PID=29081) to work on /home/vscode/.local/lib/python3.11/site-packages/airflow/example_dags/example_sensor_decorator.py
[2026-05-09T11:55:34.585+0000] {processor.py:830} INFO - Processing file /home/vscode/.local/lib/python3.11/site-packages/airflow/example_dags/example_sensor_decorator.py for tasks to queue
[2026-05-09T11:55:34.585+0000] {logging_mixin.py:188} INFO - [2026-05-09T11:55:34.585+0000] {dagbag.py:545} INFO - Filling up the DagBag from /home/vscode/.local/lib/python3.11/site-packages/airflow/example_dags/example_sensor_decorator.py
[2026-05-09T11:55:34.590+0000] {processor.py:840} INFO - DAG(s) 'example_sensor_decorator' retrieved from /home/vscode/.local/lib/python3.11/site-packages/airflow/example_dags/example_sensor_decorator.py
[2026-05-09T11:55:34.601+0000] {logging_mixin.py:188} INFO - [2026-05-09T11:55:34.601+0000] {dag.py:3096} INFO - Sync 1 DAGs
[2026-05-09T11:55:34.609+0000] {logging_mixin.py:188} INFO - [2026-05-09T11:55:34.609+0000] {dag.py:3954} INFO - Setting next_dagrun for example_sensor_decorator to None, run_after=None
[2026-05-09T11:55:34.625+0000] {processor.py:183} INFO - Processing /home/vscode/.local/lib/python3.11/site-packages/airflow/example_dags/example_sensor_decorator.py took 0.047 seconds
[2026-05-09T11:56:36.527+0000] {processor.py:161} INFO - Started process (PID=29607) to work on /home/vscode/.local/lib/python3.11/site-packages/airflow/example_dags/example_sensor_decorator.py
[2026-05-09T11:56:36.527+0000] {processor.py:830} INFO - Processing file /home/vscode/.local/lib/python3.11/site-packages/airflow/example_dags/example_sensor_decorator.py for tasks to queue
[2026-05-09T11:56:36.528+0000] {logging_mixin.py:188} INFO - [2026-05-09T11:56:36.527+0000] {dagbag.py:545} INFO - Filling up the DagBag from /home/vscode/.local/lib/python3.11/site-packages/airflow/example_dags/example_sensor_decorator.py
[2026-05-09T11:56:36.533+0000] {processor.py:840} INFO - DAG(s) 'example_sensor_decorator' retrieved from /home/vscode/.local/lib/python3.11/site-packages/airflow/example_dags/example_sensor_decorator.py
[2026-05-09T11:56:36.544+0000] {logging_mixin.py:188} INFO - [2026-05-09T11:56:36.544+0000] {dag.py:3096} INFO - Sync 1 DAGs
[2026-05-09T11:56:36.553+0000] {logging_mixin.py:188} INFO - [2026-05-09T11:56:36.553+0000] {dag.py:3954} INFO - Setting next_dagrun for example_sensor_decorator to None, run_after=None
[2026-05-09T11:56:36.569+0000] {processor.py:183} INFO - Processing /home/vscode/.local/lib/python3.11/site-packages/airflow/example_dags/example_sensor_decorator.py took 0.049 seconds
[2026-05-09T11:57:38.237+0000] {processor.py:161} INFO - Started process (PID=30076) to work on /home/vscode/.local/lib/python3.11/site-packages/airflow/example_dags/example_sensor_decorator.py
[2026-05-09T11:57:38.238+0000] {processor.py:830} INFO - Processing file /home/vscode/.local/lib/python3.11/site-packages/airflow/example_dags/example_sensor_decorator.py for tasks to queue
[2026-05-09T11:57:38.238+0000] {logging_mixin.py:188} INFO - [2026-05-09T11:57:38.238+0000] {dagbag.py:545} INFO - Filling up the DagBag from /home/vscode/.local/lib/python3.11/site-packages/airflow/example_dags/example_sensor_decorator.py
[2026-05-09T11:57:38.243+0000] {processor.py:840} INFO - DAG(s) 'example_sensor_decorator' retrieved from /home/vscode/.local/lib/python3.11/site-packages/airflow/example_dags/example_sensor_decorator.py
[2026-05-09T11:57:38.255+0000] {logging_mixin.py:188} INFO - [2026-05-09T11:57:38.255+0000] {dag.py:3096} INFO - Sync 1 DAGs
[2026-05-09T11:57:38.263+0000] {logging_mixin.py:188} INFO - [2026-05-09T11:57:38.263+0000] {dag.py:3954} INFO - Setting next_dagrun for example_sensor_decorator to None, run_after=None
[2026-05-09T11:57:38.279+0000] {processor.py:183} INFO - Processing /home/vscode/.local/lib/python3.11/site-packages/airflow/example_dags/example_sensor_decorator.py took 0.048 seconds
[2026-05-09T11:58:23.339+0000] {processor.py:161} INFO - Started process (PID=30396) to work on /home/vscode/.local/lib/python3.11/site-packages/airflow/example_dags/example_sensor_decorator.py
[2026-05-09T11:58:23.340+0000] {processor.py:830} INFO - Processing file /home/vscode/.local/lib/python3.11/site-packages/airflow/example_dags/example_sensor_decorator.py for tasks to queue
[2026-05-09T11:58:23.340+0000] {logging_mixin.py:188} INFO - [2026-05-09T11:58:23.340+0000] {dagbag.py:545} INFO - Filling up the DagBag from /home/vscode/.local/lib/python3.11/site-packages/airflow/example_dags/example_sensor_decorator.py
[2026-05-09T11:58:23.345+0000] {processor.py:840} INFO - DAG(s) 'example_sensor_decorator' retrieved from /home/vscode/.local/lib/python3.11/site-packages/airflow/example_dags/example_sensor_decorator.py
[2026-05-09T11:58:23.357+0000] {logging_mixin.py:188} INFO - [2026-05-09T11:58:23.357+0000] {dag.py:3096} INFO - Sync 1 DAGs
[2026-05-09T11:58:23.370+0000] {logging_mixin.py:188} INFO - [2026-05-09T11:58:23.369+0000] {dag.py:3954} INFO - Setting next_dagrun for example_sensor_decorator to None, run_after=None
[2026-05-09T11:58:23.386+0000] {processor.py:183} INFO - Processing /home/vscode/.local/lib/python3.11/site-packages/airflow/example_dags/example_sensor_decorator.py took 0.053 seconds
[2026-05-09T11:59:26.158+0000] {processor.py:161} INFO - Started process (PID=30930) to work on /home/vscode/.local/lib/python3.11/site-packages/airflow/example_dags/example_sensor_decorator.py
[2026-05-09T11:59:26.158+0000] {processor.py:830} INFO - Processing file /home/vscode/.local/lib/python3.11/site-packages/airflow/example_dags/example_sensor_decorator.py for tasks to queue
[2026-05-09T11:59:26.159+0000] {logging_mixin.py:188} INFO - [2026-05-09T11:59:26.159+0000] {dagbag.py:545} INFO - Filling up the DagBag from /home/vscode/.local/lib/python3.11/site-packages/airflow/example_dags/example_sensor_decorator.py
[2026-05-09T11:59:26.164+0000] {processor.py:840} INFO - DAG(s) 'example_sensor_decorator' retrieved from /home/vscode/.local/lib/python3.11/site-packages/airflow/example_dags/example_sensor_decorator.py
[2026-05-09T11:59:26.175+0000] {logging_mixin.py:188} INFO - [2026-05-09T11:59:26.175+0000] {dag.py:3096} INFO - Sync 1 DAGs
[2026-05-09T11:59:26.183+0000] {logging_mixin.py:188} INFO - [2026-05-09T11:59:26.183+0000] {dag.py:3954} INFO - Setting next_dagrun for example_sensor_decorator to None, run_after=None
[2026-05-09T11:59:26.200+0000] {processor.py:183} INFO - Processing /home/vscode/.local/lib/python3.11/site-packages/airflow/example_dags/example_sensor_decorator.py took 0.049 seconds
[2026-05-09T12:00:26.677+0000] {processor.py:161} INFO - Started process (PID=31393) to work on /home/vscode/.local/lib/python3.11/site-packages/airflow/example_dags/example_sensor_decorator.py
[2026-05-09T12:00:26.677+0000] {processor.py:830} INFO - Processing file /home/vscode/.local/lib/python3.11/site-packages/airflow/example_dags/example_sensor_decorator.py for tasks to queue
[2026-05-09T12:00:26.678+0000] {logging_mixin.py:188} INFO - [2026-05-09T12:00:26.678+0000] {dagbag.py:545} INFO - Filling up the DagBag from /home/vscode/.local/lib/python3.11/site-packages/airflow/example_dags/example_sensor_decorator.py
[2026-05-09T12:00:26.682+0000] {processor.py:840} INFO - DAG(s) 'example_sensor_decorator' retrieved from /home/vscode/.local/lib/python3.11/site-packages/airflow/example_dags/example_sensor_decorator.py
[2026-05-09T12:00:26.693+0000] {logging_mixin.py:188} INFO - [2026-05-09T12:00:26.693+0000] {dag.py:3096} INFO - Sync 1 DAGs
[2026-05-09T12:00:26.705+0000] {logging_mixin.py:188} INFO - [2026-05-09T12:00:26.705+0000] {dag.py:3954} INFO - Setting next_dagrun for example_sensor_decorator to None, run_after=None
[2026-05-09T12:00:26.726+0000] {processor.py:183} INFO - Processing /home/vscode/.local/lib/python3.11/site-packages/airflow/example_dags/example_sensor_decorator.py took 0.055 seconds
[2026-05-09T12:01:31.185+0000] {processor.py:161} INFO - Started process (PID=31939) to work on /home/vscode/.local/lib/python3.11/site-packages/airflow/example_dags/example_sensor_decorator.py
[2026-05-09T12:01:31.186+0000] {processor.py:830} INFO - Processing file /home/vscode/.local/lib/python3.11/site-packages/airflow/example_dags/example_sensor_decorator.py for tasks to queue
[2026-05-09T12:01:31.186+0000] {logging_mixin.py:188} INFO - [2026-05-09T12:01:31.186+0000] {dagbag.py:545} INFO - Filling up the DagBag from /home/vscode/.local/lib/python3.11/site-packages/airflow/example_dags/example_sensor_decorator.py
[2026-05-09T12:01:31.191+0000] {processor.py:840} INFO - DAG(s) 'example_sensor_decorator' retrieved from /home/vscode/.local/lib/python3.11/site-packages/airflow/example_dags/example_sensor_decorator.py
[2026-05-09T12:01:31.202+0000] {logging_mixin.py:188} INFO - [2026-05-09T12:01:31.202+0000] {dag.py:3096} INFO - Sync 1 DAGs
[2026-05-09T12:01:31.210+0000] {logging_mixin.py:188} INFO - [2026-05-09T12:01:31.210+0000] {dag.py:3954} INFO - Setting next_dagrun for example_sensor_decorator to None, run_after=None
[2026-05-09T12:01:31.225+0000] {processor.py:183} INFO - Processing /home/vscode/.local/lib/python3.11/site-packages/airflow/example_dags/example_sensor_decorator.py took 0.046 seconds
[2026-05-09T12:02:14.575+0000] {processor.py:161} INFO - Started process (PID=32294) to work on /home/vscode/.local/lib/python3.11/site-packages/airflow/example_dags/example_sensor_decorator.py
[2026-05-09T12:02:14.576+0000] {processor.py:830} INFO - Processing file /home/vscode/.local/lib/python3.11/site-packages/airflow/example_dags/example_sensor_decorator.py for tasks to queue
[2026-05-09T12:02:14.576+0000] {logging_mixin.py:188} INFO - [2026-05-09T12:02:14.576+0000] {dagbag.py:545} INFO - Filling up the DagBag from /home/vscode/.local/lib/python3.11/site-packages/airflow/example_dags/example_sensor_decorator.py
[2026-05-09T12:02:14.581+0000] {processor.py:840} INFO - DAG(s) 'example_sensor_decorator' retrieved from /home/vscode/.local/lib/python3.11/site-packages/airflow/example_dags/example_sensor_decorator.py
[2026-05-09T12:02:14.592+0000] {logging_mixin.py:188} INFO - [2026-05-09T12:02:14.592+0000] {dag.py:3096} INFO - Sync 1 DAGs
[2026-05-09T12:02:14.600+0000] {logging_mixin.py:188} INFO - [2026-05-09T12:02:14.600+0000] {dag.py:3954} INFO - Setting next_dagrun for example_sensor_decorator to None, run_after=None
[2026-05-09T12:02:14.615+0000] {processor.py:183} INFO - Processing /home/vscode/.local/lib/python3.11/site-packages/airflow/example_dags/example_sensor_decorator.py took 0.046 seconds
[2026-05-09T12:03:16.113+0000] {processor.py:161} INFO - Started process (PID=32764) to work on /home/vscode/.local/lib/python3.11/site-packages/airflow/example_dags/example_sensor_decorator.py
[2026-05-09T12:03:16.114+0000] {processor.py:830} INFO - Processing file /home/vscode/.local/lib/python3.11/site-packages/airflow/example_dags/example_sensor_decorator.py for tasks to queue
[2026-05-09T12:03:16.114+0000] {logging_mixin.py:188} INFO - [2026-05-09T12:03:16.114+0000] {dagbag.py:545} INFO - Filling up the DagBag from /home/vscode/.local/lib/python3.11/site-packages/airflow/example_dags/example_sensor_decorator.py
[2026-05-09T12:03:16.119+0000] {processor.py:840} INFO - DAG(s) 'example_sensor_decorator' retrieved from /home/vscode/.local/lib/python3.11/site-packages/airflow/example_dags/example_sensor_decorator.py
[2026-05-09T12:03:16.130+0000] {logging_mixin.py:188} INFO - [2026-05-09T12:03:16.130+0000] {dag.py:3096} INFO - Sync 1 DAGs
[2026-05-09T12:03:16.138+0000] {logging_mixin.py:188} INFO - [2026-05-09T12:03:16.138+0000] {dag.py:3954} INFO - Setting next_dagrun for example_sensor_decorator to None, run_after=None
[2026-05-09T12:03:16.153+0000] {processor.py:183} INFO - Processing /home/vscode/.local/lib/python3.11/site-packages/airflow/example_dags/example_sensor_decorator.py took 0.046 seconds
[2026-05-09T12:04:19.773+0000] {processor.py:161} INFO - Started process (PID=33359) to work on /home/vscode/.local/lib/python3.11/site-packages/airflow/example_dags/example_sensor_decorator.py
[2026-05-09T12:04:19.773+0000] {processor.py:830} INFO - Processing file /home/vscode/.local/lib/python3.11/site-packages/airflow/example_dags/example_sensor_decorator.py for tasks to queue
[2026-05-09T12:04:19.774+0000] {logging_mixin.py:188} INFO - [2026-05-09T12:04:19.774+0000] {dagbag.py:545} INFO - Filling up the DagBag from /home/vscode/.local/lib/python3.11/site-packages/airflow/example_dags/example_sensor_decorator.py
[2026-05-09T12:04:19.778+0000] {processor.py:840} INFO - DAG(s) 'example_sensor_decorator' retrieved from /home/vscode/.local/lib/python3.11/site-packages/airflow/example_dags/example_sensor_decorator.py
[2026-05-09T12:04:19.789+0000] {logging_mixin.py:188} INFO - [2026-05-09T12:04:19.789+0000] {dag.py:3096} INFO - Sync 1 DAGs
[2026-05-09T12:04:19.797+0000] {logging_mixin.py:188} INFO - [2026-05-09T12:04:19.797+0000] {dag.py:3954} INFO - Setting next_dagrun for example_sensor_decorator to None, run_after=None
[2026-05-09T12:04:19.812+0000] {processor.py:183} INFO - Processing /home/vscode/.local/lib/python3.11/site-packages/airflow/example_dags/example_sensor_decorator.py took 0.045 seconds
[2026-05-09T12:05:21.790+0000] {processor.py:161} INFO - Started process (PID=33837) to work on /home/vscode/.local/lib/python3.11/site-packages/airflow/example_dags/example_sensor_decorator.py
[2026-05-09T12:05:21.791+0000] {processor.py:830} INFO - Processing file /home/vscode/.local/lib/python3.11/site-packages/airflow/example_dags/example_sensor_decorator.py for tasks to queue
[2026-05-09T12:05:21.791+0000] {logging_mixin.py:188} INFO - [2026-05-09T12:05:21.791+0000] {dagbag.py:545} INFO - Filling up the DagBag from /home/vscode/.local/lib/python3.11/site-packages/airflow/example_dags/example_sensor_decorator.py
[2026-05-09T12:05:21.796+0000] {processor.py:840} INFO - DAG(s) 'example_sensor_decorator' retrieved from /home/vscode/.local/lib/python3.11/site-packages/airflow/example_dags/example_sensor_decorator.py
[2026-05-09T12:05:21.808+0000] {logging_mixin.py:188} INFO - [2026-05-09T12:05:21.807+0000] {dag.py:3096} INFO - Sync 1 DAGs
[2026-05-09T12:05:21.816+0000] {logging_mixin.py:188} INFO - [2026-05-09T12:05:21.816+0000] {dag.py:3954} INFO - Setting next_dagrun for example_sensor_decorator to None, run_after=None
[2026-05-09T12:05:21.834+0000] {processor.py:183} INFO - Processing /home/vscode/.local/lib/python3.11/site-packages/airflow/example_dags/example_sensor_decorator.py took 0.050 seconds
[2026-05-09T12:06:25.642+0000] {processor.py:161} INFO - Started process (PID=34379) to work on /home/vscode/.local/lib/python3.11/site-packages/airflow/example_dags/example_sensor_decorator.py
[2026-05-09T12:06:25.643+0000] {processor.py:830} INFO - Processing file /home/vscode/.local/lib/python3.11/site-packages/airflow/example_dags/example_sensor_decorator.py for tasks to queue
[2026-05-09T12:06:25.643+0000] {logging_mixin.py:188} INFO - [2026-05-09T12:06:25.643+0000] {dagbag.py:545} INFO - Filling up the DagBag from /home/vscode/.local/lib/python3.11/site-packages/airflow/example_dags/example_sensor_decorator.py
[2026-05-09T12:06:25.648+0000] {processor.py:840} INFO - DAG(s) 'example_sensor_decorator' retrieved from /home/vscode/.local/lib/python3.11/site-packages/airflow/example_dags/example_sensor_decorator.py
[2026-05-09T12:06:25.660+0000] {logging_mixin.py:188} INFO - [2026-05-09T12:06:25.660+0000] {dag.py:3096} INFO - Sync 1 DAGs
[2026-05-09T12:06:25.668+0000] {logging_mixin.py:188} INFO - [2026-05-09T12:06:25.668+0000] {dag.py:3954} INFO - Setting next_dagrun for example_sensor_decorator to None, run_after=None
[2026-05-09T12:06:25.684+0000] {processor.py:183} INFO - Processing /home/vscode/.local/lib/python3.11/site-packages/airflow/example_dags/example_sensor_decorator.py took 0.052 seconds
[2026-05-09T12:07:10.608+0000] {processor.py:161} INFO - Started process (PID=34748) to work on /home/vscode/.local/lib/python3.11/site-packages/airflow/example_dags/example_sensor_decorator.py
[2026-05-09T12:07:10.608+0000] {processor.py:830} INFO - Processing file /home/vscode/.local/lib/python3.11/site-packages/airflow/example_dags/example_sensor_decorator.py for tasks to queue
[2026-05-09T12:07:10.609+0000] {logging_mixin.py:188} INFO - [2026-05-09T12:07:10.608+0000] {dagbag.py:545} INFO - Filling up the DagBag from /home/vscode/.local/lib/python3.11/site-packages/airflow/example_dags/example_sensor_decorator.py
[2026-05-09T12:07:10.613+0000] {processor.py:840} INFO - DAG(s) 'example_sensor_decorator' retrieved from /home/vscode/.local/lib/python3.11/site-packages/airflow/example_dags/example_sensor_decorator.py
[2026-05-09T12:07:10.625+0000] {logging_mixin.py:188} INFO - [2026-05-09T12:07:10.625+0000] {dag.py:3096} INFO - Sync 1 DAGs
[2026-05-09T12:07:10.636+0000] {logging_mixin.py:188} INFO - [2026-05-09T12:07:10.636+0000] {dag.py:3954} INFO - Setting next_dagrun for example_sensor_decorator to None, run_after=None
[2026-05-09T12:07:10.655+0000] {processor.py:183} INFO - Processing /home/vscode/.local/lib/python3.11/site-packages/airflow/example_dags/example_sensor_decorator.py took 0.054 seconds
[2026-05-09T12:08:12.128+0000] {processor.py:161} INFO - Started process (PID=35219) to work on /home/vscode/.local/lib/python3.11/site-packages/airflow/example_dags/example_sensor_decorator.py
[2026-05-09T12:08:12.129+0000] {processor.py:830} INFO - Processing file /home/vscode/.local/lib/python3.11/site-packages/airflow/example_dags/example_sensor_decorator.py for tasks to queue
[2026-05-09T12:08:12.129+0000] {logging_mixin.py:188} INFO - [2026-05-09T12:08:12.129+0000] {dagbag.py:545} INFO - Filling up the DagBag from /home/vscode/.local/lib/python3.11/site-packages/airflow/example_dags/example_sensor_decorator.py
[2026-05-09T12:08:12.134+0000] {processor.py:840} INFO - DAG(s) 'example_sensor_decorator' retrieved from /home/vscode/.local/lib/python3.11/site-packages/airflow/example_dags/example_sensor_decorator.py
[2026-05-09T12:08:12.149+0000] {logging_mixin.py:188} INFO - [2026-05-09T12:08:12.149+0000] {dag.py:3096} INFO - Sync 1 DAGs
[2026-05-09T12:08:12.157+0000] {logging_mixin.py:188} INFO - [2026-05-09T12:08:12.157+0000] {dag.py:3954} INFO - Setting next_dagrun for example_sensor_decorator to None, run_after=None
[2026-05-09T12:08:12.173+0000] {processor.py:183} INFO - Processing /home/vscode/.local/lib/python3.11/site-packages/airflow/example_dags/example_sensor_decorator.py took 0.053 seconds
[2026-05-09T12:09:13.110+0000] {processor.py:161} INFO - Started process (PID=35804) to work on /home/vscode/.local/lib/python3.11/site-packages/airflow/example_dags/example_sensor_decorator.py
[2026-05-09T12:09:13.111+0000] {processor.py:830} INFO - Processing file /home/vscode/.local/lib/python3.11/site-packages/airflow/example_dags/example_sensor_decorator.py for tasks to queue
[2026-05-09T12:09:13.111+0000] {logging_mixin.py:188} INFO - [2026-05-09T12:09:13.111+0000] {dagbag.py:545} INFO - Filling up the DagBag from /home/vscode/.local/lib/python3.11/site-packages/airflow/example_dags/example_sensor_decorator.py
[2026-05-09T12:09:13.116+0000] {processor.py:840} INFO - DAG(s) 'example_sensor_decorator' retrieved from /home/vscode/.local/lib/python3.11/site-packages/airflow/example_dags/example_sensor_decorator.py
[2026-05-09T12:09:13.129+0000] {logging_mixin.py:188} INFO - [2026-05-09T12:09:13.128+0000] {dag.py:3096} INFO - Sync 1 DAGs
[2026-05-09T12:09:13.140+0000] {logging_mixin.py:188} INFO - [2026-05-09T12:09:13.140+0000] {dag.py:3954} INFO - Setting next_dagrun for example_sensor_decorator to None, run_after=None
[2026-05-09T12:09:13.157+0000] {processor.py:183} INFO - Processing /home/vscode/.local/lib/python3.11/site-packages/airflow/example_dags/example_sensor_decorator.py took 0.055 seconds
[2026-05-09T12:10:13.231+0000] {processor.py:161} INFO - Started process (PID=36265) to work on /home/vscode/.local/lib/python3.11/site-packages/airflow/example_dags/example_sensor_decorator.py
[2026-05-09T12:10:13.231+0000] {processor.py:830} INFO - Processing file /home/vscode/.local/lib/python3.11/site-packages/airflow/example_dags/example_sensor_decorator.py for tasks to queue
[2026-05-09T12:10:13.232+0000] {logging_mixin.py:188} INFO - [2026-05-09T12:10:13.232+0000] {dagbag.py:545} INFO - Filling up the DagBag from /home/vscode/.local/lib/python3.11/site-packages/airflow/example_dags/example_sensor_decorator.py
[2026-05-09T12:10:13.240+0000] {processor.py:840} INFO - DAG(s) 'example_sensor_decorator' retrieved from /home/vscode/.local/lib/python3.11/site-packages/airflow/example_dags/example_sensor_decorator.py
[2026-05-09T12:10:13.257+0000] {logging_mixin.py:188} INFO - [2026-05-09T12:10:13.257+0000] {dag.py:3096} INFO - Sync 1 DAGs
[2026-05-09T12:10:13.265+0000] {logging_mixin.py:188} INFO - [2026-05-09T12:10:13.265+0000] {dag.py:3954} INFO - Setting next_dagrun for example_sensor_decorator to None, run_after=None
[2026-05-09T12:10:13.281+0000] {processor.py:183} INFO - Processing /home/vscode/.local/lib/python3.11/site-packages/airflow/example_dags/example_sensor_decorator.py took 0.059 seconds
[2026-05-09T12:11:14.250+0000] {processor.py:161} INFO - Started process (PID=36789) to work on /home/vscode/.local/lib/python3.11/site-packages/airflow/example_dags/example_sensor_decorator.py
[2026-05-09T12:11:14.251+0000] {processor.py:830} INFO - Processing file /home/vscode/.local/lib/python3.11/site-packages/airflow/example_dags/example_sensor_decorator.py for tasks to queue
[2026-05-09T12:11:14.251+0000] {logging_mixin.py:188} INFO - [2026-05-09T12:11:14.251+0000] {dagbag.py:545} INFO - Filling up the DagBag from /home/vscode/.local/lib/python3.11/site-packages/airflow/example_dags/example_sensor_decorator.py
[2026-05-09T12:11:14.256+0000] {processor.py:840} INFO - DAG(s) 'example_sensor_decorator' retrieved from /home/vscode/.local/lib/python3.11/site-packages/airflow/example_dags/example_sensor_decorator.py
[2026-05-09T12:11:14.268+0000] {logging_mixin.py:188} INFO - [2026-05-09T12:11:14.268+0000] {dag.py:3096} INFO - Sync 1 DAGs
[2026-05-09T12:11:14.277+0000] {logging_mixin.py:188} INFO - [2026-05-09T12:11:14.276+0000] {dag.py:3954} INFO - Setting next_dagrun for example_sensor_decorator to None, run_after=None
[2026-05-09T12:11:14.292+0000] {processor.py:183} INFO - Processing /home/vscode/.local/lib/python3.11/site-packages/airflow/example_dags/example_sensor_decorator.py took 0.048 seconds
[2026-05-09T12:12:14.785+0000] {processor.py:161} INFO - Started process (PID=37252) to work on /home/vscode/.local/lib/python3.11/site-packages/airflow/example_dags/example_sensor_decorator.py
[2026-05-09T12:12:14.786+0000] {processor.py:830} INFO - Processing file /home/vscode/.local/lib/python3.11/site-packages/airflow/example_dags/example_sensor_decorator.py for tasks to queue
[2026-05-09T12:12:14.786+0000] {logging_mixin.py:188} INFO - [2026-05-09T12:12:14.786+0000] {dagbag.py:545} INFO - Filling up the DagBag from /home/vscode/.local/lib/python3.11/site-packages/airflow/example_dags/example_sensor_decorator.py
[2026-05-09T12:12:14.791+0000] {processor.py:840} INFO - DAG(s) 'example_sensor_decorator' retrieved from /home/vscode/.local/lib/python3.11/site-packages/airflow/example_dags/example_sensor_decorator.py
[2026-05-09T12:12:14.802+0000] {logging_mixin.py:188} INFO - [2026-05-09T12:12:14.802+0000] {dag.py:3096} INFO - Sync 1 DAGs
[2026-05-09T12:12:14.810+0000] {logging_mixin.py:188} INFO - [2026-05-09T12:12:14.810+0000] {dag.py:3954} INFO - Setting next_dagrun for example_sensor_decorator to None, run_after=None
[2026-05-09T12:12:14.827+0000] {processor.py:183} INFO - Processing /home/vscode/.local/lib/python3.11/site-packages/airflow/example_dags/example_sensor_decorator.py took 0.048 seconds
[2026-05-09T12:13:16.367+0000] {processor.py:161} INFO - Started process (PID=37783) to work on /home/vscode/.local/lib/python3.11/site-packages/airflow/example_dags/example_sensor_decorator.py
[2026-05-09T12:13:16.368+0000] {processor.py:830} INFO - Processing file /home/vscode/.local/lib/python3.11/site-packages/airflow/example_dags/example_sensor_decorator.py for tasks to queue
[2026-05-09T12:13:16.368+0000] {logging_mixin.py:188} INFO - [2026-05-09T12:13:16.368+0000] {dagbag.py:545} INFO - Filling up the DagBag from /home/vscode/.local/lib/python3.11/site-packages/airflow/example_dags/example_sensor_decorator.py
[2026-05-09T12:13:16.373+0000] {processor.py:840} INFO - DAG(s) 'example_sensor_decorator' retrieved from /home/vscode/.local/lib/python3.11/site-packages/airflow/example_dags/example_sensor_decorator.py
[2026-05-09T12:13:16.385+0000] {logging_mixin.py:188} INFO - [2026-05-09T12:13:16.384+0000] {dag.py:3096} INFO - Sync 1 DAGs
[2026-05-09T12:13:16.395+0000] {logging_mixin.py:188} INFO - [2026-05-09T12:13:16.394+0000] {dag.py:3954} INFO - Setting next_dagrun for example_sensor_decorator to None, run_after=None
[2026-05-09T12:13:16.410+0000] {processor.py:183} INFO - Processing /home/vscode/.local/lib/python3.11/site-packages/airflow/example_dags/example_sensor_decorator.py took 0.048 seconds
[2026-05-09T12:14:20.989+0000] {processor.py:161} INFO - Started process (PID=38319) to work on /home/vscode/.local/lib/python3.11/site-packages/airflow/example_dags/example_sensor_decorator.py
[2026-05-09T12:14:20.989+0000] {processor.py:830} INFO - Processing file /home/vscode/.local/lib/python3.11/site-packages/airflow/example_dags/example_sensor_decorator.py for tasks to queue
[2026-05-09T12:14:20.990+0000] {logging_mixin.py:188} INFO - [2026-05-09T12:14:20.990+0000] {dagbag.py:545} INFO - Filling up the DagBag from /home/vscode/.local/lib/python3.11/site-packages/airflow/example_dags/example_sensor_decorator.py
[2026-05-09T12:14:20.997+0000] {processor.py:840} INFO - DAG(s) 'example_sensor_decorator' retrieved from /home/vscode/.local/lib/python3.11/site-packages/airflow/example_dags/example_sensor_decorator.py
[2026-05-09T12:14:21.018+0000] {logging_mixin.py:188} INFO - [2026-05-09T12:14:21.018+0000] {dag.py:3096} INFO - Sync 1 DAGs
[2026-05-09T12:14:21.032+0000] {logging_mixin.py:188} INFO - [2026-05-09T12:14:21.032+0000] {dag.py:3954} INFO - Setting next_dagrun for example_sensor_decorator to None, run_after=None
[2026-05-09T12:14:21.068+0000] {processor.py:183} INFO - Processing /home/vscode/.local/lib/python3.11/site-packages/airflow/example_dags/example_sensor_decorator.py took 0.093 seconds
[2026-05-09T12:15:04.548+0000] {processor.py:161} INFO - Started process (PID=38689) to work on /home/vscode/.local/lib/python3.11/site-packages/airflow/example_dags/example_sensor_decorator.py
[2026-05-09T12:15:04.549+0000] {processor.py:830} INFO - Processing file /home/vscode/.local/lib/python3.11/site-packages/airflow/example_dags/example_sensor_decorator.py for tasks to queue
[2026-05-09T12:15:04.549+0000] {logging_mixin.py:188} INFO - [2026-05-09T12:15:04.549+0000] {dagbag.py:545} INFO - Filling up the DagBag from /home/vscode/.local/lib/python3.11/site-packages/airflow/example_dags/example_sensor_decorator.py
[2026-05-09T12:15:04.554+0000] {processor.py:840} INFO - DAG(s) 'example_sensor_decorator' retrieved from /home/vscode/.local/lib/python3.11/site-packages/airflow/example_dags/example_sensor_decorator.py
[2026-05-09T12:15:04.566+0000] {logging_mixin.py:188} INFO - [2026-05-09T12:15:04.565+0000] {dag.py:3096} INFO - Sync 1 DAGs
[2026-05-09T12:15:04.574+0000] {logging_mixin.py:188} INFO - [2026-05-09T12:15:04.574+0000] {dag.py:3954} INFO - Setting next_dagrun for example_sensor_decorator to None, run_after=None
[2026-05-09T12:15:04.589+0000] {processor.py:183} INFO - Processing /home/vscode/.local/lib/python3.11/site-packages/airflow/example_dags/example_sensor_decorator.py took 0.049 seconds
[2026-05-09T12:16:07.245+0000] {processor.py:161} INFO - Started process (PID=39222) to work on /home/vscode/.local/lib/python3.11/site-packages/airflow/example_dags/example_sensor_decorator.py
[2026-05-09T12:16:07.245+0000] {processor.py:830} INFO - Processing file /home/vscode/.local/lib/python3.11/site-packages/airflow/example_dags/example_sensor_decorator.py for tasks to queue
[2026-05-09T12:16:07.246+0000] {logging_mixin.py:188} INFO - [2026-05-09T12:16:07.246+0000] {dagbag.py:545} INFO - Filling up the DagBag from /home/vscode/.local/lib/python3.11/site-packages/airflow/example_dags/example_sensor_decorator.py
[2026-05-09T12:16:07.251+0000] {processor.py:840} INFO - DAG(s) 'example_sensor_decorator' retrieved from /home/vscode/.local/lib/python3.11/site-packages/airflow/example_dags/example_sensor_decorator.py
[2026-05-09T12:16:07.264+0000] {logging_mixin.py:188} INFO - [2026-05-09T12:16:07.264+0000] {dag.py:3096} INFO - Sync 1 DAGs
[2026-05-09T12:16:07.272+0000] {logging_mixin.py:188} INFO - [2026-05-09T12:16:07.272+0000] {dag.py:3954} INFO - Setting next_dagrun for example_sensor_decorator to None, run_after=None
[2026-05-09T12:16:07.288+0000] {processor.py:183} INFO - Processing /home/vscode/.local/lib/python3.11/site-packages/airflow/example_dags/example_sensor_decorator.py took 0.052 seconds
[2026-05-09T12:16:51.291+0000] {processor.py:161} INFO - Started process (PID=39590) to work on /home/vscode/.local/lib/python3.11/site-packages/airflow/example_dags/example_sensor_decorator.py
[2026-05-09T12:16:51.291+0000] {processor.py:830} INFO - Processing file /home/vscode/.local/lib/python3.11/site-packages/airflow/example_dags/example_sensor_decorator.py for tasks to queue
[2026-05-09T12:16:51.292+0000] {logging_mixin.py:188} INFO - [2026-05-09T12:16:51.292+0000] {dagbag.py:545} INFO - Filling up the DagBag from /home/vscode/.local/lib/python3.11/site-packages/airflow/example_dags/example_sensor_decorator.py
[2026-05-09T12:16:51.296+0000] {processor.py:840} INFO - DAG(s) 'example_sensor_decorator' retrieved from /home/vscode/.local/lib/python3.11/site-packages/airflow/example_dags/example_sensor_decorator.py
[2026-05-09T12:16:51.308+0000] {logging_mixin.py:188} INFO - [2026-05-09T12:16:51.308+0000] {dag.py:3096} INFO - Sync 1 DAGs
[2026-05-09T12:16:51.316+0000] {logging_mixin.py:188} INFO - [2026-05-09T12:16:51.316+0000] {dag.py:3954} INFO - Setting next_dagrun for example_sensor_decorator to None, run_after=None
[2026-05-09T12:16:51.334+0000] {processor.py:183} INFO - Processing /home/vscode/.local/lib/python3.11/site-packages/airflow/example_dags/example_sensor_decorator.py took 0.049 seconds
[2026-05-09T12:17:36.852+0000] {processor.py:161} INFO - Started process (PID=39970) to work on /home/vscode/.local/lib/python3.11/site-packages/airflow/example_dags/example_sensor_decorator.py
[2026-05-09T12:17:36.853+0000] {processor.py:830} INFO - Processing file /home/vscode/.local/lib/python3.11/site-packages/airflow/example_dags/example_sensor_decorator.py for tasks to queue
[2026-05-09T12:17:36.853+0000] {logging_mixin.py:188} INFO - [2026-05-09T12:17:36.853+0000] {dagbag.py:545} INFO - Filling up the DagBag from /home/vscode/.local/lib/python3.11/site-packages/airflow/example_dags/example_sensor_decorator.py
[2026-05-09T12:17:36.858+0000] {processor.py:840} INFO - DAG(s) 'example_sensor_decorator' retrieved from /home/vscode/.local/lib/python3.11/site-packages/airflow/example_dags/example_sensor_decorator.py
[2026-05-09T12:17:36.869+0000] {logging_mixin.py:188} INFO - [2026-05-09T12:17:36.869+0000] {dag.py:3096} INFO - Sync 1 DAGs
[2026-05-09T12:17:36.877+0000] {logging_mixin.py:188} INFO - [2026-05-09T12:17:36.877+0000] {dag.py:3954} INFO - Setting next_dagrun for example_sensor_decorator to None, run_after=None
[2026-05-09T12:17:36.893+0000] {processor.py:183} INFO - Processing /home/vscode/.local/lib/python3.11/site-packages/airflow/example_dags/example_sensor_decorator.py took 0.047 seconds
[2026-05-09T12:18:19.954+0000] {processor.py:161} INFO - Started process (PID=40271) to work on /home/vscode/.local/lib/python3.11/site-packages/airflow/example_dags/example_sensor_decorator.py
[2026-05-09T12:18:19.955+0000] {processor.py:830} INFO - Processing file /home/vscode/.local/lib/python3.11/site-packages/airflow/example_dags/example_sensor_decorator.py for tasks to queue
[2026-05-09T12:18:19.955+0000] {logging_mixin.py:188} INFO - [2026-05-09T12:18:19.955+0000] {dagbag.py:545} INFO - Filling up the DagBag from /home/vscode/.local/lib/python3.11/site-packages/airflow/example_dags/example_sensor_decorator.py
[2026-05-09T12:18:19.960+0000] {processor.py:840} INFO - DAG(s) 'example_sensor_decorator' retrieved from /home/vscode/.local/lib/python3.11/site-packages/airflow/example_dags/example_sensor_decorator.py
[2026-05-09T12:18:19.971+0000] {logging_mixin.py:188} INFO - [2026-05-09T12:18:19.971+0000] {dag.py:3096} INFO - Sync 1 DAGs
[2026-05-09T12:18:19.980+0000] {logging_mixin.py:188} INFO - [2026-05-09T12:18:19.980+0000] {dag.py:3954} INFO - Setting next_dagrun for example_sensor_decorator to None, run_after=None
[2026-05-09T12:18:19.998+0000] {processor.py:183} INFO - Processing /home/vscode/.local/lib/python3.11/site-packages/airflow/example_dags/example_sensor_decorator.py took 0.050 seconds
[2026-05-09T12:19:20.350+0000] {processor.py:161} INFO - Started process (PID=40793) to work on /home/vscode/.local/lib/python3.11/site-packages/airflow/example_dags/example_sensor_decorator.py
[2026-05-09T12:19:20.351+0000] {processor.py:830} INFO - Processing file /home/vscode/.local/lib/python3.11/site-packages/airflow/example_dags/example_sensor_decorator.py for tasks to queue
[2026-05-09T12:19:20.351+0000] {logging_mixin.py:188} INFO - [2026-05-09T12:19:20.351+0000] {dagbag.py:545} INFO - Filling up the DagBag from /home/vscode/.local/lib/python3.11/site-packages/airflow/example_dags/example_sensor_decorator.py
[2026-05-09T12:19:20.356+0000] {processor.py:840} INFO - DAG(s) 'example_sensor_decorator' retrieved from /home/vscode/.local/lib/python3.11/site-packages/airflow/example_dags/example_sensor_decorator.py
[2026-05-09T12:19:20.367+0000] {logging_mixin.py:188} INFO - [2026-05-09T12:19:20.367+0000] {dag.py:3096} INFO - Sync 1 DAGs
[2026-05-09T12:19:20.375+0000] {logging_mixin.py:188} INFO - [2026-05-09T12:19:20.375+0000] {dag.py:3954} INFO - Setting next_dagrun for example_sensor_decorator to None, run_after=None
[2026-05-09T12:19:20.391+0000] {processor.py:183} INFO - Processing /home/vscode/.local/lib/python3.11/site-packages/airflow/example_dags/example_sensor_decorator.py took 0.047 seconds
[2026-05-09T12:20:06.121+0000] {processor.py:161} INFO - Started process (PID=41174) to work on /home/vscode/.local/lib/python3.11/site-packages/airflow/example_dags/example_sensor_decorator.py
[2026-05-09T12:20:06.121+0000] {processor.py:830} INFO - Processing file /home/vscode/.local/lib/python3.11/site-packages/airflow/example_dags/example_sensor_decorator.py for tasks to queue
[2026-05-09T12:20:06.122+0000] {logging_mixin.py:188} INFO - [2026-05-09T12:20:06.122+0000] {dagbag.py:545} INFO - Filling up the DagBag from /home/vscode/.local/lib/python3.11/site-packages/airflow/example_dags/example_sensor_decorator.py
[2026-05-09T12:20:06.127+0000] {processor.py:840} INFO - DAG(s) 'example_sensor_decorator' retrieved from /home/vscode/.local/lib/python3.11/site-packages/airflow/example_dags/example_sensor_decorator.py
[2026-05-09T12:20:06.148+0000] {logging_mixin.py:188} INFO - [2026-05-09T12:20:06.148+0000] {dag.py:3096} INFO - Sync 1 DAGs
[2026-05-09T12:20:06.156+0000] {logging_mixin.py:188} INFO - [2026-05-09T12:20:06.156+0000] {dag.py:3954} INFO - Setting next_dagrun for example_sensor_decorator to None, run_after=None
[2026-05-09T12:20:06.172+0000] {processor.py:183} INFO - Processing /home/vscode/.local/lib/python3.11/site-packages/airflow/example_dags/example_sensor_decorator.py took 0.058 seconds
[2026-05-09T12:20:48.186+0000] {processor.py:161} INFO - Started process (PID=41535) to work on /home/vscode/.local/lib/python3.11/site-packages/airflow/example_dags/example_sensor_decorator.py
[2026-05-09T12:20:48.187+0000] {processor.py:830} INFO - Processing file /home/vscode/.local/lib/python3.11/site-packages/airflow/example_dags/example_sensor_decorator.py for tasks to queue
[2026-05-09T12:20:48.187+0000] {logging_mixin.py:188} INFO - [2026-05-09T12:20:48.187+0000] {dagbag.py:545} INFO - Filling up the DagBag from /home/vscode/.local/lib/python3.11/site-packages/airflow/example_dags/example_sensor_decorator.py
[2026-05-09T12:20:48.192+0000] {processor.py:840} INFO - DAG(s) 'example_sensor_decorator' retrieved from /home/vscode/.local/lib/python3.11/site-packages/airflow/example_dags/example_sensor_decorator.py
[2026-05-09T12:20:48.203+0000] {logging_mixin.py:188} INFO - [2026-05-09T12:20:48.203+0000] {dag.py:3096} INFO - Sync 1 DAGs
[2026-05-09T12:20:48.211+0000] {logging_mixin.py:188} INFO - [2026-05-09T12:20:48.211+0000] {dag.py:3954} INFO - Setting next_dagrun for example_sensor_decorator to None, run_after=None
[2026-05-09T12:20:48.230+0000] {processor.py:183} INFO - Processing /home/vscode/.local/lib/python3.11/site-packages/airflow/example_dags/example_sensor_decorator.py took 0.050 seconds
