[2026-05-09T11:19:13.052+0000] {processor.py:161} INFO - Started process (PID=7328) to work on /home/vscode/.local/lib/python3.11/site-packages/airflow/example_dags/example_external_task_marker_dag.py
[2026-05-09T11:19:13.053+0000] {processor.py:830} INFO - Processing file /home/vscode/.local/lib/python3.11/site-packages/airflow/example_dags/example_external_task_marker_dag.py for tasks to queue
[2026-05-09T11:19:13.054+0000] {logging_mixin.py:188} INFO - [2026-05-09T11:19:13.054+0000] {dagbag.py:545} INFO - Filling up the DagBag from /home/vscode/.local/lib/python3.11/site-packages/airflow/example_dags/example_external_task_marker_dag.py
[2026-05-09T11:19:13.063+0000] {processor.py:840} INFO - DAG(s) 'example_external_task_marker_parent', 'example_external_task_marker_child' retrieved from /home/vscode/.local/lib/python3.11/site-packages/airflow/example_dags/example_external_task_marker_dag.py
[2026-05-09T11:19:13.248+0000] {logging_mixin.py:188} INFO - [2026-05-09T11:19:13.248+0000] {dag.py:3096} INFO - Sync 2 DAGs
[2026-05-09T11:19:13.253+0000] {logging_mixin.py:188} INFO - [2026-05-09T11:19:13.253+0000] {dag.py:3954} INFO - Setting next_dagrun for example_external_task_marker_child to None, run_after=None
[2026-05-09T11:19:13.255+0000] {logging_mixin.py:188} INFO - [2026-05-09T11:19:13.255+0000] {dag.py:3954} INFO - Setting next_dagrun for example_external_task_marker_parent to None, run_after=None
[2026-05-09T11:19:13.270+0000] {processor.py:183} INFO - Processing /home/vscode/.local/lib/python3.11/site-packages/airflow/example_dags/example_external_task_marker_dag.py took 0.232 seconds
[2026-05-09T11:20:12.601+0000] {processor.py:161} INFO - Started process (PID=7822) to work on /home/vscode/.local/lib/python3.11/site-packages/airflow/example_dags/example_external_task_marker_dag.py
[2026-05-09T11:20:12.601+0000] {processor.py:830} INFO - Processing file /home/vscode/.local/lib/python3.11/site-packages/airflow/example_dags/example_external_task_marker_dag.py for tasks to queue
[2026-05-09T11:20:12.602+0000] {logging_mixin.py:188} INFO - [2026-05-09T11:20:12.602+0000] {dagbag.py:545} INFO - Filling up the DagBag from /home/vscode/.local/lib/python3.11/site-packages/airflow/example_dags/example_external_task_marker_dag.py
[2026-05-09T11:20:12.605+0000] {processor.py:840} INFO - DAG(s) 'example_external_task_marker_parent', 'example_external_task_marker_child' retrieved from /home/vscode/.local/lib/python3.11/site-packages/airflow/example_dags/example_external_task_marker_dag.py
[2026-05-09T11:20:12.615+0000] {logging_mixin.py:188} INFO - [2026-05-09T11:20:12.615+0000] {dag.py:3096} INFO - Sync 2 DAGs
[2026-05-09T11:20:12.622+0000] {logging_mixin.py:188} INFO - [2026-05-09T11:20:12.622+0000] {dag.py:3954} INFO - Setting next_dagrun for example_external_task_marker_child to None, run_after=None
[2026-05-09T11:20:12.624+0000] {logging_mixin.py:188} INFO - [2026-05-09T11:20:12.624+0000] {dag.py:3954} INFO - Setting next_dagrun for example_external_task_marker_parent to None, run_after=None
[2026-05-09T11:20:12.638+0000] {processor.py:183} INFO - Processing /home/vscode/.local/lib/python3.11/site-packages/airflow/example_dags/example_external_task_marker_dag.py took 0.141 seconds
[2026-05-09T11:21:03.302+0000] {processor.py:161} INFO - Started process (PID=8271) to work on /home/vscode/.local/lib/python3.11/site-packages/airflow/example_dags/example_external_task_marker_dag.py
[2026-05-09T11:21:03.303+0000] {processor.py:830} INFO - Processing file /home/vscode/.local/lib/python3.11/site-packages/airflow/example_dags/example_external_task_marker_dag.py for tasks to queue
[2026-05-09T11:21:03.303+0000] {logging_mixin.py:188} INFO - [2026-05-09T11:21:03.303+0000] {dagbag.py:545} INFO - Filling up the DagBag from /home/vscode/.local/lib/python3.11/site-packages/airflow/example_dags/example_external_task_marker_dag.py
[2026-05-09T11:21:03.314+0000] {processor.py:840} INFO - DAG(s) 'example_external_task_marker_child', 'example_external_task_marker_parent' retrieved from /home/vscode/.local/lib/python3.11/site-packages/airflow/example_dags/example_external_task_marker_dag.py
[2026-05-09T11:21:03.333+0000] {logging_mixin.py:188} INFO - [2026-05-09T11:21:03.333+0000] {dag.py:3096} INFO - Sync 2 DAGs
[2026-05-09T11:21:03.342+0000] {logging_mixin.py:188} INFO - [2026-05-09T11:21:03.342+0000] {dag.py:3954} INFO - Setting next_dagrun for example_external_task_marker_child to None, run_after=None
[2026-05-09T11:21:03.344+0000] {logging_mixin.py:188} INFO - [2026-05-09T11:21:03.344+0000] {dag.py:3954} INFO - Setting next_dagrun for example_external_task_marker_parent to None, run_after=None
[2026-05-09T11:21:03.358+0000] {processor.py:183} INFO - Processing /home/vscode/.local/lib/python3.11/site-packages/airflow/example_dags/example_external_task_marker_dag.py took 0.070 seconds
[2026-05-09T11:22:05.140+0000] {processor.py:161} INFO - Started process (PID=8909) to work on /home/vscode/.local/lib/python3.11/site-packages/airflow/example_dags/example_external_task_marker_dag.py
[2026-05-09T11:22:05.141+0000] {processor.py:830} INFO - Processing file /home/vscode/.local/lib/python3.11/site-packages/airflow/example_dags/example_external_task_marker_dag.py for tasks to queue
[2026-05-09T11:22:05.141+0000] {logging_mixin.py:188} INFO - [2026-05-09T11:22:05.141+0000] {dagbag.py:545} INFO - Filling up the DagBag from /home/vscode/.local/lib/python3.11/site-packages/airflow/example_dags/example_external_task_marker_dag.py
[2026-05-09T11:22:05.146+0000] {processor.py:840} INFO - DAG(s) 'example_external_task_marker_parent', 'example_external_task_marker_child' retrieved from /home/vscode/.local/lib/python3.11/site-packages/airflow/example_dags/example_external_task_marker_dag.py
[2026-05-09T11:22:05.159+0000] {logging_mixin.py:188} INFO - [2026-05-09T11:22:05.159+0000] {dag.py:3096} INFO - Sync 2 DAGs
[2026-05-09T11:22:05.168+0000] {logging_mixin.py:188} INFO - [2026-05-09T11:22:05.168+0000] {dag.py:3954} INFO - Setting next_dagrun for example_external_task_marker_child to None, run_after=None
[2026-05-09T11:22:05.170+0000] {logging_mixin.py:188} INFO - [2026-05-09T11:22:05.170+0000] {dag.py:3954} INFO - Setting next_dagrun for example_external_task_marker_parent to None, run_after=None
[2026-05-09T11:22:05.184+0000] {processor.py:183} INFO - Processing /home/vscode/.local/lib/python3.11/site-packages/airflow/example_dags/example_external_task_marker_dag.py took 0.051 seconds
[2026-05-09T11:23:00.942+0000] {processor.py:161} INFO - Started process (PID=9609) to work on /home/vscode/.local/lib/python3.11/site-packages/airflow/example_dags/example_external_task_marker_dag.py
[2026-05-09T11:23:00.942+0000] {processor.py:830} INFO - Processing file /home/vscode/.local/lib/python3.11/site-packages/airflow/example_dags/example_external_task_marker_dag.py for tasks to queue
[2026-05-09T11:23:00.943+0000] {logging_mixin.py:188} INFO - [2026-05-09T11:23:00.943+0000] {dagbag.py:545} INFO - Filling up the DagBag from /home/vscode/.local/lib/python3.11/site-packages/airflow/example_dags/example_external_task_marker_dag.py
[2026-05-09T11:23:00.947+0000] {processor.py:840} INFO - DAG(s) 'example_external_task_marker_parent', 'example_external_task_marker_child' retrieved from /home/vscode/.local/lib/python3.11/site-packages/airflow/example_dags/example_external_task_marker_dag.py
[2026-05-09T11:23:00.960+0000] {logging_mixin.py:188} INFO - [2026-05-09T11:23:00.960+0000] {dag.py:3096} INFO - Sync 2 DAGs
[2026-05-09T11:23:00.968+0000] {logging_mixin.py:188} INFO - [2026-05-09T11:23:00.968+0000] {dag.py:3954} INFO - Setting next_dagrun for example_external_task_marker_child to None, run_after=None
[2026-05-09T11:23:00.970+0000] {logging_mixin.py:188} INFO - [2026-05-09T11:23:00.970+0000] {dag.py:3954} INFO - Setting next_dagrun for example_external_task_marker_parent to None, run_after=None
[2026-05-09T11:23:00.985+0000] {processor.py:183} INFO - Processing /home/vscode/.local/lib/python3.11/site-packages/airflow/example_dags/example_external_task_marker_dag.py took 0.049 seconds
[2026-05-09T11:24:01.209+0000] {processor.py:161} INFO - Started process (PID=10369) to work on /home/vscode/.local/lib/python3.11/site-packages/airflow/example_dags/example_external_task_marker_dag.py
[2026-05-09T11:24:01.209+0000] {processor.py:830} INFO - Processing file /home/vscode/.local/lib/python3.11/site-packages/airflow/example_dags/example_external_task_marker_dag.py for tasks to queue
[2026-05-09T11:24:01.210+0000] {logging_mixin.py:188} INFO - [2026-05-09T11:24:01.209+0000] {dagbag.py:545} INFO - Filling up the DagBag from /home/vscode/.local/lib/python3.11/site-packages/airflow/example_dags/example_external_task_marker_dag.py
[2026-05-09T11:24:01.214+0000] {processor.py:840} INFO - DAG(s) 'example_external_task_marker_child', 'example_external_task_marker_parent' retrieved from /home/vscode/.local/lib/python3.11/site-packages/airflow/example_dags/example_external_task_marker_dag.py
[2026-05-09T11:24:01.227+0000] {logging_mixin.py:188} INFO - [2026-05-09T11:24:01.227+0000] {dag.py:3096} INFO - Sync 2 DAGs
[2026-05-09T11:24:01.235+0000] {logging_mixin.py:188} INFO - [2026-05-09T11:24:01.235+0000] {dag.py:3954} INFO - Setting next_dagrun for example_external_task_marker_child to None, run_after=None
[2026-05-09T11:24:01.237+0000] {logging_mixin.py:188} INFO - [2026-05-09T11:24:01.237+0000] {dag.py:3954} INFO - Setting next_dagrun for example_external_task_marker_parent to None, run_after=None
[2026-05-09T11:24:01.253+0000] {processor.py:183} INFO - Processing /home/vscode/.local/lib/python3.11/site-packages/airflow/example_dags/example_external_task_marker_dag.py took 0.050 seconds
[2026-05-09T11:25:01.897+0000] {processor.py:161} INFO - Started process (PID=11191) to work on /home/vscode/.local/lib/python3.11/site-packages/airflow/example_dags/example_external_task_marker_dag.py
[2026-05-09T11:25:01.897+0000] {processor.py:830} INFO - Processing file /home/vscode/.local/lib/python3.11/site-packages/airflow/example_dags/example_external_task_marker_dag.py for tasks to queue
[2026-05-09T11:25:01.898+0000] {logging_mixin.py:188} INFO - [2026-05-09T11:25:01.898+0000] {dagbag.py:545} INFO - Filling up the DagBag from /home/vscode/.local/lib/python3.11/site-packages/airflow/example_dags/example_external_task_marker_dag.py
[2026-05-09T11:25:01.903+0000] {processor.py:840} INFO - DAG(s) 'example_external_task_marker_parent', 'example_external_task_marker_child' retrieved from /home/vscode/.local/lib/python3.11/site-packages/airflow/example_dags/example_external_task_marker_dag.py
[2026-05-09T11:25:01.916+0000] {logging_mixin.py:188} INFO - [2026-05-09T11:25:01.916+0000] {dag.py:3096} INFO - Sync 2 DAGs
[2026-05-09T11:25:01.924+0000] {logging_mixin.py:188} INFO - [2026-05-09T11:25:01.924+0000] {dag.py:3954} INFO - Setting next_dagrun for example_external_task_marker_child to None, run_after=None
[2026-05-09T11:25:01.927+0000] {logging_mixin.py:188} INFO - [2026-05-09T11:25:01.927+0000] {dag.py:3954} INFO - Setting next_dagrun for example_external_task_marker_parent to None, run_after=None
[2026-05-09T11:25:01.941+0000] {processor.py:183} INFO - Processing /home/vscode/.local/lib/python3.11/site-packages/airflow/example_dags/example_external_task_marker_dag.py took 0.052 seconds
[2026-05-09T11:26:03.438+0000] {processor.py:161} INFO - Started process (PID=11660) to work on /home/vscode/.local/lib/python3.11/site-packages/airflow/example_dags/example_external_task_marker_dag.py
[2026-05-09T11:26:03.438+0000] {processor.py:830} INFO - Processing file /home/vscode/.local/lib/python3.11/site-packages/airflow/example_dags/example_external_task_marker_dag.py for tasks to queue
[2026-05-09T11:26:03.439+0000] {logging_mixin.py:188} INFO - [2026-05-09T11:26:03.439+0000] {dagbag.py:545} INFO - Filling up the DagBag from /home/vscode/.local/lib/python3.11/site-packages/airflow/example_dags/example_external_task_marker_dag.py
[2026-05-09T11:26:03.445+0000] {processor.py:840} INFO - DAG(s) 'example_external_task_marker_child', 'example_external_task_marker_parent' retrieved from /home/vscode/.local/lib/python3.11/site-packages/airflow/example_dags/example_external_task_marker_dag.py
[2026-05-09T11:26:03.463+0000] {logging_mixin.py:188} INFO - [2026-05-09T11:26:03.463+0000] {dag.py:3096} INFO - Sync 2 DAGs
[2026-05-09T11:26:03.471+0000] {logging_mixin.py:188} INFO - [2026-05-09T11:26:03.471+0000] {dag.py:3954} INFO - Setting next_dagrun for example_external_task_marker_child to None, run_after=None
[2026-05-09T11:26:03.474+0000] {logging_mixin.py:188} INFO - [2026-05-09T11:26:03.474+0000] {dag.py:3954} INFO - Setting next_dagrun for example_external_task_marker_parent to None, run_after=None
[2026-05-09T11:26:03.489+0000] {processor.py:183} INFO - Processing /home/vscode/.local/lib/python3.11/site-packages/airflow/example_dags/example_external_task_marker_dag.py took 0.060 seconds
[2026-05-09T11:27:02.822+0000] {processor.py:161} INFO - Started process (PID=12347) to work on /home/vscode/.local/lib/python3.11/site-packages/airflow/example_dags/example_external_task_marker_dag.py
[2026-05-09T11:27:02.822+0000] {processor.py:830} INFO - Processing file /home/vscode/.local/lib/python3.11/site-packages/airflow/example_dags/example_external_task_marker_dag.py for tasks to queue
[2026-05-09T11:27:02.823+0000] {logging_mixin.py:188} INFO - [2026-05-09T11:27:02.822+0000] {dagbag.py:545} INFO - Filling up the DagBag from /home/vscode/.local/lib/python3.11/site-packages/airflow/example_dags/example_external_task_marker_dag.py
[2026-05-09T11:27:02.827+0000] {processor.py:840} INFO - DAG(s) 'example_external_task_marker_child', 'example_external_task_marker_parent' retrieved from /home/vscode/.local/lib/python3.11/site-packages/airflow/example_dags/example_external_task_marker_dag.py
[2026-05-09T11:27:02.840+0000] {logging_mixin.py:188} INFO - [2026-05-09T11:27:02.840+0000] {dag.py:3096} INFO - Sync 2 DAGs
[2026-05-09T11:27:02.848+0000] {logging_mixin.py:188} INFO - [2026-05-09T11:27:02.848+0000] {dag.py:3954} INFO - Setting next_dagrun for example_external_task_marker_child to None, run_after=None
[2026-05-09T11:27:02.851+0000] {logging_mixin.py:188} INFO - [2026-05-09T11:27:02.851+0000] {dag.py:3954} INFO - Setting next_dagrun for example_external_task_marker_parent to None, run_after=None
[2026-05-09T11:27:02.865+0000] {processor.py:183} INFO - Processing /home/vscode/.local/lib/python3.11/site-packages/airflow/example_dags/example_external_task_marker_dag.py took 0.050 seconds
[2026-05-09T11:28:03.451+0000] {processor.py:161} INFO - Started process (PID=13067) to work on /home/vscode/.local/lib/python3.11/site-packages/airflow/example_dags/example_external_task_marker_dag.py
[2026-05-09T11:28:03.451+0000] {processor.py:830} INFO - Processing file /home/vscode/.local/lib/python3.11/site-packages/airflow/example_dags/example_external_task_marker_dag.py for tasks to queue
[2026-05-09T11:28:03.452+0000] {logging_mixin.py:188} INFO - [2026-05-09T11:28:03.452+0000] {dagbag.py:545} INFO - Filling up the DagBag from /home/vscode/.local/lib/python3.11/site-packages/airflow/example_dags/example_external_task_marker_dag.py
[2026-05-09T11:28:03.456+0000] {processor.py:840} INFO - DAG(s) 'example_external_task_marker_parent', 'example_external_task_marker_child' retrieved from /home/vscode/.local/lib/python3.11/site-packages/airflow/example_dags/example_external_task_marker_dag.py
[2026-05-09T11:28:03.469+0000] {logging_mixin.py:188} INFO - [2026-05-09T11:28:03.469+0000] {dag.py:3096} INFO - Sync 2 DAGs
[2026-05-09T11:28:03.477+0000] {logging_mixin.py:188} INFO - [2026-05-09T11:28:03.477+0000] {dag.py:3954} INFO - Setting next_dagrun for example_external_task_marker_child to None, run_after=None
[2026-05-09T11:28:03.479+0000] {logging_mixin.py:188} INFO - [2026-05-09T11:28:03.479+0000] {dag.py:3954} INFO - Setting next_dagrun for example_external_task_marker_parent to None, run_after=None
[2026-05-09T11:28:03.493+0000] {processor.py:183} INFO - Processing /home/vscode/.local/lib/python3.11/site-packages/airflow/example_dags/example_external_task_marker_dag.py took 0.049 seconds
[2026-05-09T11:29:01.524+0000] {processor.py:161} INFO - Started process (PID=13749) to work on /home/vscode/.local/lib/python3.11/site-packages/airflow/example_dags/example_external_task_marker_dag.py
[2026-05-09T11:29:01.524+0000] {processor.py:830} INFO - Processing file /home/vscode/.local/lib/python3.11/site-packages/airflow/example_dags/example_external_task_marker_dag.py for tasks to queue
[2026-05-09T11:29:01.525+0000] {logging_mixin.py:188} INFO - [2026-05-09T11:29:01.524+0000] {dagbag.py:545} INFO - Filling up the DagBag from /home/vscode/.local/lib/python3.11/site-packages/airflow/example_dags/example_external_task_marker_dag.py
[2026-05-09T11:29:01.529+0000] {processor.py:840} INFO - DAG(s) 'example_external_task_marker_child', 'example_external_task_marker_parent' retrieved from /home/vscode/.local/lib/python3.11/site-packages/airflow/example_dags/example_external_task_marker_dag.py
[2026-05-09T11:29:01.541+0000] {logging_mixin.py:188} INFO - [2026-05-09T11:29:01.541+0000] {dag.py:3096} INFO - Sync 2 DAGs
[2026-05-09T11:29:01.549+0000] {logging_mixin.py:188} INFO - [2026-05-09T11:29:01.549+0000] {dag.py:3954} INFO - Setting next_dagrun for example_external_task_marker_child to None, run_after=None
[2026-05-09T11:29:01.551+0000] {logging_mixin.py:188} INFO - [2026-05-09T11:29:01.551+0000] {dag.py:3954} INFO - Setting next_dagrun for example_external_task_marker_parent to None, run_after=None
[2026-05-09T11:29:01.566+0000] {processor.py:183} INFO - Processing /home/vscode/.local/lib/python3.11/site-packages/airflow/example_dags/example_external_task_marker_dag.py took 0.049 seconds
[2026-05-09T11:30:08.368+0000] {processor.py:161} INFO - Started process (PID=14346) to work on /home/vscode/.local/lib/python3.11/site-packages/airflow/example_dags/example_external_task_marker_dag.py
[2026-05-09T11:30:08.369+0000] {processor.py:830} INFO - Processing file /home/vscode/.local/lib/python3.11/site-packages/airflow/example_dags/example_external_task_marker_dag.py for tasks to queue
[2026-05-09T11:30:08.369+0000] {logging_mixin.py:188} INFO - [2026-05-09T11:30:08.369+0000] {dagbag.py:545} INFO - Filling up the DagBag from /home/vscode/.local/lib/python3.11/site-packages/airflow/example_dags/example_external_task_marker_dag.py
[2026-05-09T11:30:08.374+0000] {processor.py:840} INFO - DAG(s) 'example_external_task_marker_parent', 'example_external_task_marker_child' retrieved from /home/vscode/.local/lib/python3.11/site-packages/airflow/example_dags/example_external_task_marker_dag.py
[2026-05-09T11:30:08.390+0000] {logging_mixin.py:188} INFO - [2026-05-09T11:30:08.390+0000] {dag.py:3096} INFO - Sync 2 DAGs
[2026-05-09T11:30:08.402+0000] {logging_mixin.py:188} INFO - [2026-05-09T11:30:08.402+0000] {dag.py:3954} INFO - Setting next_dagrun for example_external_task_marker_child to None, run_after=None
[2026-05-09T11:30:08.405+0000] {logging_mixin.py:188} INFO - [2026-05-09T11:30:08.405+0000] {dag.py:3954} INFO - Setting next_dagrun for example_external_task_marker_parent to None, run_after=None
[2026-05-09T11:30:08.420+0000] {processor.py:183} INFO - Processing /home/vscode/.local/lib/python3.11/site-packages/airflow/example_dags/example_external_task_marker_dag.py took 0.058 seconds
[2026-05-09T11:31:07.561+0000] {processor.py:161} INFO - Started process (PID=15126) to work on /home/vscode/.local/lib/python3.11/site-packages/airflow/example_dags/example_external_task_marker_dag.py
[2026-05-09T11:31:07.562+0000] {processor.py:830} INFO - Processing file /home/vscode/.local/lib/python3.11/site-packages/airflow/example_dags/example_external_task_marker_dag.py for tasks to queue
[2026-05-09T11:31:07.562+0000] {logging_mixin.py:188} INFO - [2026-05-09T11:31:07.562+0000] {dagbag.py:545} INFO - Filling up the DagBag from /home/vscode/.local/lib/python3.11/site-packages/airflow/example_dags/example_external_task_marker_dag.py
[2026-05-09T11:31:07.567+0000] {processor.py:840} INFO - DAG(s) 'example_external_task_marker_parent', 'example_external_task_marker_child' retrieved from /home/vscode/.local/lib/python3.11/site-packages/airflow/example_dags/example_external_task_marker_dag.py
[2026-05-09T11:31:07.580+0000] {logging_mixin.py:188} INFO - [2026-05-09T11:31:07.580+0000] {dag.py:3096} INFO - Sync 2 DAGs
[2026-05-09T11:31:07.588+0000] {logging_mixin.py:188} INFO - [2026-05-09T11:31:07.588+0000] {dag.py:3954} INFO - Setting next_dagrun for example_external_task_marker_child to None, run_after=None
[2026-05-09T11:31:07.590+0000] {logging_mixin.py:188} INFO - [2026-05-09T11:31:07.590+0000] {dag.py:3954} INFO - Setting next_dagrun for example_external_task_marker_parent to None, run_after=None
[2026-05-09T11:31:07.610+0000] {processor.py:183} INFO - Processing /home/vscode/.local/lib/python3.11/site-packages/airflow/example_dags/example_external_task_marker_dag.py took 0.056 seconds
[2026-05-09T11:32:12.340+0000] {processor.py:161} INFO - Started process (PID=15779) to work on /home/vscode/.local/lib/python3.11/site-packages/airflow/example_dags/example_external_task_marker_dag.py
[2026-05-09T11:32:12.341+0000] {processor.py:830} INFO - Processing file /home/vscode/.local/lib/python3.11/site-packages/airflow/example_dags/example_external_task_marker_dag.py for tasks to queue
[2026-05-09T11:32:12.341+0000] {logging_mixin.py:188} INFO - [2026-05-09T11:32:12.341+0000] {dagbag.py:545} INFO - Filling up the DagBag from /home/vscode/.local/lib/python3.11/site-packages/airflow/example_dags/example_external_task_marker_dag.py
[2026-05-09T11:32:12.346+0000] {processor.py:840} INFO - DAG(s) 'example_external_task_marker_child', 'example_external_task_marker_parent' retrieved from /home/vscode/.local/lib/python3.11/site-packages/airflow/example_dags/example_external_task_marker_dag.py
[2026-05-09T11:32:12.359+0000] {logging_mixin.py:188} INFO - [2026-05-09T11:32:12.358+0000] {dag.py:3096} INFO - Sync 2 DAGs
[2026-05-09T11:32:12.366+0000] {logging_mixin.py:188} INFO - [2026-05-09T11:32:12.366+0000] {dag.py:3954} INFO - Setting next_dagrun for example_external_task_marker_child to None, run_after=None
[2026-05-09T11:32:12.369+0000] {logging_mixin.py:188} INFO - [2026-05-09T11:32:12.369+0000] {dag.py:3954} INFO - Setting next_dagrun for example_external_task_marker_parent to None, run_after=None
[2026-05-09T11:32:12.383+0000] {processor.py:183} INFO - Processing /home/vscode/.local/lib/python3.11/site-packages/airflow/example_dags/example_external_task_marker_dag.py took 0.049 seconds
[2026-05-09T11:33:17.628+0000] {processor.py:161} INFO - Started process (PID=16309) to work on /home/vscode/.local/lib/python3.11/site-packages/airflow/example_dags/example_external_task_marker_dag.py
[2026-05-09T11:33:17.628+0000] {processor.py:830} INFO - Processing file /home/vscode/.local/lib/python3.11/site-packages/airflow/example_dags/example_external_task_marker_dag.py for tasks to queue
[2026-05-09T11:33:17.629+0000] {logging_mixin.py:188} INFO - [2026-05-09T11:33:17.629+0000] {dagbag.py:545} INFO - Filling up the DagBag from /home/vscode/.local/lib/python3.11/site-packages/airflow/example_dags/example_external_task_marker_dag.py
[2026-05-09T11:33:17.633+0000] {processor.py:840} INFO - DAG(s) 'example_external_task_marker_child', 'example_external_task_marker_parent' retrieved from /home/vscode/.local/lib/python3.11/site-packages/airflow/example_dags/example_external_task_marker_dag.py
[2026-05-09T11:33:17.646+0000] {logging_mixin.py:188} INFO - [2026-05-09T11:33:17.646+0000] {dag.py:3096} INFO - Sync 2 DAGs
[2026-05-09T11:33:17.654+0000] {logging_mixin.py:188} INFO - [2026-05-09T11:33:17.654+0000] {dag.py:3954} INFO - Setting next_dagrun for example_external_task_marker_child to None, run_after=None
[2026-05-09T11:33:17.656+0000] {logging_mixin.py:188} INFO - [2026-05-09T11:33:17.656+0000] {dag.py:3954} INFO - Setting next_dagrun for example_external_task_marker_parent to None, run_after=None
[2026-05-09T11:33:17.670+0000] {processor.py:183} INFO - Processing /home/vscode/.local/lib/python3.11/site-packages/airflow/example_dags/example_external_task_marker_dag.py took 0.049 seconds
[2026-05-09T11:34:20.420+0000] {processor.py:161} INFO - Started process (PID=16900) to work on /home/vscode/.local/lib/python3.11/site-packages/airflow/example_dags/example_external_task_marker_dag.py
[2026-05-09T11:34:20.421+0000] {processor.py:830} INFO - Processing file /home/vscode/.local/lib/python3.11/site-packages/airflow/example_dags/example_external_task_marker_dag.py for tasks to queue
[2026-05-09T11:34:20.421+0000] {logging_mixin.py:188} INFO - [2026-05-09T11:34:20.421+0000] {dagbag.py:545} INFO - Filling up the DagBag from /home/vscode/.local/lib/python3.11/site-packages/airflow/example_dags/example_external_task_marker_dag.py
[2026-05-09T11:34:20.426+0000] {processor.py:840} INFO - DAG(s) 'example_external_task_marker_child', 'example_external_task_marker_parent' retrieved from /home/vscode/.local/lib/python3.11/site-packages/airflow/example_dags/example_external_task_marker_dag.py
[2026-05-09T11:34:20.439+0000] {logging_mixin.py:188} INFO - [2026-05-09T11:34:20.439+0000] {dag.py:3096} INFO - Sync 2 DAGs
[2026-05-09T11:34:20.447+0000] {logging_mixin.py:188} INFO - [2026-05-09T11:34:20.447+0000] {dag.py:3954} INFO - Setting next_dagrun for example_external_task_marker_child to None, run_after=None
[2026-05-09T11:34:20.450+0000] {logging_mixin.py:188} INFO - [2026-05-09T11:34:20.450+0000] {dag.py:3954} INFO - Setting next_dagrun for example_external_task_marker_parent to None, run_after=None
[2026-05-09T11:34:20.464+0000] {processor.py:183} INFO - Processing /home/vscode/.local/lib/python3.11/site-packages/airflow/example_dags/example_external_task_marker_dag.py took 0.051 seconds
[2026-05-09T11:35:21.835+0000] {processor.py:161} INFO - Started process (PID=17416) to work on /home/vscode/.local/lib/python3.11/site-packages/airflow/example_dags/example_external_task_marker_dag.py
[2026-05-09T11:35:21.836+0000] {processor.py:830} INFO - Processing file /home/vscode/.local/lib/python3.11/site-packages/airflow/example_dags/example_external_task_marker_dag.py for tasks to queue
[2026-05-09T11:35:21.836+0000] {logging_mixin.py:188} INFO - [2026-05-09T11:35:21.836+0000] {dagbag.py:545} INFO - Filling up the DagBag from /home/vscode/.local/lib/python3.11/site-packages/airflow/example_dags/example_external_task_marker_dag.py
[2026-05-09T11:35:21.841+0000] {processor.py:840} INFO - DAG(s) 'example_external_task_marker_child', 'example_external_task_marker_parent' retrieved from /home/vscode/.local/lib/python3.11/site-packages/airflow/example_dags/example_external_task_marker_dag.py
[2026-05-09T11:35:21.854+0000] {logging_mixin.py:188} INFO - [2026-05-09T11:35:21.854+0000] {dag.py:3096} INFO - Sync 2 DAGs
[2026-05-09T11:35:21.862+0000] {logging_mixin.py:188} INFO - [2026-05-09T11:35:21.862+0000] {dag.py:3954} INFO - Setting next_dagrun for example_external_task_marker_child to None, run_after=None
[2026-05-09T11:35:21.865+0000] {logging_mixin.py:188} INFO - [2026-05-09T11:35:21.865+0000] {dag.py:3954} INFO - Setting next_dagrun for example_external_task_marker_parent to None, run_after=None
[2026-05-09T11:35:21.879+0000] {processor.py:183} INFO - Processing /home/vscode/.local/lib/python3.11/site-packages/airflow/example_dags/example_external_task_marker_dag.py took 0.050 seconds
[2026-05-09T11:36:19.176+0000] {processor.py:161} INFO - Started process (PID=17905) to work on /home/vscode/.local/lib/python3.11/site-packages/airflow/example_dags/example_external_task_marker_dag.py
[2026-05-09T11:36:19.176+0000] {processor.py:830} INFO - Processing file /home/vscode/.local/lib/python3.11/site-packages/airflow/example_dags/example_external_task_marker_dag.py for tasks to queue
[2026-05-09T11:36:19.177+0000] {logging_mixin.py:188} INFO - [2026-05-09T11:36:19.177+0000] {dagbag.py:545} INFO - Filling up the DagBag from /home/vscode/.local/lib/python3.11/site-packages/airflow/example_dags/example_external_task_marker_dag.py
[2026-05-09T11:36:19.182+0000] {processor.py:840} INFO - DAG(s) 'example_external_task_marker_parent', 'example_external_task_marker_child' retrieved from /home/vscode/.local/lib/python3.11/site-packages/airflow/example_dags/example_external_task_marker_dag.py
[2026-05-09T11:36:19.201+0000] {logging_mixin.py:188} INFO - [2026-05-09T11:36:19.201+0000] {dag.py:3096} INFO - Sync 2 DAGs
[2026-05-09T11:36:19.219+0000] {logging_mixin.py:188} INFO - [2026-05-09T11:36:19.219+0000] {dag.py:3954} INFO - Setting next_dagrun for example_external_task_marker_child to None, run_after=None
[2026-05-09T11:36:19.223+0000] {logging_mixin.py:188} INFO - [2026-05-09T11:36:19.223+0000] {dag.py:3954} INFO - Setting next_dagrun for example_external_task_marker_parent to None, run_after=None
[2026-05-09T11:36:19.242+0000] {processor.py:183} INFO - Processing /home/vscode/.local/lib/python3.11/site-packages/airflow/example_dags/example_external_task_marker_dag.py took 0.082 seconds
[2026-05-09T11:37:21.048+0000] {processor.py:161} INFO - Started process (PID=18531) to work on /home/vscode/.local/lib/python3.11/site-packages/airflow/example_dags/example_external_task_marker_dag.py
[2026-05-09T11:37:21.049+0000] {processor.py:830} INFO - Processing file /home/vscode/.local/lib/python3.11/site-packages/airflow/example_dags/example_external_task_marker_dag.py for tasks to queue
[2026-05-09T11:37:21.049+0000] {logging_mixin.py:188} INFO - [2026-05-09T11:37:21.049+0000] {dagbag.py:545} INFO - Filling up the DagBag from /home/vscode/.local/lib/python3.11/site-packages/airflow/example_dags/example_external_task_marker_dag.py
[2026-05-09T11:37:21.054+0000] {processor.py:840} INFO - DAG(s) 'example_external_task_marker_parent', 'example_external_task_marker_child' retrieved from /home/vscode/.local/lib/python3.11/site-packages/airflow/example_dags/example_external_task_marker_dag.py
[2026-05-09T11:37:21.067+0000] {logging_mixin.py:188} INFO - [2026-05-09T11:37:21.067+0000] {dag.py:3096} INFO - Sync 2 DAGs
[2026-05-09T11:37:21.075+0000] {logging_mixin.py:188} INFO - [2026-05-09T11:37:21.075+0000] {dag.py:3954} INFO - Setting next_dagrun for example_external_task_marker_child to None, run_after=None
[2026-05-09T11:37:21.077+0000] {logging_mixin.py:188} INFO - [2026-05-09T11:37:21.077+0000] {dag.py:3954} INFO - Setting next_dagrun for example_external_task_marker_parent to None, run_after=None
[2026-05-09T11:37:21.091+0000] {processor.py:183} INFO - Processing /home/vscode/.local/lib/python3.11/site-packages/airflow/example_dags/example_external_task_marker_dag.py took 0.050 seconds
[2026-05-09T11:38:22.712+0000] {processor.py:161} INFO - Started process (PID=19313) to work on /home/vscode/.local/lib/python3.11/site-packages/airflow/example_dags/example_external_task_marker_dag.py
[2026-05-09T11:38:22.713+0000] {processor.py:830} INFO - Processing file /home/vscode/.local/lib/python3.11/site-packages/airflow/example_dags/example_external_task_marker_dag.py for tasks to queue
[2026-05-09T11:38:22.714+0000] {logging_mixin.py:188} INFO - [2026-05-09T11:38:22.713+0000] {dagbag.py:545} INFO - Filling up the DagBag from /home/vscode/.local/lib/python3.11/site-packages/airflow/example_dags/example_external_task_marker_dag.py
[2026-05-09T11:38:22.718+0000] {processor.py:840} INFO - DAG(s) 'example_external_task_marker_child', 'example_external_task_marker_parent' retrieved from /home/vscode/.local/lib/python3.11/site-packages/airflow/example_dags/example_external_task_marker_dag.py
[2026-05-09T11:38:22.731+0000] {logging_mixin.py:188} INFO - [2026-05-09T11:38:22.731+0000] {dag.py:3096} INFO - Sync 2 DAGs
[2026-05-09T11:38:22.740+0000] {logging_mixin.py:188} INFO - [2026-05-09T11:38:22.739+0000] {dag.py:3954} INFO - Setting next_dagrun for example_external_task_marker_child to None, run_after=None
[2026-05-09T11:38:22.743+0000] {logging_mixin.py:188} INFO - [2026-05-09T11:38:22.743+0000] {dag.py:3954} INFO - Setting next_dagrun for example_external_task_marker_parent to None, run_after=None
[2026-05-09T11:38:22.766+0000] {processor.py:183} INFO - Processing /home/vscode/.local/lib/python3.11/site-packages/airflow/example_dags/example_external_task_marker_dag.py took 0.060 seconds
[2026-05-09T11:39:22.728+0000] {processor.py:161} INFO - Started process (PID=20038) to work on /home/vscode/.local/lib/python3.11/site-packages/airflow/example_dags/example_external_task_marker_dag.py
[2026-05-09T11:39:22.729+0000] {processor.py:830} INFO - Processing file /home/vscode/.local/lib/python3.11/site-packages/airflow/example_dags/example_external_task_marker_dag.py for tasks to queue
[2026-05-09T11:39:22.729+0000] {logging_mixin.py:188} INFO - [2026-05-09T11:39:22.729+0000] {dagbag.py:545} INFO - Filling up the DagBag from /home/vscode/.local/lib/python3.11/site-packages/airflow/example_dags/example_external_task_marker_dag.py
[2026-05-09T11:39:22.734+0000] {processor.py:840} INFO - DAG(s) 'example_external_task_marker_parent', 'example_external_task_marker_child' retrieved from /home/vscode/.local/lib/python3.11/site-packages/airflow/example_dags/example_external_task_marker_dag.py
[2026-05-09T11:39:22.747+0000] {logging_mixin.py:188} INFO - [2026-05-09T11:39:22.747+0000] {dag.py:3096} INFO - Sync 2 DAGs
[2026-05-09T11:39:22.755+0000] {logging_mixin.py:188} INFO - [2026-05-09T11:39:22.755+0000] {dag.py:3954} INFO - Setting next_dagrun for example_external_task_marker_child to None, run_after=None
[2026-05-09T11:39:22.758+0000] {logging_mixin.py:188} INFO - [2026-05-09T11:39:22.758+0000] {dag.py:3954} INFO - Setting next_dagrun for example_external_task_marker_parent to None, run_after=None
[2026-05-09T11:39:22.773+0000] {processor.py:183} INFO - Processing /home/vscode/.local/lib/python3.11/site-packages/airflow/example_dags/example_external_task_marker_dag.py took 0.051 seconds
[2026-05-09T11:40:25.310+0000] {processor.py:161} INFO - Started process (PID=20643) to work on /home/vscode/.local/lib/python3.11/site-packages/airflow/example_dags/example_external_task_marker_dag.py
[2026-05-09T11:40:25.311+0000] {processor.py:830} INFO - Processing file /home/vscode/.local/lib/python3.11/site-packages/airflow/example_dags/example_external_task_marker_dag.py for tasks to queue
[2026-05-09T11:40:25.311+0000] {logging_mixin.py:188} INFO - [2026-05-09T11:40:25.311+0000] {dagbag.py:545} INFO - Filling up the DagBag from /home/vscode/.local/lib/python3.11/site-packages/airflow/example_dags/example_external_task_marker_dag.py
[2026-05-09T11:40:25.315+0000] {processor.py:840} INFO - DAG(s) 'example_external_task_marker_child', 'example_external_task_marker_parent' retrieved from /home/vscode/.local/lib/python3.11/site-packages/airflow/example_dags/example_external_task_marker_dag.py
[2026-05-09T11:40:25.328+0000] {logging_mixin.py:188} INFO - [2026-05-09T11:40:25.328+0000] {dag.py:3096} INFO - Sync 2 DAGs
[2026-05-09T11:40:25.336+0000] {logging_mixin.py:188} INFO - [2026-05-09T11:40:25.336+0000] {dag.py:3954} INFO - Setting next_dagrun for example_external_task_marker_child to None, run_after=None
[2026-05-09T11:40:25.339+0000] {logging_mixin.py:188} INFO - [2026-05-09T11:40:25.339+0000] {dag.py:3954} INFO - Setting next_dagrun for example_external_task_marker_parent to None, run_after=None
[2026-05-09T11:40:25.353+0000] {processor.py:183} INFO - Processing /home/vscode/.local/lib/python3.11/site-packages/airflow/example_dags/example_external_task_marker_dag.py took 0.049 seconds
[2026-05-09T11:41:30.274+0000] {processor.py:161} INFO - Started process (PID=21319) to work on /home/vscode/.local/lib/python3.11/site-packages/airflow/example_dags/example_external_task_marker_dag.py
[2026-05-09T11:41:30.275+0000] {processor.py:830} INFO - Processing file /home/vscode/.local/lib/python3.11/site-packages/airflow/example_dags/example_external_task_marker_dag.py for tasks to queue
[2026-05-09T11:41:30.275+0000] {logging_mixin.py:188} INFO - [2026-05-09T11:41:30.275+0000] {dagbag.py:545} INFO - Filling up the DagBag from /home/vscode/.local/lib/python3.11/site-packages/airflow/example_dags/example_external_task_marker_dag.py
[2026-05-09T11:41:30.279+0000] {processor.py:840} INFO - DAG(s) 'example_external_task_marker_child', 'example_external_task_marker_parent' retrieved from /home/vscode/.local/lib/python3.11/site-packages/airflow/example_dags/example_external_task_marker_dag.py
[2026-05-09T11:41:30.294+0000] {logging_mixin.py:188} INFO - [2026-05-09T11:41:30.294+0000] {dag.py:3096} INFO - Sync 2 DAGs
[2026-05-09T11:41:30.302+0000] {logging_mixin.py:188} INFO - [2026-05-09T11:41:30.302+0000] {dag.py:3954} INFO - Setting next_dagrun for example_external_task_marker_child to None, run_after=None
[2026-05-09T11:41:30.305+0000] {logging_mixin.py:188} INFO - [2026-05-09T11:41:30.304+0000] {dag.py:3954} INFO - Setting next_dagrun for example_external_task_marker_parent to None, run_after=None
[2026-05-09T11:41:30.319+0000] {processor.py:183} INFO - Processing /home/vscode/.local/lib/python3.11/site-packages/airflow/example_dags/example_external_task_marker_dag.py took 0.051 seconds
[2026-05-09T11:42:36.248+0000] {processor.py:161} INFO - Started process (PID=21931) to work on /home/vscode/.local/lib/python3.11/site-packages/airflow/example_dags/example_external_task_marker_dag.py
[2026-05-09T11:42:36.249+0000] {processor.py:830} INFO - Processing file /home/vscode/.local/lib/python3.11/site-packages/airflow/example_dags/example_external_task_marker_dag.py for tasks to queue
[2026-05-09T11:42:36.250+0000] {logging_mixin.py:188} INFO - [2026-05-09T11:42:36.249+0000] {dagbag.py:545} INFO - Filling up the DagBag from /home/vscode/.local/lib/python3.11/site-packages/airflow/example_dags/example_external_task_marker_dag.py
[2026-05-09T11:42:36.254+0000] {processor.py:840} INFO - DAG(s) 'example_external_task_marker_parent', 'example_external_task_marker_child' retrieved from /home/vscode/.local/lib/python3.11/site-packages/airflow/example_dags/example_external_task_marker_dag.py
[2026-05-09T11:42:36.267+0000] {logging_mixin.py:188} INFO - [2026-05-09T11:42:36.267+0000] {dag.py:3096} INFO - Sync 2 DAGs
[2026-05-09T11:42:36.275+0000] {logging_mixin.py:188} INFO - [2026-05-09T11:42:36.275+0000] {dag.py:3954} INFO - Setting next_dagrun for example_external_task_marker_child to None, run_after=None
[2026-05-09T11:42:36.278+0000] {logging_mixin.py:188} INFO - [2026-05-09T11:42:36.278+0000] {dag.py:3954} INFO - Setting next_dagrun for example_external_task_marker_parent to None, run_after=None
[2026-05-09T11:42:36.292+0000] {processor.py:183} INFO - Processing /home/vscode/.local/lib/python3.11/site-packages/airflow/example_dags/example_external_task_marker_dag.py took 0.050 seconds
[2026-05-09T11:43:43.602+0000] {processor.py:161} INFO - Started process (PID=22539) to work on /home/vscode/.local/lib/python3.11/site-packages/airflow/example_dags/example_external_task_marker_dag.py
[2026-05-09T11:43:43.602+0000] {processor.py:830} INFO - Processing file /home/vscode/.local/lib/python3.11/site-packages/airflow/example_dags/example_external_task_marker_dag.py for tasks to queue
[2026-05-09T11:43:43.603+0000] {logging_mixin.py:188} INFO - [2026-05-09T11:43:43.602+0000] {dagbag.py:545} INFO - Filling up the DagBag from /home/vscode/.local/lib/python3.11/site-packages/airflow/example_dags/example_external_task_marker_dag.py
[2026-05-09T11:43:43.607+0000] {processor.py:840} INFO - DAG(s) 'example_external_task_marker_child', 'example_external_task_marker_parent' retrieved from /home/vscode/.local/lib/python3.11/site-packages/airflow/example_dags/example_external_task_marker_dag.py
[2026-05-09T11:43:43.620+0000] {logging_mixin.py:188} INFO - [2026-05-09T11:43:43.620+0000] {dag.py:3096} INFO - Sync 2 DAGs
[2026-05-09T11:43:43.628+0000] {logging_mixin.py:188} INFO - [2026-05-09T11:43:43.628+0000] {dag.py:3954} INFO - Setting next_dagrun for example_external_task_marker_child to None, run_after=None
[2026-05-09T11:43:43.631+0000] {logging_mixin.py:188} INFO - [2026-05-09T11:43:43.631+0000] {dag.py:3954} INFO - Setting next_dagrun for example_external_task_marker_parent to None, run_after=None
[2026-05-09T11:43:43.649+0000] {processor.py:183} INFO - Processing /home/vscode/.local/lib/python3.11/site-packages/airflow/example_dags/example_external_task_marker_dag.py took 0.054 seconds
[2026-05-09T11:44:43.478+0000] {processor.py:161} INFO - Started process (PID=23047) to work on /home/vscode/.local/lib/python3.11/site-packages/airflow/example_dags/example_external_task_marker_dag.py
[2026-05-09T11:44:43.478+0000] {processor.py:830} INFO - Processing file /home/vscode/.local/lib/python3.11/site-packages/airflow/example_dags/example_external_task_marker_dag.py for tasks to queue
[2026-05-09T11:44:43.479+0000] {logging_mixin.py:188} INFO - [2026-05-09T11:44:43.479+0000] {dagbag.py:545} INFO - Filling up the DagBag from /home/vscode/.local/lib/python3.11/site-packages/airflow/example_dags/example_external_task_marker_dag.py
[2026-05-09T11:44:43.484+0000] {processor.py:840} INFO - DAG(s) 'example_external_task_marker_child', 'example_external_task_marker_parent' retrieved from /home/vscode/.local/lib/python3.11/site-packages/airflow/example_dags/example_external_task_marker_dag.py
[2026-05-09T11:44:43.498+0000] {logging_mixin.py:188} INFO - [2026-05-09T11:44:43.498+0000] {dag.py:3096} INFO - Sync 2 DAGs
[2026-05-09T11:44:43.506+0000] {logging_mixin.py:188} INFO - [2026-05-09T11:44:43.506+0000] {dag.py:3954} INFO - Setting next_dagrun for example_external_task_marker_child to None, run_after=None
[2026-05-09T11:44:43.508+0000] {logging_mixin.py:188} INFO - [2026-05-09T11:44:43.508+0000] {dag.py:3954} INFO - Setting next_dagrun for example_external_task_marker_parent to None, run_after=None
[2026-05-09T11:44:43.527+0000] {processor.py:183} INFO - Processing /home/vscode/.local/lib/python3.11/site-packages/airflow/example_dags/example_external_task_marker_dag.py took 0.056 seconds
[2026-05-09T11:45:49.989+0000] {processor.py:161} INFO - Started process (PID=23604) to work on /home/vscode/.local/lib/python3.11/site-packages/airflow/example_dags/example_external_task_marker_dag.py
[2026-05-09T11:45:49.989+0000] {processor.py:830} INFO - Processing file /home/vscode/.local/lib/python3.11/site-packages/airflow/example_dags/example_external_task_marker_dag.py for tasks to queue
[2026-05-09T11:45:49.990+0000] {logging_mixin.py:188} INFO - [2026-05-09T11:45:49.990+0000] {dagbag.py:545} INFO - Filling up the DagBag from /home/vscode/.local/lib/python3.11/site-packages/airflow/example_dags/example_external_task_marker_dag.py
[2026-05-09T11:45:49.994+0000] {processor.py:840} INFO - DAG(s) 'example_external_task_marker_child', 'example_external_task_marker_parent' retrieved from /home/vscode/.local/lib/python3.11/site-packages/airflow/example_dags/example_external_task_marker_dag.py
[2026-05-09T11:45:50.007+0000] {logging_mixin.py:188} INFO - [2026-05-09T11:45:50.007+0000] {dag.py:3096} INFO - Sync 2 DAGs
[2026-05-09T11:45:50.016+0000] {logging_mixin.py:188} INFO - [2026-05-09T11:45:50.016+0000] {dag.py:3954} INFO - Setting next_dagrun for example_external_task_marker_child to None, run_after=None
[2026-05-09T11:45:50.019+0000] {logging_mixin.py:188} INFO - [2026-05-09T11:45:50.019+0000] {dag.py:3954} INFO - Setting next_dagrun for example_external_task_marker_parent to None, run_after=None
[2026-05-09T11:45:50.035+0000] {processor.py:183} INFO - Processing /home/vscode/.local/lib/python3.11/site-packages/airflow/example_dags/example_external_task_marker_dag.py took 0.053 seconds
[2026-05-09T11:46:55.477+0000] {processor.py:161} INFO - Started process (PID=24220) to work on /home/vscode/.local/lib/python3.11/site-packages/airflow/example_dags/example_external_task_marker_dag.py
[2026-05-09T11:46:55.477+0000] {processor.py:830} INFO - Processing file /home/vscode/.local/lib/python3.11/site-packages/airflow/example_dags/example_external_task_marker_dag.py for tasks to queue
[2026-05-09T11:46:55.478+0000] {logging_mixin.py:188} INFO - [2026-05-09T11:46:55.477+0000] {dagbag.py:545} INFO - Filling up the DagBag from /home/vscode/.local/lib/python3.11/site-packages/airflow/example_dags/example_external_task_marker_dag.py
[2026-05-09T11:46:55.482+0000] {processor.py:840} INFO - DAG(s) 'example_external_task_marker_parent', 'example_external_task_marker_child' retrieved from /home/vscode/.local/lib/python3.11/site-packages/airflow/example_dags/example_external_task_marker_dag.py
[2026-05-09T11:46:55.497+0000] {logging_mixin.py:188} INFO - [2026-05-09T11:46:55.497+0000] {dag.py:3096} INFO - Sync 2 DAGs
[2026-05-09T11:46:55.506+0000] {logging_mixin.py:188} INFO - [2026-05-09T11:46:55.505+0000] {dag.py:3954} INFO - Setting next_dagrun for example_external_task_marker_child to None, run_after=None
[2026-05-09T11:46:55.508+0000] {logging_mixin.py:188} INFO - [2026-05-09T11:46:55.508+0000] {dag.py:3954} INFO - Setting next_dagrun for example_external_task_marker_parent to None, run_after=None
[2026-05-09T11:46:55.522+0000] {processor.py:183} INFO - Processing /home/vscode/.local/lib/python3.11/site-packages/airflow/example_dags/example_external_task_marker_dag.py took 0.052 seconds
[2026-05-09T11:48:01.532+0000] {processor.py:161} INFO - Started process (PID=24812) to work on /home/vscode/.local/lib/python3.11/site-packages/airflow/example_dags/example_external_task_marker_dag.py
[2026-05-09T11:48:01.533+0000] {processor.py:830} INFO - Processing file /home/vscode/.local/lib/python3.11/site-packages/airflow/example_dags/example_external_task_marker_dag.py for tasks to queue
[2026-05-09T11:48:01.534+0000] {logging_mixin.py:188} INFO - [2026-05-09T11:48:01.533+0000] {dagbag.py:545} INFO - Filling up the DagBag from /home/vscode/.local/lib/python3.11/site-packages/airflow/example_dags/example_external_task_marker_dag.py
[2026-05-09T11:48:01.540+0000] {processor.py:840} INFO - DAG(s) 'example_external_task_marker_parent', 'example_external_task_marker_child' retrieved from /home/vscode/.local/lib/python3.11/site-packages/airflow/example_dags/example_external_task_marker_dag.py
[2026-05-09T11:48:01.554+0000] {logging_mixin.py:188} INFO - [2026-05-09T11:48:01.553+0000] {dag.py:3096} INFO - Sync 2 DAGs
[2026-05-09T11:48:01.562+0000] {logging_mixin.py:188} INFO - [2026-05-09T11:48:01.562+0000] {dag.py:3954} INFO - Setting next_dagrun for example_external_task_marker_child to None, run_after=None
[2026-05-09T11:48:01.565+0000] {logging_mixin.py:188} INFO - [2026-05-09T11:48:01.565+0000] {dag.py:3954} INFO - Setting next_dagrun for example_external_task_marker_parent to None, run_after=None
[2026-05-09T11:48:01.579+0000] {processor.py:183} INFO - Processing /home/vscode/.local/lib/python3.11/site-packages/airflow/example_dags/example_external_task_marker_dag.py took 0.056 seconds
[2026-05-09T11:49:02.746+0000] {processor.py:161} INFO - Started process (PID=25387) to work on /home/vscode/.local/lib/python3.11/site-packages/airflow/example_dags/example_external_task_marker_dag.py
[2026-05-09T11:49:02.749+0000] {processor.py:830} INFO - Processing file /home/vscode/.local/lib/python3.11/site-packages/airflow/example_dags/example_external_task_marker_dag.py for tasks to queue
[2026-05-09T11:49:02.750+0000] {logging_mixin.py:188} INFO - [2026-05-09T11:49:02.749+0000] {dagbag.py:545} INFO - Filling up the DagBag from /home/vscode/.local/lib/python3.11/site-packages/airflow/example_dags/example_external_task_marker_dag.py
[2026-05-09T11:49:02.756+0000] {processor.py:840} INFO - DAG(s) 'example_external_task_marker_parent', 'example_external_task_marker_child' retrieved from /home/vscode/.local/lib/python3.11/site-packages/airflow/example_dags/example_external_task_marker_dag.py
[2026-05-09T11:49:02.779+0000] {logging_mixin.py:188} INFO - [2026-05-09T11:49:02.779+0000] {dag.py:3096} INFO - Sync 2 DAGs
[2026-05-09T11:49:02.791+0000] {logging_mixin.py:188} INFO - [2026-05-09T11:49:02.791+0000] {dag.py:3954} INFO - Setting next_dagrun for example_external_task_marker_child to None, run_after=None
[2026-05-09T11:49:02.797+0000] {logging_mixin.py:188} INFO - [2026-05-09T11:49:02.797+0000] {dag.py:3954} INFO - Setting next_dagrun for example_external_task_marker_parent to None, run_after=None
[2026-05-09T11:49:02.818+0000] {processor.py:183} INFO - Processing /home/vscode/.local/lib/python3.11/site-packages/airflow/example_dags/example_external_task_marker_dag.py took 0.080 seconds
[2026-05-09T11:50:07.548+0000] {processor.py:161} INFO - Started process (PID=25989) to work on /home/vscode/.local/lib/python3.11/site-packages/airflow/example_dags/example_external_task_marker_dag.py
[2026-05-09T11:50:07.549+0000] {processor.py:830} INFO - Processing file /home/vscode/.local/lib/python3.11/site-packages/airflow/example_dags/example_external_task_marker_dag.py for tasks to queue
[2026-05-09T11:50:07.549+0000] {logging_mixin.py:188} INFO - [2026-05-09T11:50:07.549+0000] {dagbag.py:545} INFO - Filling up the DagBag from /home/vscode/.local/lib/python3.11/site-packages/airflow/example_dags/example_external_task_marker_dag.py
[2026-05-09T11:50:07.554+0000] {processor.py:840} INFO - DAG(s) 'example_external_task_marker_parent', 'example_external_task_marker_child' retrieved from /home/vscode/.local/lib/python3.11/site-packages/airflow/example_dags/example_external_task_marker_dag.py
[2026-05-09T11:50:07.568+0000] {logging_mixin.py:188} INFO - [2026-05-09T11:50:07.567+0000] {dag.py:3096} INFO - Sync 2 DAGs
[2026-05-09T11:50:07.576+0000] {logging_mixin.py:188} INFO - [2026-05-09T11:50:07.576+0000] {dag.py:3954} INFO - Setting next_dagrun for example_external_task_marker_child to None, run_after=None
[2026-05-09T11:50:07.578+0000] {logging_mixin.py:188} INFO - [2026-05-09T11:50:07.578+0000] {dag.py:3954} INFO - Setting next_dagrun for example_external_task_marker_parent to None, run_after=None
[2026-05-09T11:50:07.593+0000] {processor.py:183} INFO - Processing /home/vscode/.local/lib/python3.11/site-packages/airflow/example_dags/example_external_task_marker_dag.py took 0.051 seconds
[2026-05-09T11:51:10.907+0000] {processor.py:161} INFO - Started process (PID=26764) to work on /home/vscode/.local/lib/python3.11/site-packages/airflow/example_dags/example_external_task_marker_dag.py
[2026-05-09T11:51:10.908+0000] {processor.py:830} INFO - Processing file /home/vscode/.local/lib/python3.11/site-packages/airflow/example_dags/example_external_task_marker_dag.py for tasks to queue
[2026-05-09T11:51:10.908+0000] {logging_mixin.py:188} INFO - [2026-05-09T11:51:10.908+0000] {dagbag.py:545} INFO - Filling up the DagBag from /home/vscode/.local/lib/python3.11/site-packages/airflow/example_dags/example_external_task_marker_dag.py
[2026-05-09T11:51:10.913+0000] {processor.py:840} INFO - DAG(s) 'example_external_task_marker_parent', 'example_external_task_marker_child' retrieved from /home/vscode/.local/lib/python3.11/site-packages/airflow/example_dags/example_external_task_marker_dag.py
[2026-05-09T11:51:10.927+0000] {logging_mixin.py:188} INFO - [2026-05-09T11:51:10.926+0000] {dag.py:3096} INFO - Sync 2 DAGs
[2026-05-09T11:51:10.935+0000] {logging_mixin.py:188} INFO - [2026-05-09T11:51:10.935+0000] {dag.py:3954} INFO - Setting next_dagrun for example_external_task_marker_child to None, run_after=None
[2026-05-09T11:51:10.937+0000] {logging_mixin.py:188} INFO - [2026-05-09T11:51:10.937+0000] {dag.py:3954} INFO - Setting next_dagrun for example_external_task_marker_parent to None, run_after=None
[2026-05-09T11:51:10.951+0000] {processor.py:183} INFO - Processing /home/vscode/.local/lib/python3.11/site-packages/airflow/example_dags/example_external_task_marker_dag.py took 0.051 seconds
[2026-05-09T11:52:14.729+0000] {processor.py:161} INFO - Started process (PID=27328) to work on /home/vscode/.local/lib/python3.11/site-packages/airflow/example_dags/example_external_task_marker_dag.py
[2026-05-09T11:52:14.729+0000] {processor.py:830} INFO - Processing file /home/vscode/.local/lib/python3.11/site-packages/airflow/example_dags/example_external_task_marker_dag.py for tasks to queue
[2026-05-09T11:52:14.730+0000] {logging_mixin.py:188} INFO - [2026-05-09T11:52:14.730+0000] {dagbag.py:545} INFO - Filling up the DagBag from /home/vscode/.local/lib/python3.11/site-packages/airflow/example_dags/example_external_task_marker_dag.py
[2026-05-09T11:52:14.734+0000] {processor.py:840} INFO - DAG(s) 'example_external_task_marker_child', 'example_external_task_marker_parent' retrieved from /home/vscode/.local/lib/python3.11/site-packages/airflow/example_dags/example_external_task_marker_dag.py
[2026-05-09T11:52:14.747+0000] {logging_mixin.py:188} INFO - [2026-05-09T11:52:14.747+0000] {dag.py:3096} INFO - Sync 2 DAGs
[2026-05-09T11:52:14.756+0000] {logging_mixin.py:188} INFO - [2026-05-09T11:52:14.756+0000] {dag.py:3954} INFO - Setting next_dagrun for example_external_task_marker_child to None, run_after=None
[2026-05-09T11:52:14.758+0000] {logging_mixin.py:188} INFO - [2026-05-09T11:52:14.758+0000] {dag.py:3954} INFO - Setting next_dagrun for example_external_task_marker_parent to None, run_after=None
[2026-05-09T11:52:14.773+0000] {processor.py:183} INFO - Processing /home/vscode/.local/lib/python3.11/site-packages/airflow/example_dags/example_external_task_marker_dag.py took 0.054 seconds
[2026-05-09T11:53:13.514+0000] {processor.py:161} INFO - Started process (PID=27863) to work on /home/vscode/.local/lib/python3.11/site-packages/airflow/example_dags/example_external_task_marker_dag.py
[2026-05-09T11:53:13.514+0000] {processor.py:830} INFO - Processing file /home/vscode/.local/lib/python3.11/site-packages/airflow/example_dags/example_external_task_marker_dag.py for tasks to queue
[2026-05-09T11:53:13.515+0000] {logging_mixin.py:188} INFO - [2026-05-09T11:53:13.515+0000] {dagbag.py:545} INFO - Filling up the DagBag from /home/vscode/.local/lib/python3.11/site-packages/airflow/example_dags/example_external_task_marker_dag.py
[2026-05-09T11:53:13.519+0000] {processor.py:840} INFO - DAG(s) 'example_external_task_marker_child', 'example_external_task_marker_parent' retrieved from /home/vscode/.local/lib/python3.11/site-packages/airflow/example_dags/example_external_task_marker_dag.py
[2026-05-09T11:53:13.533+0000] {logging_mixin.py:188} INFO - [2026-05-09T11:53:13.533+0000] {dag.py:3096} INFO - Sync 2 DAGs
[2026-05-09T11:53:13.541+0000] {logging_mixin.py:188} INFO - [2026-05-09T11:53:13.541+0000] {dag.py:3954} INFO - Setting next_dagrun for example_external_task_marker_child to None, run_after=None
[2026-05-09T11:53:13.544+0000] {logging_mixin.py:188} INFO - [2026-05-09T11:53:13.544+0000] {dag.py:3954} INFO - Setting next_dagrun for example_external_task_marker_parent to None, run_after=None
[2026-05-09T11:53:13.559+0000] {processor.py:183} INFO - Processing /home/vscode/.local/lib/python3.11/site-packages/airflow/example_dags/example_external_task_marker_dag.py took 0.051 seconds
[2026-05-09T11:54:14.266+0000] {processor.py:161} INFO - Started process (PID=28387) to work on /home/vscode/.local/lib/python3.11/site-packages/airflow/example_dags/example_external_task_marker_dag.py
[2026-05-09T11:54:14.267+0000] {processor.py:830} INFO - Processing file /home/vscode/.local/lib/python3.11/site-packages/airflow/example_dags/example_external_task_marker_dag.py for tasks to queue
[2026-05-09T11:54:14.267+0000] {logging_mixin.py:188} INFO - [2026-05-09T11:54:14.267+0000] {dagbag.py:545} INFO - Filling up the DagBag from /home/vscode/.local/lib/python3.11/site-packages/airflow/example_dags/example_external_task_marker_dag.py
[2026-05-09T11:54:14.272+0000] {processor.py:840} INFO - DAG(s) 'example_external_task_marker_parent', 'example_external_task_marker_child' retrieved from /home/vscode/.local/lib/python3.11/site-packages/airflow/example_dags/example_external_task_marker_dag.py
[2026-05-09T11:54:14.285+0000] {logging_mixin.py:188} INFO - [2026-05-09T11:54:14.285+0000] {dag.py:3096} INFO - Sync 2 DAGs
[2026-05-09T11:54:14.294+0000] {logging_mixin.py:188} INFO - [2026-05-09T11:54:14.294+0000] {dag.py:3954} INFO - Setting next_dagrun for example_external_task_marker_child to None, run_after=None
[2026-05-09T11:54:14.296+0000] {logging_mixin.py:188} INFO - [2026-05-09T11:54:14.296+0000] {dag.py:3954} INFO - Setting next_dagrun for example_external_task_marker_parent to None, run_after=None
[2026-05-09T11:54:14.311+0000] {processor.py:183} INFO - Processing /home/vscode/.local/lib/python3.11/site-packages/airflow/example_dags/example_external_task_marker_dag.py took 0.051 seconds
[2026-05-09T11:55:17.314+0000] {processor.py:161} INFO - Started process (PID=28925) to work on /home/vscode/.local/lib/python3.11/site-packages/airflow/example_dags/example_external_task_marker_dag.py
[2026-05-09T11:55:17.315+0000] {processor.py:830} INFO - Processing file /home/vscode/.local/lib/python3.11/site-packages/airflow/example_dags/example_external_task_marker_dag.py for tasks to queue
[2026-05-09T11:55:17.315+0000] {logging_mixin.py:188} INFO - [2026-05-09T11:55:17.315+0000] {dagbag.py:545} INFO - Filling up the DagBag from /home/vscode/.local/lib/python3.11/site-packages/airflow/example_dags/example_external_task_marker_dag.py
[2026-05-09T11:55:17.321+0000] {processor.py:840} INFO - DAG(s) 'example_external_task_marker_child', 'example_external_task_marker_parent' retrieved from /home/vscode/.local/lib/python3.11/site-packages/airflow/example_dags/example_external_task_marker_dag.py
[2026-05-09T11:55:17.335+0000] {logging_mixin.py:188} INFO - [2026-05-09T11:55:17.335+0000] {dag.py:3096} INFO - Sync 2 DAGs
[2026-05-09T11:55:17.346+0000] {logging_mixin.py:188} INFO - [2026-05-09T11:55:17.346+0000] {dag.py:3954} INFO - Setting next_dagrun for example_external_task_marker_child to None, run_after=None
[2026-05-09T11:55:17.349+0000] {logging_mixin.py:188} INFO - [2026-05-09T11:55:17.348+0000] {dag.py:3954} INFO - Setting next_dagrun for example_external_task_marker_parent to None, run_after=None
[2026-05-09T11:55:17.363+0000] {processor.py:183} INFO - Processing /home/vscode/.local/lib/python3.11/site-packages/airflow/example_dags/example_external_task_marker_dag.py took 0.055 seconds
[2026-05-09T11:56:19.770+0000] {processor.py:161} INFO - Started process (PID=29396) to work on /home/vscode/.local/lib/python3.11/site-packages/airflow/example_dags/example_external_task_marker_dag.py
[2026-05-09T11:56:19.771+0000] {processor.py:830} INFO - Processing file /home/vscode/.local/lib/python3.11/site-packages/airflow/example_dags/example_external_task_marker_dag.py for tasks to queue
[2026-05-09T11:56:19.772+0000] {logging_mixin.py:188} INFO - [2026-05-09T11:56:19.771+0000] {dagbag.py:545} INFO - Filling up the DagBag from /home/vscode/.local/lib/python3.11/site-packages/airflow/example_dags/example_external_task_marker_dag.py
[2026-05-09T11:56:19.776+0000] {processor.py:840} INFO - DAG(s) 'example_external_task_marker_parent', 'example_external_task_marker_child' retrieved from /home/vscode/.local/lib/python3.11/site-packages/airflow/example_dags/example_external_task_marker_dag.py
[2026-05-09T11:56:19.791+0000] {logging_mixin.py:188} INFO - [2026-05-09T11:56:19.791+0000] {dag.py:3096} INFO - Sync 2 DAGs
[2026-05-09T11:56:19.800+0000] {logging_mixin.py:188} INFO - [2026-05-09T11:56:19.800+0000] {dag.py:3954} INFO - Setting next_dagrun for example_external_task_marker_child to None, run_after=None
[2026-05-09T11:56:19.803+0000] {logging_mixin.py:188} INFO - [2026-05-09T11:56:19.803+0000] {dag.py:3954} INFO - Setting next_dagrun for example_external_task_marker_parent to None, run_after=None
[2026-05-09T11:56:19.818+0000] {processor.py:183} INFO - Processing /home/vscode/.local/lib/python3.11/site-packages/airflow/example_dags/example_external_task_marker_dag.py took 0.054 seconds
[2026-05-09T11:57:19.899+0000] {processor.py:161} INFO - Started process (PID=29917) to work on /home/vscode/.local/lib/python3.11/site-packages/airflow/example_dags/example_external_task_marker_dag.py
[2026-05-09T11:57:19.900+0000] {processor.py:830} INFO - Processing file /home/vscode/.local/lib/python3.11/site-packages/airflow/example_dags/example_external_task_marker_dag.py for tasks to queue
[2026-05-09T11:57:19.900+0000] {logging_mixin.py:188} INFO - [2026-05-09T11:57:19.900+0000] {dagbag.py:545} INFO - Filling up the DagBag from /home/vscode/.local/lib/python3.11/site-packages/airflow/example_dags/example_external_task_marker_dag.py
[2026-05-09T11:57:19.905+0000] {processor.py:840} INFO - DAG(s) 'example_external_task_marker_child', 'example_external_task_marker_parent' retrieved from /home/vscode/.local/lib/python3.11/site-packages/airflow/example_dags/example_external_task_marker_dag.py
[2026-05-09T11:57:19.917+0000] {logging_mixin.py:188} INFO - [2026-05-09T11:57:19.917+0000] {dag.py:3096} INFO - Sync 2 DAGs
[2026-05-09T11:57:19.926+0000] {logging_mixin.py:188} INFO - [2026-05-09T11:57:19.926+0000] {dag.py:3954} INFO - Setting next_dagrun for example_external_task_marker_child to None, run_after=None
[2026-05-09T11:57:19.928+0000] {logging_mixin.py:188} INFO - [2026-05-09T11:57:19.928+0000] {dag.py:3954} INFO - Setting next_dagrun for example_external_task_marker_parent to None, run_after=None
[2026-05-09T11:57:19.942+0000] {processor.py:183} INFO - Processing /home/vscode/.local/lib/python3.11/site-packages/airflow/example_dags/example_external_task_marker_dag.py took 0.049 seconds
[2026-05-09T11:58:23.876+0000] {processor.py:161} INFO - Started process (PID=30398) to work on /home/vscode/.local/lib/python3.11/site-packages/airflow/example_dags/example_external_task_marker_dag.py
[2026-05-09T11:58:23.877+0000] {processor.py:830} INFO - Processing file /home/vscode/.local/lib/python3.11/site-packages/airflow/example_dags/example_external_task_marker_dag.py for tasks to queue
[2026-05-09T11:58:23.877+0000] {logging_mixin.py:188} INFO - [2026-05-09T11:58:23.877+0000] {dagbag.py:545} INFO - Filling up the DagBag from /home/vscode/.local/lib/python3.11/site-packages/airflow/example_dags/example_external_task_marker_dag.py
[2026-05-09T11:58:23.882+0000] {processor.py:840} INFO - DAG(s) 'example_external_task_marker_parent', 'example_external_task_marker_child' retrieved from /home/vscode/.local/lib/python3.11/site-packages/airflow/example_dags/example_external_task_marker_dag.py
[2026-05-09T11:58:23.895+0000] {logging_mixin.py:188} INFO - [2026-05-09T11:58:23.895+0000] {dag.py:3096} INFO - Sync 2 DAGs
[2026-05-09T11:58:23.904+0000] {logging_mixin.py:188} INFO - [2026-05-09T11:58:23.904+0000] {dag.py:3954} INFO - Setting next_dagrun for example_external_task_marker_child to None, run_after=None
[2026-05-09T11:58:23.906+0000] {logging_mixin.py:188} INFO - [2026-05-09T11:58:23.906+0000] {dag.py:3954} INFO - Setting next_dagrun for example_external_task_marker_parent to None, run_after=None
[2026-05-09T11:58:23.920+0000] {processor.py:183} INFO - Processing /home/vscode/.local/lib/python3.11/site-packages/airflow/example_dags/example_external_task_marker_dag.py took 0.050 seconds
[2026-05-09T11:59:28.416+0000] {processor.py:161} INFO - Started process (PID=30940) to work on /home/vscode/.local/lib/python3.11/site-packages/airflow/example_dags/example_external_task_marker_dag.py
[2026-05-09T11:59:28.416+0000] {processor.py:830} INFO - Processing file /home/vscode/.local/lib/python3.11/site-packages/airflow/example_dags/example_external_task_marker_dag.py for tasks to queue
[2026-05-09T11:59:28.417+0000] {logging_mixin.py:188} INFO - [2026-05-09T11:59:28.417+0000] {dagbag.py:545} INFO - Filling up the DagBag from /home/vscode/.local/lib/python3.11/site-packages/airflow/example_dags/example_external_task_marker_dag.py
[2026-05-09T11:59:28.421+0000] {processor.py:840} INFO - DAG(s) 'example_external_task_marker_parent', 'example_external_task_marker_child' retrieved from /home/vscode/.local/lib/python3.11/site-packages/airflow/example_dags/example_external_task_marker_dag.py
[2026-05-09T11:59:28.434+0000] {logging_mixin.py:188} INFO - [2026-05-09T11:59:28.434+0000] {dag.py:3096} INFO - Sync 2 DAGs
[2026-05-09T11:59:28.442+0000] {logging_mixin.py:188} INFO - [2026-05-09T11:59:28.442+0000] {dag.py:3954} INFO - Setting next_dagrun for example_external_task_marker_child to None, run_after=None
[2026-05-09T11:59:28.445+0000] {logging_mixin.py:188} INFO - [2026-05-09T11:59:28.445+0000] {dag.py:3954} INFO - Setting next_dagrun for example_external_task_marker_parent to None, run_after=None
[2026-05-09T11:59:28.460+0000] {processor.py:183} INFO - Processing /home/vscode/.local/lib/python3.11/site-packages/airflow/example_dags/example_external_task_marker_dag.py took 0.050 seconds
[2026-05-09T12:00:28.393+0000] {processor.py:161} INFO - Started process (PID=31397) to work on /home/vscode/.local/lib/python3.11/site-packages/airflow/example_dags/example_external_task_marker_dag.py
[2026-05-09T12:00:28.393+0000] {processor.py:830} INFO - Processing file /home/vscode/.local/lib/python3.11/site-packages/airflow/example_dags/example_external_task_marker_dag.py for tasks to queue
[2026-05-09T12:00:28.394+0000] {logging_mixin.py:188} INFO - [2026-05-09T12:00:28.394+0000] {dagbag.py:545} INFO - Filling up the DagBag from /home/vscode/.local/lib/python3.11/site-packages/airflow/example_dags/example_external_task_marker_dag.py
[2026-05-09T12:00:28.398+0000] {processor.py:840} INFO - DAG(s) 'example_external_task_marker_child', 'example_external_task_marker_parent' retrieved from /home/vscode/.local/lib/python3.11/site-packages/airflow/example_dags/example_external_task_marker_dag.py
[2026-05-09T12:00:28.411+0000] {logging_mixin.py:188} INFO - [2026-05-09T12:00:28.411+0000] {dag.py:3096} INFO - Sync 2 DAGs
[2026-05-09T12:00:28.419+0000] {logging_mixin.py:188} INFO - [2026-05-09T12:00:28.419+0000] {dag.py:3954} INFO - Setting next_dagrun for example_external_task_marker_child to None, run_after=None
[2026-05-09T12:00:28.421+0000] {logging_mixin.py:188} INFO - [2026-05-09T12:00:28.421+0000] {dag.py:3954} INFO - Setting next_dagrun for example_external_task_marker_parent to None, run_after=None
[2026-05-09T12:00:28.435+0000] {processor.py:183} INFO - Processing /home/vscode/.local/lib/python3.11/site-packages/airflow/example_dags/example_external_task_marker_dag.py took 0.049 seconds
[2026-05-09T12:01:34.050+0000] {processor.py:161} INFO - Started process (PID=31975) to work on /home/vscode/.local/lib/python3.11/site-packages/airflow/example_dags/example_external_task_marker_dag.py
[2026-05-09T12:01:34.051+0000] {processor.py:830} INFO - Processing file /home/vscode/.local/lib/python3.11/site-packages/airflow/example_dags/example_external_task_marker_dag.py for tasks to queue
[2026-05-09T12:01:34.052+0000] {logging_mixin.py:188} INFO - [2026-05-09T12:01:34.051+0000] {dagbag.py:545} INFO - Filling up the DagBag from /home/vscode/.local/lib/python3.11/site-packages/airflow/example_dags/example_external_task_marker_dag.py
[2026-05-09T12:01:34.056+0000] {processor.py:840} INFO - DAG(s) 'example_external_task_marker_parent', 'example_external_task_marker_child' retrieved from /home/vscode/.local/lib/python3.11/site-packages/airflow/example_dags/example_external_task_marker_dag.py
[2026-05-09T12:01:34.069+0000] {logging_mixin.py:188} INFO - [2026-05-09T12:01:34.069+0000] {dag.py:3096} INFO - Sync 2 DAGs
[2026-05-09T12:01:34.078+0000] {logging_mixin.py:188} INFO - [2026-05-09T12:01:34.077+0000] {dag.py:3954} INFO - Setting next_dagrun for example_external_task_marker_child to None, run_after=None
[2026-05-09T12:01:34.080+0000] {logging_mixin.py:188} INFO - [2026-05-09T12:01:34.080+0000] {dag.py:3954} INFO - Setting next_dagrun for example_external_task_marker_parent to None, run_after=None
[2026-05-09T12:01:34.095+0000] {processor.py:183} INFO - Processing /home/vscode/.local/lib/python3.11/site-packages/airflow/example_dags/example_external_task_marker_dag.py took 0.051 seconds
[2026-05-09T12:02:36.223+0000] {processor.py:161} INFO - Started process (PID=32481) to work on /home/vscode/.local/lib/python3.11/site-packages/airflow/example_dags/example_external_task_marker_dag.py
[2026-05-09T12:02:36.223+0000] {processor.py:830} INFO - Processing file /home/vscode/.local/lib/python3.11/site-packages/airflow/example_dags/example_external_task_marker_dag.py for tasks to queue
[2026-05-09T12:02:36.224+0000] {logging_mixin.py:188} INFO - [2026-05-09T12:02:36.224+0000] {dagbag.py:545} INFO - Filling up the DagBag from /home/vscode/.local/lib/python3.11/site-packages/airflow/example_dags/example_external_task_marker_dag.py
[2026-05-09T12:02:36.229+0000] {processor.py:840} INFO - DAG(s) 'example_external_task_marker_parent', 'example_external_task_marker_child' retrieved from /home/vscode/.local/lib/python3.11/site-packages/airflow/example_dags/example_external_task_marker_dag.py
[2026-05-09T12:02:36.243+0000] {logging_mixin.py:188} INFO - [2026-05-09T12:02:36.243+0000] {dag.py:3096} INFO - Sync 2 DAGs
[2026-05-09T12:02:36.252+0000] {logging_mixin.py:188} INFO - [2026-05-09T12:02:36.252+0000] {dag.py:3954} INFO - Setting next_dagrun for example_external_task_marker_child to None, run_after=None
[2026-05-09T12:02:36.254+0000] {logging_mixin.py:188} INFO - [2026-05-09T12:02:36.254+0000] {dag.py:3954} INFO - Setting next_dagrun for example_external_task_marker_parent to None, run_after=None
[2026-05-09T12:02:36.269+0000] {processor.py:183} INFO - Processing /home/vscode/.local/lib/python3.11/site-packages/airflow/example_dags/example_external_task_marker_dag.py took 0.052 seconds
[2026-05-09T12:03:38.141+0000] {processor.py:161} INFO - Started process (PID=33034) to work on /home/vscode/.local/lib/python3.11/site-packages/airflow/example_dags/example_external_task_marker_dag.py
[2026-05-09T12:03:38.141+0000] {processor.py:830} INFO - Processing file /home/vscode/.local/lib/python3.11/site-packages/airflow/example_dags/example_external_task_marker_dag.py for tasks to queue
[2026-05-09T12:03:38.142+0000] {logging_mixin.py:188} INFO - [2026-05-09T12:03:38.142+0000] {dagbag.py:545} INFO - Filling up the DagBag from /home/vscode/.local/lib/python3.11/site-packages/airflow/example_dags/example_external_task_marker_dag.py
[2026-05-09T12:03:38.147+0000] {processor.py:840} INFO - DAG(s) 'example_external_task_marker_child', 'example_external_task_marker_parent' retrieved from /home/vscode/.local/lib/python3.11/site-packages/airflow/example_dags/example_external_task_marker_dag.py
[2026-05-09T12:03:38.160+0000] {logging_mixin.py:188} INFO - [2026-05-09T12:03:38.160+0000] {dag.py:3096} INFO - Sync 2 DAGs
[2026-05-09T12:03:38.168+0000] {logging_mixin.py:188} INFO - [2026-05-09T12:03:38.168+0000] {dag.py:3954} INFO - Setting next_dagrun for example_external_task_marker_child to None, run_after=None
[2026-05-09T12:03:38.170+0000] {logging_mixin.py:188} INFO - [2026-05-09T12:03:38.170+0000] {dag.py:3954} INFO - Setting next_dagrun for example_external_task_marker_parent to None, run_after=None
[2026-05-09T12:03:38.184+0000] {processor.py:183} INFO - Processing /home/vscode/.local/lib/python3.11/site-packages/airflow/example_dags/example_external_task_marker_dag.py took 0.051 seconds
[2026-05-09T12:04:41.822+0000] {processor.py:161} INFO - Started process (PID=33557) to work on /home/vscode/.local/lib/python3.11/site-packages/airflow/example_dags/example_external_task_marker_dag.py
[2026-05-09T12:04:41.822+0000] {processor.py:830} INFO - Processing file /home/vscode/.local/lib/python3.11/site-packages/airflow/example_dags/example_external_task_marker_dag.py for tasks to queue
[2026-05-09T12:04:41.823+0000] {logging_mixin.py:188} INFO - [2026-05-09T12:04:41.823+0000] {dagbag.py:545} INFO - Filling up the DagBag from /home/vscode/.local/lib/python3.11/site-packages/airflow/example_dags/example_external_task_marker_dag.py
[2026-05-09T12:04:41.829+0000] {processor.py:840} INFO - DAG(s) 'example_external_task_marker_child', 'example_external_task_marker_parent' retrieved from /home/vscode/.local/lib/python3.11/site-packages/airflow/example_dags/example_external_task_marker_dag.py
[2026-05-09T12:04:41.846+0000] {logging_mixin.py:188} INFO - [2026-05-09T12:04:41.846+0000] {dag.py:3096} INFO - Sync 2 DAGs
[2026-05-09T12:04:41.856+0000] {logging_mixin.py:188} INFO - [2026-05-09T12:04:41.856+0000] {dag.py:3954} INFO - Setting next_dagrun for example_external_task_marker_child to None, run_after=None
[2026-05-09T12:04:41.859+0000] {logging_mixin.py:188} INFO - [2026-05-09T12:04:41.859+0000] {dag.py:3954} INFO - Setting next_dagrun for example_external_task_marker_parent to None, run_after=None
[2026-05-09T12:04:41.873+0000] {processor.py:183} INFO - Processing /home/vscode/.local/lib/python3.11/site-packages/airflow/example_dags/example_external_task_marker_dag.py took 0.058 seconds
[2026-05-09T12:05:43.898+0000] {processor.py:161} INFO - Started process (PID=34083) to work on /home/vscode/.local/lib/python3.11/site-packages/airflow/example_dags/example_external_task_marker_dag.py
[2026-05-09T12:05:43.899+0000] {processor.py:830} INFO - Processing file /home/vscode/.local/lib/python3.11/site-packages/airflow/example_dags/example_external_task_marker_dag.py for tasks to queue
[2026-05-09T12:05:43.899+0000] {logging_mixin.py:188} INFO - [2026-05-09T12:05:43.899+0000] {dagbag.py:545} INFO - Filling up the DagBag from /home/vscode/.local/lib/python3.11/site-packages/airflow/example_dags/example_external_task_marker_dag.py
[2026-05-09T12:05:43.904+0000] {processor.py:840} INFO - DAG(s) 'example_external_task_marker_parent', 'example_external_task_marker_child' retrieved from /home/vscode/.local/lib/python3.11/site-packages/airflow/example_dags/example_external_task_marker_dag.py
[2026-05-09T12:05:43.918+0000] {logging_mixin.py:188} INFO - [2026-05-09T12:05:43.918+0000] {dag.py:3096} INFO - Sync 2 DAGs
[2026-05-09T12:05:43.928+0000] {logging_mixin.py:188} INFO - [2026-05-09T12:05:43.928+0000] {dag.py:3954} INFO - Setting next_dagrun for example_external_task_marker_child to None, run_after=None
[2026-05-09T12:05:43.931+0000] {logging_mixin.py:188} INFO - [2026-05-09T12:05:43.931+0000] {dag.py:3954} INFO - Setting next_dagrun for example_external_task_marker_parent to None, run_after=None
[2026-05-09T12:05:43.947+0000] {processor.py:183} INFO - Processing /home/vscode/.local/lib/python3.11/site-packages/airflow/example_dags/example_external_task_marker_dag.py took 0.055 seconds
[2026-05-09T12:06:50.135+0000] {processor.py:161} INFO - Started process (PID=34574) to work on /home/vscode/.local/lib/python3.11/site-packages/airflow/example_dags/example_external_task_marker_dag.py
[2026-05-09T12:06:50.136+0000] {processor.py:830} INFO - Processing file /home/vscode/.local/lib/python3.11/site-packages/airflow/example_dags/example_external_task_marker_dag.py for tasks to queue
[2026-05-09T12:06:50.136+0000] {logging_mixin.py:188} INFO - [2026-05-09T12:06:50.136+0000] {dagbag.py:545} INFO - Filling up the DagBag from /home/vscode/.local/lib/python3.11/site-packages/airflow/example_dags/example_external_task_marker_dag.py
[2026-05-09T12:06:50.143+0000] {processor.py:840} INFO - DAG(s) 'example_external_task_marker_parent', 'example_external_task_marker_child' retrieved from /home/vscode/.local/lib/python3.11/site-packages/airflow/example_dags/example_external_task_marker_dag.py
[2026-05-09T12:06:50.157+0000] {logging_mixin.py:188} INFO - [2026-05-09T12:06:50.157+0000] {dag.py:3096} INFO - Sync 2 DAGs
[2026-05-09T12:06:50.165+0000] {logging_mixin.py:188} INFO - [2026-05-09T12:06:50.165+0000] {dag.py:3954} INFO - Setting next_dagrun for example_external_task_marker_child to None, run_after=None
[2026-05-09T12:06:50.168+0000] {logging_mixin.py:188} INFO - [2026-05-09T12:06:50.168+0000] {dag.py:3954} INFO - Setting next_dagrun for example_external_task_marker_parent to None, run_after=None
[2026-05-09T12:06:50.183+0000] {processor.py:183} INFO - Processing /home/vscode/.local/lib/python3.11/site-packages/airflow/example_dags/example_external_task_marker_dag.py took 0.056 seconds
[2026-05-09T12:07:53.033+0000] {processor.py:161} INFO - Started process (PID=35114) to work on /home/vscode/.local/lib/python3.11/site-packages/airflow/example_dags/example_external_task_marker_dag.py
[2026-05-09T12:07:53.034+0000] {processor.py:830} INFO - Processing file /home/vscode/.local/lib/python3.11/site-packages/airflow/example_dags/example_external_task_marker_dag.py for tasks to queue
[2026-05-09T12:07:53.034+0000] {logging_mixin.py:188} INFO - [2026-05-09T12:07:53.034+0000] {dagbag.py:545} INFO - Filling up the DagBag from /home/vscode/.local/lib/python3.11/site-packages/airflow/example_dags/example_external_task_marker_dag.py
[2026-05-09T12:07:53.040+0000] {processor.py:840} INFO - DAG(s) 'example_external_task_marker_parent', 'example_external_task_marker_child' retrieved from /home/vscode/.local/lib/python3.11/site-packages/airflow/example_dags/example_external_task_marker_dag.py
[2026-05-09T12:07:53.054+0000] {logging_mixin.py:188} INFO - [2026-05-09T12:07:53.054+0000] {dag.py:3096} INFO - Sync 2 DAGs
[2026-05-09T12:07:53.063+0000] {logging_mixin.py:188} INFO - [2026-05-09T12:07:53.063+0000] {dag.py:3954} INFO - Setting next_dagrun for example_external_task_marker_child to None, run_after=None
[2026-05-09T12:07:53.065+0000] {logging_mixin.py:188} INFO - [2026-05-09T12:07:53.065+0000] {dag.py:3954} INFO - Setting next_dagrun for example_external_task_marker_parent to None, run_after=None
[2026-05-09T12:07:53.080+0000] {processor.py:183} INFO - Processing /home/vscode/.local/lib/python3.11/site-packages/airflow/example_dags/example_external_task_marker_dag.py took 0.057 seconds
[2026-05-09T12:08:54.920+0000] {processor.py:161} INFO - Started process (PID=35640) to work on /home/vscode/.local/lib/python3.11/site-packages/airflow/example_dags/example_external_task_marker_dag.py
[2026-05-09T12:08:54.921+0000] {processor.py:830} INFO - Processing file /home/vscode/.local/lib/python3.11/site-packages/airflow/example_dags/example_external_task_marker_dag.py for tasks to queue
[2026-05-09T12:08:54.921+0000] {logging_mixin.py:188} INFO - [2026-05-09T12:08:54.921+0000] {dagbag.py:545} INFO - Filling up the DagBag from /home/vscode/.local/lib/python3.11/site-packages/airflow/example_dags/example_external_task_marker_dag.py
[2026-05-09T12:08:54.927+0000] {processor.py:840} INFO - DAG(s) 'example_external_task_marker_child', 'example_external_task_marker_parent' retrieved from /home/vscode/.local/lib/python3.11/site-packages/airflow/example_dags/example_external_task_marker_dag.py
[2026-05-09T12:08:54.945+0000] {logging_mixin.py:188} INFO - [2026-05-09T12:08:54.945+0000] {dag.py:3096} INFO - Sync 2 DAGs
[2026-05-09T12:08:54.954+0000] {logging_mixin.py:188} INFO - [2026-05-09T12:08:54.954+0000] {dag.py:3954} INFO - Setting next_dagrun for example_external_task_marker_child to None, run_after=None
[2026-05-09T12:08:54.956+0000] {logging_mixin.py:188} INFO - [2026-05-09T12:08:54.956+0000] {dag.py:3954} INFO - Setting next_dagrun for example_external_task_marker_parent to None, run_after=None
[2026-05-09T12:08:54.972+0000] {processor.py:183} INFO - Processing /home/vscode/.local/lib/python3.11/site-packages/airflow/example_dags/example_external_task_marker_dag.py took 0.057 seconds
[2026-05-09T12:09:52.675+0000] {processor.py:161} INFO - Started process (PID=36152) to work on /home/vscode/.local/lib/python3.11/site-packages/airflow/example_dags/example_external_task_marker_dag.py
[2026-05-09T12:09:52.675+0000] {processor.py:830} INFO - Processing file /home/vscode/.local/lib/python3.11/site-packages/airflow/example_dags/example_external_task_marker_dag.py for tasks to queue
[2026-05-09T12:09:52.676+0000] {logging_mixin.py:188} INFO - [2026-05-09T12:09:52.676+0000] {dagbag.py:545} INFO - Filling up the DagBag from /home/vscode/.local/lib/python3.11/site-packages/airflow/example_dags/example_external_task_marker_dag.py
[2026-05-09T12:09:52.680+0000] {processor.py:840} INFO - DAG(s) 'example_external_task_marker_child', 'example_external_task_marker_parent' retrieved from /home/vscode/.local/lib/python3.11/site-packages/airflow/example_dags/example_external_task_marker_dag.py
[2026-05-09T12:09:52.693+0000] {logging_mixin.py:188} INFO - [2026-05-09T12:09:52.693+0000] {dag.py:3096} INFO - Sync 2 DAGs
[2026-05-09T12:09:52.702+0000] {logging_mixin.py:188} INFO - [2026-05-09T12:09:52.702+0000] {dag.py:3954} INFO - Setting next_dagrun for example_external_task_marker_child to None, run_after=None
[2026-05-09T12:09:52.704+0000] {logging_mixin.py:188} INFO - [2026-05-09T12:09:52.704+0000] {dag.py:3954} INFO - Setting next_dagrun for example_external_task_marker_parent to None, run_after=None
[2026-05-09T12:09:52.718+0000] {processor.py:183} INFO - Processing /home/vscode/.local/lib/python3.11/site-packages/airflow/example_dags/example_external_task_marker_dag.py took 0.050 seconds
[2026-05-09T12:10:55.705+0000] {processor.py:161} INFO - Started process (PID=36624) to work on /home/vscode/.local/lib/python3.11/site-packages/airflow/example_dags/example_external_task_marker_dag.py
[2026-05-09T12:10:55.706+0000] {processor.py:830} INFO - Processing file /home/vscode/.local/lib/python3.11/site-packages/airflow/example_dags/example_external_task_marker_dag.py for tasks to queue
[2026-05-09T12:10:55.706+0000] {logging_mixin.py:188} INFO - [2026-05-09T12:10:55.706+0000] {dagbag.py:545} INFO - Filling up the DagBag from /home/vscode/.local/lib/python3.11/site-packages/airflow/example_dags/example_external_task_marker_dag.py
[2026-05-09T12:10:55.711+0000] {processor.py:840} INFO - DAG(s) 'example_external_task_marker_parent', 'example_external_task_marker_child' retrieved from /home/vscode/.local/lib/python3.11/site-packages/airflow/example_dags/example_external_task_marker_dag.py
[2026-05-09T12:10:55.724+0000] {logging_mixin.py:188} INFO - [2026-05-09T12:10:55.724+0000] {dag.py:3096} INFO - Sync 2 DAGs
[2026-05-09T12:10:55.732+0000] {logging_mixin.py:188} INFO - [2026-05-09T12:10:55.732+0000] {dag.py:3954} INFO - Setting next_dagrun for example_external_task_marker_child to None, run_after=None
[2026-05-09T12:10:55.734+0000] {logging_mixin.py:188} INFO - [2026-05-09T12:10:55.734+0000] {dag.py:3954} INFO - Setting next_dagrun for example_external_task_marker_parent to None, run_after=None
[2026-05-09T12:10:55.752+0000] {processor.py:183} INFO - Processing /home/vscode/.local/lib/python3.11/site-packages/airflow/example_dags/example_external_task_marker_dag.py took 0.053 seconds
[2026-05-09T12:11:55.481+0000] {processor.py:161} INFO - Started process (PID=37145) to work on /home/vscode/.local/lib/python3.11/site-packages/airflow/example_dags/example_external_task_marker_dag.py
[2026-05-09T12:11:55.482+0000] {processor.py:830} INFO - Processing file /home/vscode/.local/lib/python3.11/site-packages/airflow/example_dags/example_external_task_marker_dag.py for tasks to queue
[2026-05-09T12:11:55.482+0000] {logging_mixin.py:188} INFO - [2026-05-09T12:11:55.482+0000] {dagbag.py:545} INFO - Filling up the DagBag from /home/vscode/.local/lib/python3.11/site-packages/airflow/example_dags/example_external_task_marker_dag.py
[2026-05-09T12:11:55.487+0000] {processor.py:840} INFO - DAG(s) 'example_external_task_marker_child', 'example_external_task_marker_parent' retrieved from /home/vscode/.local/lib/python3.11/site-packages/airflow/example_dags/example_external_task_marker_dag.py
[2026-05-09T12:11:55.500+0000] {logging_mixin.py:188} INFO - [2026-05-09T12:11:55.500+0000] {dag.py:3096} INFO - Sync 2 DAGs
[2026-05-09T12:11:55.509+0000] {logging_mixin.py:188} INFO - [2026-05-09T12:11:55.509+0000] {dag.py:3954} INFO - Setting next_dagrun for example_external_task_marker_child to None, run_after=None
[2026-05-09T12:11:55.511+0000] {logging_mixin.py:188} INFO - [2026-05-09T12:11:55.511+0000] {dag.py:3954} INFO - Setting next_dagrun for example_external_task_marker_parent to None, run_after=None
[2026-05-09T12:11:55.526+0000] {processor.py:183} INFO - Processing /home/vscode/.local/lib/python3.11/site-packages/airflow/example_dags/example_external_task_marker_dag.py took 0.053 seconds
[2026-05-09T12:12:57.355+0000] {processor.py:161} INFO - Started process (PID=37610) to work on /home/vscode/.local/lib/python3.11/site-packages/airflow/example_dags/example_external_task_marker_dag.py
[2026-05-09T12:12:57.356+0000] {processor.py:830} INFO - Processing file /home/vscode/.local/lib/python3.11/site-packages/airflow/example_dags/example_external_task_marker_dag.py for tasks to queue
[2026-05-09T12:12:57.356+0000] {logging_mixin.py:188} INFO - [2026-05-09T12:12:57.356+0000] {dagbag.py:545} INFO - Filling up the DagBag from /home/vscode/.local/lib/python3.11/site-packages/airflow/example_dags/example_external_task_marker_dag.py
[2026-05-09T12:12:57.361+0000] {processor.py:840} INFO - DAG(s) 'example_external_task_marker_child', 'example_external_task_marker_parent' retrieved from /home/vscode/.local/lib/python3.11/site-packages/airflow/example_dags/example_external_task_marker_dag.py
[2026-05-09T12:12:57.376+0000] {logging_mixin.py:188} INFO - [2026-05-09T12:12:57.376+0000] {dag.py:3096} INFO - Sync 2 DAGs
[2026-05-09T12:12:57.387+0000] {logging_mixin.py:188} INFO - [2026-05-09T12:12:57.387+0000] {dag.py:3954} INFO - Setting next_dagrun for example_external_task_marker_child to None, run_after=None
[2026-05-09T12:12:57.393+0000] {logging_mixin.py:188} INFO - [2026-05-09T12:12:57.393+0000] {dag.py:3954} INFO - Setting next_dagrun for example_external_task_marker_parent to None, run_after=None
[2026-05-09T12:12:57.421+0000] {processor.py:183} INFO - Processing /home/vscode/.local/lib/python3.11/site-packages/airflow/example_dags/example_external_task_marker_dag.py took 0.072 seconds
[2026-05-09T12:14:01.456+0000] {processor.py:161} INFO - Started process (PID=38210) to work on /home/vscode/.local/lib/python3.11/site-packages/airflow/example_dags/example_external_task_marker_dag.py
[2026-05-09T12:14:01.457+0000] {processor.py:830} INFO - Processing file /home/vscode/.local/lib/python3.11/site-packages/airflow/example_dags/example_external_task_marker_dag.py for tasks to queue
[2026-05-09T12:14:01.457+0000] {logging_mixin.py:188} INFO - [2026-05-09T12:14:01.457+0000] {dagbag.py:545} INFO - Filling up the DagBag from /home/vscode/.local/lib/python3.11/site-packages/airflow/example_dags/example_external_task_marker_dag.py
[2026-05-09T12:14:01.462+0000] {processor.py:840} INFO - DAG(s) 'example_external_task_marker_child', 'example_external_task_marker_parent' retrieved from /home/vscode/.local/lib/python3.11/site-packages/airflow/example_dags/example_external_task_marker_dag.py
[2026-05-09T12:14:01.475+0000] {logging_mixin.py:188} INFO - [2026-05-09T12:14:01.475+0000] {dag.py:3096} INFO - Sync 2 DAGs
[2026-05-09T12:14:01.483+0000] {logging_mixin.py:188} INFO - [2026-05-09T12:14:01.483+0000] {dag.py:3954} INFO - Setting next_dagrun for example_external_task_marker_child to None, run_after=None
[2026-05-09T12:14:01.486+0000] {logging_mixin.py:188} INFO - [2026-05-09T12:14:01.486+0000] {dag.py:3954} INFO - Setting next_dagrun for example_external_task_marker_parent to None, run_after=None
[2026-05-09T12:14:01.500+0000] {processor.py:183} INFO - Processing /home/vscode/.local/lib/python3.11/site-packages/airflow/example_dags/example_external_task_marker_dag.py took 0.050 seconds
[2026-05-09T12:14:52.635+0000] {processor.py:161} INFO - Started process (PID=38622) to work on /home/vscode/.local/lib/python3.11/site-packages/airflow/example_dags/example_external_task_marker_dag.py
[2026-05-09T12:14:52.636+0000] {processor.py:830} INFO - Processing file /home/vscode/.local/lib/python3.11/site-packages/airflow/example_dags/example_external_task_marker_dag.py for tasks to queue
[2026-05-09T12:14:52.636+0000] {logging_mixin.py:188} INFO - [2026-05-09T12:14:52.636+0000] {dagbag.py:545} INFO - Filling up the DagBag from /home/vscode/.local/lib/python3.11/site-packages/airflow/example_dags/example_external_task_marker_dag.py
[2026-05-09T12:14:52.642+0000] {processor.py:840} INFO - DAG(s) 'example_external_task_marker_parent', 'example_external_task_marker_child' retrieved from /home/vscode/.local/lib/python3.11/site-packages/airflow/example_dags/example_external_task_marker_dag.py
[2026-05-09T12:14:52.655+0000] {logging_mixin.py:188} INFO - [2026-05-09T12:14:52.655+0000] {dag.py:3096} INFO - Sync 2 DAGs
[2026-05-09T12:14:52.663+0000] {logging_mixin.py:188} INFO - [2026-05-09T12:14:52.663+0000] {dag.py:3954} INFO - Setting next_dagrun for example_external_task_marker_child to None, run_after=None
[2026-05-09T12:14:52.666+0000] {logging_mixin.py:188} INFO - [2026-05-09T12:14:52.665+0000] {dag.py:3954} INFO - Setting next_dagrun for example_external_task_marker_parent to None, run_after=None
[2026-05-09T12:14:52.680+0000] {processor.py:183} INFO - Processing /home/vscode/.local/lib/python3.11/site-packages/airflow/example_dags/example_external_task_marker_dag.py took 0.053 seconds
[2026-05-09T12:15:54.212+0000] {processor.py:161} INFO - Started process (PID=39093) to work on /home/vscode/.local/lib/python3.11/site-packages/airflow/example_dags/example_external_task_marker_dag.py
[2026-05-09T12:15:54.212+0000] {processor.py:830} INFO - Processing file /home/vscode/.local/lib/python3.11/site-packages/airflow/example_dags/example_external_task_marker_dag.py for tasks to queue
[2026-05-09T12:15:54.213+0000] {logging_mixin.py:188} INFO - [2026-05-09T12:15:54.213+0000] {dagbag.py:545} INFO - Filling up the DagBag from /home/vscode/.local/lib/python3.11/site-packages/airflow/example_dags/example_external_task_marker_dag.py
[2026-05-09T12:15:54.217+0000] {processor.py:840} INFO - DAG(s) 'example_external_task_marker_child', 'example_external_task_marker_parent' retrieved from /home/vscode/.local/lib/python3.11/site-packages/airflow/example_dags/example_external_task_marker_dag.py
[2026-05-09T12:15:54.234+0000] {logging_mixin.py:188} INFO - [2026-05-09T12:15:54.233+0000] {dag.py:3096} INFO - Sync 2 DAGs
[2026-05-09T12:15:54.244+0000] {logging_mixin.py:188} INFO - [2026-05-09T12:15:54.244+0000] {dag.py:3954} INFO - Setting next_dagrun for example_external_task_marker_child to None, run_after=None
[2026-05-09T12:15:54.246+0000] {logging_mixin.py:188} INFO - [2026-05-09T12:15:54.246+0000] {dag.py:3954} INFO - Setting next_dagrun for example_external_task_marker_parent to None, run_after=None
[2026-05-09T12:15:54.261+0000] {processor.py:183} INFO - Processing /home/vscode/.local/lib/python3.11/site-packages/airflow/example_dags/example_external_task_marker_dag.py took 0.056 seconds
[2026-05-09T12:17:00.504+0000] {processor.py:161} INFO - Started process (PID=39644) to work on /home/vscode/.local/lib/python3.11/site-packages/airflow/example_dags/example_external_task_marker_dag.py
[2026-05-09T12:17:00.505+0000] {processor.py:830} INFO - Processing file /home/vscode/.local/lib/python3.11/site-packages/airflow/example_dags/example_external_task_marker_dag.py for tasks to queue
[2026-05-09T12:17:00.505+0000] {logging_mixin.py:188} INFO - [2026-05-09T12:17:00.505+0000] {dagbag.py:545} INFO - Filling up the DagBag from /home/vscode/.local/lib/python3.11/site-packages/airflow/example_dags/example_external_task_marker_dag.py
[2026-05-09T12:17:00.510+0000] {processor.py:840} INFO - DAG(s) 'example_external_task_marker_parent', 'example_external_task_marker_child' retrieved from /home/vscode/.local/lib/python3.11/site-packages/airflow/example_dags/example_external_task_marker_dag.py
[2026-05-09T12:17:00.523+0000] {logging_mixin.py:188} INFO - [2026-05-09T12:17:00.523+0000] {dag.py:3096} INFO - Sync 2 DAGs
[2026-05-09T12:17:00.534+0000] {logging_mixin.py:188} INFO - [2026-05-09T12:17:00.534+0000] {dag.py:3954} INFO - Setting next_dagrun for example_external_task_marker_child to None, run_after=None
[2026-05-09T12:17:00.537+0000] {logging_mixin.py:188} INFO - [2026-05-09T12:17:00.537+0000] {dag.py:3954} INFO - Setting next_dagrun for example_external_task_marker_parent to None, run_after=None
[2026-05-09T12:17:00.552+0000] {processor.py:183} INFO - Processing /home/vscode/.local/lib/python3.11/site-packages/airflow/example_dags/example_external_task_marker_dag.py took 0.054 seconds
[2026-05-09T12:18:06.535+0000] {processor.py:161} INFO - Started process (PID=40135) to work on /home/vscode/.local/lib/python3.11/site-packages/airflow/example_dags/example_external_task_marker_dag.py
[2026-05-09T12:18:06.535+0000] {processor.py:830} INFO - Processing file /home/vscode/.local/lib/python3.11/site-packages/airflow/example_dags/example_external_task_marker_dag.py for tasks to queue
[2026-05-09T12:18:06.536+0000] {logging_mixin.py:188} INFO - [2026-05-09T12:18:06.536+0000] {dagbag.py:545} INFO - Filling up the DagBag from /home/vscode/.local/lib/python3.11/site-packages/airflow/example_dags/example_external_task_marker_dag.py
[2026-05-09T12:18:06.541+0000] {processor.py:840} INFO - DAG(s) 'example_external_task_marker_child', 'example_external_task_marker_parent' retrieved from /home/vscode/.local/lib/python3.11/site-packages/airflow/example_dags/example_external_task_marker_dag.py
[2026-05-09T12:18:06.556+0000] {logging_mixin.py:188} INFO - [2026-05-09T12:18:06.556+0000] {dag.py:3096} INFO - Sync 2 DAGs
[2026-05-09T12:18:06.565+0000] {logging_mixin.py:188} INFO - [2026-05-09T12:18:06.565+0000] {dag.py:3954} INFO - Setting next_dagrun for example_external_task_marker_child to None, run_after=None
[2026-05-09T12:18:06.567+0000] {logging_mixin.py:188} INFO - [2026-05-09T12:18:06.567+0000] {dag.py:3954} INFO - Setting next_dagrun for example_external_task_marker_parent to None, run_after=None
[2026-05-09T12:18:06.581+0000] {processor.py:183} INFO - Processing /home/vscode/.local/lib/python3.11/site-packages/airflow/example_dags/example_external_task_marker_dag.py took 0.055 seconds
[2026-05-09T12:19:07.201+0000] {processor.py:161} INFO - Started process (PID=40718) to work on /home/vscode/.local/lib/python3.11/site-packages/airflow/example_dags/example_external_task_marker_dag.py
[2026-05-09T12:19:07.202+0000] {processor.py:830} INFO - Processing file /home/vscode/.local/lib/python3.11/site-packages/airflow/example_dags/example_external_task_marker_dag.py for tasks to queue
[2026-05-09T12:19:07.202+0000] {logging_mixin.py:188} INFO - [2026-05-09T12:19:07.202+0000] {dagbag.py:545} INFO - Filling up the DagBag from /home/vscode/.local/lib/python3.11/site-packages/airflow/example_dags/example_external_task_marker_dag.py
[2026-05-09T12:19:07.207+0000] {processor.py:840} INFO - DAG(s) 'example_external_task_marker_parent', 'example_external_task_marker_child' retrieved from /home/vscode/.local/lib/python3.11/site-packages/airflow/example_dags/example_external_task_marker_dag.py
[2026-05-09T12:19:07.221+0000] {logging_mixin.py:188} INFO - [2026-05-09T12:19:07.221+0000] {dag.py:3096} INFO - Sync 2 DAGs
[2026-05-09T12:19:07.230+0000] {logging_mixin.py:188} INFO - [2026-05-09T12:19:07.230+0000] {dag.py:3954} INFO - Setting next_dagrun for example_external_task_marker_child to None, run_after=None
[2026-05-09T12:19:07.233+0000] {logging_mixin.py:188} INFO - [2026-05-09T12:19:07.233+0000] {dag.py:3954} INFO - Setting next_dagrun for example_external_task_marker_parent to None, run_after=None
[2026-05-09T12:19:07.250+0000] {processor.py:183} INFO - Processing /home/vscode/.local/lib/python3.11/site-packages/airflow/example_dags/example_external_task_marker_dag.py took 0.055 seconds
[2026-05-09T12:20:14.181+0000] {processor.py:161} INFO - Started process (PID=41210) to work on /home/vscode/.local/lib/python3.11/site-packages/airflow/example_dags/example_external_task_marker_dag.py
[2026-05-09T12:20:14.181+0000] {processor.py:830} INFO - Processing file /home/vscode/.local/lib/python3.11/site-packages/airflow/example_dags/example_external_task_marker_dag.py for tasks to queue
[2026-05-09T12:20:14.182+0000] {logging_mixin.py:188} INFO - [2026-05-09T12:20:14.182+0000] {dagbag.py:545} INFO - Filling up the DagBag from /home/vscode/.local/lib/python3.11/site-packages/airflow/example_dags/example_external_task_marker_dag.py
[2026-05-09T12:20:14.187+0000] {processor.py:840} INFO - DAG(s) 'example_external_task_marker_parent', 'example_external_task_marker_child' retrieved from /home/vscode/.local/lib/python3.11/site-packages/airflow/example_dags/example_external_task_marker_dag.py
[2026-05-09T12:20:14.202+0000] {logging_mixin.py:188} INFO - [2026-05-09T12:20:14.202+0000] {dag.py:3096} INFO - Sync 2 DAGs
[2026-05-09T12:20:14.211+0000] {logging_mixin.py:188} INFO - [2026-05-09T12:20:14.210+0000] {dag.py:3954} INFO - Setting next_dagrun for example_external_task_marker_child to None, run_after=None
[2026-05-09T12:20:14.213+0000] {logging_mixin.py:188} INFO - [2026-05-09T12:20:14.213+0000] {dag.py:3954} INFO - Setting next_dagrun for example_external_task_marker_parent to None, run_after=None
[2026-05-09T12:20:14.234+0000] {processor.py:183} INFO - Processing /home/vscode/.local/lib/python3.11/site-packages/airflow/example_dags/example_external_task_marker_dag.py took 0.060 seconds
[2026-05-09T12:21:15.010+0000] {processor.py:161} INFO - Started process (PID=41739) to work on /home/vscode/.local/lib/python3.11/site-packages/airflow/example_dags/example_external_task_marker_dag.py
[2026-05-09T12:21:15.011+0000] {processor.py:830} INFO - Processing file /home/vscode/.local/lib/python3.11/site-packages/airflow/example_dags/example_external_task_marker_dag.py for tasks to queue
[2026-05-09T12:21:15.012+0000] {logging_mixin.py:188} INFO - [2026-05-09T12:21:15.011+0000] {dagbag.py:545} INFO - Filling up the DagBag from /home/vscode/.local/lib/python3.11/site-packages/airflow/example_dags/example_external_task_marker_dag.py
[2026-05-09T12:21:15.017+0000] {processor.py:840} INFO - DAG(s) 'example_external_task_marker_child', 'example_external_task_marker_parent' retrieved from /home/vscode/.local/lib/python3.11/site-packages/airflow/example_dags/example_external_task_marker_dag.py
[2026-05-09T12:21:15.044+0000] {logging_mixin.py:188} INFO - [2026-05-09T12:21:15.044+0000] {dag.py:3096} INFO - Sync 2 DAGs
[2026-05-09T12:21:15.056+0000] {logging_mixin.py:188} INFO - [2026-05-09T12:21:15.056+0000] {dag.py:3954} INFO - Setting next_dagrun for example_external_task_marker_child to None, run_after=None
[2026-05-09T12:21:15.059+0000] {logging_mixin.py:188} INFO - [2026-05-09T12:21:15.059+0000] {dag.py:3954} INFO - Setting next_dagrun for example_external_task_marker_parent to None, run_after=None
[2026-05-09T12:21:15.080+0000] {processor.py:183} INFO - Processing /home/vscode/.local/lib/python3.11/site-packages/airflow/example_dags/example_external_task_marker_dag.py took 0.079 seconds
