[2026-05-09T11:19:11.666+0000] {processor.py:161} INFO - Started process (PID=7310) to work on /home/vscode/.local/lib/python3.11/site-packages/airflow/example_dags/example_dynamic_task_mapping.py
[2026-05-09T11:19:11.667+0000] {processor.py:830} INFO - Processing file /home/vscode/.local/lib/python3.11/site-packages/airflow/example_dags/example_dynamic_task_mapping.py for tasks to queue
[2026-05-09T11:19:11.668+0000] {logging_mixin.py:188} INFO - [2026-05-09T11:19:11.667+0000] {dagbag.py:545} INFO - Filling up the DagBag from /home/vscode/.local/lib/python3.11/site-packages/airflow/example_dags/example_dynamic_task_mapping.py
[2026-05-09T11:19:11.673+0000] {processor.py:840} INFO - DAG(s) 'example_dynamic_task_mapping' retrieved from /home/vscode/.local/lib/python3.11/site-packages/airflow/example_dags/example_dynamic_task_mapping.py
[2026-05-09T11:19:11.836+0000] {logging_mixin.py:188} INFO - [2026-05-09T11:19:11.836+0000] {dag.py:3096} INFO - Sync 1 DAGs
[2026-05-09T11:19:11.846+0000] {logging_mixin.py:188} INFO - [2026-05-09T11:19:11.846+0000] {dag.py:3954} INFO - Setting next_dagrun for example_dynamic_task_mapping to 2022-03-04 00:00:00+00:00, run_after=2022-03-05 00:00:00+00:00
[2026-05-09T11:19:11.862+0000] {processor.py:183} INFO - Processing /home/vscode/.local/lib/python3.11/site-packages/airflow/example_dags/example_dynamic_task_mapping.py took 0.201 seconds
[2026-05-09T11:20:11.420+0000] {processor.py:161} INFO - Started process (PID=7820) to work on /home/vscode/.local/lib/python3.11/site-packages/airflow/example_dags/example_dynamic_task_mapping.py
[2026-05-09T11:20:11.421+0000] {processor.py:830} INFO - Processing file /home/vscode/.local/lib/python3.11/site-packages/airflow/example_dags/example_dynamic_task_mapping.py for tasks to queue
[2026-05-09T11:20:11.421+0000] {logging_mixin.py:188} INFO - [2026-05-09T11:20:11.421+0000] {dagbag.py:545} INFO - Filling up the DagBag from /home/vscode/.local/lib/python3.11/site-packages/airflow/example_dags/example_dynamic_task_mapping.py
[2026-05-09T11:20:11.424+0000] {processor.py:840} INFO - DAG(s) 'example_dynamic_task_mapping' retrieved from /home/vscode/.local/lib/python3.11/site-packages/airflow/example_dags/example_dynamic_task_mapping.py
[2026-05-09T11:20:11.432+0000] {logging_mixin.py:188} INFO - [2026-05-09T11:20:11.432+0000] {dag.py:3096} INFO - Sync 1 DAGs
[2026-05-09T11:20:11.444+0000] {logging_mixin.py:188} INFO - [2026-05-09T11:20:11.444+0000] {dag.py:3954} INFO - Setting next_dagrun for example_dynamic_task_mapping to 2022-03-04 00:00:00+00:00, run_after=2022-03-05 00:00:00+00:00
[2026-05-09T11:20:11.461+0000] {processor.py:183} INFO - Processing /home/vscode/.local/lib/python3.11/site-packages/airflow/example_dags/example_dynamic_task_mapping.py took 0.146 seconds
[2026-05-09T11:21:02.200+0000] {processor.py:161} INFO - Started process (PID=8260) to work on /home/vscode/.local/lib/python3.11/site-packages/airflow/example_dags/example_dynamic_task_mapping.py
[2026-05-09T11:21:02.201+0000] {processor.py:830} INFO - Processing file /home/vscode/.local/lib/python3.11/site-packages/airflow/example_dags/example_dynamic_task_mapping.py for tasks to queue
[2026-05-09T11:21:02.201+0000] {logging_mixin.py:188} INFO - [2026-05-09T11:21:02.201+0000] {dagbag.py:545} INFO - Filling up the DagBag from /home/vscode/.local/lib/python3.11/site-packages/airflow/example_dags/example_dynamic_task_mapping.py
[2026-05-09T11:21:02.219+0000] {processor.py:840} INFO - DAG(s) 'example_dynamic_task_mapping' retrieved from /home/vscode/.local/lib/python3.11/site-packages/airflow/example_dags/example_dynamic_task_mapping.py
[2026-05-09T11:21:02.236+0000] {logging_mixin.py:188} INFO - [2026-05-09T11:21:02.236+0000] {dag.py:3096} INFO - Sync 1 DAGs
[2026-05-09T11:21:02.250+0000] {logging_mixin.py:188} INFO - [2026-05-09T11:21:02.250+0000] {dag.py:3954} INFO - Setting next_dagrun for example_dynamic_task_mapping to 2022-03-04 00:00:00+00:00, run_after=2022-03-05 00:00:00+00:00
[2026-05-09T11:21:02.265+0000] {processor.py:183} INFO - Processing /home/vscode/.local/lib/python3.11/site-packages/airflow/example_dags/example_dynamic_task_mapping.py took 0.077 seconds
[2026-05-09T11:22:04.026+0000] {processor.py:161} INFO - Started process (PID=8899) to work on /home/vscode/.local/lib/python3.11/site-packages/airflow/example_dags/example_dynamic_task_mapping.py
[2026-05-09T11:22:04.027+0000] {processor.py:830} INFO - Processing file /home/vscode/.local/lib/python3.11/site-packages/airflow/example_dags/example_dynamic_task_mapping.py for tasks to queue
[2026-05-09T11:22:04.028+0000] {logging_mixin.py:188} INFO - [2026-05-09T11:22:04.027+0000] {dagbag.py:545} INFO - Filling up the DagBag from /home/vscode/.local/lib/python3.11/site-packages/airflow/example_dags/example_dynamic_task_mapping.py
[2026-05-09T11:22:04.036+0000] {processor.py:840} INFO - DAG(s) 'example_dynamic_task_mapping' retrieved from /home/vscode/.local/lib/python3.11/site-packages/airflow/example_dags/example_dynamic_task_mapping.py
[2026-05-09T11:22:04.053+0000] {logging_mixin.py:188} INFO - [2026-05-09T11:22:04.053+0000] {dag.py:3096} INFO - Sync 1 DAGs
[2026-05-09T11:22:04.078+0000] {logging_mixin.py:188} INFO - [2026-05-09T11:22:04.078+0000] {dag.py:3954} INFO - Setting next_dagrun for example_dynamic_task_mapping to 2022-03-04 00:00:00+00:00, run_after=2022-03-05 00:00:00+00:00
[2026-05-09T11:22:04.093+0000] {processor.py:183} INFO - Processing /home/vscode/.local/lib/python3.11/site-packages/airflow/example_dags/example_dynamic_task_mapping.py took 0.083 seconds
[2026-05-09T11:22:59.805+0000] {processor.py:161} INFO - Started process (PID=9601) to work on /home/vscode/.local/lib/python3.11/site-packages/airflow/example_dags/example_dynamic_task_mapping.py
[2026-05-09T11:22:59.805+0000] {processor.py:830} INFO - Processing file /home/vscode/.local/lib/python3.11/site-packages/airflow/example_dags/example_dynamic_task_mapping.py for tasks to queue
[2026-05-09T11:22:59.806+0000] {logging_mixin.py:188} INFO - [2026-05-09T11:22:59.806+0000] {dagbag.py:545} INFO - Filling up the DagBag from /home/vscode/.local/lib/python3.11/site-packages/airflow/example_dags/example_dynamic_task_mapping.py
[2026-05-09T11:22:59.811+0000] {processor.py:840} INFO - DAG(s) 'example_dynamic_task_mapping' retrieved from /home/vscode/.local/lib/python3.11/site-packages/airflow/example_dags/example_dynamic_task_mapping.py
[2026-05-09T11:22:59.822+0000] {logging_mixin.py:188} INFO - [2026-05-09T11:22:59.822+0000] {dag.py:3096} INFO - Sync 1 DAGs
[2026-05-09T11:22:59.836+0000] {logging_mixin.py:188} INFO - [2026-05-09T11:22:59.836+0000] {dag.py:3954} INFO - Setting next_dagrun for example_dynamic_task_mapping to 2022-03-04 00:00:00+00:00, run_after=2022-03-05 00:00:00+00:00
[2026-05-09T11:22:59.852+0000] {processor.py:183} INFO - Processing /home/vscode/.local/lib/python3.11/site-packages/airflow/example_dags/example_dynamic_task_mapping.py took 0.054 seconds
[2026-05-09T11:24:00.079+0000] {processor.py:161} INFO - Started process (PID=10361) to work on /home/vscode/.local/lib/python3.11/site-packages/airflow/example_dags/example_dynamic_task_mapping.py
[2026-05-09T11:24:00.080+0000] {processor.py:830} INFO - Processing file /home/vscode/.local/lib/python3.11/site-packages/airflow/example_dags/example_dynamic_task_mapping.py for tasks to queue
[2026-05-09T11:24:00.080+0000] {logging_mixin.py:188} INFO - [2026-05-09T11:24:00.080+0000] {dagbag.py:545} INFO - Filling up the DagBag from /home/vscode/.local/lib/python3.11/site-packages/airflow/example_dags/example_dynamic_task_mapping.py
[2026-05-09T11:24:00.086+0000] {processor.py:840} INFO - DAG(s) 'example_dynamic_task_mapping' retrieved from /home/vscode/.local/lib/python3.11/site-packages/airflow/example_dags/example_dynamic_task_mapping.py
[2026-05-09T11:24:00.097+0000] {logging_mixin.py:188} INFO - [2026-05-09T11:24:00.097+0000] {dag.py:3096} INFO - Sync 1 DAGs
[2026-05-09T11:24:00.111+0000] {logging_mixin.py:188} INFO - [2026-05-09T11:24:00.111+0000] {dag.py:3954} INFO - Setting next_dagrun for example_dynamic_task_mapping to 2022-03-04 00:00:00+00:00, run_after=2022-03-05 00:00:00+00:00
[2026-05-09T11:24:00.125+0000] {processor.py:183} INFO - Processing /home/vscode/.local/lib/python3.11/site-packages/airflow/example_dags/example_dynamic_task_mapping.py took 0.053 seconds
[2026-05-09T11:25:00.766+0000] {processor.py:161} INFO - Started process (PID=11182) to work on /home/vscode/.local/lib/python3.11/site-packages/airflow/example_dags/example_dynamic_task_mapping.py
[2026-05-09T11:25:00.767+0000] {processor.py:830} INFO - Processing file /home/vscode/.local/lib/python3.11/site-packages/airflow/example_dags/example_dynamic_task_mapping.py for tasks to queue
[2026-05-09T11:25:00.767+0000] {logging_mixin.py:188} INFO - [2026-05-09T11:25:00.767+0000] {dagbag.py:545} INFO - Filling up the DagBag from /home/vscode/.local/lib/python3.11/site-packages/airflow/example_dags/example_dynamic_task_mapping.py
[2026-05-09T11:25:00.773+0000] {processor.py:840} INFO - DAG(s) 'example_dynamic_task_mapping' retrieved from /home/vscode/.local/lib/python3.11/site-packages/airflow/example_dags/example_dynamic_task_mapping.py
[2026-05-09T11:25:00.786+0000] {logging_mixin.py:188} INFO - [2026-05-09T11:25:00.786+0000] {dag.py:3096} INFO - Sync 1 DAGs
[2026-05-09T11:25:00.807+0000] {logging_mixin.py:188} INFO - [2026-05-09T11:25:00.807+0000] {dag.py:3954} INFO - Setting next_dagrun for example_dynamic_task_mapping to 2022-03-04 00:00:00+00:00, run_after=2022-03-05 00:00:00+00:00
[2026-05-09T11:25:00.827+0000] {processor.py:183} INFO - Processing /home/vscode/.local/lib/python3.11/site-packages/airflow/example_dags/example_dynamic_task_mapping.py took 0.067 seconds
[2026-05-09T11:26:02.302+0000] {processor.py:161} INFO - Started process (PID=11652) to work on /home/vscode/.local/lib/python3.11/site-packages/airflow/example_dags/example_dynamic_task_mapping.py
[2026-05-09T11:26:02.303+0000] {processor.py:830} INFO - Processing file /home/vscode/.local/lib/python3.11/site-packages/airflow/example_dags/example_dynamic_task_mapping.py for tasks to queue
[2026-05-09T11:26:02.303+0000] {logging_mixin.py:188} INFO - [2026-05-09T11:26:02.303+0000] {dagbag.py:545} INFO - Filling up the DagBag from /home/vscode/.local/lib/python3.11/site-packages/airflow/example_dags/example_dynamic_task_mapping.py
[2026-05-09T11:26:02.309+0000] {processor.py:840} INFO - DAG(s) 'example_dynamic_task_mapping' retrieved from /home/vscode/.local/lib/python3.11/site-packages/airflow/example_dags/example_dynamic_task_mapping.py
[2026-05-09T11:26:02.320+0000] {logging_mixin.py:188} INFO - [2026-05-09T11:26:02.319+0000] {dag.py:3096} INFO - Sync 1 DAGs
[2026-05-09T11:26:02.334+0000] {logging_mixin.py:188} INFO - [2026-05-09T11:26:02.334+0000] {dag.py:3954} INFO - Setting next_dagrun for example_dynamic_task_mapping to 2022-03-04 00:00:00+00:00, run_after=2022-03-05 00:00:00+00:00
[2026-05-09T11:26:02.350+0000] {processor.py:183} INFO - Processing /home/vscode/.local/lib/python3.11/site-packages/airflow/example_dags/example_dynamic_task_mapping.py took 0.054 seconds
[2026-05-09T11:27:01.683+0000] {processor.py:161} INFO - Started process (PID=12339) to work on /home/vscode/.local/lib/python3.11/site-packages/airflow/example_dags/example_dynamic_task_mapping.py
[2026-05-09T11:27:01.684+0000] {processor.py:830} INFO - Processing file /home/vscode/.local/lib/python3.11/site-packages/airflow/example_dags/example_dynamic_task_mapping.py for tasks to queue
[2026-05-09T11:27:01.684+0000] {logging_mixin.py:188} INFO - [2026-05-09T11:27:01.684+0000] {dagbag.py:545} INFO - Filling up the DagBag from /home/vscode/.local/lib/python3.11/site-packages/airflow/example_dags/example_dynamic_task_mapping.py
[2026-05-09T11:27:01.690+0000] {processor.py:840} INFO - DAG(s) 'example_dynamic_task_mapping' retrieved from /home/vscode/.local/lib/python3.11/site-packages/airflow/example_dags/example_dynamic_task_mapping.py
[2026-05-09T11:27:01.701+0000] {logging_mixin.py:188} INFO - [2026-05-09T11:27:01.701+0000] {dag.py:3096} INFO - Sync 1 DAGs
[2026-05-09T11:27:01.716+0000] {logging_mixin.py:188} INFO - [2026-05-09T11:27:01.716+0000] {dag.py:3954} INFO - Setting next_dagrun for example_dynamic_task_mapping to 2022-03-04 00:00:00+00:00, run_after=2022-03-05 00:00:00+00:00
[2026-05-09T11:27:01.731+0000] {processor.py:183} INFO - Processing /home/vscode/.local/lib/python3.11/site-packages/airflow/example_dags/example_dynamic_task_mapping.py took 0.055 seconds
[2026-05-09T11:28:02.322+0000] {processor.py:161} INFO - Started process (PID=13059) to work on /home/vscode/.local/lib/python3.11/site-packages/airflow/example_dags/example_dynamic_task_mapping.py
[2026-05-09T11:28:02.323+0000] {processor.py:830} INFO - Processing file /home/vscode/.local/lib/python3.11/site-packages/airflow/example_dags/example_dynamic_task_mapping.py for tasks to queue
[2026-05-09T11:28:02.323+0000] {logging_mixin.py:188} INFO - [2026-05-09T11:28:02.323+0000] {dagbag.py:545} INFO - Filling up the DagBag from /home/vscode/.local/lib/python3.11/site-packages/airflow/example_dags/example_dynamic_task_mapping.py
[2026-05-09T11:28:02.329+0000] {processor.py:840} INFO - DAG(s) 'example_dynamic_task_mapping' retrieved from /home/vscode/.local/lib/python3.11/site-packages/airflow/example_dags/example_dynamic_task_mapping.py
[2026-05-09T11:28:02.339+0000] {logging_mixin.py:188} INFO - [2026-05-09T11:28:02.339+0000] {dag.py:3096} INFO - Sync 1 DAGs
[2026-05-09T11:28:02.353+0000] {logging_mixin.py:188} INFO - [2026-05-09T11:28:02.353+0000] {dag.py:3954} INFO - Setting next_dagrun for example_dynamic_task_mapping to 2022-03-04 00:00:00+00:00, run_after=2022-03-05 00:00:00+00:00
[2026-05-09T11:28:02.369+0000] {processor.py:183} INFO - Processing /home/vscode/.local/lib/python3.11/site-packages/airflow/example_dags/example_dynamic_task_mapping.py took 0.053 seconds
[2026-05-09T11:29:00.390+0000] {processor.py:161} INFO - Started process (PID=13747) to work on /home/vscode/.local/lib/python3.11/site-packages/airflow/example_dags/example_dynamic_task_mapping.py
[2026-05-09T11:29:00.391+0000] {processor.py:830} INFO - Processing file /home/vscode/.local/lib/python3.11/site-packages/airflow/example_dags/example_dynamic_task_mapping.py for tasks to queue
[2026-05-09T11:29:00.392+0000] {logging_mixin.py:188} INFO - [2026-05-09T11:29:00.391+0000] {dagbag.py:545} INFO - Filling up the DagBag from /home/vscode/.local/lib/python3.11/site-packages/airflow/example_dags/example_dynamic_task_mapping.py
[2026-05-09T11:29:00.398+0000] {processor.py:840} INFO - DAG(s) 'example_dynamic_task_mapping' retrieved from /home/vscode/.local/lib/python3.11/site-packages/airflow/example_dags/example_dynamic_task_mapping.py
[2026-05-09T11:29:00.409+0000] {logging_mixin.py:188} INFO - [2026-05-09T11:29:00.409+0000] {dag.py:3096} INFO - Sync 1 DAGs
[2026-05-09T11:29:00.423+0000] {logging_mixin.py:188} INFO - [2026-05-09T11:29:00.423+0000] {dag.py:3954} INFO - Setting next_dagrun for example_dynamic_task_mapping to 2022-03-04 00:00:00+00:00, run_after=2022-03-05 00:00:00+00:00
[2026-05-09T11:29:00.439+0000] {processor.py:183} INFO - Processing /home/vscode/.local/lib/python3.11/site-packages/airflow/example_dags/example_dynamic_task_mapping.py took 0.059 seconds
[2026-05-09T11:30:07.226+0000] {processor.py:161} INFO - Started process (PID=14337) to work on /home/vscode/.local/lib/python3.11/site-packages/airflow/example_dags/example_dynamic_task_mapping.py
[2026-05-09T11:30:07.227+0000] {processor.py:830} INFO - Processing file /home/vscode/.local/lib/python3.11/site-packages/airflow/example_dags/example_dynamic_task_mapping.py for tasks to queue
[2026-05-09T11:30:07.228+0000] {logging_mixin.py:188} INFO - [2026-05-09T11:30:07.227+0000] {dagbag.py:545} INFO - Filling up the DagBag from /home/vscode/.local/lib/python3.11/site-packages/airflow/example_dags/example_dynamic_task_mapping.py
[2026-05-09T11:30:07.234+0000] {processor.py:840} INFO - DAG(s) 'example_dynamic_task_mapping' retrieved from /home/vscode/.local/lib/python3.11/site-packages/airflow/example_dags/example_dynamic_task_mapping.py
[2026-05-09T11:30:07.245+0000] {logging_mixin.py:188} INFO - [2026-05-09T11:30:07.244+0000] {dag.py:3096} INFO - Sync 1 DAGs
[2026-05-09T11:30:07.258+0000] {logging_mixin.py:188} INFO - [2026-05-09T11:30:07.258+0000] {dag.py:3954} INFO - Setting next_dagrun for example_dynamic_task_mapping to 2022-03-04 00:00:00+00:00, run_after=2022-03-05 00:00:00+00:00
[2026-05-09T11:30:07.274+0000] {processor.py:183} INFO - Processing /home/vscode/.local/lib/python3.11/site-packages/airflow/example_dags/example_dynamic_task_mapping.py took 0.057 seconds
[2026-05-09T11:31:06.431+0000] {processor.py:161} INFO - Started process (PID=15108) to work on /home/vscode/.local/lib/python3.11/site-packages/airflow/example_dags/example_dynamic_task_mapping.py
[2026-05-09T11:31:06.432+0000] {processor.py:830} INFO - Processing file /home/vscode/.local/lib/python3.11/site-packages/airflow/example_dags/example_dynamic_task_mapping.py for tasks to queue
[2026-05-09T11:31:06.432+0000] {logging_mixin.py:188} INFO - [2026-05-09T11:31:06.432+0000] {dagbag.py:545} INFO - Filling up the DagBag from /home/vscode/.local/lib/python3.11/site-packages/airflow/example_dags/example_dynamic_task_mapping.py
[2026-05-09T11:31:06.437+0000] {processor.py:840} INFO - DAG(s) 'example_dynamic_task_mapping' retrieved from /home/vscode/.local/lib/python3.11/site-packages/airflow/example_dags/example_dynamic_task_mapping.py
[2026-05-09T11:31:06.448+0000] {logging_mixin.py:188} INFO - [2026-05-09T11:31:06.448+0000] {dag.py:3096} INFO - Sync 1 DAGs
[2026-05-09T11:31:06.462+0000] {logging_mixin.py:188} INFO - [2026-05-09T11:31:06.462+0000] {dag.py:3954} INFO - Setting next_dagrun for example_dynamic_task_mapping to 2022-03-04 00:00:00+00:00, run_after=2022-03-05 00:00:00+00:00
[2026-05-09T11:31:06.477+0000] {processor.py:183} INFO - Processing /home/vscode/.local/lib/python3.11/site-packages/airflow/example_dags/example_dynamic_task_mapping.py took 0.053 seconds
[2026-05-09T11:32:11.203+0000] {processor.py:161} INFO - Started process (PID=15777) to work on /home/vscode/.local/lib/python3.11/site-packages/airflow/example_dags/example_dynamic_task_mapping.py
[2026-05-09T11:32:11.203+0000] {processor.py:830} INFO - Processing file /home/vscode/.local/lib/python3.11/site-packages/airflow/example_dags/example_dynamic_task_mapping.py for tasks to queue
[2026-05-09T11:32:11.204+0000] {logging_mixin.py:188} INFO - [2026-05-09T11:32:11.204+0000] {dagbag.py:545} INFO - Filling up the DagBag from /home/vscode/.local/lib/python3.11/site-packages/airflow/example_dags/example_dynamic_task_mapping.py
[2026-05-09T11:32:11.209+0000] {processor.py:840} INFO - DAG(s) 'example_dynamic_task_mapping' retrieved from /home/vscode/.local/lib/python3.11/site-packages/airflow/example_dags/example_dynamic_task_mapping.py
[2026-05-09T11:32:11.220+0000] {logging_mixin.py:188} INFO - [2026-05-09T11:32:11.220+0000] {dag.py:3096} INFO - Sync 1 DAGs
[2026-05-09T11:32:11.234+0000] {logging_mixin.py:188} INFO - [2026-05-09T11:32:11.234+0000] {dag.py:3954} INFO - Setting next_dagrun for example_dynamic_task_mapping to 2022-03-04 00:00:00+00:00, run_after=2022-03-05 00:00:00+00:00
[2026-05-09T11:32:11.250+0000] {processor.py:183} INFO - Processing /home/vscode/.local/lib/python3.11/site-packages/airflow/example_dags/example_dynamic_task_mapping.py took 0.054 seconds
[2026-05-09T11:33:16.499+0000] {processor.py:161} INFO - Started process (PID=16307) to work on /home/vscode/.local/lib/python3.11/site-packages/airflow/example_dags/example_dynamic_task_mapping.py
[2026-05-09T11:33:16.499+0000] {processor.py:830} INFO - Processing file /home/vscode/.local/lib/python3.11/site-packages/airflow/example_dags/example_dynamic_task_mapping.py for tasks to queue
[2026-05-09T11:33:16.500+0000] {logging_mixin.py:188} INFO - [2026-05-09T11:33:16.500+0000] {dagbag.py:545} INFO - Filling up the DagBag from /home/vscode/.local/lib/python3.11/site-packages/airflow/example_dags/example_dynamic_task_mapping.py
[2026-05-09T11:33:16.505+0000] {processor.py:840} INFO - DAG(s) 'example_dynamic_task_mapping' retrieved from /home/vscode/.local/lib/python3.11/site-packages/airflow/example_dags/example_dynamic_task_mapping.py
[2026-05-09T11:33:16.516+0000] {logging_mixin.py:188} INFO - [2026-05-09T11:33:16.516+0000] {dag.py:3096} INFO - Sync 1 DAGs
[2026-05-09T11:33:16.531+0000] {logging_mixin.py:188} INFO - [2026-05-09T11:33:16.531+0000] {dag.py:3954} INFO - Setting next_dagrun for example_dynamic_task_mapping to 2022-03-04 00:00:00+00:00, run_after=2022-03-05 00:00:00+00:00
[2026-05-09T11:33:16.547+0000] {processor.py:183} INFO - Processing /home/vscode/.local/lib/python3.11/site-packages/airflow/example_dags/example_dynamic_task_mapping.py took 0.055 seconds
[2026-05-09T11:34:19.811+0000] {processor.py:161} INFO - Started process (PID=16898) to work on /home/vscode/.local/lib/python3.11/site-packages/airflow/example_dags/example_dynamic_task_mapping.py
[2026-05-09T11:34:19.812+0000] {processor.py:830} INFO - Processing file /home/vscode/.local/lib/python3.11/site-packages/airflow/example_dags/example_dynamic_task_mapping.py for tasks to queue
[2026-05-09T11:34:19.812+0000] {logging_mixin.py:188} INFO - [2026-05-09T11:34:19.812+0000] {dagbag.py:545} INFO - Filling up the DagBag from /home/vscode/.local/lib/python3.11/site-packages/airflow/example_dags/example_dynamic_task_mapping.py
[2026-05-09T11:34:19.818+0000] {processor.py:840} INFO - DAG(s) 'example_dynamic_task_mapping' retrieved from /home/vscode/.local/lib/python3.11/site-packages/airflow/example_dags/example_dynamic_task_mapping.py
[2026-05-09T11:34:19.829+0000] {logging_mixin.py:188} INFO - [2026-05-09T11:34:19.829+0000] {dag.py:3096} INFO - Sync 1 DAGs
[2026-05-09T11:34:19.846+0000] {logging_mixin.py:188} INFO - [2026-05-09T11:34:19.846+0000] {dag.py:3954} INFO - Setting next_dagrun for example_dynamic_task_mapping to 2022-03-04 00:00:00+00:00, run_after=2022-03-05 00:00:00+00:00
[2026-05-09T11:34:19.878+0000] {processor.py:183} INFO - Processing /home/vscode/.local/lib/python3.11/site-packages/airflow/example_dags/example_dynamic_task_mapping.py took 0.074 seconds
[2026-05-09T11:35:20.718+0000] {processor.py:161} INFO - Started process (PID=17404) to work on /home/vscode/.local/lib/python3.11/site-packages/airflow/example_dags/example_dynamic_task_mapping.py
[2026-05-09T11:35:20.719+0000] {processor.py:830} INFO - Processing file /home/vscode/.local/lib/python3.11/site-packages/airflow/example_dags/example_dynamic_task_mapping.py for tasks to queue
[2026-05-09T11:35:20.720+0000] {logging_mixin.py:188} INFO - [2026-05-09T11:35:20.720+0000] {dagbag.py:545} INFO - Filling up the DagBag from /home/vscode/.local/lib/python3.11/site-packages/airflow/example_dags/example_dynamic_task_mapping.py
[2026-05-09T11:35:20.730+0000] {processor.py:840} INFO - DAG(s) 'example_dynamic_task_mapping' retrieved from /home/vscode/.local/lib/python3.11/site-packages/airflow/example_dags/example_dynamic_task_mapping.py
[2026-05-09T11:35:20.747+0000] {logging_mixin.py:188} INFO - [2026-05-09T11:35:20.747+0000] {dag.py:3096} INFO - Sync 1 DAGs
[2026-05-09T11:35:20.769+0000] {logging_mixin.py:188} INFO - [2026-05-09T11:35:20.769+0000] {dag.py:3954} INFO - Setting next_dagrun for example_dynamic_task_mapping to 2022-03-04 00:00:00+00:00, run_after=2022-03-05 00:00:00+00:00
[2026-05-09T11:35:20.786+0000] {processor.py:183} INFO - Processing /home/vscode/.local/lib/python3.11/site-packages/airflow/example_dags/example_dynamic_task_mapping.py took 0.084 seconds
[2026-05-09T11:36:18.082+0000] {processor.py:161} INFO - Started process (PID=17896) to work on /home/vscode/.local/lib/python3.11/site-packages/airflow/example_dags/example_dynamic_task_mapping.py
[2026-05-09T11:36:18.083+0000] {processor.py:830} INFO - Processing file /home/vscode/.local/lib/python3.11/site-packages/airflow/example_dags/example_dynamic_task_mapping.py for tasks to queue
[2026-05-09T11:36:18.084+0000] {logging_mixin.py:188} INFO - [2026-05-09T11:36:18.083+0000] {dagbag.py:545} INFO - Filling up the DagBag from /home/vscode/.local/lib/python3.11/site-packages/airflow/example_dags/example_dynamic_task_mapping.py
[2026-05-09T11:36:18.090+0000] {processor.py:840} INFO - DAG(s) 'example_dynamic_task_mapping' retrieved from /home/vscode/.local/lib/python3.11/site-packages/airflow/example_dags/example_dynamic_task_mapping.py
[2026-05-09T11:36:18.101+0000] {logging_mixin.py:188} INFO - [2026-05-09T11:36:18.101+0000] {dag.py:3096} INFO - Sync 1 DAGs
[2026-05-09T11:36:18.118+0000] {logging_mixin.py:188} INFO - [2026-05-09T11:36:18.118+0000] {dag.py:3954} INFO - Setting next_dagrun for example_dynamic_task_mapping to 2022-03-04 00:00:00+00:00, run_after=2022-03-05 00:00:00+00:00
[2026-05-09T11:36:18.137+0000] {processor.py:183} INFO - Processing /home/vscode/.local/lib/python3.11/site-packages/airflow/example_dags/example_dynamic_task_mapping.py took 0.062 seconds
[2026-05-09T11:37:20.056+0000] {processor.py:161} INFO - Started process (PID=18523) to work on /home/vscode/.local/lib/python3.11/site-packages/airflow/example_dags/example_dynamic_task_mapping.py
[2026-05-09T11:37:20.057+0000] {processor.py:830} INFO - Processing file /home/vscode/.local/lib/python3.11/site-packages/airflow/example_dags/example_dynamic_task_mapping.py for tasks to queue
[2026-05-09T11:37:20.057+0000] {logging_mixin.py:188} INFO - [2026-05-09T11:37:20.057+0000] {dagbag.py:545} INFO - Filling up the DagBag from /home/vscode/.local/lib/python3.11/site-packages/airflow/example_dags/example_dynamic_task_mapping.py
[2026-05-09T11:37:20.063+0000] {processor.py:840} INFO - DAG(s) 'example_dynamic_task_mapping' retrieved from /home/vscode/.local/lib/python3.11/site-packages/airflow/example_dags/example_dynamic_task_mapping.py
[2026-05-09T11:37:20.073+0000] {logging_mixin.py:188} INFO - [2026-05-09T11:37:20.073+0000] {dag.py:3096} INFO - Sync 1 DAGs
[2026-05-09T11:37:20.087+0000] {logging_mixin.py:188} INFO - [2026-05-09T11:37:20.087+0000] {dag.py:3954} INFO - Setting next_dagrun for example_dynamic_task_mapping to 2022-03-04 00:00:00+00:00, run_after=2022-03-05 00:00:00+00:00
[2026-05-09T11:37:20.105+0000] {processor.py:183} INFO - Processing /home/vscode/.local/lib/python3.11/site-packages/airflow/example_dags/example_dynamic_task_mapping.py took 0.055 seconds
[2026-05-09T11:38:22.472+0000] {processor.py:161} INFO - Started process (PID=19308) to work on /home/vscode/.local/lib/python3.11/site-packages/airflow/example_dags/example_dynamic_task_mapping.py
[2026-05-09T11:38:22.473+0000] {processor.py:830} INFO - Processing file /home/vscode/.local/lib/python3.11/site-packages/airflow/example_dags/example_dynamic_task_mapping.py for tasks to queue
[2026-05-09T11:38:22.474+0000] {logging_mixin.py:188} INFO - [2026-05-09T11:38:22.473+0000] {dagbag.py:545} INFO - Filling up the DagBag from /home/vscode/.local/lib/python3.11/site-packages/airflow/example_dags/example_dynamic_task_mapping.py
[2026-05-09T11:38:22.479+0000] {processor.py:840} INFO - DAG(s) 'example_dynamic_task_mapping' retrieved from /home/vscode/.local/lib/python3.11/site-packages/airflow/example_dags/example_dynamic_task_mapping.py
[2026-05-09T11:38:22.489+0000] {logging_mixin.py:188} INFO - [2026-05-09T11:38:22.489+0000] {dag.py:3096} INFO - Sync 1 DAGs
[2026-05-09T11:38:22.503+0000] {logging_mixin.py:188} INFO - [2026-05-09T11:38:22.503+0000] {dag.py:3954} INFO - Setting next_dagrun for example_dynamic_task_mapping to 2022-03-04 00:00:00+00:00, run_after=2022-03-05 00:00:00+00:00
[2026-05-09T11:38:22.519+0000] {processor.py:183} INFO - Processing /home/vscode/.local/lib/python3.11/site-packages/airflow/example_dags/example_dynamic_task_mapping.py took 0.053 seconds
[2026-05-09T11:39:21.604+0000] {processor.py:161} INFO - Started process (PID=20030) to work on /home/vscode/.local/lib/python3.11/site-packages/airflow/example_dags/example_dynamic_task_mapping.py
[2026-05-09T11:39:21.605+0000] {processor.py:830} INFO - Processing file /home/vscode/.local/lib/python3.11/site-packages/airflow/example_dags/example_dynamic_task_mapping.py for tasks to queue
[2026-05-09T11:39:21.606+0000] {logging_mixin.py:188} INFO - [2026-05-09T11:39:21.605+0000] {dagbag.py:545} INFO - Filling up the DagBag from /home/vscode/.local/lib/python3.11/site-packages/airflow/example_dags/example_dynamic_task_mapping.py
[2026-05-09T11:39:21.614+0000] {processor.py:840} INFO - DAG(s) 'example_dynamic_task_mapping' retrieved from /home/vscode/.local/lib/python3.11/site-packages/airflow/example_dags/example_dynamic_task_mapping.py
[2026-05-09T11:39:21.628+0000] {logging_mixin.py:188} INFO - [2026-05-09T11:39:21.628+0000] {dag.py:3096} INFO - Sync 1 DAGs
[2026-05-09T11:39:21.642+0000] {logging_mixin.py:188} INFO - [2026-05-09T11:39:21.642+0000] {dag.py:3954} INFO - Setting next_dagrun for example_dynamic_task_mapping to 2022-03-04 00:00:00+00:00, run_after=2022-03-05 00:00:00+00:00
[2026-05-09T11:39:21.658+0000] {processor.py:183} INFO - Processing /home/vscode/.local/lib/python3.11/site-packages/airflow/example_dags/example_dynamic_task_mapping.py took 0.063 seconds
[2026-05-09T11:40:24.181+0000] {processor.py:161} INFO - Started process (PID=20635) to work on /home/vscode/.local/lib/python3.11/site-packages/airflow/example_dags/example_dynamic_task_mapping.py
[2026-05-09T11:40:24.182+0000] {processor.py:830} INFO - Processing file /home/vscode/.local/lib/python3.11/site-packages/airflow/example_dags/example_dynamic_task_mapping.py for tasks to queue
[2026-05-09T11:40:24.182+0000] {logging_mixin.py:188} INFO - [2026-05-09T11:40:24.182+0000] {dagbag.py:545} INFO - Filling up the DagBag from /home/vscode/.local/lib/python3.11/site-packages/airflow/example_dags/example_dynamic_task_mapping.py
[2026-05-09T11:40:24.188+0000] {processor.py:840} INFO - DAG(s) 'example_dynamic_task_mapping' retrieved from /home/vscode/.local/lib/python3.11/site-packages/airflow/example_dags/example_dynamic_task_mapping.py
[2026-05-09T11:40:24.198+0000] {logging_mixin.py:188} INFO - [2026-05-09T11:40:24.198+0000] {dag.py:3096} INFO - Sync 1 DAGs
[2026-05-09T11:40:24.212+0000] {logging_mixin.py:188} INFO - [2026-05-09T11:40:24.212+0000] {dag.py:3954} INFO - Setting next_dagrun for example_dynamic_task_mapping to 2022-03-04 00:00:00+00:00, run_after=2022-03-05 00:00:00+00:00
[2026-05-09T11:40:24.229+0000] {processor.py:183} INFO - Processing /home/vscode/.local/lib/python3.11/site-packages/airflow/example_dags/example_dynamic_task_mapping.py took 0.054 seconds
[2026-05-09T11:41:29.603+0000] {processor.py:161} INFO - Started process (PID=21318) to work on /home/vscode/.local/lib/python3.11/site-packages/airflow/example_dags/example_dynamic_task_mapping.py
[2026-05-09T11:41:29.603+0000] {processor.py:830} INFO - Processing file /home/vscode/.local/lib/python3.11/site-packages/airflow/example_dags/example_dynamic_task_mapping.py for tasks to queue
[2026-05-09T11:41:29.604+0000] {logging_mixin.py:188} INFO - [2026-05-09T11:41:29.604+0000] {dagbag.py:545} INFO - Filling up the DagBag from /home/vscode/.local/lib/python3.11/site-packages/airflow/example_dags/example_dynamic_task_mapping.py
[2026-05-09T11:41:29.609+0000] {processor.py:840} INFO - DAG(s) 'example_dynamic_task_mapping' retrieved from /home/vscode/.local/lib/python3.11/site-packages/airflow/example_dags/example_dynamic_task_mapping.py
[2026-05-09T11:41:29.620+0000] {logging_mixin.py:188} INFO - [2026-05-09T11:41:29.620+0000] {dag.py:3096} INFO - Sync 1 DAGs
[2026-05-09T11:41:29.634+0000] {logging_mixin.py:188} INFO - [2026-05-09T11:41:29.634+0000] {dag.py:3954} INFO - Setting next_dagrun for example_dynamic_task_mapping to 2022-03-04 00:00:00+00:00, run_after=2022-03-05 00:00:00+00:00
[2026-05-09T11:41:29.649+0000] {processor.py:183} INFO - Processing /home/vscode/.local/lib/python3.11/site-packages/airflow/example_dags/example_dynamic_task_mapping.py took 0.052 seconds
[2026-05-09T11:42:35.109+0000] {processor.py:161} INFO - Started process (PID=21923) to work on /home/vscode/.local/lib/python3.11/site-packages/airflow/example_dags/example_dynamic_task_mapping.py
[2026-05-09T11:42:35.109+0000] {processor.py:830} INFO - Processing file /home/vscode/.local/lib/python3.11/site-packages/airflow/example_dags/example_dynamic_task_mapping.py for tasks to queue
[2026-05-09T11:42:35.110+0000] {logging_mixin.py:188} INFO - [2026-05-09T11:42:35.110+0000] {dagbag.py:545} INFO - Filling up the DagBag from /home/vscode/.local/lib/python3.11/site-packages/airflow/example_dags/example_dynamic_task_mapping.py
[2026-05-09T11:42:35.116+0000] {processor.py:840} INFO - DAG(s) 'example_dynamic_task_mapping' retrieved from /home/vscode/.local/lib/python3.11/site-packages/airflow/example_dags/example_dynamic_task_mapping.py
[2026-05-09T11:42:35.127+0000] {logging_mixin.py:188} INFO - [2026-05-09T11:42:35.126+0000] {dag.py:3096} INFO - Sync 1 DAGs
[2026-05-09T11:42:35.142+0000] {logging_mixin.py:188} INFO - [2026-05-09T11:42:35.142+0000] {dag.py:3954} INFO - Setting next_dagrun for example_dynamic_task_mapping to 2022-03-04 00:00:00+00:00, run_after=2022-03-05 00:00:00+00:00
[2026-05-09T11:42:35.158+0000] {processor.py:183} INFO - Processing /home/vscode/.local/lib/python3.11/site-packages/airflow/example_dags/example_dynamic_task_mapping.py took 0.056 seconds
[2026-05-09T11:43:42.468+0000] {processor.py:161} INFO - Started process (PID=22537) to work on /home/vscode/.local/lib/python3.11/site-packages/airflow/example_dags/example_dynamic_task_mapping.py
[2026-05-09T11:43:42.469+0000] {processor.py:830} INFO - Processing file /home/vscode/.local/lib/python3.11/site-packages/airflow/example_dags/example_dynamic_task_mapping.py for tasks to queue
[2026-05-09T11:43:42.469+0000] {logging_mixin.py:188} INFO - [2026-05-09T11:43:42.469+0000] {dagbag.py:545} INFO - Filling up the DagBag from /home/vscode/.local/lib/python3.11/site-packages/airflow/example_dags/example_dynamic_task_mapping.py
[2026-05-09T11:43:42.475+0000] {processor.py:840} INFO - DAG(s) 'example_dynamic_task_mapping' retrieved from /home/vscode/.local/lib/python3.11/site-packages/airflow/example_dags/example_dynamic_task_mapping.py
[2026-05-09T11:43:42.486+0000] {logging_mixin.py:188} INFO - [2026-05-09T11:43:42.485+0000] {dag.py:3096} INFO - Sync 1 DAGs
[2026-05-09T11:43:42.500+0000] {logging_mixin.py:188} INFO - [2026-05-09T11:43:42.500+0000] {dag.py:3954} INFO - Setting next_dagrun for example_dynamic_task_mapping to 2022-03-04 00:00:00+00:00, run_after=2022-03-05 00:00:00+00:00
[2026-05-09T11:43:42.516+0000] {processor.py:183} INFO - Processing /home/vscode/.local/lib/python3.11/site-packages/airflow/example_dags/example_dynamic_task_mapping.py took 0.055 seconds
[2026-05-09T11:44:42.440+0000] {processor.py:161} INFO - Started process (PID=23045) to work on /home/vscode/.local/lib/python3.11/site-packages/airflow/example_dags/example_dynamic_task_mapping.py
[2026-05-09T11:44:42.443+0000] {processor.py:830} INFO - Processing file /home/vscode/.local/lib/python3.11/site-packages/airflow/example_dags/example_dynamic_task_mapping.py for tasks to queue
[2026-05-09T11:44:42.444+0000] {logging_mixin.py:188} INFO - [2026-05-09T11:44:42.443+0000] {dagbag.py:545} INFO - Filling up the DagBag from /home/vscode/.local/lib/python3.11/site-packages/airflow/example_dags/example_dynamic_task_mapping.py
[2026-05-09T11:44:42.451+0000] {processor.py:840} INFO - DAG(s) 'example_dynamic_task_mapping' retrieved from /home/vscode/.local/lib/python3.11/site-packages/airflow/example_dags/example_dynamic_task_mapping.py
[2026-05-09T11:44:42.470+0000] {logging_mixin.py:188} INFO - [2026-05-09T11:44:42.469+0000] {dag.py:3096} INFO - Sync 1 DAGs
[2026-05-09T11:44:42.489+0000] {logging_mixin.py:188} INFO - [2026-05-09T11:44:42.489+0000] {dag.py:3954} INFO - Setting next_dagrun for example_dynamic_task_mapping to 2022-03-04 00:00:00+00:00, run_after=2022-03-05 00:00:00+00:00
[2026-05-09T11:44:42.516+0000] {processor.py:183} INFO - Processing /home/vscode/.local/lib/python3.11/site-packages/airflow/example_dags/example_dynamic_task_mapping.py took 0.085 seconds
[2026-05-09T11:45:34.169+0000] {processor.py:161} INFO - Started process (PID=23482) to work on /home/vscode/.local/lib/python3.11/site-packages/airflow/example_dags/example_dynamic_task_mapping.py
[2026-05-09T11:45:34.170+0000] {processor.py:830} INFO - Processing file /home/vscode/.local/lib/python3.11/site-packages/airflow/example_dags/example_dynamic_task_mapping.py for tasks to queue
[2026-05-09T11:45:34.170+0000] {logging_mixin.py:188} INFO - [2026-05-09T11:45:34.170+0000] {dagbag.py:545} INFO - Filling up the DagBag from /home/vscode/.local/lib/python3.11/site-packages/airflow/example_dags/example_dynamic_task_mapping.py
[2026-05-09T11:45:34.176+0000] {processor.py:840} INFO - DAG(s) 'example_dynamic_task_mapping' retrieved from /home/vscode/.local/lib/python3.11/site-packages/airflow/example_dags/example_dynamic_task_mapping.py
[2026-05-09T11:45:34.187+0000] {logging_mixin.py:188} INFO - [2026-05-09T11:45:34.187+0000] {dag.py:3096} INFO - Sync 1 DAGs
[2026-05-09T11:45:34.201+0000] {logging_mixin.py:188} INFO - [2026-05-09T11:45:34.201+0000] {dag.py:3954} INFO - Setting next_dagrun for example_dynamic_task_mapping to 2022-03-04 00:00:00+00:00, run_after=2022-03-05 00:00:00+00:00
[2026-05-09T11:45:34.216+0000] {processor.py:183} INFO - Processing /home/vscode/.local/lib/python3.11/site-packages/airflow/example_dags/example_dynamic_task_mapping.py took 0.054 seconds
[2026-05-09T11:46:38.224+0000] {processor.py:161} INFO - Started process (PID=24024) to work on /home/vscode/.local/lib/python3.11/site-packages/airflow/example_dags/example_dynamic_task_mapping.py
[2026-05-09T11:46:38.225+0000] {processor.py:830} INFO - Processing file /home/vscode/.local/lib/python3.11/site-packages/airflow/example_dags/example_dynamic_task_mapping.py for tasks to queue
[2026-05-09T11:46:38.226+0000] {logging_mixin.py:188} INFO - [2026-05-09T11:46:38.225+0000] {dagbag.py:545} INFO - Filling up the DagBag from /home/vscode/.local/lib/python3.11/site-packages/airflow/example_dags/example_dynamic_task_mapping.py
[2026-05-09T11:46:38.231+0000] {processor.py:840} INFO - DAG(s) 'example_dynamic_task_mapping' retrieved from /home/vscode/.local/lib/python3.11/site-packages/airflow/example_dags/example_dynamic_task_mapping.py
[2026-05-09T11:46:38.242+0000] {logging_mixin.py:188} INFO - [2026-05-09T11:46:38.242+0000] {dag.py:3096} INFO - Sync 1 DAGs
[2026-05-09T11:46:38.257+0000] {logging_mixin.py:188} INFO - [2026-05-09T11:46:38.257+0000] {dag.py:3954} INFO - Setting next_dagrun for example_dynamic_task_mapping to 2022-03-04 00:00:00+00:00, run_after=2022-03-05 00:00:00+00:00
[2026-05-09T11:46:38.273+0000] {processor.py:183} INFO - Processing /home/vscode/.local/lib/python3.11/site-packages/airflow/example_dags/example_dynamic_task_mapping.py took 0.055 seconds
[2026-05-09T11:47:44.968+0000] {processor.py:161} INFO - Started process (PID=24702) to work on /home/vscode/.local/lib/python3.11/site-packages/airflow/example_dags/example_dynamic_task_mapping.py
[2026-05-09T11:47:44.969+0000] {processor.py:830} INFO - Processing file /home/vscode/.local/lib/python3.11/site-packages/airflow/example_dags/example_dynamic_task_mapping.py for tasks to queue
[2026-05-09T11:47:44.969+0000] {logging_mixin.py:188} INFO - [2026-05-09T11:47:44.969+0000] {dagbag.py:545} INFO - Filling up the DagBag from /home/vscode/.local/lib/python3.11/site-packages/airflow/example_dags/example_dynamic_task_mapping.py
[2026-05-09T11:47:44.975+0000] {processor.py:840} INFO - DAG(s) 'example_dynamic_task_mapping' retrieved from /home/vscode/.local/lib/python3.11/site-packages/airflow/example_dags/example_dynamic_task_mapping.py
[2026-05-09T11:47:44.985+0000] {logging_mixin.py:188} INFO - [2026-05-09T11:47:44.985+0000] {dag.py:3096} INFO - Sync 1 DAGs
[2026-05-09T11:47:45.002+0000] {logging_mixin.py:188} INFO - [2026-05-09T11:47:45.002+0000] {dag.py:3954} INFO - Setting next_dagrun for example_dynamic_task_mapping to 2022-03-04 00:00:00+00:00, run_after=2022-03-05 00:00:00+00:00
[2026-05-09T11:47:45.045+0000] {processor.py:183} INFO - Processing /home/vscode/.local/lib/python3.11/site-packages/airflow/example_dags/example_dynamic_task_mapping.py took 0.083 seconds
[2026-05-09T11:48:49.872+0000] {processor.py:161} INFO - Started process (PID=25297) to work on /home/vscode/.local/lib/python3.11/site-packages/airflow/example_dags/example_dynamic_task_mapping.py
[2026-05-09T11:48:49.872+0000] {processor.py:830} INFO - Processing file /home/vscode/.local/lib/python3.11/site-packages/airflow/example_dags/example_dynamic_task_mapping.py for tasks to queue
[2026-05-09T11:48:49.873+0000] {logging_mixin.py:188} INFO - [2026-05-09T11:48:49.873+0000] {dagbag.py:545} INFO - Filling up the DagBag from /home/vscode/.local/lib/python3.11/site-packages/airflow/example_dags/example_dynamic_task_mapping.py
[2026-05-09T11:48:49.879+0000] {processor.py:840} INFO - DAG(s) 'example_dynamic_task_mapping' retrieved from /home/vscode/.local/lib/python3.11/site-packages/airflow/example_dags/example_dynamic_task_mapping.py
[2026-05-09T11:48:49.890+0000] {logging_mixin.py:188} INFO - [2026-05-09T11:48:49.890+0000] {dag.py:3096} INFO - Sync 1 DAGs
[2026-05-09T11:48:49.905+0000] {logging_mixin.py:188} INFO - [2026-05-09T11:48:49.905+0000] {dag.py:3954} INFO - Setting next_dagrun for example_dynamic_task_mapping to 2022-03-04 00:00:00+00:00, run_after=2022-03-05 00:00:00+00:00
[2026-05-09T11:48:49.923+0000] {processor.py:183} INFO - Processing /home/vscode/.local/lib/python3.11/site-packages/airflow/example_dags/example_dynamic_task_mapping.py took 0.059 seconds
[2026-05-09T11:49:51.020+0000] {processor.py:161} INFO - Started process (PID=25866) to work on /home/vscode/.local/lib/python3.11/site-packages/airflow/example_dags/example_dynamic_task_mapping.py
[2026-05-09T11:49:51.020+0000] {processor.py:830} INFO - Processing file /home/vscode/.local/lib/python3.11/site-packages/airflow/example_dags/example_dynamic_task_mapping.py for tasks to queue
[2026-05-09T11:49:51.021+0000] {logging_mixin.py:188} INFO - [2026-05-09T11:49:51.021+0000] {dagbag.py:545} INFO - Filling up the DagBag from /home/vscode/.local/lib/python3.11/site-packages/airflow/example_dags/example_dynamic_task_mapping.py
[2026-05-09T11:49:51.026+0000] {processor.py:840} INFO - DAG(s) 'example_dynamic_task_mapping' retrieved from /home/vscode/.local/lib/python3.11/site-packages/airflow/example_dags/example_dynamic_task_mapping.py
[2026-05-09T11:49:51.036+0000] {logging_mixin.py:188} INFO - [2026-05-09T11:49:51.036+0000] {dag.py:3096} INFO - Sync 1 DAGs
[2026-05-09T11:49:51.050+0000] {logging_mixin.py:188} INFO - [2026-05-09T11:49:51.050+0000] {dag.py:3954} INFO - Setting next_dagrun for example_dynamic_task_mapping to 2022-03-04 00:00:00+00:00, run_after=2022-03-05 00:00:00+00:00
[2026-05-09T11:49:51.065+0000] {processor.py:183} INFO - Processing /home/vscode/.local/lib/python3.11/site-packages/airflow/example_dags/example_dynamic_task_mapping.py took 0.052 seconds
[2026-05-09T11:50:55.495+0000] {processor.py:161} INFO - Started process (PID=26581) to work on /home/vscode/.local/lib/python3.11/site-packages/airflow/example_dags/example_dynamic_task_mapping.py
[2026-05-09T11:50:55.496+0000] {processor.py:830} INFO - Processing file /home/vscode/.local/lib/python3.11/site-packages/airflow/example_dags/example_dynamic_task_mapping.py for tasks to queue
[2026-05-09T11:50:55.496+0000] {logging_mixin.py:188} INFO - [2026-05-09T11:50:55.496+0000] {dagbag.py:545} INFO - Filling up the DagBag from /home/vscode/.local/lib/python3.11/site-packages/airflow/example_dags/example_dynamic_task_mapping.py
[2026-05-09T11:50:55.502+0000] {processor.py:840} INFO - DAG(s) 'example_dynamic_task_mapping' retrieved from /home/vscode/.local/lib/python3.11/site-packages/airflow/example_dags/example_dynamic_task_mapping.py
[2026-05-09T11:50:55.513+0000] {logging_mixin.py:188} INFO - [2026-05-09T11:50:55.512+0000] {dag.py:3096} INFO - Sync 1 DAGs
[2026-05-09T11:50:55.527+0000] {logging_mixin.py:188} INFO - [2026-05-09T11:50:55.527+0000] {dag.py:3954} INFO - Setting next_dagrun for example_dynamic_task_mapping to 2022-03-04 00:00:00+00:00, run_after=2022-03-05 00:00:00+00:00
[2026-05-09T11:50:55.541+0000] {processor.py:183} INFO - Processing /home/vscode/.local/lib/python3.11/site-packages/airflow/example_dags/example_dynamic_task_mapping.py took 0.054 seconds
[2026-05-09T11:51:59.310+0000] {processor.py:161} INFO - Started process (PID=27237) to work on /home/vscode/.local/lib/python3.11/site-packages/airflow/example_dags/example_dynamic_task_mapping.py
[2026-05-09T11:51:59.310+0000] {processor.py:830} INFO - Processing file /home/vscode/.local/lib/python3.11/site-packages/airflow/example_dags/example_dynamic_task_mapping.py for tasks to queue
[2026-05-09T11:51:59.311+0000] {logging_mixin.py:188} INFO - [2026-05-09T11:51:59.311+0000] {dagbag.py:545} INFO - Filling up the DagBag from /home/vscode/.local/lib/python3.11/site-packages/airflow/example_dags/example_dynamic_task_mapping.py
[2026-05-09T11:51:59.316+0000] {processor.py:840} INFO - DAG(s) 'example_dynamic_task_mapping' retrieved from /home/vscode/.local/lib/python3.11/site-packages/airflow/example_dags/example_dynamic_task_mapping.py
[2026-05-09T11:51:59.327+0000] {logging_mixin.py:188} INFO - [2026-05-09T11:51:59.327+0000] {dag.py:3096} INFO - Sync 1 DAGs
[2026-05-09T11:51:59.341+0000] {logging_mixin.py:188} INFO - [2026-05-09T11:51:59.341+0000] {dag.py:3954} INFO - Setting next_dagrun for example_dynamic_task_mapping to 2022-03-04 00:00:00+00:00, run_after=2022-03-05 00:00:00+00:00
[2026-05-09T11:51:59.356+0000] {processor.py:183} INFO - Processing /home/vscode/.local/lib/python3.11/site-packages/airflow/example_dags/example_dynamic_task_mapping.py took 0.052 seconds
[2026-05-09T11:52:58.842+0000] {processor.py:161} INFO - Started process (PID=27718) to work on /home/vscode/.local/lib/python3.11/site-packages/airflow/example_dags/example_dynamic_task_mapping.py
[2026-05-09T11:52:58.843+0000] {processor.py:830} INFO - Processing file /home/vscode/.local/lib/python3.11/site-packages/airflow/example_dags/example_dynamic_task_mapping.py for tasks to queue
[2026-05-09T11:52:58.843+0000] {logging_mixin.py:188} INFO - [2026-05-09T11:52:58.843+0000] {dagbag.py:545} INFO - Filling up the DagBag from /home/vscode/.local/lib/python3.11/site-packages/airflow/example_dags/example_dynamic_task_mapping.py
[2026-05-09T11:52:58.849+0000] {processor.py:840} INFO - DAG(s) 'example_dynamic_task_mapping' retrieved from /home/vscode/.local/lib/python3.11/site-packages/airflow/example_dags/example_dynamic_task_mapping.py
[2026-05-09T11:52:58.860+0000] {logging_mixin.py:188} INFO - [2026-05-09T11:52:58.860+0000] {dag.py:3096} INFO - Sync 1 DAGs
[2026-05-09T11:52:58.875+0000] {logging_mixin.py:188} INFO - [2026-05-09T11:52:58.874+0000] {dag.py:3954} INFO - Setting next_dagrun for example_dynamic_task_mapping to 2022-03-04 00:00:00+00:00, run_after=2022-03-05 00:00:00+00:00
[2026-05-09T11:52:58.889+0000] {processor.py:183} INFO - Processing /home/vscode/.local/lib/python3.11/site-packages/airflow/example_dags/example_dynamic_task_mapping.py took 0.053 seconds
[2026-05-09T11:53:59.988+0000] {processor.py:161} INFO - Started process (PID=28303) to work on /home/vscode/.local/lib/python3.11/site-packages/airflow/example_dags/example_dynamic_task_mapping.py
[2026-05-09T11:53:59.988+0000] {processor.py:830} INFO - Processing file /home/vscode/.local/lib/python3.11/site-packages/airflow/example_dags/example_dynamic_task_mapping.py for tasks to queue
[2026-05-09T11:53:59.989+0000] {logging_mixin.py:188} INFO - [2026-05-09T11:53:59.989+0000] {dagbag.py:545} INFO - Filling up the DagBag from /home/vscode/.local/lib/python3.11/site-packages/airflow/example_dags/example_dynamic_task_mapping.py
[2026-05-09T11:53:59.998+0000] {processor.py:840} INFO - DAG(s) 'example_dynamic_task_mapping' retrieved from /home/vscode/.local/lib/python3.11/site-packages/airflow/example_dags/example_dynamic_task_mapping.py
[2026-05-09T11:54:00.015+0000] {logging_mixin.py:188} INFO - [2026-05-09T11:54:00.015+0000] {dag.py:3096} INFO - Sync 1 DAGs
[2026-05-09T11:54:00.042+0000] {logging_mixin.py:188} INFO - [2026-05-09T11:54:00.042+0000] {dag.py:3954} INFO - Setting next_dagrun for example_dynamic_task_mapping to 2022-03-04 00:00:00+00:00, run_after=2022-03-05 00:00:00+00:00
[2026-05-09T11:54:00.072+0000] {processor.py:183} INFO - Processing /home/vscode/.local/lib/python3.11/site-packages/airflow/example_dags/example_dynamic_task_mapping.py took 0.093 seconds
[2026-05-09T11:55:01.502+0000] {processor.py:161} INFO - Started process (PID=28772) to work on /home/vscode/.local/lib/python3.11/site-packages/airflow/example_dags/example_dynamic_task_mapping.py
[2026-05-09T11:55:01.503+0000] {processor.py:830} INFO - Processing file /home/vscode/.local/lib/python3.11/site-packages/airflow/example_dags/example_dynamic_task_mapping.py for tasks to queue
[2026-05-09T11:55:01.504+0000] {logging_mixin.py:188} INFO - [2026-05-09T11:55:01.503+0000] {dagbag.py:545} INFO - Filling up the DagBag from /home/vscode/.local/lib/python3.11/site-packages/airflow/example_dags/example_dynamic_task_mapping.py
[2026-05-09T11:55:01.509+0000] {processor.py:840} INFO - DAG(s) 'example_dynamic_task_mapping' retrieved from /home/vscode/.local/lib/python3.11/site-packages/airflow/example_dags/example_dynamic_task_mapping.py
[2026-05-09T11:55:01.520+0000] {logging_mixin.py:188} INFO - [2026-05-09T11:55:01.520+0000] {dag.py:3096} INFO - Sync 1 DAGs
[2026-05-09T11:55:01.535+0000] {logging_mixin.py:188} INFO - [2026-05-09T11:55:01.535+0000] {dag.py:3954} INFO - Setting next_dagrun for example_dynamic_task_mapping to 2022-03-04 00:00:00+00:00, run_after=2022-03-05 00:00:00+00:00
[2026-05-09T11:55:01.551+0000] {processor.py:183} INFO - Processing /home/vscode/.local/lib/python3.11/site-packages/airflow/example_dags/example_dynamic_task_mapping.py took 0.054 seconds
[2026-05-09T11:56:03.373+0000] {processor.py:161} INFO - Started process (PID=29302) to work on /home/vscode/.local/lib/python3.11/site-packages/airflow/example_dags/example_dynamic_task_mapping.py
[2026-05-09T11:56:03.374+0000] {processor.py:830} INFO - Processing file /home/vscode/.local/lib/python3.11/site-packages/airflow/example_dags/example_dynamic_task_mapping.py for tasks to queue
[2026-05-09T11:56:03.374+0000] {logging_mixin.py:188} INFO - [2026-05-09T11:56:03.374+0000] {dagbag.py:545} INFO - Filling up the DagBag from /home/vscode/.local/lib/python3.11/site-packages/airflow/example_dags/example_dynamic_task_mapping.py
[2026-05-09T11:56:03.381+0000] {processor.py:840} INFO - DAG(s) 'example_dynamic_task_mapping' retrieved from /home/vscode/.local/lib/python3.11/site-packages/airflow/example_dags/example_dynamic_task_mapping.py
[2026-05-09T11:56:03.392+0000] {logging_mixin.py:188} INFO - [2026-05-09T11:56:03.392+0000] {dag.py:3096} INFO - Sync 1 DAGs
[2026-05-09T11:56:03.408+0000] {logging_mixin.py:188} INFO - [2026-05-09T11:56:03.407+0000] {dag.py:3954} INFO - Setting next_dagrun for example_dynamic_task_mapping to 2022-03-04 00:00:00+00:00, run_after=2022-03-05 00:00:00+00:00
[2026-05-09T11:56:03.424+0000] {processor.py:183} INFO - Processing /home/vscode/.local/lib/python3.11/site-packages/airflow/example_dags/example_dynamic_task_mapping.py took 0.057 seconds
[2026-05-09T11:57:04.077+0000] {processor.py:161} INFO - Started process (PID=29765) to work on /home/vscode/.local/lib/python3.11/site-packages/airflow/example_dags/example_dynamic_task_mapping.py
[2026-05-09T11:57:04.077+0000] {processor.py:830} INFO - Processing file /home/vscode/.local/lib/python3.11/site-packages/airflow/example_dags/example_dynamic_task_mapping.py for tasks to queue
[2026-05-09T11:57:04.078+0000] {logging_mixin.py:188} INFO - [2026-05-09T11:57:04.078+0000] {dagbag.py:545} INFO - Filling up the DagBag from /home/vscode/.local/lib/python3.11/site-packages/airflow/example_dags/example_dynamic_task_mapping.py
[2026-05-09T11:57:04.083+0000] {processor.py:840} INFO - DAG(s) 'example_dynamic_task_mapping' retrieved from /home/vscode/.local/lib/python3.11/site-packages/airflow/example_dags/example_dynamic_task_mapping.py
[2026-05-09T11:57:04.094+0000] {logging_mixin.py:188} INFO - [2026-05-09T11:57:04.094+0000] {dag.py:3096} INFO - Sync 1 DAGs
[2026-05-09T11:57:04.107+0000] {logging_mixin.py:188} INFO - [2026-05-09T11:57:04.107+0000] {dag.py:3954} INFO - Setting next_dagrun for example_dynamic_task_mapping to 2022-03-04 00:00:00+00:00, run_after=2022-03-05 00:00:00+00:00
[2026-05-09T11:57:04.123+0000] {processor.py:183} INFO - Processing /home/vscode/.local/lib/python3.11/site-packages/airflow/example_dags/example_dynamic_task_mapping.py took 0.052 seconds
[2026-05-09T11:58:07.924+0000] {processor.py:161} INFO - Started process (PID=30300) to work on /home/vscode/.local/lib/python3.11/site-packages/airflow/example_dags/example_dynamic_task_mapping.py
[2026-05-09T11:58:07.924+0000] {processor.py:830} INFO - Processing file /home/vscode/.local/lib/python3.11/site-packages/airflow/example_dags/example_dynamic_task_mapping.py for tasks to queue
[2026-05-09T11:58:07.925+0000] {logging_mixin.py:188} INFO - [2026-05-09T11:58:07.925+0000] {dagbag.py:545} INFO - Filling up the DagBag from /home/vscode/.local/lib/python3.11/site-packages/airflow/example_dags/example_dynamic_task_mapping.py
[2026-05-09T11:58:07.931+0000] {processor.py:840} INFO - DAG(s) 'example_dynamic_task_mapping' retrieved from /home/vscode/.local/lib/python3.11/site-packages/airflow/example_dags/example_dynamic_task_mapping.py
[2026-05-09T11:58:07.942+0000] {logging_mixin.py:188} INFO - [2026-05-09T11:58:07.942+0000] {dag.py:3096} INFO - Sync 1 DAGs
[2026-05-09T11:58:07.958+0000] {logging_mixin.py:188} INFO - [2026-05-09T11:58:07.958+0000] {dag.py:3954} INFO - Setting next_dagrun for example_dynamic_task_mapping to 2022-03-04 00:00:00+00:00, run_after=2022-03-05 00:00:00+00:00
[2026-05-09T11:58:07.975+0000] {processor.py:183} INFO - Processing /home/vscode/.local/lib/python3.11/site-packages/airflow/example_dags/example_dynamic_task_mapping.py took 0.057 seconds
[2026-05-09T11:59:12.996+0000] {processor.py:161} INFO - Started process (PID=30788) to work on /home/vscode/.local/lib/python3.11/site-packages/airflow/example_dags/example_dynamic_task_mapping.py
[2026-05-09T11:59:12.997+0000] {processor.py:830} INFO - Processing file /home/vscode/.local/lib/python3.11/site-packages/airflow/example_dags/example_dynamic_task_mapping.py for tasks to queue
[2026-05-09T11:59:12.997+0000] {logging_mixin.py:188} INFO - [2026-05-09T11:59:12.997+0000] {dagbag.py:545} INFO - Filling up the DagBag from /home/vscode/.local/lib/python3.11/site-packages/airflow/example_dags/example_dynamic_task_mapping.py
[2026-05-09T11:59:13.003+0000] {processor.py:840} INFO - DAG(s) 'example_dynamic_task_mapping' retrieved from /home/vscode/.local/lib/python3.11/site-packages/airflow/example_dags/example_dynamic_task_mapping.py
[2026-05-09T11:59:13.013+0000] {logging_mixin.py:188} INFO - [2026-05-09T11:59:13.013+0000] {dag.py:3096} INFO - Sync 1 DAGs
[2026-05-09T11:59:13.027+0000] {logging_mixin.py:188} INFO - [2026-05-09T11:59:13.027+0000] {dag.py:3954} INFO - Setting next_dagrun for example_dynamic_task_mapping to 2022-03-04 00:00:00+00:00, run_after=2022-03-05 00:00:00+00:00
[2026-05-09T11:59:13.043+0000] {processor.py:183} INFO - Processing /home/vscode/.local/lib/python3.11/site-packages/airflow/example_dags/example_dynamic_task_mapping.py took 0.053 seconds
[2026-05-09T12:00:15.239+0000] {processor.py:161} INFO - Started process (PID=31321) to work on /home/vscode/.local/lib/python3.11/site-packages/airflow/example_dags/example_dynamic_task_mapping.py
[2026-05-09T12:00:15.239+0000] {processor.py:830} INFO - Processing file /home/vscode/.local/lib/python3.11/site-packages/airflow/example_dags/example_dynamic_task_mapping.py for tasks to queue
[2026-05-09T12:00:15.240+0000] {logging_mixin.py:188} INFO - [2026-05-09T12:00:15.239+0000] {dagbag.py:545} INFO - Filling up the DagBag from /home/vscode/.local/lib/python3.11/site-packages/airflow/example_dags/example_dynamic_task_mapping.py
[2026-05-09T12:00:15.245+0000] {processor.py:840} INFO - DAG(s) 'example_dynamic_task_mapping' retrieved from /home/vscode/.local/lib/python3.11/site-packages/airflow/example_dags/example_dynamic_task_mapping.py
[2026-05-09T12:00:15.256+0000] {logging_mixin.py:188} INFO - [2026-05-09T12:00:15.256+0000] {dag.py:3096} INFO - Sync 1 DAGs
[2026-05-09T12:00:15.270+0000] {logging_mixin.py:188} INFO - [2026-05-09T12:00:15.270+0000] {dag.py:3954} INFO - Setting next_dagrun for example_dynamic_task_mapping to 2022-03-04 00:00:00+00:00, run_after=2022-03-05 00:00:00+00:00
[2026-05-09T12:00:15.285+0000] {processor.py:183} INFO - Processing /home/vscode/.local/lib/python3.11/site-packages/airflow/example_dags/example_dynamic_task_mapping.py took 0.053 seconds
[2026-05-09T12:01:17.473+0000] {processor.py:161} INFO - Started process (PID=31792) to work on /home/vscode/.local/lib/python3.11/site-packages/airflow/example_dags/example_dynamic_task_mapping.py
[2026-05-09T12:01:17.473+0000] {processor.py:830} INFO - Processing file /home/vscode/.local/lib/python3.11/site-packages/airflow/example_dags/example_dynamic_task_mapping.py for tasks to queue
[2026-05-09T12:01:17.474+0000] {logging_mixin.py:188} INFO - [2026-05-09T12:01:17.473+0000] {dagbag.py:545} INFO - Filling up the DagBag from /home/vscode/.local/lib/python3.11/site-packages/airflow/example_dags/example_dynamic_task_mapping.py
[2026-05-09T12:01:17.479+0000] {processor.py:840} INFO - DAG(s) 'example_dynamic_task_mapping' retrieved from /home/vscode/.local/lib/python3.11/site-packages/airflow/example_dags/example_dynamic_task_mapping.py
[2026-05-09T12:01:17.489+0000] {logging_mixin.py:188} INFO - [2026-05-09T12:01:17.489+0000] {dag.py:3096} INFO - Sync 1 DAGs
[2026-05-09T12:01:17.503+0000] {logging_mixin.py:188} INFO - [2026-05-09T12:01:17.503+0000] {dag.py:3954} INFO - Setting next_dagrun for example_dynamic_task_mapping to 2022-03-04 00:00:00+00:00, run_after=2022-03-05 00:00:00+00:00
[2026-05-09T12:01:17.517+0000] {processor.py:183} INFO - Processing /home/vscode/.local/lib/python3.11/site-packages/airflow/example_dags/example_dynamic_task_mapping.py took 0.051 seconds
[2026-05-09T12:02:21.439+0000] {processor.py:161} INFO - Started process (PID=32344) to work on /home/vscode/.local/lib/python3.11/site-packages/airflow/example_dags/example_dynamic_task_mapping.py
[2026-05-09T12:02:21.439+0000] {processor.py:830} INFO - Processing file /home/vscode/.local/lib/python3.11/site-packages/airflow/example_dags/example_dynamic_task_mapping.py for tasks to queue
[2026-05-09T12:02:21.440+0000] {logging_mixin.py:188} INFO - [2026-05-09T12:02:21.439+0000] {dagbag.py:545} INFO - Filling up the DagBag from /home/vscode/.local/lib/python3.11/site-packages/airflow/example_dags/example_dynamic_task_mapping.py
[2026-05-09T12:02:21.446+0000] {processor.py:840} INFO - DAG(s) 'example_dynamic_task_mapping' retrieved from /home/vscode/.local/lib/python3.11/site-packages/airflow/example_dags/example_dynamic_task_mapping.py
[2026-05-09T12:02:21.456+0000] {logging_mixin.py:188} INFO - [2026-05-09T12:02:21.456+0000] {dag.py:3096} INFO - Sync 1 DAGs
[2026-05-09T12:02:21.470+0000] {logging_mixin.py:188} INFO - [2026-05-09T12:02:21.470+0000] {dag.py:3954} INFO - Setting next_dagrun for example_dynamic_task_mapping to 2022-03-04 00:00:00+00:00, run_after=2022-03-05 00:00:00+00:00
[2026-05-09T12:02:21.503+0000] {processor.py:183} INFO - Processing /home/vscode/.local/lib/python3.11/site-packages/airflow/example_dags/example_dynamic_task_mapping.py took 0.071 seconds
[2026-05-09T12:03:24.131+0000] {processor.py:161} INFO - Started process (PID=32816) to work on /home/vscode/.local/lib/python3.11/site-packages/airflow/example_dags/example_dynamic_task_mapping.py
[2026-05-09T12:03:24.131+0000] {processor.py:830} INFO - Processing file /home/vscode/.local/lib/python3.11/site-packages/airflow/example_dags/example_dynamic_task_mapping.py for tasks to queue
[2026-05-09T12:03:24.132+0000] {logging_mixin.py:188} INFO - [2026-05-09T12:03:24.132+0000] {dagbag.py:545} INFO - Filling up the DagBag from /home/vscode/.local/lib/python3.11/site-packages/airflow/example_dags/example_dynamic_task_mapping.py
[2026-05-09T12:03:24.137+0000] {processor.py:840} INFO - DAG(s) 'example_dynamic_task_mapping' retrieved from /home/vscode/.local/lib/python3.11/site-packages/airflow/example_dags/example_dynamic_task_mapping.py
[2026-05-09T12:03:24.148+0000] {logging_mixin.py:188} INFO - [2026-05-09T12:03:24.148+0000] {dag.py:3096} INFO - Sync 1 DAGs
[2026-05-09T12:03:24.162+0000] {logging_mixin.py:188} INFO - [2026-05-09T12:03:24.162+0000] {dag.py:3954} INFO - Setting next_dagrun for example_dynamic_task_mapping to 2022-03-04 00:00:00+00:00, run_after=2022-03-05 00:00:00+00:00
[2026-05-09T12:03:24.177+0000] {processor.py:183} INFO - Processing /home/vscode/.local/lib/python3.11/site-packages/airflow/example_dags/example_dynamic_task_mapping.py took 0.053 seconds
[2026-05-09T12:04:27.836+0000] {processor.py:161} INFO - Started process (PID=33411) to work on /home/vscode/.local/lib/python3.11/site-packages/airflow/example_dags/example_dynamic_task_mapping.py
[2026-05-09T12:04:27.837+0000] {processor.py:830} INFO - Processing file /home/vscode/.local/lib/python3.11/site-packages/airflow/example_dags/example_dynamic_task_mapping.py for tasks to queue
[2026-05-09T12:04:27.837+0000] {logging_mixin.py:188} INFO - [2026-05-09T12:04:27.837+0000] {dagbag.py:545} INFO - Filling up the DagBag from /home/vscode/.local/lib/python3.11/site-packages/airflow/example_dags/example_dynamic_task_mapping.py
[2026-05-09T12:04:27.846+0000] {processor.py:840} INFO - DAG(s) 'example_dynamic_task_mapping' retrieved from /home/vscode/.local/lib/python3.11/site-packages/airflow/example_dags/example_dynamic_task_mapping.py
[2026-05-09T12:04:27.860+0000] {logging_mixin.py:188} INFO - [2026-05-09T12:04:27.860+0000] {dag.py:3096} INFO - Sync 1 DAGs
[2026-05-09T12:04:27.889+0000] {logging_mixin.py:188} INFO - [2026-05-09T12:04:27.888+0000] {dag.py:3954} INFO - Setting next_dagrun for example_dynamic_task_mapping to 2022-03-04 00:00:00+00:00, run_after=2022-03-05 00:00:00+00:00
[2026-05-09T12:04:27.907+0000] {processor.py:183} INFO - Processing /home/vscode/.local/lib/python3.11/site-packages/airflow/example_dags/example_dynamic_task_mapping.py took 0.082 seconds
[2026-05-09T12:05:29.514+0000] {processor.py:161} INFO - Started process (PID=33879) to work on /home/vscode/.local/lib/python3.11/site-packages/airflow/example_dags/example_dynamic_task_mapping.py
[2026-05-09T12:05:29.520+0000] {processor.py:830} INFO - Processing file /home/vscode/.local/lib/python3.11/site-packages/airflow/example_dags/example_dynamic_task_mapping.py for tasks to queue
[2026-05-09T12:05:29.520+0000] {logging_mixin.py:188} INFO - [2026-05-09T12:05:29.520+0000] {dagbag.py:545} INFO - Filling up the DagBag from /home/vscode/.local/lib/python3.11/site-packages/airflow/example_dags/example_dynamic_task_mapping.py
[2026-05-09T12:05:29.528+0000] {processor.py:840} INFO - DAG(s) 'example_dynamic_task_mapping' retrieved from /home/vscode/.local/lib/python3.11/site-packages/airflow/example_dags/example_dynamic_task_mapping.py
[2026-05-09T12:05:29.542+0000] {logging_mixin.py:188} INFO - [2026-05-09T12:05:29.542+0000] {dag.py:3096} INFO - Sync 1 DAGs
[2026-05-09T12:05:29.558+0000] {logging_mixin.py:188} INFO - [2026-05-09T12:05:29.558+0000] {dag.py:3954} INFO - Setting next_dagrun for example_dynamic_task_mapping to 2022-03-04 00:00:00+00:00, run_after=2022-03-05 00:00:00+00:00
[2026-05-09T12:05:29.574+0000] {processor.py:183} INFO - Processing /home/vscode/.local/lib/python3.11/site-packages/airflow/example_dags/example_dynamic_task_mapping.py took 0.074 seconds
[2026-05-09T12:06:33.576+0000] {processor.py:161} INFO - Started process (PID=34425) to work on /home/vscode/.local/lib/python3.11/site-packages/airflow/example_dags/example_dynamic_task_mapping.py
[2026-05-09T12:06:33.576+0000] {processor.py:830} INFO - Processing file /home/vscode/.local/lib/python3.11/site-packages/airflow/example_dags/example_dynamic_task_mapping.py for tasks to queue
[2026-05-09T12:06:33.577+0000] {logging_mixin.py:188} INFO - [2026-05-09T12:06:33.577+0000] {dagbag.py:545} INFO - Filling up the DagBag from /home/vscode/.local/lib/python3.11/site-packages/airflow/example_dags/example_dynamic_task_mapping.py
[2026-05-09T12:06:33.583+0000] {processor.py:840} INFO - DAG(s) 'example_dynamic_task_mapping' retrieved from /home/vscode/.local/lib/python3.11/site-packages/airflow/example_dags/example_dynamic_task_mapping.py
[2026-05-09T12:06:33.594+0000] {logging_mixin.py:188} INFO - [2026-05-09T12:06:33.594+0000] {dag.py:3096} INFO - Sync 1 DAGs
[2026-05-09T12:06:33.608+0000] {logging_mixin.py:188} INFO - [2026-05-09T12:06:33.608+0000] {dag.py:3954} INFO - Setting next_dagrun for example_dynamic_task_mapping to 2022-03-04 00:00:00+00:00, run_after=2022-03-05 00:00:00+00:00
[2026-05-09T12:06:33.624+0000] {processor.py:183} INFO - Processing /home/vscode/.local/lib/python3.11/site-packages/airflow/example_dags/example_dynamic_task_mapping.py took 0.054 seconds
[2026-05-09T12:07:39.185+0000] {processor.py:161} INFO - Started process (PID=34971) to work on /home/vscode/.local/lib/python3.11/site-packages/airflow/example_dags/example_dynamic_task_mapping.py
[2026-05-09T12:07:39.185+0000] {processor.py:830} INFO - Processing file /home/vscode/.local/lib/python3.11/site-packages/airflow/example_dags/example_dynamic_task_mapping.py for tasks to queue
[2026-05-09T12:07:39.186+0000] {logging_mixin.py:188} INFO - [2026-05-09T12:07:39.186+0000] {dagbag.py:545} INFO - Filling up the DagBag from /home/vscode/.local/lib/python3.11/site-packages/airflow/example_dags/example_dynamic_task_mapping.py
[2026-05-09T12:07:39.192+0000] {processor.py:840} INFO - DAG(s) 'example_dynamic_task_mapping' retrieved from /home/vscode/.local/lib/python3.11/site-packages/airflow/example_dags/example_dynamic_task_mapping.py
[2026-05-09T12:07:39.203+0000] {logging_mixin.py:188} INFO - [2026-05-09T12:07:39.203+0000] {dag.py:3096} INFO - Sync 1 DAGs
[2026-05-09T12:07:39.217+0000] {logging_mixin.py:188} INFO - [2026-05-09T12:07:39.217+0000] {dag.py:3954} INFO - Setting next_dagrun for example_dynamic_task_mapping to 2022-03-04 00:00:00+00:00, run_after=2022-03-05 00:00:00+00:00
[2026-05-09T12:07:39.233+0000] {processor.py:183} INFO - Processing /home/vscode/.local/lib/python3.11/site-packages/airflow/example_dags/example_dynamic_task_mapping.py took 0.055 seconds
[2026-05-09T12:08:41.710+0000] {processor.py:161} INFO - Started process (PID=35564) to work on /home/vscode/.local/lib/python3.11/site-packages/airflow/example_dags/example_dynamic_task_mapping.py
[2026-05-09T12:08:41.711+0000] {processor.py:830} INFO - Processing file /home/vscode/.local/lib/python3.11/site-packages/airflow/example_dags/example_dynamic_task_mapping.py for tasks to queue
[2026-05-09T12:08:41.712+0000] {logging_mixin.py:188} INFO - [2026-05-09T12:08:41.711+0000] {dagbag.py:545} INFO - Filling up the DagBag from /home/vscode/.local/lib/python3.11/site-packages/airflow/example_dags/example_dynamic_task_mapping.py
[2026-05-09T12:08:41.719+0000] {processor.py:840} INFO - DAG(s) 'example_dynamic_task_mapping' retrieved from /home/vscode/.local/lib/python3.11/site-packages/airflow/example_dags/example_dynamic_task_mapping.py
[2026-05-09T12:08:41.734+0000] {logging_mixin.py:188} INFO - [2026-05-09T12:08:41.734+0000] {dag.py:3096} INFO - Sync 1 DAGs
[2026-05-09T12:08:41.751+0000] {logging_mixin.py:188} INFO - [2026-05-09T12:08:41.751+0000] {dag.py:3954} INFO - Setting next_dagrun for example_dynamic_task_mapping to 2022-03-04 00:00:00+00:00, run_after=2022-03-05 00:00:00+00:00
[2026-05-09T12:08:41.766+0000] {processor.py:183} INFO - Processing /home/vscode/.local/lib/python3.11/site-packages/airflow/example_dags/example_dynamic_task_mapping.py took 0.064 seconds
[2026-05-09T12:09:38.952+0000] {processor.py:161} INFO - Started process (PID=36016) to work on /home/vscode/.local/lib/python3.11/site-packages/airflow/example_dags/example_dynamic_task_mapping.py
[2026-05-09T12:09:38.954+0000] {processor.py:830} INFO - Processing file /home/vscode/.local/lib/python3.11/site-packages/airflow/example_dags/example_dynamic_task_mapping.py for tasks to queue
[2026-05-09T12:09:38.954+0000] {logging_mixin.py:188} INFO - [2026-05-09T12:09:38.954+0000] {dagbag.py:545} INFO - Filling up the DagBag from /home/vscode/.local/lib/python3.11/site-packages/airflow/example_dags/example_dynamic_task_mapping.py
[2026-05-09T12:09:38.961+0000] {processor.py:840} INFO - DAG(s) 'example_dynamic_task_mapping' retrieved from /home/vscode/.local/lib/python3.11/site-packages/airflow/example_dags/example_dynamic_task_mapping.py
[2026-05-09T12:09:38.975+0000] {logging_mixin.py:188} INFO - [2026-05-09T12:09:38.975+0000] {dag.py:3096} INFO - Sync 1 DAGs
[2026-05-09T12:09:38.990+0000] {logging_mixin.py:188} INFO - [2026-05-09T12:09:38.990+0000] {dag.py:3954} INFO - Setting next_dagrun for example_dynamic_task_mapping to 2022-03-04 00:00:00+00:00, run_after=2022-03-05 00:00:00+00:00
[2026-05-09T12:09:39.005+0000] {processor.py:183} INFO - Processing /home/vscode/.local/lib/python3.11/site-packages/airflow/example_dags/example_dynamic_task_mapping.py took 0.063 seconds
[2026-05-09T12:10:41.718+0000] {processor.py:161} INFO - Started process (PID=36548) to work on /home/vscode/.local/lib/python3.11/site-packages/airflow/example_dags/example_dynamic_task_mapping.py
[2026-05-09T12:10:41.718+0000] {processor.py:830} INFO - Processing file /home/vscode/.local/lib/python3.11/site-packages/airflow/example_dags/example_dynamic_task_mapping.py for tasks to queue
[2026-05-09T12:10:41.719+0000] {logging_mixin.py:188} INFO - [2026-05-09T12:10:41.718+0000] {dagbag.py:545} INFO - Filling up the DagBag from /home/vscode/.local/lib/python3.11/site-packages/airflow/example_dags/example_dynamic_task_mapping.py
[2026-05-09T12:10:41.725+0000] {processor.py:840} INFO - DAG(s) 'example_dynamic_task_mapping' retrieved from /home/vscode/.local/lib/python3.11/site-packages/airflow/example_dags/example_dynamic_task_mapping.py
[2026-05-09T12:10:41.739+0000] {logging_mixin.py:188} INFO - [2026-05-09T12:10:41.739+0000] {dag.py:3096} INFO - Sync 1 DAGs
[2026-05-09T12:10:41.754+0000] {logging_mixin.py:188} INFO - [2026-05-09T12:10:41.754+0000] {dag.py:3954} INFO - Setting next_dagrun for example_dynamic_task_mapping to 2022-03-04 00:00:00+00:00, run_after=2022-03-05 00:00:00+00:00
[2026-05-09T12:10:41.770+0000] {processor.py:183} INFO - Processing /home/vscode/.local/lib/python3.11/site-packages/airflow/example_dags/example_dynamic_task_mapping.py took 0.059 seconds
[2026-05-09T12:11:41.991+0000] {processor.py:161} INFO - Started process (PID=37003) to work on /home/vscode/.local/lib/python3.11/site-packages/airflow/example_dags/example_dynamic_task_mapping.py
[2026-05-09T12:11:41.992+0000] {processor.py:830} INFO - Processing file /home/vscode/.local/lib/python3.11/site-packages/airflow/example_dags/example_dynamic_task_mapping.py for tasks to queue
[2026-05-09T12:11:41.993+0000] {logging_mixin.py:188} INFO - [2026-05-09T12:11:41.992+0000] {dagbag.py:545} INFO - Filling up the DagBag from /home/vscode/.local/lib/python3.11/site-packages/airflow/example_dags/example_dynamic_task_mapping.py
[2026-05-09T12:11:41.998+0000] {processor.py:840} INFO - DAG(s) 'example_dynamic_task_mapping' retrieved from /home/vscode/.local/lib/python3.11/site-packages/airflow/example_dags/example_dynamic_task_mapping.py
[2026-05-09T12:11:42.011+0000] {logging_mixin.py:188} INFO - [2026-05-09T12:11:42.011+0000] {dag.py:3096} INFO - Sync 1 DAGs
[2026-05-09T12:11:42.027+0000] {logging_mixin.py:188} INFO - [2026-05-09T12:11:42.027+0000] {dag.py:3954} INFO - Setting next_dagrun for example_dynamic_task_mapping to 2022-03-04 00:00:00+00:00, run_after=2022-03-05 00:00:00+00:00
[2026-05-09T12:11:42.045+0000] {processor.py:183} INFO - Processing /home/vscode/.local/lib/python3.11/site-packages/airflow/example_dags/example_dynamic_task_mapping.py took 0.060 seconds
[2026-05-09T12:12:42.353+0000] {processor.py:161} INFO - Started process (PID=37526) to work on /home/vscode/.local/lib/python3.11/site-packages/airflow/example_dags/example_dynamic_task_mapping.py
[2026-05-09T12:12:42.354+0000] {processor.py:830} INFO - Processing file /home/vscode/.local/lib/python3.11/site-packages/airflow/example_dags/example_dynamic_task_mapping.py for tasks to queue
[2026-05-09T12:12:42.354+0000] {logging_mixin.py:188} INFO - [2026-05-09T12:12:42.354+0000] {dagbag.py:545} INFO - Filling up the DagBag from /home/vscode/.local/lib/python3.11/site-packages/airflow/example_dags/example_dynamic_task_mapping.py
[2026-05-09T12:12:42.360+0000] {processor.py:840} INFO - DAG(s) 'example_dynamic_task_mapping' retrieved from /home/vscode/.local/lib/python3.11/site-packages/airflow/example_dags/example_dynamic_task_mapping.py
[2026-05-09T12:12:42.372+0000] {logging_mixin.py:188} INFO - [2026-05-09T12:12:42.372+0000] {dag.py:3096} INFO - Sync 1 DAGs
[2026-05-09T12:12:42.386+0000] {logging_mixin.py:188} INFO - [2026-05-09T12:12:42.386+0000] {dag.py:3954} INFO - Setting next_dagrun for example_dynamic_task_mapping to 2022-03-04 00:00:00+00:00, run_after=2022-03-05 00:00:00+00:00
[2026-05-09T12:12:42.401+0000] {processor.py:183} INFO - Processing /home/vscode/.local/lib/python3.11/site-packages/airflow/example_dags/example_dynamic_task_mapping.py took 0.054 seconds
[2026-05-09T12:13:45.438+0000] {processor.py:161} INFO - Started process (PID=38063) to work on /home/vscode/.local/lib/python3.11/site-packages/airflow/example_dags/example_dynamic_task_mapping.py
[2026-05-09T12:13:45.438+0000] {processor.py:830} INFO - Processing file /home/vscode/.local/lib/python3.11/site-packages/airflow/example_dags/example_dynamic_task_mapping.py for tasks to queue
[2026-05-09T12:13:45.439+0000] {logging_mixin.py:188} INFO - [2026-05-09T12:13:45.439+0000] {dagbag.py:545} INFO - Filling up the DagBag from /home/vscode/.local/lib/python3.11/site-packages/airflow/example_dags/example_dynamic_task_mapping.py
[2026-05-09T12:13:45.446+0000] {processor.py:840} INFO - DAG(s) 'example_dynamic_task_mapping' retrieved from /home/vscode/.local/lib/python3.11/site-packages/airflow/example_dags/example_dynamic_task_mapping.py
[2026-05-09T12:13:45.457+0000] {logging_mixin.py:188} INFO - [2026-05-09T12:13:45.457+0000] {dag.py:3096} INFO - Sync 1 DAGs
[2026-05-09T12:13:45.473+0000] {logging_mixin.py:188} INFO - [2026-05-09T12:13:45.473+0000] {dag.py:3954} INFO - Setting next_dagrun for example_dynamic_task_mapping to 2022-03-04 00:00:00+00:00, run_after=2022-03-05 00:00:00+00:00
[2026-05-09T12:13:45.493+0000] {processor.py:183} INFO - Processing /home/vscode/.local/lib/python3.11/site-packages/airflow/example_dags/example_dynamic_task_mapping.py took 0.063 seconds
[2026-05-09T12:14:51.497+0000] {processor.py:161} INFO - Started process (PID=38614) to work on /home/vscode/.local/lib/python3.11/site-packages/airflow/example_dags/example_dynamic_task_mapping.py
[2026-05-09T12:14:51.497+0000] {processor.py:830} INFO - Processing file /home/vscode/.local/lib/python3.11/site-packages/airflow/example_dags/example_dynamic_task_mapping.py for tasks to queue
[2026-05-09T12:14:51.498+0000] {logging_mixin.py:188} INFO - [2026-05-09T12:14:51.498+0000] {dagbag.py:545} INFO - Filling up the DagBag from /home/vscode/.local/lib/python3.11/site-packages/airflow/example_dags/example_dynamic_task_mapping.py
[2026-05-09T12:14:51.504+0000] {processor.py:840} INFO - DAG(s) 'example_dynamic_task_mapping' retrieved from /home/vscode/.local/lib/python3.11/site-packages/airflow/example_dags/example_dynamic_task_mapping.py
[2026-05-09T12:14:51.514+0000] {logging_mixin.py:188} INFO - [2026-05-09T12:14:51.514+0000] {dag.py:3096} INFO - Sync 1 DAGs
[2026-05-09T12:14:51.529+0000] {logging_mixin.py:188} INFO - [2026-05-09T12:14:51.529+0000] {dag.py:3954} INFO - Setting next_dagrun for example_dynamic_task_mapping to 2022-03-04 00:00:00+00:00, run_after=2022-03-05 00:00:00+00:00
[2026-05-09T12:14:51.546+0000] {processor.py:183} INFO - Processing /home/vscode/.local/lib/python3.11/site-packages/airflow/example_dags/example_dynamic_task_mapping.py took 0.056 seconds
[2026-05-09T12:15:53.062+0000] {processor.py:161} INFO - Started process (PID=39079) to work on /home/vscode/.local/lib/python3.11/site-packages/airflow/example_dags/example_dynamic_task_mapping.py
[2026-05-09T12:15:53.063+0000] {processor.py:830} INFO - Processing file /home/vscode/.local/lib/python3.11/site-packages/airflow/example_dags/example_dynamic_task_mapping.py for tasks to queue
[2026-05-09T12:15:53.063+0000] {logging_mixin.py:188} INFO - [2026-05-09T12:15:53.063+0000] {dagbag.py:545} INFO - Filling up the DagBag from /home/vscode/.local/lib/python3.11/site-packages/airflow/example_dags/example_dynamic_task_mapping.py
[2026-05-09T12:15:53.069+0000] {processor.py:840} INFO - DAG(s) 'example_dynamic_task_mapping' retrieved from /home/vscode/.local/lib/python3.11/site-packages/airflow/example_dags/example_dynamic_task_mapping.py
[2026-05-09T12:15:53.081+0000] {logging_mixin.py:188} INFO - [2026-05-09T12:15:53.081+0000] {dag.py:3096} INFO - Sync 1 DAGs
[2026-05-09T12:15:53.114+0000] {logging_mixin.py:188} INFO - [2026-05-09T12:15:53.114+0000] {dag.py:3954} INFO - Setting next_dagrun for example_dynamic_task_mapping to 2022-03-04 00:00:00+00:00, run_after=2022-03-05 00:00:00+00:00
[2026-05-09T12:15:53.149+0000] {processor.py:183} INFO - Processing /home/vscode/.local/lib/python3.11/site-packages/airflow/example_dags/example_dynamic_task_mapping.py took 0.093 seconds
[2026-05-09T12:16:59.373+0000] {processor.py:161} INFO - Started process (PID=39636) to work on /home/vscode/.local/lib/python3.11/site-packages/airflow/example_dags/example_dynamic_task_mapping.py
[2026-05-09T12:16:59.374+0000] {processor.py:830} INFO - Processing file /home/vscode/.local/lib/python3.11/site-packages/airflow/example_dags/example_dynamic_task_mapping.py for tasks to queue
[2026-05-09T12:16:59.374+0000] {logging_mixin.py:188} INFO - [2026-05-09T12:16:59.374+0000] {dagbag.py:545} INFO - Filling up the DagBag from /home/vscode/.local/lib/python3.11/site-packages/airflow/example_dags/example_dynamic_task_mapping.py
[2026-05-09T12:16:59.380+0000] {processor.py:840} INFO - DAG(s) 'example_dynamic_task_mapping' retrieved from /home/vscode/.local/lib/python3.11/site-packages/airflow/example_dags/example_dynamic_task_mapping.py
[2026-05-09T12:16:59.391+0000] {logging_mixin.py:188} INFO - [2026-05-09T12:16:59.391+0000] {dag.py:3096} INFO - Sync 1 DAGs
[2026-05-09T12:16:59.405+0000] {logging_mixin.py:188} INFO - [2026-05-09T12:16:59.404+0000] {dag.py:3954} INFO - Setting next_dagrun for example_dynamic_task_mapping to 2022-03-04 00:00:00+00:00, run_after=2022-03-05 00:00:00+00:00
[2026-05-09T12:16:59.420+0000] {processor.py:183} INFO - Processing /home/vscode/.local/lib/python3.11/site-packages/airflow/example_dags/example_dynamic_task_mapping.py took 0.053 seconds
[2026-05-09T12:18:05.401+0000] {processor.py:161} INFO - Started process (PID=40133) to work on /home/vscode/.local/lib/python3.11/site-packages/airflow/example_dags/example_dynamic_task_mapping.py
[2026-05-09T12:18:05.402+0000] {processor.py:830} INFO - Processing file /home/vscode/.local/lib/python3.11/site-packages/airflow/example_dags/example_dynamic_task_mapping.py for tasks to queue
[2026-05-09T12:18:05.402+0000] {logging_mixin.py:188} INFO - [2026-05-09T12:18:05.402+0000] {dagbag.py:545} INFO - Filling up the DagBag from /home/vscode/.local/lib/python3.11/site-packages/airflow/example_dags/example_dynamic_task_mapping.py
[2026-05-09T12:18:05.407+0000] {processor.py:840} INFO - DAG(s) 'example_dynamic_task_mapping' retrieved from /home/vscode/.local/lib/python3.11/site-packages/airflow/example_dags/example_dynamic_task_mapping.py
[2026-05-09T12:18:05.418+0000] {logging_mixin.py:188} INFO - [2026-05-09T12:18:05.418+0000] {dag.py:3096} INFO - Sync 1 DAGs
[2026-05-09T12:18:05.434+0000] {logging_mixin.py:188} INFO - [2026-05-09T12:18:05.434+0000] {dag.py:3954} INFO - Setting next_dagrun for example_dynamic_task_mapping to 2022-03-04 00:00:00+00:00, run_after=2022-03-05 00:00:00+00:00
[2026-05-09T12:18:05.450+0000] {processor.py:183} INFO - Processing /home/vscode/.local/lib/python3.11/site-packages/airflow/example_dags/example_dynamic_task_mapping.py took 0.055 seconds
[2026-05-09T12:19:06.072+0000] {processor.py:161} INFO - Started process (PID=40716) to work on /home/vscode/.local/lib/python3.11/site-packages/airflow/example_dags/example_dynamic_task_mapping.py
[2026-05-09T12:19:06.073+0000] {processor.py:830} INFO - Processing file /home/vscode/.local/lib/python3.11/site-packages/airflow/example_dags/example_dynamic_task_mapping.py for tasks to queue
[2026-05-09T12:19:06.073+0000] {logging_mixin.py:188} INFO - [2026-05-09T12:19:06.073+0000] {dagbag.py:545} INFO - Filling up the DagBag from /home/vscode/.local/lib/python3.11/site-packages/airflow/example_dags/example_dynamic_task_mapping.py
[2026-05-09T12:19:06.079+0000] {processor.py:840} INFO - DAG(s) 'example_dynamic_task_mapping' retrieved from /home/vscode/.local/lib/python3.11/site-packages/airflow/example_dags/example_dynamic_task_mapping.py
[2026-05-09T12:19:06.091+0000] {logging_mixin.py:188} INFO - [2026-05-09T12:19:06.090+0000] {dag.py:3096} INFO - Sync 1 DAGs
[2026-05-09T12:19:06.105+0000] {logging_mixin.py:188} INFO - [2026-05-09T12:19:06.105+0000] {dag.py:3954} INFO - Setting next_dagrun for example_dynamic_task_mapping to 2022-03-04 00:00:00+00:00, run_after=2022-03-05 00:00:00+00:00
[2026-05-09T12:19:06.120+0000] {processor.py:183} INFO - Processing /home/vscode/.local/lib/python3.11/site-packages/airflow/example_dags/example_dynamic_task_mapping.py took 0.054 seconds
[2026-05-09T12:20:13.053+0000] {processor.py:161} INFO - Started process (PID=41208) to work on /home/vscode/.local/lib/python3.11/site-packages/airflow/example_dags/example_dynamic_task_mapping.py
[2026-05-09T12:20:13.053+0000] {processor.py:830} INFO - Processing file /home/vscode/.local/lib/python3.11/site-packages/airflow/example_dags/example_dynamic_task_mapping.py for tasks to queue
[2026-05-09T12:20:13.054+0000] {logging_mixin.py:188} INFO - [2026-05-09T12:20:13.054+0000] {dagbag.py:545} INFO - Filling up the DagBag from /home/vscode/.local/lib/python3.11/site-packages/airflow/example_dags/example_dynamic_task_mapping.py
[2026-05-09T12:20:13.060+0000] {processor.py:840} INFO - DAG(s) 'example_dynamic_task_mapping' retrieved from /home/vscode/.local/lib/python3.11/site-packages/airflow/example_dags/example_dynamic_task_mapping.py
[2026-05-09T12:20:13.071+0000] {logging_mixin.py:188} INFO - [2026-05-09T12:20:13.071+0000] {dag.py:3096} INFO - Sync 1 DAGs
[2026-05-09T12:20:13.086+0000] {logging_mixin.py:188} INFO - [2026-05-09T12:20:13.086+0000] {dag.py:3954} INFO - Setting next_dagrun for example_dynamic_task_mapping to 2022-03-04 00:00:00+00:00, run_after=2022-03-05 00:00:00+00:00
[2026-05-09T12:20:13.101+0000] {processor.py:183} INFO - Processing /home/vscode/.local/lib/python3.11/site-packages/airflow/example_dags/example_dynamic_task_mapping.py took 0.054 seconds
[2026-05-09T12:21:13.864+0000] {processor.py:161} INFO - Started process (PID=41734) to work on /home/vscode/.local/lib/python3.11/site-packages/airflow/example_dags/example_dynamic_task_mapping.py
[2026-05-09T12:21:13.865+0000] {processor.py:830} INFO - Processing file /home/vscode/.local/lib/python3.11/site-packages/airflow/example_dags/example_dynamic_task_mapping.py for tasks to queue
[2026-05-09T12:21:13.865+0000] {logging_mixin.py:188} INFO - [2026-05-09T12:21:13.865+0000] {dagbag.py:545} INFO - Filling up the DagBag from /home/vscode/.local/lib/python3.11/site-packages/airflow/example_dags/example_dynamic_task_mapping.py
[2026-05-09T12:21:13.871+0000] {processor.py:840} INFO - DAG(s) 'example_dynamic_task_mapping' retrieved from /home/vscode/.local/lib/python3.11/site-packages/airflow/example_dags/example_dynamic_task_mapping.py
[2026-05-09T12:21:13.882+0000] {logging_mixin.py:188} INFO - [2026-05-09T12:21:13.881+0000] {dag.py:3096} INFO - Sync 1 DAGs
[2026-05-09T12:21:13.896+0000] {logging_mixin.py:188} INFO - [2026-05-09T12:21:13.896+0000] {dag.py:3954} INFO - Setting next_dagrun for example_dynamic_task_mapping to 2022-03-04 00:00:00+00:00, run_after=2022-03-05 00:00:00+00:00
[2026-05-09T12:21:13.911+0000] {processor.py:183} INFO - Processing /home/vscode/.local/lib/python3.11/site-packages/airflow/example_dags/example_dynamic_task_mapping.py took 0.055 seconds
