[2026-05-09T11:19:11.048+0000] {processor.py:161} INFO - Started process (PID=7309) to work on /home/vscode/.local/lib/python3.11/site-packages/airflow/example_dags/example_display_name.py
[2026-05-09T11:19:11.048+0000] {processor.py:830} INFO - Processing file /home/vscode/.local/lib/python3.11/site-packages/airflow/example_dags/example_display_name.py for tasks to queue
[2026-05-09T11:19:11.049+0000] {logging_mixin.py:188} INFO - [2026-05-09T11:19:11.049+0000] {dagbag.py:545} INFO - Filling up the DagBag from /home/vscode/.local/lib/python3.11/site-packages/airflow/example_dags/example_display_name.py
[2026-05-09T11:19:11.053+0000] {processor.py:840} INFO - DAG(s) 'example_display_name' retrieved from /home/vscode/.local/lib/python3.11/site-packages/airflow/example_dags/example_display_name.py
[2026-05-09T11:19:11.209+0000] {logging_mixin.py:188} INFO - [2026-05-09T11:19:11.209+0000] {dag.py:3096} INFO - Sync 1 DAGs
[2026-05-09T11:19:11.214+0000] {logging_mixin.py:188} INFO - [2026-05-09T11:19:11.214+0000] {dag.py:3954} INFO - Setting next_dagrun for example_display_name to None, run_after=None
[2026-05-09T11:19:11.229+0000] {processor.py:183} INFO - Processing /home/vscode/.local/lib/python3.11/site-packages/airflow/example_dags/example_display_name.py took 0.187 seconds
[2026-05-09T11:20:10.183+0000] {processor.py:161} INFO - Started process (PID=7811) to work on /home/vscode/.local/lib/python3.11/site-packages/airflow/example_dags/example_display_name.py
[2026-05-09T11:20:10.183+0000] {processor.py:830} INFO - Processing file /home/vscode/.local/lib/python3.11/site-packages/airflow/example_dags/example_display_name.py for tasks to queue
[2026-05-09T11:20:10.184+0000] {logging_mixin.py:188} INFO - [2026-05-09T11:20:10.184+0000] {dagbag.py:545} INFO - Filling up the DagBag from /home/vscode/.local/lib/python3.11/site-packages/airflow/example_dags/example_display_name.py
[2026-05-09T11:20:10.186+0000] {processor.py:840} INFO - DAG(s) 'example_display_name' retrieved from /home/vscode/.local/lib/python3.11/site-packages/airflow/example_dags/example_display_name.py
[2026-05-09T11:20:10.194+0000] {logging_mixin.py:188} INFO - [2026-05-09T11:20:10.194+0000] {dag.py:3096} INFO - Sync 1 DAGs
[2026-05-09T11:20:10.201+0000] {logging_mixin.py:188} INFO - [2026-05-09T11:20:10.201+0000] {dag.py:3954} INFO - Setting next_dagrun for example_display_name to None, run_after=None
[2026-05-09T11:20:10.219+0000] {processor.py:183} INFO - Processing /home/vscode/.local/lib/python3.11/site-packages/airflow/example_dags/example_display_name.py took 0.143 seconds
[2026-05-09T11:21:01.638+0000] {processor.py:161} INFO - Started process (PID=8254) to work on /home/vscode/.local/lib/python3.11/site-packages/airflow/example_dags/example_display_name.py
[2026-05-09T11:21:01.638+0000] {processor.py:830} INFO - Processing file /home/vscode/.local/lib/python3.11/site-packages/airflow/example_dags/example_display_name.py for tasks to queue
[2026-05-09T11:21:01.639+0000] {logging_mixin.py:188} INFO - [2026-05-09T11:21:01.638+0000] {dagbag.py:545} INFO - Filling up the DagBag from /home/vscode/.local/lib/python3.11/site-packages/airflow/example_dags/example_display_name.py
[2026-05-09T11:21:01.643+0000] {processor.py:840} INFO - DAG(s) 'example_display_name' retrieved from /home/vscode/.local/lib/python3.11/site-packages/airflow/example_dags/example_display_name.py
[2026-05-09T11:21:01.658+0000] {logging_mixin.py:188} INFO - [2026-05-09T11:21:01.657+0000] {dag.py:3096} INFO - Sync 1 DAGs
[2026-05-09T11:21:01.670+0000] {logging_mixin.py:188} INFO - [2026-05-09T11:21:01.670+0000] {dag.py:3954} INFO - Setting next_dagrun for example_display_name to None, run_after=None
[2026-05-09T11:21:01.706+0000] {processor.py:183} INFO - Processing /home/vscode/.local/lib/python3.11/site-packages/airflow/example_dags/example_display_name.py took 0.074 seconds
[2026-05-09T11:22:03.302+0000] {processor.py:161} INFO - Started process (PID=8894) to work on /home/vscode/.local/lib/python3.11/site-packages/airflow/example_dags/example_display_name.py
[2026-05-09T11:22:03.302+0000] {processor.py:830} INFO - Processing file /home/vscode/.local/lib/python3.11/site-packages/airflow/example_dags/example_display_name.py for tasks to queue
[2026-05-09T11:22:03.303+0000] {logging_mixin.py:188} INFO - [2026-05-09T11:22:03.303+0000] {dagbag.py:545} INFO - Filling up the DagBag from /home/vscode/.local/lib/python3.11/site-packages/airflow/example_dags/example_display_name.py
[2026-05-09T11:22:03.307+0000] {processor.py:840} INFO - DAG(s) 'example_display_name' retrieved from /home/vscode/.local/lib/python3.11/site-packages/airflow/example_dags/example_display_name.py
[2026-05-09T11:22:03.318+0000] {logging_mixin.py:188} INFO - [2026-05-09T11:22:03.318+0000] {dag.py:3096} INFO - Sync 1 DAGs
[2026-05-09T11:22:03.326+0000] {logging_mixin.py:188} INFO - [2026-05-09T11:22:03.326+0000] {dag.py:3954} INFO - Setting next_dagrun for example_display_name to None, run_after=None
[2026-05-09T11:22:03.343+0000] {processor.py:183} INFO - Processing /home/vscode/.local/lib/python3.11/site-packages/airflow/example_dags/example_display_name.py took 0.047 seconds
[2026-05-09T11:22:59.225+0000] {processor.py:161} INFO - Started process (PID=9561) to work on /home/vscode/.local/lib/python3.11/site-packages/airflow/example_dags/example_display_name.py
[2026-05-09T11:22:59.225+0000] {processor.py:830} INFO - Processing file /home/vscode/.local/lib/python3.11/site-packages/airflow/example_dags/example_display_name.py for tasks to queue
[2026-05-09T11:22:59.226+0000] {logging_mixin.py:188} INFO - [2026-05-09T11:22:59.226+0000] {dagbag.py:545} INFO - Filling up the DagBag from /home/vscode/.local/lib/python3.11/site-packages/airflow/example_dags/example_display_name.py
[2026-05-09T11:22:59.230+0000] {processor.py:840} INFO - DAG(s) 'example_display_name' retrieved from /home/vscode/.local/lib/python3.11/site-packages/airflow/example_dags/example_display_name.py
[2026-05-09T11:22:59.242+0000] {logging_mixin.py:188} INFO - [2026-05-09T11:22:59.242+0000] {dag.py:3096} INFO - Sync 1 DAGs
[2026-05-09T11:22:59.250+0000] {logging_mixin.py:188} INFO - [2026-05-09T11:22:59.250+0000] {dag.py:3954} INFO - Setting next_dagrun for example_display_name to None, run_after=None
[2026-05-09T11:22:59.266+0000] {processor.py:183} INFO - Processing /home/vscode/.local/lib/python3.11/site-packages/airflow/example_dags/example_display_name.py took 0.047 seconds
[2026-05-09T11:23:58.950+0000] {processor.py:161} INFO - Started process (PID=10359) to work on /home/vscode/.local/lib/python3.11/site-packages/airflow/example_dags/example_display_name.py
[2026-05-09T11:23:58.950+0000] {processor.py:830} INFO - Processing file /home/vscode/.local/lib/python3.11/site-packages/airflow/example_dags/example_display_name.py for tasks to queue
[2026-05-09T11:23:58.951+0000] {logging_mixin.py:188} INFO - [2026-05-09T11:23:58.950+0000] {dagbag.py:545} INFO - Filling up the DagBag from /home/vscode/.local/lib/python3.11/site-packages/airflow/example_dags/example_display_name.py
[2026-05-09T11:23:58.955+0000] {processor.py:840} INFO - DAG(s) 'example_display_name' retrieved from /home/vscode/.local/lib/python3.11/site-packages/airflow/example_dags/example_display_name.py
[2026-05-09T11:23:58.966+0000] {logging_mixin.py:188} INFO - [2026-05-09T11:23:58.966+0000] {dag.py:3096} INFO - Sync 1 DAGs
[2026-05-09T11:23:58.974+0000] {logging_mixin.py:188} INFO - [2026-05-09T11:23:58.974+0000] {dag.py:3954} INFO - Setting next_dagrun for example_display_name to None, run_after=None
[2026-05-09T11:23:58.990+0000] {processor.py:183} INFO - Processing /home/vscode/.local/lib/python3.11/site-packages/airflow/example_dags/example_display_name.py took 0.049 seconds
[2026-05-09T11:24:59.637+0000] {processor.py:161} INFO - Started process (PID=11180) to work on /home/vscode/.local/lib/python3.11/site-packages/airflow/example_dags/example_display_name.py
[2026-05-09T11:24:59.638+0000] {processor.py:830} INFO - Processing file /home/vscode/.local/lib/python3.11/site-packages/airflow/example_dags/example_display_name.py for tasks to queue
[2026-05-09T11:24:59.638+0000] {logging_mixin.py:188} INFO - [2026-05-09T11:24:59.638+0000] {dagbag.py:545} INFO - Filling up the DagBag from /home/vscode/.local/lib/python3.11/site-packages/airflow/example_dags/example_display_name.py
[2026-05-09T11:24:59.643+0000] {processor.py:840} INFO - DAG(s) 'example_display_name' retrieved from /home/vscode/.local/lib/python3.11/site-packages/airflow/example_dags/example_display_name.py
[2026-05-09T11:24:59.654+0000] {logging_mixin.py:188} INFO - [2026-05-09T11:24:59.654+0000] {dag.py:3096} INFO - Sync 1 DAGs
[2026-05-09T11:24:59.662+0000] {logging_mixin.py:188} INFO - [2026-05-09T11:24:59.662+0000] {dag.py:3954} INFO - Setting next_dagrun for example_display_name to None, run_after=None
[2026-05-09T11:24:59.678+0000] {processor.py:183} INFO - Processing /home/vscode/.local/lib/python3.11/site-packages/airflow/example_dags/example_display_name.py took 0.047 seconds
[2026-05-09T11:26:01.172+0000] {processor.py:161} INFO - Started process (PID=11644) to work on /home/vscode/.local/lib/python3.11/site-packages/airflow/example_dags/example_display_name.py
[2026-05-09T11:26:01.172+0000] {processor.py:830} INFO - Processing file /home/vscode/.local/lib/python3.11/site-packages/airflow/example_dags/example_display_name.py for tasks to queue
[2026-05-09T11:26:01.173+0000] {logging_mixin.py:188} INFO - [2026-05-09T11:26:01.173+0000] {dagbag.py:545} INFO - Filling up the DagBag from /home/vscode/.local/lib/python3.11/site-packages/airflow/example_dags/example_display_name.py
[2026-05-09T11:26:01.177+0000] {processor.py:840} INFO - DAG(s) 'example_display_name' retrieved from /home/vscode/.local/lib/python3.11/site-packages/airflow/example_dags/example_display_name.py
[2026-05-09T11:26:01.187+0000] {logging_mixin.py:188} INFO - [2026-05-09T11:26:01.187+0000] {dag.py:3096} INFO - Sync 1 DAGs
[2026-05-09T11:26:01.195+0000] {logging_mixin.py:188} INFO - [2026-05-09T11:26:01.195+0000] {dag.py:3954} INFO - Setting next_dagrun for example_display_name to None, run_after=None
[2026-05-09T11:26:01.210+0000] {processor.py:183} INFO - Processing /home/vscode/.local/lib/python3.11/site-packages/airflow/example_dags/example_display_name.py took 0.044 seconds
[2026-05-09T11:27:01.538+0000] {processor.py:161} INFO - Started process (PID=12335) to work on /home/vscode/.local/lib/python3.11/site-packages/airflow/example_dags/example_display_name.py
[2026-05-09T11:27:01.538+0000] {processor.py:830} INFO - Processing file /home/vscode/.local/lib/python3.11/site-packages/airflow/example_dags/example_display_name.py for tasks to queue
[2026-05-09T11:27:01.539+0000] {logging_mixin.py:188} INFO - [2026-05-09T11:27:01.539+0000] {dagbag.py:545} INFO - Filling up the DagBag from /home/vscode/.local/lib/python3.11/site-packages/airflow/example_dags/example_display_name.py
[2026-05-09T11:27:01.543+0000] {processor.py:840} INFO - DAG(s) 'example_display_name' retrieved from /home/vscode/.local/lib/python3.11/site-packages/airflow/example_dags/example_display_name.py
[2026-05-09T11:27:01.555+0000] {logging_mixin.py:188} INFO - [2026-05-09T11:27:01.555+0000] {dag.py:3096} INFO - Sync 1 DAGs
[2026-05-09T11:27:01.563+0000] {logging_mixin.py:188} INFO - [2026-05-09T11:27:01.563+0000] {dag.py:3954} INFO - Setting next_dagrun for example_display_name to None, run_after=None
[2026-05-09T11:27:01.581+0000] {processor.py:183} INFO - Processing /home/vscode/.local/lib/python3.11/site-packages/airflow/example_dags/example_display_name.py took 0.049 seconds
[2026-05-09T11:28:01.188+0000] {processor.py:161} INFO - Started process (PID=13045) to work on /home/vscode/.local/lib/python3.11/site-packages/airflow/example_dags/example_display_name.py
[2026-05-09T11:28:01.188+0000] {processor.py:830} INFO - Processing file /home/vscode/.local/lib/python3.11/site-packages/airflow/example_dags/example_display_name.py for tasks to queue
[2026-05-09T11:28:01.189+0000] {logging_mixin.py:188} INFO - [2026-05-09T11:28:01.189+0000] {dagbag.py:545} INFO - Filling up the DagBag from /home/vscode/.local/lib/python3.11/site-packages/airflow/example_dags/example_display_name.py
[2026-05-09T11:28:01.193+0000] {processor.py:840} INFO - DAG(s) 'example_display_name' retrieved from /home/vscode/.local/lib/python3.11/site-packages/airflow/example_dags/example_display_name.py
[2026-05-09T11:28:01.204+0000] {logging_mixin.py:188} INFO - [2026-05-09T11:28:01.204+0000] {dag.py:3096} INFO - Sync 1 DAGs
[2026-05-09T11:28:01.215+0000] {logging_mixin.py:188} INFO - [2026-05-09T11:28:01.214+0000] {dag.py:3954} INFO - Setting next_dagrun for example_display_name to None, run_after=None
[2026-05-09T11:28:01.238+0000] {processor.py:183} INFO - Processing /home/vscode/.local/lib/python3.11/site-packages/airflow/example_dags/example_display_name.py took 0.056 seconds
[2026-05-09T11:28:59.631+0000] {processor.py:161} INFO - Started process (PID=13733) to work on /home/vscode/.local/lib/python3.11/site-packages/airflow/example_dags/example_display_name.py
[2026-05-09T11:28:59.632+0000] {processor.py:830} INFO - Processing file /home/vscode/.local/lib/python3.11/site-packages/airflow/example_dags/example_display_name.py for tasks to queue
[2026-05-09T11:28:59.633+0000] {logging_mixin.py:188} INFO - [2026-05-09T11:28:59.632+0000] {dagbag.py:545} INFO - Filling up the DagBag from /home/vscode/.local/lib/python3.11/site-packages/airflow/example_dags/example_display_name.py
[2026-05-09T11:28:59.638+0000] {processor.py:840} INFO - DAG(s) 'example_display_name' retrieved from /home/vscode/.local/lib/python3.11/site-packages/airflow/example_dags/example_display_name.py
[2026-05-09T11:28:59.680+0000] {logging_mixin.py:188} INFO - [2026-05-09T11:28:59.680+0000] {dag.py:3096} INFO - Sync 1 DAGs
[2026-05-09T11:28:59.695+0000] {logging_mixin.py:188} INFO - [2026-05-09T11:28:59.695+0000] {dag.py:3954} INFO - Setting next_dagrun for example_display_name to None, run_after=None
[2026-05-09T11:28:59.725+0000] {processor.py:183} INFO - Processing /home/vscode/.local/lib/python3.11/site-packages/airflow/example_dags/example_display_name.py took 0.101 seconds
[2026-05-09T11:30:06.838+0000] {processor.py:161} INFO - Started process (PID=14336) to work on /home/vscode/.local/lib/python3.11/site-packages/airflow/example_dags/example_display_name.py
[2026-05-09T11:30:06.839+0000] {processor.py:830} INFO - Processing file /home/vscode/.local/lib/python3.11/site-packages/airflow/example_dags/example_display_name.py for tasks to queue
[2026-05-09T11:30:06.839+0000] {logging_mixin.py:188} INFO - [2026-05-09T11:30:06.839+0000] {dagbag.py:545} INFO - Filling up the DagBag from /home/vscode/.local/lib/python3.11/site-packages/airflow/example_dags/example_display_name.py
[2026-05-09T11:30:06.843+0000] {processor.py:840} INFO - DAG(s) 'example_display_name' retrieved from /home/vscode/.local/lib/python3.11/site-packages/airflow/example_dags/example_display_name.py
[2026-05-09T11:30:06.855+0000] {logging_mixin.py:188} INFO - [2026-05-09T11:30:06.855+0000] {dag.py:3096} INFO - Sync 1 DAGs
[2026-05-09T11:30:06.864+0000] {logging_mixin.py:188} INFO - [2026-05-09T11:30:06.864+0000] {dag.py:3954} INFO - Setting next_dagrun for example_display_name to None, run_after=None
[2026-05-09T11:30:06.891+0000] {processor.py:183} INFO - Processing /home/vscode/.local/lib/python3.11/site-packages/airflow/example_dags/example_display_name.py took 0.059 seconds
[2026-05-09T11:31:05.292+0000] {processor.py:161} INFO - Started process (PID=15100) to work on /home/vscode/.local/lib/python3.11/site-packages/airflow/example_dags/example_display_name.py
[2026-05-09T11:31:05.293+0000] {processor.py:830} INFO - Processing file /home/vscode/.local/lib/python3.11/site-packages/airflow/example_dags/example_display_name.py for tasks to queue
[2026-05-09T11:31:05.294+0000] {logging_mixin.py:188} INFO - [2026-05-09T11:31:05.293+0000] {dagbag.py:545} INFO - Filling up the DagBag from /home/vscode/.local/lib/python3.11/site-packages/airflow/example_dags/example_display_name.py
[2026-05-09T11:31:05.299+0000] {processor.py:840} INFO - DAG(s) 'example_display_name' retrieved from /home/vscode/.local/lib/python3.11/site-packages/airflow/example_dags/example_display_name.py
[2026-05-09T11:31:05.317+0000] {logging_mixin.py:188} INFO - [2026-05-09T11:31:05.316+0000] {dag.py:3096} INFO - Sync 1 DAGs
[2026-05-09T11:31:05.328+0000] {logging_mixin.py:188} INFO - [2026-05-09T11:31:05.328+0000] {dag.py:3954} INFO - Setting next_dagrun for example_display_name to None, run_after=None
[2026-05-09T11:31:05.368+0000] {processor.py:183} INFO - Processing /home/vscode/.local/lib/python3.11/site-packages/airflow/example_dags/example_display_name.py took 0.083 seconds
[2026-05-09T11:32:10.618+0000] {processor.py:161} INFO - Started process (PID=15769) to work on /home/vscode/.local/lib/python3.11/site-packages/airflow/example_dags/example_display_name.py
[2026-05-09T11:32:10.619+0000] {processor.py:830} INFO - Processing file /home/vscode/.local/lib/python3.11/site-packages/airflow/example_dags/example_display_name.py for tasks to queue
[2026-05-09T11:32:10.619+0000] {logging_mixin.py:188} INFO - [2026-05-09T11:32:10.619+0000] {dagbag.py:545} INFO - Filling up the DagBag from /home/vscode/.local/lib/python3.11/site-packages/airflow/example_dags/example_display_name.py
[2026-05-09T11:32:10.623+0000] {processor.py:840} INFO - DAG(s) 'example_display_name' retrieved from /home/vscode/.local/lib/python3.11/site-packages/airflow/example_dags/example_display_name.py
[2026-05-09T11:32:10.635+0000] {logging_mixin.py:188} INFO - [2026-05-09T11:32:10.634+0000] {dag.py:3096} INFO - Sync 1 DAGs
[2026-05-09T11:32:10.644+0000] {logging_mixin.py:188} INFO - [2026-05-09T11:32:10.644+0000] {dag.py:3954} INFO - Setting next_dagrun for example_display_name to None, run_after=None
[2026-05-09T11:32:10.659+0000] {processor.py:183} INFO - Processing /home/vscode/.local/lib/python3.11/site-packages/airflow/example_dags/example_display_name.py took 0.048 seconds
[2026-05-09T11:33:15.371+0000] {processor.py:161} INFO - Started process (PID=16293) to work on /home/vscode/.local/lib/python3.11/site-packages/airflow/example_dags/example_display_name.py
[2026-05-09T11:33:15.371+0000] {processor.py:830} INFO - Processing file /home/vscode/.local/lib/python3.11/site-packages/airflow/example_dags/example_display_name.py for tasks to queue
[2026-05-09T11:33:15.372+0000] {logging_mixin.py:188} INFO - [2026-05-09T11:33:15.372+0000] {dagbag.py:545} INFO - Filling up the DagBag from /home/vscode/.local/lib/python3.11/site-packages/airflow/example_dags/example_display_name.py
[2026-05-09T11:33:15.380+0000] {processor.py:840} INFO - DAG(s) 'example_display_name' retrieved from /home/vscode/.local/lib/python3.11/site-packages/airflow/example_dags/example_display_name.py
[2026-05-09T11:33:15.392+0000] {logging_mixin.py:188} INFO - [2026-05-09T11:33:15.391+0000] {dag.py:3096} INFO - Sync 1 DAGs
[2026-05-09T11:33:15.400+0000] {logging_mixin.py:188} INFO - [2026-05-09T11:33:15.400+0000] {dag.py:3954} INFO - Setting next_dagrun for example_display_name to None, run_after=None
[2026-05-09T11:33:15.416+0000] {processor.py:183} INFO - Processing /home/vscode/.local/lib/python3.11/site-packages/airflow/example_dags/example_display_name.py took 0.054 seconds
[2026-05-09T11:34:18.682+0000] {processor.py:161} INFO - Started process (PID=16886) to work on /home/vscode/.local/lib/python3.11/site-packages/airflow/example_dags/example_display_name.py
[2026-05-09T11:34:18.682+0000] {processor.py:830} INFO - Processing file /home/vscode/.local/lib/python3.11/site-packages/airflow/example_dags/example_display_name.py for tasks to queue
[2026-05-09T11:34:18.683+0000] {logging_mixin.py:188} INFO - [2026-05-09T11:34:18.682+0000] {dagbag.py:545} INFO - Filling up the DagBag from /home/vscode/.local/lib/python3.11/site-packages/airflow/example_dags/example_display_name.py
[2026-05-09T11:34:18.687+0000] {processor.py:840} INFO - DAG(s) 'example_display_name' retrieved from /home/vscode/.local/lib/python3.11/site-packages/airflow/example_dags/example_display_name.py
[2026-05-09T11:34:18.698+0000] {logging_mixin.py:188} INFO - [2026-05-09T11:34:18.698+0000] {dag.py:3096} INFO - Sync 1 DAGs
[2026-05-09T11:34:18.706+0000] {logging_mixin.py:188} INFO - [2026-05-09T11:34:18.706+0000] {dag.py:3954} INFO - Setting next_dagrun for example_display_name to None, run_after=None
[2026-05-09T11:34:18.722+0000] {processor.py:183} INFO - Processing /home/vscode/.local/lib/python3.11/site-packages/airflow/example_dags/example_display_name.py took 0.047 seconds
[2026-05-09T11:35:19.572+0000] {processor.py:161} INFO - Started process (PID=17401) to work on /home/vscode/.local/lib/python3.11/site-packages/airflow/example_dags/example_display_name.py
[2026-05-09T11:35:19.573+0000] {processor.py:830} INFO - Processing file /home/vscode/.local/lib/python3.11/site-packages/airflow/example_dags/example_display_name.py for tasks to queue
[2026-05-09T11:35:19.573+0000] {logging_mixin.py:188} INFO - [2026-05-09T11:35:19.573+0000] {dagbag.py:545} INFO - Filling up the DagBag from /home/vscode/.local/lib/python3.11/site-packages/airflow/example_dags/example_display_name.py
[2026-05-09T11:35:19.577+0000] {processor.py:840} INFO - DAG(s) 'example_display_name' retrieved from /home/vscode/.local/lib/python3.11/site-packages/airflow/example_dags/example_display_name.py
[2026-05-09T11:35:19.588+0000] {logging_mixin.py:188} INFO - [2026-05-09T11:35:19.588+0000] {dag.py:3096} INFO - Sync 1 DAGs
[2026-05-09T11:35:19.597+0000] {logging_mixin.py:188} INFO - [2026-05-09T11:35:19.597+0000] {dag.py:3954} INFO - Setting next_dagrun for example_display_name to None, run_after=None
[2026-05-09T11:35:19.614+0000] {processor.py:183} INFO - Processing /home/vscode/.local/lib/python3.11/site-packages/airflow/example_dags/example_display_name.py took 0.047 seconds
[2026-05-09T11:36:16.952+0000] {processor.py:161} INFO - Started process (PID=17884) to work on /home/vscode/.local/lib/python3.11/site-packages/airflow/example_dags/example_display_name.py
[2026-05-09T11:36:16.952+0000] {processor.py:830} INFO - Processing file /home/vscode/.local/lib/python3.11/site-packages/airflow/example_dags/example_display_name.py for tasks to queue
[2026-05-09T11:36:16.953+0000] {logging_mixin.py:188} INFO - [2026-05-09T11:36:16.953+0000] {dagbag.py:545} INFO - Filling up the DagBag from /home/vscode/.local/lib/python3.11/site-packages/airflow/example_dags/example_display_name.py
[2026-05-09T11:36:16.958+0000] {processor.py:840} INFO - DAG(s) 'example_display_name' retrieved from /home/vscode/.local/lib/python3.11/site-packages/airflow/example_dags/example_display_name.py
[2026-05-09T11:36:16.975+0000] {logging_mixin.py:188} INFO - [2026-05-09T11:36:16.975+0000] {dag.py:3096} INFO - Sync 1 DAGs
[2026-05-09T11:36:16.992+0000] {logging_mixin.py:188} INFO - [2026-05-09T11:36:16.992+0000] {dag.py:3954} INFO - Setting next_dagrun for example_display_name to None, run_after=None
[2026-05-09T11:36:17.019+0000] {processor.py:183} INFO - Processing /home/vscode/.local/lib/python3.11/site-packages/airflow/example_dags/example_display_name.py took 0.074 seconds
[2026-05-09T11:37:18.927+0000] {processor.py:161} INFO - Started process (PID=18521) to work on /home/vscode/.local/lib/python3.11/site-packages/airflow/example_dags/example_display_name.py
[2026-05-09T11:37:18.928+0000] {processor.py:830} INFO - Processing file /home/vscode/.local/lib/python3.11/site-packages/airflow/example_dags/example_display_name.py for tasks to queue
[2026-05-09T11:37:18.929+0000] {logging_mixin.py:188} INFO - [2026-05-09T11:37:18.928+0000] {dagbag.py:545} INFO - Filling up the DagBag from /home/vscode/.local/lib/python3.11/site-packages/airflow/example_dags/example_display_name.py
[2026-05-09T11:37:18.933+0000] {processor.py:840} INFO - DAG(s) 'example_display_name' retrieved from /home/vscode/.local/lib/python3.11/site-packages/airflow/example_dags/example_display_name.py
[2026-05-09T11:37:18.945+0000] {logging_mixin.py:188} INFO - [2026-05-09T11:37:18.945+0000] {dag.py:3096} INFO - Sync 1 DAGs
[2026-05-09T11:37:18.956+0000] {logging_mixin.py:188} INFO - [2026-05-09T11:37:18.956+0000] {dag.py:3954} INFO - Setting next_dagrun for example_display_name to None, run_after=None
[2026-05-09T11:37:18.972+0000] {processor.py:183} INFO - Processing /home/vscode/.local/lib/python3.11/site-packages/airflow/example_dags/example_display_name.py took 0.051 seconds
[2026-05-09T11:38:21.344+0000] {processor.py:161} INFO - Started process (PID=19306) to work on /home/vscode/.local/lib/python3.11/site-packages/airflow/example_dags/example_display_name.py
[2026-05-09T11:38:21.344+0000] {processor.py:830} INFO - Processing file /home/vscode/.local/lib/python3.11/site-packages/airflow/example_dags/example_display_name.py for tasks to queue
[2026-05-09T11:38:21.345+0000] {logging_mixin.py:188} INFO - [2026-05-09T11:38:21.345+0000] {dagbag.py:545} INFO - Filling up the DagBag from /home/vscode/.local/lib/python3.11/site-packages/airflow/example_dags/example_display_name.py
[2026-05-09T11:38:21.349+0000] {processor.py:840} INFO - DAG(s) 'example_display_name' retrieved from /home/vscode/.local/lib/python3.11/site-packages/airflow/example_dags/example_display_name.py
[2026-05-09T11:38:21.360+0000] {logging_mixin.py:188} INFO - [2026-05-09T11:38:21.360+0000] {dag.py:3096} INFO - Sync 1 DAGs
[2026-05-09T11:38:21.369+0000] {logging_mixin.py:188} INFO - [2026-05-09T11:38:21.369+0000] {dag.py:3954} INFO - Setting next_dagrun for example_display_name to None, run_after=None
[2026-05-09T11:38:21.385+0000] {processor.py:183} INFO - Processing /home/vscode/.local/lib/python3.11/site-packages/airflow/example_dags/example_display_name.py took 0.048 seconds
[2026-05-09T11:39:20.464+0000] {processor.py:161} INFO - Started process (PID=20028) to work on /home/vscode/.local/lib/python3.11/site-packages/airflow/example_dags/example_display_name.py
[2026-05-09T11:39:20.465+0000] {processor.py:830} INFO - Processing file /home/vscode/.local/lib/python3.11/site-packages/airflow/example_dags/example_display_name.py for tasks to queue
[2026-05-09T11:39:20.466+0000] {logging_mixin.py:188} INFO - [2026-05-09T11:39:20.465+0000] {dagbag.py:545} INFO - Filling up the DagBag from /home/vscode/.local/lib/python3.11/site-packages/airflow/example_dags/example_display_name.py
[2026-05-09T11:39:20.470+0000] {processor.py:840} INFO - DAG(s) 'example_display_name' retrieved from /home/vscode/.local/lib/python3.11/site-packages/airflow/example_dags/example_display_name.py
[2026-05-09T11:39:20.481+0000] {logging_mixin.py:188} INFO - [2026-05-09T11:39:20.481+0000] {dag.py:3096} INFO - Sync 1 DAGs
[2026-05-09T11:39:20.489+0000] {logging_mixin.py:188} INFO - [2026-05-09T11:39:20.489+0000] {dag.py:3954} INFO - Setting next_dagrun for example_display_name to None, run_after=None
[2026-05-09T11:39:20.505+0000] {processor.py:183} INFO - Processing /home/vscode/.local/lib/python3.11/site-packages/airflow/example_dags/example_display_name.py took 0.047 seconds
[2026-05-09T11:40:23.052+0000] {processor.py:161} INFO - Started process (PID=20620) to work on /home/vscode/.local/lib/python3.11/site-packages/airflow/example_dags/example_display_name.py
[2026-05-09T11:40:23.053+0000] {processor.py:830} INFO - Processing file /home/vscode/.local/lib/python3.11/site-packages/airflow/example_dags/example_display_name.py for tasks to queue
[2026-05-09T11:40:23.053+0000] {logging_mixin.py:188} INFO - [2026-05-09T11:40:23.053+0000] {dagbag.py:545} INFO - Filling up the DagBag from /home/vscode/.local/lib/python3.11/site-packages/airflow/example_dags/example_display_name.py
[2026-05-09T11:40:23.057+0000] {processor.py:840} INFO - DAG(s) 'example_display_name' retrieved from /home/vscode/.local/lib/python3.11/site-packages/airflow/example_dags/example_display_name.py
[2026-05-09T11:40:23.069+0000] {logging_mixin.py:188} INFO - [2026-05-09T11:40:23.068+0000] {dag.py:3096} INFO - Sync 1 DAGs
[2026-05-09T11:40:23.077+0000] {logging_mixin.py:188} INFO - [2026-05-09T11:40:23.077+0000] {dag.py:3954} INFO - Setting next_dagrun for example_display_name to None, run_after=None
[2026-05-09T11:40:23.093+0000] {processor.py:183} INFO - Processing /home/vscode/.local/lib/python3.11/site-packages/airflow/example_dags/example_display_name.py took 0.047 seconds
[2026-05-09T11:41:28.471+0000] {processor.py:161} INFO - Started process (PID=21304) to work on /home/vscode/.local/lib/python3.11/site-packages/airflow/example_dags/example_display_name.py
[2026-05-09T11:41:28.471+0000] {processor.py:830} INFO - Processing file /home/vscode/.local/lib/python3.11/site-packages/airflow/example_dags/example_display_name.py for tasks to queue
[2026-05-09T11:41:28.472+0000] {logging_mixin.py:188} INFO - [2026-05-09T11:41:28.472+0000] {dagbag.py:545} INFO - Filling up the DagBag from /home/vscode/.local/lib/python3.11/site-packages/airflow/example_dags/example_display_name.py
[2026-05-09T11:41:28.477+0000] {processor.py:840} INFO - DAG(s) 'example_display_name' retrieved from /home/vscode/.local/lib/python3.11/site-packages/airflow/example_dags/example_display_name.py
[2026-05-09T11:41:28.492+0000] {logging_mixin.py:188} INFO - [2026-05-09T11:41:28.492+0000] {dag.py:3096} INFO - Sync 1 DAGs
[2026-05-09T11:41:28.502+0000] {logging_mixin.py:188} INFO - [2026-05-09T11:41:28.502+0000] {dag.py:3954} INFO - Setting next_dagrun for example_display_name to None, run_after=None
[2026-05-09T11:41:28.521+0000] {processor.py:183} INFO - Processing /home/vscode/.local/lib/python3.11/site-packages/airflow/example_dags/example_display_name.py took 0.057 seconds
[2026-05-09T11:42:20.831+0000] {processor.py:161} INFO - Started process (PID=21748) to work on /home/vscode/.local/lib/python3.11/site-packages/airflow/example_dags/example_display_name.py
[2026-05-09T11:42:20.832+0000] {processor.py:830} INFO - Processing file /home/vscode/.local/lib/python3.11/site-packages/airflow/example_dags/example_display_name.py for tasks to queue
[2026-05-09T11:42:20.832+0000] {logging_mixin.py:188} INFO - [2026-05-09T11:42:20.832+0000] {dagbag.py:545} INFO - Filling up the DagBag from /home/vscode/.local/lib/python3.11/site-packages/airflow/example_dags/example_display_name.py
[2026-05-09T11:42:20.836+0000] {processor.py:840} INFO - DAG(s) 'example_display_name' retrieved from /home/vscode/.local/lib/python3.11/site-packages/airflow/example_dags/example_display_name.py
[2026-05-09T11:42:20.848+0000] {logging_mixin.py:188} INFO - [2026-05-09T11:42:20.848+0000] {dag.py:3096} INFO - Sync 1 DAGs
[2026-05-09T11:42:20.856+0000] {logging_mixin.py:188} INFO - [2026-05-09T11:42:20.856+0000] {dag.py:3954} INFO - Setting next_dagrun for example_display_name to None, run_after=None
[2026-05-09T11:42:20.872+0000] {processor.py:183} INFO - Processing /home/vscode/.local/lib/python3.11/site-packages/airflow/example_dags/example_display_name.py took 0.048 seconds
[2026-05-09T11:43:27.841+0000] {processor.py:161} INFO - Started process (PID=22306) to work on /home/vscode/.local/lib/python3.11/site-packages/airflow/example_dags/example_display_name.py
[2026-05-09T11:43:27.841+0000] {processor.py:830} INFO - Processing file /home/vscode/.local/lib/python3.11/site-packages/airflow/example_dags/example_display_name.py for tasks to queue
[2026-05-09T11:43:27.842+0000] {logging_mixin.py:188} INFO - [2026-05-09T11:43:27.841+0000] {dagbag.py:545} INFO - Filling up the DagBag from /home/vscode/.local/lib/python3.11/site-packages/airflow/example_dags/example_display_name.py
[2026-05-09T11:43:27.846+0000] {processor.py:840} INFO - DAG(s) 'example_display_name' retrieved from /home/vscode/.local/lib/python3.11/site-packages/airflow/example_dags/example_display_name.py
[2026-05-09T11:43:27.857+0000] {logging_mixin.py:188} INFO - [2026-05-09T11:43:27.857+0000] {dag.py:3096} INFO - Sync 1 DAGs
[2026-05-09T11:43:27.865+0000] {logging_mixin.py:188} INFO - [2026-05-09T11:43:27.865+0000] {dag.py:3954} INFO - Setting next_dagrun for example_display_name to None, run_after=None
[2026-05-09T11:43:27.881+0000] {processor.py:183} INFO - Processing /home/vscode/.local/lib/python3.11/site-packages/airflow/example_dags/example_display_name.py took 0.046 seconds
[2026-05-09T11:44:28.666+0000] {processor.py:161} INFO - Started process (PID=22875) to work on /home/vscode/.local/lib/python3.11/site-packages/airflow/example_dags/example_display_name.py
[2026-05-09T11:44:28.667+0000] {processor.py:830} INFO - Processing file /home/vscode/.local/lib/python3.11/site-packages/airflow/example_dags/example_display_name.py for tasks to queue
[2026-05-09T11:44:28.667+0000] {logging_mixin.py:188} INFO - [2026-05-09T11:44:28.667+0000] {dagbag.py:545} INFO - Filling up the DagBag from /home/vscode/.local/lib/python3.11/site-packages/airflow/example_dags/example_display_name.py
[2026-05-09T11:44:28.671+0000] {processor.py:840} INFO - DAG(s) 'example_display_name' retrieved from /home/vscode/.local/lib/python3.11/site-packages/airflow/example_dags/example_display_name.py
[2026-05-09T11:44:28.683+0000] {logging_mixin.py:188} INFO - [2026-05-09T11:44:28.683+0000] {dag.py:3096} INFO - Sync 1 DAGs
[2026-05-09T11:44:28.693+0000] {logging_mixin.py:188} INFO - [2026-05-09T11:44:28.693+0000] {dag.py:3954} INFO - Setting next_dagrun for example_display_name to None, run_after=None
[2026-05-09T11:44:28.710+0000] {processor.py:183} INFO - Processing /home/vscode/.local/lib/python3.11/site-packages/airflow/example_dags/example_display_name.py took 0.051 seconds
[2026-05-09T11:45:33.662+0000] {processor.py:161} INFO - Started process (PID=23445) to work on /home/vscode/.local/lib/python3.11/site-packages/airflow/example_dags/example_display_name.py
[2026-05-09T11:45:33.663+0000] {processor.py:830} INFO - Processing file /home/vscode/.local/lib/python3.11/site-packages/airflow/example_dags/example_display_name.py for tasks to queue
[2026-05-09T11:45:33.663+0000] {logging_mixin.py:188} INFO - [2026-05-09T11:45:33.663+0000] {dagbag.py:545} INFO - Filling up the DagBag from /home/vscode/.local/lib/python3.11/site-packages/airflow/example_dags/example_display_name.py
[2026-05-09T11:45:33.668+0000] {processor.py:840} INFO - DAG(s) 'example_display_name' retrieved from /home/vscode/.local/lib/python3.11/site-packages/airflow/example_dags/example_display_name.py
[2026-05-09T11:45:33.679+0000] {logging_mixin.py:188} INFO - [2026-05-09T11:45:33.679+0000] {dag.py:3096} INFO - Sync 1 DAGs
[2026-05-09T11:45:33.688+0000] {logging_mixin.py:188} INFO - [2026-05-09T11:45:33.688+0000] {dag.py:3954} INFO - Setting next_dagrun for example_display_name to None, run_after=None
[2026-05-09T11:45:33.704+0000] {processor.py:183} INFO - Processing /home/vscode/.local/lib/python3.11/site-packages/airflow/example_dags/example_display_name.py took 0.049 seconds
[2026-05-09T11:46:37.496+0000] {processor.py:161} INFO - Started process (PID=24016) to work on /home/vscode/.local/lib/python3.11/site-packages/airflow/example_dags/example_display_name.py
[2026-05-09T11:46:37.497+0000] {processor.py:830} INFO - Processing file /home/vscode/.local/lib/python3.11/site-packages/airflow/example_dags/example_display_name.py for tasks to queue
[2026-05-09T11:46:37.498+0000] {logging_mixin.py:188} INFO - [2026-05-09T11:46:37.497+0000] {dagbag.py:545} INFO - Filling up the DagBag from /home/vscode/.local/lib/python3.11/site-packages/airflow/example_dags/example_display_name.py
[2026-05-09T11:46:37.503+0000] {processor.py:840} INFO - DAG(s) 'example_display_name' retrieved from /home/vscode/.local/lib/python3.11/site-packages/airflow/example_dags/example_display_name.py
[2026-05-09T11:46:37.514+0000] {logging_mixin.py:188} INFO - [2026-05-09T11:46:37.514+0000] {dag.py:3096} INFO - Sync 1 DAGs
[2026-05-09T11:46:37.522+0000] {logging_mixin.py:188} INFO - [2026-05-09T11:46:37.522+0000] {dag.py:3954} INFO - Setting next_dagrun for example_display_name to None, run_after=None
[2026-05-09T11:46:37.538+0000] {processor.py:183} INFO - Processing /home/vscode/.local/lib/python3.11/site-packages/airflow/example_dags/example_display_name.py took 0.051 seconds
[2026-05-09T11:47:44.359+0000] {processor.py:161} INFO - Started process (PID=24701) to work on /home/vscode/.local/lib/python3.11/site-packages/airflow/example_dags/example_display_name.py
[2026-05-09T11:47:44.359+0000] {processor.py:830} INFO - Processing file /home/vscode/.local/lib/python3.11/site-packages/airflow/example_dags/example_display_name.py for tasks to queue
[2026-05-09T11:47:44.360+0000] {logging_mixin.py:188} INFO - [2026-05-09T11:47:44.360+0000] {dagbag.py:545} INFO - Filling up the DagBag from /home/vscode/.local/lib/python3.11/site-packages/airflow/example_dags/example_display_name.py
[2026-05-09T11:47:44.364+0000] {processor.py:840} INFO - DAG(s) 'example_display_name' retrieved from /home/vscode/.local/lib/python3.11/site-packages/airflow/example_dags/example_display_name.py
[2026-05-09T11:47:44.376+0000] {logging_mixin.py:188} INFO - [2026-05-09T11:47:44.376+0000] {dag.py:3096} INFO - Sync 1 DAGs
[2026-05-09T11:47:44.384+0000] {logging_mixin.py:188} INFO - [2026-05-09T11:47:44.384+0000] {dag.py:3954} INFO - Setting next_dagrun for example_display_name to None, run_after=None
[2026-05-09T11:47:44.400+0000] {processor.py:183} INFO - Processing /home/vscode/.local/lib/python3.11/site-packages/airflow/example_dags/example_display_name.py took 0.049 seconds
[2026-05-09T11:48:48.741+0000] {processor.py:161} INFO - Started process (PID=25291) to work on /home/vscode/.local/lib/python3.11/site-packages/airflow/example_dags/example_display_name.py
[2026-05-09T11:48:48.742+0000] {processor.py:830} INFO - Processing file /home/vscode/.local/lib/python3.11/site-packages/airflow/example_dags/example_display_name.py for tasks to queue
[2026-05-09T11:48:48.743+0000] {logging_mixin.py:188} INFO - [2026-05-09T11:48:48.742+0000] {dagbag.py:545} INFO - Filling up the DagBag from /home/vscode/.local/lib/python3.11/site-packages/airflow/example_dags/example_display_name.py
[2026-05-09T11:48:48.747+0000] {processor.py:840} INFO - DAG(s) 'example_display_name' retrieved from /home/vscode/.local/lib/python3.11/site-packages/airflow/example_dags/example_display_name.py
[2026-05-09T11:48:48.758+0000] {logging_mixin.py:188} INFO - [2026-05-09T11:48:48.758+0000] {dag.py:3096} INFO - Sync 1 DAGs
[2026-05-09T11:48:48.767+0000] {logging_mixin.py:188} INFO - [2026-05-09T11:48:48.766+0000] {dag.py:3954} INFO - Setting next_dagrun for example_display_name to None, run_after=None
[2026-05-09T11:48:48.783+0000] {processor.py:183} INFO - Processing /home/vscode/.local/lib/python3.11/site-packages/airflow/example_dags/example_display_name.py took 0.048 seconds
[2026-05-09T11:49:49.890+0000] {processor.py:161} INFO - Started process (PID=25860) to work on /home/vscode/.local/lib/python3.11/site-packages/airflow/example_dags/example_display_name.py
[2026-05-09T11:49:49.891+0000] {processor.py:830} INFO - Processing file /home/vscode/.local/lib/python3.11/site-packages/airflow/example_dags/example_display_name.py for tasks to queue
[2026-05-09T11:49:49.892+0000] {logging_mixin.py:188} INFO - [2026-05-09T11:49:49.891+0000] {dagbag.py:545} INFO - Filling up the DagBag from /home/vscode/.local/lib/python3.11/site-packages/airflow/example_dags/example_display_name.py
[2026-05-09T11:49:49.896+0000] {processor.py:840} INFO - DAG(s) 'example_display_name' retrieved from /home/vscode/.local/lib/python3.11/site-packages/airflow/example_dags/example_display_name.py
[2026-05-09T11:49:49.907+0000] {logging_mixin.py:188} INFO - [2026-05-09T11:49:49.907+0000] {dag.py:3096} INFO - Sync 1 DAGs
[2026-05-09T11:49:49.915+0000] {logging_mixin.py:188} INFO - [2026-05-09T11:49:49.915+0000] {dag.py:3954} INFO - Setting next_dagrun for example_display_name to None, run_after=None
[2026-05-09T11:49:49.931+0000] {processor.py:183} INFO - Processing /home/vscode/.local/lib/python3.11/site-packages/airflow/example_dags/example_display_name.py took 0.047 seconds
[2026-05-09T11:50:55.025+0000] {processor.py:161} INFO - Started process (PID=26580) to work on /home/vscode/.local/lib/python3.11/site-packages/airflow/example_dags/example_display_name.py
[2026-05-09T11:50:55.025+0000] {processor.py:830} INFO - Processing file /home/vscode/.local/lib/python3.11/site-packages/airflow/example_dags/example_display_name.py for tasks to queue
[2026-05-09T11:50:55.026+0000] {logging_mixin.py:188} INFO - [2026-05-09T11:50:55.026+0000] {dagbag.py:545} INFO - Filling up the DagBag from /home/vscode/.local/lib/python3.11/site-packages/airflow/example_dags/example_display_name.py
[2026-05-09T11:50:55.030+0000] {processor.py:840} INFO - DAG(s) 'example_display_name' retrieved from /home/vscode/.local/lib/python3.11/site-packages/airflow/example_dags/example_display_name.py
[2026-05-09T11:50:55.042+0000] {logging_mixin.py:188} INFO - [2026-05-09T11:50:55.042+0000] {dag.py:3096} INFO - Sync 1 DAGs
[2026-05-09T11:50:55.051+0000] {logging_mixin.py:188} INFO - [2026-05-09T11:50:55.050+0000] {dag.py:3954} INFO - Setting next_dagrun for example_display_name to None, run_after=None
[2026-05-09T11:50:55.066+0000] {processor.py:183} INFO - Processing /home/vscode/.local/lib/python3.11/site-packages/airflow/example_dags/example_display_name.py took 0.048 seconds
[2026-05-09T11:51:58.180+0000] {processor.py:161} INFO - Started process (PID=27223) to work on /home/vscode/.local/lib/python3.11/site-packages/airflow/example_dags/example_display_name.py
[2026-05-09T11:51:58.181+0000] {processor.py:830} INFO - Processing file /home/vscode/.local/lib/python3.11/site-packages/airflow/example_dags/example_display_name.py for tasks to queue
[2026-05-09T11:51:58.181+0000] {logging_mixin.py:188} INFO - [2026-05-09T11:51:58.181+0000] {dagbag.py:545} INFO - Filling up the DagBag from /home/vscode/.local/lib/python3.11/site-packages/airflow/example_dags/example_display_name.py
[2026-05-09T11:51:58.185+0000] {processor.py:840} INFO - DAG(s) 'example_display_name' retrieved from /home/vscode/.local/lib/python3.11/site-packages/airflow/example_dags/example_display_name.py
[2026-05-09T11:51:58.195+0000] {logging_mixin.py:188} INFO - [2026-05-09T11:51:58.195+0000] {dag.py:3096} INFO - Sync 1 DAGs
[2026-05-09T11:51:58.204+0000] {logging_mixin.py:188} INFO - [2026-05-09T11:51:58.204+0000] {dag.py:3954} INFO - Setting next_dagrun for example_display_name to None, run_after=None
[2026-05-09T11:51:58.219+0000] {processor.py:183} INFO - Processing /home/vscode/.local/lib/python3.11/site-packages/airflow/example_dags/example_display_name.py took 0.045 seconds
[2026-05-09T11:52:58.230+0000] {processor.py:161} INFO - Started process (PID=27717) to work on /home/vscode/.local/lib/python3.11/site-packages/airflow/example_dags/example_display_name.py
[2026-05-09T11:52:58.231+0000] {processor.py:830} INFO - Processing file /home/vscode/.local/lib/python3.11/site-packages/airflow/example_dags/example_display_name.py for tasks to queue
[2026-05-09T11:52:58.232+0000] {logging_mixin.py:188} INFO - [2026-05-09T11:52:58.231+0000] {dagbag.py:545} INFO - Filling up the DagBag from /home/vscode/.local/lib/python3.11/site-packages/airflow/example_dags/example_display_name.py
[2026-05-09T11:52:58.236+0000] {processor.py:840} INFO - DAG(s) 'example_display_name' retrieved from /home/vscode/.local/lib/python3.11/site-packages/airflow/example_dags/example_display_name.py
[2026-05-09T11:52:58.246+0000] {logging_mixin.py:188} INFO - [2026-05-09T11:52:58.246+0000] {dag.py:3096} INFO - Sync 1 DAGs
[2026-05-09T11:52:58.255+0000] {logging_mixin.py:188} INFO - [2026-05-09T11:52:58.254+0000] {dag.py:3954} INFO - Setting next_dagrun for example_display_name to None, run_after=None
[2026-05-09T11:52:58.271+0000] {processor.py:183} INFO - Processing /home/vscode/.local/lib/python3.11/site-packages/airflow/example_dags/example_display_name.py took 0.047 seconds
[2026-05-09T11:53:58.856+0000] {processor.py:161} INFO - Started process (PID=28301) to work on /home/vscode/.local/lib/python3.11/site-packages/airflow/example_dags/example_display_name.py
[2026-05-09T11:53:58.857+0000] {processor.py:830} INFO - Processing file /home/vscode/.local/lib/python3.11/site-packages/airflow/example_dags/example_display_name.py for tasks to queue
[2026-05-09T11:53:58.857+0000] {logging_mixin.py:188} INFO - [2026-05-09T11:53:58.857+0000] {dagbag.py:545} INFO - Filling up the DagBag from /home/vscode/.local/lib/python3.11/site-packages/airflow/example_dags/example_display_name.py
[2026-05-09T11:53:58.861+0000] {processor.py:840} INFO - DAG(s) 'example_display_name' retrieved from /home/vscode/.local/lib/python3.11/site-packages/airflow/example_dags/example_display_name.py
[2026-05-09T11:53:58.872+0000] {logging_mixin.py:188} INFO - [2026-05-09T11:53:58.872+0000] {dag.py:3096} INFO - Sync 1 DAGs
[2026-05-09T11:53:58.880+0000] {logging_mixin.py:188} INFO - [2026-05-09T11:53:58.880+0000] {dag.py:3954} INFO - Setting next_dagrun for example_display_name to None, run_after=None
[2026-05-09T11:53:58.896+0000] {processor.py:183} INFO - Processing /home/vscode/.local/lib/python3.11/site-packages/airflow/example_dags/example_display_name.py took 0.046 seconds
[2026-05-09T11:55:00.818+0000] {processor.py:161} INFO - Started process (PID=28770) to work on /home/vscode/.local/lib/python3.11/site-packages/airflow/example_dags/example_display_name.py
[2026-05-09T11:55:00.819+0000] {processor.py:830} INFO - Processing file /home/vscode/.local/lib/python3.11/site-packages/airflow/example_dags/example_display_name.py for tasks to queue
[2026-05-09T11:55:00.819+0000] {logging_mixin.py:188} INFO - [2026-05-09T11:55:00.819+0000] {dagbag.py:545} INFO - Filling up the DagBag from /home/vscode/.local/lib/python3.11/site-packages/airflow/example_dags/example_display_name.py
[2026-05-09T11:55:00.823+0000] {processor.py:840} INFO - DAG(s) 'example_display_name' retrieved from /home/vscode/.local/lib/python3.11/site-packages/airflow/example_dags/example_display_name.py
[2026-05-09T11:55:00.834+0000] {logging_mixin.py:188} INFO - [2026-05-09T11:55:00.834+0000] {dag.py:3096} INFO - Sync 1 DAGs
[2026-05-09T11:55:00.842+0000] {logging_mixin.py:188} INFO - [2026-05-09T11:55:00.842+0000] {dag.py:3954} INFO - Setting next_dagrun for example_display_name to None, run_after=None
[2026-05-09T11:55:00.859+0000] {processor.py:183} INFO - Processing /home/vscode/.local/lib/python3.11/site-packages/airflow/example_dags/example_display_name.py took 0.047 seconds
[2026-05-09T11:56:02.241+0000] {processor.py:161} INFO - Started process (PID=29294) to work on /home/vscode/.local/lib/python3.11/site-packages/airflow/example_dags/example_display_name.py
[2026-05-09T11:56:02.241+0000] {processor.py:830} INFO - Processing file /home/vscode/.local/lib/python3.11/site-packages/airflow/example_dags/example_display_name.py for tasks to queue
[2026-05-09T11:56:02.242+0000] {logging_mixin.py:188} INFO - [2026-05-09T11:56:02.242+0000] {dagbag.py:545} INFO - Filling up the DagBag from /home/vscode/.local/lib/python3.11/site-packages/airflow/example_dags/example_display_name.py
[2026-05-09T11:56:02.246+0000] {processor.py:840} INFO - DAG(s) 'example_display_name' retrieved from /home/vscode/.local/lib/python3.11/site-packages/airflow/example_dags/example_display_name.py
[2026-05-09T11:56:02.258+0000] {logging_mixin.py:188} INFO - [2026-05-09T11:56:02.257+0000] {dag.py:3096} INFO - Sync 1 DAGs
[2026-05-09T11:56:02.266+0000] {logging_mixin.py:188} INFO - [2026-05-09T11:56:02.266+0000] {dag.py:3954} INFO - Setting next_dagrun for example_display_name to None, run_after=None
[2026-05-09T11:56:02.282+0000] {processor.py:183} INFO - Processing /home/vscode/.local/lib/python3.11/site-packages/airflow/example_dags/example_display_name.py took 0.048 seconds
[2026-05-09T11:57:02.945+0000] {processor.py:161} INFO - Started process (PID=29757) to work on /home/vscode/.local/lib/python3.11/site-packages/airflow/example_dags/example_display_name.py
[2026-05-09T11:57:02.946+0000] {processor.py:830} INFO - Processing file /home/vscode/.local/lib/python3.11/site-packages/airflow/example_dags/example_display_name.py for tasks to queue
[2026-05-09T11:57:02.946+0000] {logging_mixin.py:188} INFO - [2026-05-09T11:57:02.946+0000] {dagbag.py:545} INFO - Filling up the DagBag from /home/vscode/.local/lib/python3.11/site-packages/airflow/example_dags/example_display_name.py
[2026-05-09T11:57:02.951+0000] {processor.py:840} INFO - DAG(s) 'example_display_name' retrieved from /home/vscode/.local/lib/python3.11/site-packages/airflow/example_dags/example_display_name.py
[2026-05-09T11:57:02.962+0000] {logging_mixin.py:188} INFO - [2026-05-09T11:57:02.962+0000] {dag.py:3096} INFO - Sync 1 DAGs
[2026-05-09T11:57:02.970+0000] {logging_mixin.py:188} INFO - [2026-05-09T11:57:02.970+0000] {dag.py:3954} INFO - Setting next_dagrun for example_display_name to None, run_after=None
[2026-05-09T11:57:02.985+0000] {processor.py:183} INFO - Processing /home/vscode/.local/lib/python3.11/site-packages/airflow/example_dags/example_display_name.py took 0.046 seconds
[2026-05-09T11:58:07.372+0000] {processor.py:161} INFO - Started process (PID=30298) to work on /home/vscode/.local/lib/python3.11/site-packages/airflow/example_dags/example_display_name.py
[2026-05-09T11:58:07.372+0000] {processor.py:830} INFO - Processing file /home/vscode/.local/lib/python3.11/site-packages/airflow/example_dags/example_display_name.py for tasks to queue
[2026-05-09T11:58:07.373+0000] {logging_mixin.py:188} INFO - [2026-05-09T11:58:07.373+0000] {dagbag.py:545} INFO - Filling up the DagBag from /home/vscode/.local/lib/python3.11/site-packages/airflow/example_dags/example_display_name.py
[2026-05-09T11:58:07.377+0000] {processor.py:840} INFO - DAG(s) 'example_display_name' retrieved from /home/vscode/.local/lib/python3.11/site-packages/airflow/example_dags/example_display_name.py
[2026-05-09T11:58:07.388+0000] {logging_mixin.py:188} INFO - [2026-05-09T11:58:07.388+0000] {dag.py:3096} INFO - Sync 1 DAGs
[2026-05-09T11:58:07.397+0000] {logging_mixin.py:188} INFO - [2026-05-09T11:58:07.397+0000] {dag.py:3954} INFO - Setting next_dagrun for example_display_name to None, run_after=None
[2026-05-09T11:58:07.413+0000] {processor.py:183} INFO - Processing /home/vscode/.local/lib/python3.11/site-packages/airflow/example_dags/example_display_name.py took 0.047 seconds
[2026-05-09T11:59:11.867+0000] {processor.py:161} INFO - Started process (PID=30786) to work on /home/vscode/.local/lib/python3.11/site-packages/airflow/example_dags/example_display_name.py
[2026-05-09T11:59:11.868+0000] {processor.py:830} INFO - Processing file /home/vscode/.local/lib/python3.11/site-packages/airflow/example_dags/example_display_name.py for tasks to queue
[2026-05-09T11:59:11.869+0000] {logging_mixin.py:188} INFO - [2026-05-09T11:59:11.868+0000] {dagbag.py:545} INFO - Filling up the DagBag from /home/vscode/.local/lib/python3.11/site-packages/airflow/example_dags/example_display_name.py
[2026-05-09T11:59:11.873+0000] {processor.py:840} INFO - DAG(s) 'example_display_name' retrieved from /home/vscode/.local/lib/python3.11/site-packages/airflow/example_dags/example_display_name.py
[2026-05-09T11:59:11.886+0000] {logging_mixin.py:188} INFO - [2026-05-09T11:59:11.885+0000] {dag.py:3096} INFO - Sync 1 DAGs
[2026-05-09T11:59:11.895+0000] {logging_mixin.py:188} INFO - [2026-05-09T11:59:11.894+0000] {dag.py:3954} INFO - Setting next_dagrun for example_display_name to None, run_after=None
[2026-05-09T11:59:11.917+0000] {processor.py:183} INFO - Processing /home/vscode/.local/lib/python3.11/site-packages/airflow/example_dags/example_display_name.py took 0.056 seconds
[2026-05-09T12:00:14.110+0000] {processor.py:161} INFO - Started process (PID=31319) to work on /home/vscode/.local/lib/python3.11/site-packages/airflow/example_dags/example_display_name.py
[2026-05-09T12:00:14.111+0000] {processor.py:830} INFO - Processing file /home/vscode/.local/lib/python3.11/site-packages/airflow/example_dags/example_display_name.py for tasks to queue
[2026-05-09T12:00:14.111+0000] {logging_mixin.py:188} INFO - [2026-05-09T12:00:14.111+0000] {dagbag.py:545} INFO - Filling up the DagBag from /home/vscode/.local/lib/python3.11/site-packages/airflow/example_dags/example_display_name.py
[2026-05-09T12:00:14.115+0000] {processor.py:840} INFO - DAG(s) 'example_display_name' retrieved from /home/vscode/.local/lib/python3.11/site-packages/airflow/example_dags/example_display_name.py
[2026-05-09T12:00:14.127+0000] {logging_mixin.py:188} INFO - [2026-05-09T12:00:14.127+0000] {dag.py:3096} INFO - Sync 1 DAGs
[2026-05-09T12:00:14.135+0000] {logging_mixin.py:188} INFO - [2026-05-09T12:00:14.135+0000] {dag.py:3954} INFO - Setting next_dagrun for example_display_name to None, run_after=None
[2026-05-09T12:00:14.151+0000] {processor.py:183} INFO - Processing /home/vscode/.local/lib/python3.11/site-packages/airflow/example_dags/example_display_name.py took 0.047 seconds
[2026-05-09T12:01:16.341+0000] {processor.py:161} INFO - Started process (PID=31784) to work on /home/vscode/.local/lib/python3.11/site-packages/airflow/example_dags/example_display_name.py
[2026-05-09T12:01:16.342+0000] {processor.py:830} INFO - Processing file /home/vscode/.local/lib/python3.11/site-packages/airflow/example_dags/example_display_name.py for tasks to queue
[2026-05-09T12:01:16.342+0000] {logging_mixin.py:188} INFO - [2026-05-09T12:01:16.342+0000] {dagbag.py:545} INFO - Filling up the DagBag from /home/vscode/.local/lib/python3.11/site-packages/airflow/example_dags/example_display_name.py
[2026-05-09T12:01:16.346+0000] {processor.py:840} INFO - DAG(s) 'example_display_name' retrieved from /home/vscode/.local/lib/python3.11/site-packages/airflow/example_dags/example_display_name.py
[2026-05-09T12:01:16.357+0000] {logging_mixin.py:188} INFO - [2026-05-09T12:01:16.357+0000] {dag.py:3096} INFO - Sync 1 DAGs
[2026-05-09T12:01:16.365+0000] {logging_mixin.py:188} INFO - [2026-05-09T12:01:16.365+0000] {dag.py:3954} INFO - Setting next_dagrun for example_display_name to None, run_after=None
[2026-05-09T12:01:16.381+0000] {processor.py:183} INFO - Processing /home/vscode/.local/lib/python3.11/site-packages/airflow/example_dags/example_display_name.py took 0.046 seconds
[2026-05-09T12:02:20.302+0000] {processor.py:161} INFO - Started process (PID=32330) to work on /home/vscode/.local/lib/python3.11/site-packages/airflow/example_dags/example_display_name.py
[2026-05-09T12:02:20.303+0000] {processor.py:830} INFO - Processing file /home/vscode/.local/lib/python3.11/site-packages/airflow/example_dags/example_display_name.py for tasks to queue
[2026-05-09T12:02:20.303+0000] {logging_mixin.py:188} INFO - [2026-05-09T12:02:20.303+0000] {dagbag.py:545} INFO - Filling up the DagBag from /home/vscode/.local/lib/python3.11/site-packages/airflow/example_dags/example_display_name.py
[2026-05-09T12:02:20.308+0000] {processor.py:840} INFO - DAG(s) 'example_display_name' retrieved from /home/vscode/.local/lib/python3.11/site-packages/airflow/example_dags/example_display_name.py
[2026-05-09T12:02:20.319+0000] {logging_mixin.py:188} INFO - [2026-05-09T12:02:20.319+0000] {dag.py:3096} INFO - Sync 1 DAGs
[2026-05-09T12:02:20.328+0000] {logging_mixin.py:188} INFO - [2026-05-09T12:02:20.328+0000] {dag.py:3954} INFO - Setting next_dagrun for example_display_name to None, run_after=None
[2026-05-09T12:02:20.344+0000] {processor.py:183} INFO - Processing /home/vscode/.local/lib/python3.11/site-packages/airflow/example_dags/example_display_name.py took 0.048 seconds
[2026-05-09T12:03:23.002+0000] {processor.py:161} INFO - Started process (PID=32808) to work on /home/vscode/.local/lib/python3.11/site-packages/airflow/example_dags/example_display_name.py
[2026-05-09T12:03:23.002+0000] {processor.py:830} INFO - Processing file /home/vscode/.local/lib/python3.11/site-packages/airflow/example_dags/example_display_name.py for tasks to queue
[2026-05-09T12:03:23.003+0000] {logging_mixin.py:188} INFO - [2026-05-09T12:03:23.003+0000] {dagbag.py:545} INFO - Filling up the DagBag from /home/vscode/.local/lib/python3.11/site-packages/airflow/example_dags/example_display_name.py
[2026-05-09T12:03:23.007+0000] {processor.py:840} INFO - DAG(s) 'example_display_name' retrieved from /home/vscode/.local/lib/python3.11/site-packages/airflow/example_dags/example_display_name.py
[2026-05-09T12:03:23.018+0000] {logging_mixin.py:188} INFO - [2026-05-09T12:03:23.018+0000] {dag.py:3096} INFO - Sync 1 DAGs
[2026-05-09T12:03:23.026+0000] {logging_mixin.py:188} INFO - [2026-05-09T12:03:23.026+0000] {dag.py:3954} INFO - Setting next_dagrun for example_display_name to None, run_after=None
[2026-05-09T12:03:23.042+0000] {processor.py:183} INFO - Processing /home/vscode/.local/lib/python3.11/site-packages/airflow/example_dags/example_display_name.py took 0.046 seconds
[2026-05-09T12:04:26.691+0000] {processor.py:161} INFO - Started process (PID=33409) to work on /home/vscode/.local/lib/python3.11/site-packages/airflow/example_dags/example_display_name.py
[2026-05-09T12:04:26.692+0000] {processor.py:830} INFO - Processing file /home/vscode/.local/lib/python3.11/site-packages/airflow/example_dags/example_display_name.py for tasks to queue
[2026-05-09T12:04:26.692+0000] {logging_mixin.py:188} INFO - [2026-05-09T12:04:26.692+0000] {dagbag.py:545} INFO - Filling up the DagBag from /home/vscode/.local/lib/python3.11/site-packages/airflow/example_dags/example_display_name.py
[2026-05-09T12:04:26.697+0000] {processor.py:840} INFO - DAG(s) 'example_display_name' retrieved from /home/vscode/.local/lib/python3.11/site-packages/airflow/example_dags/example_display_name.py
[2026-05-09T12:04:26.710+0000] {logging_mixin.py:188} INFO - [2026-05-09T12:04:26.710+0000] {dag.py:3096} INFO - Sync 1 DAGs
[2026-05-09T12:04:26.721+0000] {logging_mixin.py:188} INFO - [2026-05-09T12:04:26.721+0000] {dag.py:3954} INFO - Setting next_dagrun for example_display_name to None, run_after=None
[2026-05-09T12:04:26.743+0000] {processor.py:183} INFO - Processing /home/vscode/.local/lib/python3.11/site-packages/airflow/example_dags/example_display_name.py took 0.058 seconds
[2026-05-09T12:05:28.470+0000] {processor.py:161} INFO - Started process (PID=33874) to work on /home/vscode/.local/lib/python3.11/site-packages/airflow/example_dags/example_display_name.py
[2026-05-09T12:05:28.471+0000] {processor.py:830} INFO - Processing file /home/vscode/.local/lib/python3.11/site-packages/airflow/example_dags/example_display_name.py for tasks to queue
[2026-05-09T12:05:28.472+0000] {logging_mixin.py:188} INFO - [2026-05-09T12:05:28.471+0000] {dagbag.py:545} INFO - Filling up the DagBag from /home/vscode/.local/lib/python3.11/site-packages/airflow/example_dags/example_display_name.py
[2026-05-09T12:05:28.476+0000] {processor.py:840} INFO - DAG(s) 'example_display_name' retrieved from /home/vscode/.local/lib/python3.11/site-packages/airflow/example_dags/example_display_name.py
[2026-05-09T12:05:28.488+0000] {logging_mixin.py:188} INFO - [2026-05-09T12:05:28.487+0000] {dag.py:3096} INFO - Sync 1 DAGs
[2026-05-09T12:05:28.496+0000] {logging_mixin.py:188} INFO - [2026-05-09T12:05:28.496+0000] {dag.py:3954} INFO - Setting next_dagrun for example_display_name to None, run_after=None
[2026-05-09T12:05:28.511+0000] {processor.py:183} INFO - Processing /home/vscode/.local/lib/python3.11/site-packages/airflow/example_dags/example_display_name.py took 0.047 seconds
[2026-05-09T12:06:32.687+0000] {processor.py:161} INFO - Started process (PID=34423) to work on /home/vscode/.local/lib/python3.11/site-packages/airflow/example_dags/example_display_name.py
[2026-05-09T12:06:32.688+0000] {processor.py:830} INFO - Processing file /home/vscode/.local/lib/python3.11/site-packages/airflow/example_dags/example_display_name.py for tasks to queue
[2026-05-09T12:06:32.688+0000] {logging_mixin.py:188} INFO - [2026-05-09T12:06:32.688+0000] {dagbag.py:545} INFO - Filling up the DagBag from /home/vscode/.local/lib/python3.11/site-packages/airflow/example_dags/example_display_name.py
[2026-05-09T12:06:32.692+0000] {processor.py:840} INFO - DAG(s) 'example_display_name' retrieved from /home/vscode/.local/lib/python3.11/site-packages/airflow/example_dags/example_display_name.py
[2026-05-09T12:06:32.703+0000] {logging_mixin.py:188} INFO - [2026-05-09T12:06:32.703+0000] {dag.py:3096} INFO - Sync 1 DAGs
[2026-05-09T12:06:32.711+0000] {logging_mixin.py:188} INFO - [2026-05-09T12:06:32.711+0000] {dag.py:3954} INFO - Setting next_dagrun for example_display_name to None, run_after=None
[2026-05-09T12:06:32.729+0000] {processor.py:183} INFO - Processing /home/vscode/.local/lib/python3.11/site-packages/airflow/example_dags/example_display_name.py took 0.048 seconds
[2026-05-09T12:07:38.056+0000] {processor.py:161} INFO - Started process (PID=34969) to work on /home/vscode/.local/lib/python3.11/site-packages/airflow/example_dags/example_display_name.py
[2026-05-09T12:07:38.057+0000] {processor.py:830} INFO - Processing file /home/vscode/.local/lib/python3.11/site-packages/airflow/example_dags/example_display_name.py for tasks to queue
[2026-05-09T12:07:38.057+0000] {logging_mixin.py:188} INFO - [2026-05-09T12:07:38.057+0000] {dagbag.py:545} INFO - Filling up the DagBag from /home/vscode/.local/lib/python3.11/site-packages/airflow/example_dags/example_display_name.py
[2026-05-09T12:07:38.062+0000] {processor.py:840} INFO - DAG(s) 'example_display_name' retrieved from /home/vscode/.local/lib/python3.11/site-packages/airflow/example_dags/example_display_name.py
[2026-05-09T12:07:38.073+0000] {logging_mixin.py:188} INFO - [2026-05-09T12:07:38.073+0000] {dag.py:3096} INFO - Sync 1 DAGs
[2026-05-09T12:07:38.081+0000] {logging_mixin.py:188} INFO - [2026-05-09T12:07:38.081+0000] {dag.py:3954} INFO - Setting next_dagrun for example_display_name to None, run_after=None
[2026-05-09T12:07:38.099+0000] {processor.py:183} INFO - Processing /home/vscode/.local/lib/python3.11/site-packages/airflow/example_dags/example_display_name.py took 0.049 seconds
[2026-05-09T12:08:40.579+0000] {processor.py:161} INFO - Started process (PID=35562) to work on /home/vscode/.local/lib/python3.11/site-packages/airflow/example_dags/example_display_name.py
[2026-05-09T12:08:40.579+0000] {processor.py:830} INFO - Processing file /home/vscode/.local/lib/python3.11/site-packages/airflow/example_dags/example_display_name.py for tasks to queue
[2026-05-09T12:08:40.580+0000] {logging_mixin.py:188} INFO - [2026-05-09T12:08:40.580+0000] {dagbag.py:545} INFO - Filling up the DagBag from /home/vscode/.local/lib/python3.11/site-packages/airflow/example_dags/example_display_name.py
[2026-05-09T12:08:40.584+0000] {processor.py:840} INFO - DAG(s) 'example_display_name' retrieved from /home/vscode/.local/lib/python3.11/site-packages/airflow/example_dags/example_display_name.py
[2026-05-09T12:08:40.595+0000] {logging_mixin.py:188} INFO - [2026-05-09T12:08:40.595+0000] {dag.py:3096} INFO - Sync 1 DAGs
[2026-05-09T12:08:40.603+0000] {logging_mixin.py:188} INFO - [2026-05-09T12:08:40.603+0000] {dag.py:3954} INFO - Setting next_dagrun for example_display_name to None, run_after=None
[2026-05-09T12:08:40.619+0000] {processor.py:183} INFO - Processing /home/vscode/.local/lib/python3.11/site-packages/airflow/example_dags/example_display_name.py took 0.047 seconds
[2026-05-09T12:09:38.325+0000] {processor.py:161} INFO - Started process (PID=36009) to work on /home/vscode/.local/lib/python3.11/site-packages/airflow/example_dags/example_display_name.py
[2026-05-09T12:09:38.326+0000] {processor.py:830} INFO - Processing file /home/vscode/.local/lib/python3.11/site-packages/airflow/example_dags/example_display_name.py for tasks to queue
[2026-05-09T12:09:38.327+0000] {logging_mixin.py:188} INFO - [2026-05-09T12:09:38.326+0000] {dagbag.py:545} INFO - Filling up the DagBag from /home/vscode/.local/lib/python3.11/site-packages/airflow/example_dags/example_display_name.py
[2026-05-09T12:09:38.332+0000] {processor.py:840} INFO - DAG(s) 'example_display_name' retrieved from /home/vscode/.local/lib/python3.11/site-packages/airflow/example_dags/example_display_name.py
[2026-05-09T12:09:38.346+0000] {logging_mixin.py:188} INFO - [2026-05-09T12:09:38.346+0000] {dag.py:3096} INFO - Sync 1 DAGs
[2026-05-09T12:09:38.354+0000] {logging_mixin.py:188} INFO - [2026-05-09T12:09:38.354+0000] {dag.py:3954} INFO - Setting next_dagrun for example_display_name to None, run_after=None
[2026-05-09T12:09:38.372+0000] {processor.py:183} INFO - Processing /home/vscode/.local/lib/python3.11/site-packages/airflow/example_dags/example_display_name.py took 0.053 seconds
[2026-05-09T12:10:40.581+0000] {processor.py:161} INFO - Started process (PID=36540) to work on /home/vscode/.local/lib/python3.11/site-packages/airflow/example_dags/example_display_name.py
[2026-05-09T12:10:40.581+0000] {processor.py:830} INFO - Processing file /home/vscode/.local/lib/python3.11/site-packages/airflow/example_dags/example_display_name.py for tasks to queue
[2026-05-09T12:10:40.582+0000] {logging_mixin.py:188} INFO - [2026-05-09T12:10:40.582+0000] {dagbag.py:545} INFO - Filling up the DagBag from /home/vscode/.local/lib/python3.11/site-packages/airflow/example_dags/example_display_name.py
[2026-05-09T12:10:40.587+0000] {processor.py:840} INFO - DAG(s) 'example_display_name' retrieved from /home/vscode/.local/lib/python3.11/site-packages/airflow/example_dags/example_display_name.py
[2026-05-09T12:10:40.599+0000] {logging_mixin.py:188} INFO - [2026-05-09T12:10:40.599+0000] {dag.py:3096} INFO - Sync 1 DAGs
[2026-05-09T12:10:40.608+0000] {logging_mixin.py:188} INFO - [2026-05-09T12:10:40.607+0000] {dag.py:3954} INFO - Setting next_dagrun for example_display_name to None, run_after=None
[2026-05-09T12:10:40.626+0000] {processor.py:183} INFO - Processing /home/vscode/.local/lib/python3.11/site-packages/airflow/example_dags/example_display_name.py took 0.052 seconds
[2026-05-09T12:11:40.862+0000] {processor.py:161} INFO - Started process (PID=37001) to work on /home/vscode/.local/lib/python3.11/site-packages/airflow/example_dags/example_display_name.py
[2026-05-09T12:11:40.863+0000] {processor.py:830} INFO - Processing file /home/vscode/.local/lib/python3.11/site-packages/airflow/example_dags/example_display_name.py for tasks to queue
[2026-05-09T12:11:40.863+0000] {logging_mixin.py:188} INFO - [2026-05-09T12:11:40.863+0000] {dagbag.py:545} INFO - Filling up the DagBag from /home/vscode/.local/lib/python3.11/site-packages/airflow/example_dags/example_display_name.py
[2026-05-09T12:11:40.867+0000] {processor.py:840} INFO - DAG(s) 'example_display_name' retrieved from /home/vscode/.local/lib/python3.11/site-packages/airflow/example_dags/example_display_name.py
[2026-05-09T12:11:40.879+0000] {logging_mixin.py:188} INFO - [2026-05-09T12:11:40.879+0000] {dag.py:3096} INFO - Sync 1 DAGs
[2026-05-09T12:11:40.887+0000] {logging_mixin.py:188} INFO - [2026-05-09T12:11:40.887+0000] {dag.py:3954} INFO - Setting next_dagrun for example_display_name to None, run_after=None
[2026-05-09T12:11:40.903+0000] {processor.py:183} INFO - Processing /home/vscode/.local/lib/python3.11/site-packages/airflow/example_dags/example_display_name.py took 0.047 seconds
[2026-05-09T12:12:41.221+0000] {processor.py:161} INFO - Started process (PID=37524) to work on /home/vscode/.local/lib/python3.11/site-packages/airflow/example_dags/example_display_name.py
[2026-05-09T12:12:41.221+0000] {processor.py:830} INFO - Processing file /home/vscode/.local/lib/python3.11/site-packages/airflow/example_dags/example_display_name.py for tasks to queue
[2026-05-09T12:12:41.222+0000] {logging_mixin.py:188} INFO - [2026-05-09T12:12:41.222+0000] {dagbag.py:545} INFO - Filling up the DagBag from /home/vscode/.local/lib/python3.11/site-packages/airflow/example_dags/example_display_name.py
[2026-05-09T12:12:41.227+0000] {processor.py:840} INFO - DAG(s) 'example_display_name' retrieved from /home/vscode/.local/lib/python3.11/site-packages/airflow/example_dags/example_display_name.py
[2026-05-09T12:12:41.242+0000] {logging_mixin.py:188} INFO - [2026-05-09T12:12:41.242+0000] {dag.py:3096} INFO - Sync 1 DAGs
[2026-05-09T12:12:41.251+0000] {logging_mixin.py:188} INFO - [2026-05-09T12:12:41.251+0000] {dag.py:3954} INFO - Setting next_dagrun for example_display_name to None, run_after=None
[2026-05-09T12:12:41.269+0000] {processor.py:183} INFO - Processing /home/vscode/.local/lib/python3.11/site-packages/airflow/example_dags/example_display_name.py took 0.054 seconds
[2026-05-09T12:13:44.300+0000] {processor.py:161} INFO - Started process (PID=38061) to work on /home/vscode/.local/lib/python3.11/site-packages/airflow/example_dags/example_display_name.py
[2026-05-09T12:13:44.301+0000] {processor.py:830} INFO - Processing file /home/vscode/.local/lib/python3.11/site-packages/airflow/example_dags/example_display_name.py for tasks to queue
[2026-05-09T12:13:44.301+0000] {logging_mixin.py:188} INFO - [2026-05-09T12:13:44.301+0000] {dagbag.py:545} INFO - Filling up the DagBag from /home/vscode/.local/lib/python3.11/site-packages/airflow/example_dags/example_display_name.py
[2026-05-09T12:13:44.305+0000] {processor.py:840} INFO - DAG(s) 'example_display_name' retrieved from /home/vscode/.local/lib/python3.11/site-packages/airflow/example_dags/example_display_name.py
[2026-05-09T12:13:44.316+0000] {logging_mixin.py:188} INFO - [2026-05-09T12:13:44.316+0000] {dag.py:3096} INFO - Sync 1 DAGs
[2026-05-09T12:13:44.325+0000] {logging_mixin.py:188} INFO - [2026-05-09T12:13:44.325+0000] {dag.py:3954} INFO - Setting next_dagrun for example_display_name to None, run_after=None
[2026-05-09T12:13:44.346+0000] {processor.py:183} INFO - Processing /home/vscode/.local/lib/python3.11/site-packages/airflow/example_dags/example_display_name.py took 0.052 seconds
[2026-05-09T12:14:50.367+0000] {processor.py:161} INFO - Started process (PID=38612) to work on /home/vscode/.local/lib/python3.11/site-packages/airflow/example_dags/example_display_name.py
[2026-05-09T12:14:50.367+0000] {processor.py:830} INFO - Processing file /home/vscode/.local/lib/python3.11/site-packages/airflow/example_dags/example_display_name.py for tasks to queue
[2026-05-09T12:14:50.368+0000] {logging_mixin.py:188} INFO - [2026-05-09T12:14:50.367+0000] {dagbag.py:545} INFO - Filling up the DagBag from /home/vscode/.local/lib/python3.11/site-packages/airflow/example_dags/example_display_name.py
[2026-05-09T12:14:50.372+0000] {processor.py:840} INFO - DAG(s) 'example_display_name' retrieved from /home/vscode/.local/lib/python3.11/site-packages/airflow/example_dags/example_display_name.py
[2026-05-09T12:14:50.384+0000] {logging_mixin.py:188} INFO - [2026-05-09T12:14:50.384+0000] {dag.py:3096} INFO - Sync 1 DAGs
[2026-05-09T12:14:50.393+0000] {logging_mixin.py:188} INFO - [2026-05-09T12:14:50.393+0000] {dag.py:3954} INFO - Setting next_dagrun for example_display_name to None, run_after=None
[2026-05-09T12:14:50.409+0000] {processor.py:183} INFO - Processing /home/vscode/.local/lib/python3.11/site-packages/airflow/example_dags/example_display_name.py took 0.049 seconds
[2026-05-09T12:15:51.926+0000] {processor.py:161} INFO - Started process (PID=39076) to work on /home/vscode/.local/lib/python3.11/site-packages/airflow/example_dags/example_display_name.py
[2026-05-09T12:15:51.927+0000] {processor.py:830} INFO - Processing file /home/vscode/.local/lib/python3.11/site-packages/airflow/example_dags/example_display_name.py for tasks to queue
[2026-05-09T12:15:51.928+0000] {logging_mixin.py:188} INFO - [2026-05-09T12:15:51.927+0000] {dagbag.py:545} INFO - Filling up the DagBag from /home/vscode/.local/lib/python3.11/site-packages/airflow/example_dags/example_display_name.py
[2026-05-09T12:15:51.933+0000] {processor.py:840} INFO - DAG(s) 'example_display_name' retrieved from /home/vscode/.local/lib/python3.11/site-packages/airflow/example_dags/example_display_name.py
[2026-05-09T12:15:51.946+0000] {logging_mixin.py:188} INFO - [2026-05-09T12:15:51.946+0000] {dag.py:3096} INFO - Sync 1 DAGs
[2026-05-09T12:15:51.954+0000] {logging_mixin.py:188} INFO - [2026-05-09T12:15:51.954+0000] {dag.py:3954} INFO - Setting next_dagrun for example_display_name to None, run_after=None
[2026-05-09T12:15:51.971+0000] {processor.py:183} INFO - Processing /home/vscode/.local/lib/python3.11/site-packages/airflow/example_dags/example_display_name.py took 0.051 seconds
[2026-05-09T12:16:58.693+0000] {processor.py:161} INFO - Started process (PID=39634) to work on /home/vscode/.local/lib/python3.11/site-packages/airflow/example_dags/example_display_name.py
[2026-05-09T12:16:58.694+0000] {processor.py:830} INFO - Processing file /home/vscode/.local/lib/python3.11/site-packages/airflow/example_dags/example_display_name.py for tasks to queue
[2026-05-09T12:16:58.694+0000] {logging_mixin.py:188} INFO - [2026-05-09T12:16:58.694+0000] {dagbag.py:545} INFO - Filling up the DagBag from /home/vscode/.local/lib/python3.11/site-packages/airflow/example_dags/example_display_name.py
[2026-05-09T12:16:58.698+0000] {processor.py:840} INFO - DAG(s) 'example_display_name' retrieved from /home/vscode/.local/lib/python3.11/site-packages/airflow/example_dags/example_display_name.py
[2026-05-09T12:16:58.709+0000] {logging_mixin.py:188} INFO - [2026-05-09T12:16:58.709+0000] {dag.py:3096} INFO - Sync 1 DAGs
[2026-05-09T12:16:58.717+0000] {logging_mixin.py:188} INFO - [2026-05-09T12:16:58.717+0000] {dag.py:3954} INFO - Setting next_dagrun for example_display_name to None, run_after=None
[2026-05-09T12:16:58.732+0000] {processor.py:183} INFO - Processing /home/vscode/.local/lib/python3.11/site-packages/airflow/example_dags/example_display_name.py took 0.044 seconds
[2026-05-09T12:18:04.272+0000] {processor.py:161} INFO - Started process (PID=40118) to work on /home/vscode/.local/lib/python3.11/site-packages/airflow/example_dags/example_display_name.py
[2026-05-09T12:18:04.273+0000] {processor.py:830} INFO - Processing file /home/vscode/.local/lib/python3.11/site-packages/airflow/example_dags/example_display_name.py for tasks to queue
[2026-05-09T12:18:04.273+0000] {logging_mixin.py:188} INFO - [2026-05-09T12:18:04.273+0000] {dagbag.py:545} INFO - Filling up the DagBag from /home/vscode/.local/lib/python3.11/site-packages/airflow/example_dags/example_display_name.py
[2026-05-09T12:18:04.278+0000] {processor.py:840} INFO - DAG(s) 'example_display_name' retrieved from /home/vscode/.local/lib/python3.11/site-packages/airflow/example_dags/example_display_name.py
[2026-05-09T12:18:04.289+0000] {logging_mixin.py:188} INFO - [2026-05-09T12:18:04.289+0000] {dag.py:3096} INFO - Sync 1 DAGs
[2026-05-09T12:18:04.297+0000] {logging_mixin.py:188} INFO - [2026-05-09T12:18:04.297+0000] {dag.py:3954} INFO - Setting next_dagrun for example_display_name to None, run_after=None
[2026-05-09T12:18:04.312+0000] {processor.py:183} INFO - Processing /home/vscode/.local/lib/python3.11/site-packages/airflow/example_dags/example_display_name.py took 0.046 seconds
[2026-05-09T12:19:04.934+0000] {processor.py:161} INFO - Started process (PID=40702) to work on /home/vscode/.local/lib/python3.11/site-packages/airflow/example_dags/example_display_name.py
[2026-05-09T12:19:04.935+0000] {processor.py:830} INFO - Processing file /home/vscode/.local/lib/python3.11/site-packages/airflow/example_dags/example_display_name.py for tasks to queue
[2026-05-09T12:19:04.935+0000] {logging_mixin.py:188} INFO - [2026-05-09T12:19:04.935+0000] {dagbag.py:545} INFO - Filling up the DagBag from /home/vscode/.local/lib/python3.11/site-packages/airflow/example_dags/example_display_name.py
[2026-05-09T12:19:04.941+0000] {processor.py:840} INFO - DAG(s) 'example_display_name' retrieved from /home/vscode/.local/lib/python3.11/site-packages/airflow/example_dags/example_display_name.py
[2026-05-09T12:19:04.953+0000] {logging_mixin.py:188} INFO - [2026-05-09T12:19:04.952+0000] {dag.py:3096} INFO - Sync 1 DAGs
[2026-05-09T12:19:04.961+0000] {logging_mixin.py:188} INFO - [2026-05-09T12:19:04.961+0000] {dag.py:3954} INFO - Setting next_dagrun for example_display_name to None, run_after=None
[2026-05-09T12:19:04.977+0000] {processor.py:183} INFO - Processing /home/vscode/.local/lib/python3.11/site-packages/airflow/example_dags/example_display_name.py took 0.051 seconds
[2026-05-09T12:20:11.911+0000] {processor.py:161} INFO - Started process (PID=41200) to work on /home/vscode/.local/lib/python3.11/site-packages/airflow/example_dags/example_display_name.py
[2026-05-09T12:20:11.912+0000] {processor.py:830} INFO - Processing file /home/vscode/.local/lib/python3.11/site-packages/airflow/example_dags/example_display_name.py for tasks to queue
[2026-05-09T12:20:11.912+0000] {logging_mixin.py:188} INFO - [2026-05-09T12:20:11.912+0000] {dagbag.py:545} INFO - Filling up the DagBag from /home/vscode/.local/lib/python3.11/site-packages/airflow/example_dags/example_display_name.py
[2026-05-09T12:20:11.916+0000] {processor.py:840} INFO - DAG(s) 'example_display_name' retrieved from /home/vscode/.local/lib/python3.11/site-packages/airflow/example_dags/example_display_name.py
[2026-05-09T12:20:11.929+0000] {logging_mixin.py:188} INFO - [2026-05-09T12:20:11.929+0000] {dag.py:3096} INFO - Sync 1 DAGs
[2026-05-09T12:20:11.940+0000] {logging_mixin.py:188} INFO - [2026-05-09T12:20:11.940+0000] {dag.py:3954} INFO - Setting next_dagrun for example_display_name to None, run_after=None
[2026-05-09T12:20:11.958+0000] {processor.py:183} INFO - Processing /home/vscode/.local/lib/python3.11/site-packages/airflow/example_dags/example_display_name.py took 0.053 seconds
[2026-05-09T12:21:13.708+0000] {processor.py:161} INFO - Started process (PID=41732) to work on /home/vscode/.local/lib/python3.11/site-packages/airflow/example_dags/example_display_name.py
[2026-05-09T12:21:13.708+0000] {processor.py:830} INFO - Processing file /home/vscode/.local/lib/python3.11/site-packages/airflow/example_dags/example_display_name.py for tasks to queue
[2026-05-09T12:21:13.709+0000] {logging_mixin.py:188} INFO - [2026-05-09T12:21:13.709+0000] {dagbag.py:545} INFO - Filling up the DagBag from /home/vscode/.local/lib/python3.11/site-packages/airflow/example_dags/example_display_name.py
[2026-05-09T12:21:13.714+0000] {processor.py:840} INFO - DAG(s) 'example_display_name' retrieved from /home/vscode/.local/lib/python3.11/site-packages/airflow/example_dags/example_display_name.py
[2026-05-09T12:21:13.727+0000] {logging_mixin.py:188} INFO - [2026-05-09T12:21:13.727+0000] {dag.py:3096} INFO - Sync 1 DAGs
[2026-05-09T12:21:13.738+0000] {logging_mixin.py:188} INFO - [2026-05-09T12:21:13.738+0000] {dag.py:3954} INFO - Setting next_dagrun for example_display_name to None, run_after=None
[2026-05-09T12:21:13.755+0000] {processor.py:183} INFO - Processing /home/vscode/.local/lib/python3.11/site-packages/airflow/example_dags/example_display_name.py took 0.054 seconds
