[2026-05-23T11:26:20.627+0000] {processor.py:161} INFO - Started process (PID=2816) to work on /home/vscode/.local/lib/python3.11/site-packages/airflow/example_dags/subdags/subdag.py
[2026-05-23T11:26:20.628+0000] {processor.py:830} INFO - Processing file /home/vscode/.local/lib/python3.11/site-packages/airflow/example_dags/subdags/subdag.py for tasks to queue
[2026-05-23T11:26:20.628+0000] {logging_mixin.py:188} INFO - [2026-05-23T11:26:20.628+0000] {dagbag.py:545} INFO - Filling up the DagBag from /home/vscode/.local/lib/python3.11/site-packages/airflow/example_dags/subdags/subdag.py
[2026-05-23T11:26:20.630+0000] {processor.py:842} WARNING - No viable dags retrieved from /home/vscode/.local/lib/python3.11/site-packages/airflow/example_dags/subdags/subdag.py
[2026-05-23T11:26:20.642+0000] {processor.py:183} INFO - Processing /home/vscode/.local/lib/python3.11/site-packages/airflow/example_dags/subdags/subdag.py took 0.024 seconds
[2026-05-23T11:27:16.506+0000] {processor.py:161} INFO - Started process (PID=3544) to work on /home/vscode/.local/lib/python3.11/site-packages/airflow/example_dags/subdags/subdag.py
[2026-05-23T11:27:16.507+0000] {processor.py:830} INFO - Processing file /home/vscode/.local/lib/python3.11/site-packages/airflow/example_dags/subdags/subdag.py for tasks to queue
[2026-05-23T11:27:16.507+0000] {logging_mixin.py:188} INFO - [2026-05-23T11:27:16.507+0000] {dagbag.py:545} INFO - Filling up the DagBag from /home/vscode/.local/lib/python3.11/site-packages/airflow/example_dags/subdags/subdag.py
[2026-05-23T11:27:16.509+0000] {processor.py:842} WARNING - No viable dags retrieved from /home/vscode/.local/lib/python3.11/site-packages/airflow/example_dags/subdags/subdag.py
[2026-05-23T11:27:16.516+0000] {processor.py:183} INFO - Processing /home/vscode/.local/lib/python3.11/site-packages/airflow/example_dags/subdags/subdag.py took 0.021 seconds
[2026-05-23T11:28:11.737+0000] {processor.py:161} INFO - Started process (PID=4228) to work on /home/vscode/.local/lib/python3.11/site-packages/airflow/example_dags/subdags/subdag.py
[2026-05-23T11:28:11.737+0000] {processor.py:830} INFO - Processing file /home/vscode/.local/lib/python3.11/site-packages/airflow/example_dags/subdags/subdag.py for tasks to queue
[2026-05-23T11:28:11.738+0000] {logging_mixin.py:188} INFO - [2026-05-23T11:28:11.738+0000] {dagbag.py:545} INFO - Filling up the DagBag from /home/vscode/.local/lib/python3.11/site-packages/airflow/example_dags/subdags/subdag.py
[2026-05-23T11:28:11.740+0000] {processor.py:842} WARNING - No viable dags retrieved from /home/vscode/.local/lib/python3.11/site-packages/airflow/example_dags/subdags/subdag.py
[2026-05-23T11:28:11.746+0000] {processor.py:183} INFO - Processing /home/vscode/.local/lib/python3.11/site-packages/airflow/example_dags/subdags/subdag.py took 0.016 seconds
[2026-05-23T11:28:55.897+0000] {processor.py:161} INFO - Started process (PID=4640) to work on /home/vscode/.local/lib/python3.11/site-packages/airflow/example_dags/subdags/subdag.py
[2026-05-23T11:28:55.897+0000] {processor.py:830} INFO - Processing file /home/vscode/.local/lib/python3.11/site-packages/airflow/example_dags/subdags/subdag.py for tasks to queue
[2026-05-23T11:28:55.898+0000] {logging_mixin.py:188} INFO - [2026-05-23T11:28:55.898+0000] {dagbag.py:545} INFO - Filling up the DagBag from /home/vscode/.local/lib/python3.11/site-packages/airflow/example_dags/subdags/subdag.py
[2026-05-23T11:28:55.899+0000] {processor.py:842} WARNING - No viable dags retrieved from /home/vscode/.local/lib/python3.11/site-packages/airflow/example_dags/subdags/subdag.py
[2026-05-23T11:28:55.906+0000] {processor.py:183} INFO - Processing /home/vscode/.local/lib/python3.11/site-packages/airflow/example_dags/subdags/subdag.py took 0.016 seconds
[2026-05-23T11:29:38.150+0000] {processor.py:161} INFO - Started process (PID=5036) to work on /home/vscode/.local/lib/python3.11/site-packages/airflow/example_dags/subdags/subdag.py
[2026-05-23T11:29:38.151+0000] {processor.py:830} INFO - Processing file /home/vscode/.local/lib/python3.11/site-packages/airflow/example_dags/subdags/subdag.py for tasks to queue
[2026-05-23T11:29:38.151+0000] {logging_mixin.py:188} INFO - [2026-05-23T11:29:38.151+0000] {dagbag.py:545} INFO - Filling up the DagBag from /home/vscode/.local/lib/python3.11/site-packages/airflow/example_dags/subdags/subdag.py
[2026-05-23T11:29:38.153+0000] {processor.py:842} WARNING - No viable dags retrieved from /home/vscode/.local/lib/python3.11/site-packages/airflow/example_dags/subdags/subdag.py
[2026-05-23T11:29:38.160+0000] {processor.py:183} INFO - Processing /home/vscode/.local/lib/python3.11/site-packages/airflow/example_dags/subdags/subdag.py took 0.016 seconds
[2026-05-23T11:30:20.725+0000] {processor.py:161} INFO - Started process (PID=5430) to work on /home/vscode/.local/lib/python3.11/site-packages/airflow/example_dags/subdags/subdag.py
[2026-05-23T11:30:20.725+0000] {processor.py:830} INFO - Processing file /home/vscode/.local/lib/python3.11/site-packages/airflow/example_dags/subdags/subdag.py for tasks to queue
[2026-05-23T11:30:20.726+0000] {logging_mixin.py:188} INFO - [2026-05-23T11:30:20.726+0000] {dagbag.py:545} INFO - Filling up the DagBag from /home/vscode/.local/lib/python3.11/site-packages/airflow/example_dags/subdags/subdag.py
[2026-05-23T11:30:20.727+0000] {processor.py:842} WARNING - No viable dags retrieved from /home/vscode/.local/lib/python3.11/site-packages/airflow/example_dags/subdags/subdag.py
[2026-05-23T11:30:20.734+0000] {processor.py:183} INFO - Processing /home/vscode/.local/lib/python3.11/site-packages/airflow/example_dags/subdags/subdag.py took 0.016 seconds
[2026-05-23T11:31:00.361+0000] {processor.py:161} INFO - Started process (PID=5808) to work on /home/vscode/.local/lib/python3.11/site-packages/airflow/example_dags/subdags/subdag.py
[2026-05-23T11:31:00.361+0000] {processor.py:830} INFO - Processing file /home/vscode/.local/lib/python3.11/site-packages/airflow/example_dags/subdags/subdag.py for tasks to queue
[2026-05-23T11:31:00.362+0000] {logging_mixin.py:188} INFO - [2026-05-23T11:31:00.362+0000] {dagbag.py:545} INFO - Filling up the DagBag from /home/vscode/.local/lib/python3.11/site-packages/airflow/example_dags/subdags/subdag.py
[2026-05-23T11:31:00.363+0000] {processor.py:842} WARNING - No viable dags retrieved from /home/vscode/.local/lib/python3.11/site-packages/airflow/example_dags/subdags/subdag.py
[2026-05-23T11:31:00.370+0000] {processor.py:183} INFO - Processing /home/vscode/.local/lib/python3.11/site-packages/airflow/example_dags/subdags/subdag.py took 0.015 seconds
[2026-05-23T11:31:43.815+0000] {processor.py:161} INFO - Started process (PID=6244) to work on /home/vscode/.local/lib/python3.11/site-packages/airflow/example_dags/subdags/subdag.py
[2026-05-23T11:31:43.815+0000] {processor.py:830} INFO - Processing file /home/vscode/.local/lib/python3.11/site-packages/airflow/example_dags/subdags/subdag.py for tasks to queue
[2026-05-23T11:31:43.816+0000] {logging_mixin.py:188} INFO - [2026-05-23T11:31:43.815+0000] {dagbag.py:545} INFO - Filling up the DagBag from /home/vscode/.local/lib/python3.11/site-packages/airflow/example_dags/subdags/subdag.py
[2026-05-23T11:31:43.818+0000] {processor.py:842} WARNING - No viable dags retrieved from /home/vscode/.local/lib/python3.11/site-packages/airflow/example_dags/subdags/subdag.py
[2026-05-23T11:31:43.825+0000] {processor.py:183} INFO - Processing /home/vscode/.local/lib/python3.11/site-packages/airflow/example_dags/subdags/subdag.py took 0.017 seconds
[2026-05-23T11:32:25.040+0000] {processor.py:161} INFO - Started process (PID=6646) to work on /home/vscode/.local/lib/python3.11/site-packages/airflow/example_dags/subdags/subdag.py
[2026-05-23T11:32:25.040+0000] {processor.py:830} INFO - Processing file /home/vscode/.local/lib/python3.11/site-packages/airflow/example_dags/subdags/subdag.py for tasks to queue
[2026-05-23T11:32:25.041+0000] {logging_mixin.py:188} INFO - [2026-05-23T11:32:25.041+0000] {dagbag.py:545} INFO - Filling up the DagBag from /home/vscode/.local/lib/python3.11/site-packages/airflow/example_dags/subdags/subdag.py
[2026-05-23T11:32:25.042+0000] {processor.py:842} WARNING - No viable dags retrieved from /home/vscode/.local/lib/python3.11/site-packages/airflow/example_dags/subdags/subdag.py
[2026-05-23T11:32:25.050+0000] {processor.py:183} INFO - Processing /home/vscode/.local/lib/python3.11/site-packages/airflow/example_dags/subdags/subdag.py took 0.016 seconds
[2026-05-23T11:33:07.893+0000] {processor.py:161} INFO - Started process (PID=7967) to work on /home/vscode/.local/lib/python3.11/site-packages/airflow/example_dags/subdags/subdag.py
[2026-05-23T11:33:07.895+0000] {processor.py:830} INFO - Processing file /home/vscode/.local/lib/python3.11/site-packages/airflow/example_dags/subdags/subdag.py for tasks to queue
[2026-05-23T11:33:07.898+0000] {logging_mixin.py:188} INFO - [2026-05-23T11:33:07.896+0000] {dagbag.py:545} INFO - Filling up the DagBag from /home/vscode/.local/lib/python3.11/site-packages/airflow/example_dags/subdags/subdag.py
[2026-05-23T11:33:07.902+0000] {processor.py:842} WARNING - No viable dags retrieved from /home/vscode/.local/lib/python3.11/site-packages/airflow/example_dags/subdags/subdag.py
[2026-05-23T11:33:07.924+0000] {processor.py:183} INFO - Processing /home/vscode/.local/lib/python3.11/site-packages/airflow/example_dags/subdags/subdag.py took 0.046 seconds
[2026-05-23T11:33:57.593+0000] {processor.py:161} INFO - Started process (PID=8495) to work on /home/vscode/.local/lib/python3.11/site-packages/airflow/example_dags/subdags/subdag.py
[2026-05-23T11:33:57.594+0000] {processor.py:830} INFO - Processing file /home/vscode/.local/lib/python3.11/site-packages/airflow/example_dags/subdags/subdag.py for tasks to queue
[2026-05-23T11:33:57.594+0000] {logging_mixin.py:188} INFO - [2026-05-23T11:33:57.594+0000] {dagbag.py:545} INFO - Filling up the DagBag from /home/vscode/.local/lib/python3.11/site-packages/airflow/example_dags/subdags/subdag.py
[2026-05-23T11:33:57.596+0000] {processor.py:842} WARNING - No viable dags retrieved from /home/vscode/.local/lib/python3.11/site-packages/airflow/example_dags/subdags/subdag.py
[2026-05-23T11:33:57.603+0000] {processor.py:183} INFO - Processing /home/vscode/.local/lib/python3.11/site-packages/airflow/example_dags/subdags/subdag.py took 0.016 seconds
[2026-05-23T11:34:42.269+0000] {processor.py:161} INFO - Started process (PID=8821) to work on /home/vscode/.local/lib/python3.11/site-packages/airflow/example_dags/subdags/subdag.py
[2026-05-23T11:34:42.270+0000] {processor.py:830} INFO - Processing file /home/vscode/.local/lib/python3.11/site-packages/airflow/example_dags/subdags/subdag.py for tasks to queue
[2026-05-23T11:34:42.270+0000] {logging_mixin.py:188} INFO - [2026-05-23T11:34:42.270+0000] {dagbag.py:545} INFO - Filling up the DagBag from /home/vscode/.local/lib/python3.11/site-packages/airflow/example_dags/subdags/subdag.py
[2026-05-23T11:34:42.272+0000] {processor.py:842} WARNING - No viable dags retrieved from /home/vscode/.local/lib/python3.11/site-packages/airflow/example_dags/subdags/subdag.py
[2026-05-23T11:34:42.279+0000] {processor.py:183} INFO - Processing /home/vscode/.local/lib/python3.11/site-packages/airflow/example_dags/subdags/subdag.py took 0.017 seconds
[2026-05-23T11:35:26.771+0000] {processor.py:161} INFO - Started process (PID=9176) to work on /home/vscode/.local/lib/python3.11/site-packages/airflow/example_dags/subdags/subdag.py
[2026-05-23T11:35:26.772+0000] {processor.py:830} INFO - Processing file /home/vscode/.local/lib/python3.11/site-packages/airflow/example_dags/subdags/subdag.py for tasks to queue
[2026-05-23T11:35:26.772+0000] {logging_mixin.py:188} INFO - [2026-05-23T11:35:26.772+0000] {dagbag.py:545} INFO - Filling up the DagBag from /home/vscode/.local/lib/python3.11/site-packages/airflow/example_dags/subdags/subdag.py
[2026-05-23T11:35:26.774+0000] {processor.py:842} WARNING - No viable dags retrieved from /home/vscode/.local/lib/python3.11/site-packages/airflow/example_dags/subdags/subdag.py
[2026-05-23T11:35:26.781+0000] {processor.py:183} INFO - Processing /home/vscode/.local/lib/python3.11/site-packages/airflow/example_dags/subdags/subdag.py took 0.017 seconds
[2026-05-23T11:36:08.845+0000] {processor.py:161} INFO - Started process (PID=9478) to work on /home/vscode/.local/lib/python3.11/site-packages/airflow/example_dags/subdags/subdag.py
[2026-05-23T11:36:08.846+0000] {processor.py:830} INFO - Processing file /home/vscode/.local/lib/python3.11/site-packages/airflow/example_dags/subdags/subdag.py for tasks to queue
[2026-05-23T11:36:08.846+0000] {logging_mixin.py:188} INFO - [2026-05-23T11:36:08.846+0000] {dagbag.py:545} INFO - Filling up the DagBag from /home/vscode/.local/lib/python3.11/site-packages/airflow/example_dags/subdags/subdag.py
[2026-05-23T11:36:08.848+0000] {processor.py:842} WARNING - No viable dags retrieved from /home/vscode/.local/lib/python3.11/site-packages/airflow/example_dags/subdags/subdag.py
[2026-05-23T11:36:08.854+0000] {processor.py:183} INFO - Processing /home/vscode/.local/lib/python3.11/site-packages/airflow/example_dags/subdags/subdag.py took 0.015 seconds
[2026-05-23T11:36:52.103+0000] {processor.py:161} INFO - Started process (PID=9924) to work on /home/vscode/.local/lib/python3.11/site-packages/airflow/example_dags/subdags/subdag.py
[2026-05-23T11:36:52.104+0000] {processor.py:830} INFO - Processing file /home/vscode/.local/lib/python3.11/site-packages/airflow/example_dags/subdags/subdag.py for tasks to queue
[2026-05-23T11:36:52.105+0000] {logging_mixin.py:188} INFO - [2026-05-23T11:36:52.105+0000] {dagbag.py:545} INFO - Filling up the DagBag from /home/vscode/.local/lib/python3.11/site-packages/airflow/example_dags/subdags/subdag.py
[2026-05-23T11:36:52.107+0000] {processor.py:842} WARNING - No viable dags retrieved from /home/vscode/.local/lib/python3.11/site-packages/airflow/example_dags/subdags/subdag.py
[2026-05-23T11:36:52.117+0000] {processor.py:183} INFO - Processing /home/vscode/.local/lib/python3.11/site-packages/airflow/example_dags/subdags/subdag.py took 0.027 seconds
[2026-05-23T11:37:39.207+0000] {processor.py:161} INFO - Started process (PID=10333) to work on /home/vscode/.local/lib/python3.11/site-packages/airflow/example_dags/subdags/subdag.py
[2026-05-23T11:37:39.208+0000] {processor.py:830} INFO - Processing file /home/vscode/.local/lib/python3.11/site-packages/airflow/example_dags/subdags/subdag.py for tasks to queue
[2026-05-23T11:37:39.208+0000] {logging_mixin.py:188} INFO - [2026-05-23T11:37:39.208+0000] {dagbag.py:545} INFO - Filling up the DagBag from /home/vscode/.local/lib/python3.11/site-packages/airflow/example_dags/subdags/subdag.py
[2026-05-23T11:37:39.210+0000] {processor.py:842} WARNING - No viable dags retrieved from /home/vscode/.local/lib/python3.11/site-packages/airflow/example_dags/subdags/subdag.py
[2026-05-23T11:37:39.217+0000] {processor.py:183} INFO - Processing /home/vscode/.local/lib/python3.11/site-packages/airflow/example_dags/subdags/subdag.py took 0.018 seconds
[2026-05-23T11:38:20.914+0000] {processor.py:161} INFO - Started process (PID=10652) to work on /home/vscode/.local/lib/python3.11/site-packages/airflow/example_dags/subdags/subdag.py
[2026-05-23T11:38:20.914+0000] {processor.py:830} INFO - Processing file /home/vscode/.local/lib/python3.11/site-packages/airflow/example_dags/subdags/subdag.py for tasks to queue
[2026-05-23T11:38:20.915+0000] {logging_mixin.py:188} INFO - [2026-05-23T11:38:20.915+0000] {dagbag.py:545} INFO - Filling up the DagBag from /home/vscode/.local/lib/python3.11/site-packages/airflow/example_dags/subdags/subdag.py
[2026-05-23T11:38:20.916+0000] {processor.py:842} WARNING - No viable dags retrieved from /home/vscode/.local/lib/python3.11/site-packages/airflow/example_dags/subdags/subdag.py
[2026-05-23T11:38:20.923+0000] {processor.py:183} INFO - Processing /home/vscode/.local/lib/python3.11/site-packages/airflow/example_dags/subdags/subdag.py took 0.016 seconds
[2026-05-23T11:39:01.377+0000] {processor.py:161} INFO - Started process (PID=11024) to work on /home/vscode/.local/lib/python3.11/site-packages/airflow/example_dags/subdags/subdag.py
[2026-05-23T11:39:01.378+0000] {processor.py:830} INFO - Processing file /home/vscode/.local/lib/python3.11/site-packages/airflow/example_dags/subdags/subdag.py for tasks to queue
[2026-05-23T11:39:01.379+0000] {logging_mixin.py:188} INFO - [2026-05-23T11:39:01.378+0000] {dagbag.py:545} INFO - Filling up the DagBag from /home/vscode/.local/lib/python3.11/site-packages/airflow/example_dags/subdags/subdag.py
[2026-05-23T11:39:01.380+0000] {processor.py:842} WARNING - No viable dags retrieved from /home/vscode/.local/lib/python3.11/site-packages/airflow/example_dags/subdags/subdag.py
[2026-05-23T11:39:01.387+0000] {processor.py:183} INFO - Processing /home/vscode/.local/lib/python3.11/site-packages/airflow/example_dags/subdags/subdag.py took 0.016 seconds
[2026-05-23T11:39:45.032+0000] {processor.py:161} INFO - Started process (PID=11422) to work on /home/vscode/.local/lib/python3.11/site-packages/airflow/example_dags/subdags/subdag.py
[2026-05-23T11:39:45.033+0000] {processor.py:830} INFO - Processing file /home/vscode/.local/lib/python3.11/site-packages/airflow/example_dags/subdags/subdag.py for tasks to queue
[2026-05-23T11:39:45.033+0000] {logging_mixin.py:188} INFO - [2026-05-23T11:39:45.033+0000] {dagbag.py:545} INFO - Filling up the DagBag from /home/vscode/.local/lib/python3.11/site-packages/airflow/example_dags/subdags/subdag.py
[2026-05-23T11:39:45.035+0000] {processor.py:842} WARNING - No viable dags retrieved from /home/vscode/.local/lib/python3.11/site-packages/airflow/example_dags/subdags/subdag.py
[2026-05-23T11:39:45.042+0000] {processor.py:183} INFO - Processing /home/vscode/.local/lib/python3.11/site-packages/airflow/example_dags/subdags/subdag.py took 0.017 seconds
[2026-05-23T11:40:26.190+0000] {processor.py:161} INFO - Started process (PID=11797) to work on /home/vscode/.local/lib/python3.11/site-packages/airflow/example_dags/subdags/subdag.py
[2026-05-23T11:40:26.191+0000] {processor.py:830} INFO - Processing file /home/vscode/.local/lib/python3.11/site-packages/airflow/example_dags/subdags/subdag.py for tasks to queue
[2026-05-23T11:40:26.191+0000] {logging_mixin.py:188} INFO - [2026-05-23T11:40:26.191+0000] {dagbag.py:545} INFO - Filling up the DagBag from /home/vscode/.local/lib/python3.11/site-packages/airflow/example_dags/subdags/subdag.py
[2026-05-23T11:40:26.193+0000] {processor.py:842} WARNING - No viable dags retrieved from /home/vscode/.local/lib/python3.11/site-packages/airflow/example_dags/subdags/subdag.py
[2026-05-23T11:40:26.200+0000] {processor.py:183} INFO - Processing /home/vscode/.local/lib/python3.11/site-packages/airflow/example_dags/subdags/subdag.py took 0.016 seconds
[2026-05-23T11:41:09.275+0000] {processor.py:161} INFO - Started process (PID=12135) to work on /home/vscode/.local/lib/python3.11/site-packages/airflow/example_dags/subdags/subdag.py
[2026-05-23T11:41:09.275+0000] {processor.py:830} INFO - Processing file /home/vscode/.local/lib/python3.11/site-packages/airflow/example_dags/subdags/subdag.py for tasks to queue
[2026-05-23T11:41:09.276+0000] {logging_mixin.py:188} INFO - [2026-05-23T11:41:09.276+0000] {dagbag.py:545} INFO - Filling up the DagBag from /home/vscode/.local/lib/python3.11/site-packages/airflow/example_dags/subdags/subdag.py
[2026-05-23T11:41:09.277+0000] {processor.py:842} WARNING - No viable dags retrieved from /home/vscode/.local/lib/python3.11/site-packages/airflow/example_dags/subdags/subdag.py
[2026-05-23T11:41:09.284+0000] {processor.py:183} INFO - Processing /home/vscode/.local/lib/python3.11/site-packages/airflow/example_dags/subdags/subdag.py took 0.016 seconds
[2026-05-23T11:41:51.631+0000] {processor.py:161} INFO - Started process (PID=12584) to work on /home/vscode/.local/lib/python3.11/site-packages/airflow/example_dags/subdags/subdag.py
[2026-05-23T11:41:51.632+0000] {processor.py:830} INFO - Processing file /home/vscode/.local/lib/python3.11/site-packages/airflow/example_dags/subdags/subdag.py for tasks to queue
[2026-05-23T11:41:51.632+0000] {logging_mixin.py:188} INFO - [2026-05-23T11:41:51.632+0000] {dagbag.py:545} INFO - Filling up the DagBag from /home/vscode/.local/lib/python3.11/site-packages/airflow/example_dags/subdags/subdag.py
[2026-05-23T11:41:51.634+0000] {processor.py:842} WARNING - No viable dags retrieved from /home/vscode/.local/lib/python3.11/site-packages/airflow/example_dags/subdags/subdag.py
[2026-05-23T11:41:51.640+0000] {processor.py:183} INFO - Processing /home/vscode/.local/lib/python3.11/site-packages/airflow/example_dags/subdags/subdag.py took 0.015 seconds
[2026-05-23T11:42:34.508+0000] {processor.py:161} INFO - Started process (PID=12967) to work on /home/vscode/.local/lib/python3.11/site-packages/airflow/example_dags/subdags/subdag.py
[2026-05-23T11:42:34.508+0000] {processor.py:830} INFO - Processing file /home/vscode/.local/lib/python3.11/site-packages/airflow/example_dags/subdags/subdag.py for tasks to queue
[2026-05-23T11:42:34.509+0000] {logging_mixin.py:188} INFO - [2026-05-23T11:42:34.509+0000] {dagbag.py:545} INFO - Filling up the DagBag from /home/vscode/.local/lib/python3.11/site-packages/airflow/example_dags/subdags/subdag.py
[2026-05-23T11:42:34.510+0000] {processor.py:842} WARNING - No viable dags retrieved from /home/vscode/.local/lib/python3.11/site-packages/airflow/example_dags/subdags/subdag.py
[2026-05-23T11:42:34.518+0000] {processor.py:183} INFO - Processing /home/vscode/.local/lib/python3.11/site-packages/airflow/example_dags/subdags/subdag.py took 0.016 seconds
[2026-05-23T11:43:19.287+0000] {processor.py:161} INFO - Started process (PID=13325) to work on /home/vscode/.local/lib/python3.11/site-packages/airflow/example_dags/subdags/subdag.py
[2026-05-23T11:43:19.288+0000] {processor.py:830} INFO - Processing file /home/vscode/.local/lib/python3.11/site-packages/airflow/example_dags/subdags/subdag.py for tasks to queue
[2026-05-23T11:43:19.289+0000] {logging_mixin.py:188} INFO - [2026-05-23T11:43:19.288+0000] {dagbag.py:545} INFO - Filling up the DagBag from /home/vscode/.local/lib/python3.11/site-packages/airflow/example_dags/subdags/subdag.py
[2026-05-23T11:43:19.290+0000] {processor.py:842} WARNING - No viable dags retrieved from /home/vscode/.local/lib/python3.11/site-packages/airflow/example_dags/subdags/subdag.py
[2026-05-23T11:43:19.297+0000] {processor.py:183} INFO - Processing /home/vscode/.local/lib/python3.11/site-packages/airflow/example_dags/subdags/subdag.py took 0.018 seconds
[2026-05-23T11:44:04.256+0000] {processor.py:161} INFO - Started process (PID=13729) to work on /home/vscode/.local/lib/python3.11/site-packages/airflow/example_dags/subdags/subdag.py
[2026-05-23T11:44:04.256+0000] {processor.py:830} INFO - Processing file /home/vscode/.local/lib/python3.11/site-packages/airflow/example_dags/subdags/subdag.py for tasks to queue
[2026-05-23T11:44:04.257+0000] {logging_mixin.py:188} INFO - [2026-05-23T11:44:04.257+0000] {dagbag.py:545} INFO - Filling up the DagBag from /home/vscode/.local/lib/python3.11/site-packages/airflow/example_dags/subdags/subdag.py
[2026-05-23T11:44:04.258+0000] {processor.py:842} WARNING - No viable dags retrieved from /home/vscode/.local/lib/python3.11/site-packages/airflow/example_dags/subdags/subdag.py
[2026-05-23T11:44:04.265+0000] {processor.py:183} INFO - Processing /home/vscode/.local/lib/python3.11/site-packages/airflow/example_dags/subdags/subdag.py took 0.016 seconds
[2026-05-23T11:44:45.713+0000] {processor.py:161} INFO - Started process (PID=14109) to work on /home/vscode/.local/lib/python3.11/site-packages/airflow/example_dags/subdags/subdag.py
[2026-05-23T11:44:45.714+0000] {processor.py:830} INFO - Processing file /home/vscode/.local/lib/python3.11/site-packages/airflow/example_dags/subdags/subdag.py for tasks to queue
[2026-05-23T11:44:45.714+0000] {logging_mixin.py:188} INFO - [2026-05-23T11:44:45.714+0000] {dagbag.py:545} INFO - Filling up the DagBag from /home/vscode/.local/lib/python3.11/site-packages/airflow/example_dags/subdags/subdag.py
[2026-05-23T11:44:45.716+0000] {processor.py:842} WARNING - No viable dags retrieved from /home/vscode/.local/lib/python3.11/site-packages/airflow/example_dags/subdags/subdag.py
[2026-05-23T11:44:45.726+0000] {processor.py:183} INFO - Processing /home/vscode/.local/lib/python3.11/site-packages/airflow/example_dags/subdags/subdag.py took 0.022 seconds
[2026-05-23T11:45:30.980+0000] {processor.py:161} INFO - Started process (PID=14595) to work on /home/vscode/.local/lib/python3.11/site-packages/airflow/example_dags/subdags/subdag.py
[2026-05-23T11:45:30.980+0000] {processor.py:830} INFO - Processing file /home/vscode/.local/lib/python3.11/site-packages/airflow/example_dags/subdags/subdag.py for tasks to queue
[2026-05-23T11:45:30.981+0000] {logging_mixin.py:188} INFO - [2026-05-23T11:45:30.981+0000] {dagbag.py:545} INFO - Filling up the DagBag from /home/vscode/.local/lib/python3.11/site-packages/airflow/example_dags/subdags/subdag.py
[2026-05-23T11:45:30.982+0000] {processor.py:842} WARNING - No viable dags retrieved from /home/vscode/.local/lib/python3.11/site-packages/airflow/example_dags/subdags/subdag.py
[2026-05-23T11:45:30.989+0000] {processor.py:183} INFO - Processing /home/vscode/.local/lib/python3.11/site-packages/airflow/example_dags/subdags/subdag.py took 0.016 seconds
[2026-05-23T11:46:11.518+0000] {processor.py:161} INFO - Started process (PID=15039) to work on /home/vscode/.local/lib/python3.11/site-packages/airflow/example_dags/subdags/subdag.py
[2026-05-23T11:46:11.518+0000] {processor.py:830} INFO - Processing file /home/vscode/.local/lib/python3.11/site-packages/airflow/example_dags/subdags/subdag.py for tasks to queue
[2026-05-23T11:46:11.519+0000] {logging_mixin.py:188} INFO - [2026-05-23T11:46:11.519+0000] {dagbag.py:545} INFO - Filling up the DagBag from /home/vscode/.local/lib/python3.11/site-packages/airflow/example_dags/subdags/subdag.py
[2026-05-23T11:46:11.520+0000] {processor.py:842} WARNING - No viable dags retrieved from /home/vscode/.local/lib/python3.11/site-packages/airflow/example_dags/subdags/subdag.py
[2026-05-23T11:46:11.527+0000] {processor.py:183} INFO - Processing /home/vscode/.local/lib/python3.11/site-packages/airflow/example_dags/subdags/subdag.py took 0.015 seconds
[2026-05-23T11:46:50.989+0000] {processor.py:161} INFO - Started process (PID=15479) to work on /home/vscode/.local/lib/python3.11/site-packages/airflow/example_dags/subdags/subdag.py
[2026-05-23T11:46:50.990+0000] {processor.py:830} INFO - Processing file /home/vscode/.local/lib/python3.11/site-packages/airflow/example_dags/subdags/subdag.py for tasks to queue
[2026-05-23T11:46:50.990+0000] {logging_mixin.py:188} INFO - [2026-05-23T11:46:50.990+0000] {dagbag.py:545} INFO - Filling up the DagBag from /home/vscode/.local/lib/python3.11/site-packages/airflow/example_dags/subdags/subdag.py
[2026-05-23T11:46:50.992+0000] {processor.py:842} WARNING - No viable dags retrieved from /home/vscode/.local/lib/python3.11/site-packages/airflow/example_dags/subdags/subdag.py
[2026-05-23T11:46:50.999+0000] {processor.py:183} INFO - Processing /home/vscode/.local/lib/python3.11/site-packages/airflow/example_dags/subdags/subdag.py took 0.016 seconds
[2026-05-23T11:47:31.945+0000] {processor.py:161} INFO - Started process (PID=15865) to work on /home/vscode/.local/lib/python3.11/site-packages/airflow/example_dags/subdags/subdag.py
[2026-05-23T11:47:31.946+0000] {processor.py:830} INFO - Processing file /home/vscode/.local/lib/python3.11/site-packages/airflow/example_dags/subdags/subdag.py for tasks to queue
[2026-05-23T11:47:31.946+0000] {logging_mixin.py:188} INFO - [2026-05-23T11:47:31.946+0000] {dagbag.py:545} INFO - Filling up the DagBag from /home/vscode/.local/lib/python3.11/site-packages/airflow/example_dags/subdags/subdag.py
[2026-05-23T11:47:31.948+0000] {processor.py:842} WARNING - No viable dags retrieved from /home/vscode/.local/lib/python3.11/site-packages/airflow/example_dags/subdags/subdag.py
[2026-05-23T11:47:31.955+0000] {processor.py:183} INFO - Processing /home/vscode/.local/lib/python3.11/site-packages/airflow/example_dags/subdags/subdag.py took 0.016 seconds
[2026-05-23T11:48:16.800+0000] {processor.py:161} INFO - Started process (PID=16207) to work on /home/vscode/.local/lib/python3.11/site-packages/airflow/example_dags/subdags/subdag.py
[2026-05-23T11:48:16.801+0000] {processor.py:830} INFO - Processing file /home/vscode/.local/lib/python3.11/site-packages/airflow/example_dags/subdags/subdag.py for tasks to queue
[2026-05-23T11:48:16.801+0000] {logging_mixin.py:188} INFO - [2026-05-23T11:48:16.801+0000] {dagbag.py:545} INFO - Filling up the DagBag from /home/vscode/.local/lib/python3.11/site-packages/airflow/example_dags/subdags/subdag.py
[2026-05-23T11:48:16.803+0000] {processor.py:842} WARNING - No viable dags retrieved from /home/vscode/.local/lib/python3.11/site-packages/airflow/example_dags/subdags/subdag.py
[2026-05-23T11:48:16.810+0000] {processor.py:183} INFO - Processing /home/vscode/.local/lib/python3.11/site-packages/airflow/example_dags/subdags/subdag.py took 0.016 seconds
[2026-05-23T11:48:55.133+0000] {processor.py:161} INFO - Started process (PID=16644) to work on /home/vscode/.local/lib/python3.11/site-packages/airflow/example_dags/subdags/subdag.py
[2026-05-23T11:48:55.134+0000] {processor.py:830} INFO - Processing file /home/vscode/.local/lib/python3.11/site-packages/airflow/example_dags/subdags/subdag.py for tasks to queue
[2026-05-23T11:48:55.135+0000] {logging_mixin.py:188} INFO - [2026-05-23T11:48:55.134+0000] {dagbag.py:545} INFO - Filling up the DagBag from /home/vscode/.local/lib/python3.11/site-packages/airflow/example_dags/subdags/subdag.py
[2026-05-23T11:48:55.136+0000] {processor.py:842} WARNING - No viable dags retrieved from /home/vscode/.local/lib/python3.11/site-packages/airflow/example_dags/subdags/subdag.py
[2026-05-23T11:48:55.143+0000] {processor.py:183} INFO - Processing /home/vscode/.local/lib/python3.11/site-packages/airflow/example_dags/subdags/subdag.py took 0.016 seconds
[2026-05-23T11:49:38.951+0000] {processor.py:161} INFO - Started process (PID=17041) to work on /home/vscode/.local/lib/python3.11/site-packages/airflow/example_dags/subdags/subdag.py
[2026-05-23T11:49:38.952+0000] {processor.py:830} INFO - Processing file /home/vscode/.local/lib/python3.11/site-packages/airflow/example_dags/subdags/subdag.py for tasks to queue
[2026-05-23T11:49:38.952+0000] {logging_mixin.py:188} INFO - [2026-05-23T11:49:38.952+0000] {dagbag.py:545} INFO - Filling up the DagBag from /home/vscode/.local/lib/python3.11/site-packages/airflow/example_dags/subdags/subdag.py
[2026-05-23T11:49:38.954+0000] {processor.py:842} WARNING - No viable dags retrieved from /home/vscode/.local/lib/python3.11/site-packages/airflow/example_dags/subdags/subdag.py
[2026-05-23T11:49:38.970+0000] {processor.py:183} INFO - Processing /home/vscode/.local/lib/python3.11/site-packages/airflow/example_dags/subdags/subdag.py took 0.027 seconds
[2026-05-23T11:50:21.862+0000] {processor.py:161} INFO - Started process (PID=17785) to work on /home/vscode/.local/lib/python3.11/site-packages/airflow/example_dags/subdags/subdag.py
[2026-05-23T11:50:21.862+0000] {processor.py:830} INFO - Processing file /home/vscode/.local/lib/python3.11/site-packages/airflow/example_dags/subdags/subdag.py for tasks to queue
[2026-05-23T11:50:21.863+0000] {logging_mixin.py:188} INFO - [2026-05-23T11:50:21.863+0000] {dagbag.py:545} INFO - Filling up the DagBag from /home/vscode/.local/lib/python3.11/site-packages/airflow/example_dags/subdags/subdag.py
[2026-05-23T11:50:21.864+0000] {processor.py:842} WARNING - No viable dags retrieved from /home/vscode/.local/lib/python3.11/site-packages/airflow/example_dags/subdags/subdag.py
[2026-05-23T11:50:21.872+0000] {processor.py:183} INFO - Processing /home/vscode/.local/lib/python3.11/site-packages/airflow/example_dags/subdags/subdag.py took 0.017 seconds
[2026-05-23T11:51:02.757+0000] {processor.py:161} INFO - Started process (PID=18390) to work on /home/vscode/.local/lib/python3.11/site-packages/airflow/example_dags/subdags/subdag.py
[2026-05-23T11:51:02.757+0000] {processor.py:830} INFO - Processing file /home/vscode/.local/lib/python3.11/site-packages/airflow/example_dags/subdags/subdag.py for tasks to queue
[2026-05-23T11:51:02.758+0000] {logging_mixin.py:188} INFO - [2026-05-23T11:51:02.758+0000] {dagbag.py:545} INFO - Filling up the DagBag from /home/vscode/.local/lib/python3.11/site-packages/airflow/example_dags/subdags/subdag.py
[2026-05-23T11:51:02.759+0000] {processor.py:842} WARNING - No viable dags retrieved from /home/vscode/.local/lib/python3.11/site-packages/airflow/example_dags/subdags/subdag.py
[2026-05-23T11:51:02.767+0000] {processor.py:183} INFO - Processing /home/vscode/.local/lib/python3.11/site-packages/airflow/example_dags/subdags/subdag.py took 0.016 seconds
[2026-05-23T11:51:43.217+0000] {processor.py:161} INFO - Started process (PID=18801) to work on /home/vscode/.local/lib/python3.11/site-packages/airflow/example_dags/subdags/subdag.py
[2026-05-23T11:51:43.217+0000] {processor.py:830} INFO - Processing file /home/vscode/.local/lib/python3.11/site-packages/airflow/example_dags/subdags/subdag.py for tasks to queue
[2026-05-23T11:51:43.218+0000] {logging_mixin.py:188} INFO - [2026-05-23T11:51:43.218+0000] {dagbag.py:545} INFO - Filling up the DagBag from /home/vscode/.local/lib/python3.11/site-packages/airflow/example_dags/subdags/subdag.py
[2026-05-23T11:51:43.219+0000] {processor.py:842} WARNING - No viable dags retrieved from /home/vscode/.local/lib/python3.11/site-packages/airflow/example_dags/subdags/subdag.py
[2026-05-23T11:51:43.226+0000] {processor.py:183} INFO - Processing /home/vscode/.local/lib/python3.11/site-packages/airflow/example_dags/subdags/subdag.py took 0.015 seconds
[2026-05-23T11:52:25.011+0000] {processor.py:161} INFO - Started process (PID=19192) to work on /home/vscode/.local/lib/python3.11/site-packages/airflow/example_dags/subdags/subdag.py
[2026-05-23T11:52:25.012+0000] {processor.py:830} INFO - Processing file /home/vscode/.local/lib/python3.11/site-packages/airflow/example_dags/subdags/subdag.py for tasks to queue
[2026-05-23T11:52:25.013+0000] {logging_mixin.py:188} INFO - [2026-05-23T11:52:25.012+0000] {dagbag.py:545} INFO - Filling up the DagBag from /home/vscode/.local/lib/python3.11/site-packages/airflow/example_dags/subdags/subdag.py
[2026-05-23T11:52:25.014+0000] {processor.py:842} WARNING - No viable dags retrieved from /home/vscode/.local/lib/python3.11/site-packages/airflow/example_dags/subdags/subdag.py
[2026-05-23T11:52:25.021+0000] {processor.py:183} INFO - Processing /home/vscode/.local/lib/python3.11/site-packages/airflow/example_dags/subdags/subdag.py took 0.015 seconds
[2026-05-23T11:53:02.398+0000] {processor.py:161} INFO - Started process (PID=19576) to work on /home/vscode/.local/lib/python3.11/site-packages/airflow/example_dags/subdags/subdag.py
[2026-05-23T11:53:02.398+0000] {processor.py:830} INFO - Processing file /home/vscode/.local/lib/python3.11/site-packages/airflow/example_dags/subdags/subdag.py for tasks to queue
[2026-05-23T11:53:02.399+0000] {logging_mixin.py:188} INFO - [2026-05-23T11:53:02.399+0000] {dagbag.py:545} INFO - Filling up the DagBag from /home/vscode/.local/lib/python3.11/site-packages/airflow/example_dags/subdags/subdag.py
[2026-05-23T11:53:02.400+0000] {processor.py:842} WARNING - No viable dags retrieved from /home/vscode/.local/lib/python3.11/site-packages/airflow/example_dags/subdags/subdag.py
[2026-05-23T11:53:02.408+0000] {processor.py:183} INFO - Processing /home/vscode/.local/lib/python3.11/site-packages/airflow/example_dags/subdags/subdag.py took 0.016 seconds
[2026-05-23T11:53:42.456+0000] {processor.py:161} INFO - Started process (PID=20081) to work on /home/vscode/.local/lib/python3.11/site-packages/airflow/example_dags/subdags/subdag.py
[2026-05-23T11:53:42.456+0000] {processor.py:830} INFO - Processing file /home/vscode/.local/lib/python3.11/site-packages/airflow/example_dags/subdags/subdag.py for tasks to queue
[2026-05-23T11:53:42.457+0000] {logging_mixin.py:188} INFO - [2026-05-23T11:53:42.456+0000] {dagbag.py:545} INFO - Filling up the DagBag from /home/vscode/.local/lib/python3.11/site-packages/airflow/example_dags/subdags/subdag.py
[2026-05-23T11:53:42.458+0000] {processor.py:842} WARNING - No viable dags retrieved from /home/vscode/.local/lib/python3.11/site-packages/airflow/example_dags/subdags/subdag.py
[2026-05-23T11:53:42.465+0000] {processor.py:183} INFO - Processing /home/vscode/.local/lib/python3.11/site-packages/airflow/example_dags/subdags/subdag.py took 0.016 seconds
[2026-05-23T11:54:26.386+0000] {processor.py:161} INFO - Started process (PID=20733) to work on /home/vscode/.local/lib/python3.11/site-packages/airflow/example_dags/subdags/subdag.py
[2026-05-23T11:54:26.387+0000] {processor.py:830} INFO - Processing file /home/vscode/.local/lib/python3.11/site-packages/airflow/example_dags/subdags/subdag.py for tasks to queue
[2026-05-23T11:54:26.388+0000] {logging_mixin.py:188} INFO - [2026-05-23T11:54:26.387+0000] {dagbag.py:545} INFO - Filling up the DagBag from /home/vscode/.local/lib/python3.11/site-packages/airflow/example_dags/subdags/subdag.py
[2026-05-23T11:54:26.390+0000] {processor.py:842} WARNING - No viable dags retrieved from /home/vscode/.local/lib/python3.11/site-packages/airflow/example_dags/subdags/subdag.py
[2026-05-23T11:54:26.408+0000] {processor.py:183} INFO - Processing /home/vscode/.local/lib/python3.11/site-packages/airflow/example_dags/subdags/subdag.py took 0.038 seconds
[2026-05-23T11:55:15.614+0000] {processor.py:161} INFO - Started process (PID=21394) to work on /home/vscode/.local/lib/python3.11/site-packages/airflow/example_dags/subdags/subdag.py
[2026-05-23T11:55:15.618+0000] {processor.py:830} INFO - Processing file /home/vscode/.local/lib/python3.11/site-packages/airflow/example_dags/subdags/subdag.py for tasks to queue
[2026-05-23T11:55:15.618+0000] {logging_mixin.py:188} INFO - [2026-05-23T11:55:15.618+0000] {dagbag.py:545} INFO - Filling up the DagBag from /home/vscode/.local/lib/python3.11/site-packages/airflow/example_dags/subdags/subdag.py
[2026-05-23T11:55:15.622+0000] {processor.py:842} WARNING - No viable dags retrieved from /home/vscode/.local/lib/python3.11/site-packages/airflow/example_dags/subdags/subdag.py
[2026-05-23T11:55:15.643+0000] {processor.py:183} INFO - Processing /home/vscode/.local/lib/python3.11/site-packages/airflow/example_dags/subdags/subdag.py took 0.048 seconds
[2026-05-23T11:56:06.567+0000] {processor.py:161} INFO - Started process (PID=22063) to work on /home/vscode/.local/lib/python3.11/site-packages/airflow/example_dags/subdags/subdag.py
[2026-05-23T11:56:06.567+0000] {processor.py:830} INFO - Processing file /home/vscode/.local/lib/python3.11/site-packages/airflow/example_dags/subdags/subdag.py for tasks to queue
[2026-05-23T11:56:06.568+0000] {logging_mixin.py:188} INFO - [2026-05-23T11:56:06.568+0000] {dagbag.py:545} INFO - Filling up the DagBag from /home/vscode/.local/lib/python3.11/site-packages/airflow/example_dags/subdags/subdag.py
[2026-05-23T11:56:06.570+0000] {processor.py:842} WARNING - No viable dags retrieved from /home/vscode/.local/lib/python3.11/site-packages/airflow/example_dags/subdags/subdag.py
[2026-05-23T11:56:06.580+0000] {processor.py:183} INFO - Processing /home/vscode/.local/lib/python3.11/site-packages/airflow/example_dags/subdags/subdag.py took 0.023 seconds
[2026-05-23T11:56:54.805+0000] {processor.py:161} INFO - Started process (PID=22648) to work on /home/vscode/.local/lib/python3.11/site-packages/airflow/example_dags/subdags/subdag.py
[2026-05-23T11:56:54.806+0000] {processor.py:830} INFO - Processing file /home/vscode/.local/lib/python3.11/site-packages/airflow/example_dags/subdags/subdag.py for tasks to queue
[2026-05-23T11:56:54.807+0000] {logging_mixin.py:188} INFO - [2026-05-23T11:56:54.806+0000] {dagbag.py:545} INFO - Filling up the DagBag from /home/vscode/.local/lib/python3.11/site-packages/airflow/example_dags/subdags/subdag.py
[2026-05-23T11:56:54.809+0000] {processor.py:842} WARNING - No viable dags retrieved from /home/vscode/.local/lib/python3.11/site-packages/airflow/example_dags/subdags/subdag.py
[2026-05-23T11:56:54.819+0000] {processor.py:183} INFO - Processing /home/vscode/.local/lib/python3.11/site-packages/airflow/example_dags/subdags/subdag.py took 0.023 seconds
[2026-05-23T11:57:46.081+0000] {processor.py:161} INFO - Started process (PID=23110) to work on /home/vscode/.local/lib/python3.11/site-packages/airflow/example_dags/subdags/subdag.py
[2026-05-23T11:57:46.082+0000] {processor.py:830} INFO - Processing file /home/vscode/.local/lib/python3.11/site-packages/airflow/example_dags/subdags/subdag.py for tasks to queue
[2026-05-23T11:57:46.083+0000] {logging_mixin.py:188} INFO - [2026-05-23T11:57:46.082+0000] {dagbag.py:545} INFO - Filling up the DagBag from /home/vscode/.local/lib/python3.11/site-packages/airflow/example_dags/subdags/subdag.py
[2026-05-23T11:57:46.085+0000] {processor.py:842} WARNING - No viable dags retrieved from /home/vscode/.local/lib/python3.11/site-packages/airflow/example_dags/subdags/subdag.py
[2026-05-23T11:57:46.096+0000] {processor.py:183} INFO - Processing /home/vscode/.local/lib/python3.11/site-packages/airflow/example_dags/subdags/subdag.py took 0.024 seconds
[2026-05-23T11:58:35.297+0000] {processor.py:161} INFO - Started process (PID=23613) to work on /home/vscode/.local/lib/python3.11/site-packages/airflow/example_dags/subdags/subdag.py
[2026-05-23T11:58:35.298+0000] {processor.py:830} INFO - Processing file /home/vscode/.local/lib/python3.11/site-packages/airflow/example_dags/subdags/subdag.py for tasks to queue
[2026-05-23T11:58:35.300+0000] {logging_mixin.py:188} INFO - [2026-05-23T11:58:35.300+0000] {dagbag.py:545} INFO - Filling up the DagBag from /home/vscode/.local/lib/python3.11/site-packages/airflow/example_dags/subdags/subdag.py
[2026-05-23T11:58:35.302+0000] {processor.py:842} WARNING - No viable dags retrieved from /home/vscode/.local/lib/python3.11/site-packages/airflow/example_dags/subdags/subdag.py
[2026-05-23T11:58:35.313+0000] {processor.py:183} INFO - Processing /home/vscode/.local/lib/python3.11/site-packages/airflow/example_dags/subdags/subdag.py took 0.025 seconds
[2026-05-23T12:11:20.770+0000] {processor.py:161} INFO - Started process (PID=32267) to work on /home/vscode/.local/lib/python3.11/site-packages/airflow/example_dags/subdags/subdag.py
[2026-05-23T12:11:20.778+0000] {processor.py:830} INFO - Processing file /home/vscode/.local/lib/python3.11/site-packages/airflow/example_dags/subdags/subdag.py for tasks to queue
[2026-05-23T12:11:20.778+0000] {logging_mixin.py:188} INFO - [2026-05-23T12:11:20.778+0000] {dagbag.py:545} INFO - Filling up the DagBag from /home/vscode/.local/lib/python3.11/site-packages/airflow/example_dags/subdags/subdag.py
[2026-05-23T12:11:20.780+0000] {processor.py:842} WARNING - No viable dags retrieved from /home/vscode/.local/lib/python3.11/site-packages/airflow/example_dags/subdags/subdag.py
[2026-05-23T12:11:20.786+0000] {processor.py:183} INFO - Processing /home/vscode/.local/lib/python3.11/site-packages/airflow/example_dags/subdags/subdag.py took 0.022 seconds
