[2026-05-23T12:01:30.449+0000] {processor.py:161} INFO - Started process (PID=25568) to work on /home/vscode/.local/lib/python3.11/site-packages/airflow/example_dags/standard/example_branch_operator_decorator.py
[2026-05-23T12:01:30.449+0000] {processor.py:830} INFO - Processing file /home/vscode/.local/lib/python3.11/site-packages/airflow/example_dags/standard/example_branch_operator_decorator.py for tasks to queue
[2026-05-23T12:01:30.449+0000] {logging_mixin.py:188} INFO - [2026-05-23T12:01:30.449+0000] {dagbag.py:545} INFO - Filling up the DagBag from /home/vscode/.local/lib/python3.11/site-packages/airflow/example_dags/standard/example_branch_operator_decorator.py
[2026-05-23T12:01:30.452+0000] {logging_mixin.py:188} INFO - [2026-05-23T12:01:30.451+0000] {dagbag.py:355} ERROR - Failed to import: /home/vscode/.local/lib/python3.11/site-packages/airflow/example_dags/standard/example_branch_operator_decorator.py
Traceback (most recent call last):
  File "/home/vscode/.local/lib/python3.11/site-packages/airflow/models/dagbag.py", line 351, in parse
  File "<frozen importlib._bootstrap_external>", line 940, in exec_module
  File "<frozen importlib._bootstrap>", line 241, in _call_with_frames_removed
  File "/home/vscode/.local/lib/python3.11/site-packages/airflow/example_dags/standard/example_branch_operator_decorator.py", line 33, in <module>
    from airflow.providers.standard.operators.empty import EmptyOperator
  File "/home/vscode/.local/lib/python3.11/site-packages/airflow/providers/standard/__init__.py", line 37, in <module>
    raise RuntimeError(
RuntimeError: The package `apache-airflow-providers-standard:1.13.0` needs Apache Airflow 2.11.0+
[2026-05-23T12:01:30.452+0000] {processor.py:842} WARNING - No viable dags retrieved from /home/vscode/.local/lib/python3.11/site-packages/airflow/example_dags/standard/example_branch_operator_decorator.py
[2026-05-23T12:01:30.467+0000] {processor.py:183} INFO - Processing /home/vscode/.local/lib/python3.11/site-packages/airflow/example_dags/standard/example_branch_operator_decorator.py took 0.024 seconds
[2026-05-23T12:02:05.459+0000] {processor.py:161} INFO - Started process (PID=27770) to work on /home/vscode/.local/lib/python3.11/site-packages/airflow/example_dags/standard/example_branch_operator_decorator.py
[2026-05-23T12:02:05.464+0000] {processor.py:830} INFO - Processing file /home/vscode/.local/lib/python3.11/site-packages/airflow/example_dags/standard/example_branch_operator_decorator.py for tasks to queue
[2026-05-23T12:02:05.465+0000] {logging_mixin.py:188} INFO - [2026-05-23T12:02:05.465+0000] {dagbag.py:545} INFO - Filling up the DagBag from /home/vscode/.local/lib/python3.11/site-packages/airflow/example_dags/standard/example_branch_operator_decorator.py
[2026-05-23T12:02:05.564+0000] {logging_mixin.py:188} INFO - [2026-05-23T12:02:05.527+0000] {dagbag.py:355} ERROR - Failed to import: /home/vscode/.local/lib/python3.11/site-packages/airflow/example_dags/standard/example_branch_operator_decorator.py
Traceback (most recent call last):
  File "/home/vscode/.local/lib/python3.11/site-packages/airflow/models/dagbag.py", line 351, in parse
  File "<frozen importlib._bootstrap_external>", line 940, in exec_module
  File "<frozen importlib._bootstrap>", line 241, in _call_with_frames_removed
  File "/home/vscode/.local/lib/python3.11/site-packages/airflow/example_dags/standard/example_branch_operator_decorator.py", line 33, in <module>
    from airflow.providers.standard.operators.empty import EmptyOperator
  File "/home/vscode/.local/lib/python3.11/site-packages/airflow/providers/standard/__init__.py", line 37, in <module>
    raise RuntimeError(
RuntimeError: The package `apache-airflow-providers-standard:1.13.0` needs Apache Airflow 2.11.0+
[2026-05-23T12:02:05.565+0000] {processor.py:842} WARNING - No viable dags retrieved from /home/vscode/.local/lib/python3.11/site-packages/airflow/example_dags/standard/example_branch_operator_decorator.py
[2026-05-23T12:02:05.820+0000] {processor.py:183} INFO - Processing /home/vscode/.local/lib/python3.11/site-packages/airflow/example_dags/standard/example_branch_operator_decorator.py took 0.430 seconds
[2026-05-23T12:02:35.998+0000] {processor.py:161} INFO - Started process (PID=29460) to work on /home/vscode/.local/lib/python3.11/site-packages/airflow/example_dags/standard/example_branch_operator_decorator.py
[2026-05-23T12:02:35.999+0000] {processor.py:830} INFO - Processing file /home/vscode/.local/lib/python3.11/site-packages/airflow/example_dags/standard/example_branch_operator_decorator.py for tasks to queue
[2026-05-23T12:02:36.000+0000] {logging_mixin.py:188} INFO - [2026-05-23T12:02:36.000+0000] {dagbag.py:545} INFO - Filling up the DagBag from /home/vscode/.local/lib/python3.11/site-packages/airflow/example_dags/standard/example_branch_operator_decorator.py
[2026-05-23T12:02:36.003+0000] {logging_mixin.py:188} INFO - [2026-05-23T12:02:36.002+0000] {dagbag.py:355} ERROR - Failed to import: /home/vscode/.local/lib/python3.11/site-packages/airflow/example_dags/standard/example_branch_operator_decorator.py
Traceback (most recent call last):
  File "/home/vscode/.local/lib/python3.11/site-packages/airflow/models/dagbag.py", line 351, in parse
  File "<frozen importlib._bootstrap_external>", line 940, in exec_module
  File "<frozen importlib._bootstrap>", line 241, in _call_with_frames_removed
  File "/home/vscode/.local/lib/python3.11/site-packages/airflow/example_dags/standard/example_branch_operator_decorator.py", line 33, in <module>
    from airflow.providers.standard.operators.empty import EmptyOperator
  File "/home/vscode/.local/lib/python3.11/site-packages/airflow/providers/standard/__init__.py", line 37, in <module>
    raise RuntimeError(
RuntimeError: The package `apache-airflow-providers-standard:1.13.0` needs Apache Airflow 2.11.0+
[2026-05-23T12:02:36.004+0000] {processor.py:842} WARNING - No viable dags retrieved from /home/vscode/.local/lib/python3.11/site-packages/airflow/example_dags/standard/example_branch_operator_decorator.py
[2026-05-23T12:02:36.020+0000] {processor.py:183} INFO - Processing /home/vscode/.local/lib/python3.11/site-packages/airflow/example_dags/standard/example_branch_operator_decorator.py took 0.034 seconds
[2026-05-23T12:03:06.595+0000] {processor.py:161} INFO - Started process (PID=29858) to work on /home/vscode/.local/lib/python3.11/site-packages/airflow/example_dags/standard/example_branch_operator_decorator.py
[2026-05-23T12:03:06.596+0000] {processor.py:830} INFO - Processing file /home/vscode/.local/lib/python3.11/site-packages/airflow/example_dags/standard/example_branch_operator_decorator.py for tasks to queue
[2026-05-23T12:03:06.596+0000] {logging_mixin.py:188} INFO - [2026-05-23T12:03:06.596+0000] {dagbag.py:545} INFO - Filling up the DagBag from /home/vscode/.local/lib/python3.11/site-packages/airflow/example_dags/standard/example_branch_operator_decorator.py
[2026-05-23T12:03:06.599+0000] {logging_mixin.py:188} INFO - [2026-05-23T12:03:06.598+0000] {dagbag.py:355} ERROR - Failed to import: /home/vscode/.local/lib/python3.11/site-packages/airflow/example_dags/standard/example_branch_operator_decorator.py
Traceback (most recent call last):
  File "/home/vscode/.local/lib/python3.11/site-packages/airflow/models/dagbag.py", line 351, in parse
  File "<frozen importlib._bootstrap_external>", line 940, in exec_module
  File "<frozen importlib._bootstrap>", line 241, in _call_with_frames_removed
  File "/home/vscode/.local/lib/python3.11/site-packages/airflow/example_dags/standard/example_branch_operator_decorator.py", line 33, in <module>
    from airflow.providers.standard.operators.empty import EmptyOperator
  File "/home/vscode/.local/lib/python3.11/site-packages/airflow/providers/standard/__init__.py", line 37, in <module>
    raise RuntimeError(
RuntimeError: The package `apache-airflow-providers-standard:1.13.0` needs Apache Airflow 2.11.0+
[2026-05-23T12:03:06.599+0000] {processor.py:842} WARNING - No viable dags retrieved from /home/vscode/.local/lib/python3.11/site-packages/airflow/example_dags/standard/example_branch_operator_decorator.py
[2026-05-23T12:03:06.613+0000] {processor.py:183} INFO - Processing /home/vscode/.local/lib/python3.11/site-packages/airflow/example_dags/standard/example_branch_operator_decorator.py took 0.024 seconds
[2026-05-23T12:03:37.112+0000] {processor.py:161} INFO - Started process (PID=29975) to work on /home/vscode/.local/lib/python3.11/site-packages/airflow/example_dags/standard/example_branch_operator_decorator.py
[2026-05-23T12:03:37.113+0000] {processor.py:830} INFO - Processing file /home/vscode/.local/lib/python3.11/site-packages/airflow/example_dags/standard/example_branch_operator_decorator.py for tasks to queue
[2026-05-23T12:03:37.113+0000] {logging_mixin.py:188} INFO - [2026-05-23T12:03:37.113+0000] {dagbag.py:545} INFO - Filling up the DagBag from /home/vscode/.local/lib/python3.11/site-packages/airflow/example_dags/standard/example_branch_operator_decorator.py
[2026-05-23T12:03:37.116+0000] {logging_mixin.py:188} INFO - [2026-05-23T12:03:37.115+0000] {dagbag.py:355} ERROR - Failed to import: /home/vscode/.local/lib/python3.11/site-packages/airflow/example_dags/standard/example_branch_operator_decorator.py
Traceback (most recent call last):
  File "/home/vscode/.local/lib/python3.11/site-packages/airflow/models/dagbag.py", line 351, in parse
  File "<frozen importlib._bootstrap_external>", line 940, in exec_module
  File "<frozen importlib._bootstrap>", line 241, in _call_with_frames_removed
  File "/home/vscode/.local/lib/python3.11/site-packages/airflow/example_dags/standard/example_branch_operator_decorator.py", line 33, in <module>
    from airflow.providers.standard.operators.empty import EmptyOperator
  File "/home/vscode/.local/lib/python3.11/site-packages/airflow/providers/standard/__init__.py", line 37, in <module>
    raise RuntimeError(
RuntimeError: The package `apache-airflow-providers-standard:1.13.0` needs Apache Airflow 2.11.0+
[2026-05-23T12:03:37.116+0000] {processor.py:842} WARNING - No viable dags retrieved from /home/vscode/.local/lib/python3.11/site-packages/airflow/example_dags/standard/example_branch_operator_decorator.py
[2026-05-23T12:03:37.129+0000] {processor.py:183} INFO - Processing /home/vscode/.local/lib/python3.11/site-packages/airflow/example_dags/standard/example_branch_operator_decorator.py took 0.024 seconds
[2026-05-23T12:04:07.509+0000] {processor.py:161} INFO - Started process (PID=30084) to work on /home/vscode/.local/lib/python3.11/site-packages/airflow/example_dags/standard/example_branch_operator_decorator.py
[2026-05-23T12:04:07.510+0000] {processor.py:830} INFO - Processing file /home/vscode/.local/lib/python3.11/site-packages/airflow/example_dags/standard/example_branch_operator_decorator.py for tasks to queue
[2026-05-23T12:04:07.510+0000] {logging_mixin.py:188} INFO - [2026-05-23T12:04:07.510+0000] {dagbag.py:545} INFO - Filling up the DagBag from /home/vscode/.local/lib/python3.11/site-packages/airflow/example_dags/standard/example_branch_operator_decorator.py
[2026-05-23T12:04:07.513+0000] {logging_mixin.py:188} INFO - [2026-05-23T12:04:07.512+0000] {dagbag.py:355} ERROR - Failed to import: /home/vscode/.local/lib/python3.11/site-packages/airflow/example_dags/standard/example_branch_operator_decorator.py
Traceback (most recent call last):
  File "/home/vscode/.local/lib/python3.11/site-packages/airflow/models/dagbag.py", line 351, in parse
  File "<frozen importlib._bootstrap_external>", line 940, in exec_module
  File "<frozen importlib._bootstrap>", line 241, in _call_with_frames_removed
  File "/home/vscode/.local/lib/python3.11/site-packages/airflow/example_dags/standard/example_branch_operator_decorator.py", line 33, in <module>
    from airflow.providers.standard.operators.empty import EmptyOperator
  File "/home/vscode/.local/lib/python3.11/site-packages/airflow/providers/standard/__init__.py", line 37, in <module>
    raise RuntimeError(
RuntimeError: The package `apache-airflow-providers-standard:1.13.0` needs Apache Airflow 2.11.0+
[2026-05-23T12:04:07.513+0000] {processor.py:842} WARNING - No viable dags retrieved from /home/vscode/.local/lib/python3.11/site-packages/airflow/example_dags/standard/example_branch_operator_decorator.py
[2026-05-23T12:04:07.526+0000] {processor.py:183} INFO - Processing /home/vscode/.local/lib/python3.11/site-packages/airflow/example_dags/standard/example_branch_operator_decorator.py took 0.023 seconds
[2026-05-23T12:04:37.840+0000] {processor.py:161} INFO - Started process (PID=30198) to work on /home/vscode/.local/lib/python3.11/site-packages/airflow/example_dags/standard/example_branch_operator_decorator.py
[2026-05-23T12:04:37.840+0000] {processor.py:830} INFO - Processing file /home/vscode/.local/lib/python3.11/site-packages/airflow/example_dags/standard/example_branch_operator_decorator.py for tasks to queue
[2026-05-23T12:04:37.841+0000] {logging_mixin.py:188} INFO - [2026-05-23T12:04:37.841+0000] {dagbag.py:545} INFO - Filling up the DagBag from /home/vscode/.local/lib/python3.11/site-packages/airflow/example_dags/standard/example_branch_operator_decorator.py
[2026-05-23T12:04:37.844+0000] {logging_mixin.py:188} INFO - [2026-05-23T12:04:37.843+0000] {dagbag.py:355} ERROR - Failed to import: /home/vscode/.local/lib/python3.11/site-packages/airflow/example_dags/standard/example_branch_operator_decorator.py
Traceback (most recent call last):
  File "/home/vscode/.local/lib/python3.11/site-packages/airflow/models/dagbag.py", line 351, in parse
  File "<frozen importlib._bootstrap_external>", line 940, in exec_module
  File "<frozen importlib._bootstrap>", line 241, in _call_with_frames_removed
  File "/home/vscode/.local/lib/python3.11/site-packages/airflow/example_dags/standard/example_branch_operator_decorator.py", line 33, in <module>
    from airflow.providers.standard.operators.empty import EmptyOperator
  File "/home/vscode/.local/lib/python3.11/site-packages/airflow/providers/standard/__init__.py", line 37, in <module>
    raise RuntimeError(
RuntimeError: The package `apache-airflow-providers-standard:1.13.0` needs Apache Airflow 2.11.0+
[2026-05-23T12:04:37.844+0000] {processor.py:842} WARNING - No viable dags retrieved from /home/vscode/.local/lib/python3.11/site-packages/airflow/example_dags/standard/example_branch_operator_decorator.py
[2026-05-23T12:04:37.860+0000] {processor.py:183} INFO - Processing /home/vscode/.local/lib/python3.11/site-packages/airflow/example_dags/standard/example_branch_operator_decorator.py took 0.027 seconds
[2026-05-23T12:05:08.253+0000] {processor.py:161} INFO - Started process (PID=30308) to work on /home/vscode/.local/lib/python3.11/site-packages/airflow/example_dags/standard/example_branch_operator_decorator.py
[2026-05-23T12:05:08.253+0000] {processor.py:830} INFO - Processing file /home/vscode/.local/lib/python3.11/site-packages/airflow/example_dags/standard/example_branch_operator_decorator.py for tasks to queue
[2026-05-23T12:05:08.254+0000] {logging_mixin.py:188} INFO - [2026-05-23T12:05:08.254+0000] {dagbag.py:545} INFO - Filling up the DagBag from /home/vscode/.local/lib/python3.11/site-packages/airflow/example_dags/standard/example_branch_operator_decorator.py
[2026-05-23T12:05:08.256+0000] {logging_mixin.py:188} INFO - [2026-05-23T12:05:08.256+0000] {dagbag.py:355} ERROR - Failed to import: /home/vscode/.local/lib/python3.11/site-packages/airflow/example_dags/standard/example_branch_operator_decorator.py
Traceback (most recent call last):
  File "/home/vscode/.local/lib/python3.11/site-packages/airflow/models/dagbag.py", line 351, in parse
  File "<frozen importlib._bootstrap_external>", line 940, in exec_module
  File "<frozen importlib._bootstrap>", line 241, in _call_with_frames_removed
  File "/home/vscode/.local/lib/python3.11/site-packages/airflow/example_dags/standard/example_branch_operator_decorator.py", line 33, in <module>
    from airflow.providers.standard.operators.empty import EmptyOperator
  File "/home/vscode/.local/lib/python3.11/site-packages/airflow/providers/standard/__init__.py", line 37, in <module>
    raise RuntimeError(
RuntimeError: The package `apache-airflow-providers-standard:1.13.0` needs Apache Airflow 2.11.0+
[2026-05-23T12:05:08.257+0000] {processor.py:842} WARNING - No viable dags retrieved from /home/vscode/.local/lib/python3.11/site-packages/airflow/example_dags/standard/example_branch_operator_decorator.py
[2026-05-23T12:05:08.270+0000] {processor.py:183} INFO - Processing /home/vscode/.local/lib/python3.11/site-packages/airflow/example_dags/standard/example_branch_operator_decorator.py took 0.023 seconds
[2026-05-23T12:05:38.983+0000] {processor.py:161} INFO - Started process (PID=30423) to work on /home/vscode/.local/lib/python3.11/site-packages/airflow/example_dags/standard/example_branch_operator_decorator.py
[2026-05-23T12:05:38.984+0000] {processor.py:830} INFO - Processing file /home/vscode/.local/lib/python3.11/site-packages/airflow/example_dags/standard/example_branch_operator_decorator.py for tasks to queue
[2026-05-23T12:05:38.984+0000] {logging_mixin.py:188} INFO - [2026-05-23T12:05:38.984+0000] {dagbag.py:545} INFO - Filling up the DagBag from /home/vscode/.local/lib/python3.11/site-packages/airflow/example_dags/standard/example_branch_operator_decorator.py
[2026-05-23T12:05:38.987+0000] {logging_mixin.py:188} INFO - [2026-05-23T12:05:38.986+0000] {dagbag.py:355} ERROR - Failed to import: /home/vscode/.local/lib/python3.11/site-packages/airflow/example_dags/standard/example_branch_operator_decorator.py
Traceback (most recent call last):
  File "/home/vscode/.local/lib/python3.11/site-packages/airflow/models/dagbag.py", line 351, in parse
  File "<frozen importlib._bootstrap_external>", line 940, in exec_module
  File "<frozen importlib._bootstrap>", line 241, in _call_with_frames_removed
  File "/home/vscode/.local/lib/python3.11/site-packages/airflow/example_dags/standard/example_branch_operator_decorator.py", line 33, in <module>
    from airflow.providers.standard.operators.empty import EmptyOperator
  File "/home/vscode/.local/lib/python3.11/site-packages/airflow/providers/standard/__init__.py", line 37, in <module>
    raise RuntimeError(
RuntimeError: The package `apache-airflow-providers-standard:1.13.0` needs Apache Airflow 2.11.0+
[2026-05-23T12:05:38.987+0000] {processor.py:842} WARNING - No viable dags retrieved from /home/vscode/.local/lib/python3.11/site-packages/airflow/example_dags/standard/example_branch_operator_decorator.py
[2026-05-23T12:05:39.001+0000] {processor.py:183} INFO - Processing /home/vscode/.local/lib/python3.11/site-packages/airflow/example_dags/standard/example_branch_operator_decorator.py took 0.024 seconds
[2026-05-23T12:06:10.306+0000] {processor.py:161} INFO - Started process (PID=30540) to work on /home/vscode/.local/lib/python3.11/site-packages/airflow/example_dags/standard/example_branch_operator_decorator.py
[2026-05-23T12:06:10.307+0000] {processor.py:830} INFO - Processing file /home/vscode/.local/lib/python3.11/site-packages/airflow/example_dags/standard/example_branch_operator_decorator.py for tasks to queue
[2026-05-23T12:06:10.307+0000] {logging_mixin.py:188} INFO - [2026-05-23T12:06:10.307+0000] {dagbag.py:545} INFO - Filling up the DagBag from /home/vscode/.local/lib/python3.11/site-packages/airflow/example_dags/standard/example_branch_operator_decorator.py
[2026-05-23T12:06:10.310+0000] {logging_mixin.py:188} INFO - [2026-05-23T12:06:10.309+0000] {dagbag.py:355} ERROR - Failed to import: /home/vscode/.local/lib/python3.11/site-packages/airflow/example_dags/standard/example_branch_operator_decorator.py
Traceback (most recent call last):
  File "/home/vscode/.local/lib/python3.11/site-packages/airflow/models/dagbag.py", line 351, in parse
  File "<frozen importlib._bootstrap_external>", line 940, in exec_module
  File "<frozen importlib._bootstrap>", line 241, in _call_with_frames_removed
  File "/home/vscode/.local/lib/python3.11/site-packages/airflow/example_dags/standard/example_branch_operator_decorator.py", line 33, in <module>
    from airflow.providers.standard.operators.empty import EmptyOperator
  File "/home/vscode/.local/lib/python3.11/site-packages/airflow/providers/standard/__init__.py", line 37, in <module>
    raise RuntimeError(
RuntimeError: The package `apache-airflow-providers-standard:1.13.0` needs Apache Airflow 2.11.0+
[2026-05-23T12:06:10.310+0000] {processor.py:842} WARNING - No viable dags retrieved from /home/vscode/.local/lib/python3.11/site-packages/airflow/example_dags/standard/example_branch_operator_decorator.py
[2026-05-23T12:06:10.323+0000] {processor.py:183} INFO - Processing /home/vscode/.local/lib/python3.11/site-packages/airflow/example_dags/standard/example_branch_operator_decorator.py took 0.023 seconds
[2026-05-23T12:06:41.154+0000] {processor.py:161} INFO - Started process (PID=30649) to work on /home/vscode/.local/lib/python3.11/site-packages/airflow/example_dags/standard/example_branch_operator_decorator.py
[2026-05-23T12:06:41.155+0000] {processor.py:830} INFO - Processing file /home/vscode/.local/lib/python3.11/site-packages/airflow/example_dags/standard/example_branch_operator_decorator.py for tasks to queue
[2026-05-23T12:06:41.155+0000] {logging_mixin.py:188} INFO - [2026-05-23T12:06:41.155+0000] {dagbag.py:545} INFO - Filling up the DagBag from /home/vscode/.local/lib/python3.11/site-packages/airflow/example_dags/standard/example_branch_operator_decorator.py
[2026-05-23T12:06:41.158+0000] {logging_mixin.py:188} INFO - [2026-05-23T12:06:41.157+0000] {dagbag.py:355} ERROR - Failed to import: /home/vscode/.local/lib/python3.11/site-packages/airflow/example_dags/standard/example_branch_operator_decorator.py
Traceback (most recent call last):
  File "/home/vscode/.local/lib/python3.11/site-packages/airflow/models/dagbag.py", line 351, in parse
  File "<frozen importlib._bootstrap_external>", line 940, in exec_module
  File "<frozen importlib._bootstrap>", line 241, in _call_with_frames_removed
  File "/home/vscode/.local/lib/python3.11/site-packages/airflow/example_dags/standard/example_branch_operator_decorator.py", line 33, in <module>
    from airflow.providers.standard.operators.empty import EmptyOperator
  File "/home/vscode/.local/lib/python3.11/site-packages/airflow/providers/standard/__init__.py", line 37, in <module>
    raise RuntimeError(
RuntimeError: The package `apache-airflow-providers-standard:1.13.0` needs Apache Airflow 2.11.0+
[2026-05-23T12:06:41.158+0000] {processor.py:842} WARNING - No viable dags retrieved from /home/vscode/.local/lib/python3.11/site-packages/airflow/example_dags/standard/example_branch_operator_decorator.py
[2026-05-23T12:06:41.170+0000] {processor.py:183} INFO - Processing /home/vscode/.local/lib/python3.11/site-packages/airflow/example_dags/standard/example_branch_operator_decorator.py took 0.022 seconds
[2026-05-23T12:07:11.875+0000] {processor.py:161} INFO - Started process (PID=30765) to work on /home/vscode/.local/lib/python3.11/site-packages/airflow/example_dags/standard/example_branch_operator_decorator.py
[2026-05-23T12:07:11.876+0000] {processor.py:830} INFO - Processing file /home/vscode/.local/lib/python3.11/site-packages/airflow/example_dags/standard/example_branch_operator_decorator.py for tasks to queue
[2026-05-23T12:07:11.876+0000] {logging_mixin.py:188} INFO - [2026-05-23T12:07:11.876+0000] {dagbag.py:545} INFO - Filling up the DagBag from /home/vscode/.local/lib/python3.11/site-packages/airflow/example_dags/standard/example_branch_operator_decorator.py
[2026-05-23T12:07:11.879+0000] {logging_mixin.py:188} INFO - [2026-05-23T12:07:11.878+0000] {dagbag.py:355} ERROR - Failed to import: /home/vscode/.local/lib/python3.11/site-packages/airflow/example_dags/standard/example_branch_operator_decorator.py
Traceback (most recent call last):
  File "/home/vscode/.local/lib/python3.11/site-packages/airflow/models/dagbag.py", line 351, in parse
  File "<frozen importlib._bootstrap_external>", line 940, in exec_module
  File "<frozen importlib._bootstrap>", line 241, in _call_with_frames_removed
  File "/home/vscode/.local/lib/python3.11/site-packages/airflow/example_dags/standard/example_branch_operator_decorator.py", line 33, in <module>
    from airflow.providers.standard.operators.empty import EmptyOperator
  File "/home/vscode/.local/lib/python3.11/site-packages/airflow/providers/standard/__init__.py", line 37, in <module>
    raise RuntimeError(
RuntimeError: The package `apache-airflow-providers-standard:1.13.0` needs Apache Airflow 2.11.0+
[2026-05-23T12:07:11.879+0000] {processor.py:842} WARNING - No viable dags retrieved from /home/vscode/.local/lib/python3.11/site-packages/airflow/example_dags/standard/example_branch_operator_decorator.py
[2026-05-23T12:07:11.892+0000] {processor.py:183} INFO - Processing /home/vscode/.local/lib/python3.11/site-packages/airflow/example_dags/standard/example_branch_operator_decorator.py took 0.023 seconds
[2026-05-23T12:07:42.473+0000] {processor.py:161} INFO - Started process (PID=30879) to work on /home/vscode/.local/lib/python3.11/site-packages/airflow/example_dags/standard/example_branch_operator_decorator.py
[2026-05-23T12:07:42.473+0000] {processor.py:830} INFO - Processing file /home/vscode/.local/lib/python3.11/site-packages/airflow/example_dags/standard/example_branch_operator_decorator.py for tasks to queue
[2026-05-23T12:07:42.474+0000] {logging_mixin.py:188} INFO - [2026-05-23T12:07:42.474+0000] {dagbag.py:545} INFO - Filling up the DagBag from /home/vscode/.local/lib/python3.11/site-packages/airflow/example_dags/standard/example_branch_operator_decorator.py
[2026-05-23T12:07:42.476+0000] {logging_mixin.py:188} INFO - [2026-05-23T12:07:42.476+0000] {dagbag.py:355} ERROR - Failed to import: /home/vscode/.local/lib/python3.11/site-packages/airflow/example_dags/standard/example_branch_operator_decorator.py
Traceback (most recent call last):
  File "/home/vscode/.local/lib/python3.11/site-packages/airflow/models/dagbag.py", line 351, in parse
  File "<frozen importlib._bootstrap_external>", line 940, in exec_module
  File "<frozen importlib._bootstrap>", line 241, in _call_with_frames_removed
  File "/home/vscode/.local/lib/python3.11/site-packages/airflow/example_dags/standard/example_branch_operator_decorator.py", line 33, in <module>
    from airflow.providers.standard.operators.empty import EmptyOperator
  File "/home/vscode/.local/lib/python3.11/site-packages/airflow/providers/standard/__init__.py", line 37, in <module>
    raise RuntimeError(
RuntimeError: The package `apache-airflow-providers-standard:1.13.0` needs Apache Airflow 2.11.0+
[2026-05-23T12:07:42.477+0000] {processor.py:842} WARNING - No viable dags retrieved from /home/vscode/.local/lib/python3.11/site-packages/airflow/example_dags/standard/example_branch_operator_decorator.py
[2026-05-23T12:07:42.490+0000] {processor.py:183} INFO - Processing /home/vscode/.local/lib/python3.11/site-packages/airflow/example_dags/standard/example_branch_operator_decorator.py took 0.024 seconds
[2026-05-23T12:08:12.948+0000] {processor.py:161} INFO - Started process (PID=30989) to work on /home/vscode/.local/lib/python3.11/site-packages/airflow/example_dags/standard/example_branch_operator_decorator.py
[2026-05-23T12:08:12.949+0000] {processor.py:830} INFO - Processing file /home/vscode/.local/lib/python3.11/site-packages/airflow/example_dags/standard/example_branch_operator_decorator.py for tasks to queue
[2026-05-23T12:08:12.949+0000] {logging_mixin.py:188} INFO - [2026-05-23T12:08:12.949+0000] {dagbag.py:545} INFO - Filling up the DagBag from /home/vscode/.local/lib/python3.11/site-packages/airflow/example_dags/standard/example_branch_operator_decorator.py
[2026-05-23T12:08:12.952+0000] {logging_mixin.py:188} INFO - [2026-05-23T12:08:12.951+0000] {dagbag.py:355} ERROR - Failed to import: /home/vscode/.local/lib/python3.11/site-packages/airflow/example_dags/standard/example_branch_operator_decorator.py
Traceback (most recent call last):
  File "/home/vscode/.local/lib/python3.11/site-packages/airflow/models/dagbag.py", line 351, in parse
  File "<frozen importlib._bootstrap_external>", line 940, in exec_module
  File "<frozen importlib._bootstrap>", line 241, in _call_with_frames_removed
  File "/home/vscode/.local/lib/python3.11/site-packages/airflow/example_dags/standard/example_branch_operator_decorator.py", line 33, in <module>
    from airflow.providers.standard.operators.empty import EmptyOperator
  File "/home/vscode/.local/lib/python3.11/site-packages/airflow/providers/standard/__init__.py", line 37, in <module>
    raise RuntimeError(
RuntimeError: The package `apache-airflow-providers-standard:1.13.0` needs Apache Airflow 2.11.0+
[2026-05-23T12:08:12.952+0000] {processor.py:842} WARNING - No viable dags retrieved from /home/vscode/.local/lib/python3.11/site-packages/airflow/example_dags/standard/example_branch_operator_decorator.py
[2026-05-23T12:08:12.965+0000] {processor.py:183} INFO - Processing /home/vscode/.local/lib/python3.11/site-packages/airflow/example_dags/standard/example_branch_operator_decorator.py took 0.023 seconds
[2026-05-23T12:08:43.497+0000] {processor.py:161} INFO - Started process (PID=31188) to work on /home/vscode/.local/lib/python3.11/site-packages/airflow/example_dags/standard/example_branch_operator_decorator.py
[2026-05-23T12:08:43.497+0000] {processor.py:830} INFO - Processing file /home/vscode/.local/lib/python3.11/site-packages/airflow/example_dags/standard/example_branch_operator_decorator.py for tasks to queue
[2026-05-23T12:08:43.498+0000] {logging_mixin.py:188} INFO - [2026-05-23T12:08:43.497+0000] {dagbag.py:545} INFO - Filling up the DagBag from /home/vscode/.local/lib/python3.11/site-packages/airflow/example_dags/standard/example_branch_operator_decorator.py
[2026-05-23T12:08:43.500+0000] {logging_mixin.py:188} INFO - [2026-05-23T12:08:43.499+0000] {dagbag.py:355} ERROR - Failed to import: /home/vscode/.local/lib/python3.11/site-packages/airflow/example_dags/standard/example_branch_operator_decorator.py
Traceback (most recent call last):
  File "/home/vscode/.local/lib/python3.11/site-packages/airflow/models/dagbag.py", line 351, in parse
  File "<frozen importlib._bootstrap_external>", line 940, in exec_module
  File "<frozen importlib._bootstrap>", line 241, in _call_with_frames_removed
  File "/home/vscode/.local/lib/python3.11/site-packages/airflow/example_dags/standard/example_branch_operator_decorator.py", line 33, in <module>
    from airflow.providers.standard.operators.empty import EmptyOperator
  File "/home/vscode/.local/lib/python3.11/site-packages/airflow/providers/standard/__init__.py", line 37, in <module>
    raise RuntimeError(
RuntimeError: The package `apache-airflow-providers-standard:1.13.0` needs Apache Airflow 2.11.0+
[2026-05-23T12:08:43.501+0000] {processor.py:842} WARNING - No viable dags retrieved from /home/vscode/.local/lib/python3.11/site-packages/airflow/example_dags/standard/example_branch_operator_decorator.py
[2026-05-23T12:08:43.513+0000] {processor.py:183} INFO - Processing /home/vscode/.local/lib/python3.11/site-packages/airflow/example_dags/standard/example_branch_operator_decorator.py took 0.023 seconds
[2026-05-23T12:09:13.972+0000] {processor.py:161} INFO - Started process (PID=31418) to work on /home/vscode/.local/lib/python3.11/site-packages/airflow/example_dags/standard/example_branch_operator_decorator.py
[2026-05-23T12:09:13.972+0000] {processor.py:830} INFO - Processing file /home/vscode/.local/lib/python3.11/site-packages/airflow/example_dags/standard/example_branch_operator_decorator.py for tasks to queue
[2026-05-23T12:09:13.973+0000] {logging_mixin.py:188} INFO - [2026-05-23T12:09:13.973+0000] {dagbag.py:545} INFO - Filling up the DagBag from /home/vscode/.local/lib/python3.11/site-packages/airflow/example_dags/standard/example_branch_operator_decorator.py
[2026-05-23T12:09:13.975+0000] {logging_mixin.py:188} INFO - [2026-05-23T12:09:13.975+0000] {dagbag.py:355} ERROR - Failed to import: /home/vscode/.local/lib/python3.11/site-packages/airflow/example_dags/standard/example_branch_operator_decorator.py
Traceback (most recent call last):
  File "/home/vscode/.local/lib/python3.11/site-packages/airflow/models/dagbag.py", line 351, in parse
  File "<frozen importlib._bootstrap_external>", line 940, in exec_module
  File "<frozen importlib._bootstrap>", line 241, in _call_with_frames_removed
  File "/home/vscode/.local/lib/python3.11/site-packages/airflow/example_dags/standard/example_branch_operator_decorator.py", line 33, in <module>
    from airflow.providers.standard.operators.empty import EmptyOperator
  File "/home/vscode/.local/lib/python3.11/site-packages/airflow/providers/standard/__init__.py", line 37, in <module>
    raise RuntimeError(
RuntimeError: The package `apache-airflow-providers-standard:1.13.0` needs Apache Airflow 2.11.0+
[2026-05-23T12:09:13.976+0000] {processor.py:842} WARNING - No viable dags retrieved from /home/vscode/.local/lib/python3.11/site-packages/airflow/example_dags/standard/example_branch_operator_decorator.py
[2026-05-23T12:09:13.989+0000] {processor.py:183} INFO - Processing /home/vscode/.local/lib/python3.11/site-packages/airflow/example_dags/standard/example_branch_operator_decorator.py took 0.024 seconds
[2026-05-23T12:09:45.710+0000] {processor.py:161} INFO - Started process (PID=31655) to work on /home/vscode/.local/lib/python3.11/site-packages/airflow/example_dags/standard/example_branch_operator_decorator.py
[2026-05-23T12:09:45.711+0000] {processor.py:830} INFO - Processing file /home/vscode/.local/lib/python3.11/site-packages/airflow/example_dags/standard/example_branch_operator_decorator.py for tasks to queue
[2026-05-23T12:09:45.711+0000] {logging_mixin.py:188} INFO - [2026-05-23T12:09:45.711+0000] {dagbag.py:545} INFO - Filling up the DagBag from /home/vscode/.local/lib/python3.11/site-packages/airflow/example_dags/standard/example_branch_operator_decorator.py
[2026-05-23T12:09:45.714+0000] {logging_mixin.py:188} INFO - [2026-05-23T12:09:45.713+0000] {dagbag.py:355} ERROR - Failed to import: /home/vscode/.local/lib/python3.11/site-packages/airflow/example_dags/standard/example_branch_operator_decorator.py
Traceback (most recent call last):
  File "/home/vscode/.local/lib/python3.11/site-packages/airflow/models/dagbag.py", line 351, in parse
    loader.exec_module(new_module)
  File "<frozen importlib._bootstrap_external>", line 940, in exec_module
  File "<frozen importlib._bootstrap>", line 241, in _call_with_frames_removed
  File "/home/vscode/.local/lib/python3.11/site-packages/airflow/example_dags/standard/example_branch_operator_decorator.py", line 33, in <module>
    from airflow.providers.standard.operators.empty import EmptyOperator
  File "/home/vscode/.local/lib/python3.11/site-packages/airflow/providers/standard/__init__.py", line 37, in <module>
    raise RuntimeError(
RuntimeError: The package `apache-airflow-providers-standard:1.13.0` needs Apache Airflow 2.11.0+
[2026-05-23T12:09:45.714+0000] {processor.py:842} WARNING - No viable dags retrieved from /home/vscode/.local/lib/python3.11/site-packages/airflow/example_dags/standard/example_branch_operator_decorator.py
[2026-05-23T12:09:45.727+0000] {processor.py:183} INFO - Processing /home/vscode/.local/lib/python3.11/site-packages/airflow/example_dags/standard/example_branch_operator_decorator.py took 0.023 seconds
[2026-05-23T12:10:16.116+0000] {processor.py:161} INFO - Started process (PID=31831) to work on /home/vscode/.local/lib/python3.11/site-packages/airflow/example_dags/standard/example_branch_operator_decorator.py
[2026-05-23T12:10:16.117+0000] {processor.py:830} INFO - Processing file /home/vscode/.local/lib/python3.11/site-packages/airflow/example_dags/standard/example_branch_operator_decorator.py for tasks to queue
[2026-05-23T12:10:16.118+0000] {logging_mixin.py:188} INFO - [2026-05-23T12:10:16.117+0000] {dagbag.py:545} INFO - Filling up the DagBag from /home/vscode/.local/lib/python3.11/site-packages/airflow/example_dags/standard/example_branch_operator_decorator.py
[2026-05-23T12:10:16.120+0000] {logging_mixin.py:188} INFO - [2026-05-23T12:10:16.119+0000] {dagbag.py:355} ERROR - Failed to import: /home/vscode/.local/lib/python3.11/site-packages/airflow/example_dags/standard/example_branch_operator_decorator.py
Traceback (most recent call last):
  File "/home/vscode/.local/lib/python3.11/site-packages/airflow/models/dagbag.py", line 351, in parse
    loader.exec_module(new_module)
  File "<frozen importlib._bootstrap_external>", line 940, in exec_module
  File "<frozen importlib._bootstrap>", line 241, in _call_with_frames_removed
  File "/home/vscode/.local/lib/python3.11/site-packages/airflow/example_dags/standard/example_branch_operator_decorator.py", line 33, in <module>
    from airflow.providers.standard.operators.empty import EmptyOperator
  File "/home/vscode/.local/lib/python3.11/site-packages/airflow/providers/standard/__init__.py", line 37, in <module>
    raise RuntimeError(
RuntimeError: The package `apache-airflow-providers-standard:1.13.0` needs Apache Airflow 2.11.0+
[2026-05-23T12:10:16.121+0000] {processor.py:842} WARNING - No viable dags retrieved from /home/vscode/.local/lib/python3.11/site-packages/airflow/example_dags/standard/example_branch_operator_decorator.py
[2026-05-23T12:10:16.134+0000] {processor.py:183} INFO - Processing /home/vscode/.local/lib/python3.11/site-packages/airflow/example_dags/standard/example_branch_operator_decorator.py took 0.024 seconds
[2026-05-23T12:10:46.515+0000] {processor.py:161} INFO - Started process (PID=32037) to work on /home/vscode/.local/lib/python3.11/site-packages/airflow/example_dags/standard/example_branch_operator_decorator.py
[2026-05-23T12:10:46.516+0000] {processor.py:830} INFO - Processing file /home/vscode/.local/lib/python3.11/site-packages/airflow/example_dags/standard/example_branch_operator_decorator.py for tasks to queue
[2026-05-23T12:10:46.516+0000] {logging_mixin.py:188} INFO - [2026-05-23T12:10:46.516+0000] {dagbag.py:545} INFO - Filling up the DagBag from /home/vscode/.local/lib/python3.11/site-packages/airflow/example_dags/standard/example_branch_operator_decorator.py
[2026-05-23T12:10:46.519+0000] {logging_mixin.py:188} INFO - [2026-05-23T12:10:46.518+0000] {dagbag.py:355} ERROR - Failed to import: /home/vscode/.local/lib/python3.11/site-packages/airflow/example_dags/standard/example_branch_operator_decorator.py
Traceback (most recent call last):
  File "/home/vscode/.local/lib/python3.11/site-packages/airflow/models/dagbag.py", line 351, in parse
    loader.exec_module(new_module)
  File "<frozen importlib._bootstrap_external>", line 940, in exec_module
  File "<frozen importlib._bootstrap>", line 241, in _call_with_frames_removed
  File "/home/vscode/.local/lib/python3.11/site-packages/airflow/example_dags/standard/example_branch_operator_decorator.py", line 33, in <module>
    from airflow.providers.standard.operators.empty import EmptyOperator
  File "/home/vscode/.local/lib/python3.11/site-packages/airflow/providers/standard/__init__.py", line 37, in <module>
    raise RuntimeError(
RuntimeError: The package `apache-airflow-providers-standard:1.13.0` needs Apache Airflow 2.11.0+
[2026-05-23T12:10:46.519+0000] {processor.py:842} WARNING - No viable dags retrieved from /home/vscode/.local/lib/python3.11/site-packages/airflow/example_dags/standard/example_branch_operator_decorator.py
[2026-05-23T12:10:46.532+0000] {processor.py:183} INFO - Processing /home/vscode/.local/lib/python3.11/site-packages/airflow/example_dags/standard/example_branch_operator_decorator.py took 0.023 seconds
[2026-05-23T12:11:16.919+0000] {processor.py:161} INFO - Started process (PID=32253) to work on /home/vscode/.local/lib/python3.11/site-packages/airflow/example_dags/standard/example_branch_operator_decorator.py
[2026-05-23T12:11:16.919+0000] {processor.py:830} INFO - Processing file /home/vscode/.local/lib/python3.11/site-packages/airflow/example_dags/standard/example_branch_operator_decorator.py for tasks to queue
[2026-05-23T12:11:16.920+0000] {logging_mixin.py:188} INFO - [2026-05-23T12:11:16.920+0000] {dagbag.py:545} INFO - Filling up the DagBag from /home/vscode/.local/lib/python3.11/site-packages/airflow/example_dags/standard/example_branch_operator_decorator.py
[2026-05-23T12:11:16.922+0000] {logging_mixin.py:188} INFO - [2026-05-23T12:11:16.922+0000] {dagbag.py:355} ERROR - Failed to import: /home/vscode/.local/lib/python3.11/site-packages/airflow/example_dags/standard/example_branch_operator_decorator.py
Traceback (most recent call last):
  File "/home/vscode/.local/lib/python3.11/site-packages/airflow/models/dagbag.py", line 351, in parse
    loader.exec_module(new_module)
  File "<frozen importlib._bootstrap_external>", line 940, in exec_module
  File "<frozen importlib._bootstrap>", line 241, in _call_with_frames_removed
  File "/home/vscode/.local/lib/python3.11/site-packages/airflow/example_dags/standard/example_branch_operator_decorator.py", line 33, in <module>
    from airflow.providers.standard.operators.empty import EmptyOperator
  File "/home/vscode/.local/lib/python3.11/site-packages/airflow/providers/standard/__init__.py", line 37, in <module>
    raise RuntimeError(
RuntimeError: The package `apache-airflow-providers-standard:1.13.0` needs Apache Airflow 2.11.0+
[2026-05-23T12:11:16.923+0000] {processor.py:842} WARNING - No viable dags retrieved from /home/vscode/.local/lib/python3.11/site-packages/airflow/example_dags/standard/example_branch_operator_decorator.py
[2026-05-23T12:11:16.937+0000] {processor.py:183} INFO - Processing /home/vscode/.local/lib/python3.11/site-packages/airflow/example_dags/standard/example_branch_operator_decorator.py took 0.025 seconds
