[2026-05-23T12:01:32.757+0000] {processor.py:161} INFO - Started process (PID=25904) to work on /home/vscode/.local/lib/python3.11/site-packages/airflow/example_dags/standard/example_external_task_marker_dag.py
[2026-05-23T12:01:32.758+0000] {processor.py:830} INFO - Processing file /home/vscode/.local/lib/python3.11/site-packages/airflow/example_dags/standard/example_external_task_marker_dag.py for tasks to queue
[2026-05-23T12:01:32.759+0000] {logging_mixin.py:188} INFO - [2026-05-23T12:01:32.758+0000] {dagbag.py:545} INFO - Filling up the DagBag from /home/vscode/.local/lib/python3.11/site-packages/airflow/example_dags/standard/example_external_task_marker_dag.py
[2026-05-23T12:01:32.765+0000] {logging_mixin.py:188} INFO - [2026-05-23T12:01:32.763+0000] {dagbag.py:355} ERROR - Failed to import: /home/vscode/.local/lib/python3.11/site-packages/airflow/example_dags/standard/example_external_task_marker_dag.py
Traceback (most recent call last):
  File "/home/vscode/.local/lib/python3.11/site-packages/airflow/models/dagbag.py", line 351, in parse
  File "<frozen importlib._bootstrap_external>", line 940, in exec_module
  File "<frozen importlib._bootstrap>", line 241, in _call_with_frames_removed
  File "/home/vscode/.local/lib/python3.11/site-packages/airflow/example_dags/standard/example_external_task_marker_dag.py", line 45, in <module>
    from airflow.providers.standard.operators.empty import EmptyOperator
  File "/home/vscode/.local/lib/python3.11/site-packages/airflow/providers/standard/__init__.py", line 37, in <module>
    raise RuntimeError(
RuntimeError: The package `apache-airflow-providers-standard:1.13.0` needs Apache Airflow 2.11.0+
[2026-05-23T12:01:32.765+0000] {processor.py:842} WARNING - No viable dags retrieved from /home/vscode/.local/lib/python3.11/site-packages/airflow/example_dags/standard/example_external_task_marker_dag.py
[2026-05-23T12:01:32.819+0000] {processor.py:183} INFO - Processing /home/vscode/.local/lib/python3.11/site-packages/airflow/example_dags/standard/example_external_task_marker_dag.py took 0.086 seconds
[2026-05-23T12:02:08.405+0000] {processor.py:161} INFO - Started process (PID=27868) to work on /home/vscode/.local/lib/python3.11/site-packages/airflow/example_dags/standard/example_external_task_marker_dag.py
[2026-05-23T12:02:08.408+0000] {processor.py:830} INFO - Processing file /home/vscode/.local/lib/python3.11/site-packages/airflow/example_dags/standard/example_external_task_marker_dag.py for tasks to queue
[2026-05-23T12:02:08.409+0000] {logging_mixin.py:188} INFO - [2026-05-23T12:02:08.409+0000] {dagbag.py:545} INFO - Filling up the DagBag from /home/vscode/.local/lib/python3.11/site-packages/airflow/example_dags/standard/example_external_task_marker_dag.py
[2026-05-23T12:02:08.429+0000] {logging_mixin.py:188} INFO - [2026-05-23T12:02:08.427+0000] {dagbag.py:355} ERROR - Failed to import: /home/vscode/.local/lib/python3.11/site-packages/airflow/example_dags/standard/example_external_task_marker_dag.py
Traceback (most recent call last):
  File "/home/vscode/.local/lib/python3.11/site-packages/airflow/models/dagbag.py", line 351, in parse
  File "<frozen importlib._bootstrap_external>", line 940, in exec_module
  File "<frozen importlib._bootstrap>", line 241, in _call_with_frames_removed
  File "/home/vscode/.local/lib/python3.11/site-packages/airflow/example_dags/standard/example_external_task_marker_dag.py", line 45, in <module>
    from airflow.providers.standard.operators.empty import EmptyOperator
  File "/home/vscode/.local/lib/python3.11/site-packages/airflow/providers/standard/__init__.py", line 37, in <module>
    raise RuntimeError(
RuntimeError: The package `apache-airflow-providers-standard:1.13.0` needs Apache Airflow 2.11.0+
[2026-05-23T12:02:08.432+0000] {processor.py:842} WARNING - No viable dags retrieved from /home/vscode/.local/lib/python3.11/site-packages/airflow/example_dags/standard/example_external_task_marker_dag.py
[2026-05-23T12:02:08.523+0000] {processor.py:183} INFO - Processing /home/vscode/.local/lib/python3.11/site-packages/airflow/example_dags/standard/example_external_task_marker_dag.py took 0.154 seconds
[2026-05-23T12:02:38.752+0000] {processor.py:161} INFO - Started process (PID=29524) to work on /home/vscode/.local/lib/python3.11/site-packages/airflow/example_dags/standard/example_external_task_marker_dag.py
[2026-05-23T12:02:38.753+0000] {processor.py:830} INFO - Processing file /home/vscode/.local/lib/python3.11/site-packages/airflow/example_dags/standard/example_external_task_marker_dag.py for tasks to queue
[2026-05-23T12:02:38.753+0000] {logging_mixin.py:188} INFO - [2026-05-23T12:02:38.753+0000] {dagbag.py:545} INFO - Filling up the DagBag from /home/vscode/.local/lib/python3.11/site-packages/airflow/example_dags/standard/example_external_task_marker_dag.py
[2026-05-23T12:02:38.756+0000] {logging_mixin.py:188} INFO - [2026-05-23T12:02:38.755+0000] {dagbag.py:355} ERROR - Failed to import: /home/vscode/.local/lib/python3.11/site-packages/airflow/example_dags/standard/example_external_task_marker_dag.py
Traceback (most recent call last):
  File "/home/vscode/.local/lib/python3.11/site-packages/airflow/models/dagbag.py", line 351, in parse
  File "<frozen importlib._bootstrap_external>", line 940, in exec_module
  File "<frozen importlib._bootstrap>", line 241, in _call_with_frames_removed
  File "/home/vscode/.local/lib/python3.11/site-packages/airflow/example_dags/standard/example_external_task_marker_dag.py", line 45, in <module>
    from airflow.providers.standard.operators.empty import EmptyOperator
  File "/home/vscode/.local/lib/python3.11/site-packages/airflow/providers/standard/__init__.py", line 37, in <module>
    raise RuntimeError(
RuntimeError: The package `apache-airflow-providers-standard:1.13.0` needs Apache Airflow 2.11.0+
[2026-05-23T12:02:38.756+0000] {processor.py:842} WARNING - No viable dags retrieved from /home/vscode/.local/lib/python3.11/site-packages/airflow/example_dags/standard/example_external_task_marker_dag.py
[2026-05-23T12:02:38.770+0000] {processor.py:183} INFO - Processing /home/vscode/.local/lib/python3.11/site-packages/airflow/example_dags/standard/example_external_task_marker_dag.py took 0.025 seconds
[2026-05-23T12:03:09.354+0000] {processor.py:161} INFO - Started process (PID=29869) to work on /home/vscode/.local/lib/python3.11/site-packages/airflow/example_dags/standard/example_external_task_marker_dag.py
[2026-05-23T12:03:09.355+0000] {processor.py:830} INFO - Processing file /home/vscode/.local/lib/python3.11/site-packages/airflow/example_dags/standard/example_external_task_marker_dag.py for tasks to queue
[2026-05-23T12:03:09.355+0000] {logging_mixin.py:188} INFO - [2026-05-23T12:03:09.355+0000] {dagbag.py:545} INFO - Filling up the DagBag from /home/vscode/.local/lib/python3.11/site-packages/airflow/example_dags/standard/example_external_task_marker_dag.py
[2026-05-23T12:03:09.357+0000] {logging_mixin.py:188} INFO - [2026-05-23T12:03:09.357+0000] {dagbag.py:355} ERROR - Failed to import: /home/vscode/.local/lib/python3.11/site-packages/airflow/example_dags/standard/example_external_task_marker_dag.py
Traceback (most recent call last):
  File "/home/vscode/.local/lib/python3.11/site-packages/airflow/models/dagbag.py", line 351, in parse
  File "<frozen importlib._bootstrap_external>", line 940, in exec_module
  File "<frozen importlib._bootstrap>", line 241, in _call_with_frames_removed
  File "/home/vscode/.local/lib/python3.11/site-packages/airflow/example_dags/standard/example_external_task_marker_dag.py", line 45, in <module>
    from airflow.providers.standard.operators.empty import EmptyOperator
  File "/home/vscode/.local/lib/python3.11/site-packages/airflow/providers/standard/__init__.py", line 37, in <module>
    raise RuntimeError(
RuntimeError: The package `apache-airflow-providers-standard:1.13.0` needs Apache Airflow 2.11.0+
[2026-05-23T12:03:09.358+0000] {processor.py:842} WARNING - No viable dags retrieved from /home/vscode/.local/lib/python3.11/site-packages/airflow/example_dags/standard/example_external_task_marker_dag.py
[2026-05-23T12:03:09.372+0000] {processor.py:183} INFO - Processing /home/vscode/.local/lib/python3.11/site-packages/airflow/example_dags/standard/example_external_task_marker_dag.py took 0.025 seconds
[2026-05-23T12:03:39.864+0000] {processor.py:161} INFO - Started process (PID=29979) to work on /home/vscode/.local/lib/python3.11/site-packages/airflow/example_dags/standard/example_external_task_marker_dag.py
[2026-05-23T12:03:39.864+0000] {processor.py:830} INFO - Processing file /home/vscode/.local/lib/python3.11/site-packages/airflow/example_dags/standard/example_external_task_marker_dag.py for tasks to queue
[2026-05-23T12:03:39.865+0000] {logging_mixin.py:188} INFO - [2026-05-23T12:03:39.865+0000] {dagbag.py:545} INFO - Filling up the DagBag from /home/vscode/.local/lib/python3.11/site-packages/airflow/example_dags/standard/example_external_task_marker_dag.py
[2026-05-23T12:03:39.867+0000] {logging_mixin.py:188} INFO - [2026-05-23T12:03:39.867+0000] {dagbag.py:355} ERROR - Failed to import: /home/vscode/.local/lib/python3.11/site-packages/airflow/example_dags/standard/example_external_task_marker_dag.py
Traceback (most recent call last):
  File "/home/vscode/.local/lib/python3.11/site-packages/airflow/models/dagbag.py", line 351, in parse
  File "<frozen importlib._bootstrap_external>", line 940, in exec_module
  File "<frozen importlib._bootstrap>", line 241, in _call_with_frames_removed
  File "/home/vscode/.local/lib/python3.11/site-packages/airflow/example_dags/standard/example_external_task_marker_dag.py", line 45, in <module>
    from airflow.providers.standard.operators.empty import EmptyOperator
  File "/home/vscode/.local/lib/python3.11/site-packages/airflow/providers/standard/__init__.py", line 37, in <module>
    raise RuntimeError(
RuntimeError: The package `apache-airflow-providers-standard:1.13.0` needs Apache Airflow 2.11.0+
[2026-05-23T12:03:39.868+0000] {processor.py:842} WARNING - No viable dags retrieved from /home/vscode/.local/lib/python3.11/site-packages/airflow/example_dags/standard/example_external_task_marker_dag.py
[2026-05-23T12:03:39.881+0000] {processor.py:183} INFO - Processing /home/vscode/.local/lib/python3.11/site-packages/airflow/example_dags/standard/example_external_task_marker_dag.py took 0.024 seconds
[2026-05-23T12:04:10.287+0000] {processor.py:161} INFO - Started process (PID=30095) to work on /home/vscode/.local/lib/python3.11/site-packages/airflow/example_dags/standard/example_external_task_marker_dag.py
[2026-05-23T12:04:10.287+0000] {processor.py:830} INFO - Processing file /home/vscode/.local/lib/python3.11/site-packages/airflow/example_dags/standard/example_external_task_marker_dag.py for tasks to queue
[2026-05-23T12:04:10.288+0000] {logging_mixin.py:188} INFO - [2026-05-23T12:04:10.288+0000] {dagbag.py:545} INFO - Filling up the DagBag from /home/vscode/.local/lib/python3.11/site-packages/airflow/example_dags/standard/example_external_task_marker_dag.py
[2026-05-23T12:04:10.290+0000] {logging_mixin.py:188} INFO - [2026-05-23T12:04:10.290+0000] {dagbag.py:355} ERROR - Failed to import: /home/vscode/.local/lib/python3.11/site-packages/airflow/example_dags/standard/example_external_task_marker_dag.py
Traceback (most recent call last):
  File "/home/vscode/.local/lib/python3.11/site-packages/airflow/models/dagbag.py", line 351, in parse
  File "<frozen importlib._bootstrap_external>", line 940, in exec_module
  File "<frozen importlib._bootstrap>", line 241, in _call_with_frames_removed
  File "/home/vscode/.local/lib/python3.11/site-packages/airflow/example_dags/standard/example_external_task_marker_dag.py", line 45, in <module>
    from airflow.providers.standard.operators.empty import EmptyOperator
  File "/home/vscode/.local/lib/python3.11/site-packages/airflow/providers/standard/__init__.py", line 37, in <module>
    raise RuntimeError(
RuntimeError: The package `apache-airflow-providers-standard:1.13.0` needs Apache Airflow 2.11.0+
[2026-05-23T12:04:10.291+0000] {processor.py:842} WARNING - No viable dags retrieved from /home/vscode/.local/lib/python3.11/site-packages/airflow/example_dags/standard/example_external_task_marker_dag.py
[2026-05-23T12:04:10.304+0000] {processor.py:183} INFO - Processing /home/vscode/.local/lib/python3.11/site-packages/airflow/example_dags/standard/example_external_task_marker_dag.py took 0.024 seconds
[2026-05-23T12:04:40.611+0000] {processor.py:161} INFO - Started process (PID=30203) to work on /home/vscode/.local/lib/python3.11/site-packages/airflow/example_dags/standard/example_external_task_marker_dag.py
[2026-05-23T12:04:40.611+0000] {processor.py:830} INFO - Processing file /home/vscode/.local/lib/python3.11/site-packages/airflow/example_dags/standard/example_external_task_marker_dag.py for tasks to queue
[2026-05-23T12:04:40.612+0000] {logging_mixin.py:188} INFO - [2026-05-23T12:04:40.612+0000] {dagbag.py:545} INFO - Filling up the DagBag from /home/vscode/.local/lib/python3.11/site-packages/airflow/example_dags/standard/example_external_task_marker_dag.py
[2026-05-23T12:04:40.614+0000] {logging_mixin.py:188} INFO - [2026-05-23T12:04:40.613+0000] {dagbag.py:355} ERROR - Failed to import: /home/vscode/.local/lib/python3.11/site-packages/airflow/example_dags/standard/example_external_task_marker_dag.py
Traceback (most recent call last):
  File "/home/vscode/.local/lib/python3.11/site-packages/airflow/models/dagbag.py", line 351, in parse
  File "<frozen importlib._bootstrap_external>", line 940, in exec_module
  File "<frozen importlib._bootstrap>", line 241, in _call_with_frames_removed
  File "/home/vscode/.local/lib/python3.11/site-packages/airflow/example_dags/standard/example_external_task_marker_dag.py", line 45, in <module>
    from airflow.providers.standard.operators.empty import EmptyOperator
  File "/home/vscode/.local/lib/python3.11/site-packages/airflow/providers/standard/__init__.py", line 37, in <module>
    raise RuntimeError(
RuntimeError: The package `apache-airflow-providers-standard:1.13.0` needs Apache Airflow 2.11.0+
[2026-05-23T12:04:40.614+0000] {processor.py:842} WARNING - No viable dags retrieved from /home/vscode/.local/lib/python3.11/site-packages/airflow/example_dags/standard/example_external_task_marker_dag.py
[2026-05-23T12:04:40.627+0000] {processor.py:183} INFO - Processing /home/vscode/.local/lib/python3.11/site-packages/airflow/example_dags/standard/example_external_task_marker_dag.py took 0.024 seconds
[2026-05-23T12:05:11.018+0000] {processor.py:161} INFO - Started process (PID=30318) to work on /home/vscode/.local/lib/python3.11/site-packages/airflow/example_dags/standard/example_external_task_marker_dag.py
[2026-05-23T12:05:11.019+0000] {processor.py:830} INFO - Processing file /home/vscode/.local/lib/python3.11/site-packages/airflow/example_dags/standard/example_external_task_marker_dag.py for tasks to queue
[2026-05-23T12:05:11.020+0000] {logging_mixin.py:188} INFO - [2026-05-23T12:05:11.019+0000] {dagbag.py:545} INFO - Filling up the DagBag from /home/vscode/.local/lib/python3.11/site-packages/airflow/example_dags/standard/example_external_task_marker_dag.py
[2026-05-23T12:05:11.022+0000] {logging_mixin.py:188} INFO - [2026-05-23T12:05:11.021+0000] {dagbag.py:355} ERROR - Failed to import: /home/vscode/.local/lib/python3.11/site-packages/airflow/example_dags/standard/example_external_task_marker_dag.py
Traceback (most recent call last):
  File "/home/vscode/.local/lib/python3.11/site-packages/airflow/models/dagbag.py", line 351, in parse
  File "<frozen importlib._bootstrap_external>", line 940, in exec_module
  File "<frozen importlib._bootstrap>", line 241, in _call_with_frames_removed
  File "/home/vscode/.local/lib/python3.11/site-packages/airflow/example_dags/standard/example_external_task_marker_dag.py", line 45, in <module>
    from airflow.providers.standard.operators.empty import EmptyOperator
  File "/home/vscode/.local/lib/python3.11/site-packages/airflow/providers/standard/__init__.py", line 37, in <module>
    raise RuntimeError(
RuntimeError: The package `apache-airflow-providers-standard:1.13.0` needs Apache Airflow 2.11.0+
[2026-05-23T12:05:11.022+0000] {processor.py:842} WARNING - No viable dags retrieved from /home/vscode/.local/lib/python3.11/site-packages/airflow/example_dags/standard/example_external_task_marker_dag.py
[2026-05-23T12:05:11.036+0000] {processor.py:183} INFO - Processing /home/vscode/.local/lib/python3.11/site-packages/airflow/example_dags/standard/example_external_task_marker_dag.py took 0.024 seconds
[2026-05-23T12:05:41.750+0000] {processor.py:161} INFO - Started process (PID=30428) to work on /home/vscode/.local/lib/python3.11/site-packages/airflow/example_dags/standard/example_external_task_marker_dag.py
[2026-05-23T12:05:41.750+0000] {processor.py:830} INFO - Processing file /home/vscode/.local/lib/python3.11/site-packages/airflow/example_dags/standard/example_external_task_marker_dag.py for tasks to queue
[2026-05-23T12:05:41.751+0000] {logging_mixin.py:188} INFO - [2026-05-23T12:05:41.751+0000] {dagbag.py:545} INFO - Filling up the DagBag from /home/vscode/.local/lib/python3.11/site-packages/airflow/example_dags/standard/example_external_task_marker_dag.py
[2026-05-23T12:05:41.753+0000] {logging_mixin.py:188} INFO - [2026-05-23T12:05:41.752+0000] {dagbag.py:355} ERROR - Failed to import: /home/vscode/.local/lib/python3.11/site-packages/airflow/example_dags/standard/example_external_task_marker_dag.py
Traceback (most recent call last):
  File "/home/vscode/.local/lib/python3.11/site-packages/airflow/models/dagbag.py", line 351, in parse
  File "<frozen importlib._bootstrap_external>", line 940, in exec_module
  File "<frozen importlib._bootstrap>", line 241, in _call_with_frames_removed
  File "/home/vscode/.local/lib/python3.11/site-packages/airflow/example_dags/standard/example_external_task_marker_dag.py", line 45, in <module>
    from airflow.providers.standard.operators.empty import EmptyOperator
  File "/home/vscode/.local/lib/python3.11/site-packages/airflow/providers/standard/__init__.py", line 37, in <module>
    raise RuntimeError(
RuntimeError: The package `apache-airflow-providers-standard:1.13.0` needs Apache Airflow 2.11.0+
[2026-05-23T12:05:41.754+0000] {processor.py:842} WARNING - No viable dags retrieved from /home/vscode/.local/lib/python3.11/site-packages/airflow/example_dags/standard/example_external_task_marker_dag.py
[2026-05-23T12:05:41.767+0000] {processor.py:183} INFO - Processing /home/vscode/.local/lib/python3.11/site-packages/airflow/example_dags/standard/example_external_task_marker_dag.py took 0.024 seconds
[2026-05-23T12:06:12.572+0000] {processor.py:161} INFO - Started process (PID=30544) to work on /home/vscode/.local/lib/python3.11/site-packages/airflow/example_dags/standard/example_external_task_marker_dag.py
[2026-05-23T12:06:12.573+0000] {processor.py:830} INFO - Processing file /home/vscode/.local/lib/python3.11/site-packages/airflow/example_dags/standard/example_external_task_marker_dag.py for tasks to queue
[2026-05-23T12:06:12.573+0000] {logging_mixin.py:188} INFO - [2026-05-23T12:06:12.573+0000] {dagbag.py:545} INFO - Filling up the DagBag from /home/vscode/.local/lib/python3.11/site-packages/airflow/example_dags/standard/example_external_task_marker_dag.py
[2026-05-23T12:06:12.576+0000] {logging_mixin.py:188} INFO - [2026-05-23T12:06:12.575+0000] {dagbag.py:355} ERROR - Failed to import: /home/vscode/.local/lib/python3.11/site-packages/airflow/example_dags/standard/example_external_task_marker_dag.py
Traceback (most recent call last):
  File "/home/vscode/.local/lib/python3.11/site-packages/airflow/models/dagbag.py", line 351, in parse
  File "<frozen importlib._bootstrap_external>", line 940, in exec_module
  File "<frozen importlib._bootstrap>", line 241, in _call_with_frames_removed
  File "/home/vscode/.local/lib/python3.11/site-packages/airflow/example_dags/standard/example_external_task_marker_dag.py", line 45, in <module>
    from airflow.providers.standard.operators.empty import EmptyOperator
  File "/home/vscode/.local/lib/python3.11/site-packages/airflow/providers/standard/__init__.py", line 37, in <module>
    raise RuntimeError(
RuntimeError: The package `apache-airflow-providers-standard:1.13.0` needs Apache Airflow 2.11.0+
[2026-05-23T12:06:12.576+0000] {processor.py:842} WARNING - No viable dags retrieved from /home/vscode/.local/lib/python3.11/site-packages/airflow/example_dags/standard/example_external_task_marker_dag.py
[2026-05-23T12:06:12.590+0000] {processor.py:183} INFO - Processing /home/vscode/.local/lib/python3.11/site-packages/airflow/example_dags/standard/example_external_task_marker_dag.py took 0.024 seconds
[2026-05-23T12:06:43.138+0000] {processor.py:161} INFO - Started process (PID=30659) to work on /home/vscode/.local/lib/python3.11/site-packages/airflow/example_dags/standard/example_external_task_marker_dag.py
[2026-05-23T12:06:43.138+0000] {processor.py:830} INFO - Processing file /home/vscode/.local/lib/python3.11/site-packages/airflow/example_dags/standard/example_external_task_marker_dag.py for tasks to queue
[2026-05-23T12:06:43.139+0000] {logging_mixin.py:188} INFO - [2026-05-23T12:06:43.139+0000] {dagbag.py:545} INFO - Filling up the DagBag from /home/vscode/.local/lib/python3.11/site-packages/airflow/example_dags/standard/example_external_task_marker_dag.py
[2026-05-23T12:06:43.142+0000] {logging_mixin.py:188} INFO - [2026-05-23T12:06:43.141+0000] {dagbag.py:355} ERROR - Failed to import: /home/vscode/.local/lib/python3.11/site-packages/airflow/example_dags/standard/example_external_task_marker_dag.py
Traceback (most recent call last):
  File "/home/vscode/.local/lib/python3.11/site-packages/airflow/models/dagbag.py", line 351, in parse
  File "<frozen importlib._bootstrap_external>", line 940, in exec_module
  File "<frozen importlib._bootstrap>", line 241, in _call_with_frames_removed
  File "/home/vscode/.local/lib/python3.11/site-packages/airflow/example_dags/standard/example_external_task_marker_dag.py", line 45, in <module>
    from airflow.providers.standard.operators.empty import EmptyOperator
  File "/home/vscode/.local/lib/python3.11/site-packages/airflow/providers/standard/__init__.py", line 37, in <module>
    raise RuntimeError(
RuntimeError: The package `apache-airflow-providers-standard:1.13.0` needs Apache Airflow 2.11.0+
[2026-05-23T12:06:43.143+0000] {processor.py:842} WARNING - No viable dags retrieved from /home/vscode/.local/lib/python3.11/site-packages/airflow/example_dags/standard/example_external_task_marker_dag.py
[2026-05-23T12:06:43.157+0000] {processor.py:183} INFO - Processing /home/vscode/.local/lib/python3.11/site-packages/airflow/example_dags/standard/example_external_task_marker_dag.py took 0.025 seconds
[2026-05-23T12:07:13.413+0000] {processor.py:161} INFO - Started process (PID=30768) to work on /home/vscode/.local/lib/python3.11/site-packages/airflow/example_dags/standard/example_external_task_marker_dag.py
[2026-05-23T12:07:13.413+0000] {processor.py:830} INFO - Processing file /home/vscode/.local/lib/python3.11/site-packages/airflow/example_dags/standard/example_external_task_marker_dag.py for tasks to queue
[2026-05-23T12:07:13.414+0000] {logging_mixin.py:188} INFO - [2026-05-23T12:07:13.413+0000] {dagbag.py:545} INFO - Filling up the DagBag from /home/vscode/.local/lib/python3.11/site-packages/airflow/example_dags/standard/example_external_task_marker_dag.py
[2026-05-23T12:07:13.416+0000] {logging_mixin.py:188} INFO - [2026-05-23T12:07:13.415+0000] {dagbag.py:355} ERROR - Failed to import: /home/vscode/.local/lib/python3.11/site-packages/airflow/example_dags/standard/example_external_task_marker_dag.py
Traceback (most recent call last):
  File "/home/vscode/.local/lib/python3.11/site-packages/airflow/models/dagbag.py", line 351, in parse
  File "<frozen importlib._bootstrap_external>", line 940, in exec_module
  File "<frozen importlib._bootstrap>", line 241, in _call_with_frames_removed
  File "/home/vscode/.local/lib/python3.11/site-packages/airflow/example_dags/standard/example_external_task_marker_dag.py", line 45, in <module>
    from airflow.providers.standard.operators.empty import EmptyOperator
  File "/home/vscode/.local/lib/python3.11/site-packages/airflow/providers/standard/__init__.py", line 37, in <module>
    raise RuntimeError(
RuntimeError: The package `apache-airflow-providers-standard:1.13.0` needs Apache Airflow 2.11.0+
[2026-05-23T12:07:13.416+0000] {processor.py:842} WARNING - No viable dags retrieved from /home/vscode/.local/lib/python3.11/site-packages/airflow/example_dags/standard/example_external_task_marker_dag.py
[2026-05-23T12:07:13.428+0000] {processor.py:183} INFO - Processing /home/vscode/.local/lib/python3.11/site-packages/airflow/example_dags/standard/example_external_task_marker_dag.py took 0.023 seconds
[2026-05-23T12:07:44.079+0000] {processor.py:161} INFO - Started process (PID=30884) to work on /home/vscode/.local/lib/python3.11/site-packages/airflow/example_dags/standard/example_external_task_marker_dag.py
[2026-05-23T12:07:44.079+0000] {processor.py:830} INFO - Processing file /home/vscode/.local/lib/python3.11/site-packages/airflow/example_dags/standard/example_external_task_marker_dag.py for tasks to queue
[2026-05-23T12:07:44.080+0000] {logging_mixin.py:188} INFO - [2026-05-23T12:07:44.080+0000] {dagbag.py:545} INFO - Filling up the DagBag from /home/vscode/.local/lib/python3.11/site-packages/airflow/example_dags/standard/example_external_task_marker_dag.py
[2026-05-23T12:07:44.082+0000] {logging_mixin.py:188} INFO - [2026-05-23T12:07:44.081+0000] {dagbag.py:355} ERROR - Failed to import: /home/vscode/.local/lib/python3.11/site-packages/airflow/example_dags/standard/example_external_task_marker_dag.py
Traceback (most recent call last):
  File "/home/vscode/.local/lib/python3.11/site-packages/airflow/models/dagbag.py", line 351, in parse
  File "<frozen importlib._bootstrap_external>", line 940, in exec_module
  File "<frozen importlib._bootstrap>", line 241, in _call_with_frames_removed
  File "/home/vscode/.local/lib/python3.11/site-packages/airflow/example_dags/standard/example_external_task_marker_dag.py", line 45, in <module>
    from airflow.providers.standard.operators.empty import EmptyOperator
  File "/home/vscode/.local/lib/python3.11/site-packages/airflow/providers/standard/__init__.py", line 37, in <module>
    raise RuntimeError(
RuntimeError: The package `apache-airflow-providers-standard:1.13.0` needs Apache Airflow 2.11.0+
[2026-05-23T12:07:44.082+0000] {processor.py:842} WARNING - No viable dags retrieved from /home/vscode/.local/lib/python3.11/site-packages/airflow/example_dags/standard/example_external_task_marker_dag.py
[2026-05-23T12:07:44.095+0000] {processor.py:183} INFO - Processing /home/vscode/.local/lib/python3.11/site-packages/airflow/example_dags/standard/example_external_task_marker_dag.py took 0.023 seconds
[2026-05-23T12:08:14.476+0000] {processor.py:161} INFO - Started process (PID=30993) to work on /home/vscode/.local/lib/python3.11/site-packages/airflow/example_dags/standard/example_external_task_marker_dag.py
[2026-05-23T12:08:14.476+0000] {processor.py:830} INFO - Processing file /home/vscode/.local/lib/python3.11/site-packages/airflow/example_dags/standard/example_external_task_marker_dag.py for tasks to queue
[2026-05-23T12:08:14.477+0000] {logging_mixin.py:188} INFO - [2026-05-23T12:08:14.476+0000] {dagbag.py:545} INFO - Filling up the DagBag from /home/vscode/.local/lib/python3.11/site-packages/airflow/example_dags/standard/example_external_task_marker_dag.py
[2026-05-23T12:08:14.479+0000] {logging_mixin.py:188} INFO - [2026-05-23T12:08:14.478+0000] {dagbag.py:355} ERROR - Failed to import: /home/vscode/.local/lib/python3.11/site-packages/airflow/example_dags/standard/example_external_task_marker_dag.py
Traceback (most recent call last):
  File "/home/vscode/.local/lib/python3.11/site-packages/airflow/models/dagbag.py", line 351, in parse
  File "<frozen importlib._bootstrap_external>", line 940, in exec_module
  File "<frozen importlib._bootstrap>", line 241, in _call_with_frames_removed
  File "/home/vscode/.local/lib/python3.11/site-packages/airflow/example_dags/standard/example_external_task_marker_dag.py", line 45, in <module>
    from airflow.providers.standard.operators.empty import EmptyOperator
  File "/home/vscode/.local/lib/python3.11/site-packages/airflow/providers/standard/__init__.py", line 37, in <module>
    raise RuntimeError(
RuntimeError: The package `apache-airflow-providers-standard:1.13.0` needs Apache Airflow 2.11.0+
[2026-05-23T12:08:14.479+0000] {processor.py:842} WARNING - No viable dags retrieved from /home/vscode/.local/lib/python3.11/site-packages/airflow/example_dags/standard/example_external_task_marker_dag.py
[2026-05-23T12:08:14.492+0000] {processor.py:183} INFO - Processing /home/vscode/.local/lib/python3.11/site-packages/airflow/example_dags/standard/example_external_task_marker_dag.py took 0.023 seconds
[2026-05-23T12:08:44.869+0000] {processor.py:161} INFO - Started process (PID=31193) to work on /home/vscode/.local/lib/python3.11/site-packages/airflow/example_dags/standard/example_external_task_marker_dag.py
[2026-05-23T12:08:44.870+0000] {processor.py:830} INFO - Processing file /home/vscode/.local/lib/python3.11/site-packages/airflow/example_dags/standard/example_external_task_marker_dag.py for tasks to queue
[2026-05-23T12:08:44.870+0000] {logging_mixin.py:188} INFO - [2026-05-23T12:08:44.870+0000] {dagbag.py:545} INFO - Filling up the DagBag from /home/vscode/.local/lib/python3.11/site-packages/airflow/example_dags/standard/example_external_task_marker_dag.py
[2026-05-23T12:08:44.873+0000] {logging_mixin.py:188} INFO - [2026-05-23T12:08:44.872+0000] {dagbag.py:355} ERROR - Failed to import: /home/vscode/.local/lib/python3.11/site-packages/airflow/example_dags/standard/example_external_task_marker_dag.py
Traceback (most recent call last):
  File "/home/vscode/.local/lib/python3.11/site-packages/airflow/models/dagbag.py", line 351, in parse
  File "<frozen importlib._bootstrap_external>", line 940, in exec_module
  File "<frozen importlib._bootstrap>", line 241, in _call_with_frames_removed
  File "/home/vscode/.local/lib/python3.11/site-packages/airflow/example_dags/standard/example_external_task_marker_dag.py", line 45, in <module>
    from airflow.providers.standard.operators.empty import EmptyOperator
  File "/home/vscode/.local/lib/python3.11/site-packages/airflow/providers/standard/__init__.py", line 37, in <module>
    raise RuntimeError(
RuntimeError: The package `apache-airflow-providers-standard:1.13.0` needs Apache Airflow 2.11.0+
[2026-05-23T12:08:44.873+0000] {processor.py:842} WARNING - No viable dags retrieved from /home/vscode/.local/lib/python3.11/site-packages/airflow/example_dags/standard/example_external_task_marker_dag.py
[2026-05-23T12:08:44.886+0000] {processor.py:183} INFO - Processing /home/vscode/.local/lib/python3.11/site-packages/airflow/example_dags/standard/example_external_task_marker_dag.py took 0.023 seconds
[2026-05-23T12:09:15.264+0000] {processor.py:161} INFO - Started process (PID=31436) to work on /home/vscode/.local/lib/python3.11/site-packages/airflow/example_dags/standard/example_external_task_marker_dag.py
[2026-05-23T12:09:15.264+0000] {processor.py:830} INFO - Processing file /home/vscode/.local/lib/python3.11/site-packages/airflow/example_dags/standard/example_external_task_marker_dag.py for tasks to queue
[2026-05-23T12:09:15.265+0000] {logging_mixin.py:188} INFO - [2026-05-23T12:09:15.264+0000] {dagbag.py:545} INFO - Filling up the DagBag from /home/vscode/.local/lib/python3.11/site-packages/airflow/example_dags/standard/example_external_task_marker_dag.py
[2026-05-23T12:09:15.267+0000] {logging_mixin.py:188} INFO - [2026-05-23T12:09:15.266+0000] {dagbag.py:355} ERROR - Failed to import: /home/vscode/.local/lib/python3.11/site-packages/airflow/example_dags/standard/example_external_task_marker_dag.py
Traceback (most recent call last):
  File "/home/vscode/.local/lib/python3.11/site-packages/airflow/models/dagbag.py", line 351, in parse
  File "<frozen importlib._bootstrap_external>", line 940, in exec_module
  File "<frozen importlib._bootstrap>", line 241, in _call_with_frames_removed
  File "/home/vscode/.local/lib/python3.11/site-packages/airflow/example_dags/standard/example_external_task_marker_dag.py", line 45, in <module>
    from airflow.providers.standard.operators.empty import EmptyOperator
  File "/home/vscode/.local/lib/python3.11/site-packages/airflow/providers/standard/__init__.py", line 37, in <module>
    raise RuntimeError(
RuntimeError: The package `apache-airflow-providers-standard:1.13.0` needs Apache Airflow 2.11.0+
[2026-05-23T12:09:15.267+0000] {processor.py:842} WARNING - No viable dags retrieved from /home/vscode/.local/lib/python3.11/site-packages/airflow/example_dags/standard/example_external_task_marker_dag.py
[2026-05-23T12:09:15.279+0000] {processor.py:183} INFO - Processing /home/vscode/.local/lib/python3.11/site-packages/airflow/example_dags/standard/example_external_task_marker_dag.py took 0.022 seconds
[2026-05-23T12:09:47.995+0000] {processor.py:161} INFO - Started process (PID=31668) to work on /home/vscode/.local/lib/python3.11/site-packages/airflow/example_dags/standard/example_external_task_marker_dag.py
[2026-05-23T12:09:47.996+0000] {processor.py:830} INFO - Processing file /home/vscode/.local/lib/python3.11/site-packages/airflow/example_dags/standard/example_external_task_marker_dag.py for tasks to queue
[2026-05-23T12:09:47.996+0000] {logging_mixin.py:188} INFO - [2026-05-23T12:09:47.996+0000] {dagbag.py:545} INFO - Filling up the DagBag from /home/vscode/.local/lib/python3.11/site-packages/airflow/example_dags/standard/example_external_task_marker_dag.py
[2026-05-23T12:09:47.999+0000] {logging_mixin.py:188} INFO - [2026-05-23T12:09:47.998+0000] {dagbag.py:355} ERROR - Failed to import: /home/vscode/.local/lib/python3.11/site-packages/airflow/example_dags/standard/example_external_task_marker_dag.py
Traceback (most recent call last):
  File "/home/vscode/.local/lib/python3.11/site-packages/airflow/models/dagbag.py", line 351, in parse
    loader.exec_module(new_module)
  File "<frozen importlib._bootstrap_external>", line 940, in exec_module
  File "<frozen importlib._bootstrap>", line 241, in _call_with_frames_removed
  File "/home/vscode/.local/lib/python3.11/site-packages/airflow/example_dags/standard/example_external_task_marker_dag.py", line 45, in <module>
    from airflow.providers.standard.operators.empty import EmptyOperator
  File "/home/vscode/.local/lib/python3.11/site-packages/airflow/providers/standard/__init__.py", line 37, in <module>
    raise RuntimeError(
RuntimeError: The package `apache-airflow-providers-standard:1.13.0` needs Apache Airflow 2.11.0+
[2026-05-23T12:09:47.999+0000] {processor.py:842} WARNING - No viable dags retrieved from /home/vscode/.local/lib/python3.11/site-packages/airflow/example_dags/standard/example_external_task_marker_dag.py
[2026-05-23T12:09:48.012+0000] {processor.py:183} INFO - Processing /home/vscode/.local/lib/python3.11/site-packages/airflow/example_dags/standard/example_external_task_marker_dag.py took 0.029 seconds
[2026-05-23T12:10:18.391+0000] {processor.py:161} INFO - Started process (PID=31856) to work on /home/vscode/.local/lib/python3.11/site-packages/airflow/example_dags/standard/example_external_task_marker_dag.py
[2026-05-23T12:10:18.392+0000] {processor.py:830} INFO - Processing file /home/vscode/.local/lib/python3.11/site-packages/airflow/example_dags/standard/example_external_task_marker_dag.py for tasks to queue
[2026-05-23T12:10:18.393+0000] {logging_mixin.py:188} INFO - [2026-05-23T12:10:18.393+0000] {dagbag.py:545} INFO - Filling up the DagBag from /home/vscode/.local/lib/python3.11/site-packages/airflow/example_dags/standard/example_external_task_marker_dag.py
[2026-05-23T12:10:18.398+0000] {logging_mixin.py:188} INFO - [2026-05-23T12:10:18.395+0000] {dagbag.py:355} ERROR - Failed to import: /home/vscode/.local/lib/python3.11/site-packages/airflow/example_dags/standard/example_external_task_marker_dag.py
Traceback (most recent call last):
  File "/home/vscode/.local/lib/python3.11/site-packages/airflow/models/dagbag.py", line 351, in parse
    loader.exec_module(new_module)
  File "<frozen importlib._bootstrap_external>", line 940, in exec_module
  File "<frozen importlib._bootstrap>", line 241, in _call_with_frames_removed
  File "/home/vscode/.local/lib/python3.11/site-packages/airflow/example_dags/standard/example_external_task_marker_dag.py", line 45, in <module>
    from airflow.providers.standard.operators.empty import EmptyOperator
  File "/home/vscode/.local/lib/python3.11/site-packages/airflow/providers/standard/__init__.py", line 37, in <module>
    raise RuntimeError(
RuntimeError: The package `apache-airflow-providers-standard:1.13.0` needs Apache Airflow 2.11.0+
[2026-05-23T12:10:18.399+0000] {processor.py:842} WARNING - No viable dags retrieved from /home/vscode/.local/lib/python3.11/site-packages/airflow/example_dags/standard/example_external_task_marker_dag.py
[2026-05-23T12:10:18.422+0000] {processor.py:183} INFO - Processing /home/vscode/.local/lib/python3.11/site-packages/airflow/example_dags/standard/example_external_task_marker_dag.py took 0.043 seconds
[2026-05-23T12:10:48.776+0000] {processor.py:161} INFO - Started process (PID=32053) to work on /home/vscode/.local/lib/python3.11/site-packages/airflow/example_dags/standard/example_external_task_marker_dag.py
[2026-05-23T12:10:48.777+0000] {processor.py:830} INFO - Processing file /home/vscode/.local/lib/python3.11/site-packages/airflow/example_dags/standard/example_external_task_marker_dag.py for tasks to queue
[2026-05-23T12:10:48.778+0000] {logging_mixin.py:188} INFO - [2026-05-23T12:10:48.777+0000] {dagbag.py:545} INFO - Filling up the DagBag from /home/vscode/.local/lib/python3.11/site-packages/airflow/example_dags/standard/example_external_task_marker_dag.py
[2026-05-23T12:10:48.780+0000] {logging_mixin.py:188} INFO - [2026-05-23T12:10:48.779+0000] {dagbag.py:355} ERROR - Failed to import: /home/vscode/.local/lib/python3.11/site-packages/airflow/example_dags/standard/example_external_task_marker_dag.py
Traceback (most recent call last):
  File "/home/vscode/.local/lib/python3.11/site-packages/airflow/models/dagbag.py", line 351, in parse
    loader.exec_module(new_module)
  File "<frozen importlib._bootstrap_external>", line 940, in exec_module
  File "<frozen importlib._bootstrap>", line 241, in _call_with_frames_removed
  File "/home/vscode/.local/lib/python3.11/site-packages/airflow/example_dags/standard/example_external_task_marker_dag.py", line 45, in <module>
    from airflow.providers.standard.operators.empty import EmptyOperator
  File "/home/vscode/.local/lib/python3.11/site-packages/airflow/providers/standard/__init__.py", line 37, in <module>
    raise RuntimeError(
RuntimeError: The package `apache-airflow-providers-standard:1.13.0` needs Apache Airflow 2.11.0+
[2026-05-23T12:10:48.781+0000] {processor.py:842} WARNING - No viable dags retrieved from /home/vscode/.local/lib/python3.11/site-packages/airflow/example_dags/standard/example_external_task_marker_dag.py
[2026-05-23T12:10:48.794+0000] {processor.py:183} INFO - Processing /home/vscode/.local/lib/python3.11/site-packages/airflow/example_dags/standard/example_external_task_marker_dag.py took 0.023 seconds
[2026-05-23T12:11:19.180+0000] {processor.py:161} INFO - Started process (PID=32264) to work on /home/vscode/.local/lib/python3.11/site-packages/airflow/example_dags/standard/example_external_task_marker_dag.py
[2026-05-23T12:11:19.180+0000] {processor.py:830} INFO - Processing file /home/vscode/.local/lib/python3.11/site-packages/airflow/example_dags/standard/example_external_task_marker_dag.py for tasks to queue
[2026-05-23T12:11:19.181+0000] {logging_mixin.py:188} INFO - [2026-05-23T12:11:19.181+0000] {dagbag.py:545} INFO - Filling up the DagBag from /home/vscode/.local/lib/python3.11/site-packages/airflow/example_dags/standard/example_external_task_marker_dag.py
[2026-05-23T12:11:19.183+0000] {logging_mixin.py:188} INFO - [2026-05-23T12:11:19.183+0000] {dagbag.py:355} ERROR - Failed to import: /home/vscode/.local/lib/python3.11/site-packages/airflow/example_dags/standard/example_external_task_marker_dag.py
Traceback (most recent call last):
  File "/home/vscode/.local/lib/python3.11/site-packages/airflow/models/dagbag.py", line 351, in parse
    loader.exec_module(new_module)
  File "<frozen importlib._bootstrap_external>", line 940, in exec_module
  File "<frozen importlib._bootstrap>", line 241, in _call_with_frames_removed
  File "/home/vscode/.local/lib/python3.11/site-packages/airflow/example_dags/standard/example_external_task_marker_dag.py", line 45, in <module>
    from airflow.providers.standard.operators.empty import EmptyOperator
  File "/home/vscode/.local/lib/python3.11/site-packages/airflow/providers/standard/__init__.py", line 37, in <module>
    raise RuntimeError(
RuntimeError: The package `apache-airflow-providers-standard:1.13.0` needs Apache Airflow 2.11.0+
[2026-05-23T12:11:19.184+0000] {processor.py:842} WARNING - No viable dags retrieved from /home/vscode/.local/lib/python3.11/site-packages/airflow/example_dags/standard/example_external_task_marker_dag.py
[2026-05-23T12:11:19.197+0000] {processor.py:183} INFO - Processing /home/vscode/.local/lib/python3.11/site-packages/airflow/example_dags/standard/example_external_task_marker_dag.py took 0.023 seconds
