[2026-05-23T12:01:28.578+0000] {processor.py:161} INFO - Started process (PID=25558) to work on /home/vscode/.local/lib/python3.11/site-packages/airflow/example_dags/standard/example_latest_only.py
[2026-05-23T12:01:28.579+0000] {processor.py:830} INFO - Processing file /home/vscode/.local/lib/python3.11/site-packages/airflow/example_dags/standard/example_latest_only.py for tasks to queue
[2026-05-23T12:01:28.579+0000] {logging_mixin.py:188} INFO - [2026-05-23T12:01:28.579+0000] {dagbag.py:545} INFO - Filling up the DagBag from /home/vscode/.local/lib/python3.11/site-packages/airflow/example_dags/standard/example_latest_only.py
[2026-05-23T12:01:28.582+0000] {logging_mixin.py:188} INFO - [2026-05-23T12:01:28.581+0000] {dagbag.py:355} ERROR - Failed to import: /home/vscode/.local/lib/python3.11/site-packages/airflow/example_dags/standard/example_latest_only.py
Traceback (most recent call last):
  File "/home/vscode/.local/lib/python3.11/site-packages/airflow/models/dagbag.py", line 351, in parse
  File "<frozen importlib._bootstrap_external>", line 940, in exec_module
  File "<frozen importlib._bootstrap>", line 241, in _call_with_frames_removed
  File "/home/vscode/.local/lib/python3.11/site-packages/airflow/example_dags/standard/example_latest_only.py", line 24, in <module>
    from airflow.providers.standard.operators.empty import EmptyOperator
  File "/home/vscode/.local/lib/python3.11/site-packages/airflow/providers/standard/__init__.py", line 37, in <module>
    raise RuntimeError(
RuntimeError: The package `apache-airflow-providers-standard:1.13.0` needs Apache Airflow 2.11.0+
[2026-05-23T12:01:28.582+0000] {processor.py:842} WARNING - No viable dags retrieved from /home/vscode/.local/lib/python3.11/site-packages/airflow/example_dags/standard/example_latest_only.py
[2026-05-23T12:01:28.595+0000] {processor.py:183} INFO - Processing /home/vscode/.local/lib/python3.11/site-packages/airflow/example_dags/standard/example_latest_only.py took 0.023 seconds
[2026-05-23T12:02:02.902+0000] {processor.py:161} INFO - Started process (PID=27720) to work on /home/vscode/.local/lib/python3.11/site-packages/airflow/example_dags/standard/example_latest_only.py
[2026-05-23T12:02:02.904+0000] {processor.py:830} INFO - Processing file /home/vscode/.local/lib/python3.11/site-packages/airflow/example_dags/standard/example_latest_only.py for tasks to queue
[2026-05-23T12:02:02.905+0000] {logging_mixin.py:188} INFO - [2026-05-23T12:02:02.905+0000] {dagbag.py:545} INFO - Filling up the DagBag from /home/vscode/.local/lib/python3.11/site-packages/airflow/example_dags/standard/example_latest_only.py
[2026-05-23T12:02:02.912+0000] {logging_mixin.py:188} INFO - [2026-05-23T12:02:02.911+0000] {dagbag.py:355} ERROR - Failed to import: /home/vscode/.local/lib/python3.11/site-packages/airflow/example_dags/standard/example_latest_only.py
Traceback (most recent call last):
  File "/home/vscode/.local/lib/python3.11/site-packages/airflow/models/dagbag.py", line 351, in parse
  File "<frozen importlib._bootstrap_external>", line 940, in exec_module
  File "<frozen importlib._bootstrap>", line 241, in _call_with_frames_removed
  File "/home/vscode/.local/lib/python3.11/site-packages/airflow/example_dags/standard/example_latest_only.py", line 24, in <module>
    from airflow.providers.standard.operators.empty import EmptyOperator
  File "/home/vscode/.local/lib/python3.11/site-packages/airflow/providers/standard/__init__.py", line 37, in <module>
    raise RuntimeError(
RuntimeError: The package `apache-airflow-providers-standard:1.13.0` needs Apache Airflow 2.11.0+
[2026-05-23T12:02:02.913+0000] {processor.py:842} WARNING - No viable dags retrieved from /home/vscode/.local/lib/python3.11/site-packages/airflow/example_dags/standard/example_latest_only.py
[2026-05-23T12:02:03.059+0000] {processor.py:183} INFO - Processing /home/vscode/.local/lib/python3.11/site-packages/airflow/example_dags/standard/example_latest_only.py took 0.222 seconds
[2026-05-23T12:02:33.730+0000] {processor.py:161} INFO - Started process (PID=29443) to work on /home/vscode/.local/lib/python3.11/site-packages/airflow/example_dags/standard/example_latest_only.py
[2026-05-23T12:02:33.731+0000] {processor.py:830} INFO - Processing file /home/vscode/.local/lib/python3.11/site-packages/airflow/example_dags/standard/example_latest_only.py for tasks to queue
[2026-05-23T12:02:33.731+0000] {logging_mixin.py:188} INFO - [2026-05-23T12:02:33.731+0000] {dagbag.py:545} INFO - Filling up the DagBag from /home/vscode/.local/lib/python3.11/site-packages/airflow/example_dags/standard/example_latest_only.py
[2026-05-23T12:02:33.735+0000] {logging_mixin.py:188} INFO - [2026-05-23T12:02:33.734+0000] {dagbag.py:355} ERROR - Failed to import: /home/vscode/.local/lib/python3.11/site-packages/airflow/example_dags/standard/example_latest_only.py
Traceback (most recent call last):
  File "/home/vscode/.local/lib/python3.11/site-packages/airflow/models/dagbag.py", line 351, in parse
  File "<frozen importlib._bootstrap_external>", line 940, in exec_module
  File "<frozen importlib._bootstrap>", line 241, in _call_with_frames_removed
  File "/home/vscode/.local/lib/python3.11/site-packages/airflow/example_dags/standard/example_latest_only.py", line 24, in <module>
    from airflow.providers.standard.operators.empty import EmptyOperator
  File "/home/vscode/.local/lib/python3.11/site-packages/airflow/providers/standard/__init__.py", line 37, in <module>
    raise RuntimeError(
RuntimeError: The package `apache-airflow-providers-standard:1.13.0` needs Apache Airflow 2.11.0+
[2026-05-23T12:02:33.735+0000] {processor.py:842} WARNING - No viable dags retrieved from /home/vscode/.local/lib/python3.11/site-packages/airflow/example_dags/standard/example_latest_only.py
[2026-05-23T12:02:33.752+0000] {processor.py:183} INFO - Processing /home/vscode/.local/lib/python3.11/site-packages/airflow/example_dags/standard/example_latest_only.py took 0.033 seconds
[2026-05-23T12:03:04.327+0000] {processor.py:161} INFO - Started process (PID=29848) to work on /home/vscode/.local/lib/python3.11/site-packages/airflow/example_dags/standard/example_latest_only.py
[2026-05-23T12:03:04.328+0000] {processor.py:830} INFO - Processing file /home/vscode/.local/lib/python3.11/site-packages/airflow/example_dags/standard/example_latest_only.py for tasks to queue
[2026-05-23T12:03:04.328+0000] {logging_mixin.py:188} INFO - [2026-05-23T12:03:04.328+0000] {dagbag.py:545} INFO - Filling up the DagBag from /home/vscode/.local/lib/python3.11/site-packages/airflow/example_dags/standard/example_latest_only.py
[2026-05-23T12:03:04.331+0000] {logging_mixin.py:188} INFO - [2026-05-23T12:03:04.330+0000] {dagbag.py:355} ERROR - Failed to import: /home/vscode/.local/lib/python3.11/site-packages/airflow/example_dags/standard/example_latest_only.py
Traceback (most recent call last):
  File "/home/vscode/.local/lib/python3.11/site-packages/airflow/models/dagbag.py", line 351, in parse
  File "<frozen importlib._bootstrap_external>", line 940, in exec_module
  File "<frozen importlib._bootstrap>", line 241, in _call_with_frames_removed
  File "/home/vscode/.local/lib/python3.11/site-packages/airflow/example_dags/standard/example_latest_only.py", line 24, in <module>
    from airflow.providers.standard.operators.empty import EmptyOperator
  File "/home/vscode/.local/lib/python3.11/site-packages/airflow/providers/standard/__init__.py", line 37, in <module>
    raise RuntimeError(
RuntimeError: The package `apache-airflow-providers-standard:1.13.0` needs Apache Airflow 2.11.0+
[2026-05-23T12:03:04.331+0000] {processor.py:842} WARNING - No viable dags retrieved from /home/vscode/.local/lib/python3.11/site-packages/airflow/example_dags/standard/example_latest_only.py
[2026-05-23T12:03:04.345+0000] {processor.py:183} INFO - Processing /home/vscode/.local/lib/python3.11/site-packages/airflow/example_dags/standard/example_latest_only.py took 0.025 seconds
[2026-05-23T12:03:34.838+0000] {processor.py:161} INFO - Started process (PID=29958) to work on /home/vscode/.local/lib/python3.11/site-packages/airflow/example_dags/standard/example_latest_only.py
[2026-05-23T12:03:34.839+0000] {processor.py:830} INFO - Processing file /home/vscode/.local/lib/python3.11/site-packages/airflow/example_dags/standard/example_latest_only.py for tasks to queue
[2026-05-23T12:03:34.839+0000] {logging_mixin.py:188} INFO - [2026-05-23T12:03:34.839+0000] {dagbag.py:545} INFO - Filling up the DagBag from /home/vscode/.local/lib/python3.11/site-packages/airflow/example_dags/standard/example_latest_only.py
[2026-05-23T12:03:34.841+0000] {logging_mixin.py:188} INFO - [2026-05-23T12:03:34.841+0000] {dagbag.py:355} ERROR - Failed to import: /home/vscode/.local/lib/python3.11/site-packages/airflow/example_dags/standard/example_latest_only.py
Traceback (most recent call last):
  File "/home/vscode/.local/lib/python3.11/site-packages/airflow/models/dagbag.py", line 351, in parse
  File "<frozen importlib._bootstrap_external>", line 940, in exec_module
  File "<frozen importlib._bootstrap>", line 241, in _call_with_frames_removed
  File "/home/vscode/.local/lib/python3.11/site-packages/airflow/example_dags/standard/example_latest_only.py", line 24, in <module>
    from airflow.providers.standard.operators.empty import EmptyOperator
  File "/home/vscode/.local/lib/python3.11/site-packages/airflow/providers/standard/__init__.py", line 37, in <module>
    raise RuntimeError(
RuntimeError: The package `apache-airflow-providers-standard:1.13.0` needs Apache Airflow 2.11.0+
[2026-05-23T12:03:34.842+0000] {processor.py:842} WARNING - No viable dags retrieved from /home/vscode/.local/lib/python3.11/site-packages/airflow/example_dags/standard/example_latest_only.py
[2026-05-23T12:03:34.854+0000] {processor.py:183} INFO - Processing /home/vscode/.local/lib/python3.11/site-packages/airflow/example_dags/standard/example_latest_only.py took 0.023 seconds
[2026-05-23T12:04:05.249+0000] {processor.py:161} INFO - Started process (PID=30074) to work on /home/vscode/.local/lib/python3.11/site-packages/airflow/example_dags/standard/example_latest_only.py
[2026-05-23T12:04:05.250+0000] {processor.py:830} INFO - Processing file /home/vscode/.local/lib/python3.11/site-packages/airflow/example_dags/standard/example_latest_only.py for tasks to queue
[2026-05-23T12:04:05.251+0000] {logging_mixin.py:188} INFO - [2026-05-23T12:04:05.250+0000] {dagbag.py:545} INFO - Filling up the DagBag from /home/vscode/.local/lib/python3.11/site-packages/airflow/example_dags/standard/example_latest_only.py
[2026-05-23T12:04:05.253+0000] {logging_mixin.py:188} INFO - [2026-05-23T12:04:05.252+0000] {dagbag.py:355} ERROR - Failed to import: /home/vscode/.local/lib/python3.11/site-packages/airflow/example_dags/standard/example_latest_only.py
Traceback (most recent call last):
  File "/home/vscode/.local/lib/python3.11/site-packages/airflow/models/dagbag.py", line 351, in parse
  File "<frozen importlib._bootstrap_external>", line 940, in exec_module
  File "<frozen importlib._bootstrap>", line 241, in _call_with_frames_removed
  File "/home/vscode/.local/lib/python3.11/site-packages/airflow/example_dags/standard/example_latest_only.py", line 24, in <module>
    from airflow.providers.standard.operators.empty import EmptyOperator
  File "/home/vscode/.local/lib/python3.11/site-packages/airflow/providers/standard/__init__.py", line 37, in <module>
    raise RuntimeError(
RuntimeError: The package `apache-airflow-providers-standard:1.13.0` needs Apache Airflow 2.11.0+
[2026-05-23T12:04:05.253+0000] {processor.py:842} WARNING - No viable dags retrieved from /home/vscode/.local/lib/python3.11/site-packages/airflow/example_dags/standard/example_latest_only.py
[2026-05-23T12:04:05.266+0000] {processor.py:183} INFO - Processing /home/vscode/.local/lib/python3.11/site-packages/airflow/example_dags/standard/example_latest_only.py took 0.024 seconds
[2026-05-23T12:04:35.579+0000] {processor.py:161} INFO - Started process (PID=30188) to work on /home/vscode/.local/lib/python3.11/site-packages/airflow/example_dags/standard/example_latest_only.py
[2026-05-23T12:04:35.580+0000] {processor.py:830} INFO - Processing file /home/vscode/.local/lib/python3.11/site-packages/airflow/example_dags/standard/example_latest_only.py for tasks to queue
[2026-05-23T12:04:35.581+0000] {logging_mixin.py:188} INFO - [2026-05-23T12:04:35.580+0000] {dagbag.py:545} INFO - Filling up the DagBag from /home/vscode/.local/lib/python3.11/site-packages/airflow/example_dags/standard/example_latest_only.py
[2026-05-23T12:04:35.583+0000] {logging_mixin.py:188} INFO - [2026-05-23T12:04:35.582+0000] {dagbag.py:355} ERROR - Failed to import: /home/vscode/.local/lib/python3.11/site-packages/airflow/example_dags/standard/example_latest_only.py
Traceback (most recent call last):
  File "/home/vscode/.local/lib/python3.11/site-packages/airflow/models/dagbag.py", line 351, in parse
  File "<frozen importlib._bootstrap_external>", line 940, in exec_module
  File "<frozen importlib._bootstrap>", line 241, in _call_with_frames_removed
  File "/home/vscode/.local/lib/python3.11/site-packages/airflow/example_dags/standard/example_latest_only.py", line 24, in <module>
    from airflow.providers.standard.operators.empty import EmptyOperator
  File "/home/vscode/.local/lib/python3.11/site-packages/airflow/providers/standard/__init__.py", line 37, in <module>
    raise RuntimeError(
RuntimeError: The package `apache-airflow-providers-standard:1.13.0` needs Apache Airflow 2.11.0+
[2026-05-23T12:04:35.583+0000] {processor.py:842} WARNING - No viable dags retrieved from /home/vscode/.local/lib/python3.11/site-packages/airflow/example_dags/standard/example_latest_only.py
[2026-05-23T12:04:35.596+0000] {processor.py:183} INFO - Processing /home/vscode/.local/lib/python3.11/site-packages/airflow/example_dags/standard/example_latest_only.py took 0.023 seconds
[2026-05-23T12:05:05.987+0000] {processor.py:161} INFO - Started process (PID=30303) to work on /home/vscode/.local/lib/python3.11/site-packages/airflow/example_dags/standard/example_latest_only.py
[2026-05-23T12:05:05.988+0000] {processor.py:830} INFO - Processing file /home/vscode/.local/lib/python3.11/site-packages/airflow/example_dags/standard/example_latest_only.py for tasks to queue
[2026-05-23T12:05:05.988+0000] {logging_mixin.py:188} INFO - [2026-05-23T12:05:05.988+0000] {dagbag.py:545} INFO - Filling up the DagBag from /home/vscode/.local/lib/python3.11/site-packages/airflow/example_dags/standard/example_latest_only.py
[2026-05-23T12:05:05.991+0000] {logging_mixin.py:188} INFO - [2026-05-23T12:05:05.990+0000] {dagbag.py:355} ERROR - Failed to import: /home/vscode/.local/lib/python3.11/site-packages/airflow/example_dags/standard/example_latest_only.py
Traceback (most recent call last):
  File "/home/vscode/.local/lib/python3.11/site-packages/airflow/models/dagbag.py", line 351, in parse
  File "<frozen importlib._bootstrap_external>", line 940, in exec_module
  File "<frozen importlib._bootstrap>", line 241, in _call_with_frames_removed
  File "/home/vscode/.local/lib/python3.11/site-packages/airflow/example_dags/standard/example_latest_only.py", line 24, in <module>
    from airflow.providers.standard.operators.empty import EmptyOperator
  File "/home/vscode/.local/lib/python3.11/site-packages/airflow/providers/standard/__init__.py", line 37, in <module>
    raise RuntimeError(
RuntimeError: The package `apache-airflow-providers-standard:1.13.0` needs Apache Airflow 2.11.0+
[2026-05-23T12:05:05.991+0000] {processor.py:842} WARNING - No viable dags retrieved from /home/vscode/.local/lib/python3.11/site-packages/airflow/example_dags/standard/example_latest_only.py
[2026-05-23T12:05:06.004+0000] {processor.py:183} INFO - Processing /home/vscode/.local/lib/python3.11/site-packages/airflow/example_dags/standard/example_latest_only.py took 0.024 seconds
[2026-05-23T12:05:36.708+0000] {processor.py:161} INFO - Started process (PID=30419) to work on /home/vscode/.local/lib/python3.11/site-packages/airflow/example_dags/standard/example_latest_only.py
[2026-05-23T12:05:36.709+0000] {processor.py:830} INFO - Processing file /home/vscode/.local/lib/python3.11/site-packages/airflow/example_dags/standard/example_latest_only.py for tasks to queue
[2026-05-23T12:05:36.709+0000] {logging_mixin.py:188} INFO - [2026-05-23T12:05:36.709+0000] {dagbag.py:545} INFO - Filling up the DagBag from /home/vscode/.local/lib/python3.11/site-packages/airflow/example_dags/standard/example_latest_only.py
[2026-05-23T12:05:36.712+0000] {logging_mixin.py:188} INFO - [2026-05-23T12:05:36.711+0000] {dagbag.py:355} ERROR - Failed to import: /home/vscode/.local/lib/python3.11/site-packages/airflow/example_dags/standard/example_latest_only.py
Traceback (most recent call last):
  File "/home/vscode/.local/lib/python3.11/site-packages/airflow/models/dagbag.py", line 351, in parse
  File "<frozen importlib._bootstrap_external>", line 940, in exec_module
  File "<frozen importlib._bootstrap>", line 241, in _call_with_frames_removed
  File "/home/vscode/.local/lib/python3.11/site-packages/airflow/example_dags/standard/example_latest_only.py", line 24, in <module>
    from airflow.providers.standard.operators.empty import EmptyOperator
  File "/home/vscode/.local/lib/python3.11/site-packages/airflow/providers/standard/__init__.py", line 37, in <module>
    raise RuntimeError(
RuntimeError: The package `apache-airflow-providers-standard:1.13.0` needs Apache Airflow 2.11.0+
[2026-05-23T12:05:36.712+0000] {processor.py:842} WARNING - No viable dags retrieved from /home/vscode/.local/lib/python3.11/site-packages/airflow/example_dags/standard/example_latest_only.py
[2026-05-23T12:05:36.725+0000] {processor.py:183} INFO - Processing /home/vscode/.local/lib/python3.11/site-packages/airflow/example_dags/standard/example_latest_only.py took 0.023 seconds
[2026-05-23T12:06:08.567+0000] {processor.py:161} INFO - Started process (PID=30530) to work on /home/vscode/.local/lib/python3.11/site-packages/airflow/example_dags/standard/example_latest_only.py
[2026-05-23T12:06:08.568+0000] {processor.py:830} INFO - Processing file /home/vscode/.local/lib/python3.11/site-packages/airflow/example_dags/standard/example_latest_only.py for tasks to queue
[2026-05-23T12:06:08.568+0000] {logging_mixin.py:188} INFO - [2026-05-23T12:06:08.568+0000] {dagbag.py:545} INFO - Filling up the DagBag from /home/vscode/.local/lib/python3.11/site-packages/airflow/example_dags/standard/example_latest_only.py
[2026-05-23T12:06:08.570+0000] {logging_mixin.py:188} INFO - [2026-05-23T12:06:08.570+0000] {dagbag.py:355} ERROR - Failed to import: /home/vscode/.local/lib/python3.11/site-packages/airflow/example_dags/standard/example_latest_only.py
Traceback (most recent call last):
  File "/home/vscode/.local/lib/python3.11/site-packages/airflow/models/dagbag.py", line 351, in parse
  File "<frozen importlib._bootstrap_external>", line 940, in exec_module
  File "<frozen importlib._bootstrap>", line 241, in _call_with_frames_removed
  File "/home/vscode/.local/lib/python3.11/site-packages/airflow/example_dags/standard/example_latest_only.py", line 24, in <module>
    from airflow.providers.standard.operators.empty import EmptyOperator
  File "/home/vscode/.local/lib/python3.11/site-packages/airflow/providers/standard/__init__.py", line 37, in <module>
    raise RuntimeError(
RuntimeError: The package `apache-airflow-providers-standard:1.13.0` needs Apache Airflow 2.11.0+
[2026-05-23T12:06:08.571+0000] {processor.py:842} WARNING - No viable dags retrieved from /home/vscode/.local/lib/python3.11/site-packages/airflow/example_dags/standard/example_latest_only.py
[2026-05-23T12:06:08.584+0000] {processor.py:183} INFO - Processing /home/vscode/.local/lib/python3.11/site-packages/airflow/example_dags/standard/example_latest_only.py took 0.024 seconds
[2026-05-23T12:06:39.420+0000] {processor.py:161} INFO - Started process (PID=30646) to work on /home/vscode/.local/lib/python3.11/site-packages/airflow/example_dags/standard/example_latest_only.py
[2026-05-23T12:06:39.420+0000] {processor.py:830} INFO - Processing file /home/vscode/.local/lib/python3.11/site-packages/airflow/example_dags/standard/example_latest_only.py for tasks to queue
[2026-05-23T12:06:39.421+0000] {logging_mixin.py:188} INFO - [2026-05-23T12:06:39.421+0000] {dagbag.py:545} INFO - Filling up the DagBag from /home/vscode/.local/lib/python3.11/site-packages/airflow/example_dags/standard/example_latest_only.py
[2026-05-23T12:06:39.423+0000] {logging_mixin.py:188} INFO - [2026-05-23T12:06:39.423+0000] {dagbag.py:355} ERROR - Failed to import: /home/vscode/.local/lib/python3.11/site-packages/airflow/example_dags/standard/example_latest_only.py
Traceback (most recent call last):
  File "/home/vscode/.local/lib/python3.11/site-packages/airflow/models/dagbag.py", line 351, in parse
  File "<frozen importlib._bootstrap_external>", line 940, in exec_module
  File "<frozen importlib._bootstrap>", line 241, in _call_with_frames_removed
  File "/home/vscode/.local/lib/python3.11/site-packages/airflow/example_dags/standard/example_latest_only.py", line 24, in <module>
    from airflow.providers.standard.operators.empty import EmptyOperator
  File "/home/vscode/.local/lib/python3.11/site-packages/airflow/providers/standard/__init__.py", line 37, in <module>
    raise RuntimeError(
RuntimeError: The package `apache-airflow-providers-standard:1.13.0` needs Apache Airflow 2.11.0+
[2026-05-23T12:06:39.424+0000] {processor.py:842} WARNING - No viable dags retrieved from /home/vscode/.local/lib/python3.11/site-packages/airflow/example_dags/standard/example_latest_only.py
[2026-05-23T12:06:39.436+0000] {processor.py:183} INFO - Processing /home/vscode/.local/lib/python3.11/site-packages/airflow/example_dags/standard/example_latest_only.py took 0.023 seconds
[2026-05-23T12:07:10.138+0000] {processor.py:161} INFO - Started process (PID=30761) to work on /home/vscode/.local/lib/python3.11/site-packages/airflow/example_dags/standard/example_latest_only.py
[2026-05-23T12:07:10.138+0000] {processor.py:830} INFO - Processing file /home/vscode/.local/lib/python3.11/site-packages/airflow/example_dags/standard/example_latest_only.py for tasks to queue
[2026-05-23T12:07:10.139+0000] {logging_mixin.py:188} INFO - [2026-05-23T12:07:10.139+0000] {dagbag.py:545} INFO - Filling up the DagBag from /home/vscode/.local/lib/python3.11/site-packages/airflow/example_dags/standard/example_latest_only.py
[2026-05-23T12:07:10.141+0000] {logging_mixin.py:188} INFO - [2026-05-23T12:07:10.140+0000] {dagbag.py:355} ERROR - Failed to import: /home/vscode/.local/lib/python3.11/site-packages/airflow/example_dags/standard/example_latest_only.py
Traceback (most recent call last):
  File "/home/vscode/.local/lib/python3.11/site-packages/airflow/models/dagbag.py", line 351, in parse
  File "<frozen importlib._bootstrap_external>", line 940, in exec_module
  File "<frozen importlib._bootstrap>", line 241, in _call_with_frames_removed
  File "/home/vscode/.local/lib/python3.11/site-packages/airflow/example_dags/standard/example_latest_only.py", line 24, in <module>
    from airflow.providers.standard.operators.empty import EmptyOperator
  File "/home/vscode/.local/lib/python3.11/site-packages/airflow/providers/standard/__init__.py", line 37, in <module>
    raise RuntimeError(
RuntimeError: The package `apache-airflow-providers-standard:1.13.0` needs Apache Airflow 2.11.0+
[2026-05-23T12:07:10.142+0000] {processor.py:842} WARNING - No viable dags retrieved from /home/vscode/.local/lib/python3.11/site-packages/airflow/example_dags/standard/example_latest_only.py
[2026-05-23T12:07:10.155+0000] {processor.py:183} INFO - Processing /home/vscode/.local/lib/python3.11/site-packages/airflow/example_dags/standard/example_latest_only.py took 0.024 seconds
[2026-05-23T12:07:40.732+0000] {processor.py:161} INFO - Started process (PID=30870) to work on /home/vscode/.local/lib/python3.11/site-packages/airflow/example_dags/standard/example_latest_only.py
[2026-05-23T12:07:40.732+0000] {processor.py:830} INFO - Processing file /home/vscode/.local/lib/python3.11/site-packages/airflow/example_dags/standard/example_latest_only.py for tasks to queue
[2026-05-23T12:07:40.733+0000] {logging_mixin.py:188} INFO - [2026-05-23T12:07:40.732+0000] {dagbag.py:545} INFO - Filling up the DagBag from /home/vscode/.local/lib/python3.11/site-packages/airflow/example_dags/standard/example_latest_only.py
[2026-05-23T12:07:40.735+0000] {logging_mixin.py:188} INFO - [2026-05-23T12:07:40.734+0000] {dagbag.py:355} ERROR - Failed to import: /home/vscode/.local/lib/python3.11/site-packages/airflow/example_dags/standard/example_latest_only.py
Traceback (most recent call last):
  File "/home/vscode/.local/lib/python3.11/site-packages/airflow/models/dagbag.py", line 351, in parse
  File "<frozen importlib._bootstrap_external>", line 940, in exec_module
  File "<frozen importlib._bootstrap>", line 241, in _call_with_frames_removed
  File "/home/vscode/.local/lib/python3.11/site-packages/airflow/example_dags/standard/example_latest_only.py", line 24, in <module>
    from airflow.providers.standard.operators.empty import EmptyOperator
  File "/home/vscode/.local/lib/python3.11/site-packages/airflow/providers/standard/__init__.py", line 37, in <module>
    raise RuntimeError(
RuntimeError: The package `apache-airflow-providers-standard:1.13.0` needs Apache Airflow 2.11.0+
[2026-05-23T12:07:40.735+0000] {processor.py:842} WARNING - No viable dags retrieved from /home/vscode/.local/lib/python3.11/site-packages/airflow/example_dags/standard/example_latest_only.py
[2026-05-23T12:07:40.748+0000] {processor.py:183} INFO - Processing /home/vscode/.local/lib/python3.11/site-packages/airflow/example_dags/standard/example_latest_only.py took 0.023 seconds
[2026-05-23T12:08:11.207+0000] {processor.py:161} INFO - Started process (PID=30985) to work on /home/vscode/.local/lib/python3.11/site-packages/airflow/example_dags/standard/example_latest_only.py
[2026-05-23T12:08:11.207+0000] {processor.py:830} INFO - Processing file /home/vscode/.local/lib/python3.11/site-packages/airflow/example_dags/standard/example_latest_only.py for tasks to queue
[2026-05-23T12:08:11.208+0000] {logging_mixin.py:188} INFO - [2026-05-23T12:08:11.208+0000] {dagbag.py:545} INFO - Filling up the DagBag from /home/vscode/.local/lib/python3.11/site-packages/airflow/example_dags/standard/example_latest_only.py
[2026-05-23T12:08:11.210+0000] {logging_mixin.py:188} INFO - [2026-05-23T12:08:11.210+0000] {dagbag.py:355} ERROR - Failed to import: /home/vscode/.local/lib/python3.11/site-packages/airflow/example_dags/standard/example_latest_only.py
Traceback (most recent call last):
  File "/home/vscode/.local/lib/python3.11/site-packages/airflow/models/dagbag.py", line 351, in parse
  File "<frozen importlib._bootstrap_external>", line 940, in exec_module
  File "<frozen importlib._bootstrap>", line 241, in _call_with_frames_removed
  File "/home/vscode/.local/lib/python3.11/site-packages/airflow/example_dags/standard/example_latest_only.py", line 24, in <module>
    from airflow.providers.standard.operators.empty import EmptyOperator
  File "/home/vscode/.local/lib/python3.11/site-packages/airflow/providers/standard/__init__.py", line 37, in <module>
    raise RuntimeError(
RuntimeError: The package `apache-airflow-providers-standard:1.13.0` needs Apache Airflow 2.11.0+
[2026-05-23T12:08:11.211+0000] {processor.py:842} WARNING - No viable dags retrieved from /home/vscode/.local/lib/python3.11/site-packages/airflow/example_dags/standard/example_latest_only.py
[2026-05-23T12:08:11.223+0000] {processor.py:183} INFO - Processing /home/vscode/.local/lib/python3.11/site-packages/airflow/example_dags/standard/example_latest_only.py took 0.023 seconds
[2026-05-23T12:08:41.761+0000] {processor.py:161} INFO - Started process (PID=31179) to work on /home/vscode/.local/lib/python3.11/site-packages/airflow/example_dags/standard/example_latest_only.py
[2026-05-23T12:08:41.761+0000] {processor.py:830} INFO - Processing file /home/vscode/.local/lib/python3.11/site-packages/airflow/example_dags/standard/example_latest_only.py for tasks to queue
[2026-05-23T12:08:41.762+0000] {logging_mixin.py:188} INFO - [2026-05-23T12:08:41.761+0000] {dagbag.py:545} INFO - Filling up the DagBag from /home/vscode/.local/lib/python3.11/site-packages/airflow/example_dags/standard/example_latest_only.py
[2026-05-23T12:08:41.764+0000] {logging_mixin.py:188} INFO - [2026-05-23T12:08:41.763+0000] {dagbag.py:355} ERROR - Failed to import: /home/vscode/.local/lib/python3.11/site-packages/airflow/example_dags/standard/example_latest_only.py
Traceback (most recent call last):
  File "/home/vscode/.local/lib/python3.11/site-packages/airflow/models/dagbag.py", line 351, in parse
  File "<frozen importlib._bootstrap_external>", line 940, in exec_module
  File "<frozen importlib._bootstrap>", line 241, in _call_with_frames_removed
  File "/home/vscode/.local/lib/python3.11/site-packages/airflow/example_dags/standard/example_latest_only.py", line 24, in <module>
    from airflow.providers.standard.operators.empty import EmptyOperator
  File "/home/vscode/.local/lib/python3.11/site-packages/airflow/providers/standard/__init__.py", line 37, in <module>
    raise RuntimeError(
RuntimeError: The package `apache-airflow-providers-standard:1.13.0` needs Apache Airflow 2.11.0+
[2026-05-23T12:08:41.765+0000] {processor.py:842} WARNING - No viable dags retrieved from /home/vscode/.local/lib/python3.11/site-packages/airflow/example_dags/standard/example_latest_only.py
[2026-05-23T12:08:41.778+0000] {processor.py:183} INFO - Processing /home/vscode/.local/lib/python3.11/site-packages/airflow/example_dags/standard/example_latest_only.py took 0.024 seconds
[2026-05-23T12:09:12.238+0000] {processor.py:161} INFO - Started process (PID=31401) to work on /home/vscode/.local/lib/python3.11/site-packages/airflow/example_dags/standard/example_latest_only.py
[2026-05-23T12:09:12.239+0000] {processor.py:830} INFO - Processing file /home/vscode/.local/lib/python3.11/site-packages/airflow/example_dags/standard/example_latest_only.py for tasks to queue
[2026-05-23T12:09:12.239+0000] {logging_mixin.py:188} INFO - [2026-05-23T12:09:12.239+0000] {dagbag.py:545} INFO - Filling up the DagBag from /home/vscode/.local/lib/python3.11/site-packages/airflow/example_dags/standard/example_latest_only.py
[2026-05-23T12:09:12.241+0000] {logging_mixin.py:188} INFO - [2026-05-23T12:09:12.241+0000] {dagbag.py:355} ERROR - Failed to import: /home/vscode/.local/lib/python3.11/site-packages/airflow/example_dags/standard/example_latest_only.py
Traceback (most recent call last):
  File "/home/vscode/.local/lib/python3.11/site-packages/airflow/models/dagbag.py", line 351, in parse
  File "<frozen importlib._bootstrap_external>", line 940, in exec_module
  File "<frozen importlib._bootstrap>", line 241, in _call_with_frames_removed
  File "/home/vscode/.local/lib/python3.11/site-packages/airflow/example_dags/standard/example_latest_only.py", line 24, in <module>
    from airflow.providers.standard.operators.empty import EmptyOperator
  File "/home/vscode/.local/lib/python3.11/site-packages/airflow/providers/standard/__init__.py", line 37, in <module>
    raise RuntimeError(
RuntimeError: The package `apache-airflow-providers-standard:1.13.0` needs Apache Airflow 2.11.0+
[2026-05-23T12:09:12.242+0000] {processor.py:842} WARNING - No viable dags retrieved from /home/vscode/.local/lib/python3.11/site-packages/airflow/example_dags/standard/example_latest_only.py
[2026-05-23T12:09:12.254+0000] {processor.py:183} INFO - Processing /home/vscode/.local/lib/python3.11/site-packages/airflow/example_dags/standard/example_latest_only.py took 0.023 seconds
[2026-05-23T12:09:44.184+0000] {processor.py:161} INFO - Started process (PID=31652) to work on /home/vscode/.local/lib/python3.11/site-packages/airflow/example_dags/standard/example_latest_only.py
[2026-05-23T12:09:44.184+0000] {processor.py:830} INFO - Processing file /home/vscode/.local/lib/python3.11/site-packages/airflow/example_dags/standard/example_latest_only.py for tasks to queue
[2026-05-23T12:09:44.185+0000] {logging_mixin.py:188} INFO - [2026-05-23T12:09:44.185+0000] {dagbag.py:545} INFO - Filling up the DagBag from /home/vscode/.local/lib/python3.11/site-packages/airflow/example_dags/standard/example_latest_only.py
[2026-05-23T12:09:44.187+0000] {logging_mixin.py:188} INFO - [2026-05-23T12:09:44.186+0000] {dagbag.py:355} ERROR - Failed to import: /home/vscode/.local/lib/python3.11/site-packages/airflow/example_dags/standard/example_latest_only.py
Traceback (most recent call last):
  File "/home/vscode/.local/lib/python3.11/site-packages/airflow/models/dagbag.py", line 351, in parse
    loader.exec_module(new_module)
  File "<frozen importlib._bootstrap_external>", line 940, in exec_module
  File "<frozen importlib._bootstrap>", line 241, in _call_with_frames_removed
  File "/home/vscode/.local/lib/python3.11/site-packages/airflow/example_dags/standard/example_latest_only.py", line 24, in <module>
    from airflow.providers.standard.operators.empty import EmptyOperator
  File "/home/vscode/.local/lib/python3.11/site-packages/airflow/providers/standard/__init__.py", line 37, in <module>
    raise RuntimeError(
RuntimeError: The package `apache-airflow-providers-standard:1.13.0` needs Apache Airflow 2.11.0+
[2026-05-23T12:09:44.188+0000] {processor.py:842} WARNING - No viable dags retrieved from /home/vscode/.local/lib/python3.11/site-packages/airflow/example_dags/standard/example_latest_only.py
[2026-05-23T12:09:44.204+0000] {processor.py:183} INFO - Processing /home/vscode/.local/lib/python3.11/site-packages/airflow/example_dags/standard/example_latest_only.py took 0.027 seconds
[2026-05-23T12:10:14.798+0000] {processor.py:161} INFO - Started process (PID=31821) to work on /home/vscode/.local/lib/python3.11/site-packages/airflow/example_dags/standard/example_latest_only.py
[2026-05-23T12:10:14.799+0000] {processor.py:830} INFO - Processing file /home/vscode/.local/lib/python3.11/site-packages/airflow/example_dags/standard/example_latest_only.py for tasks to queue
[2026-05-23T12:10:14.799+0000] {logging_mixin.py:188} INFO - [2026-05-23T12:10:14.799+0000] {dagbag.py:545} INFO - Filling up the DagBag from /home/vscode/.local/lib/python3.11/site-packages/airflow/example_dags/standard/example_latest_only.py
[2026-05-23T12:10:14.803+0000] {logging_mixin.py:188} INFO - [2026-05-23T12:10:14.801+0000] {dagbag.py:355} ERROR - Failed to import: /home/vscode/.local/lib/python3.11/site-packages/airflow/example_dags/standard/example_latest_only.py
Traceback (most recent call last):
  File "/home/vscode/.local/lib/python3.11/site-packages/airflow/models/dagbag.py", line 351, in parse
    loader.exec_module(new_module)
  File "<frozen importlib._bootstrap_external>", line 940, in exec_module
  File "<frozen importlib._bootstrap>", line 241, in _call_with_frames_removed
  File "/home/vscode/.local/lib/python3.11/site-packages/airflow/example_dags/standard/example_latest_only.py", line 24, in <module>
    from airflow.providers.standard.operators.empty import EmptyOperator
  File "/home/vscode/.local/lib/python3.11/site-packages/airflow/providers/standard/__init__.py", line 37, in <module>
    raise RuntimeError(
RuntimeError: The package `apache-airflow-providers-standard:1.13.0` needs Apache Airflow 2.11.0+
[2026-05-23T12:10:14.803+0000] {processor.py:842} WARNING - No viable dags retrieved from /home/vscode/.local/lib/python3.11/site-packages/airflow/example_dags/standard/example_latest_only.py
[2026-05-23T12:10:14.826+0000] {processor.py:183} INFO - Processing /home/vscode/.local/lib/python3.11/site-packages/airflow/example_dags/standard/example_latest_only.py took 0.035 seconds
[2026-05-23T12:10:45.225+0000] {processor.py:161} INFO - Started process (PID=32034) to work on /home/vscode/.local/lib/python3.11/site-packages/airflow/example_dags/standard/example_latest_only.py
[2026-05-23T12:10:45.226+0000] {processor.py:830} INFO - Processing file /home/vscode/.local/lib/python3.11/site-packages/airflow/example_dags/standard/example_latest_only.py for tasks to queue
[2026-05-23T12:10:45.226+0000] {logging_mixin.py:188} INFO - [2026-05-23T12:10:45.226+0000] {dagbag.py:545} INFO - Filling up the DagBag from /home/vscode/.local/lib/python3.11/site-packages/airflow/example_dags/standard/example_latest_only.py
[2026-05-23T12:10:45.229+0000] {logging_mixin.py:188} INFO - [2026-05-23T12:10:45.228+0000] {dagbag.py:355} ERROR - Failed to import: /home/vscode/.local/lib/python3.11/site-packages/airflow/example_dags/standard/example_latest_only.py
Traceback (most recent call last):
  File "/home/vscode/.local/lib/python3.11/site-packages/airflow/models/dagbag.py", line 351, in parse
    loader.exec_module(new_module)
  File "<frozen importlib._bootstrap_external>", line 940, in exec_module
  File "<frozen importlib._bootstrap>", line 241, in _call_with_frames_removed
  File "/home/vscode/.local/lib/python3.11/site-packages/airflow/example_dags/standard/example_latest_only.py", line 24, in <module>
    from airflow.providers.standard.operators.empty import EmptyOperator
  File "/home/vscode/.local/lib/python3.11/site-packages/airflow/providers/standard/__init__.py", line 37, in <module>
    raise RuntimeError(
RuntimeError: The package `apache-airflow-providers-standard:1.13.0` needs Apache Airflow 2.11.0+
[2026-05-23T12:10:45.229+0000] {processor.py:842} WARNING - No viable dags retrieved from /home/vscode/.local/lib/python3.11/site-packages/airflow/example_dags/standard/example_latest_only.py
[2026-05-23T12:10:45.242+0000] {processor.py:183} INFO - Processing /home/vscode/.local/lib/python3.11/site-packages/airflow/example_dags/standard/example_latest_only.py took 0.023 seconds
[2026-05-23T12:11:15.513+0000] {processor.py:161} INFO - Started process (PID=32244) to work on /home/vscode/.local/lib/python3.11/site-packages/airflow/example_dags/standard/example_latest_only.py
[2026-05-23T12:11:15.513+0000] {processor.py:830} INFO - Processing file /home/vscode/.local/lib/python3.11/site-packages/airflow/example_dags/standard/example_latest_only.py for tasks to queue
[2026-05-23T12:11:15.514+0000] {logging_mixin.py:188} INFO - [2026-05-23T12:11:15.514+0000] {dagbag.py:545} INFO - Filling up the DagBag from /home/vscode/.local/lib/python3.11/site-packages/airflow/example_dags/standard/example_latest_only.py
[2026-05-23T12:11:15.517+0000] {logging_mixin.py:188} INFO - [2026-05-23T12:11:15.516+0000] {dagbag.py:355} ERROR - Failed to import: /home/vscode/.local/lib/python3.11/site-packages/airflow/example_dags/standard/example_latest_only.py
Traceback (most recent call last):
  File "/home/vscode/.local/lib/python3.11/site-packages/airflow/models/dagbag.py", line 351, in parse
    loader.exec_module(new_module)
  File "<frozen importlib._bootstrap_external>", line 940, in exec_module
  File "<frozen importlib._bootstrap>", line 241, in _call_with_frames_removed
  File "/home/vscode/.local/lib/python3.11/site-packages/airflow/example_dags/standard/example_latest_only.py", line 24, in <module>
    from airflow.providers.standard.operators.empty import EmptyOperator
  File "/home/vscode/.local/lib/python3.11/site-packages/airflow/providers/standard/__init__.py", line 37, in <module>
    raise RuntimeError(
RuntimeError: The package `apache-airflow-providers-standard:1.13.0` needs Apache Airflow 2.11.0+
[2026-05-23T12:11:15.517+0000] {processor.py:842} WARNING - No viable dags retrieved from /home/vscode/.local/lib/python3.11/site-packages/airflow/example_dags/standard/example_latest_only.py
[2026-05-23T12:11:15.531+0000] {processor.py:183} INFO - Processing /home/vscode/.local/lib/python3.11/site-packages/airflow/example_dags/standard/example_latest_only.py took 0.029 seconds
