[2026-05-23T12:01:21.539+0000] {processor.py:161} INFO - Started process (PID=25414) to work on /home/vscode/.local/lib/python3.11/site-packages/airflow/example_dags/standard/example_trigger_controller_dag.py
[2026-05-23T12:01:21.539+0000] {processor.py:830} INFO - Processing file /home/vscode/.local/lib/python3.11/site-packages/airflow/example_dags/standard/example_trigger_controller_dag.py for tasks to queue
[2026-05-23T12:01:21.540+0000] {logging_mixin.py:188} INFO - [2026-05-23T12:01:21.540+0000] {dagbag.py:545} INFO - Filling up the DagBag from /home/vscode/.local/lib/python3.11/site-packages/airflow/example_dags/standard/example_trigger_controller_dag.py
[2026-05-23T12:01:21.543+0000] {logging_mixin.py:188} INFO - [2026-05-23T12:01:21.542+0000] {dagbag.py:355} ERROR - Failed to import: /home/vscode/.local/lib/python3.11/site-packages/airflow/example_dags/standard/example_trigger_controller_dag.py
Traceback (most recent call last):
  File "/home/vscode/.local/lib/python3.11/site-packages/airflow/models/dagbag.py", line 351, in parse
  File "<frozen importlib._bootstrap_external>", line 940, in exec_module
  File "<frozen importlib._bootstrap>", line 241, in _call_with_frames_removed
  File "/home/vscode/.local/lib/python3.11/site-packages/airflow/example_dags/standard/example_trigger_controller_dag.py", line 28, in <module>
    from airflow.providers.standard.operators.trigger_dagrun import TriggerDagRunOperator
  File "/home/vscode/.local/lib/python3.11/site-packages/airflow/providers/standard/__init__.py", line 37, in <module>
    raise RuntimeError(
RuntimeError: The package `apache-airflow-providers-standard:1.13.0` needs Apache Airflow 2.11.0+
[2026-05-23T12:01:21.543+0000] {processor.py:842} WARNING - No viable dags retrieved from /home/vscode/.local/lib/python3.11/site-packages/airflow/example_dags/standard/example_trigger_controller_dag.py
[2026-05-23T12:01:21.556+0000] {processor.py:183} INFO - Processing /home/vscode/.local/lib/python3.11/site-packages/airflow/example_dags/standard/example_trigger_controller_dag.py took 0.035 seconds
[2026-05-23T12:01:53.201+0000] {processor.py:161} INFO - Started process (PID=27342) to work on /home/vscode/.local/lib/python3.11/site-packages/airflow/example_dags/standard/example_trigger_controller_dag.py
[2026-05-23T12:01:53.202+0000] {processor.py:830} INFO - Processing file /home/vscode/.local/lib/python3.11/site-packages/airflow/example_dags/standard/example_trigger_controller_dag.py for tasks to queue
[2026-05-23T12:01:53.203+0000] {logging_mixin.py:188} INFO - [2026-05-23T12:01:53.203+0000] {dagbag.py:545} INFO - Filling up the DagBag from /home/vscode/.local/lib/python3.11/site-packages/airflow/example_dags/standard/example_trigger_controller_dag.py
[2026-05-23T12:01:53.207+0000] {logging_mixin.py:188} INFO - [2026-05-23T12:01:53.206+0000] {dagbag.py:355} ERROR - Failed to import: /home/vscode/.local/lib/python3.11/site-packages/airflow/example_dags/standard/example_trigger_controller_dag.py
Traceback (most recent call last):
  File "/home/vscode/.local/lib/python3.11/site-packages/airflow/models/dagbag.py", line 351, in parse
  File "<frozen importlib._bootstrap_external>", line 940, in exec_module
  File "<frozen importlib._bootstrap>", line 241, in _call_with_frames_removed
  File "/home/vscode/.local/lib/python3.11/site-packages/airflow/example_dags/standard/example_trigger_controller_dag.py", line 28, in <module>
    from airflow.providers.standard.operators.trigger_dagrun import TriggerDagRunOperator
  File "/home/vscode/.local/lib/python3.11/site-packages/airflow/providers/standard/__init__.py", line 37, in <module>
    raise RuntimeError(
RuntimeError: The package `apache-airflow-providers-standard:1.13.0` needs Apache Airflow 2.11.0+
[2026-05-23T12:01:53.207+0000] {processor.py:842} WARNING - No viable dags retrieved from /home/vscode/.local/lib/python3.11/site-packages/airflow/example_dags/standard/example_trigger_controller_dag.py
[2026-05-23T12:01:53.228+0000] {processor.py:183} INFO - Processing /home/vscode/.local/lib/python3.11/site-packages/airflow/example_dags/standard/example_trigger_controller_dag.py took 0.037 seconds
[2026-05-23T12:02:24.449+0000] {processor.py:161} INFO - Started process (PID=29286) to work on /home/vscode/.local/lib/python3.11/site-packages/airflow/example_dags/standard/example_trigger_controller_dag.py
[2026-05-23T12:02:24.450+0000] {processor.py:830} INFO - Processing file /home/vscode/.local/lib/python3.11/site-packages/airflow/example_dags/standard/example_trigger_controller_dag.py for tasks to queue
[2026-05-23T12:02:24.450+0000] {logging_mixin.py:188} INFO - [2026-05-23T12:02:24.450+0000] {dagbag.py:545} INFO - Filling up the DagBag from /home/vscode/.local/lib/python3.11/site-packages/airflow/example_dags/standard/example_trigger_controller_dag.py
[2026-05-23T12:02:24.453+0000] {logging_mixin.py:188} INFO - [2026-05-23T12:02:24.452+0000] {dagbag.py:355} ERROR - Failed to import: /home/vscode/.local/lib/python3.11/site-packages/airflow/example_dags/standard/example_trigger_controller_dag.py
Traceback (most recent call last):
  File "/home/vscode/.local/lib/python3.11/site-packages/airflow/models/dagbag.py", line 351, in parse
  File "<frozen importlib._bootstrap_external>", line 940, in exec_module
  File "<frozen importlib._bootstrap>", line 241, in _call_with_frames_removed
  File "/home/vscode/.local/lib/python3.11/site-packages/airflow/example_dags/standard/example_trigger_controller_dag.py", line 28, in <module>
    from airflow.providers.standard.operators.trigger_dagrun import TriggerDagRunOperator
  File "/home/vscode/.local/lib/python3.11/site-packages/airflow/providers/standard/__init__.py", line 37, in <module>
    raise RuntimeError(
RuntimeError: The package `apache-airflow-providers-standard:1.13.0` needs Apache Airflow 2.11.0+
[2026-05-23T12:02:24.453+0000] {processor.py:842} WARNING - No viable dags retrieved from /home/vscode/.local/lib/python3.11/site-packages/airflow/example_dags/standard/example_trigger_controller_dag.py
[2026-05-23T12:02:24.466+0000] {processor.py:183} INFO - Processing /home/vscode/.local/lib/python3.11/site-packages/airflow/example_dags/standard/example_trigger_controller_dag.py took 0.024 seconds
[2026-05-23T12:02:56.282+0000] {processor.py:161} INFO - Started process (PID=29783) to work on /home/vscode/.local/lib/python3.11/site-packages/airflow/example_dags/standard/example_trigger_controller_dag.py
[2026-05-23T12:02:56.283+0000] {processor.py:830} INFO - Processing file /home/vscode/.local/lib/python3.11/site-packages/airflow/example_dags/standard/example_trigger_controller_dag.py for tasks to queue
[2026-05-23T12:02:56.283+0000] {logging_mixin.py:188} INFO - [2026-05-23T12:02:56.283+0000] {dagbag.py:545} INFO - Filling up the DagBag from /home/vscode/.local/lib/python3.11/site-packages/airflow/example_dags/standard/example_trigger_controller_dag.py
[2026-05-23T12:02:56.286+0000] {logging_mixin.py:188} INFO - [2026-05-23T12:02:56.285+0000] {dagbag.py:355} ERROR - Failed to import: /home/vscode/.local/lib/python3.11/site-packages/airflow/example_dags/standard/example_trigger_controller_dag.py
Traceback (most recent call last):
  File "/home/vscode/.local/lib/python3.11/site-packages/airflow/models/dagbag.py", line 351, in parse
  File "<frozen importlib._bootstrap_external>", line 940, in exec_module
  File "<frozen importlib._bootstrap>", line 241, in _call_with_frames_removed
  File "/home/vscode/.local/lib/python3.11/site-packages/airflow/example_dags/standard/example_trigger_controller_dag.py", line 28, in <module>
    from airflow.providers.standard.operators.trigger_dagrun import TriggerDagRunOperator
  File "/home/vscode/.local/lib/python3.11/site-packages/airflow/providers/standard/__init__.py", line 37, in <module>
    raise RuntimeError(
RuntimeError: The package `apache-airflow-providers-standard:1.13.0` needs Apache Airflow 2.11.0+
[2026-05-23T12:02:56.286+0000] {processor.py:842} WARNING - No viable dags retrieved from /home/vscode/.local/lib/python3.11/site-packages/airflow/example_dags/standard/example_trigger_controller_dag.py
[2026-05-23T12:02:56.300+0000] {processor.py:183} INFO - Processing /home/vscode/.local/lib/python3.11/site-packages/airflow/example_dags/standard/example_trigger_controller_dag.py took 0.024 seconds
[2026-05-23T12:03:26.549+0000] {processor.py:161} INFO - Started process (PID=29936) to work on /home/vscode/.local/lib/python3.11/site-packages/airflow/example_dags/standard/example_trigger_controller_dag.py
[2026-05-23T12:03:26.549+0000] {processor.py:830} INFO - Processing file /home/vscode/.local/lib/python3.11/site-packages/airflow/example_dags/standard/example_trigger_controller_dag.py for tasks to queue
[2026-05-23T12:03:26.550+0000] {logging_mixin.py:188} INFO - [2026-05-23T12:03:26.550+0000] {dagbag.py:545} INFO - Filling up the DagBag from /home/vscode/.local/lib/python3.11/site-packages/airflow/example_dags/standard/example_trigger_controller_dag.py
[2026-05-23T12:03:26.552+0000] {logging_mixin.py:188} INFO - [2026-05-23T12:03:26.552+0000] {dagbag.py:355} ERROR - Failed to import: /home/vscode/.local/lib/python3.11/site-packages/airflow/example_dags/standard/example_trigger_controller_dag.py
Traceback (most recent call last):
  File "/home/vscode/.local/lib/python3.11/site-packages/airflow/models/dagbag.py", line 351, in parse
  File "<frozen importlib._bootstrap_external>", line 940, in exec_module
  File "<frozen importlib._bootstrap>", line 241, in _call_with_frames_removed
  File "/home/vscode/.local/lib/python3.11/site-packages/airflow/example_dags/standard/example_trigger_controller_dag.py", line 28, in <module>
    from airflow.providers.standard.operators.trigger_dagrun import TriggerDagRunOperator
  File "/home/vscode/.local/lib/python3.11/site-packages/airflow/providers/standard/__init__.py", line 37, in <module>
    raise RuntimeError(
RuntimeError: The package `apache-airflow-providers-standard:1.13.0` needs Apache Airflow 2.11.0+
[2026-05-23T12:03:26.553+0000] {processor.py:842} WARNING - No viable dags retrieved from /home/vscode/.local/lib/python3.11/site-packages/airflow/example_dags/standard/example_trigger_controller_dag.py
[2026-05-23T12:03:26.566+0000] {processor.py:183} INFO - Processing /home/vscode/.local/lib/python3.11/site-packages/airflow/example_dags/standard/example_trigger_controller_dag.py took 0.024 seconds
[2026-05-23T12:03:56.817+0000] {processor.py:161} INFO - Started process (PID=30045) to work on /home/vscode/.local/lib/python3.11/site-packages/airflow/example_dags/standard/example_trigger_controller_dag.py
[2026-05-23T12:03:56.817+0000] {processor.py:830} INFO - Processing file /home/vscode/.local/lib/python3.11/site-packages/airflow/example_dags/standard/example_trigger_controller_dag.py for tasks to queue
[2026-05-23T12:03:56.818+0000] {logging_mixin.py:188} INFO - [2026-05-23T12:03:56.817+0000] {dagbag.py:545} INFO - Filling up the DagBag from /home/vscode/.local/lib/python3.11/site-packages/airflow/example_dags/standard/example_trigger_controller_dag.py
[2026-05-23T12:03:56.820+0000] {logging_mixin.py:188} INFO - [2026-05-23T12:03:56.820+0000] {dagbag.py:355} ERROR - Failed to import: /home/vscode/.local/lib/python3.11/site-packages/airflow/example_dags/standard/example_trigger_controller_dag.py
Traceback (most recent call last):
  File "/home/vscode/.local/lib/python3.11/site-packages/airflow/models/dagbag.py", line 351, in parse
  File "<frozen importlib._bootstrap_external>", line 940, in exec_module
  File "<frozen importlib._bootstrap>", line 241, in _call_with_frames_removed
  File "/home/vscode/.local/lib/python3.11/site-packages/airflow/example_dags/standard/example_trigger_controller_dag.py", line 28, in <module>
    from airflow.providers.standard.operators.trigger_dagrun import TriggerDagRunOperator
  File "/home/vscode/.local/lib/python3.11/site-packages/airflow/providers/standard/__init__.py", line 37, in <module>
    raise RuntimeError(
RuntimeError: The package `apache-airflow-providers-standard:1.13.0` needs Apache Airflow 2.11.0+
[2026-05-23T12:03:56.821+0000] {processor.py:842} WARNING - No viable dags retrieved from /home/vscode/.local/lib/python3.11/site-packages/airflow/example_dags/standard/example_trigger_controller_dag.py
[2026-05-23T12:03:56.834+0000] {processor.py:183} INFO - Processing /home/vscode/.local/lib/python3.11/site-packages/airflow/example_dags/standard/example_trigger_controller_dag.py took 0.025 seconds
[2026-05-23T12:04:27.078+0000] {processor.py:161} INFO - Started process (PID=30159) to work on /home/vscode/.local/lib/python3.11/site-packages/airflow/example_dags/standard/example_trigger_controller_dag.py
[2026-05-23T12:04:27.079+0000] {processor.py:830} INFO - Processing file /home/vscode/.local/lib/python3.11/site-packages/airflow/example_dags/standard/example_trigger_controller_dag.py for tasks to queue
[2026-05-23T12:04:27.079+0000] {logging_mixin.py:188} INFO - [2026-05-23T12:04:27.079+0000] {dagbag.py:545} INFO - Filling up the DagBag from /home/vscode/.local/lib/python3.11/site-packages/airflow/example_dags/standard/example_trigger_controller_dag.py
[2026-05-23T12:04:27.082+0000] {logging_mixin.py:188} INFO - [2026-05-23T12:04:27.081+0000] {dagbag.py:355} ERROR - Failed to import: /home/vscode/.local/lib/python3.11/site-packages/airflow/example_dags/standard/example_trigger_controller_dag.py
Traceback (most recent call last):
  File "/home/vscode/.local/lib/python3.11/site-packages/airflow/models/dagbag.py", line 351, in parse
  File "<frozen importlib._bootstrap_external>", line 940, in exec_module
  File "<frozen importlib._bootstrap>", line 241, in _call_with_frames_removed
  File "/home/vscode/.local/lib/python3.11/site-packages/airflow/example_dags/standard/example_trigger_controller_dag.py", line 28, in <module>
    from airflow.providers.standard.operators.trigger_dagrun import TriggerDagRunOperator
  File "/home/vscode/.local/lib/python3.11/site-packages/airflow/providers/standard/__init__.py", line 37, in <module>
    raise RuntimeError(
RuntimeError: The package `apache-airflow-providers-standard:1.13.0` needs Apache Airflow 2.11.0+
[2026-05-23T12:04:27.082+0000] {processor.py:842} WARNING - No viable dags retrieved from /home/vscode/.local/lib/python3.11/site-packages/airflow/example_dags/standard/example_trigger_controller_dag.py
[2026-05-23T12:04:27.096+0000] {processor.py:183} INFO - Processing /home/vscode/.local/lib/python3.11/site-packages/airflow/example_dags/standard/example_trigger_controller_dag.py took 0.025 seconds
[2026-05-23T12:04:57.290+0000] {processor.py:161} INFO - Started process (PID=30269) to work on /home/vscode/.local/lib/python3.11/site-packages/airflow/example_dags/standard/example_trigger_controller_dag.py
[2026-05-23T12:04:57.291+0000] {processor.py:830} INFO - Processing file /home/vscode/.local/lib/python3.11/site-packages/airflow/example_dags/standard/example_trigger_controller_dag.py for tasks to queue
[2026-05-23T12:04:57.292+0000] {logging_mixin.py:188} INFO - [2026-05-23T12:04:57.291+0000] {dagbag.py:545} INFO - Filling up the DagBag from /home/vscode/.local/lib/python3.11/site-packages/airflow/example_dags/standard/example_trigger_controller_dag.py
[2026-05-23T12:04:57.295+0000] {logging_mixin.py:188} INFO - [2026-05-23T12:04:57.294+0000] {dagbag.py:355} ERROR - Failed to import: /home/vscode/.local/lib/python3.11/site-packages/airflow/example_dags/standard/example_trigger_controller_dag.py
Traceback (most recent call last):
  File "/home/vscode/.local/lib/python3.11/site-packages/airflow/models/dagbag.py", line 351, in parse
  File "<frozen importlib._bootstrap_external>", line 940, in exec_module
  File "<frozen importlib._bootstrap>", line 241, in _call_with_frames_removed
  File "/home/vscode/.local/lib/python3.11/site-packages/airflow/example_dags/standard/example_trigger_controller_dag.py", line 28, in <module>
    from airflow.providers.standard.operators.trigger_dagrun import TriggerDagRunOperator
  File "/home/vscode/.local/lib/python3.11/site-packages/airflow/providers/standard/__init__.py", line 37, in <module>
    raise RuntimeError(
RuntimeError: The package `apache-airflow-providers-standard:1.13.0` needs Apache Airflow 2.11.0+
[2026-05-23T12:04:57.296+0000] {processor.py:842} WARNING - No viable dags retrieved from /home/vscode/.local/lib/python3.11/site-packages/airflow/example_dags/standard/example_trigger_controller_dag.py
[2026-05-23T12:04:57.309+0000] {processor.py:183} INFO - Processing /home/vscode/.local/lib/python3.11/site-packages/airflow/example_dags/standard/example_trigger_controller_dag.py took 0.031 seconds
[2026-05-23T12:05:27.547+0000] {processor.py:161} INFO - Started process (PID=30383) to work on /home/vscode/.local/lib/python3.11/site-packages/airflow/example_dags/standard/example_trigger_controller_dag.py
[2026-05-23T12:05:27.548+0000] {processor.py:830} INFO - Processing file /home/vscode/.local/lib/python3.11/site-packages/airflow/example_dags/standard/example_trigger_controller_dag.py for tasks to queue
[2026-05-23T12:05:27.548+0000] {logging_mixin.py:188} INFO - [2026-05-23T12:05:27.548+0000] {dagbag.py:545} INFO - Filling up the DagBag from /home/vscode/.local/lib/python3.11/site-packages/airflow/example_dags/standard/example_trigger_controller_dag.py
[2026-05-23T12:05:27.551+0000] {logging_mixin.py:188} INFO - [2026-05-23T12:05:27.550+0000] {dagbag.py:355} ERROR - Failed to import: /home/vscode/.local/lib/python3.11/site-packages/airflow/example_dags/standard/example_trigger_controller_dag.py
Traceback (most recent call last):
  File "/home/vscode/.local/lib/python3.11/site-packages/airflow/models/dagbag.py", line 351, in parse
  File "<frozen importlib._bootstrap_external>", line 940, in exec_module
  File "<frozen importlib._bootstrap>", line 241, in _call_with_frames_removed
  File "/home/vscode/.local/lib/python3.11/site-packages/airflow/example_dags/standard/example_trigger_controller_dag.py", line 28, in <module>
    from airflow.providers.standard.operators.trigger_dagrun import TriggerDagRunOperator
  File "/home/vscode/.local/lib/python3.11/site-packages/airflow/providers/standard/__init__.py", line 37, in <module>
    raise RuntimeError(
RuntimeError: The package `apache-airflow-providers-standard:1.13.0` needs Apache Airflow 2.11.0+
[2026-05-23T12:05:27.551+0000] {processor.py:842} WARNING - No viable dags retrieved from /home/vscode/.local/lib/python3.11/site-packages/airflow/example_dags/standard/example_trigger_controller_dag.py
[2026-05-23T12:05:27.564+0000] {processor.py:183} INFO - Processing /home/vscode/.local/lib/python3.11/site-packages/airflow/example_dags/standard/example_trigger_controller_dag.py took 0.023 seconds
[2026-05-23T12:05:58.959+0000] {processor.py:161} INFO - Started process (PID=30499) to work on /home/vscode/.local/lib/python3.11/site-packages/airflow/example_dags/standard/example_trigger_controller_dag.py
[2026-05-23T12:05:58.959+0000] {processor.py:830} INFO - Processing file /home/vscode/.local/lib/python3.11/site-packages/airflow/example_dags/standard/example_trigger_controller_dag.py for tasks to queue
[2026-05-23T12:05:58.960+0000] {logging_mixin.py:188} INFO - [2026-05-23T12:05:58.960+0000] {dagbag.py:545} INFO - Filling up the DagBag from /home/vscode/.local/lib/python3.11/site-packages/airflow/example_dags/standard/example_trigger_controller_dag.py
[2026-05-23T12:05:58.962+0000] {logging_mixin.py:188} INFO - [2026-05-23T12:05:58.962+0000] {dagbag.py:355} ERROR - Failed to import: /home/vscode/.local/lib/python3.11/site-packages/airflow/example_dags/standard/example_trigger_controller_dag.py
Traceback (most recent call last):
  File "/home/vscode/.local/lib/python3.11/site-packages/airflow/models/dagbag.py", line 351, in parse
  File "<frozen importlib._bootstrap_external>", line 940, in exec_module
  File "<frozen importlib._bootstrap>", line 241, in _call_with_frames_removed
  File "/home/vscode/.local/lib/python3.11/site-packages/airflow/example_dags/standard/example_trigger_controller_dag.py", line 28, in <module>
    from airflow.providers.standard.operators.trigger_dagrun import TriggerDagRunOperator
  File "/home/vscode/.local/lib/python3.11/site-packages/airflow/providers/standard/__init__.py", line 37, in <module>
    raise RuntimeError(
RuntimeError: The package `apache-airflow-providers-standard:1.13.0` needs Apache Airflow 2.11.0+
[2026-05-23T12:05:58.963+0000] {processor.py:842} WARNING - No viable dags retrieved from /home/vscode/.local/lib/python3.11/site-packages/airflow/example_dags/standard/example_trigger_controller_dag.py
[2026-05-23T12:05:58.979+0000] {processor.py:183} INFO - Processing /home/vscode/.local/lib/python3.11/site-packages/airflow/example_dags/standard/example_trigger_controller_dag.py took 0.027 seconds
[2026-05-23T12:06:30.266+0000] {processor.py:161} INFO - Started process (PID=30609) to work on /home/vscode/.local/lib/python3.11/site-packages/airflow/example_dags/standard/example_trigger_controller_dag.py
[2026-05-23T12:06:30.267+0000] {processor.py:830} INFO - Processing file /home/vscode/.local/lib/python3.11/site-packages/airflow/example_dags/standard/example_trigger_controller_dag.py for tasks to queue
[2026-05-23T12:06:30.267+0000] {logging_mixin.py:188} INFO - [2026-05-23T12:06:30.267+0000] {dagbag.py:545} INFO - Filling up the DagBag from /home/vscode/.local/lib/python3.11/site-packages/airflow/example_dags/standard/example_trigger_controller_dag.py
[2026-05-23T12:06:30.270+0000] {logging_mixin.py:188} INFO - [2026-05-23T12:06:30.269+0000] {dagbag.py:355} ERROR - Failed to import: /home/vscode/.local/lib/python3.11/site-packages/airflow/example_dags/standard/example_trigger_controller_dag.py
Traceback (most recent call last):
  File "/home/vscode/.local/lib/python3.11/site-packages/airflow/models/dagbag.py", line 351, in parse
  File "<frozen importlib._bootstrap_external>", line 940, in exec_module
  File "<frozen importlib._bootstrap>", line 241, in _call_with_frames_removed
  File "/home/vscode/.local/lib/python3.11/site-packages/airflow/example_dags/standard/example_trigger_controller_dag.py", line 28, in <module>
    from airflow.providers.standard.operators.trigger_dagrun import TriggerDagRunOperator
  File "/home/vscode/.local/lib/python3.11/site-packages/airflow/providers/standard/__init__.py", line 37, in <module>
    raise RuntimeError(
RuntimeError: The package `apache-airflow-providers-standard:1.13.0` needs Apache Airflow 2.11.0+
[2026-05-23T12:06:30.270+0000] {processor.py:842} WARNING - No viable dags retrieved from /home/vscode/.local/lib/python3.11/site-packages/airflow/example_dags/standard/example_trigger_controller_dag.py
[2026-05-23T12:06:30.285+0000] {processor.py:183} INFO - Processing /home/vscode/.local/lib/python3.11/site-packages/airflow/example_dags/standard/example_trigger_controller_dag.py took 0.025 seconds
[2026-05-23T12:07:00.546+0000] {processor.py:161} INFO - Started process (PID=30725) to work on /home/vscode/.local/lib/python3.11/site-packages/airflow/example_dags/standard/example_trigger_controller_dag.py
[2026-05-23T12:07:00.546+0000] {processor.py:830} INFO - Processing file /home/vscode/.local/lib/python3.11/site-packages/airflow/example_dags/standard/example_trigger_controller_dag.py for tasks to queue
[2026-05-23T12:07:00.547+0000] {logging_mixin.py:188} INFO - [2026-05-23T12:07:00.547+0000] {dagbag.py:545} INFO - Filling up the DagBag from /home/vscode/.local/lib/python3.11/site-packages/airflow/example_dags/standard/example_trigger_controller_dag.py
[2026-05-23T12:07:00.549+0000] {logging_mixin.py:188} INFO - [2026-05-23T12:07:00.549+0000] {dagbag.py:355} ERROR - Failed to import: /home/vscode/.local/lib/python3.11/site-packages/airflow/example_dags/standard/example_trigger_controller_dag.py
Traceback (most recent call last):
  File "/home/vscode/.local/lib/python3.11/site-packages/airflow/models/dagbag.py", line 351, in parse
  File "<frozen importlib._bootstrap_external>", line 940, in exec_module
  File "<frozen importlib._bootstrap>", line 241, in _call_with_frames_removed
  File "/home/vscode/.local/lib/python3.11/site-packages/airflow/example_dags/standard/example_trigger_controller_dag.py", line 28, in <module>
    from airflow.providers.standard.operators.trigger_dagrun import TriggerDagRunOperator
  File "/home/vscode/.local/lib/python3.11/site-packages/airflow/providers/standard/__init__.py", line 37, in <module>
    raise RuntimeError(
RuntimeError: The package `apache-airflow-providers-standard:1.13.0` needs Apache Airflow 2.11.0+
[2026-05-23T12:07:00.550+0000] {processor.py:842} WARNING - No viable dags retrieved from /home/vscode/.local/lib/python3.11/site-packages/airflow/example_dags/standard/example_trigger_controller_dag.py
[2026-05-23T12:07:00.563+0000] {processor.py:183} INFO - Processing /home/vscode/.local/lib/python3.11/site-packages/airflow/example_dags/standard/example_trigger_controller_dag.py took 0.025 seconds
[2026-05-23T12:07:30.807+0000] {processor.py:161} INFO - Started process (PID=30833) to work on /home/vscode/.local/lib/python3.11/site-packages/airflow/example_dags/standard/example_trigger_controller_dag.py
[2026-05-23T12:07:30.807+0000] {processor.py:830} INFO - Processing file /home/vscode/.local/lib/python3.11/site-packages/airflow/example_dags/standard/example_trigger_controller_dag.py for tasks to queue
[2026-05-23T12:07:30.808+0000] {logging_mixin.py:188} INFO - [2026-05-23T12:07:30.808+0000] {dagbag.py:545} INFO - Filling up the DagBag from /home/vscode/.local/lib/python3.11/site-packages/airflow/example_dags/standard/example_trigger_controller_dag.py
[2026-05-23T12:07:30.810+0000] {logging_mixin.py:188} INFO - [2026-05-23T12:07:30.809+0000] {dagbag.py:355} ERROR - Failed to import: /home/vscode/.local/lib/python3.11/site-packages/airflow/example_dags/standard/example_trigger_controller_dag.py
Traceback (most recent call last):
  File "/home/vscode/.local/lib/python3.11/site-packages/airflow/models/dagbag.py", line 351, in parse
  File "<frozen importlib._bootstrap_external>", line 940, in exec_module
  File "<frozen importlib._bootstrap>", line 241, in _call_with_frames_removed
  File "/home/vscode/.local/lib/python3.11/site-packages/airflow/example_dags/standard/example_trigger_controller_dag.py", line 28, in <module>
    from airflow.providers.standard.operators.trigger_dagrun import TriggerDagRunOperator
  File "/home/vscode/.local/lib/python3.11/site-packages/airflow/providers/standard/__init__.py", line 37, in <module>
    raise RuntimeError(
RuntimeError: The package `apache-airflow-providers-standard:1.13.0` needs Apache Airflow 2.11.0+
[2026-05-23T12:07:30.810+0000] {processor.py:842} WARNING - No viable dags retrieved from /home/vscode/.local/lib/python3.11/site-packages/airflow/example_dags/standard/example_trigger_controller_dag.py
[2026-05-23T12:07:30.825+0000] {processor.py:183} INFO - Processing /home/vscode/.local/lib/python3.11/site-packages/airflow/example_dags/standard/example_trigger_controller_dag.py took 0.025 seconds
[2026-05-23T12:08:01.007+0000] {processor.py:161} INFO - Started process (PID=30947) to work on /home/vscode/.local/lib/python3.11/site-packages/airflow/example_dags/standard/example_trigger_controller_dag.py
[2026-05-23T12:08:01.008+0000] {processor.py:830} INFO - Processing file /home/vscode/.local/lib/python3.11/site-packages/airflow/example_dags/standard/example_trigger_controller_dag.py for tasks to queue
[2026-05-23T12:08:01.008+0000] {logging_mixin.py:188} INFO - [2026-05-23T12:08:01.008+0000] {dagbag.py:545} INFO - Filling up the DagBag from /home/vscode/.local/lib/python3.11/site-packages/airflow/example_dags/standard/example_trigger_controller_dag.py
[2026-05-23T12:08:01.011+0000] {logging_mixin.py:188} INFO - [2026-05-23T12:08:01.010+0000] {dagbag.py:355} ERROR - Failed to import: /home/vscode/.local/lib/python3.11/site-packages/airflow/example_dags/standard/example_trigger_controller_dag.py
Traceback (most recent call last):
  File "/home/vscode/.local/lib/python3.11/site-packages/airflow/models/dagbag.py", line 351, in parse
  File "<frozen importlib._bootstrap_external>", line 940, in exec_module
  File "<frozen importlib._bootstrap>", line 241, in _call_with_frames_removed
  File "/home/vscode/.local/lib/python3.11/site-packages/airflow/example_dags/standard/example_trigger_controller_dag.py", line 28, in <module>
    from airflow.providers.standard.operators.trigger_dagrun import TriggerDagRunOperator
  File "/home/vscode/.local/lib/python3.11/site-packages/airflow/providers/standard/__init__.py", line 37, in <module>
    raise RuntimeError(
RuntimeError: The package `apache-airflow-providers-standard:1.13.0` needs Apache Airflow 2.11.0+
[2026-05-23T12:08:01.011+0000] {processor.py:842} WARNING - No viable dags retrieved from /home/vscode/.local/lib/python3.11/site-packages/airflow/example_dags/standard/example_trigger_controller_dag.py
[2026-05-23T12:08:01.024+0000] {processor.py:183} INFO - Processing /home/vscode/.local/lib/python3.11/site-packages/airflow/example_dags/standard/example_trigger_controller_dag.py took 0.023 seconds
[2026-05-23T12:08:31.290+0000] {processor.py:161} INFO - Started process (PID=31104) to work on /home/vscode/.local/lib/python3.11/site-packages/airflow/example_dags/standard/example_trigger_controller_dag.py
[2026-05-23T12:08:31.291+0000] {processor.py:830} INFO - Processing file /home/vscode/.local/lib/python3.11/site-packages/airflow/example_dags/standard/example_trigger_controller_dag.py for tasks to queue
[2026-05-23T12:08:31.292+0000] {logging_mixin.py:188} INFO - [2026-05-23T12:08:31.292+0000] {dagbag.py:545} INFO - Filling up the DagBag from /home/vscode/.local/lib/python3.11/site-packages/airflow/example_dags/standard/example_trigger_controller_dag.py
[2026-05-23T12:08:31.294+0000] {logging_mixin.py:188} INFO - [2026-05-23T12:08:31.293+0000] {dagbag.py:355} ERROR - Failed to import: /home/vscode/.local/lib/python3.11/site-packages/airflow/example_dags/standard/example_trigger_controller_dag.py
Traceback (most recent call last):
  File "/home/vscode/.local/lib/python3.11/site-packages/airflow/models/dagbag.py", line 351, in parse
  File "<frozen importlib._bootstrap_external>", line 940, in exec_module
  File "<frozen importlib._bootstrap>", line 241, in _call_with_frames_removed
  File "/home/vscode/.local/lib/python3.11/site-packages/airflow/example_dags/standard/example_trigger_controller_dag.py", line 28, in <module>
    from airflow.providers.standard.operators.trigger_dagrun import TriggerDagRunOperator
  File "/home/vscode/.local/lib/python3.11/site-packages/airflow/providers/standard/__init__.py", line 37, in <module>
    raise RuntimeError(
RuntimeError: The package `apache-airflow-providers-standard:1.13.0` needs Apache Airflow 2.11.0+
[2026-05-23T12:08:31.294+0000] {processor.py:842} WARNING - No viable dags retrieved from /home/vscode/.local/lib/python3.11/site-packages/airflow/example_dags/standard/example_trigger_controller_dag.py
[2026-05-23T12:08:31.307+0000] {processor.py:183} INFO - Processing /home/vscode/.local/lib/python3.11/site-packages/airflow/example_dags/standard/example_trigger_controller_dag.py took 0.032 seconds
[2026-05-23T12:09:01.546+0000] {processor.py:161} INFO - Started process (PID=31323) to work on /home/vscode/.local/lib/python3.11/site-packages/airflow/example_dags/standard/example_trigger_controller_dag.py
[2026-05-23T12:09:01.547+0000] {processor.py:830} INFO - Processing file /home/vscode/.local/lib/python3.11/site-packages/airflow/example_dags/standard/example_trigger_controller_dag.py for tasks to queue
[2026-05-23T12:09:01.548+0000] {logging_mixin.py:188} INFO - [2026-05-23T12:09:01.548+0000] {dagbag.py:545} INFO - Filling up the DagBag from /home/vscode/.local/lib/python3.11/site-packages/airflow/example_dags/standard/example_trigger_controller_dag.py
[2026-05-23T12:09:01.550+0000] {logging_mixin.py:188} INFO - [2026-05-23T12:09:01.550+0000] {dagbag.py:355} ERROR - Failed to import: /home/vscode/.local/lib/python3.11/site-packages/airflow/example_dags/standard/example_trigger_controller_dag.py
Traceback (most recent call last):
  File "/home/vscode/.local/lib/python3.11/site-packages/airflow/models/dagbag.py", line 351, in parse
  File "<frozen importlib._bootstrap_external>", line 940, in exec_module
  File "<frozen importlib._bootstrap>", line 241, in _call_with_frames_removed
  File "/home/vscode/.local/lib/python3.11/site-packages/airflow/example_dags/standard/example_trigger_controller_dag.py", line 28, in <module>
    from airflow.providers.standard.operators.trigger_dagrun import TriggerDagRunOperator
  File "/home/vscode/.local/lib/python3.11/site-packages/airflow/providers/standard/__init__.py", line 37, in <module>
    raise RuntimeError(
RuntimeError: The package `apache-airflow-providers-standard:1.13.0` needs Apache Airflow 2.11.0+
[2026-05-23T12:09:01.551+0000] {processor.py:842} WARNING - No viable dags retrieved from /home/vscode/.local/lib/python3.11/site-packages/airflow/example_dags/standard/example_trigger_controller_dag.py
[2026-05-23T12:09:01.564+0000] {processor.py:183} INFO - Processing /home/vscode/.local/lib/python3.11/site-packages/airflow/example_dags/standard/example_trigger_controller_dag.py took 0.027 seconds
[2026-05-23T12:09:31.853+0000] {processor.py:161} INFO - Started process (PID=31574) to work on /home/vscode/.local/lib/python3.11/site-packages/airflow/example_dags/standard/example_trigger_controller_dag.py
[2026-05-23T12:09:31.854+0000] {processor.py:830} INFO - Processing file /home/vscode/.local/lib/python3.11/site-packages/airflow/example_dags/standard/example_trigger_controller_dag.py for tasks to queue
[2026-05-23T12:09:31.855+0000] {logging_mixin.py:188} INFO - [2026-05-23T12:09:31.854+0000] {dagbag.py:545} INFO - Filling up the DagBag from /home/vscode/.local/lib/python3.11/site-packages/airflow/example_dags/standard/example_trigger_controller_dag.py
[2026-05-23T12:09:31.858+0000] {logging_mixin.py:188} INFO - [2026-05-23T12:09:31.857+0000] {dagbag.py:355} ERROR - Failed to import: /home/vscode/.local/lib/python3.11/site-packages/airflow/example_dags/standard/example_trigger_controller_dag.py
Traceback (most recent call last):
  File "/home/vscode/.local/lib/python3.11/site-packages/airflow/models/dagbag.py", line 351, in parse
  File "<frozen importlib._bootstrap_external>", line 940, in exec_module
  File "<frozen importlib._bootstrap>", line 241, in _call_with_frames_removed
  File "/home/vscode/.local/lib/python3.11/site-packages/airflow/example_dags/standard/example_trigger_controller_dag.py", line 28, in <module>
    from airflow.providers.standard.operators.trigger_dagrun import TriggerDagRunOperator
  File "/home/vscode/.local/lib/python3.11/site-packages/airflow/providers/standard/__init__.py", line 37, in <module>
    raise RuntimeError(
RuntimeError: The package `apache-airflow-providers-standard:1.13.0` needs Apache Airflow 2.11.0+
[2026-05-23T12:09:31.858+0000] {processor.py:842} WARNING - No viable dags retrieved from /home/vscode/.local/lib/python3.11/site-packages/airflow/example_dags/standard/example_trigger_controller_dag.py
[2026-05-23T12:09:31.952+0000] {processor.py:183} INFO - Processing /home/vscode/.local/lib/python3.11/site-packages/airflow/example_dags/standard/example_trigger_controller_dag.py took 0.109 seconds
[2026-05-23T12:10:03.508+0000] {processor.py:161} INFO - Started process (PID=31733) to work on /home/vscode/.local/lib/python3.11/site-packages/airflow/example_dags/standard/example_trigger_controller_dag.py
[2026-05-23T12:10:03.508+0000] {processor.py:830} INFO - Processing file /home/vscode/.local/lib/python3.11/site-packages/airflow/example_dags/standard/example_trigger_controller_dag.py for tasks to queue
[2026-05-23T12:10:03.509+0000] {logging_mixin.py:188} INFO - [2026-05-23T12:10:03.509+0000] {dagbag.py:545} INFO - Filling up the DagBag from /home/vscode/.local/lib/python3.11/site-packages/airflow/example_dags/standard/example_trigger_controller_dag.py
[2026-05-23T12:10:03.511+0000] {logging_mixin.py:188} INFO - [2026-05-23T12:10:03.511+0000] {dagbag.py:355} ERROR - Failed to import: /home/vscode/.local/lib/python3.11/site-packages/airflow/example_dags/standard/example_trigger_controller_dag.py
Traceback (most recent call last):
  File "/home/vscode/.local/lib/python3.11/site-packages/airflow/models/dagbag.py", line 351, in parse
    loader.exec_module(new_module)
  File "<frozen importlib._bootstrap_external>", line 940, in exec_module
  File "<frozen importlib._bootstrap>", line 241, in _call_with_frames_removed
  File "/home/vscode/.local/lib/python3.11/site-packages/airflow/example_dags/standard/example_trigger_controller_dag.py", line 28, in <module>
    from airflow.providers.standard.operators.trigger_dagrun import TriggerDagRunOperator
  File "/home/vscode/.local/lib/python3.11/site-packages/airflow/providers/standard/__init__.py", line 37, in <module>
    raise RuntimeError(
RuntimeError: The package `apache-airflow-providers-standard:1.13.0` needs Apache Airflow 2.11.0+
[2026-05-23T12:10:03.512+0000] {processor.py:842} WARNING - No viable dags retrieved from /home/vscode/.local/lib/python3.11/site-packages/airflow/example_dags/standard/example_trigger_controller_dag.py
[2026-05-23T12:10:03.525+0000] {processor.py:183} INFO - Processing /home/vscode/.local/lib/python3.11/site-packages/airflow/example_dags/standard/example_trigger_controller_dag.py took 0.024 seconds
[2026-05-23T12:10:34.123+0000] {processor.py:161} INFO - Started process (PID=31945) to work on /home/vscode/.local/lib/python3.11/site-packages/airflow/example_dags/standard/example_trigger_controller_dag.py
[2026-05-23T12:10:34.124+0000] {processor.py:830} INFO - Processing file /home/vscode/.local/lib/python3.11/site-packages/airflow/example_dags/standard/example_trigger_controller_dag.py for tasks to queue
[2026-05-23T12:10:34.124+0000] {logging_mixin.py:188} INFO - [2026-05-23T12:10:34.124+0000] {dagbag.py:545} INFO - Filling up the DagBag from /home/vscode/.local/lib/python3.11/site-packages/airflow/example_dags/standard/example_trigger_controller_dag.py
[2026-05-23T12:10:34.127+0000] {logging_mixin.py:188} INFO - [2026-05-23T12:10:34.126+0000] {dagbag.py:355} ERROR - Failed to import: /home/vscode/.local/lib/python3.11/site-packages/airflow/example_dags/standard/example_trigger_controller_dag.py
Traceback (most recent call last):
  File "/home/vscode/.local/lib/python3.11/site-packages/airflow/models/dagbag.py", line 351, in parse
    loader.exec_module(new_module)
  File "<frozen importlib._bootstrap_external>", line 940, in exec_module
  File "<frozen importlib._bootstrap>", line 241, in _call_with_frames_removed
  File "/home/vscode/.local/lib/python3.11/site-packages/airflow/example_dags/standard/example_trigger_controller_dag.py", line 28, in <module>
    from airflow.providers.standard.operators.trigger_dagrun import TriggerDagRunOperator
  File "/home/vscode/.local/lib/python3.11/site-packages/airflow/providers/standard/__init__.py", line 37, in <module>
    raise RuntimeError(
RuntimeError: The package `apache-airflow-providers-standard:1.13.0` needs Apache Airflow 2.11.0+
[2026-05-23T12:10:34.127+0000] {processor.py:842} WARNING - No viable dags retrieved from /home/vscode/.local/lib/python3.11/site-packages/airflow/example_dags/standard/example_trigger_controller_dag.py
[2026-05-23T12:10:34.139+0000] {processor.py:183} INFO - Processing /home/vscode/.local/lib/python3.11/site-packages/airflow/example_dags/standard/example_trigger_controller_dag.py took 0.022 seconds
[2026-05-23T12:11:04.732+0000] {processor.py:161} INFO - Started process (PID=32156) to work on /home/vscode/.local/lib/python3.11/site-packages/airflow/example_dags/standard/example_trigger_controller_dag.py
[2026-05-23T12:11:04.732+0000] {processor.py:830} INFO - Processing file /home/vscode/.local/lib/python3.11/site-packages/airflow/example_dags/standard/example_trigger_controller_dag.py for tasks to queue
[2026-05-23T12:11:04.733+0000] {logging_mixin.py:188} INFO - [2026-05-23T12:11:04.733+0000] {dagbag.py:545} INFO - Filling up the DagBag from /home/vscode/.local/lib/python3.11/site-packages/airflow/example_dags/standard/example_trigger_controller_dag.py
[2026-05-23T12:11:04.737+0000] {logging_mixin.py:188} INFO - [2026-05-23T12:11:04.736+0000] {dagbag.py:355} ERROR - Failed to import: /home/vscode/.local/lib/python3.11/site-packages/airflow/example_dags/standard/example_trigger_controller_dag.py
Traceback (most recent call last):
  File "/home/vscode/.local/lib/python3.11/site-packages/airflow/models/dagbag.py", line 351, in parse
    loader.exec_module(new_module)
  File "<frozen importlib._bootstrap_external>", line 940, in exec_module
  File "<frozen importlib._bootstrap>", line 241, in _call_with_frames_removed
  File "/home/vscode/.local/lib/python3.11/site-packages/airflow/example_dags/standard/example_trigger_controller_dag.py", line 28, in <module>
    from airflow.providers.standard.operators.trigger_dagrun import TriggerDagRunOperator
  File "/home/vscode/.local/lib/python3.11/site-packages/airflow/providers/standard/__init__.py", line 37, in <module>
    raise RuntimeError(
RuntimeError: The package `apache-airflow-providers-standard:1.13.0` needs Apache Airflow 2.11.0+
[2026-05-23T12:11:04.737+0000] {processor.py:842} WARNING - No viable dags retrieved from /home/vscode/.local/lib/python3.11/site-packages/airflow/example_dags/standard/example_trigger_controller_dag.py
[2026-05-23T12:11:04.755+0000] {processor.py:183} INFO - Processing /home/vscode/.local/lib/python3.11/site-packages/airflow/example_dags/standard/example_trigger_controller_dag.py took 0.033 seconds
