[2026-05-23T12:01:26.581+0000] {processor.py:161} INFO - Started process (PID=25507) to work on /home/vscode/.local/lib/python3.11/site-packages/airflow/example_dags/standard/example_python_decorator.py
[2026-05-23T12:01:26.582+0000] {processor.py:830} INFO - Processing file /home/vscode/.local/lib/python3.11/site-packages/airflow/example_dags/standard/example_python_decorator.py for tasks to queue
[2026-05-23T12:01:26.582+0000] {logging_mixin.py:188} INFO - [2026-05-23T12:01:26.582+0000] {dagbag.py:545} INFO - Filling up the DagBag from /home/vscode/.local/lib/python3.11/site-packages/airflow/example_dags/standard/example_python_decorator.py
[2026-05-23T12:01:26.587+0000] {logging_mixin.py:188} INFO - [2026-05-23T12:01:26.585+0000] {dagbag.py:355} ERROR - Failed to import: /home/vscode/.local/lib/python3.11/site-packages/airflow/example_dags/standard/example_python_decorator.py
Traceback (most recent call last):
  File "/home/vscode/.local/lib/python3.11/site-packages/airflow/models/dagbag.py", line 351, in parse
  File "<frozen importlib._bootstrap_external>", line 940, in exec_module
  File "<frozen importlib._bootstrap>", line 241, in _call_with_frames_removed
  File "/home/vscode/.local/lib/python3.11/site-packages/airflow/example_dags/standard/example_python_decorator.py", line 32, in <module>
    from airflow.sdk import dag, task
  File "/home/vscode/.local/lib/python3.11/site-packages/airflow/sdk/__init__.py", line 137, in __getattr__
    mod = importlib.import_module(module_path, __name__)
          ^^^^^^^^^^^^^^^^^^^^^^^^^^^^^^^^^^^^^^^^^^^^^^
  File "/usr/local/lib/python3.11/importlib/__init__.py", line 126, in import_module
    return _bootstrap._gcd_import(name[level:], package, level)
           ^^^^^^^^^^^^^^^^^^^^^^^^^^^^^^^^^^^^^^^^^^^^^^^^^^^^
  File "/home/vscode/.local/lib/python3.11/site-packages/airflow/sdk/definitions/dag.py", line 40, in <module>
    from airflow.exceptions import (
ImportError: cannot import name 'RemovedInAirflow4Warning' from 'airflow.exceptions' (/home/vscode/.local/lib/python3.11/site-packages/airflow/exceptions.py)
[2026-05-23T12:01:26.587+0000] {processor.py:842} WARNING - No viable dags retrieved from /home/vscode/.local/lib/python3.11/site-packages/airflow/example_dags/standard/example_python_decorator.py
[2026-05-23T12:01:26.600+0000] {processor.py:183} INFO - Processing /home/vscode/.local/lib/python3.11/site-packages/airflow/example_dags/standard/example_python_decorator.py took 0.026 seconds
[2026-05-23T12:01:59.536+0000] {processor.py:161} INFO - Started process (PID=27610) to work on /home/vscode/.local/lib/python3.11/site-packages/airflow/example_dags/standard/example_python_decorator.py
[2026-05-23T12:01:59.553+0000] {processor.py:830} INFO - Processing file /home/vscode/.local/lib/python3.11/site-packages/airflow/example_dags/standard/example_python_decorator.py for tasks to queue
[2026-05-23T12:01:59.557+0000] {logging_mixin.py:188} INFO - [2026-05-23T12:01:59.557+0000] {dagbag.py:545} INFO - Filling up the DagBag from /home/vscode/.local/lib/python3.11/site-packages/airflow/example_dags/standard/example_python_decorator.py
[2026-05-23T12:01:59.797+0000] {logging_mixin.py:188} INFO - [2026-05-23T12:01:59.645+0000] {dagbag.py:355} ERROR - Failed to import: /home/vscode/.local/lib/python3.11/site-packages/airflow/example_dags/standard/example_python_decorator.py
Traceback (most recent call last):
  File "/home/vscode/.local/lib/python3.11/site-packages/airflow/models/dagbag.py", line 351, in parse
  File "<frozen importlib._bootstrap_external>", line 940, in exec_module
  File "<frozen importlib._bootstrap>", line 241, in _call_with_frames_removed
  File "/home/vscode/.local/lib/python3.11/site-packages/airflow/example_dags/standard/example_python_decorator.py", line 32, in <module>
    from airflow.sdk import dag, task
  File "/home/vscode/.local/lib/python3.11/site-packages/airflow/sdk/__init__.py", line 137, in __getattr__
    mod = importlib.import_module(module_path, __name__)
          ^^^^^^^^^^^^^^^^^^^^^^^^^^^^^^^^^^^^^^^^^^^^^^
  File "/usr/local/lib/python3.11/importlib/__init__.py", line 126, in import_module
    return _bootstrap._gcd_import(name[level:], package, level)
           ^^^^^^^^^^^^^^^^^^^^^^^^^^^^^^^^^^^^^^^^^^^^^^^^^^^^
  File "/home/vscode/.local/lib/python3.11/site-packages/airflow/sdk/definitions/dag.py", line 40, in <module>
    from airflow.exceptions import (
ImportError: cannot import name 'RemovedInAirflow4Warning' from 'airflow.exceptions' (/home/vscode/.local/lib/python3.11/site-packages/airflow/exceptions.py)
[2026-05-23T12:01:59.800+0000] {processor.py:842} WARNING - No viable dags retrieved from /home/vscode/.local/lib/python3.11/site-packages/airflow/example_dags/standard/example_python_decorator.py
[2026-05-23T12:02:00.051+0000] {processor.py:183} INFO - Processing /home/vscode/.local/lib/python3.11/site-packages/airflow/example_dags/standard/example_python_decorator.py took 0.526 seconds
[2026-05-23T12:02:30.484+0000] {processor.py:161} INFO - Started process (PID=29378) to work on /home/vscode/.local/lib/python3.11/site-packages/airflow/example_dags/standard/example_python_decorator.py
[2026-05-23T12:02:30.484+0000] {processor.py:830} INFO - Processing file /home/vscode/.local/lib/python3.11/site-packages/airflow/example_dags/standard/example_python_decorator.py for tasks to queue
[2026-05-23T12:02:30.485+0000] {logging_mixin.py:188} INFO - [2026-05-23T12:02:30.485+0000] {dagbag.py:545} INFO - Filling up the DagBag from /home/vscode/.local/lib/python3.11/site-packages/airflow/example_dags/standard/example_python_decorator.py
[2026-05-23T12:02:30.489+0000] {logging_mixin.py:188} INFO - [2026-05-23T12:02:30.488+0000] {dagbag.py:355} ERROR - Failed to import: /home/vscode/.local/lib/python3.11/site-packages/airflow/example_dags/standard/example_python_decorator.py
Traceback (most recent call last):
  File "/home/vscode/.local/lib/python3.11/site-packages/airflow/models/dagbag.py", line 351, in parse
  File "<frozen importlib._bootstrap_external>", line 940, in exec_module
  File "<frozen importlib._bootstrap>", line 241, in _call_with_frames_removed
  File "/home/vscode/.local/lib/python3.11/site-packages/airflow/example_dags/standard/example_python_decorator.py", line 32, in <module>
    from airflow.sdk import dag, task
  File "/home/vscode/.local/lib/python3.11/site-packages/airflow/sdk/__init__.py", line 137, in __getattr__
    mod = importlib.import_module(module_path, __name__)
          ^^^^^^^^^^^^^^^^^^^^^^^^^^^^^^^^^^^^^^^^^^^^^^
  File "/usr/local/lib/python3.11/importlib/__init__.py", line 126, in import_module
    return _bootstrap._gcd_import(name[level:], package, level)
           ^^^^^^^^^^^^^^^^^^^^^^^^^^^^^^^^^^^^^^^^^^^^^^^^^^^^
  File "/home/vscode/.local/lib/python3.11/site-packages/airflow/sdk/definitions/dag.py", line 40, in <module>
    from airflow.exceptions import (
ImportError: cannot import name 'RemovedInAirflow4Warning' from 'airflow.exceptions' (/home/vscode/.local/lib/python3.11/site-packages/airflow/exceptions.py)
[2026-05-23T12:02:30.489+0000] {processor.py:842} WARNING - No viable dags retrieved from /home/vscode/.local/lib/python3.11/site-packages/airflow/example_dags/standard/example_python_decorator.py
[2026-05-23T12:02:30.517+0000] {processor.py:183} INFO - Processing /home/vscode/.local/lib/python3.11/site-packages/airflow/example_dags/standard/example_python_decorator.py took 0.040 seconds
[2026-05-23T12:03:02.010+0000] {processor.py:161} INFO - Started process (PID=29826) to work on /home/vscode/.local/lib/python3.11/site-packages/airflow/example_dags/standard/example_python_decorator.py
[2026-05-23T12:03:02.010+0000] {processor.py:830} INFO - Processing file /home/vscode/.local/lib/python3.11/site-packages/airflow/example_dags/standard/example_python_decorator.py for tasks to queue
[2026-05-23T12:03:02.011+0000] {logging_mixin.py:188} INFO - [2026-05-23T12:03:02.011+0000] {dagbag.py:545} INFO - Filling up the DagBag from /home/vscode/.local/lib/python3.11/site-packages/airflow/example_dags/standard/example_python_decorator.py
[2026-05-23T12:03:02.015+0000] {logging_mixin.py:188} INFO - [2026-05-23T12:03:02.014+0000] {dagbag.py:355} ERROR - Failed to import: /home/vscode/.local/lib/python3.11/site-packages/airflow/example_dags/standard/example_python_decorator.py
Traceback (most recent call last):
  File "/home/vscode/.local/lib/python3.11/site-packages/airflow/models/dagbag.py", line 351, in parse
  File "<frozen importlib._bootstrap_external>", line 940, in exec_module
  File "<frozen importlib._bootstrap>", line 241, in _call_with_frames_removed
  File "/home/vscode/.local/lib/python3.11/site-packages/airflow/example_dags/standard/example_python_decorator.py", line 32, in <module>
    from airflow.sdk import dag, task
  File "/home/vscode/.local/lib/python3.11/site-packages/airflow/sdk/__init__.py", line 137, in __getattr__
    mod = importlib.import_module(module_path, __name__)
          ^^^^^^^^^^^^^^^^^^^^^^^^^^^^^^^^^^^^^^^^^^^^^^
  File "/usr/local/lib/python3.11/importlib/__init__.py", line 126, in import_module
    return _bootstrap._gcd_import(name[level:], package, level)
           ^^^^^^^^^^^^^^^^^^^^^^^^^^^^^^^^^^^^^^^^^^^^^^^^^^^^
  File "/home/vscode/.local/lib/python3.11/site-packages/airflow/sdk/definitions/dag.py", line 40, in <module>
    from airflow.exceptions import (
ImportError: cannot import name 'RemovedInAirflow4Warning' from 'airflow.exceptions' (/home/vscode/.local/lib/python3.11/site-packages/airflow/exceptions.py)
[2026-05-23T12:03:02.015+0000] {processor.py:842} WARNING - No viable dags retrieved from /home/vscode/.local/lib/python3.11/site-packages/airflow/example_dags/standard/example_python_decorator.py
[2026-05-23T12:03:02.029+0000] {processor.py:183} INFO - Processing /home/vscode/.local/lib/python3.11/site-packages/airflow/example_dags/standard/example_python_decorator.py took 0.026 seconds
[2026-05-23T12:03:32.406+0000] {processor.py:161} INFO - Started process (PID=29954) to work on /home/vscode/.local/lib/python3.11/site-packages/airflow/example_dags/standard/example_python_decorator.py
[2026-05-23T12:03:32.407+0000] {processor.py:830} INFO - Processing file /home/vscode/.local/lib/python3.11/site-packages/airflow/example_dags/standard/example_python_decorator.py for tasks to queue
[2026-05-23T12:03:32.407+0000] {logging_mixin.py:188} INFO - [2026-05-23T12:03:32.407+0000] {dagbag.py:545} INFO - Filling up the DagBag from /home/vscode/.local/lib/python3.11/site-packages/airflow/example_dags/standard/example_python_decorator.py
[2026-05-23T12:03:32.411+0000] {logging_mixin.py:188} INFO - [2026-05-23T12:03:32.410+0000] {dagbag.py:355} ERROR - Failed to import: /home/vscode/.local/lib/python3.11/site-packages/airflow/example_dags/standard/example_python_decorator.py
Traceback (most recent call last):
  File "/home/vscode/.local/lib/python3.11/site-packages/airflow/models/dagbag.py", line 351, in parse
  File "<frozen importlib._bootstrap_external>", line 940, in exec_module
  File "<frozen importlib._bootstrap>", line 241, in _call_with_frames_removed
  File "/home/vscode/.local/lib/python3.11/site-packages/airflow/example_dags/standard/example_python_decorator.py", line 32, in <module>
    from airflow.sdk import dag, task
  File "/home/vscode/.local/lib/python3.11/site-packages/airflow/sdk/__init__.py", line 137, in __getattr__
    mod = importlib.import_module(module_path, __name__)
          ^^^^^^^^^^^^^^^^^^^^^^^^^^^^^^^^^^^^^^^^^^^^^^
  File "/usr/local/lib/python3.11/importlib/__init__.py", line 126, in import_module
    return _bootstrap._gcd_import(name[level:], package, level)
           ^^^^^^^^^^^^^^^^^^^^^^^^^^^^^^^^^^^^^^^^^^^^^^^^^^^^
  File "/home/vscode/.local/lib/python3.11/site-packages/airflow/sdk/definitions/dag.py", line 40, in <module>
    from airflow.exceptions import (
ImportError: cannot import name 'RemovedInAirflow4Warning' from 'airflow.exceptions' (/home/vscode/.local/lib/python3.11/site-packages/airflow/exceptions.py)
[2026-05-23T12:03:32.411+0000] {processor.py:842} WARNING - No viable dags retrieved from /home/vscode/.local/lib/python3.11/site-packages/airflow/example_dags/standard/example_python_decorator.py
[2026-05-23T12:03:32.424+0000] {processor.py:183} INFO - Processing /home/vscode/.local/lib/python3.11/site-packages/airflow/example_dags/standard/example_python_decorator.py took 0.025 seconds
[2026-05-23T12:04:02.812+0000] {processor.py:161} INFO - Started process (PID=30063) to work on /home/vscode/.local/lib/python3.11/site-packages/airflow/example_dags/standard/example_python_decorator.py
[2026-05-23T12:04:02.812+0000] {processor.py:830} INFO - Processing file /home/vscode/.local/lib/python3.11/site-packages/airflow/example_dags/standard/example_python_decorator.py for tasks to queue
[2026-05-23T12:04:02.813+0000] {logging_mixin.py:188} INFO - [2026-05-23T12:04:02.813+0000] {dagbag.py:545} INFO - Filling up the DagBag from /home/vscode/.local/lib/python3.11/site-packages/airflow/example_dags/standard/example_python_decorator.py
[2026-05-23T12:04:02.817+0000] {logging_mixin.py:188} INFO - [2026-05-23T12:04:02.816+0000] {dagbag.py:355} ERROR - Failed to import: /home/vscode/.local/lib/python3.11/site-packages/airflow/example_dags/standard/example_python_decorator.py
Traceback (most recent call last):
  File "/home/vscode/.local/lib/python3.11/site-packages/airflow/models/dagbag.py", line 351, in parse
  File "<frozen importlib._bootstrap_external>", line 940, in exec_module
  File "<frozen importlib._bootstrap>", line 241, in _call_with_frames_removed
  File "/home/vscode/.local/lib/python3.11/site-packages/airflow/example_dags/standard/example_python_decorator.py", line 32, in <module>
    from airflow.sdk import dag, task
  File "/home/vscode/.local/lib/python3.11/site-packages/airflow/sdk/__init__.py", line 137, in __getattr__
    mod = importlib.import_module(module_path, __name__)
          ^^^^^^^^^^^^^^^^^^^^^^^^^^^^^^^^^^^^^^^^^^^^^^
  File "/usr/local/lib/python3.11/importlib/__init__.py", line 126, in import_module
    return _bootstrap._gcd_import(name[level:], package, level)
           ^^^^^^^^^^^^^^^^^^^^^^^^^^^^^^^^^^^^^^^^^^^^^^^^^^^^
  File "/home/vscode/.local/lib/python3.11/site-packages/airflow/sdk/definitions/dag.py", line 40, in <module>
    from airflow.exceptions import (
ImportError: cannot import name 'RemovedInAirflow4Warning' from 'airflow.exceptions' (/home/vscode/.local/lib/python3.11/site-packages/airflow/exceptions.py)
[2026-05-23T12:04:02.818+0000] {processor.py:842} WARNING - No viable dags retrieved from /home/vscode/.local/lib/python3.11/site-packages/airflow/example_dags/standard/example_python_decorator.py
[2026-05-23T12:04:02.831+0000] {processor.py:183} INFO - Processing /home/vscode/.local/lib/python3.11/site-packages/airflow/example_dags/standard/example_python_decorator.py took 0.026 seconds
[2026-05-23T12:04:33.137+0000] {processor.py:161} INFO - Started process (PID=30178) to work on /home/vscode/.local/lib/python3.11/site-packages/airflow/example_dags/standard/example_python_decorator.py
[2026-05-23T12:04:33.137+0000] {processor.py:830} INFO - Processing file /home/vscode/.local/lib/python3.11/site-packages/airflow/example_dags/standard/example_python_decorator.py for tasks to queue
[2026-05-23T12:04:33.138+0000] {logging_mixin.py:188} INFO - [2026-05-23T12:04:33.138+0000] {dagbag.py:545} INFO - Filling up the DagBag from /home/vscode/.local/lib/python3.11/site-packages/airflow/example_dags/standard/example_python_decorator.py
[2026-05-23T12:04:33.142+0000] {logging_mixin.py:188} INFO - [2026-05-23T12:04:33.141+0000] {dagbag.py:355} ERROR - Failed to import: /home/vscode/.local/lib/python3.11/site-packages/airflow/example_dags/standard/example_python_decorator.py
Traceback (most recent call last):
  File "/home/vscode/.local/lib/python3.11/site-packages/airflow/models/dagbag.py", line 351, in parse
  File "<frozen importlib._bootstrap_external>", line 940, in exec_module
  File "<frozen importlib._bootstrap>", line 241, in _call_with_frames_removed
  File "/home/vscode/.local/lib/python3.11/site-packages/airflow/example_dags/standard/example_python_decorator.py", line 32, in <module>
    from airflow.sdk import dag, task
  File "/home/vscode/.local/lib/python3.11/site-packages/airflow/sdk/__init__.py", line 137, in __getattr__
    mod = importlib.import_module(module_path, __name__)
          ^^^^^^^^^^^^^^^^^^^^^^^^^^^^^^^^^^^^^^^^^^^^^^
  File "/usr/local/lib/python3.11/importlib/__init__.py", line 126, in import_module
    return _bootstrap._gcd_import(name[level:], package, level)
           ^^^^^^^^^^^^^^^^^^^^^^^^^^^^^^^^^^^^^^^^^^^^^^^^^^^^
  File "/home/vscode/.local/lib/python3.11/site-packages/airflow/sdk/definitions/dag.py", line 40, in <module>
    from airflow.exceptions import (
ImportError: cannot import name 'RemovedInAirflow4Warning' from 'airflow.exceptions' (/home/vscode/.local/lib/python3.11/site-packages/airflow/exceptions.py)
[2026-05-23T12:04:33.142+0000] {processor.py:842} WARNING - No viable dags retrieved from /home/vscode/.local/lib/python3.11/site-packages/airflow/example_dags/standard/example_python_decorator.py
[2026-05-23T12:04:33.155+0000] {processor.py:183} INFO - Processing /home/vscode/.local/lib/python3.11/site-packages/airflow/example_dags/standard/example_python_decorator.py took 0.025 seconds
[2026-05-23T12:05:03.535+0000] {processor.py:161} INFO - Started process (PID=30287) to work on /home/vscode/.local/lib/python3.11/site-packages/airflow/example_dags/standard/example_python_decorator.py
[2026-05-23T12:05:03.537+0000] {processor.py:830} INFO - Processing file /home/vscode/.local/lib/python3.11/site-packages/airflow/example_dags/standard/example_python_decorator.py for tasks to queue
[2026-05-23T12:05:03.538+0000] {logging_mixin.py:188} INFO - [2026-05-23T12:05:03.537+0000] {dagbag.py:545} INFO - Filling up the DagBag from /home/vscode/.local/lib/python3.11/site-packages/airflow/example_dags/standard/example_python_decorator.py
[2026-05-23T12:05:03.544+0000] {logging_mixin.py:188} INFO - [2026-05-23T12:05:03.542+0000] {dagbag.py:355} ERROR - Failed to import: /home/vscode/.local/lib/python3.11/site-packages/airflow/example_dags/standard/example_python_decorator.py
Traceback (most recent call last):
  File "/home/vscode/.local/lib/python3.11/site-packages/airflow/models/dagbag.py", line 351, in parse
  File "<frozen importlib._bootstrap_external>", line 940, in exec_module
  File "<frozen importlib._bootstrap>", line 241, in _call_with_frames_removed
  File "/home/vscode/.local/lib/python3.11/site-packages/airflow/example_dags/standard/example_python_decorator.py", line 32, in <module>
    from airflow.sdk import dag, task
  File "/home/vscode/.local/lib/python3.11/site-packages/airflow/sdk/__init__.py", line 137, in __getattr__
    mod = importlib.import_module(module_path, __name__)
          ^^^^^^^^^^^^^^^^^^^^^^^^^^^^^^^^^^^^^^^^^^^^^^
  File "/usr/local/lib/python3.11/importlib/__init__.py", line 126, in import_module
    return _bootstrap._gcd_import(name[level:], package, level)
           ^^^^^^^^^^^^^^^^^^^^^^^^^^^^^^^^^^^^^^^^^^^^^^^^^^^^
  File "/home/vscode/.local/lib/python3.11/site-packages/airflow/sdk/definitions/dag.py", line 40, in <module>
    from airflow.exceptions import (
ImportError: cannot import name 'RemovedInAirflow4Warning' from 'airflow.exceptions' (/home/vscode/.local/lib/python3.11/site-packages/airflow/exceptions.py)
[2026-05-23T12:05:03.544+0000] {processor.py:842} WARNING - No viable dags retrieved from /home/vscode/.local/lib/python3.11/site-packages/airflow/example_dags/standard/example_python_decorator.py
[2026-05-23T12:05:03.563+0000] {processor.py:183} INFO - Processing /home/vscode/.local/lib/python3.11/site-packages/airflow/example_dags/standard/example_python_decorator.py took 0.035 seconds
[2026-05-23T12:05:34.440+0000] {processor.py:161} INFO - Started process (PID=30403) to work on /home/vscode/.local/lib/python3.11/site-packages/airflow/example_dags/standard/example_python_decorator.py
[2026-05-23T12:05:34.440+0000] {processor.py:830} INFO - Processing file /home/vscode/.local/lib/python3.11/site-packages/airflow/example_dags/standard/example_python_decorator.py for tasks to queue
[2026-05-23T12:05:34.441+0000] {logging_mixin.py:188} INFO - [2026-05-23T12:05:34.440+0000] {dagbag.py:545} INFO - Filling up the DagBag from /home/vscode/.local/lib/python3.11/site-packages/airflow/example_dags/standard/example_python_decorator.py
[2026-05-23T12:05:34.444+0000] {logging_mixin.py:188} INFO - [2026-05-23T12:05:34.443+0000] {dagbag.py:355} ERROR - Failed to import: /home/vscode/.local/lib/python3.11/site-packages/airflow/example_dags/standard/example_python_decorator.py
Traceback (most recent call last):
  File "/home/vscode/.local/lib/python3.11/site-packages/airflow/models/dagbag.py", line 351, in parse
  File "<frozen importlib._bootstrap_external>", line 940, in exec_module
  File "<frozen importlib._bootstrap>", line 241, in _call_with_frames_removed
  File "/home/vscode/.local/lib/python3.11/site-packages/airflow/example_dags/standard/example_python_decorator.py", line 32, in <module>
    from airflow.sdk import dag, task
  File "/home/vscode/.local/lib/python3.11/site-packages/airflow/sdk/__init__.py", line 137, in __getattr__
    mod = importlib.import_module(module_path, __name__)
          ^^^^^^^^^^^^^^^^^^^^^^^^^^^^^^^^^^^^^^^^^^^^^^
  File "/usr/local/lib/python3.11/importlib/__init__.py", line 126, in import_module
    return _bootstrap._gcd_import(name[level:], package, level)
           ^^^^^^^^^^^^^^^^^^^^^^^^^^^^^^^^^^^^^^^^^^^^^^^^^^^^
  File "/home/vscode/.local/lib/python3.11/site-packages/airflow/sdk/definitions/dag.py", line 40, in <module>
    from airflow.exceptions import (
ImportError: cannot import name 'RemovedInAirflow4Warning' from 'airflow.exceptions' (/home/vscode/.local/lib/python3.11/site-packages/airflow/exceptions.py)
[2026-05-23T12:05:34.445+0000] {processor.py:842} WARNING - No viable dags retrieved from /home/vscode/.local/lib/python3.11/site-packages/airflow/example_dags/standard/example_python_decorator.py
[2026-05-23T12:05:34.457+0000] {processor.py:183} INFO - Processing /home/vscode/.local/lib/python3.11/site-packages/airflow/example_dags/standard/example_python_decorator.py took 0.024 seconds
[2026-05-23T12:06:06.305+0000] {processor.py:161} INFO - Started process (PID=30526) to work on /home/vscode/.local/lib/python3.11/site-packages/airflow/example_dags/standard/example_python_decorator.py
[2026-05-23T12:06:06.305+0000] {processor.py:830} INFO - Processing file /home/vscode/.local/lib/python3.11/site-packages/airflow/example_dags/standard/example_python_decorator.py for tasks to queue
[2026-05-23T12:06:06.306+0000] {logging_mixin.py:188} INFO - [2026-05-23T12:06:06.306+0000] {dagbag.py:545} INFO - Filling up the DagBag from /home/vscode/.local/lib/python3.11/site-packages/airflow/example_dags/standard/example_python_decorator.py
[2026-05-23T12:06:06.310+0000] {logging_mixin.py:188} INFO - [2026-05-23T12:06:06.309+0000] {dagbag.py:355} ERROR - Failed to import: /home/vscode/.local/lib/python3.11/site-packages/airflow/example_dags/standard/example_python_decorator.py
Traceback (most recent call last):
  File "/home/vscode/.local/lib/python3.11/site-packages/airflow/models/dagbag.py", line 351, in parse
  File "<frozen importlib._bootstrap_external>", line 940, in exec_module
  File "<frozen importlib._bootstrap>", line 241, in _call_with_frames_removed
  File "/home/vscode/.local/lib/python3.11/site-packages/airflow/example_dags/standard/example_python_decorator.py", line 32, in <module>
    from airflow.sdk import dag, task
  File "/home/vscode/.local/lib/python3.11/site-packages/airflow/sdk/__init__.py", line 137, in __getattr__
    mod = importlib.import_module(module_path, __name__)
          ^^^^^^^^^^^^^^^^^^^^^^^^^^^^^^^^^^^^^^^^^^^^^^
  File "/usr/local/lib/python3.11/importlib/__init__.py", line 126, in import_module
    return _bootstrap._gcd_import(name[level:], package, level)
           ^^^^^^^^^^^^^^^^^^^^^^^^^^^^^^^^^^^^^^^^^^^^^^^^^^^^
  File "/home/vscode/.local/lib/python3.11/site-packages/airflow/sdk/definitions/dag.py", line 40, in <module>
    from airflow.exceptions import (
ImportError: cannot import name 'RemovedInAirflow4Warning' from 'airflow.exceptions' (/home/vscode/.local/lib/python3.11/site-packages/airflow/exceptions.py)
[2026-05-23T12:06:06.310+0000] {processor.py:842} WARNING - No viable dags retrieved from /home/vscode/.local/lib/python3.11/site-packages/airflow/example_dags/standard/example_python_decorator.py
[2026-05-23T12:06:06.323+0000] {processor.py:183} INFO - Processing /home/vscode/.local/lib/python3.11/site-packages/airflow/example_dags/standard/example_python_decorator.py took 0.025 seconds
[2026-05-23T12:06:37.154+0000] {processor.py:161} INFO - Started process (PID=30641) to work on /home/vscode/.local/lib/python3.11/site-packages/airflow/example_dags/standard/example_python_decorator.py
[2026-05-23T12:06:37.155+0000] {processor.py:830} INFO - Processing file /home/vscode/.local/lib/python3.11/site-packages/airflow/example_dags/standard/example_python_decorator.py for tasks to queue
[2026-05-23T12:06:37.155+0000] {logging_mixin.py:188} INFO - [2026-05-23T12:06:37.155+0000] {dagbag.py:545} INFO - Filling up the DagBag from /home/vscode/.local/lib/python3.11/site-packages/airflow/example_dags/standard/example_python_decorator.py
[2026-05-23T12:06:37.159+0000] {logging_mixin.py:188} INFO - [2026-05-23T12:06:37.158+0000] {dagbag.py:355} ERROR - Failed to import: /home/vscode/.local/lib/python3.11/site-packages/airflow/example_dags/standard/example_python_decorator.py
Traceback (most recent call last):
  File "/home/vscode/.local/lib/python3.11/site-packages/airflow/models/dagbag.py", line 351, in parse
  File "<frozen importlib._bootstrap_external>", line 940, in exec_module
  File "<frozen importlib._bootstrap>", line 241, in _call_with_frames_removed
  File "/home/vscode/.local/lib/python3.11/site-packages/airflow/example_dags/standard/example_python_decorator.py", line 32, in <module>
    from airflow.sdk import dag, task
  File "/home/vscode/.local/lib/python3.11/site-packages/airflow/sdk/__init__.py", line 137, in __getattr__
    mod = importlib.import_module(module_path, __name__)
          ^^^^^^^^^^^^^^^^^^^^^^^^^^^^^^^^^^^^^^^^^^^^^^
  File "/usr/local/lib/python3.11/importlib/__init__.py", line 126, in import_module
    return _bootstrap._gcd_import(name[level:], package, level)
           ^^^^^^^^^^^^^^^^^^^^^^^^^^^^^^^^^^^^^^^^^^^^^^^^^^^^
  File "/home/vscode/.local/lib/python3.11/site-packages/airflow/sdk/definitions/dag.py", line 40, in <module>
    from airflow.exceptions import (
ImportError: cannot import name 'RemovedInAirflow4Warning' from 'airflow.exceptions' (/home/vscode/.local/lib/python3.11/site-packages/airflow/exceptions.py)
[2026-05-23T12:06:37.160+0000] {processor.py:842} WARNING - No viable dags retrieved from /home/vscode/.local/lib/python3.11/site-packages/airflow/example_dags/standard/example_python_decorator.py
[2026-05-23T12:06:37.172+0000] {processor.py:183} INFO - Processing /home/vscode/.local/lib/python3.11/site-packages/airflow/example_dags/standard/example_python_decorator.py took 0.025 seconds
[2026-05-23T12:07:07.880+0000] {processor.py:161} INFO - Started process (PID=30751) to work on /home/vscode/.local/lib/python3.11/site-packages/airflow/example_dags/standard/example_python_decorator.py
[2026-05-23T12:07:07.880+0000] {processor.py:830} INFO - Processing file /home/vscode/.local/lib/python3.11/site-packages/airflow/example_dags/standard/example_python_decorator.py for tasks to queue
[2026-05-23T12:07:07.881+0000] {logging_mixin.py:188} INFO - [2026-05-23T12:07:07.881+0000] {dagbag.py:545} INFO - Filling up the DagBag from /home/vscode/.local/lib/python3.11/site-packages/airflow/example_dags/standard/example_python_decorator.py
[2026-05-23T12:07:07.885+0000] {logging_mixin.py:188} INFO - [2026-05-23T12:07:07.884+0000] {dagbag.py:355} ERROR - Failed to import: /home/vscode/.local/lib/python3.11/site-packages/airflow/example_dags/standard/example_python_decorator.py
Traceback (most recent call last):
  File "/home/vscode/.local/lib/python3.11/site-packages/airflow/models/dagbag.py", line 351, in parse
  File "<frozen importlib._bootstrap_external>", line 940, in exec_module
  File "<frozen importlib._bootstrap>", line 241, in _call_with_frames_removed
  File "/home/vscode/.local/lib/python3.11/site-packages/airflow/example_dags/standard/example_python_decorator.py", line 32, in <module>
    from airflow.sdk import dag, task
  File "/home/vscode/.local/lib/python3.11/site-packages/airflow/sdk/__init__.py", line 137, in __getattr__
    mod = importlib.import_module(module_path, __name__)
          ^^^^^^^^^^^^^^^^^^^^^^^^^^^^^^^^^^^^^^^^^^^^^^
  File "/usr/local/lib/python3.11/importlib/__init__.py", line 126, in import_module
    return _bootstrap._gcd_import(name[level:], package, level)
           ^^^^^^^^^^^^^^^^^^^^^^^^^^^^^^^^^^^^^^^^^^^^^^^^^^^^
  File "/home/vscode/.local/lib/python3.11/site-packages/airflow/sdk/definitions/dag.py", line 40, in <module>
    from airflow.exceptions import (
ImportError: cannot import name 'RemovedInAirflow4Warning' from 'airflow.exceptions' (/home/vscode/.local/lib/python3.11/site-packages/airflow/exceptions.py)
[2026-05-23T12:07:07.885+0000] {processor.py:842} WARNING - No viable dags retrieved from /home/vscode/.local/lib/python3.11/site-packages/airflow/example_dags/standard/example_python_decorator.py
[2026-05-23T12:07:07.898+0000] {processor.py:183} INFO - Processing /home/vscode/.local/lib/python3.11/site-packages/airflow/example_dags/standard/example_python_decorator.py took 0.028 seconds
[2026-05-23T12:07:38.471+0000] {processor.py:161} INFO - Started process (PID=30866) to work on /home/vscode/.local/lib/python3.11/site-packages/airflow/example_dags/standard/example_python_decorator.py
[2026-05-23T12:07:38.472+0000] {processor.py:830} INFO - Processing file /home/vscode/.local/lib/python3.11/site-packages/airflow/example_dags/standard/example_python_decorator.py for tasks to queue
[2026-05-23T12:07:38.472+0000] {logging_mixin.py:188} INFO - [2026-05-23T12:07:38.472+0000] {dagbag.py:545} INFO - Filling up the DagBag from /home/vscode/.local/lib/python3.11/site-packages/airflow/example_dags/standard/example_python_decorator.py
[2026-05-23T12:07:38.476+0000] {logging_mixin.py:188} INFO - [2026-05-23T12:07:38.475+0000] {dagbag.py:355} ERROR - Failed to import: /home/vscode/.local/lib/python3.11/site-packages/airflow/example_dags/standard/example_python_decorator.py
Traceback (most recent call last):
  File "/home/vscode/.local/lib/python3.11/site-packages/airflow/models/dagbag.py", line 351, in parse
  File "<frozen importlib._bootstrap_external>", line 940, in exec_module
  File "<frozen importlib._bootstrap>", line 241, in _call_with_frames_removed
  File "/home/vscode/.local/lib/python3.11/site-packages/airflow/example_dags/standard/example_python_decorator.py", line 32, in <module>
    from airflow.sdk import dag, task
  File "/home/vscode/.local/lib/python3.11/site-packages/airflow/sdk/__init__.py", line 137, in __getattr__
    mod = importlib.import_module(module_path, __name__)
          ^^^^^^^^^^^^^^^^^^^^^^^^^^^^^^^^^^^^^^^^^^^^^^
  File "/usr/local/lib/python3.11/importlib/__init__.py", line 126, in import_module
    return _bootstrap._gcd_import(name[level:], package, level)
           ^^^^^^^^^^^^^^^^^^^^^^^^^^^^^^^^^^^^^^^^^^^^^^^^^^^^
  File "/home/vscode/.local/lib/python3.11/site-packages/airflow/sdk/definitions/dag.py", line 40, in <module>
    from airflow.exceptions import (
ImportError: cannot import name 'RemovedInAirflow4Warning' from 'airflow.exceptions' (/home/vscode/.local/lib/python3.11/site-packages/airflow/exceptions.py)
[2026-05-23T12:07:38.476+0000] {processor.py:842} WARNING - No viable dags retrieved from /home/vscode/.local/lib/python3.11/site-packages/airflow/example_dags/standard/example_python_decorator.py
[2026-05-23T12:07:38.489+0000] {processor.py:183} INFO - Processing /home/vscode/.local/lib/python3.11/site-packages/airflow/example_dags/standard/example_python_decorator.py took 0.025 seconds
[2026-05-23T12:08:08.946+0000] {processor.py:161} INFO - Started process (PID=30975) to work on /home/vscode/.local/lib/python3.11/site-packages/airflow/example_dags/standard/example_python_decorator.py
[2026-05-23T12:08:08.946+0000] {processor.py:830} INFO - Processing file /home/vscode/.local/lib/python3.11/site-packages/airflow/example_dags/standard/example_python_decorator.py for tasks to queue
[2026-05-23T12:08:08.947+0000] {logging_mixin.py:188} INFO - [2026-05-23T12:08:08.947+0000] {dagbag.py:545} INFO - Filling up the DagBag from /home/vscode/.local/lib/python3.11/site-packages/airflow/example_dags/standard/example_python_decorator.py
[2026-05-23T12:08:08.951+0000] {logging_mixin.py:188} INFO - [2026-05-23T12:08:08.950+0000] {dagbag.py:355} ERROR - Failed to import: /home/vscode/.local/lib/python3.11/site-packages/airflow/example_dags/standard/example_python_decorator.py
Traceback (most recent call last):
  File "/home/vscode/.local/lib/python3.11/site-packages/airflow/models/dagbag.py", line 351, in parse
  File "<frozen importlib._bootstrap_external>", line 940, in exec_module
  File "<frozen importlib._bootstrap>", line 241, in _call_with_frames_removed
  File "/home/vscode/.local/lib/python3.11/site-packages/airflow/example_dags/standard/example_python_decorator.py", line 32, in <module>
    from airflow.sdk import dag, task
  File "/home/vscode/.local/lib/python3.11/site-packages/airflow/sdk/__init__.py", line 137, in __getattr__
    mod = importlib.import_module(module_path, __name__)
          ^^^^^^^^^^^^^^^^^^^^^^^^^^^^^^^^^^^^^^^^^^^^^^
  File "/usr/local/lib/python3.11/importlib/__init__.py", line 126, in import_module
    return _bootstrap._gcd_import(name[level:], package, level)
           ^^^^^^^^^^^^^^^^^^^^^^^^^^^^^^^^^^^^^^^^^^^^^^^^^^^^
  File "/home/vscode/.local/lib/python3.11/site-packages/airflow/sdk/definitions/dag.py", line 40, in <module>
    from airflow.exceptions import (
ImportError: cannot import name 'RemovedInAirflow4Warning' from 'airflow.exceptions' (/home/vscode/.local/lib/python3.11/site-packages/airflow/exceptions.py)
[2026-05-23T12:08:08.951+0000] {processor.py:842} WARNING - No viable dags retrieved from /home/vscode/.local/lib/python3.11/site-packages/airflow/example_dags/standard/example_python_decorator.py
[2026-05-23T12:08:08.964+0000] {processor.py:183} INFO - Processing /home/vscode/.local/lib/python3.11/site-packages/airflow/example_dags/standard/example_python_decorator.py took 0.025 seconds
[2026-05-23T12:08:39.495+0000] {processor.py:161} INFO - Started process (PID=31171) to work on /home/vscode/.local/lib/python3.11/site-packages/airflow/example_dags/standard/example_python_decorator.py
[2026-05-23T12:08:39.495+0000] {processor.py:830} INFO - Processing file /home/vscode/.local/lib/python3.11/site-packages/airflow/example_dags/standard/example_python_decorator.py for tasks to queue
[2026-05-23T12:08:39.496+0000] {logging_mixin.py:188} INFO - [2026-05-23T12:08:39.496+0000] {dagbag.py:545} INFO - Filling up the DagBag from /home/vscode/.local/lib/python3.11/site-packages/airflow/example_dags/standard/example_python_decorator.py
[2026-05-23T12:08:39.500+0000] {logging_mixin.py:188} INFO - [2026-05-23T12:08:39.499+0000] {dagbag.py:355} ERROR - Failed to import: /home/vscode/.local/lib/python3.11/site-packages/airflow/example_dags/standard/example_python_decorator.py
Traceback (most recent call last):
  File "/home/vscode/.local/lib/python3.11/site-packages/airflow/models/dagbag.py", line 351, in parse
  File "<frozen importlib._bootstrap_external>", line 940, in exec_module
  File "<frozen importlib._bootstrap>", line 241, in _call_with_frames_removed
  File "/home/vscode/.local/lib/python3.11/site-packages/airflow/example_dags/standard/example_python_decorator.py", line 32, in <module>
    from airflow.sdk import dag, task
  File "/home/vscode/.local/lib/python3.11/site-packages/airflow/sdk/__init__.py", line 137, in __getattr__
    mod = importlib.import_module(module_path, __name__)
          ^^^^^^^^^^^^^^^^^^^^^^^^^^^^^^^^^^^^^^^^^^^^^^
  File "/usr/local/lib/python3.11/importlib/__init__.py", line 126, in import_module
    return _bootstrap._gcd_import(name[level:], package, level)
           ^^^^^^^^^^^^^^^^^^^^^^^^^^^^^^^^^^^^^^^^^^^^^^^^^^^^
  File "/home/vscode/.local/lib/python3.11/site-packages/airflow/sdk/definitions/dag.py", line 40, in <module>
    from airflow.exceptions import (
ImportError: cannot import name 'RemovedInAirflow4Warning' from 'airflow.exceptions' (/home/vscode/.local/lib/python3.11/site-packages/airflow/exceptions.py)
[2026-05-23T12:08:39.501+0000] {processor.py:842} WARNING - No viable dags retrieved from /home/vscode/.local/lib/python3.11/site-packages/airflow/example_dags/standard/example_python_decorator.py
[2026-05-23T12:08:39.513+0000] {processor.py:183} INFO - Processing /home/vscode/.local/lib/python3.11/site-packages/airflow/example_dags/standard/example_python_decorator.py took 0.025 seconds
[2026-05-23T12:09:09.983+0000] {processor.py:161} INFO - Started process (PID=31394) to work on /home/vscode/.local/lib/python3.11/site-packages/airflow/example_dags/standard/example_python_decorator.py
[2026-05-23T12:09:09.983+0000] {processor.py:830} INFO - Processing file /home/vscode/.local/lib/python3.11/site-packages/airflow/example_dags/standard/example_python_decorator.py for tasks to queue
[2026-05-23T12:09:09.984+0000] {logging_mixin.py:188} INFO - [2026-05-23T12:09:09.984+0000] {dagbag.py:545} INFO - Filling up the DagBag from /home/vscode/.local/lib/python3.11/site-packages/airflow/example_dags/standard/example_python_decorator.py
[2026-05-23T12:09:09.988+0000] {logging_mixin.py:188} INFO - [2026-05-23T12:09:09.987+0000] {dagbag.py:355} ERROR - Failed to import: /home/vscode/.local/lib/python3.11/site-packages/airflow/example_dags/standard/example_python_decorator.py
Traceback (most recent call last):
  File "/home/vscode/.local/lib/python3.11/site-packages/airflow/models/dagbag.py", line 351, in parse
  File "<frozen importlib._bootstrap_external>", line 940, in exec_module
  File "<frozen importlib._bootstrap>", line 241, in _call_with_frames_removed
  File "/home/vscode/.local/lib/python3.11/site-packages/airflow/example_dags/standard/example_python_decorator.py", line 32, in <module>
    from airflow.sdk import dag, task
  File "/home/vscode/.local/lib/python3.11/site-packages/airflow/sdk/__init__.py", line 137, in __getattr__
    mod = importlib.import_module(module_path, __name__)
          ^^^^^^^^^^^^^^^^^^^^^^^^^^^^^^^^^^^^^^^^^^^^^^
  File "/usr/local/lib/python3.11/importlib/__init__.py", line 126, in import_module
    return _bootstrap._gcd_import(name[level:], package, level)
           ^^^^^^^^^^^^^^^^^^^^^^^^^^^^^^^^^^^^^^^^^^^^^^^^^^^^
  File "/home/vscode/.local/lib/python3.11/site-packages/airflow/sdk/definitions/dag.py", line 40, in <module>
    from airflow.exceptions import (
ImportError: cannot import name 'RemovedInAirflow4Warning' from 'airflow.exceptions' (/home/vscode/.local/lib/python3.11/site-packages/airflow/exceptions.py)
[2026-05-23T12:09:09.989+0000] {processor.py:842} WARNING - No viable dags retrieved from /home/vscode/.local/lib/python3.11/site-packages/airflow/example_dags/standard/example_python_decorator.py
[2026-05-23T12:09:10.002+0000] {processor.py:183} INFO - Processing /home/vscode/.local/lib/python3.11/site-packages/airflow/example_dags/standard/example_python_decorator.py took 0.030 seconds
[2026-05-23T12:09:41.921+0000] {processor.py:161} INFO - Started process (PID=31641) to work on /home/vscode/.local/lib/python3.11/site-packages/airflow/example_dags/standard/example_python_decorator.py
[2026-05-23T12:09:41.922+0000] {processor.py:830} INFO - Processing file /home/vscode/.local/lib/python3.11/site-packages/airflow/example_dags/standard/example_python_decorator.py for tasks to queue
[2026-05-23T12:09:41.923+0000] {logging_mixin.py:188} INFO - [2026-05-23T12:09:41.922+0000] {dagbag.py:545} INFO - Filling up the DagBag from /home/vscode/.local/lib/python3.11/site-packages/airflow/example_dags/standard/example_python_decorator.py
[2026-05-23T12:09:41.926+0000] {logging_mixin.py:188} INFO - [2026-05-23T12:09:41.925+0000] {dagbag.py:355} ERROR - Failed to import: /home/vscode/.local/lib/python3.11/site-packages/airflow/example_dags/standard/example_python_decorator.py
Traceback (most recent call last):
  File "/home/vscode/.local/lib/python3.11/site-packages/airflow/models/dagbag.py", line 351, in parse
    loader.exec_module(new_module)
  File "<frozen importlib._bootstrap_external>", line 940, in exec_module
  File "<frozen importlib._bootstrap>", line 241, in _call_with_frames_removed
  File "/home/vscode/.local/lib/python3.11/site-packages/airflow/example_dags/standard/example_python_decorator.py", line 32, in <module>
    from airflow.sdk import dag, task
  File "/home/vscode/.local/lib/python3.11/site-packages/airflow/sdk/__init__.py", line 137, in __getattr__
    mod = importlib.import_module(module_path, __name__)
          ^^^^^^^^^^^^^^^^^^^^^^^^^^^^^^^^^^^^^^^^^^^^^^
  File "/usr/local/lib/python3.11/importlib/__init__.py", line 126, in import_module
    return _bootstrap._gcd_import(name[level:], package, level)
           ^^^^^^^^^^^^^^^^^^^^^^^^^^^^^^^^^^^^^^^^^^^^^^^^^^^^
  File "/home/vscode/.local/lib/python3.11/site-packages/airflow/sdk/definitions/dag.py", line 40, in <module>
    from airflow.exceptions import (
ImportError: cannot import name 'RemovedInAirflow4Warning' from 'airflow.exceptions' (/home/vscode/.local/lib/python3.11/site-packages/airflow/exceptions.py)
[2026-05-23T12:09:41.927+0000] {processor.py:842} WARNING - No viable dags retrieved from /home/vscode/.local/lib/python3.11/site-packages/airflow/example_dags/standard/example_python_decorator.py
[2026-05-23T12:09:41.939+0000] {processor.py:183} INFO - Processing /home/vscode/.local/lib/python3.11/site-packages/airflow/example_dags/standard/example_python_decorator.py took 0.024 seconds
[2026-05-23T12:10:12.542+0000] {processor.py:161} INFO - Started process (PID=31804) to work on /home/vscode/.local/lib/python3.11/site-packages/airflow/example_dags/standard/example_python_decorator.py
[2026-05-23T12:10:12.543+0000] {processor.py:830} INFO - Processing file /home/vscode/.local/lib/python3.11/site-packages/airflow/example_dags/standard/example_python_decorator.py for tasks to queue
[2026-05-23T12:10:12.543+0000] {logging_mixin.py:188} INFO - [2026-05-23T12:10:12.543+0000] {dagbag.py:545} INFO - Filling up the DagBag from /home/vscode/.local/lib/python3.11/site-packages/airflow/example_dags/standard/example_python_decorator.py
[2026-05-23T12:10:12.549+0000] {logging_mixin.py:188} INFO - [2026-05-23T12:10:12.547+0000] {dagbag.py:355} ERROR - Failed to import: /home/vscode/.local/lib/python3.11/site-packages/airflow/example_dags/standard/example_python_decorator.py
Traceback (most recent call last):
  File "/home/vscode/.local/lib/python3.11/site-packages/airflow/models/dagbag.py", line 351, in parse
    loader.exec_module(new_module)
  File "<frozen importlib._bootstrap_external>", line 940, in exec_module
  File "<frozen importlib._bootstrap>", line 241, in _call_with_frames_removed
  File "/home/vscode/.local/lib/python3.11/site-packages/airflow/example_dags/standard/example_python_decorator.py", line 32, in <module>
    from airflow.sdk import dag, task
  File "/home/vscode/.local/lib/python3.11/site-packages/airflow/sdk/__init__.py", line 137, in __getattr__
    mod = importlib.import_module(module_path, __name__)
          ^^^^^^^^^^^^^^^^^^^^^^^^^^^^^^^^^^^^^^^^^^^^^^
  File "/usr/local/lib/python3.11/importlib/__init__.py", line 126, in import_module
    return _bootstrap._gcd_import(name[level:], package, level)
           ^^^^^^^^^^^^^^^^^^^^^^^^^^^^^^^^^^^^^^^^^^^^^^^^^^^^
  File "/home/vscode/.local/lib/python3.11/site-packages/airflow/sdk/definitions/dag.py", line 40, in <module>
    from airflow.exceptions import (
ImportError: cannot import name 'RemovedInAirflow4Warning' from 'airflow.exceptions' (/home/vscode/.local/lib/python3.11/site-packages/airflow/exceptions.py)
[2026-05-23T12:10:12.550+0000] {processor.py:842} WARNING - No viable dags retrieved from /home/vscode/.local/lib/python3.11/site-packages/airflow/example_dags/standard/example_python_decorator.py
[2026-05-23T12:10:12.566+0000] {processor.py:183} INFO - Processing /home/vscode/.local/lib/python3.11/site-packages/airflow/example_dags/standard/example_python_decorator.py took 0.033 seconds
[2026-05-23T12:10:43.146+0000] {processor.py:161} INFO - Started process (PID=32017) to work on /home/vscode/.local/lib/python3.11/site-packages/airflow/example_dags/standard/example_python_decorator.py
[2026-05-23T12:10:43.147+0000] {processor.py:830} INFO - Processing file /home/vscode/.local/lib/python3.11/site-packages/airflow/example_dags/standard/example_python_decorator.py for tasks to queue
[2026-05-23T12:10:43.148+0000] {logging_mixin.py:188} INFO - [2026-05-23T12:10:43.148+0000] {dagbag.py:545} INFO - Filling up the DagBag from /home/vscode/.local/lib/python3.11/site-packages/airflow/example_dags/standard/example_python_decorator.py
[2026-05-23T12:10:43.154+0000] {logging_mixin.py:188} INFO - [2026-05-23T12:10:43.152+0000] {dagbag.py:355} ERROR - Failed to import: /home/vscode/.local/lib/python3.11/site-packages/airflow/example_dags/standard/example_python_decorator.py
Traceback (most recent call last):
  File "/home/vscode/.local/lib/python3.11/site-packages/airflow/models/dagbag.py", line 351, in parse
    loader.exec_module(new_module)
  File "<frozen importlib._bootstrap_external>", line 940, in exec_module
  File "<frozen importlib._bootstrap>", line 241, in _call_with_frames_removed
  File "/home/vscode/.local/lib/python3.11/site-packages/airflow/example_dags/standard/example_python_decorator.py", line 32, in <module>
    from airflow.sdk import dag, task
  File "/home/vscode/.local/lib/python3.11/site-packages/airflow/sdk/__init__.py", line 137, in __getattr__
    mod = importlib.import_module(module_path, __name__)
          ^^^^^^^^^^^^^^^^^^^^^^^^^^^^^^^^^^^^^^^^^^^^^^
  File "/usr/local/lib/python3.11/importlib/__init__.py", line 126, in import_module
    return _bootstrap._gcd_import(name[level:], package, level)
           ^^^^^^^^^^^^^^^^^^^^^^^^^^^^^^^^^^^^^^^^^^^^^^^^^^^^
  File "/home/vscode/.local/lib/python3.11/site-packages/airflow/sdk/definitions/dag.py", line 40, in <module>
    from airflow.exceptions import (
ImportError: cannot import name 'RemovedInAirflow4Warning' from 'airflow.exceptions' (/home/vscode/.local/lib/python3.11/site-packages/airflow/exceptions.py)
[2026-05-23T12:10:43.155+0000] {processor.py:842} WARNING - No viable dags retrieved from /home/vscode/.local/lib/python3.11/site-packages/airflow/example_dags/standard/example_python_decorator.py
[2026-05-23T12:10:43.169+0000] {processor.py:183} INFO - Processing /home/vscode/.local/lib/python3.11/site-packages/airflow/example_dags/standard/example_python_decorator.py took 0.031 seconds
[2026-05-23T12:11:13.791+0000] {processor.py:161} INFO - Started process (PID=32228) to work on /home/vscode/.local/lib/python3.11/site-packages/airflow/example_dags/standard/example_python_decorator.py
[2026-05-23T12:11:13.791+0000] {processor.py:830} INFO - Processing file /home/vscode/.local/lib/python3.11/site-packages/airflow/example_dags/standard/example_python_decorator.py for tasks to queue
[2026-05-23T12:11:13.792+0000] {logging_mixin.py:188} INFO - [2026-05-23T12:11:13.792+0000] {dagbag.py:545} INFO - Filling up the DagBag from /home/vscode/.local/lib/python3.11/site-packages/airflow/example_dags/standard/example_python_decorator.py
[2026-05-23T12:11:13.796+0000] {logging_mixin.py:188} INFO - [2026-05-23T12:11:13.795+0000] {dagbag.py:355} ERROR - Failed to import: /home/vscode/.local/lib/python3.11/site-packages/airflow/example_dags/standard/example_python_decorator.py
Traceback (most recent call last):
  File "/home/vscode/.local/lib/python3.11/site-packages/airflow/models/dagbag.py", line 351, in parse
    loader.exec_module(new_module)
  File "<frozen importlib._bootstrap_external>", line 940, in exec_module
  File "<frozen importlib._bootstrap>", line 241, in _call_with_frames_removed
  File "/home/vscode/.local/lib/python3.11/site-packages/airflow/example_dags/standard/example_python_decorator.py", line 32, in <module>
    from airflow.sdk import dag, task
  File "/home/vscode/.local/lib/python3.11/site-packages/airflow/sdk/__init__.py", line 137, in __getattr__
    mod = importlib.import_module(module_path, __name__)
          ^^^^^^^^^^^^^^^^^^^^^^^^^^^^^^^^^^^^^^^^^^^^^^
  File "/usr/local/lib/python3.11/importlib/__init__.py", line 126, in import_module
    return _bootstrap._gcd_import(name[level:], package, level)
           ^^^^^^^^^^^^^^^^^^^^^^^^^^^^^^^^^^^^^^^^^^^^^^^^^^^^
  File "/home/vscode/.local/lib/python3.11/site-packages/airflow/sdk/definitions/dag.py", line 40, in <module>
    from airflow.exceptions import (
ImportError: cannot import name 'RemovedInAirflow4Warning' from 'airflow.exceptions' (/home/vscode/.local/lib/python3.11/site-packages/airflow/exceptions.py)
[2026-05-23T12:11:13.797+0000] {processor.py:842} WARNING - No viable dags retrieved from /home/vscode/.local/lib/python3.11/site-packages/airflow/example_dags/standard/example_python_decorator.py
[2026-05-23T12:11:13.809+0000] {processor.py:183} INFO - Processing /home/vscode/.local/lib/python3.11/site-packages/airflow/example_dags/standard/example_python_decorator.py took 0.024 seconds
