[2026-05-23T12:01:34.890+0000] {processor.py:161} INFO - Started process (PID=26232) to work on /home/vscode/.local/lib/python3.11/site-packages/airflow/example_dags/standard/example_bash_decorator.py
[2026-05-23T12:01:34.891+0000] {processor.py:830} INFO - Processing file /home/vscode/.local/lib/python3.11/site-packages/airflow/example_dags/standard/example_bash_decorator.py for tasks to queue
[2026-05-23T12:01:34.892+0000] {logging_mixin.py:188} INFO - [2026-05-23T12:01:34.891+0000] {dagbag.py:545} INFO - Filling up the DagBag from /home/vscode/.local/lib/python3.11/site-packages/airflow/example_dags/standard/example_bash_decorator.py
[2026-05-23T12:01:34.898+0000] {logging_mixin.py:188} INFO - [2026-05-23T12:01:34.897+0000] {dagbag.py:355} ERROR - Failed to import: /home/vscode/.local/lib/python3.11/site-packages/airflow/example_dags/standard/example_bash_decorator.py
Traceback (most recent call last):
  File "/home/vscode/.local/lib/python3.11/site-packages/airflow/models/dagbag.py", line 351, in parse
  File "<frozen importlib._bootstrap_external>", line 940, in exec_module
  File "<frozen importlib._bootstrap>", line 241, in _call_with_frames_removed
  File "/home/vscode/.local/lib/python3.11/site-packages/airflow/example_dags/standard/example_bash_decorator.py", line 23, in <module>
    from airflow.providers.standard.operators.empty import EmptyOperator
  File "/home/vscode/.local/lib/python3.11/site-packages/airflow/providers/standard/__init__.py", line 37, in <module>
    raise RuntimeError(
RuntimeError: The package `apache-airflow-providers-standard:1.13.0` needs Apache Airflow 2.11.0+
[2026-05-23T12:01:34.898+0000] {processor.py:842} WARNING - No viable dags retrieved from /home/vscode/.local/lib/python3.11/site-packages/airflow/example_dags/standard/example_bash_decorator.py
[2026-05-23T12:01:34.925+0000] {processor.py:183} INFO - Processing /home/vscode/.local/lib/python3.11/site-packages/airflow/example_dags/standard/example_bash_decorator.py took 0.045 seconds
[2026-05-23T12:02:10.206+0000] {processor.py:161} INFO - Started process (PID=27875) to work on /home/vscode/.local/lib/python3.11/site-packages/airflow/example_dags/standard/example_bash_decorator.py
[2026-05-23T12:02:10.207+0000] {processor.py:830} INFO - Processing file /home/vscode/.local/lib/python3.11/site-packages/airflow/example_dags/standard/example_bash_decorator.py for tasks to queue
[2026-05-23T12:02:10.207+0000] {logging_mixin.py:188} INFO - [2026-05-23T12:02:10.207+0000] {dagbag.py:545} INFO - Filling up the DagBag from /home/vscode/.local/lib/python3.11/site-packages/airflow/example_dags/standard/example_bash_decorator.py
[2026-05-23T12:02:10.211+0000] {logging_mixin.py:188} INFO - [2026-05-23T12:02:10.210+0000] {dagbag.py:355} ERROR - Failed to import: /home/vscode/.local/lib/python3.11/site-packages/airflow/example_dags/standard/example_bash_decorator.py
Traceback (most recent call last):
  File "/home/vscode/.local/lib/python3.11/site-packages/airflow/models/dagbag.py", line 351, in parse
  File "<frozen importlib._bootstrap_external>", line 940, in exec_module
  File "<frozen importlib._bootstrap>", line 241, in _call_with_frames_removed
  File "/home/vscode/.local/lib/python3.11/site-packages/airflow/example_dags/standard/example_bash_decorator.py", line 23, in <module>
    from airflow.providers.standard.operators.empty import EmptyOperator
  File "/home/vscode/.local/lib/python3.11/site-packages/airflow/providers/standard/__init__.py", line 37, in <module>
    raise RuntimeError(
RuntimeError: The package `apache-airflow-providers-standard:1.13.0` needs Apache Airflow 2.11.0+
[2026-05-23T12:02:10.211+0000] {processor.py:842} WARNING - No viable dags retrieved from /home/vscode/.local/lib/python3.11/site-packages/airflow/example_dags/standard/example_bash_decorator.py
[2026-05-23T12:02:10.224+0000] {processor.py:183} INFO - Processing /home/vscode/.local/lib/python3.11/site-packages/airflow/example_dags/standard/example_bash_decorator.py took 0.024 seconds
[2026-05-23T12:02:40.616+0000] {processor.py:161} INFO - Started process (PID=29528) to work on /home/vscode/.local/lib/python3.11/site-packages/airflow/example_dags/standard/example_bash_decorator.py
[2026-05-23T12:02:40.617+0000] {processor.py:830} INFO - Processing file /home/vscode/.local/lib/python3.11/site-packages/airflow/example_dags/standard/example_bash_decorator.py for tasks to queue
[2026-05-23T12:02:40.618+0000] {logging_mixin.py:188} INFO - [2026-05-23T12:02:40.617+0000] {dagbag.py:545} INFO - Filling up the DagBag from /home/vscode/.local/lib/python3.11/site-packages/airflow/example_dags/standard/example_bash_decorator.py
[2026-05-23T12:02:40.620+0000] {logging_mixin.py:188} INFO - [2026-05-23T12:02:40.619+0000] {dagbag.py:355} ERROR - Failed to import: /home/vscode/.local/lib/python3.11/site-packages/airflow/example_dags/standard/example_bash_decorator.py
Traceback (most recent call last):
  File "/home/vscode/.local/lib/python3.11/site-packages/airflow/models/dagbag.py", line 351, in parse
  File "<frozen importlib._bootstrap_external>", line 940, in exec_module
  File "<frozen importlib._bootstrap>", line 241, in _call_with_frames_removed
  File "/home/vscode/.local/lib/python3.11/site-packages/airflow/example_dags/standard/example_bash_decorator.py", line 23, in <module>
    from airflow.providers.standard.operators.empty import EmptyOperator
  File "/home/vscode/.local/lib/python3.11/site-packages/airflow/providers/standard/__init__.py", line 37, in <module>
    raise RuntimeError(
RuntimeError: The package `apache-airflow-providers-standard:1.13.0` needs Apache Airflow 2.11.0+
[2026-05-23T12:02:40.620+0000] {processor.py:842} WARNING - No viable dags retrieved from /home/vscode/.local/lib/python3.11/site-packages/airflow/example_dags/standard/example_bash_decorator.py
[2026-05-23T12:02:40.636+0000] {processor.py:183} INFO - Processing /home/vscode/.local/lib/python3.11/site-packages/airflow/example_dags/standard/example_bash_decorator.py took 0.026 seconds
[2026-05-23T12:03:11.010+0000] {processor.py:161} INFO - Started process (PID=29873) to work on /home/vscode/.local/lib/python3.11/site-packages/airflow/example_dags/standard/example_bash_decorator.py
[2026-05-23T12:03:11.011+0000] {processor.py:830} INFO - Processing file /home/vscode/.local/lib/python3.11/site-packages/airflow/example_dags/standard/example_bash_decorator.py for tasks to queue
[2026-05-23T12:03:11.011+0000] {logging_mixin.py:188} INFO - [2026-05-23T12:03:11.011+0000] {dagbag.py:545} INFO - Filling up the DagBag from /home/vscode/.local/lib/python3.11/site-packages/airflow/example_dags/standard/example_bash_decorator.py
[2026-05-23T12:03:11.014+0000] {logging_mixin.py:188} INFO - [2026-05-23T12:03:11.013+0000] {dagbag.py:355} ERROR - Failed to import: /home/vscode/.local/lib/python3.11/site-packages/airflow/example_dags/standard/example_bash_decorator.py
Traceback (most recent call last):
  File "/home/vscode/.local/lib/python3.11/site-packages/airflow/models/dagbag.py", line 351, in parse
  File "<frozen importlib._bootstrap_external>", line 940, in exec_module
  File "<frozen importlib._bootstrap>", line 241, in _call_with_frames_removed
  File "/home/vscode/.local/lib/python3.11/site-packages/airflow/example_dags/standard/example_bash_decorator.py", line 23, in <module>
    from airflow.providers.standard.operators.empty import EmptyOperator
  File "/home/vscode/.local/lib/python3.11/site-packages/airflow/providers/standard/__init__.py", line 37, in <module>
    raise RuntimeError(
RuntimeError: The package `apache-airflow-providers-standard:1.13.0` needs Apache Airflow 2.11.0+
[2026-05-23T12:03:11.014+0000] {processor.py:842} WARNING - No viable dags retrieved from /home/vscode/.local/lib/python3.11/site-packages/airflow/example_dags/standard/example_bash_decorator.py
[2026-05-23T12:03:11.027+0000] {processor.py:183} INFO - Processing /home/vscode/.local/lib/python3.11/site-packages/airflow/example_dags/standard/example_bash_decorator.py took 0.024 seconds
[2026-05-23T12:03:41.408+0000] {processor.py:161} INFO - Started process (PID=29983) to work on /home/vscode/.local/lib/python3.11/site-packages/airflow/example_dags/standard/example_bash_decorator.py
[2026-05-23T12:03:41.408+0000] {processor.py:830} INFO - Processing file /home/vscode/.local/lib/python3.11/site-packages/airflow/example_dags/standard/example_bash_decorator.py for tasks to queue
[2026-05-23T12:03:41.409+0000] {logging_mixin.py:188} INFO - [2026-05-23T12:03:41.409+0000] {dagbag.py:545} INFO - Filling up the DagBag from /home/vscode/.local/lib/python3.11/site-packages/airflow/example_dags/standard/example_bash_decorator.py
[2026-05-23T12:03:41.411+0000] {logging_mixin.py:188} INFO - [2026-05-23T12:03:41.411+0000] {dagbag.py:355} ERROR - Failed to import: /home/vscode/.local/lib/python3.11/site-packages/airflow/example_dags/standard/example_bash_decorator.py
Traceback (most recent call last):
  File "/home/vscode/.local/lib/python3.11/site-packages/airflow/models/dagbag.py", line 351, in parse
  File "<frozen importlib._bootstrap_external>", line 940, in exec_module
  File "<frozen importlib._bootstrap>", line 241, in _call_with_frames_removed
  File "/home/vscode/.local/lib/python3.11/site-packages/airflow/example_dags/standard/example_bash_decorator.py", line 23, in <module>
    from airflow.providers.standard.operators.empty import EmptyOperator
  File "/home/vscode/.local/lib/python3.11/site-packages/airflow/providers/standard/__init__.py", line 37, in <module>
    raise RuntimeError(
RuntimeError: The package `apache-airflow-providers-standard:1.13.0` needs Apache Airflow 2.11.0+
[2026-05-23T12:03:41.412+0000] {processor.py:842} WARNING - No viable dags retrieved from /home/vscode/.local/lib/python3.11/site-packages/airflow/example_dags/standard/example_bash_decorator.py
[2026-05-23T12:03:41.424+0000] {processor.py:183} INFO - Processing /home/vscode/.local/lib/python3.11/site-packages/airflow/example_dags/standard/example_bash_decorator.py took 0.024 seconds
[2026-05-23T12:04:11.813+0000] {processor.py:161} INFO - Started process (PID=30098) to work on /home/vscode/.local/lib/python3.11/site-packages/airflow/example_dags/standard/example_bash_decorator.py
[2026-05-23T12:04:11.814+0000] {processor.py:830} INFO - Processing file /home/vscode/.local/lib/python3.11/site-packages/airflow/example_dags/standard/example_bash_decorator.py for tasks to queue
[2026-05-23T12:04:11.814+0000] {logging_mixin.py:188} INFO - [2026-05-23T12:04:11.814+0000] {dagbag.py:545} INFO - Filling up the DagBag from /home/vscode/.local/lib/python3.11/site-packages/airflow/example_dags/standard/example_bash_decorator.py
[2026-05-23T12:04:11.817+0000] {logging_mixin.py:188} INFO - [2026-05-23T12:04:11.817+0000] {dagbag.py:355} ERROR - Failed to import: /home/vscode/.local/lib/python3.11/site-packages/airflow/example_dags/standard/example_bash_decorator.py
Traceback (most recent call last):
  File "/home/vscode/.local/lib/python3.11/site-packages/airflow/models/dagbag.py", line 351, in parse
  File "<frozen importlib._bootstrap_external>", line 940, in exec_module
  File "<frozen importlib._bootstrap>", line 241, in _call_with_frames_removed
  File "/home/vscode/.local/lib/python3.11/site-packages/airflow/example_dags/standard/example_bash_decorator.py", line 23, in <module>
    from airflow.providers.standard.operators.empty import EmptyOperator
  File "/home/vscode/.local/lib/python3.11/site-packages/airflow/providers/standard/__init__.py", line 37, in <module>
    raise RuntimeError(
RuntimeError: The package `apache-airflow-providers-standard:1.13.0` needs Apache Airflow 2.11.0+
[2026-05-23T12:04:11.818+0000] {processor.py:842} WARNING - No viable dags retrieved from /home/vscode/.local/lib/python3.11/site-packages/airflow/example_dags/standard/example_bash_decorator.py
[2026-05-23T12:04:11.833+0000] {processor.py:183} INFO - Processing /home/vscode/.local/lib/python3.11/site-packages/airflow/example_dags/standard/example_bash_decorator.py took 0.028 seconds
[2026-05-23T12:04:42.138+0000] {processor.py:161} INFO - Started process (PID=30213) to work on /home/vscode/.local/lib/python3.11/site-packages/airflow/example_dags/standard/example_bash_decorator.py
[2026-05-23T12:04:42.139+0000] {processor.py:830} INFO - Processing file /home/vscode/.local/lib/python3.11/site-packages/airflow/example_dags/standard/example_bash_decorator.py for tasks to queue
[2026-05-23T12:04:42.139+0000] {logging_mixin.py:188} INFO - [2026-05-23T12:04:42.139+0000] {dagbag.py:545} INFO - Filling up the DagBag from /home/vscode/.local/lib/python3.11/site-packages/airflow/example_dags/standard/example_bash_decorator.py
[2026-05-23T12:04:42.142+0000] {logging_mixin.py:188} INFO - [2026-05-23T12:04:42.141+0000] {dagbag.py:355} ERROR - Failed to import: /home/vscode/.local/lib/python3.11/site-packages/airflow/example_dags/standard/example_bash_decorator.py
Traceback (most recent call last):
  File "/home/vscode/.local/lib/python3.11/site-packages/airflow/models/dagbag.py", line 351, in parse
  File "<frozen importlib._bootstrap_external>", line 940, in exec_module
  File "<frozen importlib._bootstrap>", line 241, in _call_with_frames_removed
  File "/home/vscode/.local/lib/python3.11/site-packages/airflow/example_dags/standard/example_bash_decorator.py", line 23, in <module>
    from airflow.providers.standard.operators.empty import EmptyOperator
  File "/home/vscode/.local/lib/python3.11/site-packages/airflow/providers/standard/__init__.py", line 37, in <module>
    raise RuntimeError(
RuntimeError: The package `apache-airflow-providers-standard:1.13.0` needs Apache Airflow 2.11.0+
[2026-05-23T12:04:42.142+0000] {processor.py:842} WARNING - No viable dags retrieved from /home/vscode/.local/lib/python3.11/site-packages/airflow/example_dags/standard/example_bash_decorator.py
[2026-05-23T12:04:42.155+0000] {processor.py:183} INFO - Processing /home/vscode/.local/lib/python3.11/site-packages/airflow/example_dags/standard/example_bash_decorator.py took 0.023 seconds
[2026-05-23T12:05:12.416+0000] {processor.py:161} INFO - Started process (PID=30322) to work on /home/vscode/.local/lib/python3.11/site-packages/airflow/example_dags/standard/example_bash_decorator.py
[2026-05-23T12:05:12.417+0000] {processor.py:830} INFO - Processing file /home/vscode/.local/lib/python3.11/site-packages/airflow/example_dags/standard/example_bash_decorator.py for tasks to queue
[2026-05-23T12:05:12.417+0000] {logging_mixin.py:188} INFO - [2026-05-23T12:05:12.417+0000] {dagbag.py:545} INFO - Filling up the DagBag from /home/vscode/.local/lib/python3.11/site-packages/airflow/example_dags/standard/example_bash_decorator.py
[2026-05-23T12:05:12.420+0000] {logging_mixin.py:188} INFO - [2026-05-23T12:05:12.419+0000] {dagbag.py:355} ERROR - Failed to import: /home/vscode/.local/lib/python3.11/site-packages/airflow/example_dags/standard/example_bash_decorator.py
Traceback (most recent call last):
  File "/home/vscode/.local/lib/python3.11/site-packages/airflow/models/dagbag.py", line 351, in parse
  File "<frozen importlib._bootstrap_external>", line 940, in exec_module
  File "<frozen importlib._bootstrap>", line 241, in _call_with_frames_removed
  File "/home/vscode/.local/lib/python3.11/site-packages/airflow/example_dags/standard/example_bash_decorator.py", line 23, in <module>
    from airflow.providers.standard.operators.empty import EmptyOperator
  File "/home/vscode/.local/lib/python3.11/site-packages/airflow/providers/standard/__init__.py", line 37, in <module>
    raise RuntimeError(
RuntimeError: The package `apache-airflow-providers-standard:1.13.0` needs Apache Airflow 2.11.0+
[2026-05-23T12:05:12.420+0000] {processor.py:842} WARNING - No viable dags retrieved from /home/vscode/.local/lib/python3.11/site-packages/airflow/example_dags/standard/example_bash_decorator.py
[2026-05-23T12:05:12.434+0000] {processor.py:183} INFO - Processing /home/vscode/.local/lib/python3.11/site-packages/airflow/example_dags/standard/example_bash_decorator.py took 0.024 seconds
[2026-05-23T12:05:43.827+0000] {processor.py:161} INFO - Started process (PID=30439) to work on /home/vscode/.local/lib/python3.11/site-packages/airflow/example_dags/standard/example_bash_decorator.py
[2026-05-23T12:05:43.827+0000] {processor.py:830} INFO - Processing file /home/vscode/.local/lib/python3.11/site-packages/airflow/example_dags/standard/example_bash_decorator.py for tasks to queue
[2026-05-23T12:05:43.828+0000] {logging_mixin.py:188} INFO - [2026-05-23T12:05:43.828+0000] {dagbag.py:545} INFO - Filling up the DagBag from /home/vscode/.local/lib/python3.11/site-packages/airflow/example_dags/standard/example_bash_decorator.py
[2026-05-23T12:05:43.830+0000] {logging_mixin.py:188} INFO - [2026-05-23T12:05:43.830+0000] {dagbag.py:355} ERROR - Failed to import: /home/vscode/.local/lib/python3.11/site-packages/airflow/example_dags/standard/example_bash_decorator.py
Traceback (most recent call last):
  File "/home/vscode/.local/lib/python3.11/site-packages/airflow/models/dagbag.py", line 351, in parse
  File "<frozen importlib._bootstrap_external>", line 940, in exec_module
  File "<frozen importlib._bootstrap>", line 241, in _call_with_frames_removed
  File "/home/vscode/.local/lib/python3.11/site-packages/airflow/example_dags/standard/example_bash_decorator.py", line 23, in <module>
    from airflow.providers.standard.operators.empty import EmptyOperator
  File "/home/vscode/.local/lib/python3.11/site-packages/airflow/providers/standard/__init__.py", line 37, in <module>
    raise RuntimeError(
RuntimeError: The package `apache-airflow-providers-standard:1.13.0` needs Apache Airflow 2.11.0+
[2026-05-23T12:05:43.831+0000] {processor.py:842} WARNING - No viable dags retrieved from /home/vscode/.local/lib/python3.11/site-packages/airflow/example_dags/standard/example_bash_decorator.py
[2026-05-23T12:05:43.845+0000] {processor.py:183} INFO - Processing /home/vscode/.local/lib/python3.11/site-packages/airflow/example_dags/standard/example_bash_decorator.py took 0.025 seconds
[2026-05-23T12:06:14.095+0000] {processor.py:161} INFO - Started process (PID=30548) to work on /home/vscode/.local/lib/python3.11/site-packages/airflow/example_dags/standard/example_bash_decorator.py
[2026-05-23T12:06:14.096+0000] {processor.py:830} INFO - Processing file /home/vscode/.local/lib/python3.11/site-packages/airflow/example_dags/standard/example_bash_decorator.py for tasks to queue
[2026-05-23T12:06:14.096+0000] {logging_mixin.py:188} INFO - [2026-05-23T12:06:14.096+0000] {dagbag.py:545} INFO - Filling up the DagBag from /home/vscode/.local/lib/python3.11/site-packages/airflow/example_dags/standard/example_bash_decorator.py
[2026-05-23T12:06:14.099+0000] {logging_mixin.py:188} INFO - [2026-05-23T12:06:14.098+0000] {dagbag.py:355} ERROR - Failed to import: /home/vscode/.local/lib/python3.11/site-packages/airflow/example_dags/standard/example_bash_decorator.py
Traceback (most recent call last):
  File "/home/vscode/.local/lib/python3.11/site-packages/airflow/models/dagbag.py", line 351, in parse
  File "<frozen importlib._bootstrap_external>", line 940, in exec_module
  File "<frozen importlib._bootstrap>", line 241, in _call_with_frames_removed
  File "/home/vscode/.local/lib/python3.11/site-packages/airflow/example_dags/standard/example_bash_decorator.py", line 23, in <module>
    from airflow.providers.standard.operators.empty import EmptyOperator
  File "/home/vscode/.local/lib/python3.11/site-packages/airflow/providers/standard/__init__.py", line 37, in <module>
    raise RuntimeError(
RuntimeError: The package `apache-airflow-providers-standard:1.13.0` needs Apache Airflow 2.11.0+
[2026-05-23T12:06:14.099+0000] {processor.py:842} WARNING - No viable dags retrieved from /home/vscode/.local/lib/python3.11/site-packages/airflow/example_dags/standard/example_bash_decorator.py
[2026-05-23T12:06:14.113+0000] {processor.py:183} INFO - Processing /home/vscode/.local/lib/python3.11/site-packages/airflow/example_dags/standard/example_bash_decorator.py took 0.025 seconds
[2026-05-23T12:06:44.414+0000] {processor.py:161} INFO - Started process (PID=30664) to work on /home/vscode/.local/lib/python3.11/site-packages/airflow/example_dags/standard/example_bash_decorator.py
[2026-05-23T12:06:44.415+0000] {processor.py:830} INFO - Processing file /home/vscode/.local/lib/python3.11/site-packages/airflow/example_dags/standard/example_bash_decorator.py for tasks to queue
[2026-05-23T12:06:44.416+0000] {logging_mixin.py:188} INFO - [2026-05-23T12:06:44.415+0000] {dagbag.py:545} INFO - Filling up the DagBag from /home/vscode/.local/lib/python3.11/site-packages/airflow/example_dags/standard/example_bash_decorator.py
[2026-05-23T12:06:44.419+0000] {logging_mixin.py:188} INFO - [2026-05-23T12:06:44.418+0000] {dagbag.py:355} ERROR - Failed to import: /home/vscode/.local/lib/python3.11/site-packages/airflow/example_dags/standard/example_bash_decorator.py
Traceback (most recent call last):
  File "/home/vscode/.local/lib/python3.11/site-packages/airflow/models/dagbag.py", line 351, in parse
  File "<frozen importlib._bootstrap_external>", line 940, in exec_module
  File "<frozen importlib._bootstrap>", line 241, in _call_with_frames_removed
  File "/home/vscode/.local/lib/python3.11/site-packages/airflow/example_dags/standard/example_bash_decorator.py", line 23, in <module>
    from airflow.providers.standard.operators.empty import EmptyOperator
  File "/home/vscode/.local/lib/python3.11/site-packages/airflow/providers/standard/__init__.py", line 37, in <module>
    raise RuntimeError(
RuntimeError: The package `apache-airflow-providers-standard:1.13.0` needs Apache Airflow 2.11.0+
[2026-05-23T12:06:44.420+0000] {processor.py:842} WARNING - No viable dags retrieved from /home/vscode/.local/lib/python3.11/site-packages/airflow/example_dags/standard/example_bash_decorator.py
[2026-05-23T12:06:44.440+0000] {processor.py:183} INFO - Processing /home/vscode/.local/lib/python3.11/site-packages/airflow/example_dags/standard/example_bash_decorator.py took 0.035 seconds
[2026-05-23T12:07:14.818+0000] {processor.py:161} INFO - Started process (PID=30778) to work on /home/vscode/.local/lib/python3.11/site-packages/airflow/example_dags/standard/example_bash_decorator.py
[2026-05-23T12:07:14.819+0000] {processor.py:830} INFO - Processing file /home/vscode/.local/lib/python3.11/site-packages/airflow/example_dags/standard/example_bash_decorator.py for tasks to queue
[2026-05-23T12:07:14.819+0000] {logging_mixin.py:188} INFO - [2026-05-23T12:07:14.819+0000] {dagbag.py:545} INFO - Filling up the DagBag from /home/vscode/.local/lib/python3.11/site-packages/airflow/example_dags/standard/example_bash_decorator.py
[2026-05-23T12:07:14.822+0000] {logging_mixin.py:188} INFO - [2026-05-23T12:07:14.821+0000] {dagbag.py:355} ERROR - Failed to import: /home/vscode/.local/lib/python3.11/site-packages/airflow/example_dags/standard/example_bash_decorator.py
Traceback (most recent call last):
  File "/home/vscode/.local/lib/python3.11/site-packages/airflow/models/dagbag.py", line 351, in parse
  File "<frozen importlib._bootstrap_external>", line 940, in exec_module
  File "<frozen importlib._bootstrap>", line 241, in _call_with_frames_removed
  File "/home/vscode/.local/lib/python3.11/site-packages/airflow/example_dags/standard/example_bash_decorator.py", line 23, in <module>
    from airflow.providers.standard.operators.empty import EmptyOperator
  File "/home/vscode/.local/lib/python3.11/site-packages/airflow/providers/standard/__init__.py", line 37, in <module>
    raise RuntimeError(
RuntimeError: The package `apache-airflow-providers-standard:1.13.0` needs Apache Airflow 2.11.0+
[2026-05-23T12:07:14.822+0000] {processor.py:842} WARNING - No viable dags retrieved from /home/vscode/.local/lib/python3.11/site-packages/airflow/example_dags/standard/example_bash_decorator.py
[2026-05-23T12:07:14.835+0000] {processor.py:183} INFO - Processing /home/vscode/.local/lib/python3.11/site-packages/airflow/example_dags/standard/example_bash_decorator.py took 0.024 seconds
[2026-05-23T12:07:46.341+0000] {processor.py:161} INFO - Started process (PID=30894) to work on /home/vscode/.local/lib/python3.11/site-packages/airflow/example_dags/standard/example_bash_decorator.py
[2026-05-23T12:07:46.341+0000] {processor.py:830} INFO - Processing file /home/vscode/.local/lib/python3.11/site-packages/airflow/example_dags/standard/example_bash_decorator.py for tasks to queue
[2026-05-23T12:07:46.342+0000] {logging_mixin.py:188} INFO - [2026-05-23T12:07:46.342+0000] {dagbag.py:545} INFO - Filling up the DagBag from /home/vscode/.local/lib/python3.11/site-packages/airflow/example_dags/standard/example_bash_decorator.py
[2026-05-23T12:07:46.344+0000] {logging_mixin.py:188} INFO - [2026-05-23T12:07:46.344+0000] {dagbag.py:355} ERROR - Failed to import: /home/vscode/.local/lib/python3.11/site-packages/airflow/example_dags/standard/example_bash_decorator.py
Traceback (most recent call last):
  File "/home/vscode/.local/lib/python3.11/site-packages/airflow/models/dagbag.py", line 351, in parse
  File "<frozen importlib._bootstrap_external>", line 940, in exec_module
  File "<frozen importlib._bootstrap>", line 241, in _call_with_frames_removed
  File "/home/vscode/.local/lib/python3.11/site-packages/airflow/example_dags/standard/example_bash_decorator.py", line 23, in <module>
    from airflow.providers.standard.operators.empty import EmptyOperator
  File "/home/vscode/.local/lib/python3.11/site-packages/airflow/providers/standard/__init__.py", line 37, in <module>
    raise RuntimeError(
RuntimeError: The package `apache-airflow-providers-standard:1.13.0` needs Apache Airflow 2.11.0+
[2026-05-23T12:07:46.345+0000] {processor.py:842} WARNING - No viable dags retrieved from /home/vscode/.local/lib/python3.11/site-packages/airflow/example_dags/standard/example_bash_decorator.py
[2026-05-23T12:07:46.358+0000] {processor.py:183} INFO - Processing /home/vscode/.local/lib/python3.11/site-packages/airflow/example_dags/standard/example_bash_decorator.py took 0.024 seconds
[2026-05-23T12:08:16.739+0000] {processor.py:161} INFO - Started process (PID=31010) to work on /home/vscode/.local/lib/python3.11/site-packages/airflow/example_dags/standard/example_bash_decorator.py
[2026-05-23T12:08:16.739+0000] {processor.py:830} INFO - Processing file /home/vscode/.local/lib/python3.11/site-packages/airflow/example_dags/standard/example_bash_decorator.py for tasks to queue
[2026-05-23T12:08:16.740+0000] {logging_mixin.py:188} INFO - [2026-05-23T12:08:16.740+0000] {dagbag.py:545} INFO - Filling up the DagBag from /home/vscode/.local/lib/python3.11/site-packages/airflow/example_dags/standard/example_bash_decorator.py
[2026-05-23T12:08:16.742+0000] {logging_mixin.py:188} INFO - [2026-05-23T12:08:16.742+0000] {dagbag.py:355} ERROR - Failed to import: /home/vscode/.local/lib/python3.11/site-packages/airflow/example_dags/standard/example_bash_decorator.py
Traceback (most recent call last):
  File "/home/vscode/.local/lib/python3.11/site-packages/airflow/models/dagbag.py", line 351, in parse
  File "<frozen importlib._bootstrap_external>", line 940, in exec_module
  File "<frozen importlib._bootstrap>", line 241, in _call_with_frames_removed
  File "/home/vscode/.local/lib/python3.11/site-packages/airflow/example_dags/standard/example_bash_decorator.py", line 23, in <module>
    from airflow.providers.standard.operators.empty import EmptyOperator
  File "/home/vscode/.local/lib/python3.11/site-packages/airflow/providers/standard/__init__.py", line 37, in <module>
    raise RuntimeError(
RuntimeError: The package `apache-airflow-providers-standard:1.13.0` needs Apache Airflow 2.11.0+
[2026-05-23T12:08:16.743+0000] {processor.py:842} WARNING - No viable dags retrieved from /home/vscode/.local/lib/python3.11/site-packages/airflow/example_dags/standard/example_bash_decorator.py
[2026-05-23T12:08:16.756+0000] {processor.py:183} INFO - Processing /home/vscode/.local/lib/python3.11/site-packages/airflow/example_dags/standard/example_bash_decorator.py took 0.024 seconds
[2026-05-23T12:08:47.133+0000] {processor.py:161} INFO - Started process (PID=31212) to work on /home/vscode/.local/lib/python3.11/site-packages/airflow/example_dags/standard/example_bash_decorator.py
[2026-05-23T12:08:47.134+0000] {processor.py:830} INFO - Processing file /home/vscode/.local/lib/python3.11/site-packages/airflow/example_dags/standard/example_bash_decorator.py for tasks to queue
[2026-05-23T12:08:47.134+0000] {logging_mixin.py:188} INFO - [2026-05-23T12:08:47.134+0000] {dagbag.py:545} INFO - Filling up the DagBag from /home/vscode/.local/lib/python3.11/site-packages/airflow/example_dags/standard/example_bash_decorator.py
[2026-05-23T12:08:47.136+0000] {logging_mixin.py:188} INFO - [2026-05-23T12:08:47.136+0000] {dagbag.py:355} ERROR - Failed to import: /home/vscode/.local/lib/python3.11/site-packages/airflow/example_dags/standard/example_bash_decorator.py
Traceback (most recent call last):
  File "/home/vscode/.local/lib/python3.11/site-packages/airflow/models/dagbag.py", line 351, in parse
  File "<frozen importlib._bootstrap_external>", line 940, in exec_module
  File "<frozen importlib._bootstrap>", line 241, in _call_with_frames_removed
  File "/home/vscode/.local/lib/python3.11/site-packages/airflow/example_dags/standard/example_bash_decorator.py", line 23, in <module>
    from airflow.providers.standard.operators.empty import EmptyOperator
  File "/home/vscode/.local/lib/python3.11/site-packages/airflow/providers/standard/__init__.py", line 37, in <module>
    raise RuntimeError(
RuntimeError: The package `apache-airflow-providers-standard:1.13.0` needs Apache Airflow 2.11.0+
[2026-05-23T12:08:47.137+0000] {processor.py:842} WARNING - No viable dags retrieved from /home/vscode/.local/lib/python3.11/site-packages/airflow/example_dags/standard/example_bash_decorator.py
[2026-05-23T12:08:47.149+0000] {processor.py:183} INFO - Processing /home/vscode/.local/lib/python3.11/site-packages/airflow/example_dags/standard/example_bash_decorator.py took 0.022 seconds
[2026-05-23T12:09:17.526+0000] {processor.py:161} INFO - Started process (PID=31458) to work on /home/vscode/.local/lib/python3.11/site-packages/airflow/example_dags/standard/example_bash_decorator.py
[2026-05-23T12:09:17.527+0000] {processor.py:830} INFO - Processing file /home/vscode/.local/lib/python3.11/site-packages/airflow/example_dags/standard/example_bash_decorator.py for tasks to queue
[2026-05-23T12:09:17.527+0000] {logging_mixin.py:188} INFO - [2026-05-23T12:09:17.527+0000] {dagbag.py:545} INFO - Filling up the DagBag from /home/vscode/.local/lib/python3.11/site-packages/airflow/example_dags/standard/example_bash_decorator.py
[2026-05-23T12:09:17.530+0000] {logging_mixin.py:188} INFO - [2026-05-23T12:09:17.529+0000] {dagbag.py:355} ERROR - Failed to import: /home/vscode/.local/lib/python3.11/site-packages/airflow/example_dags/standard/example_bash_decorator.py
Traceback (most recent call last):
  File "/home/vscode/.local/lib/python3.11/site-packages/airflow/models/dagbag.py", line 351, in parse
  File "<frozen importlib._bootstrap_external>", line 940, in exec_module
  File "<frozen importlib._bootstrap>", line 241, in _call_with_frames_removed
  File "/home/vscode/.local/lib/python3.11/site-packages/airflow/example_dags/standard/example_bash_decorator.py", line 23, in <module>
    from airflow.providers.standard.operators.empty import EmptyOperator
  File "/home/vscode/.local/lib/python3.11/site-packages/airflow/providers/standard/__init__.py", line 37, in <module>
    raise RuntimeError(
RuntimeError: The package `apache-airflow-providers-standard:1.13.0` needs Apache Airflow 2.11.0+
[2026-05-23T12:09:17.530+0000] {processor.py:842} WARNING - No viable dags retrieved from /home/vscode/.local/lib/python3.11/site-packages/airflow/example_dags/standard/example_bash_decorator.py
[2026-05-23T12:09:17.543+0000] {processor.py:183} INFO - Processing /home/vscode/.local/lib/python3.11/site-packages/airflow/example_dags/standard/example_bash_decorator.py took 0.023 seconds
[2026-05-23T12:09:49.827+0000] {processor.py:161} INFO - Started process (PID=31676) to work on /home/vscode/.local/lib/python3.11/site-packages/airflow/example_dags/standard/example_bash_decorator.py
[2026-05-23T12:09:49.828+0000] {processor.py:830} INFO - Processing file /home/vscode/.local/lib/python3.11/site-packages/airflow/example_dags/standard/example_bash_decorator.py for tasks to queue
[2026-05-23T12:09:49.829+0000] {logging_mixin.py:188} INFO - [2026-05-23T12:09:49.828+0000] {dagbag.py:545} INFO - Filling up the DagBag from /home/vscode/.local/lib/python3.11/site-packages/airflow/example_dags/standard/example_bash_decorator.py
[2026-05-23T12:09:49.831+0000] {logging_mixin.py:188} INFO - [2026-05-23T12:09:49.830+0000] {dagbag.py:355} ERROR - Failed to import: /home/vscode/.local/lib/python3.11/site-packages/airflow/example_dags/standard/example_bash_decorator.py
Traceback (most recent call last):
  File "/home/vscode/.local/lib/python3.11/site-packages/airflow/models/dagbag.py", line 351, in parse
    loader.exec_module(new_module)
  File "<frozen importlib._bootstrap_external>", line 940, in exec_module
  File "<frozen importlib._bootstrap>", line 241, in _call_with_frames_removed
  File "/home/vscode/.local/lib/python3.11/site-packages/airflow/example_dags/standard/example_bash_decorator.py", line 23, in <module>
    from airflow.providers.standard.operators.empty import EmptyOperator
  File "/home/vscode/.local/lib/python3.11/site-packages/airflow/providers/standard/__init__.py", line 37, in <module>
    raise RuntimeError(
RuntimeError: The package `apache-airflow-providers-standard:1.13.0` needs Apache Airflow 2.11.0+
[2026-05-23T12:09:49.831+0000] {processor.py:842} WARNING - No viable dags retrieved from /home/vscode/.local/lib/python3.11/site-packages/airflow/example_dags/standard/example_bash_decorator.py
[2026-05-23T12:09:49.843+0000] {processor.py:183} INFO - Processing /home/vscode/.local/lib/python3.11/site-packages/airflow/example_dags/standard/example_bash_decorator.py took 0.022 seconds
[2026-05-23T12:10:20.441+0000] {processor.py:161} INFO - Started process (PID=31869) to work on /home/vscode/.local/lib/python3.11/site-packages/airflow/example_dags/standard/example_bash_decorator.py
[2026-05-23T12:10:20.441+0000] {processor.py:830} INFO - Processing file /home/vscode/.local/lib/python3.11/site-packages/airflow/example_dags/standard/example_bash_decorator.py for tasks to queue
[2026-05-23T12:10:20.442+0000] {logging_mixin.py:188} INFO - [2026-05-23T12:10:20.441+0000] {dagbag.py:545} INFO - Filling up the DagBag from /home/vscode/.local/lib/python3.11/site-packages/airflow/example_dags/standard/example_bash_decorator.py
[2026-05-23T12:10:20.445+0000] {logging_mixin.py:188} INFO - [2026-05-23T12:10:20.444+0000] {dagbag.py:355} ERROR - Failed to import: /home/vscode/.local/lib/python3.11/site-packages/airflow/example_dags/standard/example_bash_decorator.py
Traceback (most recent call last):
  File "/home/vscode/.local/lib/python3.11/site-packages/airflow/models/dagbag.py", line 351, in parse
    loader.exec_module(new_module)
  File "<frozen importlib._bootstrap_external>", line 940, in exec_module
  File "<frozen importlib._bootstrap>", line 241, in _call_with_frames_removed
  File "/home/vscode/.local/lib/python3.11/site-packages/airflow/example_dags/standard/example_bash_decorator.py", line 23, in <module>
    from airflow.providers.standard.operators.empty import EmptyOperator
  File "/home/vscode/.local/lib/python3.11/site-packages/airflow/providers/standard/__init__.py", line 37, in <module>
    raise RuntimeError(
RuntimeError: The package `apache-airflow-providers-standard:1.13.0` needs Apache Airflow 2.11.0+
[2026-05-23T12:10:20.445+0000] {processor.py:842} WARNING - No viable dags retrieved from /home/vscode/.local/lib/python3.11/site-packages/airflow/example_dags/standard/example_bash_decorator.py
[2026-05-23T12:10:20.458+0000] {processor.py:183} INFO - Processing /home/vscode/.local/lib/python3.11/site-packages/airflow/example_dags/standard/example_bash_decorator.py took 0.024 seconds
[2026-05-23T12:10:51.044+0000] {processor.py:161} INFO - Started process (PID=32058) to work on /home/vscode/.local/lib/python3.11/site-packages/airflow/example_dags/standard/example_bash_decorator.py
[2026-05-23T12:10:51.044+0000] {processor.py:830} INFO - Processing file /home/vscode/.local/lib/python3.11/site-packages/airflow/example_dags/standard/example_bash_decorator.py for tasks to queue
[2026-05-23T12:10:51.045+0000] {logging_mixin.py:188} INFO - [2026-05-23T12:10:51.045+0000] {dagbag.py:545} INFO - Filling up the DagBag from /home/vscode/.local/lib/python3.11/site-packages/airflow/example_dags/standard/example_bash_decorator.py
[2026-05-23T12:10:51.048+0000] {logging_mixin.py:188} INFO - [2026-05-23T12:10:51.047+0000] {dagbag.py:355} ERROR - Failed to import: /home/vscode/.local/lib/python3.11/site-packages/airflow/example_dags/standard/example_bash_decorator.py
Traceback (most recent call last):
  File "/home/vscode/.local/lib/python3.11/site-packages/airflow/models/dagbag.py", line 351, in parse
    loader.exec_module(new_module)
  File "<frozen importlib._bootstrap_external>", line 940, in exec_module
  File "<frozen importlib._bootstrap>", line 241, in _call_with_frames_removed
  File "/home/vscode/.local/lib/python3.11/site-packages/airflow/example_dags/standard/example_bash_decorator.py", line 23, in <module>
    from airflow.providers.standard.operators.empty import EmptyOperator
  File "/home/vscode/.local/lib/python3.11/site-packages/airflow/providers/standard/__init__.py", line 37, in <module>
    raise RuntimeError(
RuntimeError: The package `apache-airflow-providers-standard:1.13.0` needs Apache Airflow 2.11.0+
[2026-05-23T12:10:51.048+0000] {processor.py:842} WARNING - No viable dags retrieved from /home/vscode/.local/lib/python3.11/site-packages/airflow/example_dags/standard/example_bash_decorator.py
[2026-05-23T12:10:51.061+0000] {processor.py:183} INFO - Processing /home/vscode/.local/lib/python3.11/site-packages/airflow/example_dags/standard/example_bash_decorator.py took 0.024 seconds
