[2026-05-23T12:01:33.732+0000] {processor.py:161} INFO - Started process (PID=26212) to work on /home/vscode/.local/lib/python3.11/site-packages/airflow/example_dags/standard/example_branch_operator.py
[2026-05-23T12:01:33.733+0000] {processor.py:830} INFO - Processing file /home/vscode/.local/lib/python3.11/site-packages/airflow/example_dags/standard/example_branch_operator.py for tasks to queue
[2026-05-23T12:01:33.734+0000] {logging_mixin.py:188} INFO - [2026-05-23T12:01:33.733+0000] {dagbag.py:545} INFO - Filling up the DagBag from /home/vscode/.local/lib/python3.11/site-packages/airflow/example_dags/standard/example_branch_operator.py
[2026-05-23T12:01:33.738+0000] {logging_mixin.py:188} INFO - [2026-05-23T12:01:33.736+0000] {dagbag.py:355} ERROR - Failed to import: /home/vscode/.local/lib/python3.11/site-packages/airflow/example_dags/standard/example_branch_operator.py
Traceback (most recent call last):
  File "/home/vscode/.local/lib/python3.11/site-packages/airflow/models/dagbag.py", line 351, in parse
  File "<frozen importlib._bootstrap_external>", line 940, in exec_module
  File "<frozen importlib._bootstrap>", line 241, in _call_with_frames_removed
  File "/home/vscode/.local/lib/python3.11/site-packages/airflow/example_dags/standard/example_branch_operator.py", line 32, in <module>
    from airflow.providers.standard.operators.empty import EmptyOperator
  File "/home/vscode/.local/lib/python3.11/site-packages/airflow/providers/standard/__init__.py", line 37, in <module>
    raise RuntimeError(
RuntimeError: The package `apache-airflow-providers-standard:1.13.0` needs Apache Airflow 2.11.0+
[2026-05-23T12:01:33.738+0000] {processor.py:842} WARNING - No viable dags retrieved from /home/vscode/.local/lib/python3.11/site-packages/airflow/example_dags/standard/example_branch_operator.py
[2026-05-23T12:01:33.759+0000] {processor.py:183} INFO - Processing /home/vscode/.local/lib/python3.11/site-packages/airflow/example_dags/standard/example_branch_operator.py took 0.038 seconds
[2026-05-23T12:02:09.654+0000] {processor.py:161} INFO - Started process (PID=27873) to work on /home/vscode/.local/lib/python3.11/site-packages/airflow/example_dags/standard/example_branch_operator.py
[2026-05-23T12:02:09.655+0000] {processor.py:830} INFO - Processing file /home/vscode/.local/lib/python3.11/site-packages/airflow/example_dags/standard/example_branch_operator.py for tasks to queue
[2026-05-23T12:02:09.656+0000] {logging_mixin.py:188} INFO - [2026-05-23T12:02:09.655+0000] {dagbag.py:545} INFO - Filling up the DagBag from /home/vscode/.local/lib/python3.11/site-packages/airflow/example_dags/standard/example_branch_operator.py
[2026-05-23T12:02:09.660+0000] {logging_mixin.py:188} INFO - [2026-05-23T12:02:09.659+0000] {dagbag.py:355} ERROR - Failed to import: /home/vscode/.local/lib/python3.11/site-packages/airflow/example_dags/standard/example_branch_operator.py
Traceback (most recent call last):
  File "/home/vscode/.local/lib/python3.11/site-packages/airflow/models/dagbag.py", line 351, in parse
  File "<frozen importlib._bootstrap_external>", line 940, in exec_module
  File "<frozen importlib._bootstrap>", line 241, in _call_with_frames_removed
  File "/home/vscode/.local/lib/python3.11/site-packages/airflow/example_dags/standard/example_branch_operator.py", line 32, in <module>
    from airflow.providers.standard.operators.empty import EmptyOperator
  File "/home/vscode/.local/lib/python3.11/site-packages/airflow/providers/standard/__init__.py", line 37, in <module>
    raise RuntimeError(
RuntimeError: The package `apache-airflow-providers-standard:1.13.0` needs Apache Airflow 2.11.0+
[2026-05-23T12:02:09.661+0000] {processor.py:842} WARNING - No viable dags retrieved from /home/vscode/.local/lib/python3.11/site-packages/airflow/example_dags/standard/example_branch_operator.py
[2026-05-23T12:02:09.682+0000] {processor.py:183} INFO - Processing /home/vscode/.local/lib/python3.11/site-packages/airflow/example_dags/standard/example_branch_operator.py took 0.038 seconds
[2026-05-23T12:02:39.886+0000] {processor.py:161} INFO - Started process (PID=29527) to work on /home/vscode/.local/lib/python3.11/site-packages/airflow/example_dags/standard/example_branch_operator.py
[2026-05-23T12:02:39.887+0000] {processor.py:830} INFO - Processing file /home/vscode/.local/lib/python3.11/site-packages/airflow/example_dags/standard/example_branch_operator.py for tasks to queue
[2026-05-23T12:02:39.888+0000] {logging_mixin.py:188} INFO - [2026-05-23T12:02:39.887+0000] {dagbag.py:545} INFO - Filling up the DagBag from /home/vscode/.local/lib/python3.11/site-packages/airflow/example_dags/standard/example_branch_operator.py
[2026-05-23T12:02:39.890+0000] {logging_mixin.py:188} INFO - [2026-05-23T12:02:39.889+0000] {dagbag.py:355} ERROR - Failed to import: /home/vscode/.local/lib/python3.11/site-packages/airflow/example_dags/standard/example_branch_operator.py
Traceback (most recent call last):
  File "/home/vscode/.local/lib/python3.11/site-packages/airflow/models/dagbag.py", line 351, in parse
  File "<frozen importlib._bootstrap_external>", line 940, in exec_module
  File "<frozen importlib._bootstrap>", line 241, in _call_with_frames_removed
  File "/home/vscode/.local/lib/python3.11/site-packages/airflow/example_dags/standard/example_branch_operator.py", line 32, in <module>
    from airflow.providers.standard.operators.empty import EmptyOperator
  File "/home/vscode/.local/lib/python3.11/site-packages/airflow/providers/standard/__init__.py", line 37, in <module>
    raise RuntimeError(
RuntimeError: The package `apache-airflow-providers-standard:1.13.0` needs Apache Airflow 2.11.0+
[2026-05-23T12:02:39.890+0000] {processor.py:842} WARNING - No viable dags retrieved from /home/vscode/.local/lib/python3.11/site-packages/airflow/example_dags/standard/example_branch_operator.py
[2026-05-23T12:02:39.904+0000] {processor.py:183} INFO - Processing /home/vscode/.local/lib/python3.11/site-packages/airflow/example_dags/standard/example_branch_operator.py took 0.024 seconds
[2026-05-23T12:03:10.484+0000] {processor.py:161} INFO - Started process (PID=29871) to work on /home/vscode/.local/lib/python3.11/site-packages/airflow/example_dags/standard/example_branch_operator.py
[2026-05-23T12:03:10.485+0000] {processor.py:830} INFO - Processing file /home/vscode/.local/lib/python3.11/site-packages/airflow/example_dags/standard/example_branch_operator.py for tasks to queue
[2026-05-23T12:03:10.485+0000] {logging_mixin.py:188} INFO - [2026-05-23T12:03:10.485+0000] {dagbag.py:545} INFO - Filling up the DagBag from /home/vscode/.local/lib/python3.11/site-packages/airflow/example_dags/standard/example_branch_operator.py
[2026-05-23T12:03:10.488+0000] {logging_mixin.py:188} INFO - [2026-05-23T12:03:10.487+0000] {dagbag.py:355} ERROR - Failed to import: /home/vscode/.local/lib/python3.11/site-packages/airflow/example_dags/standard/example_branch_operator.py
Traceback (most recent call last):
  File "/home/vscode/.local/lib/python3.11/site-packages/airflow/models/dagbag.py", line 351, in parse
  File "<frozen importlib._bootstrap_external>", line 940, in exec_module
  File "<frozen importlib._bootstrap>", line 241, in _call_with_frames_removed
  File "/home/vscode/.local/lib/python3.11/site-packages/airflow/example_dags/standard/example_branch_operator.py", line 32, in <module>
    from airflow.providers.standard.operators.empty import EmptyOperator
  File "/home/vscode/.local/lib/python3.11/site-packages/airflow/providers/standard/__init__.py", line 37, in <module>
    raise RuntimeError(
RuntimeError: The package `apache-airflow-providers-standard:1.13.0` needs Apache Airflow 2.11.0+
[2026-05-23T12:03:10.488+0000] {processor.py:842} WARNING - No viable dags retrieved from /home/vscode/.local/lib/python3.11/site-packages/airflow/example_dags/standard/example_branch_operator.py
[2026-05-23T12:03:10.501+0000] {processor.py:183} INFO - Processing /home/vscode/.local/lib/python3.11/site-packages/airflow/example_dags/standard/example_branch_operator.py took 0.023 seconds
[2026-05-23T12:03:40.997+0000] {processor.py:161} INFO - Started process (PID=29981) to work on /home/vscode/.local/lib/python3.11/site-packages/airflow/example_dags/standard/example_branch_operator.py
[2026-05-23T12:03:40.998+0000] {processor.py:830} INFO - Processing file /home/vscode/.local/lib/python3.11/site-packages/airflow/example_dags/standard/example_branch_operator.py for tasks to queue
[2026-05-23T12:03:40.998+0000] {logging_mixin.py:188} INFO - [2026-05-23T12:03:40.998+0000] {dagbag.py:545} INFO - Filling up the DagBag from /home/vscode/.local/lib/python3.11/site-packages/airflow/example_dags/standard/example_branch_operator.py
[2026-05-23T12:03:41.001+0000] {logging_mixin.py:188} INFO - [2026-05-23T12:03:41.000+0000] {dagbag.py:355} ERROR - Failed to import: /home/vscode/.local/lib/python3.11/site-packages/airflow/example_dags/standard/example_branch_operator.py
Traceback (most recent call last):
  File "/home/vscode/.local/lib/python3.11/site-packages/airflow/models/dagbag.py", line 351, in parse
  File "<frozen importlib._bootstrap_external>", line 940, in exec_module
  File "<frozen importlib._bootstrap>", line 241, in _call_with_frames_removed
  File "/home/vscode/.local/lib/python3.11/site-packages/airflow/example_dags/standard/example_branch_operator.py", line 32, in <module>
    from airflow.providers.standard.operators.empty import EmptyOperator
  File "/home/vscode/.local/lib/python3.11/site-packages/airflow/providers/standard/__init__.py", line 37, in <module>
    raise RuntimeError(
RuntimeError: The package `apache-airflow-providers-standard:1.13.0` needs Apache Airflow 2.11.0+
[2026-05-23T12:03:41.001+0000] {processor.py:842} WARNING - No viable dags retrieved from /home/vscode/.local/lib/python3.11/site-packages/airflow/example_dags/standard/example_branch_operator.py
[2026-05-23T12:03:41.014+0000] {processor.py:183} INFO - Processing /home/vscode/.local/lib/python3.11/site-packages/airflow/example_dags/standard/example_branch_operator.py took 0.024 seconds
[2026-05-23T12:04:11.418+0000] {processor.py:161} INFO - Started process (PID=30097) to work on /home/vscode/.local/lib/python3.11/site-packages/airflow/example_dags/standard/example_branch_operator.py
[2026-05-23T12:04:11.418+0000] {processor.py:830} INFO - Processing file /home/vscode/.local/lib/python3.11/site-packages/airflow/example_dags/standard/example_branch_operator.py for tasks to queue
[2026-05-23T12:04:11.419+0000] {logging_mixin.py:188} INFO - [2026-05-23T12:04:11.418+0000] {dagbag.py:545} INFO - Filling up the DagBag from /home/vscode/.local/lib/python3.11/site-packages/airflow/example_dags/standard/example_branch_operator.py
[2026-05-23T12:04:11.421+0000] {logging_mixin.py:188} INFO - [2026-05-23T12:04:11.420+0000] {dagbag.py:355} ERROR - Failed to import: /home/vscode/.local/lib/python3.11/site-packages/airflow/example_dags/standard/example_branch_operator.py
Traceback (most recent call last):
  File "/home/vscode/.local/lib/python3.11/site-packages/airflow/models/dagbag.py", line 351, in parse
  File "<frozen importlib._bootstrap_external>", line 940, in exec_module
  File "<frozen importlib._bootstrap>", line 241, in _call_with_frames_removed
  File "/home/vscode/.local/lib/python3.11/site-packages/airflow/example_dags/standard/example_branch_operator.py", line 32, in <module>
    from airflow.providers.standard.operators.empty import EmptyOperator
  File "/home/vscode/.local/lib/python3.11/site-packages/airflow/providers/standard/__init__.py", line 37, in <module>
    raise RuntimeError(
RuntimeError: The package `apache-airflow-providers-standard:1.13.0` needs Apache Airflow 2.11.0+
[2026-05-23T12:04:11.421+0000] {processor.py:842} WARNING - No viable dags retrieved from /home/vscode/.local/lib/python3.11/site-packages/airflow/example_dags/standard/example_branch_operator.py
[2026-05-23T12:04:11.437+0000] {processor.py:183} INFO - Processing /home/vscode/.local/lib/python3.11/site-packages/airflow/example_dags/standard/example_branch_operator.py took 0.026 seconds
[2026-05-23T12:04:41.742+0000] {processor.py:161} INFO - Started process (PID=30211) to work on /home/vscode/.local/lib/python3.11/site-packages/airflow/example_dags/standard/example_branch_operator.py
[2026-05-23T12:04:41.743+0000] {processor.py:830} INFO - Processing file /home/vscode/.local/lib/python3.11/site-packages/airflow/example_dags/standard/example_branch_operator.py for tasks to queue
[2026-05-23T12:04:41.743+0000] {logging_mixin.py:188} INFO - [2026-05-23T12:04:41.743+0000] {dagbag.py:545} INFO - Filling up the DagBag from /home/vscode/.local/lib/python3.11/site-packages/airflow/example_dags/standard/example_branch_operator.py
[2026-05-23T12:04:41.746+0000] {logging_mixin.py:188} INFO - [2026-05-23T12:04:41.745+0000] {dagbag.py:355} ERROR - Failed to import: /home/vscode/.local/lib/python3.11/site-packages/airflow/example_dags/standard/example_branch_operator.py
Traceback (most recent call last):
  File "/home/vscode/.local/lib/python3.11/site-packages/airflow/models/dagbag.py", line 351, in parse
  File "<frozen importlib._bootstrap_external>", line 940, in exec_module
  File "<frozen importlib._bootstrap>", line 241, in _call_with_frames_removed
  File "/home/vscode/.local/lib/python3.11/site-packages/airflow/example_dags/standard/example_branch_operator.py", line 32, in <module>
    from airflow.providers.standard.operators.empty import EmptyOperator
  File "/home/vscode/.local/lib/python3.11/site-packages/airflow/providers/standard/__init__.py", line 37, in <module>
    raise RuntimeError(
RuntimeError: The package `apache-airflow-providers-standard:1.13.0` needs Apache Airflow 2.11.0+
[2026-05-23T12:04:41.746+0000] {processor.py:842} WARNING - No viable dags retrieved from /home/vscode/.local/lib/python3.11/site-packages/airflow/example_dags/standard/example_branch_operator.py
[2026-05-23T12:04:41.759+0000] {processor.py:183} INFO - Processing /home/vscode/.local/lib/python3.11/site-packages/airflow/example_dags/standard/example_branch_operator.py took 0.024 seconds
[2026-05-23T12:05:12.149+0000] {processor.py:161} INFO - Started process (PID=30320) to work on /home/vscode/.local/lib/python3.11/site-packages/airflow/example_dags/standard/example_branch_operator.py
[2026-05-23T12:05:12.150+0000] {processor.py:830} INFO - Processing file /home/vscode/.local/lib/python3.11/site-packages/airflow/example_dags/standard/example_branch_operator.py for tasks to queue
[2026-05-23T12:05:12.150+0000] {logging_mixin.py:188} INFO - [2026-05-23T12:05:12.150+0000] {dagbag.py:545} INFO - Filling up the DagBag from /home/vscode/.local/lib/python3.11/site-packages/airflow/example_dags/standard/example_branch_operator.py
[2026-05-23T12:05:12.153+0000] {logging_mixin.py:188} INFO - [2026-05-23T12:05:12.152+0000] {dagbag.py:355} ERROR - Failed to import: /home/vscode/.local/lib/python3.11/site-packages/airflow/example_dags/standard/example_branch_operator.py
Traceback (most recent call last):
  File "/home/vscode/.local/lib/python3.11/site-packages/airflow/models/dagbag.py", line 351, in parse
  File "<frozen importlib._bootstrap_external>", line 940, in exec_module
  File "<frozen importlib._bootstrap>", line 241, in _call_with_frames_removed
  File "/home/vscode/.local/lib/python3.11/site-packages/airflow/example_dags/standard/example_branch_operator.py", line 32, in <module>
    from airflow.providers.standard.operators.empty import EmptyOperator
  File "/home/vscode/.local/lib/python3.11/site-packages/airflow/providers/standard/__init__.py", line 37, in <module>
    raise RuntimeError(
RuntimeError: The package `apache-airflow-providers-standard:1.13.0` needs Apache Airflow 2.11.0+
[2026-05-23T12:05:12.153+0000] {processor.py:842} WARNING - No viable dags retrieved from /home/vscode/.local/lib/python3.11/site-packages/airflow/example_dags/standard/example_branch_operator.py
[2026-05-23T12:05:12.165+0000] {processor.py:183} INFO - Processing /home/vscode/.local/lib/python3.11/site-packages/airflow/example_dags/standard/example_branch_operator.py took 0.022 seconds
[2026-05-23T12:05:42.690+0000] {processor.py:161} INFO - Started process (PID=30436) to work on /home/vscode/.local/lib/python3.11/site-packages/airflow/example_dags/standard/example_branch_operator.py
[2026-05-23T12:05:42.690+0000] {processor.py:830} INFO - Processing file /home/vscode/.local/lib/python3.11/site-packages/airflow/example_dags/standard/example_branch_operator.py for tasks to queue
[2026-05-23T12:05:42.691+0000] {logging_mixin.py:188} INFO - [2026-05-23T12:05:42.691+0000] {dagbag.py:545} INFO - Filling up the DagBag from /home/vscode/.local/lib/python3.11/site-packages/airflow/example_dags/standard/example_branch_operator.py
[2026-05-23T12:05:42.693+0000] {logging_mixin.py:188} INFO - [2026-05-23T12:05:42.693+0000] {dagbag.py:355} ERROR - Failed to import: /home/vscode/.local/lib/python3.11/site-packages/airflow/example_dags/standard/example_branch_operator.py
Traceback (most recent call last):
  File "/home/vscode/.local/lib/python3.11/site-packages/airflow/models/dagbag.py", line 351, in parse
  File "<frozen importlib._bootstrap_external>", line 940, in exec_module
  File "<frozen importlib._bootstrap>", line 241, in _call_with_frames_removed
  File "/home/vscode/.local/lib/python3.11/site-packages/airflow/example_dags/standard/example_branch_operator.py", line 32, in <module>
    from airflow.providers.standard.operators.empty import EmptyOperator
  File "/home/vscode/.local/lib/python3.11/site-packages/airflow/providers/standard/__init__.py", line 37, in <module>
    raise RuntimeError(
RuntimeError: The package `apache-airflow-providers-standard:1.13.0` needs Apache Airflow 2.11.0+
[2026-05-23T12:05:42.694+0000] {processor.py:842} WARNING - No viable dags retrieved from /home/vscode/.local/lib/python3.11/site-packages/airflow/example_dags/standard/example_branch_operator.py
[2026-05-23T12:05:42.707+0000] {processor.py:183} INFO - Processing /home/vscode/.local/lib/python3.11/site-packages/airflow/example_dags/standard/example_branch_operator.py took 0.024 seconds
[2026-05-23T12:06:12.959+0000] {processor.py:161} INFO - Started process (PID=30545) to work on /home/vscode/.local/lib/python3.11/site-packages/airflow/example_dags/standard/example_branch_operator.py
[2026-05-23T12:06:12.959+0000] {processor.py:830} INFO - Processing file /home/vscode/.local/lib/python3.11/site-packages/airflow/example_dags/standard/example_branch_operator.py for tasks to queue
[2026-05-23T12:06:12.960+0000] {logging_mixin.py:188} INFO - [2026-05-23T12:06:12.960+0000] {dagbag.py:545} INFO - Filling up the DagBag from /home/vscode/.local/lib/python3.11/site-packages/airflow/example_dags/standard/example_branch_operator.py
[2026-05-23T12:06:12.962+0000] {logging_mixin.py:188} INFO - [2026-05-23T12:06:12.961+0000] {dagbag.py:355} ERROR - Failed to import: /home/vscode/.local/lib/python3.11/site-packages/airflow/example_dags/standard/example_branch_operator.py
Traceback (most recent call last):
  File "/home/vscode/.local/lib/python3.11/site-packages/airflow/models/dagbag.py", line 351, in parse
  File "<frozen importlib._bootstrap_external>", line 940, in exec_module
  File "<frozen importlib._bootstrap>", line 241, in _call_with_frames_removed
  File "/home/vscode/.local/lib/python3.11/site-packages/airflow/example_dags/standard/example_branch_operator.py", line 32, in <module>
    from airflow.providers.standard.operators.empty import EmptyOperator
  File "/home/vscode/.local/lib/python3.11/site-packages/airflow/providers/standard/__init__.py", line 37, in <module>
    raise RuntimeError(
RuntimeError: The package `apache-airflow-providers-standard:1.13.0` needs Apache Airflow 2.11.0+
[2026-05-23T12:06:12.962+0000] {processor.py:842} WARNING - No viable dags retrieved from /home/vscode/.local/lib/python3.11/site-packages/airflow/example_dags/standard/example_branch_operator.py
[2026-05-23T12:06:12.976+0000] {processor.py:183} INFO - Processing /home/vscode/.local/lib/python3.11/site-packages/airflow/example_dags/standard/example_branch_operator.py took 0.024 seconds
[2026-05-23T12:06:43.277+0000] {processor.py:161} INFO - Started process (PID=30660) to work on /home/vscode/.local/lib/python3.11/site-packages/airflow/example_dags/standard/example_branch_operator.py
[2026-05-23T12:06:43.277+0000] {processor.py:830} INFO - Processing file /home/vscode/.local/lib/python3.11/site-packages/airflow/example_dags/standard/example_branch_operator.py for tasks to queue
[2026-05-23T12:06:43.278+0000] {logging_mixin.py:188} INFO - [2026-05-23T12:06:43.278+0000] {dagbag.py:545} INFO - Filling up the DagBag from /home/vscode/.local/lib/python3.11/site-packages/airflow/example_dags/standard/example_branch_operator.py
[2026-05-23T12:06:43.280+0000] {logging_mixin.py:188} INFO - [2026-05-23T12:06:43.280+0000] {dagbag.py:355} ERROR - Failed to import: /home/vscode/.local/lib/python3.11/site-packages/airflow/example_dags/standard/example_branch_operator.py
Traceback (most recent call last):
  File "/home/vscode/.local/lib/python3.11/site-packages/airflow/models/dagbag.py", line 351, in parse
  File "<frozen importlib._bootstrap_external>", line 940, in exec_module
  File "<frozen importlib._bootstrap>", line 241, in _call_with_frames_removed
  File "/home/vscode/.local/lib/python3.11/site-packages/airflow/example_dags/standard/example_branch_operator.py", line 32, in <module>
    from airflow.providers.standard.operators.empty import EmptyOperator
  File "/home/vscode/.local/lib/python3.11/site-packages/airflow/providers/standard/__init__.py", line 37, in <module>
    raise RuntimeError(
RuntimeError: The package `apache-airflow-providers-standard:1.13.0` needs Apache Airflow 2.11.0+
[2026-05-23T12:06:43.281+0000] {processor.py:842} WARNING - No viable dags retrieved from /home/vscode/.local/lib/python3.11/site-packages/airflow/example_dags/standard/example_branch_operator.py
[2026-05-23T12:06:43.294+0000] {processor.py:183} INFO - Processing /home/vscode/.local/lib/python3.11/site-packages/airflow/example_dags/standard/example_branch_operator.py took 0.023 seconds
[2026-05-23T12:07:13.674+0000] {processor.py:161} INFO - Started process (PID=30771) to work on /home/vscode/.local/lib/python3.11/site-packages/airflow/example_dags/standard/example_branch_operator.py
[2026-05-23T12:07:13.674+0000] {processor.py:830} INFO - Processing file /home/vscode/.local/lib/python3.11/site-packages/airflow/example_dags/standard/example_branch_operator.py for tasks to queue
[2026-05-23T12:07:13.675+0000] {logging_mixin.py:188} INFO - [2026-05-23T12:07:13.674+0000] {dagbag.py:545} INFO - Filling up the DagBag from /home/vscode/.local/lib/python3.11/site-packages/airflow/example_dags/standard/example_branch_operator.py
[2026-05-23T12:07:13.677+0000] {logging_mixin.py:188} INFO - [2026-05-23T12:07:13.676+0000] {dagbag.py:355} ERROR - Failed to import: /home/vscode/.local/lib/python3.11/site-packages/airflow/example_dags/standard/example_branch_operator.py
Traceback (most recent call last):
  File "/home/vscode/.local/lib/python3.11/site-packages/airflow/models/dagbag.py", line 351, in parse
  File "<frozen importlib._bootstrap_external>", line 940, in exec_module
  File "<frozen importlib._bootstrap>", line 241, in _call_with_frames_removed
  File "/home/vscode/.local/lib/python3.11/site-packages/airflow/example_dags/standard/example_branch_operator.py", line 32, in <module>
    from airflow.providers.standard.operators.empty import EmptyOperator
  File "/home/vscode/.local/lib/python3.11/site-packages/airflow/providers/standard/__init__.py", line 37, in <module>
    raise RuntimeError(
RuntimeError: The package `apache-airflow-providers-standard:1.13.0` needs Apache Airflow 2.11.0+
[2026-05-23T12:07:13.677+0000] {processor.py:842} WARNING - No viable dags retrieved from /home/vscode/.local/lib/python3.11/site-packages/airflow/example_dags/standard/example_branch_operator.py
[2026-05-23T12:07:13.695+0000] {processor.py:183} INFO - Processing /home/vscode/.local/lib/python3.11/site-packages/airflow/example_dags/standard/example_branch_operator.py took 0.027 seconds
[2026-05-23T12:07:45.211+0000] {processor.py:161} INFO - Started process (PID=30886) to work on /home/vscode/.local/lib/python3.11/site-packages/airflow/example_dags/standard/example_branch_operator.py
[2026-05-23T12:07:45.212+0000] {processor.py:830} INFO - Processing file /home/vscode/.local/lib/python3.11/site-packages/airflow/example_dags/standard/example_branch_operator.py for tasks to queue
[2026-05-23T12:07:45.212+0000] {logging_mixin.py:188} INFO - [2026-05-23T12:07:45.212+0000] {dagbag.py:545} INFO - Filling up the DagBag from /home/vscode/.local/lib/python3.11/site-packages/airflow/example_dags/standard/example_branch_operator.py
[2026-05-23T12:07:45.215+0000] {logging_mixin.py:188} INFO - [2026-05-23T12:07:45.214+0000] {dagbag.py:355} ERROR - Failed to import: /home/vscode/.local/lib/python3.11/site-packages/airflow/example_dags/standard/example_branch_operator.py
Traceback (most recent call last):
  File "/home/vscode/.local/lib/python3.11/site-packages/airflow/models/dagbag.py", line 351, in parse
  File "<frozen importlib._bootstrap_external>", line 940, in exec_module
  File "<frozen importlib._bootstrap>", line 241, in _call_with_frames_removed
  File "/home/vscode/.local/lib/python3.11/site-packages/airflow/example_dags/standard/example_branch_operator.py", line 32, in <module>
    from airflow.providers.standard.operators.empty import EmptyOperator
  File "/home/vscode/.local/lib/python3.11/site-packages/airflow/providers/standard/__init__.py", line 37, in <module>
    raise RuntimeError(
RuntimeError: The package `apache-airflow-providers-standard:1.13.0` needs Apache Airflow 2.11.0+
[2026-05-23T12:07:45.215+0000] {processor.py:842} WARNING - No viable dags retrieved from /home/vscode/.local/lib/python3.11/site-packages/airflow/example_dags/standard/example_branch_operator.py
[2026-05-23T12:07:45.228+0000] {processor.py:183} INFO - Processing /home/vscode/.local/lib/python3.11/site-packages/airflow/example_dags/standard/example_branch_operator.py took 0.023 seconds
[2026-05-23T12:08:15.608+0000] {processor.py:161} INFO - Started process (PID=31002) to work on /home/vscode/.local/lib/python3.11/site-packages/airflow/example_dags/standard/example_branch_operator.py
[2026-05-23T12:08:15.609+0000] {processor.py:830} INFO - Processing file /home/vscode/.local/lib/python3.11/site-packages/airflow/example_dags/standard/example_branch_operator.py for tasks to queue
[2026-05-23T12:08:15.609+0000] {logging_mixin.py:188} INFO - [2026-05-23T12:08:15.609+0000] {dagbag.py:545} INFO - Filling up the DagBag from /home/vscode/.local/lib/python3.11/site-packages/airflow/example_dags/standard/example_branch_operator.py
[2026-05-23T12:08:15.612+0000] {logging_mixin.py:188} INFO - [2026-05-23T12:08:15.611+0000] {dagbag.py:355} ERROR - Failed to import: /home/vscode/.local/lib/python3.11/site-packages/airflow/example_dags/standard/example_branch_operator.py
Traceback (most recent call last):
  File "/home/vscode/.local/lib/python3.11/site-packages/airflow/models/dagbag.py", line 351, in parse
  File "<frozen importlib._bootstrap_external>", line 940, in exec_module
  File "<frozen importlib._bootstrap>", line 241, in _call_with_frames_removed
  File "/home/vscode/.local/lib/python3.11/site-packages/airflow/example_dags/standard/example_branch_operator.py", line 32, in <module>
    from airflow.providers.standard.operators.empty import EmptyOperator
  File "/home/vscode/.local/lib/python3.11/site-packages/airflow/providers/standard/__init__.py", line 37, in <module>
    raise RuntimeError(
RuntimeError: The package `apache-airflow-providers-standard:1.13.0` needs Apache Airflow 2.11.0+
[2026-05-23T12:08:15.612+0000] {processor.py:842} WARNING - No viable dags retrieved from /home/vscode/.local/lib/python3.11/site-packages/airflow/example_dags/standard/example_branch_operator.py
[2026-05-23T12:08:15.625+0000] {processor.py:183} INFO - Processing /home/vscode/.local/lib/python3.11/site-packages/airflow/example_dags/standard/example_branch_operator.py took 0.023 seconds
[2026-05-23T12:08:46.002+0000] {processor.py:161} INFO - Started process (PID=31195) to work on /home/vscode/.local/lib/python3.11/site-packages/airflow/example_dags/standard/example_branch_operator.py
[2026-05-23T12:08:46.002+0000] {processor.py:830} INFO - Processing file /home/vscode/.local/lib/python3.11/site-packages/airflow/example_dags/standard/example_branch_operator.py for tasks to queue
[2026-05-23T12:08:46.003+0000] {logging_mixin.py:188} INFO - [2026-05-23T12:08:46.003+0000] {dagbag.py:545} INFO - Filling up the DagBag from /home/vscode/.local/lib/python3.11/site-packages/airflow/example_dags/standard/example_branch_operator.py
[2026-05-23T12:08:46.006+0000] {logging_mixin.py:188} INFO - [2026-05-23T12:08:46.005+0000] {dagbag.py:355} ERROR - Failed to import: /home/vscode/.local/lib/python3.11/site-packages/airflow/example_dags/standard/example_branch_operator.py
Traceback (most recent call last):
  File "/home/vscode/.local/lib/python3.11/site-packages/airflow/models/dagbag.py", line 351, in parse
  File "<frozen importlib._bootstrap_external>", line 940, in exec_module
  File "<frozen importlib._bootstrap>", line 241, in _call_with_frames_removed
  File "/home/vscode/.local/lib/python3.11/site-packages/airflow/example_dags/standard/example_branch_operator.py", line 32, in <module>
    from airflow.providers.standard.operators.empty import EmptyOperator
  File "/home/vscode/.local/lib/python3.11/site-packages/airflow/providers/standard/__init__.py", line 37, in <module>
    raise RuntimeError(
RuntimeError: The package `apache-airflow-providers-standard:1.13.0` needs Apache Airflow 2.11.0+
[2026-05-23T12:08:46.006+0000] {processor.py:842} WARNING - No viable dags retrieved from /home/vscode/.local/lib/python3.11/site-packages/airflow/example_dags/standard/example_branch_operator.py
[2026-05-23T12:08:46.019+0000] {processor.py:183} INFO - Processing /home/vscode/.local/lib/python3.11/site-packages/airflow/example_dags/standard/example_branch_operator.py took 0.024 seconds
[2026-05-23T12:09:16.396+0000] {processor.py:161} INFO - Started process (PID=31441) to work on /home/vscode/.local/lib/python3.11/site-packages/airflow/example_dags/standard/example_branch_operator.py
[2026-05-23T12:09:16.396+0000] {processor.py:830} INFO - Processing file /home/vscode/.local/lib/python3.11/site-packages/airflow/example_dags/standard/example_branch_operator.py for tasks to queue
[2026-05-23T12:09:16.397+0000] {logging_mixin.py:188} INFO - [2026-05-23T12:09:16.397+0000] {dagbag.py:545} INFO - Filling up the DagBag from /home/vscode/.local/lib/python3.11/site-packages/airflow/example_dags/standard/example_branch_operator.py
[2026-05-23T12:09:16.399+0000] {logging_mixin.py:188} INFO - [2026-05-23T12:09:16.398+0000] {dagbag.py:355} ERROR - Failed to import: /home/vscode/.local/lib/python3.11/site-packages/airflow/example_dags/standard/example_branch_operator.py
Traceback (most recent call last):
  File "/home/vscode/.local/lib/python3.11/site-packages/airflow/models/dagbag.py", line 351, in parse
  File "<frozen importlib._bootstrap_external>", line 940, in exec_module
  File "<frozen importlib._bootstrap>", line 241, in _call_with_frames_removed
  File "/home/vscode/.local/lib/python3.11/site-packages/airflow/example_dags/standard/example_branch_operator.py", line 32, in <module>
    from airflow.providers.standard.operators.empty import EmptyOperator
  File "/home/vscode/.local/lib/python3.11/site-packages/airflow/providers/standard/__init__.py", line 37, in <module>
    raise RuntimeError(
RuntimeError: The package `apache-airflow-providers-standard:1.13.0` needs Apache Airflow 2.11.0+
[2026-05-23T12:09:16.399+0000] {processor.py:842} WARNING - No viable dags retrieved from /home/vscode/.local/lib/python3.11/site-packages/airflow/example_dags/standard/example_branch_operator.py
[2026-05-23T12:09:16.412+0000] {processor.py:183} INFO - Processing /home/vscode/.local/lib/python3.11/site-packages/airflow/example_dags/standard/example_branch_operator.py took 0.023 seconds
[2026-05-23T12:09:49.118+0000] {processor.py:161} INFO - Started process (PID=31674) to work on /home/vscode/.local/lib/python3.11/site-packages/airflow/example_dags/standard/example_branch_operator.py
[2026-05-23T12:09:49.118+0000] {processor.py:830} INFO - Processing file /home/vscode/.local/lib/python3.11/site-packages/airflow/example_dags/standard/example_branch_operator.py for tasks to queue
[2026-05-23T12:09:49.119+0000] {logging_mixin.py:188} INFO - [2026-05-23T12:09:49.119+0000] {dagbag.py:545} INFO - Filling up the DagBag from /home/vscode/.local/lib/python3.11/site-packages/airflow/example_dags/standard/example_branch_operator.py
[2026-05-23T12:09:49.122+0000] {logging_mixin.py:188} INFO - [2026-05-23T12:09:49.121+0000] {dagbag.py:355} ERROR - Failed to import: /home/vscode/.local/lib/python3.11/site-packages/airflow/example_dags/standard/example_branch_operator.py
Traceback (most recent call last):
  File "/home/vscode/.local/lib/python3.11/site-packages/airflow/models/dagbag.py", line 351, in parse
    loader.exec_module(new_module)
  File "<frozen importlib._bootstrap_external>", line 940, in exec_module
  File "<frozen importlib._bootstrap>", line 241, in _call_with_frames_removed
  File "/home/vscode/.local/lib/python3.11/site-packages/airflow/example_dags/standard/example_branch_operator.py", line 32, in <module>
    from airflow.providers.standard.operators.empty import EmptyOperator
  File "/home/vscode/.local/lib/python3.11/site-packages/airflow/providers/standard/__init__.py", line 37, in <module>
    raise RuntimeError(
RuntimeError: The package `apache-airflow-providers-standard:1.13.0` needs Apache Airflow 2.11.0+
[2026-05-23T12:09:49.122+0000] {processor.py:842} WARNING - No viable dags retrieved from /home/vscode/.local/lib/python3.11/site-packages/airflow/example_dags/standard/example_branch_operator.py
[2026-05-23T12:09:49.134+0000] {processor.py:183} INFO - Processing /home/vscode/.local/lib/python3.11/site-packages/airflow/example_dags/standard/example_branch_operator.py took 0.022 seconds
[2026-05-23T12:10:19.514+0000] {processor.py:161} INFO - Started process (PID=31867) to work on /home/vscode/.local/lib/python3.11/site-packages/airflow/example_dags/standard/example_branch_operator.py
[2026-05-23T12:10:19.515+0000] {processor.py:830} INFO - Processing file /home/vscode/.local/lib/python3.11/site-packages/airflow/example_dags/standard/example_branch_operator.py for tasks to queue
[2026-05-23T12:10:19.516+0000] {logging_mixin.py:188} INFO - [2026-05-23T12:10:19.515+0000] {dagbag.py:545} INFO - Filling up the DagBag from /home/vscode/.local/lib/python3.11/site-packages/airflow/example_dags/standard/example_branch_operator.py
[2026-05-23T12:10:19.518+0000] {logging_mixin.py:188} INFO - [2026-05-23T12:10:19.517+0000] {dagbag.py:355} ERROR - Failed to import: /home/vscode/.local/lib/python3.11/site-packages/airflow/example_dags/standard/example_branch_operator.py
Traceback (most recent call last):
  File "/home/vscode/.local/lib/python3.11/site-packages/airflow/models/dagbag.py", line 351, in parse
    loader.exec_module(new_module)
  File "<frozen importlib._bootstrap_external>", line 940, in exec_module
  File "<frozen importlib._bootstrap>", line 241, in _call_with_frames_removed
  File "/home/vscode/.local/lib/python3.11/site-packages/airflow/example_dags/standard/example_branch_operator.py", line 32, in <module>
    from airflow.providers.standard.operators.empty import EmptyOperator
  File "/home/vscode/.local/lib/python3.11/site-packages/airflow/providers/standard/__init__.py", line 37, in <module>
    raise RuntimeError(
RuntimeError: The package `apache-airflow-providers-standard:1.13.0` needs Apache Airflow 2.11.0+
[2026-05-23T12:10:19.518+0000] {processor.py:842} WARNING - No viable dags retrieved from /home/vscode/.local/lib/python3.11/site-packages/airflow/example_dags/standard/example_branch_operator.py
[2026-05-23T12:10:19.532+0000] {processor.py:183} INFO - Processing /home/vscode/.local/lib/python3.11/site-packages/airflow/example_dags/standard/example_branch_operator.py took 0.024 seconds
[2026-05-23T12:10:49.913+0000] {processor.py:161} INFO - Started process (PID=32056) to work on /home/vscode/.local/lib/python3.11/site-packages/airflow/example_dags/standard/example_branch_operator.py
[2026-05-23T12:10:49.914+0000] {processor.py:830} INFO - Processing file /home/vscode/.local/lib/python3.11/site-packages/airflow/example_dags/standard/example_branch_operator.py for tasks to queue
[2026-05-23T12:10:49.914+0000] {logging_mixin.py:188} INFO - [2026-05-23T12:10:49.914+0000] {dagbag.py:545} INFO - Filling up the DagBag from /home/vscode/.local/lib/python3.11/site-packages/airflow/example_dags/standard/example_branch_operator.py
[2026-05-23T12:10:49.917+0000] {logging_mixin.py:188} INFO - [2026-05-23T12:10:49.916+0000] {dagbag.py:355} ERROR - Failed to import: /home/vscode/.local/lib/python3.11/site-packages/airflow/example_dags/standard/example_branch_operator.py
Traceback (most recent call last):
  File "/home/vscode/.local/lib/python3.11/site-packages/airflow/models/dagbag.py", line 351, in parse
    loader.exec_module(new_module)
  File "<frozen importlib._bootstrap_external>", line 940, in exec_module
  File "<frozen importlib._bootstrap>", line 241, in _call_with_frames_removed
  File "/home/vscode/.local/lib/python3.11/site-packages/airflow/example_dags/standard/example_branch_operator.py", line 32, in <module>
    from airflow.providers.standard.operators.empty import EmptyOperator
  File "/home/vscode/.local/lib/python3.11/site-packages/airflow/providers/standard/__init__.py", line 37, in <module>
    raise RuntimeError(
RuntimeError: The package `apache-airflow-providers-standard:1.13.0` needs Apache Airflow 2.11.0+
[2026-05-23T12:10:49.917+0000] {processor.py:842} WARNING - No viable dags retrieved from /home/vscode/.local/lib/python3.11/site-packages/airflow/example_dags/standard/example_branch_operator.py
[2026-05-23T12:10:49.930+0000] {processor.py:183} INFO - Processing /home/vscode/.local/lib/python3.11/site-packages/airflow/example_dags/standard/example_branch_operator.py took 0.023 seconds
[2026-05-23T12:11:20.311+0000] {processor.py:161} INFO - Started process (PID=32266) to work on /home/vscode/.local/lib/python3.11/site-packages/airflow/example_dags/standard/example_branch_operator.py
[2026-05-23T12:11:20.311+0000] {processor.py:830} INFO - Processing file /home/vscode/.local/lib/python3.11/site-packages/airflow/example_dags/standard/example_branch_operator.py for tasks to queue
[2026-05-23T12:11:20.312+0000] {logging_mixin.py:188} INFO - [2026-05-23T12:11:20.312+0000] {dagbag.py:545} INFO - Filling up the DagBag from /home/vscode/.local/lib/python3.11/site-packages/airflow/example_dags/standard/example_branch_operator.py
[2026-05-23T12:11:20.315+0000] {logging_mixin.py:188} INFO - [2026-05-23T12:11:20.314+0000] {dagbag.py:355} ERROR - Failed to import: /home/vscode/.local/lib/python3.11/site-packages/airflow/example_dags/standard/example_branch_operator.py
Traceback (most recent call last):
  File "/home/vscode/.local/lib/python3.11/site-packages/airflow/models/dagbag.py", line 351, in parse
    loader.exec_module(new_module)
  File "<frozen importlib._bootstrap_external>", line 940, in exec_module
  File "<frozen importlib._bootstrap>", line 241, in _call_with_frames_removed
  File "/home/vscode/.local/lib/python3.11/site-packages/airflow/example_dags/standard/example_branch_operator.py", line 32, in <module>
    from airflow.providers.standard.operators.empty import EmptyOperator
  File "/home/vscode/.local/lib/python3.11/site-packages/airflow/providers/standard/__init__.py", line 37, in <module>
    raise RuntimeError(
RuntimeError: The package `apache-airflow-providers-standard:1.13.0` needs Apache Airflow 2.11.0+
[2026-05-23T12:11:20.315+0000] {processor.py:842} WARNING - No viable dags retrieved from /home/vscode/.local/lib/python3.11/site-packages/airflow/example_dags/standard/example_branch_operator.py
[2026-05-23T12:11:20.328+0000] {processor.py:183} INFO - Processing /home/vscode/.local/lib/python3.11/site-packages/airflow/example_dags/standard/example_branch_operator.py took 0.023 seconds
