[2026-05-23T12:01:25.450+0000] {processor.py:161} INFO - Started process (PID=25480) to work on /home/vscode/.local/lib/python3.11/site-packages/airflow/example_dags/standard/example_sensor_decorator.py
[2026-05-23T12:01:25.451+0000] {processor.py:830} INFO - Processing file /home/vscode/.local/lib/python3.11/site-packages/airflow/example_dags/standard/example_sensor_decorator.py for tasks to queue
[2026-05-23T12:01:25.451+0000] {logging_mixin.py:188} INFO - [2026-05-23T12:01:25.451+0000] {dagbag.py:545} INFO - Filling up the DagBag from /home/vscode/.local/lib/python3.11/site-packages/airflow/example_dags/standard/example_sensor_decorator.py
[2026-05-23T12:01:25.456+0000] {logging_mixin.py:188} INFO - [2026-05-23T12:01:25.453+0000] {dagbag.py:355} ERROR - Failed to import: /home/vscode/.local/lib/python3.11/site-packages/airflow/example_dags/standard/example_sensor_decorator.py
Traceback (most recent call last):
  File "/home/vscode/.local/lib/python3.11/site-packages/airflow/models/dagbag.py", line 351, in parse
  File "<frozen importlib._bootstrap_external>", line 940, in exec_module
  File "<frozen importlib._bootstrap>", line 241, in _call_with_frames_removed
  File "/home/vscode/.local/lib/python3.11/site-packages/airflow/example_dags/standard/example_sensor_decorator.py", line 27, in <module>
    from airflow.sdk import PokeReturnValue, dag, task
  File "/home/vscode/.local/lib/python3.11/site-packages/airflow/sdk/__init__.py", line 137, in __getattr__
    mod = importlib.import_module(module_path, __name__)
          ^^^^^^^^^^^^^^^^^^^^^^^^^^^^^^^^^^^^^^^^^^^^^^
  File "/usr/local/lib/python3.11/importlib/__init__.py", line 126, in import_module
    return _bootstrap._gcd_import(name[level:], package, level)
           ^^^^^^^^^^^^^^^^^^^^^^^^^^^^^^^^^^^^^^^^^^^^^^^^^^^^
  File "/home/vscode/.local/lib/python3.11/site-packages/airflow/sdk/bases/sensor.py", line 29, in <module>
    from airflow.exceptions import (
ImportError: cannot import name 'TaskDeferralTimeout' from 'airflow.exceptions' (/home/vscode/.local/lib/python3.11/site-packages/airflow/exceptions.py)
[2026-05-23T12:01:25.457+0000] {processor.py:842} WARNING - No viable dags retrieved from /home/vscode/.local/lib/python3.11/site-packages/airflow/example_dags/standard/example_sensor_decorator.py
[2026-05-23T12:01:25.470+0000] {processor.py:183} INFO - Processing /home/vscode/.local/lib/python3.11/site-packages/airflow/example_dags/standard/example_sensor_decorator.py took 0.026 seconds
[2026-05-23T12:01:58.305+0000] {processor.py:161} INFO - Started process (PID=27570) to work on /home/vscode/.local/lib/python3.11/site-packages/airflow/example_dags/standard/example_sensor_decorator.py
[2026-05-23T12:01:58.312+0000] {processor.py:830} INFO - Processing file /home/vscode/.local/lib/python3.11/site-packages/airflow/example_dags/standard/example_sensor_decorator.py for tasks to queue
[2026-05-23T12:01:58.313+0000] {logging_mixin.py:188} INFO - [2026-05-23T12:01:58.312+0000] {dagbag.py:545} INFO - Filling up the DagBag from /home/vscode/.local/lib/python3.11/site-packages/airflow/example_dags/standard/example_sensor_decorator.py
[2026-05-23T12:01:58.324+0000] {logging_mixin.py:188} INFO - [2026-05-23T12:01:58.318+0000] {dagbag.py:355} ERROR - Failed to import: /home/vscode/.local/lib/python3.11/site-packages/airflow/example_dags/standard/example_sensor_decorator.py
Traceback (most recent call last):
  File "/home/vscode/.local/lib/python3.11/site-packages/airflow/models/dagbag.py", line 351, in parse
  File "<frozen importlib._bootstrap_external>", line 940, in exec_module
  File "<frozen importlib._bootstrap>", line 241, in _call_with_frames_removed
  File "/home/vscode/.local/lib/python3.11/site-packages/airflow/example_dags/standard/example_sensor_decorator.py", line 27, in <module>
    from airflow.sdk import PokeReturnValue, dag, task
  File "/home/vscode/.local/lib/python3.11/site-packages/airflow/sdk/__init__.py", line 137, in __getattr__
    mod = importlib.import_module(module_path, __name__)
          ^^^^^^^^^^^^^^^^^^^^^^^^^^^^^^^^^^^^^^^^^^^^^^
  File "/usr/local/lib/python3.11/importlib/__init__.py", line 126, in import_module
    return _bootstrap._gcd_import(name[level:], package, level)
           ^^^^^^^^^^^^^^^^^^^^^^^^^^^^^^^^^^^^^^^^^^^^^^^^^^^^
  File "/home/vscode/.local/lib/python3.11/site-packages/airflow/sdk/bases/sensor.py", line 29, in <module>
    from airflow.exceptions import (
ImportError: cannot import name 'TaskDeferralTimeout' from 'airflow.exceptions' (/home/vscode/.local/lib/python3.11/site-packages/airflow/exceptions.py)
[2026-05-23T12:01:58.328+0000] {processor.py:842} WARNING - No viable dags retrieved from /home/vscode/.local/lib/python3.11/site-packages/airflow/example_dags/standard/example_sensor_decorator.py
[2026-05-23T12:01:58.351+0000] {processor.py:183} INFO - Processing /home/vscode/.local/lib/python3.11/site-packages/airflow/example_dags/standard/example_sensor_decorator.py took 0.061 seconds
[2026-05-23T12:02:28.705+0000] {processor.py:161} INFO - Started process (PID=29369) to work on /home/vscode/.local/lib/python3.11/site-packages/airflow/example_dags/standard/example_sensor_decorator.py
[2026-05-23T12:02:28.706+0000] {processor.py:830} INFO - Processing file /home/vscode/.local/lib/python3.11/site-packages/airflow/example_dags/standard/example_sensor_decorator.py for tasks to queue
[2026-05-23T12:02:28.706+0000] {logging_mixin.py:188} INFO - [2026-05-23T12:02:28.706+0000] {dagbag.py:545} INFO - Filling up the DagBag from /home/vscode/.local/lib/python3.11/site-packages/airflow/example_dags/standard/example_sensor_decorator.py
[2026-05-23T12:02:28.711+0000] {logging_mixin.py:188} INFO - [2026-05-23T12:02:28.709+0000] {dagbag.py:355} ERROR - Failed to import: /home/vscode/.local/lib/python3.11/site-packages/airflow/example_dags/standard/example_sensor_decorator.py
Traceback (most recent call last):
  File "/home/vscode/.local/lib/python3.11/site-packages/airflow/models/dagbag.py", line 351, in parse
  File "<frozen importlib._bootstrap_external>", line 940, in exec_module
  File "<frozen importlib._bootstrap>", line 241, in _call_with_frames_removed
  File "/home/vscode/.local/lib/python3.11/site-packages/airflow/example_dags/standard/example_sensor_decorator.py", line 27, in <module>
    from airflow.sdk import PokeReturnValue, dag, task
  File "/home/vscode/.local/lib/python3.11/site-packages/airflow/sdk/__init__.py", line 137, in __getattr__
    mod = importlib.import_module(module_path, __name__)
          ^^^^^^^^^^^^^^^^^^^^^^^^^^^^^^^^^^^^^^^^^^^^^^
  File "/usr/local/lib/python3.11/importlib/__init__.py", line 126, in import_module
    return _bootstrap._gcd_import(name[level:], package, level)
           ^^^^^^^^^^^^^^^^^^^^^^^^^^^^^^^^^^^^^^^^^^^^^^^^^^^^
  File "/home/vscode/.local/lib/python3.11/site-packages/airflow/sdk/bases/sensor.py", line 29, in <module>
    from airflow.exceptions import (
ImportError: cannot import name 'TaskDeferralTimeout' from 'airflow.exceptions' (/home/vscode/.local/lib/python3.11/site-packages/airflow/exceptions.py)
[2026-05-23T12:02:28.711+0000] {processor.py:842} WARNING - No viable dags retrieved from /home/vscode/.local/lib/python3.11/site-packages/airflow/example_dags/standard/example_sensor_decorator.py
[2026-05-23T12:02:28.725+0000] {processor.py:183} INFO - Processing /home/vscode/.local/lib/python3.11/site-packages/airflow/example_dags/standard/example_sensor_decorator.py took 0.027 seconds
[2026-05-23T12:03:00.879+0000] {processor.py:161} INFO - Started process (PID=29823) to work on /home/vscode/.local/lib/python3.11/site-packages/airflow/example_dags/standard/example_sensor_decorator.py
[2026-05-23T12:03:00.880+0000] {processor.py:830} INFO - Processing file /home/vscode/.local/lib/python3.11/site-packages/airflow/example_dags/standard/example_sensor_decorator.py for tasks to queue
[2026-05-23T12:03:00.880+0000] {logging_mixin.py:188} INFO - [2026-05-23T12:03:00.880+0000] {dagbag.py:545} INFO - Filling up the DagBag from /home/vscode/.local/lib/python3.11/site-packages/airflow/example_dags/standard/example_sensor_decorator.py
[2026-05-23T12:03:00.883+0000] {logging_mixin.py:188} INFO - [2026-05-23T12:03:00.882+0000] {dagbag.py:355} ERROR - Failed to import: /home/vscode/.local/lib/python3.11/site-packages/airflow/example_dags/standard/example_sensor_decorator.py
Traceback (most recent call last):
  File "/home/vscode/.local/lib/python3.11/site-packages/airflow/models/dagbag.py", line 351, in parse
  File "<frozen importlib._bootstrap_external>", line 940, in exec_module
  File "<frozen importlib._bootstrap>", line 241, in _call_with_frames_removed
  File "/home/vscode/.local/lib/python3.11/site-packages/airflow/example_dags/standard/example_sensor_decorator.py", line 27, in <module>
    from airflow.sdk import PokeReturnValue, dag, task
  File "/home/vscode/.local/lib/python3.11/site-packages/airflow/sdk/__init__.py", line 137, in __getattr__
    mod = importlib.import_module(module_path, __name__)
          ^^^^^^^^^^^^^^^^^^^^^^^^^^^^^^^^^^^^^^^^^^^^^^
  File "/usr/local/lib/python3.11/importlib/__init__.py", line 126, in import_module
    return _bootstrap._gcd_import(name[level:], package, level)
           ^^^^^^^^^^^^^^^^^^^^^^^^^^^^^^^^^^^^^^^^^^^^^^^^^^^^
  File "/home/vscode/.local/lib/python3.11/site-packages/airflow/sdk/bases/sensor.py", line 29, in <module>
    from airflow.exceptions import (
ImportError: cannot import name 'TaskDeferralTimeout' from 'airflow.exceptions' (/home/vscode/.local/lib/python3.11/site-packages/airflow/exceptions.py)
[2026-05-23T12:03:00.884+0000] {processor.py:842} WARNING - No viable dags retrieved from /home/vscode/.local/lib/python3.11/site-packages/airflow/example_dags/standard/example_sensor_decorator.py
[2026-05-23T12:03:00.897+0000] {processor.py:183} INFO - Processing /home/vscode/.local/lib/python3.11/site-packages/airflow/example_dags/standard/example_sensor_decorator.py took 0.026 seconds
[2026-05-23T12:03:31.275+0000] {processor.py:161} INFO - Started process (PID=29952) to work on /home/vscode/.local/lib/python3.11/site-packages/airflow/example_dags/standard/example_sensor_decorator.py
[2026-05-23T12:03:31.275+0000] {processor.py:830} INFO - Processing file /home/vscode/.local/lib/python3.11/site-packages/airflow/example_dags/standard/example_sensor_decorator.py for tasks to queue
[2026-05-23T12:03:31.276+0000] {logging_mixin.py:188} INFO - [2026-05-23T12:03:31.275+0000] {dagbag.py:545} INFO - Filling up the DagBag from /home/vscode/.local/lib/python3.11/site-packages/airflow/example_dags/standard/example_sensor_decorator.py
[2026-05-23T12:03:31.279+0000] {logging_mixin.py:188} INFO - [2026-05-23T12:03:31.278+0000] {dagbag.py:355} ERROR - Failed to import: /home/vscode/.local/lib/python3.11/site-packages/airflow/example_dags/standard/example_sensor_decorator.py
Traceback (most recent call last):
  File "/home/vscode/.local/lib/python3.11/site-packages/airflow/models/dagbag.py", line 351, in parse
  File "<frozen importlib._bootstrap_external>", line 940, in exec_module
  File "<frozen importlib._bootstrap>", line 241, in _call_with_frames_removed
  File "/home/vscode/.local/lib/python3.11/site-packages/airflow/example_dags/standard/example_sensor_decorator.py", line 27, in <module>
    from airflow.sdk import PokeReturnValue, dag, task
  File "/home/vscode/.local/lib/python3.11/site-packages/airflow/sdk/__init__.py", line 137, in __getattr__
    mod = importlib.import_module(module_path, __name__)
          ^^^^^^^^^^^^^^^^^^^^^^^^^^^^^^^^^^^^^^^^^^^^^^
  File "/usr/local/lib/python3.11/importlib/__init__.py", line 126, in import_module
    return _bootstrap._gcd_import(name[level:], package, level)
           ^^^^^^^^^^^^^^^^^^^^^^^^^^^^^^^^^^^^^^^^^^^^^^^^^^^^
  File "/home/vscode/.local/lib/python3.11/site-packages/airflow/sdk/bases/sensor.py", line 29, in <module>
    from airflow.exceptions import (
ImportError: cannot import name 'TaskDeferralTimeout' from 'airflow.exceptions' (/home/vscode/.local/lib/python3.11/site-packages/airflow/exceptions.py)
[2026-05-23T12:03:31.279+0000] {processor.py:842} WARNING - No viable dags retrieved from /home/vscode/.local/lib/python3.11/site-packages/airflow/example_dags/standard/example_sensor_decorator.py
[2026-05-23T12:03:31.294+0000] {processor.py:183} INFO - Processing /home/vscode/.local/lib/python3.11/site-packages/airflow/example_dags/standard/example_sensor_decorator.py took 0.026 seconds
[2026-05-23T12:04:01.680+0000] {processor.py:161} INFO - Started process (PID=30061) to work on /home/vscode/.local/lib/python3.11/site-packages/airflow/example_dags/standard/example_sensor_decorator.py
[2026-05-23T12:04:01.681+0000] {processor.py:830} INFO - Processing file /home/vscode/.local/lib/python3.11/site-packages/airflow/example_dags/standard/example_sensor_decorator.py for tasks to queue
[2026-05-23T12:04:01.681+0000] {logging_mixin.py:188} INFO - [2026-05-23T12:04:01.681+0000] {dagbag.py:545} INFO - Filling up the DagBag from /home/vscode/.local/lib/python3.11/site-packages/airflow/example_dags/standard/example_sensor_decorator.py
[2026-05-23T12:04:01.684+0000] {logging_mixin.py:188} INFO - [2026-05-23T12:04:01.683+0000] {dagbag.py:355} ERROR - Failed to import: /home/vscode/.local/lib/python3.11/site-packages/airflow/example_dags/standard/example_sensor_decorator.py
Traceback (most recent call last):
  File "/home/vscode/.local/lib/python3.11/site-packages/airflow/models/dagbag.py", line 351, in parse
  File "<frozen importlib._bootstrap_external>", line 940, in exec_module
  File "<frozen importlib._bootstrap>", line 241, in _call_with_frames_removed
  File "/home/vscode/.local/lib/python3.11/site-packages/airflow/example_dags/standard/example_sensor_decorator.py", line 27, in <module>
    from airflow.sdk import PokeReturnValue, dag, task
  File "/home/vscode/.local/lib/python3.11/site-packages/airflow/sdk/__init__.py", line 137, in __getattr__
    mod = importlib.import_module(module_path, __name__)
          ^^^^^^^^^^^^^^^^^^^^^^^^^^^^^^^^^^^^^^^^^^^^^^
  File "/usr/local/lib/python3.11/importlib/__init__.py", line 126, in import_module
    return _bootstrap._gcd_import(name[level:], package, level)
           ^^^^^^^^^^^^^^^^^^^^^^^^^^^^^^^^^^^^^^^^^^^^^^^^^^^^
  File "/home/vscode/.local/lib/python3.11/site-packages/airflow/sdk/bases/sensor.py", line 29, in <module>
    from airflow.exceptions import (
ImportError: cannot import name 'TaskDeferralTimeout' from 'airflow.exceptions' (/home/vscode/.local/lib/python3.11/site-packages/airflow/exceptions.py)
[2026-05-23T12:04:01.684+0000] {processor.py:842} WARNING - No viable dags retrieved from /home/vscode/.local/lib/python3.11/site-packages/airflow/example_dags/standard/example_sensor_decorator.py
[2026-05-23T12:04:01.697+0000] {processor.py:183} INFO - Processing /home/vscode/.local/lib/python3.11/site-packages/airflow/example_dags/standard/example_sensor_decorator.py took 0.024 seconds
[2026-05-23T12:04:32.006+0000] {processor.py:161} INFO - Started process (PID=30175) to work on /home/vscode/.local/lib/python3.11/site-packages/airflow/example_dags/standard/example_sensor_decorator.py
[2026-05-23T12:04:32.006+0000] {processor.py:830} INFO - Processing file /home/vscode/.local/lib/python3.11/site-packages/airflow/example_dags/standard/example_sensor_decorator.py for tasks to queue
[2026-05-23T12:04:32.007+0000] {logging_mixin.py:188} INFO - [2026-05-23T12:04:32.006+0000] {dagbag.py:545} INFO - Filling up the DagBag from /home/vscode/.local/lib/python3.11/site-packages/airflow/example_dags/standard/example_sensor_decorator.py
[2026-05-23T12:04:32.009+0000] {logging_mixin.py:188} INFO - [2026-05-23T12:04:32.008+0000] {dagbag.py:355} ERROR - Failed to import: /home/vscode/.local/lib/python3.11/site-packages/airflow/example_dags/standard/example_sensor_decorator.py
Traceback (most recent call last):
  File "/home/vscode/.local/lib/python3.11/site-packages/airflow/models/dagbag.py", line 351, in parse
  File "<frozen importlib._bootstrap_external>", line 940, in exec_module
  File "<frozen importlib._bootstrap>", line 241, in _call_with_frames_removed
  File "/home/vscode/.local/lib/python3.11/site-packages/airflow/example_dags/standard/example_sensor_decorator.py", line 27, in <module>
    from airflow.sdk import PokeReturnValue, dag, task
  File "/home/vscode/.local/lib/python3.11/site-packages/airflow/sdk/__init__.py", line 137, in __getattr__
    mod = importlib.import_module(module_path, __name__)
          ^^^^^^^^^^^^^^^^^^^^^^^^^^^^^^^^^^^^^^^^^^^^^^
  File "/usr/local/lib/python3.11/importlib/__init__.py", line 126, in import_module
    return _bootstrap._gcd_import(name[level:], package, level)
           ^^^^^^^^^^^^^^^^^^^^^^^^^^^^^^^^^^^^^^^^^^^^^^^^^^^^
  File "/home/vscode/.local/lib/python3.11/site-packages/airflow/sdk/bases/sensor.py", line 29, in <module>
    from airflow.exceptions import (
ImportError: cannot import name 'TaskDeferralTimeout' from 'airflow.exceptions' (/home/vscode/.local/lib/python3.11/site-packages/airflow/exceptions.py)
[2026-05-23T12:04:32.010+0000] {processor.py:842} WARNING - No viable dags retrieved from /home/vscode/.local/lib/python3.11/site-packages/airflow/example_dags/standard/example_sensor_decorator.py
[2026-05-23T12:04:32.022+0000] {processor.py:183} INFO - Processing /home/vscode/.local/lib/python3.11/site-packages/airflow/example_dags/standard/example_sensor_decorator.py took 0.023 seconds
[2026-05-23T12:05:02.404+0000] {processor.py:161} INFO - Started process (PID=30285) to work on /home/vscode/.local/lib/python3.11/site-packages/airflow/example_dags/standard/example_sensor_decorator.py
[2026-05-23T12:05:02.404+0000] {processor.py:830} INFO - Processing file /home/vscode/.local/lib/python3.11/site-packages/airflow/example_dags/standard/example_sensor_decorator.py for tasks to queue
[2026-05-23T12:05:02.405+0000] {logging_mixin.py:188} INFO - [2026-05-23T12:05:02.405+0000] {dagbag.py:545} INFO - Filling up the DagBag from /home/vscode/.local/lib/python3.11/site-packages/airflow/example_dags/standard/example_sensor_decorator.py
[2026-05-23T12:05:02.408+0000] {logging_mixin.py:188} INFO - [2026-05-23T12:05:02.407+0000] {dagbag.py:355} ERROR - Failed to import: /home/vscode/.local/lib/python3.11/site-packages/airflow/example_dags/standard/example_sensor_decorator.py
Traceback (most recent call last):
  File "/home/vscode/.local/lib/python3.11/site-packages/airflow/models/dagbag.py", line 351, in parse
  File "<frozen importlib._bootstrap_external>", line 940, in exec_module
  File "<frozen importlib._bootstrap>", line 241, in _call_with_frames_removed
  File "/home/vscode/.local/lib/python3.11/site-packages/airflow/example_dags/standard/example_sensor_decorator.py", line 27, in <module>
    from airflow.sdk import PokeReturnValue, dag, task
  File "/home/vscode/.local/lib/python3.11/site-packages/airflow/sdk/__init__.py", line 137, in __getattr__
    mod = importlib.import_module(module_path, __name__)
          ^^^^^^^^^^^^^^^^^^^^^^^^^^^^^^^^^^^^^^^^^^^^^^
  File "/usr/local/lib/python3.11/importlib/__init__.py", line 126, in import_module
    return _bootstrap._gcd_import(name[level:], package, level)
           ^^^^^^^^^^^^^^^^^^^^^^^^^^^^^^^^^^^^^^^^^^^^^^^^^^^^
  File "/home/vscode/.local/lib/python3.11/site-packages/airflow/sdk/bases/sensor.py", line 29, in <module>
    from airflow.exceptions import (
ImportError: cannot import name 'TaskDeferralTimeout' from 'airflow.exceptions' (/home/vscode/.local/lib/python3.11/site-packages/airflow/exceptions.py)
[2026-05-23T12:05:02.409+0000] {processor.py:842} WARNING - No viable dags retrieved from /home/vscode/.local/lib/python3.11/site-packages/airflow/example_dags/standard/example_sensor_decorator.py
[2026-05-23T12:05:02.423+0000] {processor.py:183} INFO - Processing /home/vscode/.local/lib/python3.11/site-packages/airflow/example_dags/standard/example_sensor_decorator.py took 0.026 seconds
[2026-05-23T12:05:33.692+0000] {processor.py:161} INFO - Started process (PID=30401) to work on /home/vscode/.local/lib/python3.11/site-packages/airflow/example_dags/standard/example_sensor_decorator.py
[2026-05-23T12:05:33.693+0000] {processor.py:830} INFO - Processing file /home/vscode/.local/lib/python3.11/site-packages/airflow/example_dags/standard/example_sensor_decorator.py for tasks to queue
[2026-05-23T12:05:33.693+0000] {logging_mixin.py:188} INFO - [2026-05-23T12:05:33.693+0000] {dagbag.py:545} INFO - Filling up the DagBag from /home/vscode/.local/lib/python3.11/site-packages/airflow/example_dags/standard/example_sensor_decorator.py
[2026-05-23T12:05:33.697+0000] {logging_mixin.py:188} INFO - [2026-05-23T12:05:33.696+0000] {dagbag.py:355} ERROR - Failed to import: /home/vscode/.local/lib/python3.11/site-packages/airflow/example_dags/standard/example_sensor_decorator.py
Traceback (most recent call last):
  File "/home/vscode/.local/lib/python3.11/site-packages/airflow/models/dagbag.py", line 351, in parse
  File "<frozen importlib._bootstrap_external>", line 940, in exec_module
  File "<frozen importlib._bootstrap>", line 241, in _call_with_frames_removed
  File "/home/vscode/.local/lib/python3.11/site-packages/airflow/example_dags/standard/example_sensor_decorator.py", line 27, in <module>
    from airflow.sdk import PokeReturnValue, dag, task
  File "/home/vscode/.local/lib/python3.11/site-packages/airflow/sdk/__init__.py", line 137, in __getattr__
    mod = importlib.import_module(module_path, __name__)
          ^^^^^^^^^^^^^^^^^^^^^^^^^^^^^^^^^^^^^^^^^^^^^^
  File "/usr/local/lib/python3.11/importlib/__init__.py", line 126, in import_module
    return _bootstrap._gcd_import(name[level:], package, level)
           ^^^^^^^^^^^^^^^^^^^^^^^^^^^^^^^^^^^^^^^^^^^^^^^^^^^^
  File "/home/vscode/.local/lib/python3.11/site-packages/airflow/sdk/bases/sensor.py", line 29, in <module>
    from airflow.exceptions import (
ImportError: cannot import name 'TaskDeferralTimeout' from 'airflow.exceptions' (/home/vscode/.local/lib/python3.11/site-packages/airflow/exceptions.py)
[2026-05-23T12:05:33.698+0000] {processor.py:842} WARNING - No viable dags retrieved from /home/vscode/.local/lib/python3.11/site-packages/airflow/example_dags/standard/example_sensor_decorator.py
[2026-05-23T12:05:33.715+0000] {processor.py:183} INFO - Processing /home/vscode/.local/lib/python3.11/site-packages/airflow/example_dags/standard/example_sensor_decorator.py took 0.032 seconds
[2026-05-23T12:06:05.166+0000] {processor.py:161} INFO - Started process (PID=30517) to work on /home/vscode/.local/lib/python3.11/site-packages/airflow/example_dags/standard/example_sensor_decorator.py
[2026-05-23T12:06:05.167+0000] {processor.py:830} INFO - Processing file /home/vscode/.local/lib/python3.11/site-packages/airflow/example_dags/standard/example_sensor_decorator.py for tasks to queue
[2026-05-23T12:06:05.167+0000] {logging_mixin.py:188} INFO - [2026-05-23T12:06:05.167+0000] {dagbag.py:545} INFO - Filling up the DagBag from /home/vscode/.local/lib/python3.11/site-packages/airflow/example_dags/standard/example_sensor_decorator.py
[2026-05-23T12:06:05.170+0000] {logging_mixin.py:188} INFO - [2026-05-23T12:06:05.169+0000] {dagbag.py:355} ERROR - Failed to import: /home/vscode/.local/lib/python3.11/site-packages/airflow/example_dags/standard/example_sensor_decorator.py
Traceback (most recent call last):
  File "/home/vscode/.local/lib/python3.11/site-packages/airflow/models/dagbag.py", line 351, in parse
  File "<frozen importlib._bootstrap_external>", line 940, in exec_module
  File "<frozen importlib._bootstrap>", line 241, in _call_with_frames_removed
  File "/home/vscode/.local/lib/python3.11/site-packages/airflow/example_dags/standard/example_sensor_decorator.py", line 27, in <module>
    from airflow.sdk import PokeReturnValue, dag, task
  File "/home/vscode/.local/lib/python3.11/site-packages/airflow/sdk/__init__.py", line 137, in __getattr__
    mod = importlib.import_module(module_path, __name__)
          ^^^^^^^^^^^^^^^^^^^^^^^^^^^^^^^^^^^^^^^^^^^^^^
  File "/usr/local/lib/python3.11/importlib/__init__.py", line 126, in import_module
    return _bootstrap._gcd_import(name[level:], package, level)
           ^^^^^^^^^^^^^^^^^^^^^^^^^^^^^^^^^^^^^^^^^^^^^^^^^^^^
  File "/home/vscode/.local/lib/python3.11/site-packages/airflow/sdk/bases/sensor.py", line 29, in <module>
    from airflow.exceptions import (
ImportError: cannot import name 'TaskDeferralTimeout' from 'airflow.exceptions' (/home/vscode/.local/lib/python3.11/site-packages/airflow/exceptions.py)
[2026-05-23T12:06:05.170+0000] {processor.py:842} WARNING - No viable dags retrieved from /home/vscode/.local/lib/python3.11/site-packages/airflow/example_dags/standard/example_sensor_decorator.py
[2026-05-23T12:06:05.184+0000] {processor.py:183} INFO - Processing /home/vscode/.local/lib/python3.11/site-packages/airflow/example_dags/standard/example_sensor_decorator.py took 0.024 seconds
[2026-05-23T12:06:36.026+0000] {processor.py:161} INFO - Started process (PID=30627) to work on /home/vscode/.local/lib/python3.11/site-packages/airflow/example_dags/standard/example_sensor_decorator.py
[2026-05-23T12:06:36.027+0000] {processor.py:830} INFO - Processing file /home/vscode/.local/lib/python3.11/site-packages/airflow/example_dags/standard/example_sensor_decorator.py for tasks to queue
[2026-05-23T12:06:36.028+0000] {logging_mixin.py:188} INFO - [2026-05-23T12:06:36.027+0000] {dagbag.py:545} INFO - Filling up the DagBag from /home/vscode/.local/lib/python3.11/site-packages/airflow/example_dags/standard/example_sensor_decorator.py
[2026-05-23T12:06:36.032+0000] {logging_mixin.py:188} INFO - [2026-05-23T12:06:36.030+0000] {dagbag.py:355} ERROR - Failed to import: /home/vscode/.local/lib/python3.11/site-packages/airflow/example_dags/standard/example_sensor_decorator.py
Traceback (most recent call last):
  File "/home/vscode/.local/lib/python3.11/site-packages/airflow/models/dagbag.py", line 351, in parse
  File "<frozen importlib._bootstrap_external>", line 940, in exec_module
  File "<frozen importlib._bootstrap>", line 241, in _call_with_frames_removed
  File "/home/vscode/.local/lib/python3.11/site-packages/airflow/example_dags/standard/example_sensor_decorator.py", line 27, in <module>
    from airflow.sdk import PokeReturnValue, dag, task
  File "/home/vscode/.local/lib/python3.11/site-packages/airflow/sdk/__init__.py", line 137, in __getattr__
    mod = importlib.import_module(module_path, __name__)
          ^^^^^^^^^^^^^^^^^^^^^^^^^^^^^^^^^^^^^^^^^^^^^^
  File "/usr/local/lib/python3.11/importlib/__init__.py", line 126, in import_module
    return _bootstrap._gcd_import(name[level:], package, level)
           ^^^^^^^^^^^^^^^^^^^^^^^^^^^^^^^^^^^^^^^^^^^^^^^^^^^^
  File "/home/vscode/.local/lib/python3.11/site-packages/airflow/sdk/bases/sensor.py", line 29, in <module>
    from airflow.exceptions import (
ImportError: cannot import name 'TaskDeferralTimeout' from 'airflow.exceptions' (/home/vscode/.local/lib/python3.11/site-packages/airflow/exceptions.py)
[2026-05-23T12:06:36.032+0000] {processor.py:842} WARNING - No viable dags retrieved from /home/vscode/.local/lib/python3.11/site-packages/airflow/example_dags/standard/example_sensor_decorator.py
[2026-05-23T12:06:36.045+0000] {processor.py:183} INFO - Processing /home/vscode/.local/lib/python3.11/site-packages/airflow/example_dags/standard/example_sensor_decorator.py took 0.032 seconds
[2026-05-23T12:07:06.737+0000] {processor.py:161} INFO - Started process (PID=30749) to work on /home/vscode/.local/lib/python3.11/site-packages/airflow/example_dags/standard/example_sensor_decorator.py
[2026-05-23T12:07:06.737+0000] {processor.py:830} INFO - Processing file /home/vscode/.local/lib/python3.11/site-packages/airflow/example_dags/standard/example_sensor_decorator.py for tasks to queue
[2026-05-23T12:07:06.738+0000] {logging_mixin.py:188} INFO - [2026-05-23T12:07:06.737+0000] {dagbag.py:545} INFO - Filling up the DagBag from /home/vscode/.local/lib/python3.11/site-packages/airflow/example_dags/standard/example_sensor_decorator.py
[2026-05-23T12:07:06.741+0000] {logging_mixin.py:188} INFO - [2026-05-23T12:07:06.740+0000] {dagbag.py:355} ERROR - Failed to import: /home/vscode/.local/lib/python3.11/site-packages/airflow/example_dags/standard/example_sensor_decorator.py
Traceback (most recent call last):
  File "/home/vscode/.local/lib/python3.11/site-packages/airflow/models/dagbag.py", line 351, in parse
  File "<frozen importlib._bootstrap_external>", line 940, in exec_module
  File "<frozen importlib._bootstrap>", line 241, in _call_with_frames_removed
  File "/home/vscode/.local/lib/python3.11/site-packages/airflow/example_dags/standard/example_sensor_decorator.py", line 27, in <module>
    from airflow.sdk import PokeReturnValue, dag, task
  File "/home/vscode/.local/lib/python3.11/site-packages/airflow/sdk/__init__.py", line 137, in __getattr__
    mod = importlib.import_module(module_path, __name__)
          ^^^^^^^^^^^^^^^^^^^^^^^^^^^^^^^^^^^^^^^^^^^^^^
  File "/usr/local/lib/python3.11/importlib/__init__.py", line 126, in import_module
    return _bootstrap._gcd_import(name[level:], package, level)
           ^^^^^^^^^^^^^^^^^^^^^^^^^^^^^^^^^^^^^^^^^^^^^^^^^^^^
  File "/home/vscode/.local/lib/python3.11/site-packages/airflow/sdk/bases/sensor.py", line 29, in <module>
    from airflow.exceptions import (
ImportError: cannot import name 'TaskDeferralTimeout' from 'airflow.exceptions' (/home/vscode/.local/lib/python3.11/site-packages/airflow/exceptions.py)
[2026-05-23T12:07:06.741+0000] {processor.py:842} WARNING - No viable dags retrieved from /home/vscode/.local/lib/python3.11/site-packages/airflow/example_dags/standard/example_sensor_decorator.py
[2026-05-23T12:07:06.753+0000] {processor.py:183} INFO - Processing /home/vscode/.local/lib/python3.11/site-packages/airflow/example_dags/standard/example_sensor_decorator.py took 0.023 seconds
[2026-05-23T12:07:37.333+0000] {processor.py:161} INFO - Started process (PID=30863) to work on /home/vscode/.local/lib/python3.11/site-packages/airflow/example_dags/standard/example_sensor_decorator.py
[2026-05-23T12:07:37.334+0000] {processor.py:830} INFO - Processing file /home/vscode/.local/lib/python3.11/site-packages/airflow/example_dags/standard/example_sensor_decorator.py for tasks to queue
[2026-05-23T12:07:37.334+0000] {logging_mixin.py:188} INFO - [2026-05-23T12:07:37.334+0000] {dagbag.py:545} INFO - Filling up the DagBag from /home/vscode/.local/lib/python3.11/site-packages/airflow/example_dags/standard/example_sensor_decorator.py
[2026-05-23T12:07:37.337+0000] {logging_mixin.py:188} INFO - [2026-05-23T12:07:37.336+0000] {dagbag.py:355} ERROR - Failed to import: /home/vscode/.local/lib/python3.11/site-packages/airflow/example_dags/standard/example_sensor_decorator.py
Traceback (most recent call last):
  File "/home/vscode/.local/lib/python3.11/site-packages/airflow/models/dagbag.py", line 351, in parse
  File "<frozen importlib._bootstrap_external>", line 940, in exec_module
  File "<frozen importlib._bootstrap>", line 241, in _call_with_frames_removed
  File "/home/vscode/.local/lib/python3.11/site-packages/airflow/example_dags/standard/example_sensor_decorator.py", line 27, in <module>
    from airflow.sdk import PokeReturnValue, dag, task
  File "/home/vscode/.local/lib/python3.11/site-packages/airflow/sdk/__init__.py", line 137, in __getattr__
    mod = importlib.import_module(module_path, __name__)
          ^^^^^^^^^^^^^^^^^^^^^^^^^^^^^^^^^^^^^^^^^^^^^^
  File "/usr/local/lib/python3.11/importlib/__init__.py", line 126, in import_module
    return _bootstrap._gcd_import(name[level:], package, level)
           ^^^^^^^^^^^^^^^^^^^^^^^^^^^^^^^^^^^^^^^^^^^^^^^^^^^^
  File "/home/vscode/.local/lib/python3.11/site-packages/airflow/sdk/bases/sensor.py", line 29, in <module>
    from airflow.exceptions import (
ImportError: cannot import name 'TaskDeferralTimeout' from 'airflow.exceptions' (/home/vscode/.local/lib/python3.11/site-packages/airflow/exceptions.py)
[2026-05-23T12:07:37.337+0000] {processor.py:842} WARNING - No viable dags retrieved from /home/vscode/.local/lib/python3.11/site-packages/airflow/example_dags/standard/example_sensor_decorator.py
[2026-05-23T12:07:37.350+0000] {processor.py:183} INFO - Processing /home/vscode/.local/lib/python3.11/site-packages/airflow/example_dags/standard/example_sensor_decorator.py took 0.023 seconds
[2026-05-23T12:08:07.736+0000] {processor.py:161} INFO - Started process (PID=30973) to work on /home/vscode/.local/lib/python3.11/site-packages/airflow/example_dags/standard/example_sensor_decorator.py
[2026-05-23T12:08:07.737+0000] {processor.py:830} INFO - Processing file /home/vscode/.local/lib/python3.11/site-packages/airflow/example_dags/standard/example_sensor_decorator.py for tasks to queue
[2026-05-23T12:08:07.737+0000] {logging_mixin.py:188} INFO - [2026-05-23T12:08:07.737+0000] {dagbag.py:545} INFO - Filling up the DagBag from /home/vscode/.local/lib/python3.11/site-packages/airflow/example_dags/standard/example_sensor_decorator.py
[2026-05-23T12:08:07.740+0000] {logging_mixin.py:188} INFO - [2026-05-23T12:08:07.739+0000] {dagbag.py:355} ERROR - Failed to import: /home/vscode/.local/lib/python3.11/site-packages/airflow/example_dags/standard/example_sensor_decorator.py
Traceback (most recent call last):
  File "/home/vscode/.local/lib/python3.11/site-packages/airflow/models/dagbag.py", line 351, in parse
  File "<frozen importlib._bootstrap_external>", line 940, in exec_module
  File "<frozen importlib._bootstrap>", line 241, in _call_with_frames_removed
  File "/home/vscode/.local/lib/python3.11/site-packages/airflow/example_dags/standard/example_sensor_decorator.py", line 27, in <module>
    from airflow.sdk import PokeReturnValue, dag, task
  File "/home/vscode/.local/lib/python3.11/site-packages/airflow/sdk/__init__.py", line 137, in __getattr__
    mod = importlib.import_module(module_path, __name__)
          ^^^^^^^^^^^^^^^^^^^^^^^^^^^^^^^^^^^^^^^^^^^^^^
  File "/usr/local/lib/python3.11/importlib/__init__.py", line 126, in import_module
    return _bootstrap._gcd_import(name[level:], package, level)
           ^^^^^^^^^^^^^^^^^^^^^^^^^^^^^^^^^^^^^^^^^^^^^^^^^^^^
  File "/home/vscode/.local/lib/python3.11/site-packages/airflow/sdk/bases/sensor.py", line 29, in <module>
    from airflow.exceptions import (
ImportError: cannot import name 'TaskDeferralTimeout' from 'airflow.exceptions' (/home/vscode/.local/lib/python3.11/site-packages/airflow/exceptions.py)
[2026-05-23T12:08:07.740+0000] {processor.py:842} WARNING - No viable dags retrieved from /home/vscode/.local/lib/python3.11/site-packages/airflow/example_dags/standard/example_sensor_decorator.py
[2026-05-23T12:08:07.753+0000] {processor.py:183} INFO - Processing /home/vscode/.local/lib/python3.11/site-packages/airflow/example_dags/standard/example_sensor_decorator.py took 0.023 seconds
[2026-05-23T12:08:38.132+0000] {processor.py:161} INFO - Started process (PID=31148) to work on /home/vscode/.local/lib/python3.11/site-packages/airflow/example_dags/standard/example_sensor_decorator.py
[2026-05-23T12:08:38.133+0000] {processor.py:830} INFO - Processing file /home/vscode/.local/lib/python3.11/site-packages/airflow/example_dags/standard/example_sensor_decorator.py for tasks to queue
[2026-05-23T12:08:38.133+0000] {logging_mixin.py:188} INFO - [2026-05-23T12:08:38.133+0000] {dagbag.py:545} INFO - Filling up the DagBag from /home/vscode/.local/lib/python3.11/site-packages/airflow/example_dags/standard/example_sensor_decorator.py
[2026-05-23T12:08:38.136+0000] {logging_mixin.py:188} INFO - [2026-05-23T12:08:38.135+0000] {dagbag.py:355} ERROR - Failed to import: /home/vscode/.local/lib/python3.11/site-packages/airflow/example_dags/standard/example_sensor_decorator.py
Traceback (most recent call last):
  File "/home/vscode/.local/lib/python3.11/site-packages/airflow/models/dagbag.py", line 351, in parse
  File "<frozen importlib._bootstrap_external>", line 940, in exec_module
  File "<frozen importlib._bootstrap>", line 241, in _call_with_frames_removed
  File "/home/vscode/.local/lib/python3.11/site-packages/airflow/example_dags/standard/example_sensor_decorator.py", line 27, in <module>
    from airflow.sdk import PokeReturnValue, dag, task
  File "/home/vscode/.local/lib/python3.11/site-packages/airflow/sdk/__init__.py", line 137, in __getattr__
    mod = importlib.import_module(module_path, __name__)
          ^^^^^^^^^^^^^^^^^^^^^^^^^^^^^^^^^^^^^^^^^^^^^^
  File "/usr/local/lib/python3.11/importlib/__init__.py", line 126, in import_module
    return _bootstrap._gcd_import(name[level:], package, level)
           ^^^^^^^^^^^^^^^^^^^^^^^^^^^^^^^^^^^^^^^^^^^^^^^^^^^^
  File "/home/vscode/.local/lib/python3.11/site-packages/airflow/sdk/bases/sensor.py", line 29, in <module>
    from airflow.exceptions import (
ImportError: cannot import name 'TaskDeferralTimeout' from 'airflow.exceptions' (/home/vscode/.local/lib/python3.11/site-packages/airflow/exceptions.py)
[2026-05-23T12:08:38.137+0000] {processor.py:842} WARNING - No viable dags retrieved from /home/vscode/.local/lib/python3.11/site-packages/airflow/example_dags/standard/example_sensor_decorator.py
[2026-05-23T12:08:38.149+0000] {processor.py:183} INFO - Processing /home/vscode/.local/lib/python3.11/site-packages/airflow/example_dags/standard/example_sensor_decorator.py took 0.023 seconds
[2026-05-23T12:09:08.525+0000] {processor.py:161} INFO - Started process (PID=31376) to work on /home/vscode/.local/lib/python3.11/site-packages/airflow/example_dags/standard/example_sensor_decorator.py
[2026-05-23T12:09:08.525+0000] {processor.py:830} INFO - Processing file /home/vscode/.local/lib/python3.11/site-packages/airflow/example_dags/standard/example_sensor_decorator.py for tasks to queue
[2026-05-23T12:09:08.526+0000] {logging_mixin.py:188} INFO - [2026-05-23T12:09:08.525+0000] {dagbag.py:545} INFO - Filling up the DagBag from /home/vscode/.local/lib/python3.11/site-packages/airflow/example_dags/standard/example_sensor_decorator.py
[2026-05-23T12:09:08.528+0000] {logging_mixin.py:188} INFO - [2026-05-23T12:09:08.527+0000] {dagbag.py:355} ERROR - Failed to import: /home/vscode/.local/lib/python3.11/site-packages/airflow/example_dags/standard/example_sensor_decorator.py
Traceback (most recent call last):
  File "/home/vscode/.local/lib/python3.11/site-packages/airflow/models/dagbag.py", line 351, in parse
  File "<frozen importlib._bootstrap_external>", line 940, in exec_module
  File "<frozen importlib._bootstrap>", line 241, in _call_with_frames_removed
  File "/home/vscode/.local/lib/python3.11/site-packages/airflow/example_dags/standard/example_sensor_decorator.py", line 27, in <module>
    from airflow.sdk import PokeReturnValue, dag, task
  File "/home/vscode/.local/lib/python3.11/site-packages/airflow/sdk/__init__.py", line 137, in __getattr__
    mod = importlib.import_module(module_path, __name__)
          ^^^^^^^^^^^^^^^^^^^^^^^^^^^^^^^^^^^^^^^^^^^^^^
  File "/usr/local/lib/python3.11/importlib/__init__.py", line 126, in import_module
    return _bootstrap._gcd_import(name[level:], package, level)
           ^^^^^^^^^^^^^^^^^^^^^^^^^^^^^^^^^^^^^^^^^^^^^^^^^^^^
  File "/home/vscode/.local/lib/python3.11/site-packages/airflow/sdk/bases/sensor.py", line 29, in <module>
    from airflow.exceptions import (
ImportError: cannot import name 'TaskDeferralTimeout' from 'airflow.exceptions' (/home/vscode/.local/lib/python3.11/site-packages/airflow/exceptions.py)
[2026-05-23T12:09:08.529+0000] {processor.py:842} WARNING - No viable dags retrieved from /home/vscode/.local/lib/python3.11/site-packages/airflow/example_dags/standard/example_sensor_decorator.py
[2026-05-23T12:09:08.542+0000] {processor.py:183} INFO - Processing /home/vscode/.local/lib/python3.11/site-packages/airflow/example_dags/standard/example_sensor_decorator.py took 0.024 seconds
[2026-05-23T12:09:40.792+0000] {processor.py:161} INFO - Started process (PID=31639) to work on /home/vscode/.local/lib/python3.11/site-packages/airflow/example_dags/standard/example_sensor_decorator.py
[2026-05-23T12:09:40.793+0000] {processor.py:830} INFO - Processing file /home/vscode/.local/lib/python3.11/site-packages/airflow/example_dags/standard/example_sensor_decorator.py for tasks to queue
[2026-05-23T12:09:40.793+0000] {logging_mixin.py:188} INFO - [2026-05-23T12:09:40.793+0000] {dagbag.py:545} INFO - Filling up the DagBag from /home/vscode/.local/lib/python3.11/site-packages/airflow/example_dags/standard/example_sensor_decorator.py
[2026-05-23T12:09:40.796+0000] {logging_mixin.py:188} INFO - [2026-05-23T12:09:40.795+0000] {dagbag.py:355} ERROR - Failed to import: /home/vscode/.local/lib/python3.11/site-packages/airflow/example_dags/standard/example_sensor_decorator.py
Traceback (most recent call last):
  File "/home/vscode/.local/lib/python3.11/site-packages/airflow/models/dagbag.py", line 351, in parse
    loader.exec_module(new_module)
  File "<frozen importlib._bootstrap_external>", line 940, in exec_module
  File "<frozen importlib._bootstrap>", line 241, in _call_with_frames_removed
  File "/home/vscode/.local/lib/python3.11/site-packages/airflow/example_dags/standard/example_sensor_decorator.py", line 27, in <module>
    from airflow.sdk import PokeReturnValue, dag, task
  File "/home/vscode/.local/lib/python3.11/site-packages/airflow/sdk/__init__.py", line 137, in __getattr__
    mod = importlib.import_module(module_path, __name__)
          ^^^^^^^^^^^^^^^^^^^^^^^^^^^^^^^^^^^^^^^^^^^^^^
  File "/usr/local/lib/python3.11/importlib/__init__.py", line 126, in import_module
    return _bootstrap._gcd_import(name[level:], package, level)
           ^^^^^^^^^^^^^^^^^^^^^^^^^^^^^^^^^^^^^^^^^^^^^^^^^^^^
  File "/home/vscode/.local/lib/python3.11/site-packages/airflow/sdk/bases/sensor.py", line 29, in <module>
    from airflow.exceptions import (
ImportError: cannot import name 'TaskDeferralTimeout' from 'airflow.exceptions' (/home/vscode/.local/lib/python3.11/site-packages/airflow/exceptions.py)
[2026-05-23T12:09:40.797+0000] {processor.py:842} WARNING - No viable dags retrieved from /home/vscode/.local/lib/python3.11/site-packages/airflow/example_dags/standard/example_sensor_decorator.py
[2026-05-23T12:09:40.809+0000] {processor.py:183} INFO - Processing /home/vscode/.local/lib/python3.11/site-packages/airflow/example_dags/standard/example_sensor_decorator.py took 0.023 seconds
[2026-05-23T12:10:11.405+0000] {processor.py:161} INFO - Started process (PID=31802) to work on /home/vscode/.local/lib/python3.11/site-packages/airflow/example_dags/standard/example_sensor_decorator.py
[2026-05-23T12:10:11.405+0000] {processor.py:830} INFO - Processing file /home/vscode/.local/lib/python3.11/site-packages/airflow/example_dags/standard/example_sensor_decorator.py for tasks to queue
[2026-05-23T12:10:11.406+0000] {logging_mixin.py:188} INFO - [2026-05-23T12:10:11.406+0000] {dagbag.py:545} INFO - Filling up the DagBag from /home/vscode/.local/lib/python3.11/site-packages/airflow/example_dags/standard/example_sensor_decorator.py
[2026-05-23T12:10:11.409+0000] {logging_mixin.py:188} INFO - [2026-05-23T12:10:11.408+0000] {dagbag.py:355} ERROR - Failed to import: /home/vscode/.local/lib/python3.11/site-packages/airflow/example_dags/standard/example_sensor_decorator.py
Traceback (most recent call last):
  File "/home/vscode/.local/lib/python3.11/site-packages/airflow/models/dagbag.py", line 351, in parse
    loader.exec_module(new_module)
  File "<frozen importlib._bootstrap_external>", line 940, in exec_module
  File "<frozen importlib._bootstrap>", line 241, in _call_with_frames_removed
  File "/home/vscode/.local/lib/python3.11/site-packages/airflow/example_dags/standard/example_sensor_decorator.py", line 27, in <module>
    from airflow.sdk import PokeReturnValue, dag, task
  File "/home/vscode/.local/lib/python3.11/site-packages/airflow/sdk/__init__.py", line 137, in __getattr__
    mod = importlib.import_module(module_path, __name__)
          ^^^^^^^^^^^^^^^^^^^^^^^^^^^^^^^^^^^^^^^^^^^^^^
  File "/usr/local/lib/python3.11/importlib/__init__.py", line 126, in import_module
    return _bootstrap._gcd_import(name[level:], package, level)
           ^^^^^^^^^^^^^^^^^^^^^^^^^^^^^^^^^^^^^^^^^^^^^^^^^^^^
  File "/home/vscode/.local/lib/python3.11/site-packages/airflow/sdk/bases/sensor.py", line 29, in <module>
    from airflow.exceptions import (
ImportError: cannot import name 'TaskDeferralTimeout' from 'airflow.exceptions' (/home/vscode/.local/lib/python3.11/site-packages/airflow/exceptions.py)
[2026-05-23T12:10:11.409+0000] {processor.py:842} WARNING - No viable dags retrieved from /home/vscode/.local/lib/python3.11/site-packages/airflow/example_dags/standard/example_sensor_decorator.py
[2026-05-23T12:10:11.422+0000] {processor.py:183} INFO - Processing /home/vscode/.local/lib/python3.11/site-packages/airflow/example_dags/standard/example_sensor_decorator.py took 0.024 seconds
[2026-05-23T12:10:42.014+0000] {processor.py:161} INFO - Started process (PID=31997) to work on /home/vscode/.local/lib/python3.11/site-packages/airflow/example_dags/standard/example_sensor_decorator.py
[2026-05-23T12:10:42.015+0000] {processor.py:830} INFO - Processing file /home/vscode/.local/lib/python3.11/site-packages/airflow/example_dags/standard/example_sensor_decorator.py for tasks to queue
[2026-05-23T12:10:42.016+0000] {logging_mixin.py:188} INFO - [2026-05-23T12:10:42.016+0000] {dagbag.py:545} INFO - Filling up the DagBag from /home/vscode/.local/lib/python3.11/site-packages/airflow/example_dags/standard/example_sensor_decorator.py
[2026-05-23T12:10:42.019+0000] {logging_mixin.py:188} INFO - [2026-05-23T12:10:42.018+0000] {dagbag.py:355} ERROR - Failed to import: /home/vscode/.local/lib/python3.11/site-packages/airflow/example_dags/standard/example_sensor_decorator.py
Traceback (most recent call last):
  File "/home/vscode/.local/lib/python3.11/site-packages/airflow/models/dagbag.py", line 351, in parse
    loader.exec_module(new_module)
  File "<frozen importlib._bootstrap_external>", line 940, in exec_module
  File "<frozen importlib._bootstrap>", line 241, in _call_with_frames_removed
  File "/home/vscode/.local/lib/python3.11/site-packages/airflow/example_dags/standard/example_sensor_decorator.py", line 27, in <module>
    from airflow.sdk import PokeReturnValue, dag, task
  File "/home/vscode/.local/lib/python3.11/site-packages/airflow/sdk/__init__.py", line 137, in __getattr__
    mod = importlib.import_module(module_path, __name__)
          ^^^^^^^^^^^^^^^^^^^^^^^^^^^^^^^^^^^^^^^^^^^^^^
  File "/usr/local/lib/python3.11/importlib/__init__.py", line 126, in import_module
    return _bootstrap._gcd_import(name[level:], package, level)
           ^^^^^^^^^^^^^^^^^^^^^^^^^^^^^^^^^^^^^^^^^^^^^^^^^^^^
  File "/home/vscode/.local/lib/python3.11/site-packages/airflow/sdk/bases/sensor.py", line 29, in <module>
    from airflow.exceptions import (
ImportError: cannot import name 'TaskDeferralTimeout' from 'airflow.exceptions' (/home/vscode/.local/lib/python3.11/site-packages/airflow/exceptions.py)
[2026-05-23T12:10:42.019+0000] {processor.py:842} WARNING - No viable dags retrieved from /home/vscode/.local/lib/python3.11/site-packages/airflow/example_dags/standard/example_sensor_decorator.py
[2026-05-23T12:10:42.046+0000] {processor.py:183} INFO - Processing /home/vscode/.local/lib/python3.11/site-packages/airflow/example_dags/standard/example_sensor_decorator.py took 0.039 seconds
[2026-05-23T12:11:12.661+0000] {processor.py:161} INFO - Started process (PID=32225) to work on /home/vscode/.local/lib/python3.11/site-packages/airflow/example_dags/standard/example_sensor_decorator.py
[2026-05-23T12:11:12.662+0000] {processor.py:830} INFO - Processing file /home/vscode/.local/lib/python3.11/site-packages/airflow/example_dags/standard/example_sensor_decorator.py for tasks to queue
[2026-05-23T12:11:12.662+0000] {logging_mixin.py:188} INFO - [2026-05-23T12:11:12.662+0000] {dagbag.py:545} INFO - Filling up the DagBag from /home/vscode/.local/lib/python3.11/site-packages/airflow/example_dags/standard/example_sensor_decorator.py
[2026-05-23T12:11:12.665+0000] {logging_mixin.py:188} INFO - [2026-05-23T12:11:12.664+0000] {dagbag.py:355} ERROR - Failed to import: /home/vscode/.local/lib/python3.11/site-packages/airflow/example_dags/standard/example_sensor_decorator.py
Traceback (most recent call last):
  File "/home/vscode/.local/lib/python3.11/site-packages/airflow/models/dagbag.py", line 351, in parse
    loader.exec_module(new_module)
  File "<frozen importlib._bootstrap_external>", line 940, in exec_module
  File "<frozen importlib._bootstrap>", line 241, in _call_with_frames_removed
  File "/home/vscode/.local/lib/python3.11/site-packages/airflow/example_dags/standard/example_sensor_decorator.py", line 27, in <module>
    from airflow.sdk import PokeReturnValue, dag, task
  File "/home/vscode/.local/lib/python3.11/site-packages/airflow/sdk/__init__.py", line 137, in __getattr__
    mod = importlib.import_module(module_path, __name__)
          ^^^^^^^^^^^^^^^^^^^^^^^^^^^^^^^^^^^^^^^^^^^^^^
  File "/usr/local/lib/python3.11/importlib/__init__.py", line 126, in import_module
    return _bootstrap._gcd_import(name[level:], package, level)
           ^^^^^^^^^^^^^^^^^^^^^^^^^^^^^^^^^^^^^^^^^^^^^^^^^^^^
  File "/home/vscode/.local/lib/python3.11/site-packages/airflow/sdk/bases/sensor.py", line 29, in <module>
    from airflow.exceptions import (
ImportError: cannot import name 'TaskDeferralTimeout' from 'airflow.exceptions' (/home/vscode/.local/lib/python3.11/site-packages/airflow/exceptions.py)
[2026-05-23T12:11:12.666+0000] {processor.py:842} WARNING - No viable dags retrieved from /home/vscode/.local/lib/python3.11/site-packages/airflow/example_dags/standard/example_sensor_decorator.py
[2026-05-23T12:11:12.679+0000] {processor.py:183} INFO - Processing /home/vscode/.local/lib/python3.11/site-packages/airflow/example_dags/standard/example_sensor_decorator.py took 0.024 seconds
