[2026-05-23T11:26:21.835+0000] {processor.py:161} INFO - Started process (PID=2821) to work on /home/vscode/.local/lib/python3.11/site-packages/airflow/example_dags/plugins/workday.py
[2026-05-23T11:26:21.845+0000] {processor.py:830} INFO - Processing file /home/vscode/.local/lib/python3.11/site-packages/airflow/example_dags/plugins/workday.py for tasks to queue
[2026-05-23T11:26:21.848+0000] {logging_mixin.py:188} INFO - [2026-05-23T11:26:21.848+0000] {dagbag.py:545} INFO - Filling up the DagBag from /home/vscode/.local/lib/python3.11/site-packages/airflow/example_dags/plugins/workday.py
[2026-05-23T11:26:22.367+0000] {processor.py:842} WARNING - No viable dags retrieved from /home/vscode/.local/lib/python3.11/site-packages/airflow/example_dags/plugins/workday.py
[2026-05-23T11:26:22.376+0000] {processor.py:183} INFO - Processing /home/vscode/.local/lib/python3.11/site-packages/airflow/example_dags/plugins/workday.py took 0.580 seconds
[2026-05-23T11:27:16.694+0000] {processor.py:161} INFO - Started process (PID=3545) to work on /home/vscode/.local/lib/python3.11/site-packages/airflow/example_dags/plugins/workday.py
[2026-05-23T11:27:16.694+0000] {processor.py:830} INFO - Processing file /home/vscode/.local/lib/python3.11/site-packages/airflow/example_dags/plugins/workday.py for tasks to queue
[2026-05-23T11:27:16.695+0000] {logging_mixin.py:188} INFO - [2026-05-23T11:27:16.695+0000] {dagbag.py:545} INFO - Filling up the DagBag from /home/vscode/.local/lib/python3.11/site-packages/airflow/example_dags/plugins/workday.py
[2026-05-23T11:27:17.053+0000] {processor.py:842} WARNING - No viable dags retrieved from /home/vscode/.local/lib/python3.11/site-packages/airflow/example_dags/plugins/workday.py
[2026-05-23T11:27:17.057+0000] {processor.py:183} INFO - Processing /home/vscode/.local/lib/python3.11/site-packages/airflow/example_dags/plugins/workday.py took 0.370 seconds
[2026-05-23T11:28:12.870+0000] {processor.py:161} INFO - Started process (PID=4232) to work on /home/vscode/.local/lib/python3.11/site-packages/airflow/example_dags/plugins/workday.py
[2026-05-23T11:28:12.870+0000] {processor.py:830} INFO - Processing file /home/vscode/.local/lib/python3.11/site-packages/airflow/example_dags/plugins/workday.py for tasks to queue
[2026-05-23T11:28:12.871+0000] {logging_mixin.py:188} INFO - [2026-05-23T11:28:12.871+0000] {dagbag.py:545} INFO - Filling up the DagBag from /home/vscode/.local/lib/python3.11/site-packages/airflow/example_dags/plugins/workday.py
[2026-05-23T11:28:13.160+0000] {processor.py:842} WARNING - No viable dags retrieved from /home/vscode/.local/lib/python3.11/site-packages/airflow/example_dags/plugins/workday.py
[2026-05-23T11:28:13.167+0000] {processor.py:183} INFO - Processing /home/vscode/.local/lib/python3.11/site-packages/airflow/example_dags/plugins/workday.py took 0.303 seconds
[2026-05-23T11:28:57.048+0000] {processor.py:161} INFO - Started process (PID=4643) to work on /home/vscode/.local/lib/python3.11/site-packages/airflow/example_dags/plugins/workday.py
[2026-05-23T11:28:57.049+0000] {processor.py:830} INFO - Processing file /home/vscode/.local/lib/python3.11/site-packages/airflow/example_dags/plugins/workday.py for tasks to queue
[2026-05-23T11:28:57.049+0000] {logging_mixin.py:188} INFO - [2026-05-23T11:28:57.049+0000] {dagbag.py:545} INFO - Filling up the DagBag from /home/vscode/.local/lib/python3.11/site-packages/airflow/example_dags/plugins/workday.py
[2026-05-23T11:28:57.376+0000] {processor.py:842} WARNING - No viable dags retrieved from /home/vscode/.local/lib/python3.11/site-packages/airflow/example_dags/plugins/workday.py
[2026-05-23T11:28:57.382+0000] {processor.py:183} INFO - Processing /home/vscode/.local/lib/python3.11/site-packages/airflow/example_dags/plugins/workday.py took 0.340 seconds
[2026-05-23T11:29:39.280+0000] {processor.py:161} INFO - Started process (PID=5038) to work on /home/vscode/.local/lib/python3.11/site-packages/airflow/example_dags/plugins/workday.py
[2026-05-23T11:29:39.281+0000] {processor.py:830} INFO - Processing file /home/vscode/.local/lib/python3.11/site-packages/airflow/example_dags/plugins/workday.py for tasks to queue
[2026-05-23T11:29:39.281+0000] {logging_mixin.py:188} INFO - [2026-05-23T11:29:39.281+0000] {dagbag.py:545} INFO - Filling up the DagBag from /home/vscode/.local/lib/python3.11/site-packages/airflow/example_dags/plugins/workday.py
[2026-05-23T11:29:39.555+0000] {processor.py:842} WARNING - No viable dags retrieved from /home/vscode/.local/lib/python3.11/site-packages/airflow/example_dags/plugins/workday.py
[2026-05-23T11:29:39.564+0000] {processor.py:183} INFO - Processing /home/vscode/.local/lib/python3.11/site-packages/airflow/example_dags/plugins/workday.py took 0.290 seconds
[2026-05-23T11:30:21.856+0000] {processor.py:161} INFO - Started process (PID=5457) to work on /home/vscode/.local/lib/python3.11/site-packages/airflow/example_dags/plugins/workday.py
[2026-05-23T11:30:21.856+0000] {processor.py:830} INFO - Processing file /home/vscode/.local/lib/python3.11/site-packages/airflow/example_dags/plugins/workday.py for tasks to queue
[2026-05-23T11:30:21.857+0000] {logging_mixin.py:188} INFO - [2026-05-23T11:30:21.857+0000] {dagbag.py:545} INFO - Filling up the DagBag from /home/vscode/.local/lib/python3.11/site-packages/airflow/example_dags/plugins/workday.py
[2026-05-23T11:30:22.163+0000] {processor.py:842} WARNING - No viable dags retrieved from /home/vscode/.local/lib/python3.11/site-packages/airflow/example_dags/plugins/workday.py
[2026-05-23T11:30:22.169+0000] {processor.py:183} INFO - Processing /home/vscode/.local/lib/python3.11/site-packages/airflow/example_dags/plugins/workday.py took 0.320 seconds
[2026-05-23T11:31:01.491+0000] {processor.py:161} INFO - Started process (PID=5816) to work on /home/vscode/.local/lib/python3.11/site-packages/airflow/example_dags/plugins/workday.py
[2026-05-23T11:31:01.492+0000] {processor.py:830} INFO - Processing file /home/vscode/.local/lib/python3.11/site-packages/airflow/example_dags/plugins/workday.py for tasks to queue
[2026-05-23T11:31:01.492+0000] {logging_mixin.py:188} INFO - [2026-05-23T11:31:01.492+0000] {dagbag.py:545} INFO - Filling up the DagBag from /home/vscode/.local/lib/python3.11/site-packages/airflow/example_dags/plugins/workday.py
[2026-05-23T11:31:01.779+0000] {processor.py:842} WARNING - No viable dags retrieved from /home/vscode/.local/lib/python3.11/site-packages/airflow/example_dags/plugins/workday.py
[2026-05-23T11:31:01.786+0000] {processor.py:183} INFO - Processing /home/vscode/.local/lib/python3.11/site-packages/airflow/example_dags/plugins/workday.py took 0.301 seconds
[2026-05-23T11:31:44.310+0000] {processor.py:161} INFO - Started process (PID=6251) to work on /home/vscode/.local/lib/python3.11/site-packages/airflow/example_dags/plugins/workday.py
[2026-05-23T11:31:44.310+0000] {processor.py:830} INFO - Processing file /home/vscode/.local/lib/python3.11/site-packages/airflow/example_dags/plugins/workday.py for tasks to queue
[2026-05-23T11:31:44.311+0000] {logging_mixin.py:188} INFO - [2026-05-23T11:31:44.311+0000] {dagbag.py:545} INFO - Filling up the DagBag from /home/vscode/.local/lib/python3.11/site-packages/airflow/example_dags/plugins/workday.py
[2026-05-23T11:31:44.577+0000] {processor.py:842} WARNING - No viable dags retrieved from /home/vscode/.local/lib/python3.11/site-packages/airflow/example_dags/plugins/workday.py
[2026-05-23T11:31:44.583+0000] {processor.py:183} INFO - Processing /home/vscode/.local/lib/python3.11/site-packages/airflow/example_dags/plugins/workday.py took 0.281 seconds
[2026-05-23T11:32:26.176+0000] {processor.py:161} INFO - Started process (PID=6660) to work on /home/vscode/.local/lib/python3.11/site-packages/airflow/example_dags/plugins/workday.py
[2026-05-23T11:32:26.176+0000] {processor.py:830} INFO - Processing file /home/vscode/.local/lib/python3.11/site-packages/airflow/example_dags/plugins/workday.py for tasks to queue
[2026-05-23T11:32:26.177+0000] {logging_mixin.py:188} INFO - [2026-05-23T11:32:26.176+0000] {dagbag.py:545} INFO - Filling up the DagBag from /home/vscode/.local/lib/python3.11/site-packages/airflow/example_dags/plugins/workday.py
[2026-05-23T11:32:26.446+0000] {processor.py:842} WARNING - No viable dags retrieved from /home/vscode/.local/lib/python3.11/site-packages/airflow/example_dags/plugins/workday.py
[2026-05-23T11:32:26.452+0000] {processor.py:183} INFO - Processing /home/vscode/.local/lib/python3.11/site-packages/airflow/example_dags/plugins/workday.py took 0.286 seconds
[2026-05-23T11:33:08.840+0000] {processor.py:161} INFO - Started process (PID=8049) to work on /home/vscode/.local/lib/python3.11/site-packages/airflow/example_dags/plugins/workday.py
[2026-05-23T11:33:08.841+0000] {processor.py:830} INFO - Processing file /home/vscode/.local/lib/python3.11/site-packages/airflow/example_dags/plugins/workday.py for tasks to queue
[2026-05-23T11:33:08.842+0000] {logging_mixin.py:188} INFO - [2026-05-23T11:33:08.841+0000] {dagbag.py:545} INFO - Filling up the DagBag from /home/vscode/.local/lib/python3.11/site-packages/airflow/example_dags/plugins/workday.py
[2026-05-23T11:33:09.296+0000] {processor.py:842} WARNING - No viable dags retrieved from /home/vscode/.local/lib/python3.11/site-packages/airflow/example_dags/plugins/workday.py
[2026-05-23T11:33:09.319+0000] {processor.py:183} INFO - Processing /home/vscode/.local/lib/python3.11/site-packages/airflow/example_dags/plugins/workday.py took 0.488 seconds
[2026-05-23T11:33:58.737+0000] {processor.py:161} INFO - Started process (PID=8500) to work on /home/vscode/.local/lib/python3.11/site-packages/airflow/example_dags/plugins/workday.py
[2026-05-23T11:33:58.738+0000] {processor.py:830} INFO - Processing file /home/vscode/.local/lib/python3.11/site-packages/airflow/example_dags/plugins/workday.py for tasks to queue
[2026-05-23T11:33:58.739+0000] {logging_mixin.py:188} INFO - [2026-05-23T11:33:58.738+0000] {dagbag.py:545} INFO - Filling up the DagBag from /home/vscode/.local/lib/python3.11/site-packages/airflow/example_dags/plugins/workday.py
[2026-05-23T11:33:59.076+0000] {processor.py:842} WARNING - No viable dags retrieved from /home/vscode/.local/lib/python3.11/site-packages/airflow/example_dags/plugins/workday.py
[2026-05-23T11:33:59.082+0000] {processor.py:183} INFO - Processing /home/vscode/.local/lib/python3.11/site-packages/airflow/example_dags/plugins/workday.py took 0.356 seconds
[2026-05-23T11:34:43.396+0000] {processor.py:161} INFO - Started process (PID=8824) to work on /home/vscode/.local/lib/python3.11/site-packages/airflow/example_dags/plugins/workday.py
[2026-05-23T11:34:43.397+0000] {processor.py:830} INFO - Processing file /home/vscode/.local/lib/python3.11/site-packages/airflow/example_dags/plugins/workday.py for tasks to queue
[2026-05-23T11:34:43.397+0000] {logging_mixin.py:188} INFO - [2026-05-23T11:34:43.397+0000] {dagbag.py:545} INFO - Filling up the DagBag from /home/vscode/.local/lib/python3.11/site-packages/airflow/example_dags/plugins/workday.py
[2026-05-23T11:34:43.649+0000] {processor.py:842} WARNING - No viable dags retrieved from /home/vscode/.local/lib/python3.11/site-packages/airflow/example_dags/plugins/workday.py
[2026-05-23T11:34:43.656+0000] {processor.py:183} INFO - Processing /home/vscode/.local/lib/python3.11/site-packages/airflow/example_dags/plugins/workday.py took 0.266 seconds
[2026-05-23T11:35:27.387+0000] {processor.py:161} INFO - Started process (PID=9184) to work on /home/vscode/.local/lib/python3.11/site-packages/airflow/example_dags/plugins/workday.py
[2026-05-23T11:35:27.388+0000] {processor.py:830} INFO - Processing file /home/vscode/.local/lib/python3.11/site-packages/airflow/example_dags/plugins/workday.py for tasks to queue
[2026-05-23T11:35:27.388+0000] {logging_mixin.py:188} INFO - [2026-05-23T11:35:27.388+0000] {dagbag.py:545} INFO - Filling up the DagBag from /home/vscode/.local/lib/python3.11/site-packages/airflow/example_dags/plugins/workday.py
[2026-05-23T11:35:27.695+0000] {processor.py:842} WARNING - No viable dags retrieved from /home/vscode/.local/lib/python3.11/site-packages/airflow/example_dags/plugins/workday.py
[2026-05-23T11:35:27.702+0000] {processor.py:183} INFO - Processing /home/vscode/.local/lib/python3.11/site-packages/airflow/example_dags/plugins/workday.py took 0.321 seconds
[2026-05-23T11:36:09.982+0000] {processor.py:161} INFO - Started process (PID=9486) to work on /home/vscode/.local/lib/python3.11/site-packages/airflow/example_dags/plugins/workday.py
[2026-05-23T11:36:09.983+0000] {processor.py:830} INFO - Processing file /home/vscode/.local/lib/python3.11/site-packages/airflow/example_dags/plugins/workday.py for tasks to queue
[2026-05-23T11:36:09.984+0000] {logging_mixin.py:188} INFO - [2026-05-23T11:36:09.984+0000] {dagbag.py:545} INFO - Filling up the DagBag from /home/vscode/.local/lib/python3.11/site-packages/airflow/example_dags/plugins/workday.py
[2026-05-23T11:36:10.240+0000] {processor.py:842} WARNING - No viable dags retrieved from /home/vscode/.local/lib/python3.11/site-packages/airflow/example_dags/plugins/workday.py
[2026-05-23T11:36:10.247+0000] {processor.py:183} INFO - Processing /home/vscode/.local/lib/python3.11/site-packages/airflow/example_dags/plugins/workday.py took 0.271 seconds
[2026-05-23T11:36:53.267+0000] {processor.py:161} INFO - Started process (PID=9933) to work on /home/vscode/.local/lib/python3.11/site-packages/airflow/example_dags/plugins/workday.py
[2026-05-23T11:36:53.268+0000] {processor.py:830} INFO - Processing file /home/vscode/.local/lib/python3.11/site-packages/airflow/example_dags/plugins/workday.py for tasks to queue
[2026-05-23T11:36:53.268+0000] {logging_mixin.py:188} INFO - [2026-05-23T11:36:53.268+0000] {dagbag.py:545} INFO - Filling up the DagBag from /home/vscode/.local/lib/python3.11/site-packages/airflow/example_dags/plugins/workday.py
[2026-05-23T11:36:53.558+0000] {processor.py:842} WARNING - No viable dags retrieved from /home/vscode/.local/lib/python3.11/site-packages/airflow/example_dags/plugins/workday.py
[2026-05-23T11:36:53.565+0000] {processor.py:183} INFO - Processing /home/vscode/.local/lib/python3.11/site-packages/airflow/example_dags/plugins/workday.py took 0.309 seconds
[2026-05-23T11:37:40.336+0000] {processor.py:161} INFO - Started process (PID=10342) to work on /home/vscode/.local/lib/python3.11/site-packages/airflow/example_dags/plugins/workday.py
[2026-05-23T11:37:40.336+0000] {processor.py:830} INFO - Processing file /home/vscode/.local/lib/python3.11/site-packages/airflow/example_dags/plugins/workday.py for tasks to queue
[2026-05-23T11:37:40.337+0000] {logging_mixin.py:188} INFO - [2026-05-23T11:37:40.337+0000] {dagbag.py:545} INFO - Filling up the DagBag from /home/vscode/.local/lib/python3.11/site-packages/airflow/example_dags/plugins/workday.py
[2026-05-23T11:37:40.597+0000] {processor.py:842} WARNING - No viable dags retrieved from /home/vscode/.local/lib/python3.11/site-packages/airflow/example_dags/plugins/workday.py
[2026-05-23T11:37:40.604+0000] {processor.py:183} INFO - Processing /home/vscode/.local/lib/python3.11/site-packages/airflow/example_dags/plugins/workday.py took 0.274 seconds
[2026-05-23T11:38:22.045+0000] {processor.py:161} INFO - Started process (PID=10679) to work on /home/vscode/.local/lib/python3.11/site-packages/airflow/example_dags/plugins/workday.py
[2026-05-23T11:38:22.046+0000] {processor.py:830} INFO - Processing file /home/vscode/.local/lib/python3.11/site-packages/airflow/example_dags/plugins/workday.py for tasks to queue
[2026-05-23T11:38:22.047+0000] {logging_mixin.py:188} INFO - [2026-05-23T11:38:22.046+0000] {dagbag.py:545} INFO - Filling up the DagBag from /home/vscode/.local/lib/python3.11/site-packages/airflow/example_dags/plugins/workday.py
[2026-05-23T11:38:22.308+0000] {processor.py:842} WARNING - No viable dags retrieved from /home/vscode/.local/lib/python3.11/site-packages/airflow/example_dags/plugins/workday.py
[2026-05-23T11:38:22.320+0000] {processor.py:183} INFO - Processing /home/vscode/.local/lib/python3.11/site-packages/airflow/example_dags/plugins/workday.py took 0.281 seconds
[2026-05-23T11:39:02.537+0000] {processor.py:161} INFO - Started process (PID=11033) to work on /home/vscode/.local/lib/python3.11/site-packages/airflow/example_dags/plugins/workday.py
[2026-05-23T11:39:02.537+0000] {processor.py:830} INFO - Processing file /home/vscode/.local/lib/python3.11/site-packages/airflow/example_dags/plugins/workday.py for tasks to queue
[2026-05-23T11:39:02.538+0000] {logging_mixin.py:188} INFO - [2026-05-23T11:39:02.537+0000] {dagbag.py:545} INFO - Filling up the DagBag from /home/vscode/.local/lib/python3.11/site-packages/airflow/example_dags/plugins/workday.py
[2026-05-23T11:39:02.795+0000] {processor.py:842} WARNING - No viable dags retrieved from /home/vscode/.local/lib/python3.11/site-packages/airflow/example_dags/plugins/workday.py
[2026-05-23T11:39:02.802+0000] {processor.py:183} INFO - Processing /home/vscode/.local/lib/python3.11/site-packages/airflow/example_dags/plugins/workday.py took 0.271 seconds
[2026-05-23T11:39:45.628+0000] {processor.py:161} INFO - Started process (PID=11424) to work on /home/vscode/.local/lib/python3.11/site-packages/airflow/example_dags/plugins/workday.py
[2026-05-23T11:39:45.629+0000] {processor.py:830} INFO - Processing file /home/vscode/.local/lib/python3.11/site-packages/airflow/example_dags/plugins/workday.py for tasks to queue
[2026-05-23T11:39:45.630+0000] {logging_mixin.py:188} INFO - [2026-05-23T11:39:45.629+0000] {dagbag.py:545} INFO - Filling up the DagBag from /home/vscode/.local/lib/python3.11/site-packages/airflow/example_dags/plugins/workday.py
[2026-05-23T11:39:45.891+0000] {processor.py:842} WARNING - No viable dags retrieved from /home/vscode/.local/lib/python3.11/site-packages/airflow/example_dags/plugins/workday.py
[2026-05-23T11:39:45.898+0000] {processor.py:183} INFO - Processing /home/vscode/.local/lib/python3.11/site-packages/airflow/example_dags/plugins/workday.py took 0.276 seconds
[2026-05-23T11:40:26.700+0000] {processor.py:161} INFO - Started process (PID=11799) to work on /home/vscode/.local/lib/python3.11/site-packages/airflow/example_dags/plugins/workday.py
[2026-05-23T11:40:26.701+0000] {processor.py:830} INFO - Processing file /home/vscode/.local/lib/python3.11/site-packages/airflow/example_dags/plugins/workday.py for tasks to queue
[2026-05-23T11:40:26.702+0000] {logging_mixin.py:188} INFO - [2026-05-23T11:40:26.701+0000] {dagbag.py:545} INFO - Filling up the DagBag from /home/vscode/.local/lib/python3.11/site-packages/airflow/example_dags/plugins/workday.py
[2026-05-23T11:40:27.017+0000] {processor.py:842} WARNING - No viable dags retrieved from /home/vscode/.local/lib/python3.11/site-packages/airflow/example_dags/plugins/workday.py
[2026-05-23T11:40:27.026+0000] {processor.py:183} INFO - Processing /home/vscode/.local/lib/python3.11/site-packages/airflow/example_dags/plugins/workday.py took 0.332 seconds
[2026-05-23T11:41:10.404+0000] {processor.py:161} INFO - Started process (PID=12137) to work on /home/vscode/.local/lib/python3.11/site-packages/airflow/example_dags/plugins/workday.py
[2026-05-23T11:41:10.405+0000] {processor.py:830} INFO - Processing file /home/vscode/.local/lib/python3.11/site-packages/airflow/example_dags/plugins/workday.py for tasks to queue
[2026-05-23T11:41:10.405+0000] {logging_mixin.py:188} INFO - [2026-05-23T11:41:10.405+0000] {dagbag.py:545} INFO - Filling up the DagBag from /home/vscode/.local/lib/python3.11/site-packages/airflow/example_dags/plugins/workday.py
[2026-05-23T11:41:10.673+0000] {processor.py:842} WARNING - No viable dags retrieved from /home/vscode/.local/lib/python3.11/site-packages/airflow/example_dags/plugins/workday.py
[2026-05-23T11:41:10.680+0000] {processor.py:183} INFO - Processing /home/vscode/.local/lib/python3.11/site-packages/airflow/example_dags/plugins/workday.py took 0.282 seconds
[2026-05-23T11:41:52.534+0000] {processor.py:161} INFO - Started process (PID=12586) to work on /home/vscode/.local/lib/python3.11/site-packages/airflow/example_dags/plugins/workday.py
[2026-05-23T11:41:52.534+0000] {processor.py:830} INFO - Processing file /home/vscode/.local/lib/python3.11/site-packages/airflow/example_dags/plugins/workday.py for tasks to queue
[2026-05-23T11:41:52.535+0000] {logging_mixin.py:188} INFO - [2026-05-23T11:41:52.534+0000] {dagbag.py:545} INFO - Filling up the DagBag from /home/vscode/.local/lib/python3.11/site-packages/airflow/example_dags/plugins/workday.py
[2026-05-23T11:41:52.792+0000] {processor.py:842} WARNING - No viable dags retrieved from /home/vscode/.local/lib/python3.11/site-packages/airflow/example_dags/plugins/workday.py
[2026-05-23T11:41:52.799+0000] {processor.py:183} INFO - Processing /home/vscode/.local/lib/python3.11/site-packages/airflow/example_dags/plugins/workday.py took 0.271 seconds
[2026-05-23T11:42:35.599+0000] {processor.py:161} INFO - Started process (PID=12981) to work on /home/vscode/.local/lib/python3.11/site-packages/airflow/example_dags/plugins/workday.py
[2026-05-23T11:42:35.599+0000] {processor.py:830} INFO - Processing file /home/vscode/.local/lib/python3.11/site-packages/airflow/example_dags/plugins/workday.py for tasks to queue
[2026-05-23T11:42:35.600+0000] {logging_mixin.py:188} INFO - [2026-05-23T11:42:35.600+0000] {dagbag.py:545} INFO - Filling up the DagBag from /home/vscode/.local/lib/python3.11/site-packages/airflow/example_dags/plugins/workday.py
[2026-05-23T11:42:35.890+0000] {processor.py:842} WARNING - No viable dags retrieved from /home/vscode/.local/lib/python3.11/site-packages/airflow/example_dags/plugins/workday.py
[2026-05-23T11:42:35.897+0000] {processor.py:183} INFO - Processing /home/vscode/.local/lib/python3.11/site-packages/airflow/example_dags/plugins/workday.py took 0.304 seconds
[2026-05-23T11:43:20.414+0000] {processor.py:161} INFO - Started process (PID=13327) to work on /home/vscode/.local/lib/python3.11/site-packages/airflow/example_dags/plugins/workday.py
[2026-05-23T11:43:20.414+0000] {processor.py:830} INFO - Processing file /home/vscode/.local/lib/python3.11/site-packages/airflow/example_dags/plugins/workday.py for tasks to queue
[2026-05-23T11:43:20.415+0000] {logging_mixin.py:188} INFO - [2026-05-23T11:43:20.414+0000] {dagbag.py:545} INFO - Filling up the DagBag from /home/vscode/.local/lib/python3.11/site-packages/airflow/example_dags/plugins/workday.py
[2026-05-23T11:43:20.742+0000] {processor.py:842} WARNING - No viable dags retrieved from /home/vscode/.local/lib/python3.11/site-packages/airflow/example_dags/plugins/workday.py
[2026-05-23T11:43:20.748+0000] {processor.py:183} INFO - Processing /home/vscode/.local/lib/python3.11/site-packages/airflow/example_dags/plugins/workday.py took 0.341 seconds
[2026-05-23T11:44:04.517+0000] {processor.py:161} INFO - Started process (PID=13730) to work on /home/vscode/.local/lib/python3.11/site-packages/airflow/example_dags/plugins/workday.py
[2026-05-23T11:44:04.518+0000] {processor.py:830} INFO - Processing file /home/vscode/.local/lib/python3.11/site-packages/airflow/example_dags/plugins/workday.py for tasks to queue
[2026-05-23T11:44:04.518+0000] {logging_mixin.py:188} INFO - [2026-05-23T11:44:04.518+0000] {dagbag.py:545} INFO - Filling up the DagBag from /home/vscode/.local/lib/python3.11/site-packages/airflow/example_dags/plugins/workday.py
[2026-05-23T11:44:04.773+0000] {processor.py:842} WARNING - No viable dags retrieved from /home/vscode/.local/lib/python3.11/site-packages/airflow/example_dags/plugins/workday.py
[2026-05-23T11:44:04.780+0000] {processor.py:183} INFO - Processing /home/vscode/.local/lib/python3.11/site-packages/airflow/example_dags/plugins/workday.py took 0.269 seconds
[2026-05-23T11:44:46.842+0000] {processor.py:161} INFO - Started process (PID=14123) to work on /home/vscode/.local/lib/python3.11/site-packages/airflow/example_dags/plugins/workday.py
[2026-05-23T11:44:46.843+0000] {processor.py:830} INFO - Processing file /home/vscode/.local/lib/python3.11/site-packages/airflow/example_dags/plugins/workday.py for tasks to queue
[2026-05-23T11:44:46.844+0000] {logging_mixin.py:188} INFO - [2026-05-23T11:44:46.844+0000] {dagbag.py:545} INFO - Filling up the DagBag from /home/vscode/.local/lib/python3.11/site-packages/airflow/example_dags/plugins/workday.py
[2026-05-23T11:44:47.122+0000] {processor.py:842} WARNING - No viable dags retrieved from /home/vscode/.local/lib/python3.11/site-packages/airflow/example_dags/plugins/workday.py
[2026-05-23T11:44:47.129+0000] {processor.py:183} INFO - Processing /home/vscode/.local/lib/python3.11/site-packages/airflow/example_dags/plugins/workday.py took 0.294 seconds
[2026-05-23T11:45:32.113+0000] {processor.py:161} INFO - Started process (PID=14603) to work on /home/vscode/.local/lib/python3.11/site-packages/airflow/example_dags/plugins/workday.py
[2026-05-23T11:45:32.114+0000] {processor.py:830} INFO - Processing file /home/vscode/.local/lib/python3.11/site-packages/airflow/example_dags/plugins/workday.py for tasks to queue
[2026-05-23T11:45:32.115+0000] {logging_mixin.py:188} INFO - [2026-05-23T11:45:32.114+0000] {dagbag.py:545} INFO - Filling up the DagBag from /home/vscode/.local/lib/python3.11/site-packages/airflow/example_dags/plugins/workday.py
[2026-05-23T11:45:32.475+0000] {processor.py:842} WARNING - No viable dags retrieved from /home/vscode/.local/lib/python3.11/site-packages/airflow/example_dags/plugins/workday.py
[2026-05-23T11:45:32.489+0000] {processor.py:183} INFO - Processing /home/vscode/.local/lib/python3.11/site-packages/airflow/example_dags/plugins/workday.py took 0.381 seconds
[2026-05-23T11:46:12.666+0000] {processor.py:161} INFO - Started process (PID=15047) to work on /home/vscode/.local/lib/python3.11/site-packages/airflow/example_dags/plugins/workday.py
[2026-05-23T11:46:12.667+0000] {processor.py:830} INFO - Processing file /home/vscode/.local/lib/python3.11/site-packages/airflow/example_dags/plugins/workday.py for tasks to queue
[2026-05-23T11:46:12.668+0000] {logging_mixin.py:188} INFO - [2026-05-23T11:46:12.667+0000] {dagbag.py:545} INFO - Filling up the DagBag from /home/vscode/.local/lib/python3.11/site-packages/airflow/example_dags/plugins/workday.py
[2026-05-23T11:46:12.949+0000] {processor.py:842} WARNING - No viable dags retrieved from /home/vscode/.local/lib/python3.11/site-packages/airflow/example_dags/plugins/workday.py
[2026-05-23T11:46:12.956+0000] {processor.py:183} INFO - Processing /home/vscode/.local/lib/python3.11/site-packages/airflow/example_dags/plugins/workday.py took 0.299 seconds
[2026-05-23T11:46:52.118+0000] {processor.py:161} INFO - Started process (PID=15493) to work on /home/vscode/.local/lib/python3.11/site-packages/airflow/example_dags/plugins/workday.py
[2026-05-23T11:46:52.119+0000] {processor.py:830} INFO - Processing file /home/vscode/.local/lib/python3.11/site-packages/airflow/example_dags/plugins/workday.py for tasks to queue
[2026-05-23T11:46:52.119+0000] {logging_mixin.py:188} INFO - [2026-05-23T11:46:52.119+0000] {dagbag.py:545} INFO - Filling up the DagBag from /home/vscode/.local/lib/python3.11/site-packages/airflow/example_dags/plugins/workday.py
[2026-05-23T11:46:52.407+0000] {processor.py:842} WARNING - No viable dags retrieved from /home/vscode/.local/lib/python3.11/site-packages/airflow/example_dags/plugins/workday.py
[2026-05-23T11:46:52.416+0000] {processor.py:183} INFO - Processing /home/vscode/.local/lib/python3.11/site-packages/airflow/example_dags/plugins/workday.py took 0.304 seconds
[2026-05-23T11:47:33.098+0000] {processor.py:161} INFO - Started process (PID=15873) to work on /home/vscode/.local/lib/python3.11/site-packages/airflow/example_dags/plugins/workday.py
[2026-05-23T11:47:33.098+0000] {processor.py:830} INFO - Processing file /home/vscode/.local/lib/python3.11/site-packages/airflow/example_dags/plugins/workday.py for tasks to queue
[2026-05-23T11:47:33.099+0000] {logging_mixin.py:188} INFO - [2026-05-23T11:47:33.099+0000] {dagbag.py:545} INFO - Filling up the DagBag from /home/vscode/.local/lib/python3.11/site-packages/airflow/example_dags/plugins/workday.py
[2026-05-23T11:47:33.379+0000] {processor.py:842} WARNING - No viable dags retrieved from /home/vscode/.local/lib/python3.11/site-packages/airflow/example_dags/plugins/workday.py
[2026-05-23T11:47:33.388+0000] {processor.py:183} INFO - Processing /home/vscode/.local/lib/python3.11/site-packages/airflow/example_dags/plugins/workday.py took 0.300 seconds
[2026-05-23T11:48:17.345+0000] {processor.py:161} INFO - Started process (PID=16214) to work on /home/vscode/.local/lib/python3.11/site-packages/airflow/example_dags/plugins/workday.py
[2026-05-23T11:48:17.346+0000] {processor.py:830} INFO - Processing file /home/vscode/.local/lib/python3.11/site-packages/airflow/example_dags/plugins/workday.py for tasks to queue
[2026-05-23T11:48:17.346+0000] {logging_mixin.py:188} INFO - [2026-05-23T11:48:17.346+0000] {dagbag.py:545} INFO - Filling up the DagBag from /home/vscode/.local/lib/python3.11/site-packages/airflow/example_dags/plugins/workday.py
[2026-05-23T11:48:17.601+0000] {processor.py:842} WARNING - No viable dags retrieved from /home/vscode/.local/lib/python3.11/site-packages/airflow/example_dags/plugins/workday.py
[2026-05-23T11:48:17.608+0000] {processor.py:183} INFO - Processing /home/vscode/.local/lib/python3.11/site-packages/airflow/example_dags/plugins/workday.py took 0.269 seconds
[2026-05-23T11:48:55.629+0000] {processor.py:161} INFO - Started process (PID=16645) to work on /home/vscode/.local/lib/python3.11/site-packages/airflow/example_dags/plugins/workday.py
[2026-05-23T11:48:55.630+0000] {processor.py:830} INFO - Processing file /home/vscode/.local/lib/python3.11/site-packages/airflow/example_dags/plugins/workday.py for tasks to queue
[2026-05-23T11:48:55.630+0000] {logging_mixin.py:188} INFO - [2026-05-23T11:48:55.630+0000] {dagbag.py:545} INFO - Filling up the DagBag from /home/vscode/.local/lib/python3.11/site-packages/airflow/example_dags/plugins/workday.py
[2026-05-23T11:48:55.894+0000] {processor.py:842} WARNING - No viable dags retrieved from /home/vscode/.local/lib/python3.11/site-packages/airflow/example_dags/plugins/workday.py
[2026-05-23T11:48:55.901+0000] {processor.py:183} INFO - Processing /home/vscode/.local/lib/python3.11/site-packages/airflow/example_dags/plugins/workday.py took 0.277 seconds
[2026-05-23T11:49:39.167+0000] {processor.py:161} INFO - Started process (PID=17048) to work on /home/vscode/.local/lib/python3.11/site-packages/airflow/example_dags/plugins/workday.py
[2026-05-23T11:49:39.168+0000] {processor.py:830} INFO - Processing file /home/vscode/.local/lib/python3.11/site-packages/airflow/example_dags/plugins/workday.py for tasks to queue
[2026-05-23T11:49:39.169+0000] {logging_mixin.py:188} INFO - [2026-05-23T11:49:39.168+0000] {dagbag.py:545} INFO - Filling up the DagBag from /home/vscode/.local/lib/python3.11/site-packages/airflow/example_dags/plugins/workday.py
[2026-05-23T11:49:39.451+0000] {processor.py:842} WARNING - No viable dags retrieved from /home/vscode/.local/lib/python3.11/site-packages/airflow/example_dags/plugins/workday.py
[2026-05-23T11:49:39.457+0000] {processor.py:183} INFO - Processing /home/vscode/.local/lib/python3.11/site-packages/airflow/example_dags/plugins/workday.py took 0.296 seconds
[2026-05-23T11:50:22.289+0000] {processor.py:161} INFO - Started process (PID=17787) to work on /home/vscode/.local/lib/python3.11/site-packages/airflow/example_dags/plugins/workday.py
[2026-05-23T11:50:22.290+0000] {processor.py:830} INFO - Processing file /home/vscode/.local/lib/python3.11/site-packages/airflow/example_dags/plugins/workday.py for tasks to queue
[2026-05-23T11:50:22.290+0000] {logging_mixin.py:188} INFO - [2026-05-23T11:50:22.290+0000] {dagbag.py:545} INFO - Filling up the DagBag from /home/vscode/.local/lib/python3.11/site-packages/airflow/example_dags/plugins/workday.py
[2026-05-23T11:50:22.565+0000] {processor.py:842} WARNING - No viable dags retrieved from /home/vscode/.local/lib/python3.11/site-packages/airflow/example_dags/plugins/workday.py
[2026-05-23T11:50:22.571+0000] {processor.py:183} INFO - Processing /home/vscode/.local/lib/python3.11/site-packages/airflow/example_dags/plugins/workday.py took 0.292 seconds
[2026-05-23T11:51:03.896+0000] {processor.py:161} INFO - Started process (PID=18392) to work on /home/vscode/.local/lib/python3.11/site-packages/airflow/example_dags/plugins/workday.py
[2026-05-23T11:51:03.897+0000] {processor.py:830} INFO - Processing file /home/vscode/.local/lib/python3.11/site-packages/airflow/example_dags/plugins/workday.py for tasks to queue
[2026-05-23T11:51:03.898+0000] {logging_mixin.py:188} INFO - [2026-05-23T11:51:03.898+0000] {dagbag.py:545} INFO - Filling up the DagBag from /home/vscode/.local/lib/python3.11/site-packages/airflow/example_dags/plugins/workday.py
[2026-05-23T11:51:04.364+0000] {processor.py:842} WARNING - No viable dags retrieved from /home/vscode/.local/lib/python3.11/site-packages/airflow/example_dags/plugins/workday.py
[2026-05-23T11:51:04.374+0000] {processor.py:183} INFO - Processing /home/vscode/.local/lib/python3.11/site-packages/airflow/example_dags/plugins/workday.py took 0.488 seconds
[2026-05-23T11:51:44.363+0000] {processor.py:161} INFO - Started process (PID=18807) to work on /home/vscode/.local/lib/python3.11/site-packages/airflow/example_dags/plugins/workday.py
[2026-05-23T11:51:44.364+0000] {processor.py:830} INFO - Processing file /home/vscode/.local/lib/python3.11/site-packages/airflow/example_dags/plugins/workday.py for tasks to queue
[2026-05-23T11:51:44.365+0000] {logging_mixin.py:188} INFO - [2026-05-23T11:51:44.364+0000] {dagbag.py:545} INFO - Filling up the DagBag from /home/vscode/.local/lib/python3.11/site-packages/airflow/example_dags/plugins/workday.py
[2026-05-23T11:51:44.642+0000] {processor.py:842} WARNING - No viable dags retrieved from /home/vscode/.local/lib/python3.11/site-packages/airflow/example_dags/plugins/workday.py
[2026-05-23T11:51:44.649+0000] {processor.py:183} INFO - Processing /home/vscode/.local/lib/python3.11/site-packages/airflow/example_dags/plugins/workday.py took 0.298 seconds
[2026-05-23T11:52:26.140+0000] {processor.py:161} INFO - Started process (PID=19194) to work on /home/vscode/.local/lib/python3.11/site-packages/airflow/example_dags/plugins/workday.py
[2026-05-23T11:52:26.141+0000] {processor.py:830} INFO - Processing file /home/vscode/.local/lib/python3.11/site-packages/airflow/example_dags/plugins/workday.py for tasks to queue
[2026-05-23T11:52:26.141+0000] {logging_mixin.py:188} INFO - [2026-05-23T11:52:26.141+0000] {dagbag.py:545} INFO - Filling up the DagBag from /home/vscode/.local/lib/python3.11/site-packages/airflow/example_dags/plugins/workday.py
[2026-05-23T11:52:26.427+0000] {processor.py:842} WARNING - No viable dags retrieved from /home/vscode/.local/lib/python3.11/site-packages/airflow/example_dags/plugins/workday.py
[2026-05-23T11:52:26.434+0000] {processor.py:183} INFO - Processing /home/vscode/.local/lib/python3.11/site-packages/airflow/example_dags/plugins/workday.py took 0.300 seconds
[2026-05-23T11:53:03.534+0000] {processor.py:161} INFO - Started process (PID=19584) to work on /home/vscode/.local/lib/python3.11/site-packages/airflow/example_dags/plugins/workday.py
[2026-05-23T11:53:03.535+0000] {processor.py:830} INFO - Processing file /home/vscode/.local/lib/python3.11/site-packages/airflow/example_dags/plugins/workday.py for tasks to queue
[2026-05-23T11:53:03.535+0000] {logging_mixin.py:188} INFO - [2026-05-23T11:53:03.535+0000] {dagbag.py:545} INFO - Filling up the DagBag from /home/vscode/.local/lib/python3.11/site-packages/airflow/example_dags/plugins/workday.py
[2026-05-23T11:53:03.791+0000] {processor.py:842} WARNING - No viable dags retrieved from /home/vscode/.local/lib/python3.11/site-packages/airflow/example_dags/plugins/workday.py
[2026-05-23T11:53:03.798+0000] {processor.py:183} INFO - Processing /home/vscode/.local/lib/python3.11/site-packages/airflow/example_dags/plugins/workday.py took 0.270 seconds
[2026-05-23T11:53:43.532+0000] {processor.py:161} INFO - Started process (PID=20096) to work on /home/vscode/.local/lib/python3.11/site-packages/airflow/example_dags/plugins/workday.py
[2026-05-23T11:53:43.533+0000] {processor.py:830} INFO - Processing file /home/vscode/.local/lib/python3.11/site-packages/airflow/example_dags/plugins/workday.py for tasks to queue
[2026-05-23T11:53:43.533+0000] {logging_mixin.py:188} INFO - [2026-05-23T11:53:43.533+0000] {dagbag.py:545} INFO - Filling up the DagBag from /home/vscode/.local/lib/python3.11/site-packages/airflow/example_dags/plugins/workday.py
[2026-05-23T11:53:43.817+0000] {processor.py:842} WARNING - No viable dags retrieved from /home/vscode/.local/lib/python3.11/site-packages/airflow/example_dags/plugins/workday.py
[2026-05-23T11:53:43.824+0000] {processor.py:183} INFO - Processing /home/vscode/.local/lib/python3.11/site-packages/airflow/example_dags/plugins/workday.py took 0.298 seconds
[2026-05-23T11:54:27.544+0000] {processor.py:161} INFO - Started process (PID=20774) to work on /home/vscode/.local/lib/python3.11/site-packages/airflow/example_dags/plugins/workday.py
[2026-05-23T11:54:27.547+0000] {processor.py:830} INFO - Processing file /home/vscode/.local/lib/python3.11/site-packages/airflow/example_dags/plugins/workday.py for tasks to queue
[2026-05-23T11:54:27.548+0000] {logging_mixin.py:188} INFO - [2026-05-23T11:54:27.548+0000] {dagbag.py:545} INFO - Filling up the DagBag from /home/vscode/.local/lib/python3.11/site-packages/airflow/example_dags/plugins/workday.py
[2026-05-23T11:54:28.056+0000] {processor.py:842} WARNING - No viable dags retrieved from /home/vscode/.local/lib/python3.11/site-packages/airflow/example_dags/plugins/workday.py
[2026-05-23T11:54:28.064+0000] {processor.py:183} INFO - Processing /home/vscode/.local/lib/python3.11/site-packages/airflow/example_dags/plugins/workday.py took 0.530 seconds
[2026-05-23T11:55:16.742+0000] {processor.py:161} INFO - Started process (PID=21406) to work on /home/vscode/.local/lib/python3.11/site-packages/airflow/example_dags/plugins/workday.py
[2026-05-23T11:55:16.743+0000] {processor.py:830} INFO - Processing file /home/vscode/.local/lib/python3.11/site-packages/airflow/example_dags/plugins/workday.py for tasks to queue
[2026-05-23T11:55:16.744+0000] {logging_mixin.py:188} INFO - [2026-05-23T11:55:16.744+0000] {dagbag.py:545} INFO - Filling up the DagBag from /home/vscode/.local/lib/python3.11/site-packages/airflow/example_dags/plugins/workday.py
[2026-05-23T11:55:17.207+0000] {processor.py:842} WARNING - No viable dags retrieved from /home/vscode/.local/lib/python3.11/site-packages/airflow/example_dags/plugins/workday.py
[2026-05-23T11:55:17.219+0000] {processor.py:183} INFO - Processing /home/vscode/.local/lib/python3.11/site-packages/airflow/example_dags/plugins/workday.py took 0.486 seconds
[2026-05-23T11:56:07.480+0000] {processor.py:161} INFO - Started process (PID=22068) to work on /home/vscode/.local/lib/python3.11/site-packages/airflow/example_dags/plugins/workday.py
[2026-05-23T11:56:07.486+0000] {processor.py:830} INFO - Processing file /home/vscode/.local/lib/python3.11/site-packages/airflow/example_dags/plugins/workday.py for tasks to queue
[2026-05-23T11:56:07.487+0000] {logging_mixin.py:188} INFO - [2026-05-23T11:56:07.486+0000] {dagbag.py:545} INFO - Filling up the DagBag from /home/vscode/.local/lib/python3.11/site-packages/airflow/example_dags/plugins/workday.py
[2026-05-23T11:56:08.235+0000] {processor.py:842} WARNING - No viable dags retrieved from /home/vscode/.local/lib/python3.11/site-packages/airflow/example_dags/plugins/workday.py
[2026-05-23T11:56:08.263+0000] {processor.py:183} INFO - Processing /home/vscode/.local/lib/python3.11/site-packages/airflow/example_dags/plugins/workday.py took 0.805 seconds
[2026-05-23T11:56:55.995+0000] {processor.py:161} INFO - Started process (PID=22655) to work on /home/vscode/.local/lib/python3.11/site-packages/airflow/example_dags/plugins/workday.py
[2026-05-23T11:56:55.996+0000] {processor.py:830} INFO - Processing file /home/vscode/.local/lib/python3.11/site-packages/airflow/example_dags/plugins/workday.py for tasks to queue
[2026-05-23T11:56:55.996+0000] {logging_mixin.py:188} INFO - [2026-05-23T11:56:55.996+0000] {dagbag.py:545} INFO - Filling up the DagBag from /home/vscode/.local/lib/python3.11/site-packages/airflow/example_dags/plugins/workday.py
[2026-05-23T11:56:56.677+0000] {processor.py:842} WARNING - No viable dags retrieved from /home/vscode/.local/lib/python3.11/site-packages/airflow/example_dags/plugins/workday.py
[2026-05-23T11:56:56.684+0000] {processor.py:183} INFO - Processing /home/vscode/.local/lib/python3.11/site-packages/airflow/example_dags/plugins/workday.py took 0.716 seconds
[2026-05-23T11:57:47.241+0000] {processor.py:161} INFO - Started process (PID=23118) to work on /home/vscode/.local/lib/python3.11/site-packages/airflow/example_dags/plugins/workday.py
[2026-05-23T11:57:47.242+0000] {processor.py:830} INFO - Processing file /home/vscode/.local/lib/python3.11/site-packages/airflow/example_dags/plugins/workday.py for tasks to queue
[2026-05-23T11:57:47.243+0000] {logging_mixin.py:188} INFO - [2026-05-23T11:57:47.242+0000] {dagbag.py:545} INFO - Filling up the DagBag from /home/vscode/.local/lib/python3.11/site-packages/airflow/example_dags/plugins/workday.py
[2026-05-23T11:57:47.905+0000] {processor.py:842} WARNING - No viable dags retrieved from /home/vscode/.local/lib/python3.11/site-packages/airflow/example_dags/plugins/workday.py
[2026-05-23T11:57:47.913+0000] {processor.py:183} INFO - Processing /home/vscode/.local/lib/python3.11/site-packages/airflow/example_dags/plugins/workday.py took 0.691 seconds
[2026-05-23T11:58:35.564+0000] {processor.py:161} INFO - Started process (PID=23614) to work on /home/vscode/.local/lib/python3.11/site-packages/airflow/example_dags/plugins/workday.py
[2026-05-23T11:58:35.565+0000] {processor.py:830} INFO - Processing file /home/vscode/.local/lib/python3.11/site-packages/airflow/example_dags/plugins/workday.py for tasks to queue
[2026-05-23T11:58:35.566+0000] {logging_mixin.py:188} INFO - [2026-05-23T11:58:35.566+0000] {dagbag.py:545} INFO - Filling up the DagBag from /home/vscode/.local/lib/python3.11/site-packages/airflow/example_dags/plugins/workday.py
[2026-05-23T11:58:36.520+0000] {processor.py:842} WARNING - No viable dags retrieved from /home/vscode/.local/lib/python3.11/site-packages/airflow/example_dags/plugins/workday.py
[2026-05-23T11:58:36.528+0000] {processor.py:183} INFO - Processing /home/vscode/.local/lib/python3.11/site-packages/airflow/example_dags/plugins/workday.py took 0.976 seconds
[2026-05-23T12:11:21.785+0000] {processor.py:161} INFO - Started process (PID=32275) to work on /home/vscode/.local/lib/python3.11/site-packages/airflow/example_dags/plugins/workday.py
[2026-05-23T12:11:21.786+0000] {processor.py:830} INFO - Processing file /home/vscode/.local/lib/python3.11/site-packages/airflow/example_dags/plugins/workday.py for tasks to queue
[2026-05-23T12:11:21.787+0000] {logging_mixin.py:188} INFO - [2026-05-23T12:11:21.787+0000] {dagbag.py:545} INFO - Filling up the DagBag from /home/vscode/.local/lib/python3.11/site-packages/airflow/example_dags/plugins/workday.py
[2026-05-23T12:11:22.630+0000] {processor.py:842} WARNING - No viable dags retrieved from /home/vscode/.local/lib/python3.11/site-packages/airflow/example_dags/plugins/workday.py
[2026-05-23T12:11:22.637+0000] {processor.py:183} INFO - Processing /home/vscode/.local/lib/python3.11/site-packages/airflow/example_dags/plugins/workday.py took 0.859 seconds
